WARNING: [vitis-run 60-2507] Dispatch failed to load the system diagram library librdi_system_diagram. Diagrams will not be produced.
  **** HLS Build v2025.1 6135595
INFO: [HLS 200-2005] Using work_dir /home/luka/Scripting/ELEC_498-Capstone-LiteLM/vitis_simulations/Scheduler_FSM/Scheduler_FSM_head_helpers/Head_Helpers_and_dma/drive_group_head_phase 
INFO: [HLS 200-2176] Writing Vitis IDE component file /home/luka/Scripting/ELEC_498-Capstone-LiteLM/vitis_simulations/Scheduler_FSM/Scheduler_FSM_head_helpers/Head_Helpers_and_dma/drive_group_head_phase/vitis-comp.json
INFO: [HLS 200-10] Creating and opening component '/home/luka/Scripting/ELEC_498-Capstone-LiteLM/vitis_simulations/Scheduler_FSM/Scheduler_FSM_head_helpers/Head_Helpers_and_dma/drive_group_head_phase'.
INFO: [HLS 200-1505] Using default flow_target 'vivado'
Resolution: For help on HLS 200-1505 see docs.xilinx.com/access/sources/dita/topic?Doc_Version=2025.1%20English&url=ug1448-hls-guidance&resourceid=200-1505.html
INFO: [HLS 200-2174] Applying component config ini file /home/luka/Scripting/ELEC_498-Capstone-LiteLM/vitis_simulations/Scheduler_FSM/Scheduler_FSM_head_helpers/Head_Helpers_and_dma/hls_config.cfg
INFO: [HLS 200-1465] Applying config ini 'syn.file=/home/luka/Scripting/ELEC_498-Capstone-LiteLM/HLS-Verilog/Scheduler_FSM/src-hls/Head_Helpers/head_helpers.hpp' from /home/luka/Scripting/ELEC_498-Capstone-LiteLM/vitis_simulations/Scheduler_FSM/Scheduler_FSM_head_helpers/Head_Helpers_and_dma/hls_config.cfg(8)
INFO: [HLS 200-10] Adding design file '/home/luka/Scripting/ELEC_498-Capstone-LiteLM/HLS-Verilog/Scheduler_FSM/src-hls/Head_Helpers/head_helpers.hpp' to the project
INFO: [HLS 200-1465] Applying config ini 'syn.file=/home/luka/Scripting/ELEC_498-Capstone-LiteLM/HLS-Verilog/Scheduler_FSM/src-hls/Head_Helpers/head_helpers.cpp' from /home/luka/Scripting/ELEC_498-Capstone-LiteLM/vitis_simulations/Scheduler_FSM/Scheduler_FSM_head_helpers/Head_Helpers_and_dma/hls_config.cfg(9)
INFO: [HLS 200-10] Adding design file '/home/luka/Scripting/ELEC_498-Capstone-LiteLM/HLS-Verilog/Scheduler_FSM/src-hls/Head_Helpers/head_helpers.cpp' to the project
INFO: [HLS 200-1465] Applying config ini 'tb.file=/home/luka/Scripting/ELEC_498-Capstone-LiteLM/HLS-Verilog/Scheduler_FSM/src-hls/Head_Helpers/drive_head_phase_tb.cpp' from /home/luka/Scripting/ELEC_498-Capstone-LiteLM/vitis_simulations/Scheduler_FSM/Scheduler_FSM_head_helpers/Head_Helpers_and_dma/hls_config.cfg(10)
INFO: [HLS 200-10] Adding test bench file '/home/luka/Scripting/ELEC_498-Capstone-LiteLM/HLS-Verilog/Scheduler_FSM/src-hls/Head_Helpers/drive_head_phase_tb.cpp' to the project
INFO: [HLS 200-1465] Applying config ini 'syn.top=drive_group_head_phase' from /home/luka/Scripting/ELEC_498-Capstone-LiteLM/vitis_simulations/Scheduler_FSM/Scheduler_FSM_head_helpers/Head_Helpers_and_dma/hls_config.cfg(7)
INFO: [HLS 200-1465] Applying config ini 'flow_target=vivado' from /home/luka/Scripting/ELEC_498-Capstone-LiteLM/vitis_simulations/Scheduler_FSM/Scheduler_FSM_head_helpers/Head_Helpers_and_dma/hls_config.cfg(4)
INFO: [HLS 200-1505] Using flow_target 'vivado'
Resolution: For help on HLS 200-1505 see docs.xilinx.com/access/sources/dita/topic?Doc_Version=2025.1%20English&url=ug1448-hls-guidance&resourceid=200-1505.html
INFO: [HLS 200-1465] Applying config ini 'part=xck26-sfvc784-2LV-c' from /home/luka/Scripting/ELEC_498-Capstone-LiteLM/vitis_simulations/Scheduler_FSM/Scheduler_FSM_head_helpers/Head_Helpers_and_dma/hls_config.cfg(1)
INFO: [HLS 200-1611] Setting target device to 'xck26-sfvc784-2LV-c'
INFO: [HLS 200-1465] Applying config ini 'clock=10ns' from /home/luka/Scripting/ELEC_498-Capstone-LiteLM/vitis_simulations/Scheduler_FSM/Scheduler_FSM_head_helpers/Head_Helpers_and_dma/hls_config.cfg(11)
INFO: [SYN 201-201] Setting up clock 'default' with a period of 10ns.
INFO: [HLS 200-1465] Applying config ini 'package.output.format=ip_catalog' from /home/luka/Scripting/ELEC_498-Capstone-LiteLM/vitis_simulations/Scheduler_FSM/Scheduler_FSM_head_helpers/Head_Helpers_and_dma/hls_config.cfg(5)
INFO: [HLS 200-2176] Writing Vitis IDE component file /home/luka/Scripting/ELEC_498-Capstone-LiteLM/vitis_simulations/Scheduler_FSM/Scheduler_FSM_head_helpers/Head_Helpers_and_dma/drive_group_head_phase/vitis-comp.json
INFO: [SIM 211-2] *************** CSIM start ***************
INFO: [SIM 211-4] CSIM will launch CLANG as the compiler.
INFO: [HLS 200-2036] Building debug C Simulation binaries
   Compiling ../../../../../../../../HLS-Verilog/Scheduler_FSM/src-hls/Head_Helpers/drive_head_phase_tb.cpp in debug mode
../../../../../../../../HLS-Verilog/Scheduler_FSM/src-hls/Head_Helpers/drive_head_phase_tb.cpp:116:17: error: no matching function for call to 'init_head_ctx'
                init_head_ctx(group_ctx[lane], 0);
                ^~~~~~~~~~~~~
../../../../../../../../HLS-Verilog/Scheduler_FSM/src-hls/Head_Helpers/head_helpers.hpp:109:6: note: candidate function not viable: requires 3 arguments, but 2 were provided
void init_head_ctx(HeadCtx &ctx, int layer_idx, int head_idx);
     ^
1 error generated.
make: *** [csim.mk:88: obj/drive_head_phase_tb.o] Error 1
ERROR: [SIM 211-100] 'csim_design' failed: compilation error(s).
INFO: [SIM 211-3] *************** CSIM finish ***************
ERROR: 4
INFO: [HLS 200-112] Total CPU user time: 2.6 seconds. Total CPU system time: 0.75 seconds. Total elapsed time: 3.45 seconds; peak allocated memory: 445.086 MB.
