WARNING: [vitis-run 60-2507] Dispatch failed to load the system diagram library librdi_system_diagram. Diagrams will not be produced.
  **** HLS Build v2025.1 6135595
INFO: [HLS 200-2005] Using work_dir /home/luka/Scripting/ELEC_498-Capstone-LiteLM/vitis_simulations/Top_Module/Compute_Controller/compute_controller 
INFO: [HLS 200-2176] Writing Vitis IDE component file /home/luka/Scripting/ELEC_498-Capstone-LiteLM/vitis_simulations/Top_Module/Compute_Controller/compute_controller/vitis-comp.json
INFO: [HLS 200-10] Creating and opening component '/home/luka/Scripting/ELEC_498-Capstone-LiteLM/vitis_simulations/Top_Module/Compute_Controller/compute_controller'.
INFO: [HLS 200-1505] Using default flow_target 'vivado'
Resolution: For help on HLS 200-1505 see docs.xilinx.com/access/sources/dita/topic?Doc_Version=2025.1%20English&url=ug1448-hls-guidance&resourceid=200-1505.html
INFO: [HLS 200-2174] Applying component config ini file /home/luka/Scripting/ELEC_498-Capstone-LiteLM/vitis_simulations/Top_Module/Compute_Controller/hls_config.cfg
INFO: [HLS 200-1465] Applying config ini 'syn.file=/home/luka/Scripting/ELEC_498-Capstone-LiteLM/HLS-Verilog/Transformer_logic/src-hls/compute_controller.hpp' from /home/luka/Scripting/ELEC_498-Capstone-LiteLM/vitis_simulations/Top_Module/Compute_Controller/hls_config.cfg(8)
INFO: [HLS 200-10] Adding design file '/home/luka/Scripting/ELEC_498-Capstone-LiteLM/HLS-Verilog/Transformer_logic/src-hls/compute_controller.hpp' to the project
INFO: [HLS 200-1465] Applying config ini 'syn.file=/home/luka/Scripting/ELEC_498-Capstone-LiteLM/HLS-Verilog/Transformer_logic/src-hls/compute_controller.cpp' from /home/luka/Scripting/ELEC_498-Capstone-LiteLM/vitis_simulations/Top_Module/Compute_Controller/hls_config.cfg(9)
INFO: [HLS 200-10] Adding design file '/home/luka/Scripting/ELEC_498-Capstone-LiteLM/HLS-Verilog/Transformer_logic/src-hls/compute_controller.cpp' to the project
INFO: [HLS 200-1465] Applying config ini 'syn.file=/home/luka/Scripting/ELEC_498-Capstone-LiteLM/HLS-Verilog/top_params.hpp' from /home/luka/Scripting/ELEC_498-Capstone-LiteLM/vitis_simulations/Top_Module/Compute_Controller/hls_config.cfg(10)
INFO: [HLS 200-10] Adding design file '/home/luka/Scripting/ELEC_498-Capstone-LiteLM/HLS-Verilog/top_params.hpp' to the project
INFO: [HLS 200-1465] Applying config ini 'tb.file=/home/luka/Scripting/ELEC_498-Capstone-LiteLM/HLS-Verilog/Transformer_logic/src-hls/computer_controller_tb.cpp' from /home/luka/Scripting/ELEC_498-Capstone-LiteLM/vitis_simulations/Top_Module/Compute_Controller/hls_config.cfg(12)
INFO: [HLS 200-10] Adding test bench file '/home/luka/Scripting/ELEC_498-Capstone-LiteLM/HLS-Verilog/Transformer_logic/src-hls/computer_controller_tb.cpp' to the project
INFO: [HLS 200-1465] Applying config ini 'syn.top=compute_controller' from /home/luka/Scripting/ELEC_498-Capstone-LiteLM/vitis_simulations/Top_Module/Compute_Controller/hls_config.cfg(7)
INFO: [HLS 200-1465] Applying config ini 'flow_target=vivado' from /home/luka/Scripting/ELEC_498-Capstone-LiteLM/vitis_simulations/Top_Module/Compute_Controller/hls_config.cfg(4)
INFO: [HLS 200-1505] Using flow_target 'vivado'
Resolution: For help on HLS 200-1505 see docs.xilinx.com/access/sources/dita/topic?Doc_Version=2025.1%20English&url=ug1448-hls-guidance&resourceid=200-1505.html
INFO: [HLS 200-1465] Applying config ini 'part=xck26-sfvc784-2LV-c' from /home/luka/Scripting/ELEC_498-Capstone-LiteLM/vitis_simulations/Top_Module/Compute_Controller/hls_config.cfg(1)
INFO: [HLS 200-1611] Setting target device to 'xck26-sfvc784-2LV-c'
INFO: [HLS 200-1465] Applying config ini 'clock=10ns' from /home/luka/Scripting/ELEC_498-Capstone-LiteLM/vitis_simulations/Top_Module/Compute_Controller/hls_config.cfg(11)
INFO: [SYN 201-201] Setting up clock 'default' with a period of 10ns.
INFO: [HLS 200-1465] Applying config ini 'package.output.format=ip_catalog' from /home/luka/Scripting/ELEC_498-Capstone-LiteLM/vitis_simulations/Top_Module/Compute_Controller/hls_config.cfg(5)
INFO: [HLS 200-2176] Writing Vitis IDE component file /home/luka/Scripting/ELEC_498-Capstone-LiteLM/vitis_simulations/Top_Module/Compute_Controller/compute_controller/vitis-comp.json
INFO: [SIM 211-2] *************** CSIM start ***************
INFO: [SIM 211-4] CSIM will launch CLANG as the compiler.
INFO: [HLS 200-2036] Building debug C Simulation binaries
   Compiling ../../../../../../../HLS-Verilog/Transformer_logic/src-hls/computer_controller_tb.cpp in debug mode
   Generating csim.exe
D_MODEL=8 D_TILE_WO=2 NUM_WO_TILES=4
valueA[8]: 11 -34 57 -80 2 -25 48 -71
bias[8]: 7 7 7 7 7 7 7 7
weights[8][8]:
  out 0: 7 7 7 7 7 7 7 7
  out 1: 7 7 7 7 7 7 7 7
  out 2: 7 7 7 7 7 7 7 7
  out 3: 7 7 7 7 7 7 7 7
  out 4: 7 7 7 7 7 7 7 7
  out 5: 7 7 7 7 7 7 7 7
  out 6: 7 7 7 7 7 7 7 7
  out 7: 7 7 7 7 7 7 7 7
Cycle  Rst   Start Ready Done  Err    MRead  MWrite MDone  MOp        Instr      Op    Layer Head  Tile  State   ReqInstr   ReqOp    ReqL  ReqH  ReqT  MacS  MacR  MacC  Acc[0:7]
0      1     0     1     0     0      0      0      0      -          0x00000000 -          0     0     0     0       0x00000000 -        0     0     0     0     0     0    
1      1     0     1     0     0      0      0      0      -          0x00000000 -          0     0     0     0       0x00000000 -        0     0     0     0     0     0    
2      0     0     1     0     0      0      0      0      -          0x00000000 -          0     0     0     0       0x00000000 -        0     0     0     0     1     0    
in_buf (send)[129]:
  0000: 00 00 00 00 00 00 00 00 00 00 00 00 00 00 00 00
  0010: 00 00 00 00 00 00 00 00 00 00 00 00 00 00 00 00
  0020: 00 00 00 00 00 00 00 00 00 00 00 00 00 00 00 00
  0030: 00 00 00 00 00 00 00 00 00 00 00 00 00 00 00 00
  0040: 00 00 00 00 00 00 00 00 00 00 00 00 00 00 00 00
  0050: 00 00 00 00 00 00 00 00 00 00 00 00 00 00 00 00
  0060: 00 00 00 00 00 00 00 00 00 00 00 00 00 00 00 00
  0070: 00 00 00 00 00 00 00 00 00 00 00 00 00 00 00 00
  0080: 00
3      0     1     1     0     0      0      0      0      -          0x00ff010f OUT_PROJ   1     -1    0     1       0x00ff010f OUT_PROJ 1     -1    0     0     1     0    
4      0     0     0     0     0      0      0      0      -          0x00ff010f OUT_PROJ   1     -1    0     2       0x00ff010f OUT_PROJ 1     -1    0     0     1     0    
5      0     0     0     0     0      1      0      0      OUT_PROJ   0x00ff010f OUT_PROJ   1     -1    0     2       0x00ff010f OUT_PROJ 1     -1    0     0     1     0    
6      0     0     0     0     0      1      0      0      OUT_PROJ   0x00ff010f OUT_PROJ   1     -1    0     2       0x00ff010f OUT_PROJ 1     -1    0     0     1     0    
7      0     0     0     0     0      0      0      1      OUT_PROJ   0x00ff010f OUT_PROJ   1     -1    0     3       0x00ff010f OUT_PROJ 1     -1    0     0     1     0    
8      0     0     0     0     0      0      0      1      OUT_PROJ   0x00ff010f OUT_PROJ   1     -1    0     3       0x00ff010f OUT_PROJ 1     -1    0     1     0     0    
9      0     0     0     0     0      0      0      1      OUT_PROJ   0x00ff010f OUT_PROJ   1     -1    0     3       0x00ff010f OUT_PROJ 1     -1    0     0     0     1    
10     0     0     0     0     0      0      0      0      OUT_PROJ   0x00ff010f OUT_PROJ   1     -1    0     4       0x00ff010f OUT_PROJ 1     -1    0     0     1     0    
11     0     0     0     0     0      0      1      0      OUT_PROJ   0x00ff010f OUT_PROJ   1     -1    0     4       0x00ff010f OUT_PROJ 1     -1    0     0     1     0    
12     0     0     0     0     0      0      1      0      OUT_PROJ   0x00ff010f OUT_PROJ   1     -1    0     4       0x00ff010f OUT_PROJ 1     -1    0     0     1     0    
13     0     0     0     0     0      0      0      1      -          0x00ff010f OUT_PROJ   1     -1    0     5       0x00ff010f OUT_PROJ 1     -1    0     0     1     0    
out_buf (done)[44]:
  0000: 83 fd ff ff 83 fd ff ff 00 00 00 00 00 00 00 00
  0010: 00 00 00 00 00 00 00 00 00 00 00 00 00 00 00 00
  0020: 00 00 00 00 00 00 00 00 00 00 00 00
14     0     0     0     1     0      0      0      1      -          0x00ff010f OUT_PROJ   1     -1    0     0       0x00000000 -        0     0     0     0     1     0    
15     0     0     1     0     0      0      0      1      -          0x00ff010f OUT_PROJ   1     -1    0     0       0x00000000 -        0     0     0     0     1     0    
in_buf (send)[129]:
  0000: 0b de 39 b0 02 e7 30 b9 77 77 77 77 77 77 77 77
  0010: 07 00 00 00 07 00 00 00 00 00 00 00 00 00 00 00
  0020: 00 00 00 00 00 00 00 00 00 00 00 00 00 00 00 00
  0030: 00 00 00 00 00 00 00 00 00 00 00 00 00 00 00 00
  0040: 00 00 00 00 00 00 00 00 00 00 00 00 00 00 00 00
  0050: 00 00 00 00 00 00 00 00 00 00 00 00 00 00 00 00
  0060: 00 00 00 00 00 00 00 00 00 00 00 00 00 00 00 00
  0070: 00 00 00 00 00 00 00 00 00 00 00 00 00 00 00 00
  0080: 00
16     0     1     1     0     0      0      0      0      -          0x01ff010f OUT_PROJ   1     -1    1     1       0x01ff010f OUT_PROJ 1     -1    1     0     1     0    
17     0     0     0     0     0      0      0      0      -          0x01ff010f OUT_PROJ   1     -1    1     2       0x01ff010f OUT_PROJ 1     -1    1     0     1     0    
18     0     0     0     0     0      1      0      0      OUT_PROJ   0x01ff010f OUT_PROJ   1     -1    1     2       0x01ff010f OUT_PROJ 1     -1    1     0     1     0    
19     0     0     0     0     0      1      0      0      OUT_PROJ   0x01ff010f OUT_PROJ   1     -1    1     2       0x01ff010f OUT_PROJ 1     -1    1     0     1     0    
20     0     0     0     0     0      0      0      1      OUT_PROJ   0x01ff010f OUT_PROJ   1     -1    1     3       0x01ff010f OUT_PROJ 1     -1    1     0     1     0    
21     0     0     0     0     0      0      0      1      OUT_PROJ   0x01ff010f OUT_PROJ   1     -1    1     3       0x01ff010f OUT_PROJ 1     -1    1     1     0     0    
22     0     0     0     0     0      0      0      1      OUT_PROJ   0x01ff010f OUT_PROJ   1     -1    1     3       0x01ff010f OUT_PROJ 1     -1    1     0     0     1    
23     0     0     0     0     0      0      0      0      OUT_PROJ   0x01ff010f OUT_PROJ   1     -1    1     4       0x01ff010f OUT_PROJ 1     -1    1     0     1     0    
24     0     0     0     0     0      0      1      0      OUT_PROJ   0x01ff010f OUT_PROJ   1     -1    1     4       0x01ff010f OUT_PROJ 1     -1    1     0     1     0    
25     0     0     0     0     0      0      1      0      OUT_PROJ   0x01ff010f OUT_PROJ   1     -1    1     4       0x01ff010f OUT_PROJ 1     -1    1     0     1     0    
26     0     0     0     0     0      0      0      1      -          0x01ff010f OUT_PROJ   1     -1    1     5       0x01ff010f OUT_PROJ 1     -1    1     0     1     0    
out_buf (done)[44]:
  0000: 83 fd ff ff 83 fd ff ff 00 00 00 00 00 00 00 00
  0010: 00 00 00 00 00 00 00 00 00 00 00 00 00 00 00 00
  0020: 00 00 00 00 00 00 00 00 00 00 00 00
27     0     0     0     1     0      0      0      1      -          0x01ff010f OUT_PROJ   1     -1    1     0       0x00000000 -        0     0     0     0     1     0    
28     0     0     1     0     0      0      0      1      -          0x01ff010f OUT_PROJ   1     -1    1     0       0x00000000 -        0     0     0     0     1     0    
in_buf (send)[129]:
  0000: 0b de 39 b0 02 e7 30 b9 77 77 77 77 77 77 77 77
  0010: 07 00 00 00 07 00 00 00 00 00 00 00 00 00 00 00
  0020: 00 00 00 00 00 00 00 00 00 00 00 00 00 00 00 00
  0030: 00 00 00 00 00 00 00 00 00 00 00 00 00 00 00 00
  0040: 00 00 00 00 00 00 00 00 00 00 00 00 00 00 00 00
  0050: 00 00 00 00 00 00 00 00 00 00 00 00 00 00 00 00
  0060: 00 00 00 00 00 00 00 00 00 00 00 00 00 00 00 00
  0070: 00 00 00 00 00 00 00 00 00 00 00 00 00 00 00 00
  0080: 00
29     0     1     1     0     0      0      0      0      -          0x02ff010f OUT_PROJ   1     -1    2     1       0x02ff010f OUT_PROJ 1     -1    2     0     1     0    
30     0     0     0     0     0      0      0      0      -          0x02ff010f OUT_PROJ   1     -1    2     2       0x02ff010f OUT_PROJ 1     -1    2     0     1     0    
31     0     0     0     0     0      1      0      0      OUT_PROJ   0x02ff010f OUT_PROJ   1     -1    2     2       0x02ff010f OUT_PROJ 1     -1    2     0     1     0    
32     0     0     0     0     0      1      0      0      OUT_PROJ   0x02ff010f OUT_PROJ   1     -1    2     2       0x02ff010f OUT_PROJ 1     -1    2     0     1     0    
33     0     0     0     0     0      0      0      1      OUT_PROJ   0x02ff010f OUT_PROJ   1     -1    2     3       0x02ff010f OUT_PROJ 1     -1    2     0     1     0    
34     0     0     0     0     0      0      0      1      OUT_PROJ   0x02ff010f OUT_PROJ   1     -1    2     3       0x02ff010f OUT_PROJ 1     -1    2     1     0     0    
35     0     0     0     0     0      0      0      1      OUT_PROJ   0x02ff010f OUT_PROJ   1     -1    2     3       0x02ff010f OUT_PROJ 1     -1    2     0     0     1    
36     0     0     0     0     0      0      0      0      OUT_PROJ   0x02ff010f OUT_PROJ   1     -1    2     4       0x02ff010f OUT_PROJ 1     -1    2     0     1     0    
37     0     0     0     0     0      0      1      0      OUT_PROJ   0x02ff010f OUT_PROJ   1     -1    2     4       0x02ff010f OUT_PROJ 1     -1    2     0     1     0    
38     0     0     0     0     0      0      1      0      OUT_PROJ   0x02ff010f OUT_PROJ   1     -1    2     4       0x02ff010f OUT_PROJ 1     -1    2     0     1     0    
39     0     0     0     0     0      0      0      1      -          0x02ff010f OUT_PROJ   1     -1    2     5       0x02ff010f OUT_PROJ 1     -1    2     0     1     0    
out_buf (done)[44]:
  0000: 83 fd ff ff 83 fd ff ff 00 00 00 00 00 00 00 00
  0010: 00 00 00 00 00 00 00 00 00 00 00 00 00 00 00 00
  0020: 00 00 00 00 00 00 00 00 00 00 00 00
40     0     0     0     1     0      0      0      1      -          0x02ff010f OUT_PROJ   1     -1    2     0       0x00000000 -        0     0     0     0     1     0    
41     0     0     1     0     0      0      0      1      -          0x02ff010f OUT_PROJ   1     -1    2     0       0x00000000 -        0     0     0     0     1     0    
in_buf (send)[129]:
  0000: 0b de 39 b0 02 e7 30 b9 77 77 77 77 77 77 77 77
  0010: 07 00 00 00 07 00 00 00 00 00 00 00 00 00 00 00
  0020: 00 00 00 00 00 00 00 00 00 00 00 00 00 00 00 00
  0030: 00 00 00 00 00 00 00 00 00 00 00 00 00 00 00 00
  0040: 00 00 00 00 00 00 00 00 00 00 00 00 00 00 00 00
  0050: 00 00 00 00 00 00 00 00 00 00 00 00 00 00 00 00
  0060: 00 00 00 00 00 00 00 00 00 00 00 00 00 00 00 00
  0070: 00 00 00 00 00 00 00 00 00 00 00 00 00 00 00 00
  0080: 00
42     0     1     1     0     0      0      0      0      -          0x03ff010f OUT_PROJ   1     -1    3     1       0x03ff010f OUT_PROJ 1     -1    3     0     1     0    
43     0     0     0     0     0      0      0      0      -          0x03ff010f OUT_PROJ   1     -1    3     2       0x03ff010f OUT_PROJ 1     -1    3     0     1     0    
44     0     0     0     0     0      1      0      0      OUT_PROJ   0x03ff010f OUT_PROJ   1     -1    3     2       0x03ff010f OUT_PROJ 1     -1    3     0     1     0    
45     0     0     0     0     0      1      0      0      OUT_PROJ   0x03ff010f OUT_PROJ   1     -1    3     2       0x03ff010f OUT_PROJ 1     -1    3     0     1     0    
46     0     0     0     0     0      0      0      1      OUT_PROJ   0x03ff010f OUT_PROJ   1     -1    3     3       0x03ff010f OUT_PROJ 1     -1    3     0     1     0    
47     0     0     0     0     0      0      0      1      OUT_PROJ   0x03ff010f OUT_PROJ   1     -1    3     3       0x03ff010f OUT_PROJ 1     -1    3     1     0     0    
48     0     0     0     0     0      0      0      1      OUT_PROJ   0x03ff010f OUT_PROJ   1     -1    3     3       0x03ff010f OUT_PROJ 1     -1    3     0     0     1    
49     0     0     0     0     0      0      0      0      OUT_PROJ   0x03ff010f OUT_PROJ   1     -1    3     4       0x03ff010f OUT_PROJ 1     -1    3     0     1     0    
50     0     0     0     0     0      0      1      0      OUT_PROJ   0x03ff010f OUT_PROJ   1     -1    3     4       0x03ff010f OUT_PROJ 1     -1    3     0     1     0    
51     0     0     0     0     0      0      1      0      OUT_PROJ   0x03ff010f OUT_PROJ   1     -1    3     4       0x03ff010f OUT_PROJ 1     -1    3     0     1     0    
52     0     0     0     0     0      0      0      1      -          0x03ff010f OUT_PROJ   1     -1    3     5       0x03ff010f OUT_PROJ 1     -1    3     0     1     0    
out_buf (done)[44]:
  0000: 83 fd ff ff 83 fd ff ff 00 00 00 00 00 00 00 00
  0010: 00 00 00 00 00 00 00 00 00 00 00 00 00 00 00 00
  0020: 00 00 00 00 00 00 00 00 00 00 00 00
53     0     0     0     1     0      0      0      1      -          0x03ff010f OUT_PROJ   1     -1    3     0       0x00000000 -        0     0     0     0     1     0    
54     0     0     1     0     0      0      0      1      -          0x03ff010f OUT_PROJ   1     -1    3     0       0x00000000 -        0     0     0     0     1     0    
in_buf (send)[129]:
  0000: 0b de 39 b0 02 e7 30 b9 77 77 77 77 77 77 77 77
  0010: 07 00 00 00 07 00 00 00 00 00 00 00 00 00 00 00
  0020: 00 00 00 00 00 00 00 00 00 00 00 00 00 00 00 00
  0030: 00 00 00 00 00 00 00 00 00 00 00 00 00 00 00 00
  0040: 00 00 00 00 00 00 00 00 00 00 00 00 00 00 00 00
  0050: 00 00 00 00 00 00 00 00 00 00 00 00 00 00 00 00
  0060: 00 00 00 00 00 00 00 00 00 00 00 00 00 00 00 00
  0070: 00 00 00 00 00 00 00 00 00 00 00 00 00 00 00 00
  0080: 00
55     0     1     1     0     0      0      0      0      -          0x00ff0102 RQ1        1     -1    0     1       0x00ff0102 RQ1      1     -1    0     0     1     0    
56     0     0     0     0     0      0      0      0      -          0x00ff0102 RQ1        1     -1    0     2       0x00ff0102 RQ1      1     -1    0     0     1     0    
57     0     0     0     0     0      1      0      0      RQ1        0x00ff0102 RQ1        1     -1    0     2       0x00ff0102 RQ1      1     -1    0     0     1     0    
58     0     0     0     0     0      1      0      0      RQ1        0x00ff0102 RQ1        1     -1    0     2       0x00ff0102 RQ1      1     -1    0     0     1     0    
59     0     0     0     0     0      0      0      1      RQ1        0x00ff0102 RQ1        1     -1    0     3       0x00ff0102 RQ1      1     -1    0     0     1     0    
60     0     0     0     0     0      0      0      1      RQ1        0x00ff0102 RQ1        1     -1    0     4       0x00ff0102 RQ1      1     -1    0     0     1     0    
61     0     0     0     0     0      0      0      1      -          0x00ff0102 RQ1        1     -1    0     5       0x00ff0102 RQ1      1     -1    0     0     1     0    
out_buf (done)[44]:
  0000: 80 80 80 80 80 80 80 80 00 00 00 00 00 00 00 00
  0010: 00 00 00 00 00 00 00 00 00 00 00 00 00 00 00 00
  0020: 00 00 00 00 00 00 00 00 00 00 00 00
62     0     0     0     1     0      0      0      0      -          0x00ff0102 RQ1        1     -1    0     0       0x00000000 -        0     0     0     0     1     0    
63     0     0     1     0     0      0      0      0      -          0x00ff0102 RQ1        1     -1    0     0       0x00000000 -        0     0     0     0     1     0    
in_buf (send)[129]:
  0000: 83 fd ff ff 83 fd ff ff 83 fd ff ff 83 fd ff ff
  0010: 83 fd ff ff 83 fd ff ff 83 fd ff ff 83 fd ff ff
  0020: 01 00 00 00 01 00 00 00 00 00 00 00 00 00 00 00
  0030: 00 00 00 00 00 00 00 00 00 00 00 00 00 00 00 00
  0040: 00 00 00 00 00 00 00 00 00 00 00 00 00 00 00 00
  0050: 00 00 00 00 00 00 00 00 00 00 00 00 00 00 00 00
  0060: 00 00 00 00 00 00 00 00 00 00 00 00 00 00 00 00
  0070: 00 00 00 00 00 00 00 00 00 00 00 00 00 00 00 00
  0080: 00
64     0     1     1     0     0      0      0      0      -          0x00ff0110 RESID0     1     -1    0     1       0x00ff0110 RESID0   1     -1    0     0     1     0    
65     0     0     0     0     0      0      0      0      -          0x00ff0110 RESID0     1     -1    0     2       0x00ff0110 RESID0   1     -1    0     0     1     0    
66     0     0     0     0     0      1      0      0      RESID0     0x00ff0110 RESID0     1     -1    0     2       0x00ff0110 RESID0   1     -1    0     0     1     0    
67     0     0     0     0     0      1      0      0      RESID0     0x00ff0110 RESID0     1     -1    0     2       0x00ff0110 RESID0   1     -1    0     0     1     0    
68     0     0     0     0     0      0      0      1      RESID0     0x00ff0110 RESID0     1     -1    0     3       0x00ff0110 RESID0   1     -1    0     0     1     0    
69     0     0     0     0     0      0      0      1      RESID0     0x00ff0110 RESID0     1     -1    0     4       0x00ff0110 RESID0   1     -1    0     0     1     0    
70     0     0     0     0     0      0      0      1      -          0x00ff0110 RESID0     1     -1    0     5       0x00ff0110 RESID0   1     -1    0     0     1     0    
out_buf (done)[44]:
  0000: 0b de 39 b0 02 e7 30 b9 00 00 00 00 00 00 00 00
  0010: 00 00 00 00 00 00 00 00 00 00 00 00 00 00 00 00
  0020: 00 00 00 00 00 00 00 00 00 00 00 00
71     0     0     0     1     0      0      0      0      -          0x00ff0110 RESID0     1     -1    0     0       0x00000000 -        0     0     0     0     1     0    
72     0     0     1     0     0      0      0      0      -          0x00ff0110 RESID0     1     -1    0     0       0x00000000 -        0     0     0     0     1     0    
in_buf (send)[129]:
  0000: 00 00 00 00 00 00 00 00 0b de 39 b0 02 e7 30 b9
  0010: 00 00 00 00 00 00 00 00 00 00 00 00 00 00 00 00
  0020: 00 00 00 00 00 00 00 00 00 00 00 00 00 00 00 00
  0030: 00 00 00 00 00 00 00 00 00 00 00 00 00 00 00 00
  0040: 00 00 00 00 00 00 00 00 00 00 00 00 00 00 00 00
  0050: 00 00 00 00 00 00 00 00 00 00 00 00 00 00 00 00
  0060: 00 00 00 00 00 00 00 00 00 00 00 00 00 00 00 00
  0070: 00 00 00 00 00 00 00 00 00 00 00 00 00 00 00 00
  0080: 00
LN in_buf (decoded):
  X: 0 0 0 0 0 0 0 0
  GAMMA: -1338384885 -1187977470 0 0 0 0 0 0
  EPS: 0
73     0     1     1     0     0      0      0      0      -          0x00ff0101 LN0        1     -1    0     1       0x00ff0101 LN0      1     -1    0     0     1     0    
74     0     0     0     0     0      0      0      0      -          0x00ff0101 LN0        1     -1    0     2       0x00ff0101 LN0      1     -1    0     0     1     0    
75     0     0     0     0     0      1      0      0      LN0        0x00ff0101 LN0        1     -1    0     2       0x00ff0101 LN0      1     -1    0     0     1     0    
76     0     0     0     0     0      1      0      0      LN0        0x00ff0101 LN0        1     -1    0     2       0x00ff0101 LN0      1     -1    0     0     1     0    
77     0     0     0     0     0      0      0      1      LN0        0x00ff0101 LN0        1     -1    0     3       0x00ff0101 LN0      1     -1    0     0     1     0    
square_fx: 0.000000 0x00000000 (signed=0)
mean_square: 0.000000 0x00000000 (signed=0)
v: 1.000000 0x00002000 (signed=8192)
inv_rms: 1.000000 0x00002000 (signed=8192)
ln_cycle[0] normalized: 0.000000 0x00000000 (signed=0)
ln_cycle[0] scaled: 0.000000 0x00000000 (signed=0)
ln_cycle[0] y_raw: 0 0x00000000
ln_cycle[1] normalized: 0.000000 0x00000000 (signed=0)
ln_cycle[1] scaled: 0.000000 0x00000000 (signed=0)
ln_cycle[1] y_raw: 0 0x00000000
ln_cycle[2] normalized: 0.000000 0x00000000 (signed=0)
ln_cycle[2] scaled: 0.000000 0x00000000 (signed=0)
ln_cycle[2] y_raw: 0 0x00000000
ln_cycle[3] normalized: 0.000000 0x00000000 (signed=0)
ln_cycle[3] scaled: 0.000000 0x00000000 (signed=0)
ln_cycle[3] y_raw: 0 0x00000000
ln_cycle[4] normalized: 0.000000 0x00000000 (signed=0)
ln_cycle[4] scaled: 0.000000 0x00000000 (signed=0)
ln_cycle[4] y_raw: 0 0x00000000
ln_cycle[5] normalized: 0.000000 0x00000000 (signed=0)
ln_cycle[5] scaled: 0.000000 0x00000000 (signed=0)
ln_cycle[5] y_raw: 0 0x00000000
ln_cycle[6] normalized: 0.000000 0x00000000 (signed=0)
ln_cycle[6] scaled: 0.000000 0x00000000 (signed=0)
ln_cycle[6] y_raw: 0 0x00000000
ln_cycle[7] normalized: 0.000000 0x00000000 (signed=0)
ln_cycle[7] scaled: 0.000000 0x00000000 (signed=0)
ln_cycle[7] y_raw: 0 0x00000000
78     0     0     0     0     0      0      0      1      LN0        0x00ff0101 LN0        1     -1    0     4       0x00ff0101 LN0      1     -1    0     0     1     0    
79     0     0     0     0     0      0      0      1      -          0x00ff0101 LN0        1     -1    0     5       0x00ff0101 LN0      1     -1    0     0     1     0    
out_buf (done)[44]:
  0000: 00 00 00 00 00 00 00 00 00 00 00 00 00 00 00 00
  0010: 00 00 00 00 00 00 00 00 00 00 00 00 00 00 00 00
  0020: 00 00 00 00 00 00 00 00 00 00 00 00
LN out_buf (decoded):
  Y: 0 0 0 0 0 0 0 0
80     0     0     0     1     0      0      0      0      -          0x00ff0101 LN0        1     -1    0     0       0x00000000 -        0     0     0     0     1     0    
81     0     0     1     0     0      0      0      0      -          0x00ff0101 LN0        1     -1    0     0       0x00000000 -        0     0     0     0     1     0    
in_buf (send)[129]:
  0000: 00 00 00 00 00 00 00 00 01 00 00 00 01 00 00 00
  0010: 01 00 00 00 01 00 00 00 01 00 00 00 01 00 00 00
  0020: 01 00 00 00 01 00 00 00 01 00 00 00 00 00 00 00
  0030: 00 00 00 00 00 00 00 00 00 00 00 00 00 00 00 00
  0040: 00 00 00 00 00 00 00 00 00 00 00 00 00 00 00 00
  0050: 00 00 00 00 00 00 00 00 00 00 00 00 00 00 00 00
  0060: 00 00 00 00 00 00 00 00 00 00 00 00 00 00 00 00
  0070: 00 00 00 00 00 00 00 00 00 00 00 00 00 00 00 00
  0080: 00
82     0     1     1     0     0      0      0      0      -          0x00ff0111 RQ2        1     -1    0     1       0x00ff0111 RQ2      1     -1    0     0     1     0    
83     0     0     0     0     0      0      0      0      -          0x00ff0111 RQ2        1     -1    0     2       0x00ff0111 RQ2      1     -1    0     0     1     0    
84     0     0     0     0     0      1      0      0      RQ2        0x00ff0111 RQ2        1     -1    0     2       0x00ff0111 RQ2      1     -1    0     0     1     0    
85     0     0     0     0     0      1      0      0      RQ2        0x00ff0111 RQ2        1     -1    0     2       0x00ff0111 RQ2      1     -1    0     0     1     0    
86     0     0     0     0     0      0      0      1      RQ2        0x00ff0111 RQ2        1     -1    0     3       0x00ff0111 RQ2      1     -1    0     0     1     0    
87     0     0     0     0     0      0      0      1      RQ2        0x00ff0111 RQ2        1     -1    0     4       0x00ff0111 RQ2      1     -1    0     0     1     0    
88     0     0     0     0     0      0      0      1      -          0x00ff0111 RQ2        1     -1    0     5       0x00ff0111 RQ2      1     -1    0     0     1     0    
out_buf (done)[44]:
  0000: 00 00 00 00 00 00 00 00 00 00 00 00 00 00 00 00
  0010: 00 00 00 00 00 00 00 00 00 00 00 00 00 00 00 00
  0020: 00 00 00 00 00 00 00 00 00 00 00 00
89     0     0     0     1     0      0      0      0      -          0x00ff0111 RQ2        1     -1    0     0       0x00000000 -        0     0     0     0     1     0    
90     0     0     1     0     0      0      0      0      -          0x00ff0111 RQ2        1     -1    0     0       0x00000000 -        0     0     0     0     1     0    
in_buf (send)[129]:
  0000: 00 00 00 00 00 00 00 00 00 00 00 00 00 00 00 00
  0010: 00 00 00 00 00 00 00 00 00 00 00 00 00 00 00 00
  0020: 01 00 00 00 01 00 00 00 00 00 00 00 00 00 00 00
  0030: 00 00 00 00 00 00 00 00 00 00 00 00 00 00 00 00
  0040: 00 00 00 00 00 00 00 00 00 00 00 00 00 00 00 00
  0050: 00 00 00 00 00 00 00 00 00 00 00 00 00 00 00 00
  0060: 00 00 00 00 00 00 00 00 00 00 00 00 00 00 00 00
  0070: 00 00 00 00 00 00 00 00 00 00 00 00 00 00 00 00
  0080: 00
91     0     1     1     0     0      0      0      0      -          0x00ff0112 FFN_W1     1     -1    0     1       0x00ff0112 FFN_W1   1     -1    0     0     1     0    
92     0     0     0     0     0      0      0      0      -          0x00ff0112 FFN_W1     1     -1    0     2       0x00ff0112 FFN_W1   1     -1    0     0     1     0    
93     0     0     0     0     0      1      0      0      FFN_W1     0x00ff0112 FFN_W1     1     -1    0     2       0x00ff0112 FFN_W1   1     -1    0     0     1     0    
94     0     0     0     0     0      1      0      0      FFN_W1     0x00ff0112 FFN_W1     1     -1    0     2       0x00ff0112 FFN_W1   1     -1    0     0     1     0    
95     0     0     0     0     0      0      0      1      FFN_W1     0x00ff0112 FFN_W1     1     -1    0     3       0x00ff0112 FFN_W1   1     -1    0     0     1     0    
96     0     0     0     0     0      0      0      1      FFN_W1     0x00ff0112 FFN_W1     1     -1    0     3       0x00ff0112 FFN_W1   1     -1    0     1     0     0    
97     0     0     0     0     0      0      0      1      FFN_W1     0x00ff0112 FFN_W1     1     -1    0     3       0x00ff0112 FFN_W1   1     -1    0     0     0     1    
98     0     0     0     0     0      0      0      0      FFN_W1     0x00ff0112 FFN_W1     1     -1    0     4       0x00ff0112 FFN_W1   1     -1    0     0     1     0    
99     0     0     0     0     0      0      1      0      FFN_W1     0x00ff0112 FFN_W1     1     -1    0     4       0x00ff0112 FFN_W1   1     -1    0     0     1     0    
100    0     0     0     0     0      0      1      0      FFN_W1     0x00ff0112 FFN_W1     1     -1    0     4       0x00ff0112 FFN_W1   1     -1    0     0     1     0    
101    0     0     0     0     0      0      0      1      -          0x00ff0112 FFN_W1     1     -1    0     5       0x00ff0112 FFN_W1   1     -1    0     0     1     0    
out_buf (done)[44]:
  0000: 03 00 03 00 00 00 00 00 00 00 00 00 00 00 00 00
  0010: 00 00 00 00 00 00 00 00 00 00 00 00 00 00 00 00
  0020: 00 00 00 00 00 00 00 00 00 00 00 00
102    0     0     0     1     0      0      0      1      -          0x00ff0112 FFN_W1     1     -1    0     0       0x00000000 -        0     0     0     0     1     0    
103    0     0     1     0     0      0      0      1      -          0x00ff0112 FFN_W1     1     -1    0     0       0x00000000 -        0     0     0     0     1     0    
in_buf (send)[129]:
  0000: 00 00 00 00 00 00 00 00 33 33 33 33 33 33 33 33
  0010: 05 00 00 00 05 00 00 00 00 40 00 40 00 00 00 00
  0020: 00 00 00 00 00 00 00 00 00 00 00 00 00 00 00 00
  0030: 00 00 00 00 00 00 00 00 00 00 00 00 00 00 00 00
  0040: 00 00 00 00 00 00 00 00 00 00 00 00 00 00 00 00
  0050: 00 00 00 00 00 00 00 00 00 00 00 00 00 00 00 00
  0060: 00 00 00 00 00 00 00 00 00 00 00 00 00 00 00 00
  0070: 00 00 00 00 00 00 00 00 00 00 00 00 00 00 00 00
  0080: 00
104    0     1     1     0     0      0      0      0      -          0x01ff0112 FFN_W1     1     -1    1     1       0x01ff0112 FFN_W1   1     -1    1     0     1     0    
105    0     0     0     0     0      0      0      0      -          0x01ff0112 FFN_W1     1     -1    1     2       0x01ff0112 FFN_W1   1     -1    1     0     1     0    
106    0     0     0     0     0      1      0      0      FFN_W1     0x01ff0112 FFN_W1     1     -1    1     2       0x01ff0112 FFN_W1   1     -1    1     0     1     0    
107    0     0     0     0     0      1      0      0      FFN_W1     0x01ff0112 FFN_W1     1     -1    1     2       0x01ff0112 FFN_W1   1     -1    1     0     1     0    
108    0     0     0     0     0      0      0      1      FFN_W1     0x01ff0112 FFN_W1     1     -1    1     3       0x01ff0112 FFN_W1   1     -1    1     0     1     0    
109    0     0     0     0     0      0      0      1      FFN_W1     0x01ff0112 FFN_W1     1     -1    1     3       0x01ff0112 FFN_W1   1     -1    1     1     0     0    
110    0     0     0     0     0      0      0      1      FFN_W1     0x01ff0112 FFN_W1     1     -1    1     3       0x01ff0112 FFN_W1   1     -1    1     0     0     1    
111    0     0     0     0     0      0      0      0      FFN_W1     0x01ff0112 FFN_W1     1     -1    1     4       0x01ff0112 FFN_W1   1     -1    1     0     1     0    
112    0     0     0     0     0      0      1      0      FFN_W1     0x01ff0112 FFN_W1     1     -1    1     4       0x01ff0112 FFN_W1   1     -1    1     0     1     0    
113    0     0     0     0     0      0      1      0      FFN_W1     0x01ff0112 FFN_W1     1     -1    1     4       0x01ff0112 FFN_W1   1     -1    1     0     1     0    
114    0     0     0     0     0      0      0      1      -          0x01ff0112 FFN_W1     1     -1    1     5       0x01ff0112 FFN_W1   1     -1    1     0     1     0    
out_buf (done)[44]:
  0000: 03 00 03 00 00 00 00 00 00 00 00 00 00 00 00 00
  0010: 00 00 00 00 00 00 00 00 00 00 00 00 00 00 00 00
  0020: 00 00 00 00 00 00 00 00 00 00 00 00
115    0     0     0     1     0      0      0      1      -          0x01ff0112 FFN_W1     1     -1    1     0       0x00000000 -        0     0     0     0     1     0    
116    0     0     1     0     0      0      0      1      -          0x01ff0112 FFN_W1     1     -1    1     0       0x00000000 -        0     0     0     0     1     0    
in_buf (send)[129]:
  0000: 00 00 00 00 00 00 00 00 33 33 33 33 33 33 33 33
  0010: 05 00 00 00 05 00 00 00 00 40 00 40 00 00 00 00
  0020: 00 00 00 00 00 00 00 00 00 00 00 00 00 00 00 00
  0030: 00 00 00 00 00 00 00 00 00 00 00 00 00 00 00 00
  0040: 00 00 00 00 00 00 00 00 00 00 00 00 00 00 00 00
  0050: 00 00 00 00 00 00 00 00 00 00 00 00 00 00 00 00
  0060: 00 00 00 00 00 00 00 00 00 00 00 00 00 00 00 00
  0070: 00 00 00 00 00 00 00 00 00 00 00 00 00 00 00 00
  0080: 00
117    0     1     1     0     0      0      0      0      -          0x02ff0112 FFN_W1     1     -1    2     1       0x02ff0112 FFN_W1   1     -1    2     0     1     0    
118    0     0     0     0     0      0      0      0      -          0x02ff0112 FFN_W1     1     -1    2     2       0x02ff0112 FFN_W1   1     -1    2     0     1     0    
119    0     0     0     0     0      1      0      0      FFN_W1     0x02ff0112 FFN_W1     1     -1    2     2       0x02ff0112 FFN_W1   1     -1    2     0     1     0    
120    0     0     0     0     0      1      0      0      FFN_W1     0x02ff0112 FFN_W1     1     -1    2     2       0x02ff0112 FFN_W1   1     -1    2     0     1     0    
121    0     0     0     0     0      0      0      1      FFN_W1     0x02ff0112 FFN_W1     1     -1    2     3       0x02ff0112 FFN_W1   1     -1    2     0     1     0    
122    0     0     0     0     0      0      0      1      FFN_W1     0x02ff0112 FFN_W1     1     -1    2     3       0x02ff0112 FFN_W1   1     -1    2     1     0     0    
123    0     0     0     0     0      0      0      1      FFN_W1     0x02ff0112 FFN_W1     1     -1    2     3       0x02ff0112 FFN_W1   1     -1    2     0     0     1    
124    0     0     0     0     0      0      0      0      FFN_W1     0x02ff0112 FFN_W1     1     -1    2     4       0x02ff0112 FFN_W1   1     -1    2     0     1     0    
125    0     0     0     0     0      0      1      0      FFN_W1     0x02ff0112 FFN_W1     1     -1    2     4       0x02ff0112 FFN_W1   1     -1    2     0     1     0    
126    0     0     0     0     0      0      1      0      FFN_W1     0x02ff0112 FFN_W1     1     -1    2     4       0x02ff0112 FFN_W1   1     -1    2     0     1     0    
127    0     0     0     0     0      0      0      1      -          0x02ff0112 FFN_W1     1     -1    2     5       0x02ff0112 FFN_W1   1     -1    2     0     1     0    
out_buf (done)[44]:
  0000: 03 00 03 00 00 00 00 00 00 00 00 00 00 00 00 00
  0010: 00 00 00 00 00 00 00 00 00 00 00 00 00 00 00 00
  0020: 00 00 00 00 00 00 00 00 00 00 00 00
128    0     0     0     1     0      0      0      1      -          0x02ff0112 FFN_W1     1     -1    2     0       0x00000000 -        0     0     0     0     1     0    
129    0     0     1     0     0      0      0      1      -          0x02ff0112 FFN_W1     1     -1    2     0       0x00000000 -        0     0     0     0     1     0    
in_buf (send)[129]:
  0000: 00 00 00 00 00 00 00 00 33 33 33 33 33 33 33 33
  0010: 05 00 00 00 05 00 00 00 00 40 00 40 00 00 00 00
  0020: 00 00 00 00 00 00 00 00 00 00 00 00 00 00 00 00
  0030: 00 00 00 00 00 00 00 00 00 00 00 00 00 00 00 00
  0040: 00 00 00 00 00 00 00 00 00 00 00 00 00 00 00 00
  0050: 00 00 00 00 00 00 00 00 00 00 00 00 00 00 00 00
  0060: 00 00 00 00 00 00 00 00 00 00 00 00 00 00 00 00
  0070: 00 00 00 00 00 00 00 00 00 00 00 00 00 00 00 00
  0080: 00
130    0     1     1     0     0      0      0      0      -          0x03ff0112 FFN_W1     1     -1    3     1       0x03ff0112 FFN_W1   1     -1    3     0     1     0    
131    0     0     0     0     0      0      0      0      -          0x03ff0112 FFN_W1     1     -1    3     2       0x03ff0112 FFN_W1   1     -1    3     0     1     0    
132    0     0     0     0     0      1      0      0      FFN_W1     0x03ff0112 FFN_W1     1     -1    3     2       0x03ff0112 FFN_W1   1     -1    3     0     1     0    
133    0     0     0     0     0      1      0      0      FFN_W1     0x03ff0112 FFN_W1     1     -1    3     2       0x03ff0112 FFN_W1   1     -1    3     0     1     0    
134    0     0     0     0     0      0      0      1      FFN_W1     0x03ff0112 FFN_W1     1     -1    3     3       0x03ff0112 FFN_W1   1     -1    3     0     1     0    
135    0     0     0     0     0      0      0      1      FFN_W1     0x03ff0112 FFN_W1     1     -1    3     3       0x03ff0112 FFN_W1   1     -1    3     1     0     0    
136    0     0     0     0     0      0      0      1      FFN_W1     0x03ff0112 FFN_W1     1     -1    3     3       0x03ff0112 FFN_W1   1     -1    3     0     0     1    
137    0     0     0     0     0      0      0      0      FFN_W1     0x03ff0112 FFN_W1     1     -1    3     4       0x03ff0112 FFN_W1   1     -1    3     0     1     0    
138    0     0     0     0     0      0      1      0      FFN_W1     0x03ff0112 FFN_W1     1     -1    3     4       0x03ff0112 FFN_W1   1     -1    3     0     1     0    
139    0     0     0     0     0      0      1      0      FFN_W1     0x03ff0112 FFN_W1     1     -1    3     4       0x03ff0112 FFN_W1   1     -1    3     0     1     0    
140    0     0     0     0     0      0      0      1      -          0x03ff0112 FFN_W1     1     -1    3     5       0x03ff0112 FFN_W1   1     -1    3     0     1     0    
out_buf (done)[44]:
  0000: 03 00 03 00 00 00 00 00 00 00 00 00 00 00 00 00
  0010: 00 00 00 00 00 00 00 00 00 00 00 00 00 00 00 00
  0020: 00 00 00 00 00 00 00 00 00 00 00 00
141    0     0     0     1     0      0      0      1      -          0x03ff0112 FFN_W1     1     -1    3     0       0x00000000 -        0     0     0     0     1     0    
142    0     0     1     0     0      0      0      1      -          0x03ff0112 FFN_W1     1     -1    3     0       0x00000000 -        0     0     0     0     1     0    
in_buf (send)[129]:
  0000: 00 00 00 00 00 00 00 00 33 33 33 33 33 33 33 33
  0010: 05 00 00 00 05 00 00 00 00 40 00 40 00 00 00 00
  0020: 00 00 00 00 00 00 00 00 00 00 00 00 00 00 00 00
  0030: 00 00 00 00 00 00 00 00 00 00 00 00 00 00 00 00
  0040: 00 00 00 00 00 00 00 00 00 00 00 00 00 00 00 00
  0050: 00 00 00 00 00 00 00 00 00 00 00 00 00 00 00 00
  0060: 00 00 00 00 00 00 00 00 00 00 00 00 00 00 00 00
  0070: 00 00 00 00 00 00 00 00 00 00 00 00 00 00 00 00
  0080: 00
143    0     1     1     0     0      0      0      0      -          0x00ff011d FFN_ACT    1     -1    0     1       0x00ff011d FFN_ACT  1     -1    0     0     1     0    
144    0     0     0     0     0      0      0      0      -          0x00ff011d FFN_ACT    1     -1    0     2       0x00ff011d FFN_ACT  1     -1    0     0     1     0    
145    0     0     0     0     0      1      0      0      FFN_ACT    0x00ff011d FFN_ACT    1     -1    0     2       0x00ff011d FFN_ACT  1     -1    0     0     1     0    
146    0     0     0     0     0      1      0      0      FFN_ACT    0x00ff011d FFN_ACT    1     -1    0     2       0x00ff011d FFN_ACT  1     -1    0     0     1     0    
147    0     0     0     0     0      0      0      1      FFN_ACT    0x00ff011d FFN_ACT    1     -1    0     3       0x00ff011d FFN_ACT  1     -1    0     0     1     0    
148    0     0     0     0     0      0      0      1      FFN_ACT    0x00ff011d FFN_ACT    1     -1    0     4       0x00ff011d FFN_ACT  1     -1    0     0     1     0    
149    0     0     0     0     0      0      0      1      -          0x00ff011d FFN_ACT    1     -1    0     5       0x00ff011d FFN_ACT  1     -1    0     0     1     0    
out_buf (done)[44]:
  0000: 03 00 03 00 03 00 03 00 03 00 03 00 03 00 03 00
  0010: 00 00 00 00 00 00 00 00 00 00 00 00 00 00 00 00
  0020: 00 00 00 00 00 00 00 00 00 00 00 00
150    0     0     0     1     0      0      0      0      -          0x00ff011d FFN_ACT    1     -1    0     0       0x00000000 -        0     0     0     0     1     0    
151    0     0     1     0     0      0      0      0      -          0x00ff011d FFN_ACT    1     -1    0     0       0x00000000 -        0     0     0     0     1     0    
in_buf (send)[129]:
  0000: 03 00 03 00 03 00 03 00 03 00 03 00 03 00 03 00
  0010: 00 00 00 00 00 00 00 00 00 00 00 00 00 00 00 00
  0020: 00 00 00 00 00 00 00 00 00 00 00 00 00 00 00 00
  0030: 00 00 00 00 00 00 00 00 00 00 00 00 00 00 00 00
  0040: 00 00 00 00 00 00 00 00 00 00 00 00 00 00 00 00
  0050: 00 00 00 00 00 00 00 00 00 00 00 00 00 00 00 00
  0060: 00 00 00 00 00 00 00 00 00 00 00 00 00 00 00 00
  0070: 00 00 00 00 00 00 00 00 00 00 00 00 00 00 00 00
  0080: 00
152    0     1     1     0     0      0      0      0      -          0x00ff0114 FFN_W2     1     -1    0     1       0x00ff0114 FFN_W2   1     -1    0     0     1     0    
153    0     0     0     0     0      0      0      0      -          0x00ff0114 FFN_W2     1     -1    0     2       0x00ff0114 FFN_W2   1     -1    0     0     1     0    
154    0     0     0     0     0      1      0      0      FFN_W2     0x00ff0114 FFN_W2     1     -1    0     2       0x00ff0114 FFN_W2   1     -1    0     0     1     0    
155    0     0     0     0     0      1      0      0      FFN_W2     0x00ff0114 FFN_W2     1     -1    0     2       0x00ff0114 FFN_W2   1     -1    0     0     1     0    
156    0     0     0     0     0      0      0      1      FFN_W2     0x00ff0114 FFN_W2     1     -1    0     3       0x00ff0114 FFN_W2   1     -1    0     0     1     0    
157    0     0     0     0     0      0      0      1      FFN_W2     0x00ff0114 FFN_W2     1     -1    0     3       0x00ff0114 FFN_W2   1     -1    0     1     0     0    
158    0     0     0     0     0      0      0      1      FFN_W2     0x00ff0114 FFN_W2     1     -1    0     3       0x00ff0114 FFN_W2   1     -1    0     0     0     1    
159    0     0     0     0     0      0      0      0      FFN_W2     0x00ff0114 FFN_W2     1     -1    0     4       0x00ff0114 FFN_W2   1     -1    0     0     1     0    
160    0     0     0     0     0      0      1      0      FFN_W2     0x00ff0114 FFN_W2     1     -1    0     4       0x00ff0114 FFN_W2   1     -1    0     0     1     0    
161    0     0     0     0     0      0      1      0      FFN_W2     0x00ff0114 FFN_W2     1     -1    0     4       0x00ff0114 FFN_W2   1     -1    0     0     1     0    
162    0     0     0     0     0      0      0      1      -          0x00ff0114 FFN_W2     1     -1    0     5       0x00ff0114 FFN_W2   1     -1    0     0     1     0    
out_buf (done)[44]:
  0000: 02 00 00 00 02 00 00 00 02 00 00 00 02 00 00 00
  0010: 02 00 00 00 00 00 00 00 00 00 00 00 00 00 00 00
  0020: 00 00 00 00 00 00 00 00 00 00 00 00
163    0     0     0     1     0      0      0      1      -          0x00ff0114 FFN_W2     1     -1    0     0       0x00000000 -        0     0     0     0     1     0    
164    0     0     1     0     0      0      0      1      -          0x00ff0114 FFN_W2     1     -1    0     0       0x00000000 -        0     0     0     0     1     0    
in_buf (send)[129]:
  0000: 00 00 00 00 00 00 00 00 00 00 00 00 00 00 00 00
  0010: 00 00 00 00 00 00 00 00 00 00 00 00 00 00 00 00
  0020: 00 00 00 00 00 00 00 00 00 00 00 00 22 22 22 22
  0030: 22 22 22 22 22 22 22 22 22 22 22 22 22 22 22 22
  0040: 22 22 22 22 22 22 22 22 22 22 22 22 22 22 22 22
  0050: 22 22 22 22 22 22 22 22 22 22 22 22 22 22 22 22
  0060: 22 22 22 04 00 00 00 04 00 00 00 04 00 00 00 04
  0070: 00 00 00 04 00 00 00 00 40 00 40 00 40 00 40 00
  0080: 40
165    0     1     1     0     0      0      0      0      -          0x01ff0114 FFN_W2     1     -1    1     1       0x01ff0114 FFN_W2   1     -1    1     0     1     0    
166    0     0     0     0     0      0      0      0      -          0x01ff0114 FFN_W2     1     -1    1     2       0x01ff0114 FFN_W2   1     -1    1     0     1     0    
167    0     0     0     0     0      1      0      0      FFN_W2     0x01ff0114 FFN_W2     1     -1    1     2       0x01ff0114 FFN_W2   1     -1    1     0     1     0    
168    0     0     0     0     0      1      0      0      FFN_W2     0x01ff0114 FFN_W2     1     -1    1     2       0x01ff0114 FFN_W2   1     -1    1     0     1     0    
169    0     0     0     0     0      0      0      1      FFN_W2     0x01ff0114 FFN_W2     1     -1    1     3       0x01ff0114 FFN_W2   1     -1    1     0     1     0    
170    0     0     0     0     0      0      0      1      FFN_W2     0x01ff0114 FFN_W2     1     -1    1     3       0x01ff0114 FFN_W2   1     -1    1     1     0     0    
171    0     0     0     0     0      0      0      1      FFN_W2     0x01ff0114 FFN_W2     1     -1    1     3       0x01ff0114 FFN_W2   1     -1    1     0     0     1    
172    0     0     0     0     0      0      0      0      FFN_W2     0x01ff0114 FFN_W2     1     -1    1     4       0x01ff0114 FFN_W2   1     -1    1     0     1     0    
173    0     0     0     0     0      0      1      0      FFN_W2     0x01ff0114 FFN_W2     1     -1    1     4       0x01ff0114 FFN_W2   1     -1    1     0     1     0    
174    0     0     0     0     0      0      1      0      FFN_W2     0x01ff0114 FFN_W2     1     -1    1     4       0x01ff0114 FFN_W2   1     -1    1     0     1     0    
175    0     0     0     0     0      0      0      1      -          0x01ff0114 FFN_W2     1     -1    1     5       0x01ff0114 FFN_W2   1     -1    1     0     1     0    
out_buf (done)[44]:
  0000: 02 00 00 00 02 00 00 00 02 00 00 00 02 00 00 00
  0010: 02 00 00 00 00 00 00 00 00 00 00 00 00 00 00 00
  0020: 00 00 00 00 00 00 00 00 00 00 00 00
176    0     0     0     1     0      0      0      1      -          0x01ff0114 FFN_W2     1     -1    1     0       0x00000000 -        0     0     0     0     1     0    
177    0     0     1     0     0      0      0      1      -          0x01ff0114 FFN_W2     1     -1    1     0       0x00000000 -        0     0     0     0     1     0    
in_buf (send)[129]:
  0000: 00 00 00 00 00 00 00 00 00 00 00 00 00 00 00 00
  0010: 00 00 00 00 00 00 00 00 00 00 00 00 00 00 00 00
  0020: 00 00 00 00 00 00 00 00 00 00 00 00 22 22 22 22
  0030: 22 22 22 22 22 22 22 22 22 22 22 22 22 22 22 22
  0040: 22 22 22 22 22 22 22 22 22 22 22 22 22 22 22 22
  0050: 22 22 22 22 22 22 22 22 22 22 22 22 22 22 22 22
  0060: 22 22 22 04 00 00 00 04 00 00 00 04 00 00 00 04
  0070: 00 00 00 04 00 00 00 00 40 00 40 00 40 00 40 00
  0080: 40
178    0     1     1     0     0      0      0      0      -          0x02ff0114 FFN_W2     1     -1    2     1       0x02ff0114 FFN_W2   1     -1    2     0     1     0    
179    0     0     0     0     0      0      0      0      -          0x02ff0114 FFN_W2     1     -1    2     2       0x02ff0114 FFN_W2   1     -1    2     0     1     0    
180    0     0     0     0     0      1      0      0      FFN_W2     0x02ff0114 FFN_W2     1     -1    2     2       0x02ff0114 FFN_W2   1     -1    2     0     1     0    
181    0     0     0     0     0      1      0      0      FFN_W2     0x02ff0114 FFN_W2     1     -1    2     2       0x02ff0114 FFN_W2   1     -1    2     0     1     0    
182    0     0     0     0     0      0      0      1      FFN_W2     0x02ff0114 FFN_W2     1     -1    2     3       0x02ff0114 FFN_W2   1     -1    2     0     1     0    
183    0     0     0     0     0      0      0      1      FFN_W2     0x02ff0114 FFN_W2     1     -1    2     3       0x02ff0114 FFN_W2   1     -1    2     1     0     0    
184    0     0     0     0     0      0      0      1      FFN_W2     0x02ff0114 FFN_W2     1     -1    2     3       0x02ff0114 FFN_W2   1     -1    2     0     0     1    
185    0     0     0     0     0      0      0      0      FFN_W2     0x02ff0114 FFN_W2     1     -1    2     4       0x02ff0114 FFN_W2   1     -1    2     0     1     0    
186    0     0     0     0     0      0      1      0      FFN_W2     0x02ff0114 FFN_W2     1     -1    2     4       0x02ff0114 FFN_W2   1     -1    2     0     1     0    
187    0     0     0     0     0      0      1      0      FFN_W2     0x02ff0114 FFN_W2     1     -1    2     4       0x02ff0114 FFN_W2   1     -1    2     0     1     0    
188    0     0     0     0     0      0      0      1      -          0x02ff0114 FFN_W2     1     -1    2     5       0x02ff0114 FFN_W2   1     -1    2     0     1     0    
out_buf (done)[44]:
  0000: 02 00 00 00 02 00 00 00 02 00 00 00 02 00 00 00
  0010: 02 00 00 00 00 00 00 00 00 00 00 00 00 00 00 00
  0020: 00 00 00 00 00 00 00 00 00 00 00 00
189    0     0     0     1     0      0      0      1      -          0x02ff0114 FFN_W2     1     -1    2     0       0x00000000 -        0     0     0     0     1     0    
190    0     0     1     0     0      0      0      1      -          0x02ff0114 FFN_W2     1     -1    2     0       0x00000000 -        0     0     0     0     1     0    
in_buf (send)[129]:
  0000: 00 00 00 00 00 00 00 00 00 00 00 00 00 00 00 00
  0010: 00 00 00 00 00 00 00 00 00 00 00 00 00 00 00 00
  0020: 00 00 00 00 00 00 00 00 00 00 00 00 22 22 22 22
  0030: 22 22 22 22 22 22 22 22 22 22 22 22 22 22 22 22
  0040: 22 22 22 22 22 22 22 22 22 22 22 22 22 22 22 22
  0050: 22 22 22 22 22 22 22 22 22 22 22 22 22 22 22 22
  0060: 22 22 22 04 00 00 00 04 00 00 00 04 00 00 00 04
  0070: 00 00 00 04 00 00 00 00 40 00 40 00 40 00 40 00
  0080: 40
191    0     1     1     0     0      0      0      0      -          0x03ff0114 FFN_W2     1     -1    3     1       0x03ff0114 FFN_W2   1     -1    3     0     1     0    
192    0     0     0     0     0      0      0      0      -          0x03ff0114 FFN_W2     1     -1    3     2       0x03ff0114 FFN_W2   1     -1    3     0     1     0    
193    0     0     0     0     0      1      0      0      FFN_W2     0x03ff0114 FFN_W2     1     -1    3     2       0x03ff0114 FFN_W2   1     -1    3     0     1     0    
194    0     0     0     0     0      1      0      0      FFN_W2     0x03ff0114 FFN_W2     1     -1    3     2       0x03ff0114 FFN_W2   1     -1    3     0     1     0    
195    0     0     0     0     0      0      0      1      FFN_W2     0x03ff0114 FFN_W2     1     -1    3     3       0x03ff0114 FFN_W2   1     -1    3     0     1     0    
196    0     0     0     0     0      0      0      1      FFN_W2     0x03ff0114 FFN_W2     1     -1    3     3       0x03ff0114 FFN_W2   1     -1    3     1     0     0    
197    0     0     0     0     0      0      0      1      FFN_W2     0x03ff0114 FFN_W2     1     -1    3     3       0x03ff0114 FFN_W2   1     -1    3     0     0     1    
198    0     0     0     0     0      0      0      0      FFN_W2     0x03ff0114 FFN_W2     1     -1    3     4       0x03ff0114 FFN_W2   1     -1    3     0     1     0    
199    0     0     0     0     0      0      1      0      FFN_W2     0x03ff0114 FFN_W2     1     -1    3     4       0x03ff0114 FFN_W2   1     -1    3     0     1     0    
200    0     0     0     0     0      0      1      0      FFN_W2     0x03ff0114 FFN_W2     1     -1    3     4       0x03ff0114 FFN_W2   1     -1    3     0     1     0    
201    0     0     0     0     0      0      0      1      -          0x03ff0114 FFN_W2     1     -1    3     5       0x03ff0114 FFN_W2   1     -1    3     0     1     0    
out_buf (done)[44]:
  0000: 02 00 00 00 02 00 00 00 02 00 00 00 02 00 00 00
  0010: 02 00 00 00 00 00 00 00 00 00 00 00 00 00 00 00
  0020: 00 00 00 00 00 00 00 00 00 00 00 00
202    0     0     0     1     0      0      0      1      -          0x03ff0114 FFN_W2     1     -1    3     0       0x00000000 -        0     0     0     0     1     0    
203    0     0     1     0     0      0      0      1      -          0x03ff0114 FFN_W2     1     -1    3     0       0x00000000 -        0     0     0     0     1     0    
in_buf (send)[129]:
  0000: 00 00 00 00 00 00 00 00 00 00 00 00 00 00 00 00
  0010: 00 00 00 00 00 00 00 00 00 00 00 00 00 00 00 00
  0020: 00 00 00 00 00 00 00 00 00 00 00 00 22 22 22 22
  0030: 22 22 22 22 22 22 22 22 22 22 22 22 22 22 22 22
  0040: 22 22 22 22 22 22 22 22 22 22 22 22 22 22 22 22
  0050: 22 22 22 22 22 22 22 22 22 22 22 22 22 22 22 22
  0060: 22 22 22 04 00 00 00 04 00 00 00 04 00 00 00 04
  0070: 00 00 00 04 00 00 00 00 40 00 40 00 40 00 40 00
  0080: 40
204    0     1     1     0     0      0      0      0      -          0x00ff0115 RQ3        1     -1    0     1       0x00ff0115 RQ3      1     -1    0     0     1     0    
205    0     0     0     0     0      0      0      0      -          0x00ff0115 RQ3        1     -1    0     2       0x00ff0115 RQ3      1     -1    0     0     1     0    
206    0     0     0     0     0      1      0      0      RQ3        0x00ff0115 RQ3        1     -1    0     2       0x00ff0115 RQ3      1     -1    0     0     1     0    
207    0     0     0     0     0      1      0      0      RQ3        0x00ff0115 RQ3        1     -1    0     2       0x00ff0115 RQ3      1     -1    0     0     1     0    
208    0     0     0     0     0      0      0      1      RQ3        0x00ff0115 RQ3        1     -1    0     3       0x00ff0115 RQ3      1     -1    0     0     1     0    
209    0     0     0     0     0      0      0      1      RQ3        0x00ff0115 RQ3        1     -1    0     4       0x00ff0115 RQ3      1     -1    0     0     1     0    
210    0     0     0     0     0      0      0      1      -          0x00ff0115 RQ3        1     -1    0     5       0x00ff0115 RQ3      1     -1    0     0     1     0    
out_buf (done)[44]:
  0000: 01 01 01 01 01 01 01 01 02 00 00 00 02 00 00 00
  0010: 02 00 00 00 00 00 00 00 00 00 00 00 00 00 00 00
  0020: 00 00 00 00 00 00 00 00 00 00 00 00
211    0     0     0     1     0      0      0      0      -          0x00ff0115 RQ3        1     -1    0     0       0x00000000 -        0     0     0     0     1     0    
212    0     0     1     0     0      0      0      0      -          0x00ff0115 RQ3        1     -1    0     0       0x00000000 -        0     0     0     0     1     0    
in_buf (send)[129]:
  0000: 02 00 00 00 02 00 00 00 02 00 00 00 02 00 00 00
  0010: 02 00 00 00 02 00 00 00 02 00 00 00 02 00 00 00
  0020: 01 00 00 00 01 00 00 00 00 00 00 00 00 00 00 00
  0030: 00 00 00 00 00 00 00 00 00 00 00 00 00 00 00 00
  0040: 00 00 00 00 00 00 00 00 00 00 00 00 00 00 00 00
  0050: 00 00 00 00 00 00 00 00 00 00 00 00 00 00 00 00
  0060: 00 00 00 00 00 00 00 00 00 00 00 00 00 00 00 00
  0070: 00 00 00 00 00 00 00 00 00 00 00 00 00 00 00 00
  0080: 00
213    0     1     1     0     0      0      0      0      -          0x00ff0116 RESID1     1     -1    0     1       0x00ff0116 RESID1   1     -1    0     0     1     0    
214    0     0     0     0     0      0      0      0      -          0x00ff0116 RESID1     1     -1    0     2       0x00ff0116 RESID1   1     -1    0     0     1     0    
215    0     0     0     0     0      1      0      0      RESID1     0x00ff0116 RESID1     1     -1    0     2       0x00ff0116 RESID1   1     -1    0     0     1     0    
216    0     0     0     0     0      1      0      0      RESID1     0x00ff0116 RESID1     1     -1    0     2       0x00ff0116 RESID1   1     -1    0     0     1     0    
217    0     0     0     0     0      0      0      1      RESID1     0x00ff0116 RESID1     1     -1    0     3       0x00ff0116 RESID1   1     -1    0     0     1     0    
218    0     0     0     0     0      0      0      1      RESID1     0x00ff0116 RESID1     1     -1    0     4       0x00ff0116 RESID1   1     -1    0     0     1     0    
219    0     0     0     0     0      0      0      1      -          0x00ff0116 RESID1     1     -1    0     5       0x00ff0116 RESID1   1     -1    0     0     1     0    
out_buf (done)[44]:
  0000: 0b de 39 b0 02 e7 30 b9 02 00 00 00 02 00 00 00
  0010: 02 00 00 00 00 00 00 00 00 00 00 00 00 00 00 00
  0020: 00 00 00 00 00 00 00 00 00 00 00 00
220    0     0     0     1     0      0      0      0      -          0x00ff0116 RESID1     1     -1    0     0       0x00000000 -        0     0     0     0     1     0    
221    0     0     1     0     0      0      0      0      -          0x00ff0116 RESID1     1     -1    0     0       0x00000000 -        0     0     0     0     1     0    
in_buf (send)[129]:
  0000: 00 00 00 00 00 00 00 00 0b de 39 b0 02 e7 30 b9
  0010: 00 00 00 00 00 00 00 00 00 00 00 00 00 00 00 00
  0020: 00 00 00 00 00 00 00 00 00 00 00 00 00 00 00 00
  0030: 00 00 00 00 00 00 00 00 00 00 00 00 00 00 00 00
  0040: 00 00 00 00 00 00 00 00 00 00 00 00 00 00 00 00
  0050: 00 00 00 00 00 00 00 00 00 00 00 00 00 00 00 00
  0060: 00 00 00 00 00 00 00 00 00 00 00 00 00 00 00 00
  0070: 00 00 00 00 00 00 00 00 00 00 00 00 00 00 00 00
  0080: 00
LN in_buf (decoded):
  X: 0 0 0 0 0 0 0 0
  GAMMA: -1338384885 -1187977470 0 0 0 0 0 0
  EPS: 0
222    0     1     1     0     0      0      0      0      -          0x00ff0117 LN1        1     -1    0     1       0x00ff0117 LN1      1     -1    0     0     1     0    
223    0     0     0     0     0      0      0      0      -          0x00ff0117 LN1        1     -1    0     2       0x00ff0117 LN1      1     -1    0     0     1     0    
224    0     0     0     0     0      1      0      0      LN1        0x00ff0117 LN1        1     -1    0     2       0x00ff0117 LN1      1     -1    0     0     1     0    
225    0     0     0     0     0      1      0      0      LN1        0x00ff0117 LN1        1     -1    0     2       0x00ff0117 LN1      1     -1    0     0     1     0    
226    0     0     0     0     0      0      0      1      LN1        0x00ff0117 LN1        1     -1    0     3       0x00ff0117 LN1      1     -1    0     0     1     0    
square_fx: 0.000000 0x00000000 (signed=0)
mean_square: 0.000000 0x00000000 (signed=0)
v: 1.000000 0x00002000 (signed=8192)
inv_rms: 1.000000 0x00002000 (signed=8192)
ln_cycle[0] normalized: 0.000000 0x00000000 (signed=0)
ln_cycle[0] scaled: 0.000000 0x00000000 (signed=0)
ln_cycle[0] y_raw: 0 0x00000000
ln_cycle[1] normalized: 0.000000 0x00000000 (signed=0)
ln_cycle[1] scaled: 0.000000 0x00000000 (signed=0)
ln_cycle[1] y_raw: 0 0x00000000
ln_cycle[2] normalized: 0.000000 0x00000000 (signed=0)
ln_cycle[2] scaled: 0.000000 0x00000000 (signed=0)
ln_cycle[2] y_raw: 0 0x00000000
ln_cycle[3] normalized: 0.000000 0x00000000 (signed=0)
ln_cycle[3] scaled: 0.000000 0x00000000 (signed=0)
ln_cycle[3] y_raw: 0 0x00000000
ln_cycle[4] normalized: 0.000000 0x00000000 (signed=0)
ln_cycle[4] scaled: 0.000000 0x00000000 (signed=0)
ln_cycle[4] y_raw: 0 0x00000000
ln_cycle[5] normalized: 0.000000 0x00000000 (signed=0)
ln_cycle[5] scaled: 0.000000 0x00000000 (signed=0)
ln_cycle[5] y_raw: 0 0x00000000
ln_cycle[6] normalized: 0.000000 0x00000000 (signed=0)
ln_cycle[6] scaled: 0.000000 0x00000000 (signed=0)
ln_cycle[6] y_raw: 0 0x00000000
ln_cycle[7] normalized: 0.000000 0x00000000 (signed=0)
ln_cycle[7] scaled: 0.000000 0x00000000 (signed=0)
ln_cycle[7] y_raw: 0 0x00000000
227    0     0     0     0     0      0      0      1      LN1        0x00ff0117 LN1        1     -1    0     4       0x00ff0117 LN1      1     -1    0     0     1     0    
228    0     0     0     0     0      0      0      1      -          0x00ff0117 LN1        1     -1    0     5       0x00ff0117 LN1      1     -1    0     0     1     0    
out_buf (done)[44]:
  0000: 00 00 00 00 00 00 00 00 00 00 00 00 00 00 00 00
  0010: 00 00 00 00 00 00 00 00 00 00 00 00 00 00 00 00
  0020: 00 00 00 00 00 00 00 00 00 00 00 00
LN out_buf (decoded):
  Y: 0 0 0 0 0 0 0 0
229    0     0     0     1     0      0      0      0      -          0x00ff0117 LN1        1     -1    0     0       0x00000000 -        0     0     0     0     1     0    
230    0     0     1     0     0      0      0      0      -          0x00ff0117 LN1        1     -1    0     0       0x00000000 -        0     0     0     0     1     0    
in_buf (send)[129]:
  0000: 00 00 00 00 00 00 00 00 01 00 00 00 01 00 00 00
  0010: 01 00 00 00 01 00 00 00 01 00 00 00 01 00 00 00
  0020: 01 00 00 00 01 00 00 00 01 00 00 00 00 00 00 00
  0030: 00 00 00 00 00 00 00 00 00 00 00 00 00 00 00 00
  0040: 00 00 00 00 00 00 00 00 00 00 00 00 00 00 00 00
  0050: 00 00 00 00 00 00 00 00 00 00 00 00 00 00 00 00
  0060: 00 00 00 00 00 00 00 00 00 00 00 00 00 00 00 00
  0070: 00 00 00 00 00 00 00 00 00 00 00 00 00 00 00 00
  0080: 00
231    0     1     1     0     0      0      0      0      -          0x00ff0118 RQ4        1     -1    0     1       0x00ff0118 RQ4      1     -1    0     0     1     0    
232    0     0     0     0     0      0      0      0      -          0x00ff0118 RQ4        1     -1    0     2       0x00ff0118 RQ4      1     -1    0     0     1     0    
233    0     0     0     0     0      1      0      0      RQ4        0x00ff0118 RQ4        1     -1    0     2       0x00ff0118 RQ4      1     -1    0     0     1     0    
234    0     0     0     0     0      1      0      0      RQ4        0x00ff0118 RQ4        1     -1    0     2       0x00ff0118 RQ4      1     -1    0     0     1     0    
235    0     0     0     0     0      0      0      1      RQ4        0x00ff0118 RQ4        1     -1    0     3       0x00ff0118 RQ4      1     -1    0     0     1     0    
236    0     0     0     0     0      0      0      1      RQ4        0x00ff0118 RQ4        1     -1    0     4       0x00ff0118 RQ4      1     -1    0     0     1     0    
237    0     0     0     0     0      0      0      1      -          0x00ff0118 RQ4        1     -1    0     5       0x00ff0118 RQ4      1     -1    0     0     1     0    
out_buf (done)[44]:
  0000: 00 00 00 00 00 00 00 00 00 00 00 00 00 00 00 00
  0010: 00 00 00 00 00 00 00 00 00 00 00 00 00 00 00 00
  0020: 00 00 00 00 00 00 00 00 00 00 00 00
238    0     0     0     1     0      0      0      0      -          0x00ff0118 RQ4        1     -1    0     0       0x00000000 -        0     0     0     0     1     0    
compute_controller_tb: PASS
INFO: [SIM 211-1] CSim done with 0 errors.
INFO: [SIM 211-3] *************** CSIM finish ***************
INFO: [HLS 200-112] Total CPU user time: 3.69 seconds. Total CPU system time: 0.88 seconds. Total elapsed time: 4.49 seconds; peak allocated memory: 445.070 MB.
INFO: [vitis-run 60-791] Total elapsed time: 0h 0m 8s
