WARNING: [v++ 60-2507] Dispatch failed to load the system diagram library librdi_system_diagram. Diagrams will not be produced.
  **** HLS Build v2025.1 6135595
INFO: [HLS 200-2005] Using work_dir /home/luka/Scripting/ELEC_498-Capstone-LiteLM/vitis_simulations/Top_Module/Compute_Controller/compute_controller 
INFO: [HLS 200-2176] Writing Vitis IDE component file /home/luka/Scripting/ELEC_498-Capstone-LiteLM/vitis_simulations/Top_Module/Compute_Controller/compute_controller/vitis-comp.json
INFO: [HLS 200-10] Creating and opening component '/home/luka/Scripting/ELEC_498-Capstone-LiteLM/vitis_simulations/Top_Module/Compute_Controller/compute_controller'.
INFO: [HLS 200-1505] Using default flow_target 'vivado'
Resolution: For help on HLS 200-1505 see docs.xilinx.com/access/sources/dita/topic?Doc_Version=2025.1%20English&url=ug1448-hls-guidance&resourceid=200-1505.html
INFO: [HLS 200-2174] Applying component config ini file /home/luka/Scripting/ELEC_498-Capstone-LiteLM/vitis_simulations/Top_Module/Compute_Controller/hls_config.cfg
INFO: [HLS 200-1465] Applying config ini 'syn.file=/home/luka/Scripting/ELEC_498-Capstone-LiteLM/HLS-Verilog/Transformer_logic/src-hls/compute_controller.hpp' from /home/luka/Scripting/ELEC_498-Capstone-LiteLM/vitis_simulations/Top_Module/Compute_Controller/hls_config.cfg(8)
INFO: [HLS 200-10] Adding design file '/home/luka/Scripting/ELEC_498-Capstone-LiteLM/HLS-Verilog/Transformer_logic/src-hls/compute_controller.hpp' to the project
INFO: [HLS 200-1465] Applying config ini 'syn.file=/home/luka/Scripting/ELEC_498-Capstone-LiteLM/HLS-Verilog/Transformer_logic/src-hls/compute_controller.cpp' from /home/luka/Scripting/ELEC_498-Capstone-LiteLM/vitis_simulations/Top_Module/Compute_Controller/hls_config.cfg(9)
INFO: [HLS 200-10] Adding design file '/home/luka/Scripting/ELEC_498-Capstone-LiteLM/HLS-Verilog/Transformer_logic/src-hls/compute_controller.cpp' to the project
INFO: [HLS 200-1465] Applying config ini 'syn.file=/home/luka/Scripting/ELEC_498-Capstone-LiteLM/HLS-Verilog/top_params.hpp' from /home/luka/Scripting/ELEC_498-Capstone-LiteLM/vitis_simulations/Top_Module/Compute_Controller/hls_config.cfg(10)
INFO: [HLS 200-10] Adding design file '/home/luka/Scripting/ELEC_498-Capstone-LiteLM/HLS-Verilog/top_params.hpp' to the project
INFO: [HLS 200-1465] Applying config ini 'tb.file=/home/luka/Scripting/ELEC_498-Capstone-LiteLM/HLS-Verilog/Transformer_logic/src-hls/computer_controller_tb.cpp' from /home/luka/Scripting/ELEC_498-Capstone-LiteLM/vitis_simulations/Top_Module/Compute_Controller/hls_config.cfg(11)
INFO: [HLS 200-10] Adding test bench file '/home/luka/Scripting/ELEC_498-Capstone-LiteLM/HLS-Verilog/Transformer_logic/src-hls/computer_controller_tb.cpp' to the project
INFO: [HLS 200-1465] Applying config ini 'syn.top=compute_controller' from /home/luka/Scripting/ELEC_498-Capstone-LiteLM/vitis_simulations/Top_Module/Compute_Controller/hls_config.cfg(7)
INFO: [HLS 200-1465] Applying config ini 'flow_target=vivado' from /home/luka/Scripting/ELEC_498-Capstone-LiteLM/vitis_simulations/Top_Module/Compute_Controller/hls_config.cfg(4)
INFO: [HLS 200-1505] Using flow_target 'vivado'
Resolution: For help on HLS 200-1505 see docs.xilinx.com/access/sources/dita/topic?Doc_Version=2025.1%20English&url=ug1448-hls-guidance&resourceid=200-1505.html
INFO: [HLS 200-1465] Applying config ini 'part=xck26-sfvc784-2LV-c' from /home/luka/Scripting/ELEC_498-Capstone-LiteLM/vitis_simulations/Top_Module/Compute_Controller/hls_config.cfg(1)
INFO: [HLS 200-1611] Setting target device to 'xck26-sfvc784-2LV-c'
INFO: [HLS 200-1465] Applying config ini 'clock=10ns' from /home/luka/Scripting/ELEC_498-Capstone-LiteLM/vitis_simulations/Top_Module/Compute_Controller/hls_config.cfg(12)
INFO: [SYN 201-201] Setting up clock 'default' with a period of 10ns.
INFO: [HLS 200-1465] Applying config ini 'package.output.format=ip_catalog' from /home/luka/Scripting/ELEC_498-Capstone-LiteLM/vitis_simulations/Top_Module/Compute_Controller/hls_config.cfg(5)
INFO: [HLS 200-2176] Writing Vitis IDE component file /home/luka/Scripting/ELEC_498-Capstone-LiteLM/vitis_simulations/Top_Module/Compute_Controller/compute_controller/vitis-comp.json
INFO: [HLS 200-111] Finished File checks and directory preparation: CPU user time: 2.67 seconds. CPU system time: 0.6 seconds. Elapsed time: 3.26 seconds; current allocated memory: 445.094 MB.
INFO: [HLS 200-10] Analyzing design file '/home/luka/Scripting/ELEC_498-Capstone-LiteLM/HLS-Verilog/Transformer_logic/src-hls/compute_controller.cpp' ... 
WARNING: [HLS 207-1016] unknown warning group '-Wmisleading-indentation', ignored (/tools/Xilinx/2025.1/Vitis/common/technology/autopilot/etc/hls_sqrt_apfixed.h:16:34)
INFO: [HLS 200-111] Finished Source Code Analysis and Preprocessing: CPU user time: 18.92 seconds. CPU system time: 1.57 seconds. Elapsed time: 20.48 seconds; current allocated memory: 451.035 MB.
INFO: [HLS 200-777] Using interface defaults for 'Vivado' flow target.
INFO: [HLS 200-1995] There were 537 instructions in the design after the 'Compile/Link' phase of compilation. See the Design Size Report for more details (/home/luka/Scripting/ELEC_498-Capstone-LiteLM/vitis_simulations/Top_Module/Compute_Controller/compute_controller/hls/syn/report/csynth_design_size.rpt:2)
INFO: [HLS 200-1995] There were 406 instructions in the design after the 'Unroll/Inline (step 1)' phase of compilation. See the Design Size Report for more details (/home/luka/Scripting/ELEC_498-Capstone-LiteLM/vitis_simulations/Top_Module/Compute_Controller/compute_controller/hls/syn/report/csynth_design_size.rpt:2)
INFO: [HLS 200-1995] There were 317 instructions in the design after the 'Unroll/Inline (step 2)' phase of compilation. See the Design Size Report for more details (/home/luka/Scripting/ELEC_498-Capstone-LiteLM/vitis_simulations/Top_Module/Compute_Controller/compute_controller/hls/syn/report/csynth_design_size.rpt:2)
INFO: [HLS 200-1995] There were 309 instructions in the design after the 'Unroll/Inline (step 3)' phase of compilation. See the Design Size Report for more details (/home/luka/Scripting/ELEC_498-Capstone-LiteLM/vitis_simulations/Top_Module/Compute_Controller/compute_controller/hls/syn/report/csynth_design_size.rpt:2)
INFO: [HLS 200-1995] There were 297 instructions in the design after the 'Unroll/Inline (step 4)' phase of compilation. See the Design Size Report for more details (/home/luka/Scripting/ELEC_498-Capstone-LiteLM/vitis_simulations/Top_Module/Compute_Controller/compute_controller/hls/syn/report/csynth_design_size.rpt:2)
INFO: [HLS 200-1995] There were 298 instructions in the design after the 'Array/Struct (step 1)' phase of compilation. See the Design Size Report for more details (/home/luka/Scripting/ELEC_498-Capstone-LiteLM/vitis_simulations/Top_Module/Compute_Controller/compute_controller/hls/syn/report/csynth_design_size.rpt:2)
INFO: [HLS 200-1995] There were 298 instructions in the design after the 'Array/Struct (step 2)' phase of compilation. See the Design Size Report for more details (/home/luka/Scripting/ELEC_498-Capstone-LiteLM/vitis_simulations/Top_Module/Compute_Controller/compute_controller/hls/syn/report/csynth_design_size.rpt:2)
INFO: [HLS 200-1995] There were 298 instructions in the design after the 'Array/Struct (step 3)' phase of compilation. See the Design Size Report for more details (/home/luka/Scripting/ELEC_498-Capstone-LiteLM/vitis_simulations/Top_Module/Compute_Controller/compute_controller/hls/syn/report/csynth_design_size.rpt:2)
INFO: [HLS 200-1995] There were 298 instructions in the design after the 'Array/Struct (step 4)' phase of compilation. See the Design Size Report for more details (/home/luka/Scripting/ELEC_498-Capstone-LiteLM/vitis_simulations/Top_Module/Compute_Controller/compute_controller/hls/syn/report/csynth_design_size.rpt:2)
INFO: [HLS 200-1995] There were 298 instructions in the design after the 'Array/Struct (step 5)' phase of compilation. See the Design Size Report for more details (/home/luka/Scripting/ELEC_498-Capstone-LiteLM/vitis_simulations/Top_Module/Compute_Controller/compute_controller/hls/syn/report/csynth_design_size.rpt:2)
INFO: [HLS 200-1995] There were 298 instructions in the design after the 'Performance (step 1)' phase of compilation. See the Design Size Report for more details (/home/luka/Scripting/ELEC_498-Capstone-LiteLM/vitis_simulations/Top_Module/Compute_Controller/compute_controller/hls/syn/report/csynth_design_size.rpt:2)
INFO: [HLS 200-1995] There were 298 instructions in the design after the 'Performance (step 2)' phase of compilation. See the Design Size Report for more details (/home/luka/Scripting/ELEC_498-Capstone-LiteLM/vitis_simulations/Top_Module/Compute_Controller/compute_controller/hls/syn/report/csynth_design_size.rpt:2)
INFO: [HLS 200-1995] There were 308 instructions in the design after the 'Performance (step 3)' phase of compilation. See the Design Size Report for more details (/home/luka/Scripting/ELEC_498-Capstone-LiteLM/vitis_simulations/Top_Module/Compute_Controller/compute_controller/hls/syn/report/csynth_design_size.rpt:2)
INFO: [HLS 200-1995] There were 300 instructions in the design after the 'Performance (step 4)' phase of compilation. See the Design Size Report for more details (/home/luka/Scripting/ELEC_498-Capstone-LiteLM/vitis_simulations/Top_Module/Compute_Controller/compute_controller/hls/syn/report/csynth_design_size.rpt:2)
INFO: [HLS 200-1995] There were 331 instructions in the design after the 'HW Transforms (step 1)' phase of compilation. See the Design Size Report for more details (/home/luka/Scripting/ELEC_498-Capstone-LiteLM/vitis_simulations/Top_Module/Compute_Controller/compute_controller/hls/syn/report/csynth_design_size.rpt:2)
INFO: [HLS 200-1995] There were 335 instructions in the design after the 'HW Transforms (step 2)' phase of compilation. See the Design Size Report for more details (/home/luka/Scripting/ELEC_498-Capstone-LiteLM/vitis_simulations/Top_Module/Compute_Controller/compute_controller/hls/syn/report/csynth_design_size.rpt:2)
INFO: [HLS 214-186] Unrolling loop 'VITIS_LOOP_24_1' (/home/luka/Scripting/ELEC_498-Capstone-LiteLM/HLS-Verilog/Transformer_logic/src-hls/compute_controller.cpp:24:19) in function 'OUT_PROJ' completely with a factor of 2 (/home/luka/Scripting/ELEC_498-Capstone-LiteLM/HLS-Verilog/Transformer_logic/src-hls/compute_controller.cpp:13:0)
INFO: [HLS 214-186] Unrolling loop 'VITIS_LOOP_27_2' (/home/luka/Scripting/ELEC_498-Capstone-LiteLM/HLS-Verilog/Transformer_logic/src-hls/compute_controller.cpp:27:26) in function 'OUT_PROJ' completely with a factor of 8 (/home/luka/Scripting/ELEC_498-Capstone-LiteLM/HLS-Verilog/Transformer_logic/src-hls/compute_controller.cpp:13:0)
INFO: [HLS 214-178] Inlining function 'compute_buf::read_i8(unsigned char const*, int)' into 'compute_controller(bool, bool, unsigned int, bool&, bool&, bool, bool&, bool&, unsigned int&, unsigned char const*, unsigned char*, ComputeState&, unsigned int&, unsigned char&, unsigned char&, unsigned char&, unsigned char&, bool&)' (/home/luka/Scripting/ELEC_498-Capstone-LiteLM/HLS-Verilog/Transformer_logic/src-hls/compute_controller.cpp:208:0)
INFO: [HLS 214-178] Inlining function 'compute_buf::read_i4(unsigned char const*, int)' into 'compute_controller(bool, bool, unsigned int, bool&, bool&, bool, bool&, bool&, unsigned int&, unsigned char const*, unsigned char*, ComputeState&, unsigned int&, unsigned char&, unsigned char&, unsigned char&, unsigned char&, bool&)' (/home/luka/Scripting/ELEC_498-Capstone-LiteLM/HLS-Verilog/Transformer_logic/src-hls/compute_controller.cpp:208:0)
INFO: [HLS 214-178] Inlining function 'compute_buf::write_i32(unsigned char*, int, int)' into 'compute_controller(bool, bool, unsigned int, bool&, bool&, bool, bool&, bool&, unsigned int&, unsigned char const*, unsigned char*, ComputeState&, unsigned int&, unsigned char&, unsigned char&, unsigned char&, unsigned char&, bool&)' (/home/luka/Scripting/ELEC_498-Capstone-LiteLM/HLS-Verilog/Transformer_logic/src-hls/compute_controller.cpp:208:0)
INFO: [HLS 214-376] automatically set the pipeline for Loop< VITIS_LOOP_294_1> at /home/luka/Scripting/ELEC_498-Capstone-LiteLM/HLS-Verilog/Transformer_logic/src-hls/compute_controller.cpp:294:39 
INFO: [HLS 214-376] automatically set the pipeline for Loop< VITIS_LOOP_299_2> at /home/luka/Scripting/ELEC_498-Capstone-LiteLM/HLS-Verilog/Transformer_logic/src-hls/compute_controller.cpp:299:39 
INFO: [HLS 214-376] automatically set the pipeline for Loop< VITIS_LOOP_304_3> at /home/luka/Scripting/ELEC_498-Capstone-LiteLM/HLS-Verilog/Transformer_logic/src-hls/compute_controller.cpp:304:39 
INFO: [HLS 214-376] automatically set the pipeline for Loop< VITIS_LOOP_312_4> at /home/luka/Scripting/ELEC_498-Capstone-LiteLM/HLS-Verilog/Transformer_logic/src-hls/compute_controller.cpp:312:39 
INFO: [HLS 214-421] Automatically partitioning small array 'bias' completely based on array size. (/home/luka/Scripting/ELEC_498-Capstone-LiteLM/HLS-Verilog/Transformer_logic/src-hls/compute_controller.cpp:291:28)
INFO: [HLS 214-421] Automatically partitioning small array 'out' completely based on array size. (/home/luka/Scripting/ELEC_498-Capstone-LiteLM/HLS-Verilog/Transformer_logic/src-hls/compute_controller.cpp:292:29)
INFO: [HLS 214-270] Inferring pragma 'array_partition type=complete dim=1' for array 'bias' due to pipeline pragma (/home/luka/Scripting/ELEC_498-Capstone-LiteLM/HLS-Verilog/Transformer_logic/src-hls/compute_controller.cpp:291:28)
INFO: [HLS 214-270] Inferring pragma 'array_partition type=complete dim=1' for array 'out' due to pipeline pragma (/home/luka/Scripting/ELEC_498-Capstone-LiteLM/HLS-Verilog/Transformer_logic/src-hls/compute_controller.cpp:292:29)
INFO: [HLS 214-248] Applying array_partition to 'bias': Complete partitioning on dimension 1. (/home/luka/Scripting/ELEC_498-Capstone-LiteLM/HLS-Verilog/Transformer_logic/src-hls/compute_controller.cpp:291:28)
INFO: [HLS 214-248] Applying array_partition to 'out': Complete partitioning on dimension 1. (/home/luka/Scripting/ELEC_498-Capstone-LiteLM/HLS-Verilog/Transformer_logic/src-hls/compute_controller.cpp:292:29)
INFO: [HLS 200-111] Finished Compiling Optimization and Transform: CPU user time: 1.65 seconds. CPU system time: 0.55 seconds. Elapsed time: 6.79 seconds; current allocated memory: 452.098 MB.
INFO: [HLS 200-111] Finished Checking Pragmas: CPU user time: 0 seconds. CPU system time: 0 seconds. Elapsed time: 0 seconds; current allocated memory: 452.098 MB.
INFO: [HLS 200-10] Starting code transformations ...
INFO: [HLS 200-111] Finished Standard Transforms: CPU user time: 0.01 seconds. CPU system time: 0.01 seconds. Elapsed time: 0.01 seconds; current allocated memory: 452.281 MB.
INFO: [HLS 200-10] Checking synthesizability ...
INFO: [HLS 200-111] Finished Checking Synthesizability: CPU user time: 0.02 seconds. CPU system time: 0 seconds. Elapsed time: 0.02 seconds; current allocated memory: 452.742 MB.
INFO: [XFORM 203-11] Balancing expressions in function 'OUT_PROJ' (/home/luka/Scripting/ELEC_498-Capstone-LiteLM/HLS-Verilog/Transformer_logic/src-hls/compute_controller.cpp:9:1)...16 expression(s) balanced.
INFO: [HLS 200-111] Finished Loop, function and other optimizations: CPU user time: 0.06 seconds. CPU system time: 0.01 seconds. Elapsed time: 0.07 seconds; current allocated memory: 474.996 MB.
INFO: [HLS 200-111] Finished Architecture Synthesis: CPU user time: 0.06 seconds. CPU system time: 0.02 seconds. Elapsed time: 0.07 seconds; current allocated memory: 513.875 MB.
INFO: [HLS 200-10] Starting hardware synthesis ...
INFO: [HLS 200-10] Synthesizing 'compute_controller' ...
INFO: [HLS 200-10] ----------------------------------------------------------------
INFO: [HLS 200-42] -- Implementing module 'compute_controller_Pipeline_VITIS_LOOP_294_1' 
INFO: [HLS 200-10] ----------------------------------------------------------------
INFO: [SCHED 204-11] Starting scheduling ...
INFO: [SCHED 204-61] Pipelining loop 'VITIS_LOOP_294_1'.
INFO: [HLS 200-1470] Pipelining result : Target II = NA, Final II = 1, Depth = 2, loop 'VITIS_LOOP_294_1'
INFO: [SCHED 204-11] Finished scheduling.
INFO: [HLS 200-111] Finished Scheduling: CPU user time: 0.03 seconds. CPU system time: 0.03 seconds. Elapsed time: 0.05 seconds; current allocated memory: 514.805 MB.
INFO: [BIND 205-100] Starting micro-architecture generation ...
INFO: [BIND 205-101] Performing variable lifetime analysis.
INFO: [BIND 205-101] Exploring resource sharing.
INFO: [BIND 205-101] Binding ...
INFO: [BIND 205-100] Finished micro-architecture generation.
INFO: [HLS 200-111] Finished Binding: CPU user time: 0.01 seconds. CPU system time: 0 seconds. Elapsed time: 0.01 seconds; current allocated memory: 514.805 MB.
INFO: [HLS 200-10] ----------------------------------------------------------------
INFO: [HLS 200-42] -- Implementing module 'compute_controller_Pipeline_VITIS_LOOP_299_2' 
INFO: [HLS 200-10] ----------------------------------------------------------------
INFO: [SCHED 204-11] Starting scheduling ...
INFO: [SCHED 204-61] Pipelining loop 'VITIS_LOOP_299_2'.
INFO: [HLS 200-1470] Pipelining result : Target II = NA, Final II = 1, Depth = 2, loop 'VITIS_LOOP_299_2'
INFO: [SCHED 204-11] Finished scheduling.
INFO: [HLS 200-111] Finished Scheduling: CPU user time: 0.02 seconds. CPU system time: 0 seconds. Elapsed time: 0.02 seconds; current allocated memory: 514.812 MB.
INFO: [BIND 205-100] Starting micro-architecture generation ...
INFO: [BIND 205-101] Performing variable lifetime analysis.
INFO: [BIND 205-101] Exploring resource sharing.
INFO: [BIND 205-101] Binding ...
INFO: [BIND 205-100] Finished micro-architecture generation.
INFO: [HLS 200-111] Finished Binding: CPU user time: 0.01 seconds. CPU system time: 0 seconds. Elapsed time: 0.01 seconds; current allocated memory: 514.812 MB.
INFO: [HLS 200-10] ----------------------------------------------------------------
INFO: [HLS 200-42] -- Implementing module 'compute_controller_Pipeline_VITIS_LOOP_304_3' 
INFO: [HLS 200-10] ----------------------------------------------------------------
INFO: [SCHED 204-11] Starting scheduling ...
INFO: [SCHED 204-61] Pipelining loop 'VITIS_LOOP_304_3'.
INFO: [HLS 200-1470] Pipelining result : Target II = NA, Final II = 1, Depth = 1, loop 'VITIS_LOOP_304_3'
INFO: [SCHED 204-11] Finished scheduling.
INFO: [HLS 200-111] Finished Scheduling: CPU user time: 0.02 seconds. CPU system time: 0 seconds. Elapsed time: 0.01 seconds; current allocated memory: 514.832 MB.
INFO: [BIND 205-100] Starting micro-architecture generation ...
INFO: [BIND 205-101] Performing variable lifetime analysis.
INFO: [BIND 205-101] Exploring resource sharing.
INFO: [BIND 205-101] Binding ...
INFO: [BIND 205-100] Finished micro-architecture generation.
INFO: [HLS 200-111] Finished Binding: CPU user time: 0 seconds. CPU system time: 0.01 seconds. Elapsed time: 0.01 seconds; current allocated memory: 514.832 MB.
INFO: [HLS 200-10] ----------------------------------------------------------------
INFO: [HLS 200-42] -- Implementing module 'OUT_PROJ' 
INFO: [HLS 200-10] ----------------------------------------------------------------
INFO: [SCHED 204-11] Starting scheduling ...
INFO: [HLS 200-486] Changing DSP latency (root=add_ln30_13) to 3 in order to utilize available DSP registers.
INFO: [HLS 200-486] Changing DSP latency (root=add_ln30_12) to 3 in order to utilize available DSP registers.
INFO: [HLS 200-486] Changing DSP latency (root=add_ln30_11) to 3 in order to utilize available DSP registers.
INFO: [HLS 200-486] Changing DSP latency (root=add_ln30_9) to 3 in order to utilize available DSP registers.
INFO: [HLS 200-486] Changing DSP latency (root=add_ln30_8) to 3 in order to utilize available DSP registers.
INFO: [HLS 200-486] Changing DSP latency (root=add_ln30_5) to 3 in order to utilize available DSP registers.
INFO: [HLS 200-486] Changing DSP latency (root=add_ln30_4) to 3 in order to utilize available DSP registers.
INFO: [HLS 200-486] Changing DSP latency (root=add_ln30_3) to 3 in order to utilize available DSP registers.
INFO: [HLS 200-486] Changing DSP latency (root=add_ln30_1) to 3 in order to utilize available DSP registers.
INFO: [HLS 200-486] Changing DSP latency (root=add_ln30) to 3 in order to utilize available DSP registers.
INFO: [SCHED 204-11] Finished scheduling.
INFO: [HLS 200-111] Finished Scheduling: CPU user time: 0.05 seconds. CPU system time: 0 seconds. Elapsed time: 0.05 seconds; current allocated memory: 514.969 MB.
INFO: [BIND 205-100] Starting micro-architecture generation ...
INFO: [BIND 205-101] Performing variable lifetime analysis.
INFO: [BIND 205-101] Exploring resource sharing.
INFO: [BIND 205-101] Binding ...
INFO: [BIND 205-100] Finished micro-architecture generation.
INFO: [HLS 200-111] Finished Binding: CPU user time: 0.02 seconds. CPU system time: 0 seconds. Elapsed time: 0.02 seconds; current allocated memory: 514.969 MB.
INFO: [HLS 200-10] ----------------------------------------------------------------
INFO: [HLS 200-42] -- Implementing module 'compute_controller_Pipeline_VITIS_LOOP_312_4' 
INFO: [HLS 200-10] ----------------------------------------------------------------
INFO: [SCHED 204-11] Starting scheduling ...
INFO: [SCHED 204-61] Pipelining loop 'VITIS_LOOP_312_4'.
WARNING: [HLS 200-885] The II Violation in module 'compute_controller_Pipeline_VITIS_LOOP_312_4' (loop 'VITIS_LOOP_312_4'): Unable to schedule 'store' operation 0 bit ('out_buf_addr_1_write_ln180', /home/luka/Scripting/ELEC_498-Capstone-LiteLM/HLS-Verilog/Transformer_logic/src-hls/compute_buffer_layout.hpp:180->/home/luka/Scripting/ELEC_498-Capstone-LiteLM/HLS-Verilog/Transformer_logic/src-hls/compute_controller.cpp:313) of variable 'trunc_ln7', /home/luka/Scripting/ELEC_498-Capstone-LiteLM/HLS-Verilog/Transformer_logic/src-hls/compute_buffer_layout.hpp:180->/home/luka/Scripting/ELEC_498-Capstone-LiteLM/HLS-Verilog/Transformer_logic/src-hls/compute_controller.cpp:313 on array 'out_buf' due to limited memory ports (II = 1). Please consider using a memory core with more ports or partitioning the array 'out_buf'.
Resolution: For help on HLS 200-885 see docs.xilinx.com/access/sources/dita/topic?Doc_Version=2025.1%20English&url=ug1448-hls-guidance&resourceid=200-885.html
INFO: [HLS 200-1470] Pipelining result : Target II = NA, Final II = 2, Depth = 2, loop 'VITIS_LOOP_312_4'
INFO: [SCHED 204-11] Finished scheduling.
INFO: [HLS 200-111] Finished Scheduling: CPU user time: 0.03 seconds. CPU system time: 0 seconds. Elapsed time: 0.03 seconds; current allocated memory: 515.180 MB.
INFO: [BIND 205-100] Starting micro-architecture generation ...
INFO: [BIND 205-101] Performing variable lifetime analysis.
INFO: [BIND 205-101] Exploring resource sharing.
INFO: [BIND 205-101] Binding ...
INFO: [BIND 205-100] Finished micro-architecture generation.
INFO: [HLS 200-111] Finished Binding: CPU user time: 0.01 seconds. CPU system time: 0 seconds. Elapsed time: 0.01 seconds; current allocated memory: 515.180 MB.
INFO: [HLS 200-10] ----------------------------------------------------------------
INFO: [HLS 200-42] -- Implementing module 'compute_controller' 
INFO: [HLS 200-10] ----------------------------------------------------------------
INFO: [SCHED 204-11] Starting scheduling ...
INFO: [SCHED 204-11] Finished scheduling.
INFO: [HLS 200-111] Finished Scheduling: CPU user time: 0.04 seconds. CPU system time: 0 seconds. Elapsed time: 0.03 seconds; current allocated memory: 516.793 MB.
INFO: [BIND 205-100] Starting micro-architecture generation ...
INFO: [BIND 205-101] Performing variable lifetime analysis.
INFO: [BIND 205-101] Exploring resource sharing.
INFO: [BIND 205-101] Binding ...
INFO: [BIND 205-100] Finished micro-architecture generation.
INFO: [HLS 200-111] Finished Binding: CPU user time: 0.01 seconds. CPU system time: 0 seconds. Elapsed time: 0.02 seconds; current allocated memory: 516.793 MB.
INFO: [HLS 200-10] ----------------------------------------------------------------
INFO: [HLS 200-10] -- Generating RTL for module 'compute_controller_Pipeline_VITIS_LOOP_294_1' 
INFO: [HLS 200-10] ----------------------------------------------------------------
INFO: [HLS 200-1030] Apply Unified Pipeline Control on module 'compute_controller_Pipeline_VITIS_LOOP_294_1' pipeline 'VITIS_LOOP_294_1' pipeline type 'loop pipeline'
INFO: [RTGEN 206-100] Finished creating RTL model for 'compute_controller_Pipeline_VITIS_LOOP_294_1'.
INFO: [HLS 200-111] Finished Creating RTL model: CPU user time: 0.02 seconds. CPU system time: 0.01 seconds. Elapsed time: 0.03 seconds; current allocated memory: 516.793 MB.
INFO: [HLS 200-10] ----------------------------------------------------------------
INFO: [HLS 200-10] -- Generating RTL for module 'compute_controller_Pipeline_VITIS_LOOP_299_2' 
INFO: [HLS 200-10] ----------------------------------------------------------------
INFO: [HLS 200-1030] Apply Unified Pipeline Control on module 'compute_controller_Pipeline_VITIS_LOOP_299_2' pipeline 'VITIS_LOOP_299_2' pipeline type 'loop pipeline'
INFO: [RTGEN 206-100] Finished creating RTL model for 'compute_controller_Pipeline_VITIS_LOOP_299_2'.
INFO: [HLS 200-111] Finished Creating RTL model: CPU user time: 0.03 seconds. CPU system time: 0 seconds. Elapsed time: 0.03 seconds; current allocated memory: 516.793 MB.
INFO: [HLS 200-10] ----------------------------------------------------------------
INFO: [HLS 200-10] -- Generating RTL for module 'compute_controller_Pipeline_VITIS_LOOP_304_3' 
INFO: [HLS 200-10] ----------------------------------------------------------------
INFO: [RTGEN 206-100] Finished creating RTL model for 'compute_controller_Pipeline_VITIS_LOOP_304_3'.
INFO: [HLS 200-111] Finished Creating RTL model: CPU user time: 0.03 seconds. CPU system time: 0.01 seconds. Elapsed time: 0.03 seconds; current allocated memory: 517.199 MB.
INFO: [HLS 200-10] ----------------------------------------------------------------
INFO: [HLS 200-10] -- Generating RTL for module 'OUT_PROJ' 
INFO: [HLS 200-10] ----------------------------------------------------------------
INFO: [RTGEN 206-100] Generating core module 'mac_muladd_8s_4s_12s_13_4_1': 8 instance(s).
INFO: [RTGEN 206-100] Generating core module 'mac_muladd_8s_4s_4s_12_4_1': 2 instance(s).
INFO: [RTGEN 206-100] Generating core module 'mul_8s_4s_12_1_1': 6 instance(s).
INFO: [RTGEN 206-100] Finished creating RTL model for 'OUT_PROJ'.
INFO: [HLS 200-111] Finished Creating RTL model: CPU user time: 0.04 seconds. CPU system time: 0.01 seconds. Elapsed time: 0.05 seconds; current allocated memory: 518.848 MB.
INFO: [HLS 200-10] ----------------------------------------------------------------
INFO: [HLS 200-10] -- Generating RTL for module 'compute_controller_Pipeline_VITIS_LOOP_312_4' 
INFO: [HLS 200-10] ----------------------------------------------------------------
INFO: [RTGEN 206-100] Finished creating RTL model for 'compute_controller_Pipeline_VITIS_LOOP_312_4'.
INFO: [HLS 200-111] Finished Creating RTL model: CPU user time: 0.06 seconds. CPU system time: 0.02 seconds. Elapsed time: 0.08 seconds; current allocated memory: 521.754 MB.
INFO: [HLS 200-10] ----------------------------------------------------------------
INFO: [HLS 200-10] -- Generating RTL for module 'compute_controller' 
INFO: [HLS 200-10] ----------------------------------------------------------------
INFO: [RTGEN 206-500] Setting interface mode on port 'compute_controller/reset' to 'ap_none'.
INFO: [RTGEN 206-500] Setting interface mode on port 'compute_controller/compute_start' to 'ap_none'.
INFO: [RTGEN 206-500] Setting interface mode on port 'compute_controller/compute_instruction' to 'ap_none'.
INFO: [RTGEN 206-500] Setting interface mode on port 'compute_controller/compute_ready' to 'ap_vld'.
INFO: [RTGEN 206-500] Setting interface mode on port 'compute_controller/compute_done' to 'ap_vld'.
INFO: [RTGEN 206-500] Setting interface mode on port 'compute_controller/mem_transfer_done' to 'ap_none'.
INFO: [RTGEN 206-500] Setting interface mode on port 'compute_controller/mem_read_request' to 'ap_vld'.
INFO: [RTGEN 206-500] Setting interface mode on port 'compute_controller/mem_write_request' to 'ap_vld'.
INFO: [RTGEN 206-500] Setting interface mode on port 'compute_controller/mem_op' to 'ap_vld'.
INFO: [RTGEN 206-500] Setting interface mode on port 'compute_controller/in_buf' to 'ap_memory'.
INFO: [RTGEN 206-500] Setting interface mode on port 'compute_controller/out_buf' to 'ap_memory'.
INFO: [RTGEN 206-500] Setting interface mode on port 'compute_controller/dbg_state' to 'ap_vld'.
INFO: [RTGEN 206-500] Setting interface mode on port 'compute_controller/dbg_req_instruction' to 'ap_vld'.
INFO: [RTGEN 206-500] Setting interface mode on port 'compute_controller/dbg_req_op' to 'ap_vld'.
INFO: [RTGEN 206-500] Setting interface mode on port 'compute_controller/dbg_req_layer' to 'ap_vld'.
INFO: [RTGEN 206-500] Setting interface mode on port 'compute_controller/dbg_req_head' to 'ap_vld'.
INFO: [RTGEN 206-500] Setting interface mode on port 'compute_controller/dbg_req_tile' to 'ap_vld'.
INFO: [RTGEN 206-500] Setting interface mode on port 'compute_controller/error' to 'ap_vld'.
INFO: [RTGEN 206-500] Setting interface mode on function 'compute_controller' to 'ap_ctrl_hs'.
WARNING: [RTGEN 206-101] Register 'state' is power-on initialization.
WARNING: [RTGEN 206-101] Register 'req_instruction' is power-on initialization.
WARNING: [RTGEN 206-101] Register 'req_op' is power-on initialization.
WARNING: [RTGEN 206-101] Register 'req_layer_idx' is power-on initialization.
WARNING: [RTGEN 206-101] Register 'req_head_idx' is power-on initialization.
WARNING: [RTGEN 206-101] Register 'req_tile_idx' is power-on initialization.
INFO: [RTGEN 206-100] Finished creating RTL model for 'compute_controller'.
INFO: [RTMG 210-278] Implementing memory 'compute_controller_vectorA_RAM_AUTO_1R1W' using auto RAMs.
INFO: [RTMG 210-278] Implementing memory 'compute_controller_matrixB_RAM_AUTO_1R1W' using auto RAMs.
INFO: [HLS 200-111] Finished Creating RTL model: CPU user time: 0.06 seconds. CPU system time: 0 seconds. Elapsed time: 0.06 seconds; current allocated memory: 523.188 MB.
INFO: [HLS 200-111] Finished Generating all RTL models: CPU user time: 0.16 seconds. CPU system time: 0.02 seconds. Elapsed time: 0.19 seconds; current allocated memory: 528.109 MB.
INFO: [HLS 200-111] Finished Updating report files: CPU user time: 0.46 seconds. CPU system time: 0.08 seconds. Elapsed time: 0.54 seconds; current allocated memory: 532.852 MB.
INFO: [VHDL 208-304] Generating VHDL RTL for compute_controller.
INFO: [VLOG 209-307] Generating Verilog RTL for compute_controller.
INFO: [HLS 200-790] **** Loop Constraint Status: All loop constraints were NOT satisfied.
INFO: [HLS 200-789] **** Estimated Fmax: 292.23 MHz
INFO: [HLS 200-112] Total CPU user time: 24.51 seconds. Total CPU system time: 2.95 seconds. Total elapsed time: 32.02 seconds; peak allocated memory: 532.852 MB.
INFO: [v++ 60-791] Total elapsed time: 0h 0m 35s
