WARNING: [vitis-run 60-2507] Dispatch failed to load the system diagram library librdi_system_diagram. Diagrams will not be produced.
  **** HLS Build v2025.1 6135595
INFO: [HLS 200-2005] Using work_dir /home/luka/Scripting/ELEC_498-Capstone-LiteLM/vitis_simulations/Top_Module/Compute_Controller/compute_controller 
INFO: [HLS 200-2176] Writing Vitis IDE component file /home/luka/Scripting/ELEC_498-Capstone-LiteLM/vitis_simulations/Top_Module/Compute_Controller/compute_controller/vitis-comp.json
INFO: [HLS 200-10] Creating and opening component '/home/luka/Scripting/ELEC_498-Capstone-LiteLM/vitis_simulations/Top_Module/Compute_Controller/compute_controller'.
INFO: [HLS 200-1505] Using default flow_target 'vivado'
Resolution: For help on HLS 200-1505 see docs.xilinx.com/access/sources/dita/topic?Doc_Version=2025.1%20English&url=ug1448-hls-guidance&resourceid=200-1505.html
INFO: [HLS 200-2174] Applying component config ini file /home/luka/Scripting/ELEC_498-Capstone-LiteLM/vitis_simulations/Top_Module/Compute_Controller/hls_config.cfg
INFO: [HLS 200-1465] Applying config ini 'syn.file=/home/luka/Scripting/ELEC_498-Capstone-LiteLM/HLS-Verilog/Transformer_logic/src-hls/compute_controller.hpp' from /home/luka/Scripting/ELEC_498-Capstone-LiteLM/vitis_simulations/Top_Module/Compute_Controller/hls_config.cfg(8)
INFO: [HLS 200-10] Adding design file '/home/luka/Scripting/ELEC_498-Capstone-LiteLM/HLS-Verilog/Transformer_logic/src-hls/compute_controller.hpp' to the project
INFO: [HLS 200-1465] Applying config ini 'syn.file=/home/luka/Scripting/ELEC_498-Capstone-LiteLM/HLS-Verilog/Transformer_logic/src-hls/compute_controller.cpp' from /home/luka/Scripting/ELEC_498-Capstone-LiteLM/vitis_simulations/Top_Module/Compute_Controller/hls_config.cfg(9)
INFO: [HLS 200-10] Adding design file '/home/luka/Scripting/ELEC_498-Capstone-LiteLM/HLS-Verilog/Transformer_logic/src-hls/compute_controller.cpp' to the project
INFO: [HLS 200-1465] Applying config ini 'syn.file=/home/luka/Scripting/ELEC_498-Capstone-LiteLM/HLS-Verilog/top_params.hpp' from /home/luka/Scripting/ELEC_498-Capstone-LiteLM/vitis_simulations/Top_Module/Compute_Controller/hls_config.cfg(10)
INFO: [HLS 200-10] Adding design file '/home/luka/Scripting/ELEC_498-Capstone-LiteLM/HLS-Verilog/top_params.hpp' to the project
INFO: [HLS 200-1465] Applying config ini 'tb.file=/home/luka/Scripting/ELEC_498-Capstone-LiteLM/HLS-Verilog/Transformer_logic/src-hls/computer_controller_tb.cpp' from /home/luka/Scripting/ELEC_498-Capstone-LiteLM/vitis_simulations/Top_Module/Compute_Controller/hls_config.cfg(11)
INFO: [HLS 200-10] Adding test bench file '/home/luka/Scripting/ELEC_498-Capstone-LiteLM/HLS-Verilog/Transformer_logic/src-hls/computer_controller_tb.cpp' to the project
INFO: [HLS 200-1465] Applying config ini 'syn.top=compute_controller' from /home/luka/Scripting/ELEC_498-Capstone-LiteLM/vitis_simulations/Top_Module/Compute_Controller/hls_config.cfg(7)
INFO: [HLS 200-1465] Applying config ini 'flow_target=vivado' from /home/luka/Scripting/ELEC_498-Capstone-LiteLM/vitis_simulations/Top_Module/Compute_Controller/hls_config.cfg(4)
INFO: [HLS 200-1505] Using flow_target 'vivado'
Resolution: For help on HLS 200-1505 see docs.xilinx.com/access/sources/dita/topic?Doc_Version=2025.1%20English&url=ug1448-hls-guidance&resourceid=200-1505.html
INFO: [HLS 200-1465] Applying config ini 'part=xck26-sfvc784-2LV-c' from /home/luka/Scripting/ELEC_498-Capstone-LiteLM/vitis_simulations/Top_Module/Compute_Controller/hls_config.cfg(1)
INFO: [HLS 200-1611] Setting target device to 'xck26-sfvc784-2LV-c'
INFO: [HLS 200-1465] Applying config ini 'clock=10ns' from /home/luka/Scripting/ELEC_498-Capstone-LiteLM/vitis_simulations/Top_Module/Compute_Controller/hls_config.cfg(12)
INFO: [SYN 201-201] Setting up clock 'default' with a period of 10ns.
INFO: [HLS 200-1465] Applying config ini 'package.output.format=ip_catalog' from /home/luka/Scripting/ELEC_498-Capstone-LiteLM/vitis_simulations/Top_Module/Compute_Controller/hls_config.cfg(5)
INFO: [HLS 200-2176] Writing Vitis IDE component file /home/luka/Scripting/ELEC_498-Capstone-LiteLM/vitis_simulations/Top_Module/Compute_Controller/compute_controller/vitis-comp.json
INFO: [SIM 211-2] *************** CSIM start ***************
INFO: [SIM 211-4] CSIM will launch CLANG as the compiler.
INFO: [HLS 200-2036] Building debug C Simulation binaries
   Compiling ../../../../../../../HLS-Verilog/Transformer_logic/src-hls/compute_controller.cpp in debug mode
   Generating csim.exe
D_MODEL=8 D_TILE_WO=2 NUM_WO_TILES=4
valueA[8]: 1 2 3 4 5 6 7 8
bias[8]: 1 1 1 1 1 1 1 1
weights[8][8]:
  out 0: 1 1 1 1 1 1 1 1
  out 1: -1 -1 -1 -1 -1 -1 -1 -1
  out 2: 1 1 1 1 1 1 1 1
  out 3: -1 -1 -1 -1 -1 -1 -1 -1
  out 4: 1 1 1 1 1 1 1 1
  out 5: -1 -1 -1 -1 -1 -1 -1 -1
  out 6: 1 1 1 1 1 1 1 1
  out 7: -1 -1 -1 -1 -1 -1 -1 -1
Cycle  Rst   Start Ready Done  Err    MRead  MWrite MDone  MOp        Instr      Op    Layer Head  Tile  State   ReqInstr   ReqOp    ReqL  ReqH  ReqT  Acc[0:7]
0      1     0     1     0     0      0      0      0      -          0x00000000 -          0     0     0     0       0x00000000 -        0     0     0     0 0 0 0 0 0 0 0
1      1     0     1     0     0      0      0      0      -          0x00000000 -          0     0     0     0       0x00000000 -        0     0     0     0 0 0 0 0 0 0 0
2      0     0     1     0     0      0      0      0      -          0x00000000 -          0     0     0     0       0x00000000 -        0     0     0     0 0 0 0 0 0 0 0
3      0     1     1     0     0      0      0      0      -          0x00ff010e OUT_PROJ   1     -1    0     1       0x00ff010e OUT_PROJ 1     -1    0     0 0 0 0 0 0 0 0
4      0     0     0     0     0      1      0      0      OUT_PROJ   0x00ff010e OUT_PROJ   1     -1    0     1       0x00ff010e OUT_PROJ 1     -1    0     0 0 0 0 0 0 0 0
5      0     0     0     0     0      1      0      0      OUT_PROJ   0x00ff010e OUT_PROJ   1     -1    0     1       0x00ff010e OUT_PROJ 1     -1    0     0 0 0 0 0 0 0 0
in_buf[112]:
  0000: 01 02 03 04 05 06 07 08 11 11 11 11 ff ff ff ff
  0010: 11 00 00 00 00 00 00 00 00 00 00 00 00 00 00 00
  0020: 00 00 00 00 00 00 00 00 00 00 00 00 00 00 00 00
  0030: 00 00 00 00 00 00 00 00 00 00 00 00 00 00 00 00
  0040: 00 00 00 00 00 00 00 00 00 00 00 00 00 00 00 00
  0050: 00 00 00 00 00 00 00 00 00 00 00 00 00 00 00 00
  0060: 00 00 00 00 00 00 00 00 00 00 00 00 00 00 00 00
6      0     0     0     0     0      0      0      1      -          0x00ff010e OUT_PROJ   1     -1    0     2       0x00ff010e OUT_PROJ 1     -1    0     0 0 0 0 0 0 0 0
7      0     0     0     0     0      0      0      1      -          0x00ff010e OUT_PROJ   1     -1    0     3       0x00ff010e OUT_PROJ 1     -1    0     0 0 0 0 0 0 0 0
8      0     0     0     0     0      0      0      1      -          0x00ff010e OUT_PROJ   1     -1    0     4       0x00ff010e OUT_PROJ 1     -1    0     0 0 0 0 0 0 0 0
9      0     0     0     1     0      0      0      0      -          0x00ff010e OUT_PROJ   1     -1    0     0       0x00ff010e OUT_PROJ 1     -1    0     0 0 0 0 0 0 0 0
10     0     0     1     0     0      0      0      0      -          0x00ff010e OUT_PROJ   1     -1    0     0       0x00ff010e OUT_PROJ 1     -1    0     37 -35 0 0 0 0 0 0
11     0     1     1     0     0      0      0      0      -          0x01ff010e OUT_PROJ   1     -1    1     1       0x01ff010e OUT_PROJ 1     -1    1     37 -35 0 0 0 0 0 0
12     0     0     0     0     0      1      0      0      OUT_PROJ   0x01ff010e OUT_PROJ   1     -1    1     1       0x01ff010e OUT_PROJ 1     -1    1     37 -35 0 0 0 0 0 0
13     0     0     0     0     0      1      0      0      OUT_PROJ   0x01ff010e OUT_PROJ   1     -1    1     1       0x01ff010e OUT_PROJ 1     -1    1     37 -35 0 0 0 0 0 0
in_buf[112]:
  0000: 01 02 03 04 05 06 07 08 11 11 11 11 ff ff ff ff
  0010: 11 00 00 00 00 00 00 00 00 00 00 00 00 00 00 00
  0020: 00 00 00 00 00 00 00 00 00 00 00 00 00 00 00 00
  0030: 00 00 00 00 00 00 00 00 00 00 00 00 00 00 00 00
  0040: 00 00 00 00 00 00 00 00 00 00 00 00 00 00 00 00
  0050: 00 00 00 00 00 00 00 00 00 00 00 00 00 00 00 00
  0060: 00 00 00 00 00 00 00 00 00 00 00 00 00 00 00 00
14     0     0     0     0     0      0      0      1      -          0x01ff010e OUT_PROJ   1     -1    1     2       0x01ff010e OUT_PROJ 1     -1    1     37 -35 0 0 0 0 0 0
15     0     0     0     0     0      0      0      1      -          0x01ff010e OUT_PROJ   1     -1    1     3       0x01ff010e OUT_PROJ 1     -1    1     37 -35 0 0 0 0 0 0
16     0     0     0     0     0      0      0      1      -          0x01ff010e OUT_PROJ   1     -1    1     4       0x01ff010e OUT_PROJ 1     -1    1     37 -35 0 0 0 0 0 0
17     0     0     0     1     0      0      0      0      -          0x01ff010e OUT_PROJ   1     -1    1     0       0x01ff010e OUT_PROJ 1     -1    1     37 -35 0 0 0 0 0 0
18     0     0     1     0     0      0      0      0      -          0x01ff010e OUT_PROJ   1     -1    1     0       0x01ff010e OUT_PROJ 1     -1    1     37 -35 37 -35 0 0 0 0
19     0     1     1     0     0      0      0      0      -          0x02ff010e OUT_PROJ   1     -1    2     1       0x02ff010e OUT_PROJ 1     -1    2     37 -35 37 -35 0 0 0 0
20     0     0     0     0     0      1      0      0      OUT_PROJ   0x02ff010e OUT_PROJ   1     -1    2     1       0x02ff010e OUT_PROJ 1     -1    2     37 -35 37 -35 0 0 0 0
21     0     0     0     0     0      1      0      0      OUT_PROJ   0x02ff010e OUT_PROJ   1     -1    2     1       0x02ff010e OUT_PROJ 1     -1    2     37 -35 37 -35 0 0 0 0
in_buf[112]:
  0000: 01 02 03 04 05 06 07 08 11 11 11 11 ff ff ff ff
  0010: 11 00 00 00 00 00 00 00 00 00 00 00 00 00 00 00
  0020: 00 00 00 00 00 00 00 00 00 00 00 00 00 00 00 00
  0030: 00 00 00 00 00 00 00 00 00 00 00 00 00 00 00 00
  0040: 00 00 00 00 00 00 00 00 00 00 00 00 00 00 00 00
  0050: 00 00 00 00 00 00 00 00 00 00 00 00 00 00 00 00
  0060: 00 00 00 00 00 00 00 00 00 00 00 00 00 00 00 00
22     0     0     0     0     0      0      0      1      -          0x02ff010e OUT_PROJ   1     -1    2     2       0x02ff010e OUT_PROJ 1     -1    2     37 -35 37 -35 0 0 0 0
23     0     0     0     0     0      0      0      1      -          0x02ff010e OUT_PROJ   1     -1    2     3       0x02ff010e OUT_PROJ 1     -1    2     37 -35 37 -35 0 0 0 0
24     0     0     0     0     0      0      0      1      -          0x02ff010e OUT_PROJ   1     -1    2     4       0x02ff010e OUT_PROJ 1     -1    2     37 -35 37 -35 0 0 0 0
25     0     0     0     1     0      0      0      0      -          0x02ff010e OUT_PROJ   1     -1    2     0       0x02ff010e OUT_PROJ 1     -1    2     37 -35 37 -35 0 0 0 0
26     0     0     1     0     0      0      0      0      -          0x02ff010e OUT_PROJ   1     -1    2     0       0x02ff010e OUT_PROJ 1     -1    2     37 -35 37 -35 37 -35 0 0
27     0     1     1     0     0      0      0      0      -          0x03ff010e OUT_PROJ   1     -1    3     1       0x03ff010e OUT_PROJ 1     -1    3     37 -35 37 -35 37 -35 0 0
28     0     0     0     0     0      1      0      0      OUT_PROJ   0x03ff010e OUT_PROJ   1     -1    3     1       0x03ff010e OUT_PROJ 1     -1    3     37 -35 37 -35 37 -35 0 0
29     0     0     0     0     0      1      0      0      OUT_PROJ   0x03ff010e OUT_PROJ   1     -1    3     1       0x03ff010e OUT_PROJ 1     -1    3     37 -35 37 -35 37 -35 0 0
in_buf[112]:
  0000: 01 02 03 04 05 06 07 08 11 11 11 11 ff ff ff ff
  0010: 11 00 00 00 00 00 00 00 00 00 00 00 00 00 00 00
  0020: 00 00 00 00 00 00 00 00 00 00 00 00 00 00 00 00
  0030: 00 00 00 00 00 00 00 00 00 00 00 00 00 00 00 00
  0040: 00 00 00 00 00 00 00 00 00 00 00 00 00 00 00 00
  0050: 00 00 00 00 00 00 00 00 00 00 00 00 00 00 00 00
  0060: 00 00 00 00 00 00 00 00 00 00 00 00 00 00 00 00
30     0     0     0     0     0      0      0      1      -          0x03ff010e OUT_PROJ   1     -1    3     2       0x03ff010e OUT_PROJ 1     -1    3     37 -35 37 -35 37 -35 0 0
31     0     0     0     0     0      0      0      1      -          0x03ff010e OUT_PROJ   1     -1    3     3       0x03ff010e OUT_PROJ 1     -1    3     37 -35 37 -35 37 -35 0 0
32     0     0     0     0     0      0      0      1      -          0x03ff010e OUT_PROJ   1     -1    3     4       0x03ff010e OUT_PROJ 1     -1    3     37 -35 37 -35 37 -35 0 0
33     0     0     0     1     0      0      0      0      -          0x03ff010e OUT_PROJ   1     -1    3     0       0x03ff010e OUT_PROJ 1     -1    3     37 -35 37 -35 37 -35 0 0
34     0     0     1     0     0      0      0      0      -          0x03ff010e OUT_PROJ   1     -1    3     0       0x03ff010e OUT_PROJ 1     -1    3     37 -35 37 -35 37 -35 37 -35
35     0     1     1     0     1      0      0      0      -          0xffff0000 -          0     -1    -1    4       0xffff0000 -        0     -1    -1    37 -35 37 -35 37 -35 37 -35
36     0     0     0     1     1      0      0      0      -          0xffff0000 -          0     -1    -1    0       0xffff0000 -        0     -1    -1    37 -35 37 -35 37 -35 37 -35
compute_controller_tb: PASS
INFO: [SIM 211-1] CSim done with 0 errors.
INFO: [SIM 211-3] *************** CSIM finish ***************
INFO: [HLS 200-112] Total CPU user time: 10.39 seconds. Total CPU system time: 1.21 seconds. Total elapsed time: 11.88 seconds; peak allocated memory: 445.102 MB.
INFO: [vitis-run 60-791] Total elapsed time: 0h 0m 15s
