WARNING: [vitis-run 60-2507] Dispatch failed to load the system diagram library librdi_system_diagram. Diagrams will not be produced.
  **** HLS Build v2025.1 6135595
INFO: [HLS 200-2005] Using work_dir /home/luka/Scripting/ELEC_498-Capstone-LiteLM/vitis_simulations/Top_Module/Compute_Controller/compute_controller 
INFO: [HLS 200-2176] Writing Vitis IDE component file /home/luka/Scripting/ELEC_498-Capstone-LiteLM/vitis_simulations/Top_Module/Compute_Controller/compute_controller/vitis-comp.json
INFO: [HLS 200-10] Creating and opening component '/home/luka/Scripting/ELEC_498-Capstone-LiteLM/vitis_simulations/Top_Module/Compute_Controller/compute_controller'.
INFO: [HLS 200-1505] Using default flow_target 'vivado'
Resolution: For help on HLS 200-1505 see docs.xilinx.com/access/sources/dita/topic?Doc_Version=2025.1%20English&url=ug1448-hls-guidance&resourceid=200-1505.html
INFO: [HLS 200-2174] Applying component config ini file /home/luka/Scripting/ELEC_498-Capstone-LiteLM/vitis_simulations/Top_Module/Compute_Controller/hls_config.cfg
INFO: [HLS 200-1465] Applying config ini 'syn.file=/home/luka/Scripting/ELEC_498-Capstone-LiteLM/HLS-Verilog/Transformer_logic/src-hls/compute_controller.hpp' from /home/luka/Scripting/ELEC_498-Capstone-LiteLM/vitis_simulations/Top_Module/Compute_Controller/hls_config.cfg(8)
INFO: [HLS 200-10] Adding design file '/home/luka/Scripting/ELEC_498-Capstone-LiteLM/HLS-Verilog/Transformer_logic/src-hls/compute_controller.hpp' to the project
INFO: [HLS 200-1465] Applying config ini 'syn.file=/home/luka/Scripting/ELEC_498-Capstone-LiteLM/HLS-Verilog/Transformer_logic/src-hls/compute_controller.cpp' from /home/luka/Scripting/ELEC_498-Capstone-LiteLM/vitis_simulations/Top_Module/Compute_Controller/hls_config.cfg(9)
INFO: [HLS 200-10] Adding design file '/home/luka/Scripting/ELEC_498-Capstone-LiteLM/HLS-Verilog/Transformer_logic/src-hls/compute_controller.cpp' to the project
INFO: [HLS 200-1465] Applying config ini 'syn.file=/home/luka/Scripting/ELEC_498-Capstone-LiteLM/HLS-Verilog/top_params.hpp' from /home/luka/Scripting/ELEC_498-Capstone-LiteLM/vitis_simulations/Top_Module/Compute_Controller/hls_config.cfg(10)
INFO: [HLS 200-10] Adding design file '/home/luka/Scripting/ELEC_498-Capstone-LiteLM/HLS-Verilog/top_params.hpp' to the project
INFO: [HLS 200-1465] Applying config ini 'tb.file=/home/luka/Scripting/ELEC_498-Capstone-LiteLM/HLS-Verilog/Transformer_logic/src-hls/computer_controller_tb.cpp' from /home/luka/Scripting/ELEC_498-Capstone-LiteLM/vitis_simulations/Top_Module/Compute_Controller/hls_config.cfg(11)
INFO: [HLS 200-10] Adding test bench file '/home/luka/Scripting/ELEC_498-Capstone-LiteLM/HLS-Verilog/Transformer_logic/src-hls/computer_controller_tb.cpp' to the project
INFO: [HLS 200-1465] Applying config ini 'syn.top=compute_controller' from /home/luka/Scripting/ELEC_498-Capstone-LiteLM/vitis_simulations/Top_Module/Compute_Controller/hls_config.cfg(7)
INFO: [HLS 200-1465] Applying config ini 'flow_target=vivado' from /home/luka/Scripting/ELEC_498-Capstone-LiteLM/vitis_simulations/Top_Module/Compute_Controller/hls_config.cfg(4)
INFO: [HLS 200-1505] Using flow_target 'vivado'
Resolution: For help on HLS 200-1505 see docs.xilinx.com/access/sources/dita/topic?Doc_Version=2025.1%20English&url=ug1448-hls-guidance&resourceid=200-1505.html
INFO: [HLS 200-1465] Applying config ini 'part=xck26-sfvc784-2LV-c' from /home/luka/Scripting/ELEC_498-Capstone-LiteLM/vitis_simulations/Top_Module/Compute_Controller/hls_config.cfg(1)
INFO: [HLS 200-1611] Setting target device to 'xck26-sfvc784-2LV-c'
INFO: [HLS 200-1465] Applying config ini 'clock=10ns' from /home/luka/Scripting/ELEC_498-Capstone-LiteLM/vitis_simulations/Top_Module/Compute_Controller/hls_config.cfg(12)
INFO: [SYN 201-201] Setting up clock 'default' with a period of 10ns.
INFO: [HLS 200-1465] Applying config ini 'package.output.format=ip_catalog' from /home/luka/Scripting/ELEC_498-Capstone-LiteLM/vitis_simulations/Top_Module/Compute_Controller/hls_config.cfg(5)
INFO: [HLS 200-2176] Writing Vitis IDE component file /home/luka/Scripting/ELEC_498-Capstone-LiteLM/vitis_simulations/Top_Module/Compute_Controller/compute_controller/vitis-comp.json
INFO: [SIM 211-2] *************** CSIM start ***************
INFO: [SIM 211-4] CSIM will launch CLANG as the compiler.
INFO: [HLS 200-2036] Building debug C Simulation binaries
   Compiling ../../../../../../../HLS-Verilog/Transformer_logic/src-hls/computer_controller_tb.cpp in debug mode
In file included from ../../../../../../../HLS-Verilog/Transformer_logic/src-hls/computer_controller_tb.cpp:1:
../../../../../../../HLS-Verilog/Transformer_logic/src-hls/compute_controller.hpp:38:30: error: use of undeclared identifier 'VECTOR_MAX'
    int16_t      dbg_vectorA[VECTOR_MAX],
                             ^
../../../../../../../HLS-Verilog/Transformer_logic/src-hls/compute_controller.hpp:39:30: error: use of undeclared identifier 'MATRIX_MAX'
    int4_t       dbg_matrixB[MATRIX_MAX],
                             ^
../../../../../../../HLS-Verilog/Transformer_logic/src-hls/compute_controller.hpp:40:27: error: use of undeclared identifier 'ACCUM_MAX'
    int4_t       dbg_bias[ACCUM_MAX],
                          ^
../../../../../../../HLS-Verilog/Transformer_logic/src-hls/compute_controller.hpp:41:26: error: use of undeclared identifier 'ACCUM_MAX'
    int32_t      dbg_out[ACCUM_MAX],
                         ^
../../../../../../../HLS-Verilog/Transformer_logic/src-hls/computer_controller_tb.cpp:185:25: error: use of undeclared identifier 'VECTOR_MAX'
    int16_t dbg_vectorA[VECTOR_MAX] = {};
                        ^
../../../../../../../HLS-Verilog/Transformer_logic/src-hls/computer_controller_tb.cpp:186:24: error: use of undeclared identifier 'MATRIX_MAX'
    int4_t dbg_matrixB[MATRIX_MAX] = {};
                       ^
../../../../../../../HLS-Verilog/Transformer_logic/src-hls/computer_controller_tb.cpp:187:21: error: use of undeclared identifier 'ACCUM_MAX'
    int4_t dbg_bias[ACCUM_MAX] = {};
                    ^
../../../../../../../HLS-Verilog/Transformer_logic/src-hls/computer_controller_tb.cpp:188:21: error: use of undeclared identifier 'ACCUM_MAX'
    int32_t dbg_out[ACCUM_MAX] = {};
                    ^
8 errors generated.
make: *** [csim.mk:88: obj/computer_controller_tb.o] Error 1
ERROR: [SIM 211-100] 'csim_design' failed: compilation error(s).
INFO: [SIM 211-3] *************** CSIM finish ***************
ERROR: 4
INFO: [HLS 200-112] Total CPU user time: 3.48 seconds. Total CPU system time: 0.76 seconds. Total elapsed time: 4.22 seconds; peak allocated memory: 445.102 MB.
