WARNING: [v++ 60-2507] Dispatch failed to load the system diagram library librdi_system_diagram. Diagrams will not be produced.
  **** HLS Build v2025.1 6135595
INFO: [HLS 200-2005] Using work_dir /home/luka/Scripting/ELEC_498-Capstone-LiteLM/vitis_simulations/Top_Module/Compute_Controller/compute_controller 
INFO: [HLS 200-2176] Writing Vitis IDE component file /home/luka/Scripting/ELEC_498-Capstone-LiteLM/vitis_simulations/Top_Module/Compute_Controller/compute_controller/vitis-comp.json
INFO: [HLS 200-10] Creating and opening component '/home/luka/Scripting/ELEC_498-Capstone-LiteLM/vitis_simulations/Top_Module/Compute_Controller/compute_controller'.
INFO: [HLS 200-1505] Using default flow_target 'vivado'
Resolution: For help on HLS 200-1505 see docs.xilinx.com/access/sources/dita/topic?Doc_Version=2025.1%20English&url=ug1448-hls-guidance&resourceid=200-1505.html
INFO: [HLS 200-2174] Applying component config ini file /home/luka/Scripting/ELEC_498-Capstone-LiteLM/vitis_simulations/Top_Module/Compute_Controller/hls_config.cfg
INFO: [HLS 200-1465] Applying config ini 'syn.file=/home/luka/Scripting/ELEC_498-Capstone-LiteLM/HLS-Verilog/Transformer_logic/src-hls/compute_controller.hpp' from /home/luka/Scripting/ELEC_498-Capstone-LiteLM/vitis_simulations/Top_Module/Compute_Controller/hls_config.cfg(8)
INFO: [HLS 200-10] Adding design file '/home/luka/Scripting/ELEC_498-Capstone-LiteLM/HLS-Verilog/Transformer_logic/src-hls/compute_controller.hpp' to the project
INFO: [HLS 200-1465] Applying config ini 'syn.file=/home/luka/Scripting/ELEC_498-Capstone-LiteLM/HLS-Verilog/Transformer_logic/src-hls/compute_controller.cpp' from /home/luka/Scripting/ELEC_498-Capstone-LiteLM/vitis_simulations/Top_Module/Compute_Controller/hls_config.cfg(9)
INFO: [HLS 200-10] Adding design file '/home/luka/Scripting/ELEC_498-Capstone-LiteLM/HLS-Verilog/Transformer_logic/src-hls/compute_controller.cpp' to the project
INFO: [HLS 200-1465] Applying config ini 'syn.file=/home/luka/Scripting/ELEC_498-Capstone-LiteLM/HLS-Verilog/top_params.hpp' from /home/luka/Scripting/ELEC_498-Capstone-LiteLM/vitis_simulations/Top_Module/Compute_Controller/hls_config.cfg(10)
INFO: [HLS 200-10] Adding design file '/home/luka/Scripting/ELEC_498-Capstone-LiteLM/HLS-Verilog/top_params.hpp' to the project
INFO: [HLS 200-1465] Applying config ini 'tb.file=/home/luka/Scripting/ELEC_498-Capstone-LiteLM/HLS-Verilog/Transformer_logic/src-hls/computer_controller_tb.cpp' from /home/luka/Scripting/ELEC_498-Capstone-LiteLM/vitis_simulations/Top_Module/Compute_Controller/hls_config.cfg(11)
INFO: [HLS 200-10] Adding test bench file '/home/luka/Scripting/ELEC_498-Capstone-LiteLM/HLS-Verilog/Transformer_logic/src-hls/computer_controller_tb.cpp' to the project
INFO: [HLS 200-1465] Applying config ini 'syn.top=compute_controller' from /home/luka/Scripting/ELEC_498-Capstone-LiteLM/vitis_simulations/Top_Module/Compute_Controller/hls_config.cfg(7)
INFO: [HLS 200-1465] Applying config ini 'flow_target=vivado' from /home/luka/Scripting/ELEC_498-Capstone-LiteLM/vitis_simulations/Top_Module/Compute_Controller/hls_config.cfg(4)
INFO: [HLS 200-1505] Using flow_target 'vivado'
Resolution: For help on HLS 200-1505 see docs.xilinx.com/access/sources/dita/topic?Doc_Version=2025.1%20English&url=ug1448-hls-guidance&resourceid=200-1505.html
INFO: [HLS 200-1465] Applying config ini 'part=xck26-sfvc784-2LV-c' from /home/luka/Scripting/ELEC_498-Capstone-LiteLM/vitis_simulations/Top_Module/Compute_Controller/hls_config.cfg(1)
INFO: [HLS 200-1611] Setting target device to 'xck26-sfvc784-2LV-c'
INFO: [HLS 200-1465] Applying config ini 'clock=10ns' from /home/luka/Scripting/ELEC_498-Capstone-LiteLM/vitis_simulations/Top_Module/Compute_Controller/hls_config.cfg(12)
INFO: [SYN 201-201] Setting up clock 'default' with a period of 10ns.
INFO: [HLS 200-1465] Applying config ini 'package.output.format=ip_catalog' from /home/luka/Scripting/ELEC_498-Capstone-LiteLM/vitis_simulations/Top_Module/Compute_Controller/hls_config.cfg(5)
INFO: [HLS 200-2176] Writing Vitis IDE component file /home/luka/Scripting/ELEC_498-Capstone-LiteLM/vitis_simulations/Top_Module/Compute_Controller/compute_controller/vitis-comp.json
INFO: [HLS 200-111] Finished File checks and directory preparation: CPU user time: 2.53 seconds. CPU system time: 0.56 seconds. Elapsed time: 3.11 seconds; current allocated memory: 445.086 MB.
INFO: [HLS 200-10] Analyzing design file '/home/luka/Scripting/ELEC_498-Capstone-LiteLM/HLS-Verilog/Transformer_logic/src-hls/compute_controller.cpp' ... 
ERROR: [HLS 207-3776] use of undeclared identifier 'sqrt' (/home/luka/Scripting/ELEC_498-Capstone-LiteLM/HLS-Verilog/Transformer_logic/src-hls/compute_controller.cpp:87:27)
ERROR:  
INFO: [HLS 200-112] Total CPU user time: 2.91 seconds. Total CPU system time: 0.77 seconds. Total elapsed time: 3.81 seconds; peak allocated memory: 446.281 MB.
