WARNING: [v++ 60-2507] Dispatch failed to load the system diagram library librdi_system_diagram. Diagrams will not be produced.
  **** HLS Build v2025.1 6135595
INFO: [HLS 200-2005] Using work_dir /home/luka/Scripting/ELEC_498-Capstone-LiteLM/vitis_simulations/Top_Module/Compute_Controller/compute_controller 
INFO: [HLS 200-2176] Writing Vitis IDE component file /home/luka/Scripting/ELEC_498-Capstone-LiteLM/vitis_simulations/Top_Module/Compute_Controller/compute_controller/vitis-comp.json
INFO: [HLS 200-10] Creating and opening component '/home/luka/Scripting/ELEC_498-Capstone-LiteLM/vitis_simulations/Top_Module/Compute_Controller/compute_controller'.
INFO: [HLS 200-1505] Using default flow_target 'vivado'
Resolution: For help on HLS 200-1505 see docs.xilinx.com/access/sources/dita/topic?Doc_Version=2025.1%20English&url=ug1448-hls-guidance&resourceid=200-1505.html
INFO: [HLS 200-2174] Applying component config ini file /home/luka/Scripting/ELEC_498-Capstone-LiteLM/vitis_simulations/Top_Module/Compute_Controller/hls_config.cfg
INFO: [HLS 200-1465] Applying config ini 'syn.file=/home/luka/Scripting/ELEC_498-Capstone-LiteLM/HLS-Verilog/Transformer_logic/src-hls/compute_controller.hpp' from /home/luka/Scripting/ELEC_498-Capstone-LiteLM/vitis_simulations/Top_Module/Compute_Controller/hls_config.cfg(8)
INFO: [HLS 200-10] Adding design file '/home/luka/Scripting/ELEC_498-Capstone-LiteLM/HLS-Verilog/Transformer_logic/src-hls/compute_controller.hpp' to the project
INFO: [HLS 200-1465] Applying config ini 'syn.file=/home/luka/Scripting/ELEC_498-Capstone-LiteLM/HLS-Verilog/Transformer_logic/src-hls/compute_controller.cpp' from /home/luka/Scripting/ELEC_498-Capstone-LiteLM/vitis_simulations/Top_Module/Compute_Controller/hls_config.cfg(9)
INFO: [HLS 200-10] Adding design file '/home/luka/Scripting/ELEC_498-Capstone-LiteLM/HLS-Verilog/Transformer_logic/src-hls/compute_controller.cpp' to the project
INFO: [HLS 200-1465] Applying config ini 'syn.file=/home/luka/Scripting/ELEC_498-Capstone-LiteLM/HLS-Verilog/top_params.hpp' from /home/luka/Scripting/ELEC_498-Capstone-LiteLM/vitis_simulations/Top_Module/Compute_Controller/hls_config.cfg(10)
INFO: [HLS 200-10] Adding design file '/home/luka/Scripting/ELEC_498-Capstone-LiteLM/HLS-Verilog/top_params.hpp' to the project
INFO: [HLS 200-1465] Applying config ini 'tb.file=/home/luka/Scripting/ELEC_498-Capstone-LiteLM/HLS-Verilog/Transformer_logic/src-hls/computer_controller_tb.cpp' from /home/luka/Scripting/ELEC_498-Capstone-LiteLM/vitis_simulations/Top_Module/Compute_Controller/hls_config.cfg(11)
INFO: [HLS 200-10] Adding test bench file '/home/luka/Scripting/ELEC_498-Capstone-LiteLM/HLS-Verilog/Transformer_logic/src-hls/computer_controller_tb.cpp' to the project
INFO: [HLS 200-1465] Applying config ini 'syn.top=compute_controller' from /home/luka/Scripting/ELEC_498-Capstone-LiteLM/vitis_simulations/Top_Module/Compute_Controller/hls_config.cfg(7)
INFO: [HLS 200-1465] Applying config ini 'flow_target=vivado' from /home/luka/Scripting/ELEC_498-Capstone-LiteLM/vitis_simulations/Top_Module/Compute_Controller/hls_config.cfg(4)
INFO: [HLS 200-1505] Using flow_target 'vivado'
Resolution: For help on HLS 200-1505 see docs.xilinx.com/access/sources/dita/topic?Doc_Version=2025.1%20English&url=ug1448-hls-guidance&resourceid=200-1505.html
INFO: [HLS 200-1465] Applying config ini 'part=xck26-sfvc784-2LV-c' from /home/luka/Scripting/ELEC_498-Capstone-LiteLM/vitis_simulations/Top_Module/Compute_Controller/hls_config.cfg(1)
INFO: [HLS 200-1611] Setting target device to 'xck26-sfvc784-2LV-c'
INFO: [HLS 200-1465] Applying config ini 'clock=10ns' from /home/luka/Scripting/ELEC_498-Capstone-LiteLM/vitis_simulations/Top_Module/Compute_Controller/hls_config.cfg(12)
INFO: [SYN 201-201] Setting up clock 'default' with a period of 10ns.
INFO: [HLS 200-1465] Applying config ini 'package.output.format=ip_catalog' from /home/luka/Scripting/ELEC_498-Capstone-LiteLM/vitis_simulations/Top_Module/Compute_Controller/hls_config.cfg(5)
INFO: [HLS 200-2176] Writing Vitis IDE component file /home/luka/Scripting/ELEC_498-Capstone-LiteLM/vitis_simulations/Top_Module/Compute_Controller/compute_controller/vitis-comp.json
INFO: [HLS 200-111] Finished File checks and directory preparation: CPU user time: 2.65 seconds. CPU system time: 0.58 seconds. Elapsed time: 3.2 seconds; current allocated memory: 445.086 MB.
INFO: [HLS 200-10] Analyzing design file '/home/luka/Scripting/ELEC_498-Capstone-LiteLM/HLS-Verilog/Transformer_logic/src-hls/compute_controller.cpp' ... 
INFO: [HLS 200-111] Finished Source Code Analysis and Preprocessing: CPU user time: 2.85 seconds. CPU system time: 0.66 seconds. Elapsed time: 3.51 seconds; current allocated memory: 447.020 MB.
INFO: [HLS 200-777] Using interface defaults for 'Vivado' flow target.
INFO: [HLS 200-1995] There were 922 instructions in the design after the 'Compile/Link' phase of compilation. See the Design Size Report for more details (/home/luka/Scripting/ELEC_498-Capstone-LiteLM/vitis_simulations/Top_Module/Compute_Controller/compute_controller/hls/syn/report/csynth_design_size.rpt:2)
INFO: [HLS 200-1995] There were 695 instructions in the design after the 'Unroll/Inline (step 1)' phase of compilation. See the Design Size Report for more details (/home/luka/Scripting/ELEC_498-Capstone-LiteLM/vitis_simulations/Top_Module/Compute_Controller/compute_controller/hls/syn/report/csynth_design_size.rpt:2)
INFO: [HLS 200-1995] There were 480 instructions in the design after the 'Unroll/Inline (step 2)' phase of compilation. See the Design Size Report for more details (/home/luka/Scripting/ELEC_498-Capstone-LiteLM/vitis_simulations/Top_Module/Compute_Controller/compute_controller/hls/syn/report/csynth_design_size.rpt:2)
INFO: [HLS 200-1995] There were 447 instructions in the design after the 'Unroll/Inline (step 3)' phase of compilation. See the Design Size Report for more details (/home/luka/Scripting/ELEC_498-Capstone-LiteLM/vitis_simulations/Top_Module/Compute_Controller/compute_controller/hls/syn/report/csynth_design_size.rpt:2)
INFO: [HLS 200-1995] There were 432 instructions in the design after the 'Unroll/Inline (step 4)' phase of compilation. See the Design Size Report for more details (/home/luka/Scripting/ELEC_498-Capstone-LiteLM/vitis_simulations/Top_Module/Compute_Controller/compute_controller/hls/syn/report/csynth_design_size.rpt:2)
INFO: [HLS 200-1995] There were 646 instructions in the design after the 'Array/Struct (step 1)' phase of compilation. See the Design Size Report for more details (/home/luka/Scripting/ELEC_498-Capstone-LiteLM/vitis_simulations/Top_Module/Compute_Controller/compute_controller/hls/syn/report/csynth_design_size.rpt:2)
INFO: [HLS 200-1995] There were 629 instructions in the design after the 'Array/Struct (step 2)' phase of compilation. See the Design Size Report for more details (/home/luka/Scripting/ELEC_498-Capstone-LiteLM/vitis_simulations/Top_Module/Compute_Controller/compute_controller/hls/syn/report/csynth_design_size.rpt:2)
INFO: [HLS 200-1995] There were 629 instructions in the design after the 'Array/Struct (step 3)' phase of compilation. See the Design Size Report for more details (/home/luka/Scripting/ELEC_498-Capstone-LiteLM/vitis_simulations/Top_Module/Compute_Controller/compute_controller/hls/syn/report/csynth_design_size.rpt:2)
INFO: [HLS 200-1995] There were 629 instructions in the design after the 'Array/Struct (step 4)' phase of compilation. See the Design Size Report for more details (/home/luka/Scripting/ELEC_498-Capstone-LiteLM/vitis_simulations/Top_Module/Compute_Controller/compute_controller/hls/syn/report/csynth_design_size.rpt:2)
INFO: [HLS 200-1995] There were 624 instructions in the design after the 'Array/Struct (step 5)' phase of compilation. See the Design Size Report for more details (/home/luka/Scripting/ELEC_498-Capstone-LiteLM/vitis_simulations/Top_Module/Compute_Controller/compute_controller/hls/syn/report/csynth_design_size.rpt:2)
INFO: [HLS 200-1995] There were 618 instructions in the design after the 'Performance (step 1)' phase of compilation. See the Design Size Report for more details (/home/luka/Scripting/ELEC_498-Capstone-LiteLM/vitis_simulations/Top_Module/Compute_Controller/compute_controller/hls/syn/report/csynth_design_size.rpt:2)
INFO: [HLS 200-1995] There were 842 instructions in the design after the 'Performance (step 2)' phase of compilation. See the Design Size Report for more details (/home/luka/Scripting/ELEC_498-Capstone-LiteLM/vitis_simulations/Top_Module/Compute_Controller/compute_controller/hls/syn/report/csynth_design_size.rpt:2)
INFO: [HLS 200-1995] There were 841 instructions in the design after the 'Performance (step 3)' phase of compilation. See the Design Size Report for more details (/home/luka/Scripting/ELEC_498-Capstone-LiteLM/vitis_simulations/Top_Module/Compute_Controller/compute_controller/hls/syn/report/csynth_design_size.rpt:2)
INFO: [HLS 200-1995] There were 841 instructions in the design after the 'Performance (step 4)' phase of compilation. See the Design Size Report for more details (/home/luka/Scripting/ELEC_498-Capstone-LiteLM/vitis_simulations/Top_Module/Compute_Controller/compute_controller/hls/syn/report/csynth_design_size.rpt:2)
INFO: [HLS 200-1995] There were 883 instructions in the design after the 'HW Transforms (step 1)' phase of compilation. See the Design Size Report for more details (/home/luka/Scripting/ELEC_498-Capstone-LiteLM/vitis_simulations/Top_Module/Compute_Controller/compute_controller/hls/syn/report/csynth_design_size.rpt:2)
INFO: [HLS 200-1995] There were 917 instructions in the design after the 'HW Transforms (step 2)' phase of compilation. See the Design Size Report for more details (/home/luka/Scripting/ELEC_498-Capstone-LiteLM/vitis_simulations/Top_Module/Compute_Controller/compute_controller/hls/syn/report/csynth_design_size.rpt:2)
INFO: [HLS 214-131] Inlining function 'MAC_ARCHITECTURE(bool, bool&, short const*, ap_int<4> const*, ap_int<4> const*, bool&, int*)' into 'compute_controller(bool, bool, unsigned int, bool&, bool&, bool, bool&, bool&, unsigned int&, unsigned char const*, unsigned char*, ComputeState&, unsigned int&, unsigned char&, unsigned char&, unsigned char&, unsigned char&, bool&, bool&, bool&, bool&)' (/home/luka/Scripting/ELEC_498-Capstone-LiteLM/HLS-Verilog/Transformer_logic/src-hls/compute_controller.cpp:435:13)
INFO: [HLS 214-186] Unrolling loop 'VITIS_LOOP_294_3' (/home/luka/Scripting/ELEC_498-Capstone-LiteLM/HLS-Verilog/Transformer_logic/src-hls/compute_controller.cpp:294:27) in function 'compute_controller' completely with a factor of 5 (/home/luka/Scripting/ELEC_498-Capstone-LiteLM/HLS-Verilog/Transformer_logic/src-hls/compute_controller.cpp:238:0)
INFO: [HLS 214-186] Unrolling loop 'VITIS_LOOP_290_2' (/home/luka/Scripting/ELEC_498-Capstone-LiteLM/HLS-Verilog/Transformer_logic/src-hls/compute_controller.cpp:290:27) in function 'compute_controller' completely with a factor of 110 (/home/luka/Scripting/ELEC_498-Capstone-LiteLM/HLS-Verilog/Transformer_logic/src-hls/compute_controller.cpp:238:0)
INFO: [HLS 214-186] Unrolling loop 'VITIS_LOOP_286_1' (/home/luka/Scripting/ELEC_498-Capstone-LiteLM/HLS-Verilog/Transformer_logic/src-hls/compute_controller.cpp:286:27) in function 'compute_controller' completely with a factor of 22 (/home/luka/Scripting/ELEC_498-Capstone-LiteLM/HLS-Verilog/Transformer_logic/src-hls/compute_controller.cpp:238:0)
INFO: [HLS 214-178] Inlining function 'max2_constexpr(int, int)' into 'compute_controller(bool, bool, unsigned int, bool&, bool&, bool, bool&, bool&, unsigned int&, unsigned char const*, unsigned char*, ComputeState&, unsigned int&, unsigned char&, unsigned char&, unsigned char&, unsigned char&, bool&, bool&, bool&, bool&)' (/home/luka/Scripting/ELEC_498-Capstone-LiteLM/HLS-Verilog/Transformer_logic/src-hls/compute_controller.cpp:238:0)
INFO: [HLS 214-178] Inlining function 'min2_constexpr(int, int)' into 'compute_controller(bool, bool, unsigned int, bool&, bool&, bool, bool&, bool&, unsigned int&, unsigned char const*, unsigned char*, ComputeState&, unsigned int&, unsigned char&, unsigned char&, unsigned char&, unsigned char&, bool&, bool&, bool&, bool&)' (/home/luka/Scripting/ELEC_498-Capstone-LiteLM/HLS-Verilog/Transformer_logic/src-hls/compute_controller.cpp:238:0)
INFO: [HLS 214-178] Inlining function 'compute_buf::read_i8(unsigned char const*, int)' into 'compute_controller(bool, bool, unsigned int, bool&, bool&, bool, bool&, bool&, unsigned int&, unsigned char const*, unsigned char*, ComputeState&, unsigned int&, unsigned char&, unsigned char&, unsigned char&, unsigned char&, bool&, bool&, bool&, bool&)' (/home/luka/Scripting/ELEC_498-Capstone-LiteLM/HLS-Verilog/Transformer_logic/src-hls/compute_controller.cpp:238:0)
INFO: [HLS 214-178] Inlining function 'compute_buf::read_i4(unsigned char const*, int)' into 'compute_controller(bool, bool, unsigned int, bool&, bool&, bool, bool&, bool&, unsigned int&, unsigned char const*, unsigned char*, ComputeState&, unsigned int&, unsigned char&, unsigned char&, unsigned char&, unsigned char&, bool&, bool&, bool&, bool&)' (/home/luka/Scripting/ELEC_498-Capstone-LiteLM/HLS-Verilog/Transformer_logic/src-hls/compute_controller.cpp:238:0)
INFO: [HLS 214-178] Inlining function 'compute_buf::write_i32(unsigned char*, int, int)' into 'compute_controller(bool, bool, unsigned int, bool&, bool&, bool, bool&, bool&, unsigned int&, unsigned char const*, unsigned char*, ComputeState&, unsigned int&, unsigned char&, unsigned char&, unsigned char&, unsigned char&, bool&, bool&, bool&, bool&)' (/home/luka/Scripting/ELEC_498-Capstone-LiteLM/HLS-Verilog/Transformer_logic/src-hls/compute_controller.cpp:238:0)
INFO: [HLS 214-248] Applying array_partition to '_ZZ18compute_controllerbbjRbS_bS_S_RjPKhPhR12ComputeStateS0_RhS6_S6_S6_S_S_S_S_E3out': Cyclic partitioning with factor 4 on dimension 1. (/home/luka/Scripting/ELEC_498-Capstone-LiteLM/HLS-Verilog/Transformer_logic/src-hls/compute_controller.cpp:254:0)
INFO: [HLS 214-248] Applying array_partition to '_ZZ18compute_controllerbbjRbS_bS_S_RjPKhPhR12ComputeStateS0_RhS6_S6_S6_S_S_S_S_E4bias': Cyclic partitioning with factor 4 on dimension 1. (/home/luka/Scripting/ELEC_498-Capstone-LiteLM/HLS-Verilog/Transformer_logic/src-hls/compute_controller.cpp:253:0)
INFO: [HLS 214-248] Applying array_partition to '_ZZ18compute_controllerbbjRbS_bS_S_RjPKhPhR12ComputeStateS0_RhS6_S6_S6_S_S_S_S_E7matrixB': Cyclic partitioning with factor 4 on dimension 1. (/home/luka/Scripting/ELEC_498-Capstone-LiteLM/HLS-Verilog/Transformer_logic/src-hls/compute_controller.cpp:252:0)
INFO: [HLS 214-248] Applying array_partition to '_ZZ18compute_controllerbbjRbS_bS_S_RjPKhPhR12ComputeStateS0_RhS6_S6_S6_S_S_S_S_E7vectorA': Cyclic partitioning with factor 4 on dimension 1. (/home/luka/Scripting/ELEC_498-Capstone-LiteLM/HLS-Verilog/Transformer_logic/src-hls/compute_controller.cpp:251:0)
INFO: [HLS 214-376] automatically set the pipeline for Loop< VITIS_LOOP_367_4> at /home/luka/Scripting/ELEC_498-Capstone-LiteLM/HLS-Verilog/Transformer_logic/src-hls/compute_controller.cpp:367:39 
INFO: [HLS 214-376] automatically set the pipeline for Loop< VITIS_LOOP_372_5> at /home/luka/Scripting/ELEC_498-Capstone-LiteLM/HLS-Verilog/Transformer_logic/src-hls/compute_controller.cpp:372:39 
INFO: [HLS 214-376] automatically set the pipeline for Loop< VITIS_LOOP_379_7> at /home/luka/Scripting/ELEC_498-Capstone-LiteLM/HLS-Verilog/Transformer_logic/src-hls/compute_controller.cpp:379:43 
INFO: [HLS 214-376] automatically set the pipeline for Loop< VITIS_LOOP_391_8> at /home/luka/Scripting/ELEC_498-Capstone-LiteLM/HLS-Verilog/Transformer_logic/src-hls/compute_controller.cpp:391:39 
INFO: [HLS 214-376] automatically set the pipeline for Loop< VITIS_LOOP_395_9> at /home/luka/Scripting/ELEC_498-Capstone-LiteLM/HLS-Verilog/Transformer_logic/src-hls/compute_controller.cpp:395:39 
INFO: [HLS 214-376] automatically set the pipeline for Loop< VITIS_LOOP_407_10> at /home/luka/Scripting/ELEC_498-Capstone-LiteLM/HLS-Verilog/Transformer_logic/src-hls/compute_controller.cpp:407:44 
INFO: [HLS 214-376] automatically set the pipeline for Loop< VITIS_LOOP_40_1> at /home/luka/Scripting/ELEC_498-Capstone-LiteLM/HLS-Verilog/Transformer_logic/src-hls/compute_controller.cpp:40:26 
INFO: [HLS 214-291] Loop 'VITIS_LOOP_43_2' is marked as complete unroll implied by the pipeline pragma (/home/luka/Scripting/ELEC_498-Capstone-LiteLM/HLS-Verilog/Transformer_logic/src-hls/compute_controller.cpp:43:30)
INFO: [HLS 214-186] Unrolling loop 'VITIS_LOOP_43_2' (/home/luka/Scripting/ELEC_498-Capstone-LiteLM/HLS-Verilog/Transformer_logic/src-hls/compute_controller.cpp:43:30) in function 'compute_controller' completely with a factor of 22 (/home/luka/Scripting/ELEC_498-Capstone-LiteLM/HLS-Verilog/Transformer_logic/src-hls/compute_controller.cpp:238:0)
INFO: [HLS 200-111] Finished Compiling Optimization and Transform: CPU user time: 1.92 seconds. CPU system time: 0.59 seconds. Elapsed time: 6.85 seconds; current allocated memory: 449.098 MB.
INFO: [HLS 200-111] Finished Checking Pragmas: CPU user time: 0 seconds. CPU system time: 0 seconds. Elapsed time: 0.01 seconds; current allocated memory: 449.098 MB.
INFO: [HLS 200-10] Starting code transformations ...
INFO: [HLS 200-111] Finished Standard Transforms: CPU user time: 0.04 seconds. CPU system time: 0 seconds. Elapsed time: 0.03 seconds; current allocated memory: 450.312 MB.
INFO: [HLS 200-10] Checking synthesizability ...
INFO: [HLS 200-111] Finished Checking Synthesizability: CPU user time: 0.04 seconds. CPU system time: 0.01 seconds. Elapsed time: 0.04 seconds; current allocated memory: 451.254 MB.
INFO: [XFORM 203-401] Performing if-conversion on hyperblock from (/home/luka/Scripting/ELEC_498-Capstone-LiteLM/HLS-Verilog/Transformer_logic/src-hls/compute_controller.cpp:379:52) in function 'compute_controller'... converting 3 basic blocks.
INFO: [XFORM 203-11] Balancing expressions in function 'compute_controller' (/home/luka/Scripting/ELEC_498-Capstone-LiteLM/HLS-Verilog/Transformer_logic/src-hls/compute_controller.cpp:29:44)...43 expression(s) balanced.
INFO: [HLS 200-111] Finished Loop, function and other optimizations: CPU user time: 0.15 seconds. CPU system time: 0.01 seconds. Elapsed time: 0.18 seconds; current allocated memory: 475.879 MB.
INFO: [HLS 200-2061] Successfully converted nested loops 'VITIS_LOOP_378_6'(/home/luka/Scripting/ELEC_498-Capstone-LiteLM/HLS-Verilog/Transformer_logic/src-hls/compute_controller.cpp:378:39) and 'VITIS_LOOP_379_7'(/home/luka/Scripting/ELEC_498-Capstone-LiteLM/HLS-Verilog/Transformer_logic/src-hls/compute_controller.cpp:379:43) in function 'compute_controller' into perfectly nested loops.
INFO: [XFORM 203-541] Flattening a loop nest 'VITIS_LOOP_378_6' (/home/luka/Scripting/ELEC_498-Capstone-LiteLM/HLS-Verilog/Transformer_logic/src-hls/compute_controller.cpp:378:39) in function 'compute_controller'.
INFO: [HLS 200-111] Finished Architecture Synthesis: CPU user time: 0.17 seconds. CPU system time: 0.03 seconds. Elapsed time: 0.19 seconds; current allocated memory: 535.902 MB.
INFO: [HLS 200-10] Starting hardware synthesis ...
INFO: [HLS 200-10] Synthesizing 'compute_controller' ...
INFO: [HLS 200-10] ----------------------------------------------------------------
INFO: [HLS 200-42] -- Implementing module 'compute_controller_Pipeline_VITIS_LOOP_367_4' 
INFO: [HLS 200-10] ----------------------------------------------------------------
INFO: [SCHED 204-11] Starting scheduling ...
INFO: [SCHED 204-61] Pipelining loop 'VITIS_LOOP_367_4'.
INFO: [HLS 200-1470] Pipelining result : Target II = NA, Final II = 1, Depth = 2, loop 'VITIS_LOOP_367_4'
INFO: [SCHED 204-11] Finished scheduling.
INFO: [HLS 200-111] Finished Scheduling: CPU user time: 0.04 seconds. CPU system time: 0.03 seconds. Elapsed time: 0.07 seconds; current allocated memory: 536.707 MB.
INFO: [BIND 205-100] Starting micro-architecture generation ...
INFO: [BIND 205-101] Performing variable lifetime analysis.
INFO: [BIND 205-101] Exploring resource sharing.
INFO: [BIND 205-101] Binding ...
INFO: [BIND 205-100] Finished micro-architecture generation.
INFO: [HLS 200-111] Finished Binding: CPU user time: 0.01 seconds. CPU system time: 0 seconds. Elapsed time: 0.01 seconds; current allocated memory: 536.707 MB.
INFO: [HLS 200-10] ----------------------------------------------------------------
INFO: [HLS 200-42] -- Implementing module 'compute_controller_Pipeline_VITIS_LOOP_372_5' 
INFO: [HLS 200-10] ----------------------------------------------------------------
INFO: [SCHED 204-11] Starting scheduling ...
INFO: [SCHED 204-61] Pipelining loop 'VITIS_LOOP_372_5'.
INFO: [HLS 200-1470] Pipelining result : Target II = NA, Final II = 1, Depth = 1, loop 'VITIS_LOOP_372_5'
INFO: [SCHED 204-11] Finished scheduling.
INFO: [HLS 200-111] Finished Scheduling: CPU user time: 0.01 seconds. CPU system time: 0 seconds. Elapsed time: 0.02 seconds; current allocated memory: 536.711 MB.
INFO: [BIND 205-100] Starting micro-architecture generation ...
INFO: [BIND 205-101] Performing variable lifetime analysis.
INFO: [BIND 205-101] Exploring resource sharing.
INFO: [BIND 205-101] Binding ...
INFO: [BIND 205-100] Finished micro-architecture generation.
INFO: [HLS 200-111] Finished Binding: CPU user time: 0.01 seconds. CPU system time: 0 seconds. Elapsed time: 0.01 seconds; current allocated memory: 536.711 MB.
INFO: [HLS 200-10] ----------------------------------------------------------------
INFO: [HLS 200-42] -- Implementing module 'compute_controller_Pipeline_VITIS_LOOP_378_6_VITIS_LOOP_379_7' 
INFO: [HLS 200-10] ----------------------------------------------------------------
INFO: [SCHED 204-11] Starting scheduling ...
INFO: [SCHED 204-61] Pipelining loop 'VITIS_LOOP_378_6_VITIS_LOOP_379_7'.
INFO: [HLS 200-1470] Pipelining result : Target II = NA, Final II = 1, Depth = 2, loop 'VITIS_LOOP_378_6_VITIS_LOOP_379_7'
INFO: [SCHED 204-11] Finished scheduling.
INFO: [HLS 200-111] Finished Scheduling: CPU user time: 0.04 seconds. CPU system time: 0.01 seconds. Elapsed time: 0.04 seconds; current allocated memory: 536.734 MB.
INFO: [BIND 205-100] Starting micro-architecture generation ...
INFO: [BIND 205-101] Performing variable lifetime analysis.
INFO: [BIND 205-101] Exploring resource sharing.
INFO: [BIND 205-101] Binding ...
INFO: [BIND 205-100] Finished micro-architecture generation.
INFO: [HLS 200-111] Finished Binding: CPU user time: 0.01 seconds. CPU system time: 0 seconds. Elapsed time: 0.01 seconds; current allocated memory: 536.734 MB.
INFO: [HLS 200-10] ----------------------------------------------------------------
INFO: [HLS 200-42] -- Implementing module 'compute_controller_Pipeline_VITIS_LOOP_391_8' 
INFO: [HLS 200-10] ----------------------------------------------------------------
INFO: [SCHED 204-11] Starting scheduling ...
INFO: [SCHED 204-61] Pipelining loop 'VITIS_LOOP_391_8'.
INFO: [HLS 200-1470] Pipelining result : Target II = NA, Final II = 1, Depth = 1, loop 'VITIS_LOOP_391_8'
INFO: [SCHED 204-11] Finished scheduling.
INFO: [HLS 200-111] Finished Scheduling: CPU user time: 0.02 seconds. CPU system time: 0 seconds. Elapsed time: 0.02 seconds; current allocated memory: 536.734 MB.
INFO: [BIND 205-100] Starting micro-architecture generation ...
INFO: [BIND 205-101] Performing variable lifetime analysis.
INFO: [BIND 205-101] Exploring resource sharing.
INFO: [BIND 205-101] Binding ...
INFO: [BIND 205-100] Finished micro-architecture generation.
INFO: [HLS 200-111] Finished Binding: CPU user time: 0 seconds. CPU system time: 0 seconds. Elapsed time: 0.01 seconds; current allocated memory: 536.734 MB.
INFO: [HLS 200-10] ----------------------------------------------------------------
INFO: [HLS 200-42] -- Implementing module 'compute_controller_Pipeline_VITIS_LOOP_395_9' 
INFO: [HLS 200-10] ----------------------------------------------------------------
INFO: [SCHED 204-11] Starting scheduling ...
INFO: [SCHED 204-61] Pipelining loop 'VITIS_LOOP_395_9'.
INFO: [HLS 200-1470] Pipelining result : Target II = NA, Final II = 1, Depth = 1, loop 'VITIS_LOOP_395_9'
INFO: [SCHED 204-11] Finished scheduling.
INFO: [HLS 200-111] Finished Scheduling: CPU user time: 0.01 seconds. CPU system time: 0 seconds. Elapsed time: 0.01 seconds; current allocated memory: 536.734 MB.
INFO: [BIND 205-100] Starting micro-architecture generation ...
INFO: [BIND 205-101] Performing variable lifetime analysis.
INFO: [BIND 205-101] Exploring resource sharing.
INFO: [BIND 205-101] Binding ...
INFO: [BIND 205-100] Finished micro-architecture generation.
INFO: [HLS 200-111] Finished Binding: CPU user time: 0.01 seconds. CPU system time: 0 seconds. Elapsed time: 0.01 seconds; current allocated memory: 536.734 MB.
INFO: [HLS 200-10] ----------------------------------------------------------------
INFO: [HLS 200-42] -- Implementing module 'compute_controller_Pipeline_VITIS_LOOP_407_10' 
INFO: [HLS 200-10] ----------------------------------------------------------------
INFO: [SCHED 204-11] Starting scheduling ...
INFO: [SCHED 204-61] Pipelining loop 'VITIS_LOOP_407_10'.
WARNING: [HLS 200-885] The II Violation in module 'compute_controller_Pipeline_VITIS_LOOP_407_10' (loop 'VITIS_LOOP_407_10'): Unable to schedule 'store' operation 0 bit ('out_buf_addr_1_write_ln180', /home/luka/Scripting/ELEC_498-Capstone-LiteLM/HLS-Verilog/Transformer_logic/src-hls/compute_buffer_layout.hpp:180->/home/luka/Scripting/ELEC_498-Capstone-LiteLM/HLS-Verilog/Transformer_logic/src-hls/compute_controller.cpp:408) of variable 'trunc_ln', /home/luka/Scripting/ELEC_498-Capstone-LiteLM/HLS-Verilog/Transformer_logic/src-hls/compute_buffer_layout.hpp:180->/home/luka/Scripting/ELEC_498-Capstone-LiteLM/HLS-Verilog/Transformer_logic/src-hls/compute_controller.cpp:408 on array 'out_buf' due to limited memory ports (II = 1). Please consider using a memory core with more ports or partitioning the array 'out_buf'.
Resolution: For help on HLS 200-885 see docs.xilinx.com/access/sources/dita/topic?Doc_Version=2025.1%20English&url=ug1448-hls-guidance&resourceid=200-885.html
INFO: [HLS 200-1470] Pipelining result : Target II = NA, Final II = 2, Depth = 2, loop 'VITIS_LOOP_407_10'
INFO: [SCHED 204-11] Finished scheduling.
INFO: [HLS 200-111] Finished Scheduling: CPU user time: 0.02 seconds. CPU system time: 0.01 seconds. Elapsed time: 0.02 seconds; current allocated memory: 536.734 MB.
INFO: [BIND 205-100] Starting micro-architecture generation ...
INFO: [BIND 205-101] Performing variable lifetime analysis.
INFO: [BIND 205-101] Exploring resource sharing.
INFO: [BIND 205-101] Binding ...
INFO: [BIND 205-100] Finished micro-architecture generation.
INFO: [HLS 200-111] Finished Binding: CPU user time: 0.01 seconds. CPU system time: 0 seconds. Elapsed time: 0.01 seconds; current allocated memory: 536.734 MB.
INFO: [HLS 200-10] ----------------------------------------------------------------
INFO: [HLS 200-42] -- Implementing module 'compute_controller_Pipeline_VITIS_LOOP_40_1' 
INFO: [HLS 200-10] ----------------------------------------------------------------
INFO: [SCHED 204-11] Starting scheduling ...
INFO: [HLS 200-486] Changing DSP latency (root=add_ln46_18) to 3 in order to utilize available DSP registers.
INFO: [HLS 200-486] Changing DSP latency (root=add_ln46_17) to 3 in order to utilize available DSP registers.
INFO: [HLS 200-486] Changing DSP latency (root=add_ln46_16) to 3 in order to utilize available DSP registers.
INFO: [HLS 200-486] Changing DSP latency (root=add_ln46_15) to 3 in order to utilize available DSP registers.
INFO: [HLS 200-486] Changing DSP latency (root=add_ln46_13) to 3 in order to utilize available DSP registers.
INFO: [HLS 200-486] Changing DSP latency (root=add_ln46_12) to 3 in order to utilize available DSP registers.
INFO: [HLS 200-486] Changing DSP latency (root=add_ln46_11) to 3 in order to utilize available DSP registers.
INFO: [HLS 200-486] Changing DSP latency (root=add_ln46_10) to 3 in order to utilize available DSP registers.
INFO: [HLS 200-486] Changing DSP latency (root=add_ln46_7) to 3 in order to utilize available DSP registers.
INFO: [HLS 200-486] Changing DSP latency (root=add_ln46_6) to 3 in order to utilize available DSP registers.
INFO: [HLS 200-486] Changing DSP latency (root=add_ln46_5) to 3 in order to utilize available DSP registers.
INFO: [HLS 200-486] Changing DSP latency (root=add_ln46_4) to 3 in order to utilize available DSP registers.
INFO: [HLS 200-486] Changing DSP latency (root=add_ln46_2) to 3 in order to utilize available DSP registers.
INFO: [HLS 200-486] Changing DSP latency (root=add_ln46_1) to 3 in order to utilize available DSP registers.
INFO: [HLS 200-486] Changing DSP latency (root=add_ln46) to 3 in order to utilize available DSP registers.
INFO: [SCHED 204-61] Pipelining loop 'VITIS_LOOP_40_1'.
WARNING: [HLS 200-885] The II Violation in module 'compute_controller_Pipeline_VITIS_LOOP_40_1' (loop 'VITIS_LOOP_40_1'): Unable to schedule 'load' operation 4 bit ('compute_controller_bool_bool_unsigned_int_bool_bool_bool_bool_bool_u_115', /home/luka/Scripting/ELEC_498-Capstone-LiteLM/HLS-Verilog/Transformer_logic/src-hls/compute_controller.cpp:45->/home/luka/Scripting/ELEC_498-Capstone-LiteLM/HLS-Verilog/Transformer_logic/src-hls/compute_controller.cpp:435) on array 'compute_controller_bool_bool_unsigned_int_bool_bool_bool_bool_bool_u_8' due to limited memory ports (II = 1). Please consider using a memory core with more ports or partitioning the array 'compute_controller_bool_bool_unsigned_int_bool_bool_bool_bool_bool_u_8'.
Resolution: For help on HLS 200-885 see docs.xilinx.com/access/sources/dita/topic?Doc_Version=2025.1%20English&url=ug1448-hls-guidance&resourceid=200-885.html
WARNING: [HLS 200-885] The II Violation in module 'compute_controller_Pipeline_VITIS_LOOP_40_1' (loop 'VITIS_LOOP_40_1'): Unable to schedule 'load' operation 4 bit ('compute_controller_bool_bool_unsigned_int_bool_bool_bool_bool_bool_u_171', /home/luka/Scripting/ELEC_498-Capstone-LiteLM/HLS-Verilog/Transformer_logic/src-hls/compute_controller.cpp:45->/home/luka/Scripting/ELEC_498-Capstone-LiteLM/HLS-Verilog/Transformer_logic/src-hls/compute_controller.cpp:435) on array 'compute_controller_bool_bool_unsigned_int_bool_bool_bool_bool_bool_u_8' due to limited memory ports (II = 2). Please consider using a memory core with more ports or partitioning the array 'compute_controller_bool_bool_unsigned_int_bool_bool_bool_bool_bool_u_8'.
Resolution: For help on HLS 200-885 see docs.xilinx.com/access/sources/dita/topic?Doc_Version=2025.1%20English&url=ug1448-hls-guidance&resourceid=200-885.html
INFO: [HLS 200-1470] Pipelining result : Target II = NA, Final II = 3, Depth = 9, loop 'VITIS_LOOP_40_1'
INFO: [SCHED 204-11] Finished scheduling.
INFO: [HLS 200-111] Finished Scheduling: CPU user time: 0.18 seconds. CPU system time: 0 seconds. Elapsed time: 0.19 seconds; current allocated memory: 538.984 MB.
INFO: [BIND 205-100] Starting micro-architecture generation ...
INFO: [BIND 205-101] Performing variable lifetime analysis.
INFO: [BIND 205-101] Exploring resource sharing.
INFO: [BIND 205-101] Binding ...
INFO: [BIND 205-100] Finished micro-architecture generation.
INFO: [HLS 200-111] Finished Binding: CPU user time: 0.05 seconds. CPU system time: 0 seconds. Elapsed time: 0.05 seconds; current allocated memory: 538.984 MB.
INFO: [HLS 200-10] ----------------------------------------------------------------
INFO: [HLS 200-42] -- Implementing module 'compute_controller' 
INFO: [HLS 200-10] ----------------------------------------------------------------
INFO: [SCHED 204-11] Starting scheduling ...
INFO: [SCHED 204-11] Finished scheduling.
INFO: [HLS 200-111] Finished Scheduling: CPU user time: 0.1 seconds. CPU system time: 0.01 seconds. Elapsed time: 0.11 seconds; current allocated memory: 542.457 MB.
INFO: [BIND 205-100] Starting micro-architecture generation ...
INFO: [BIND 205-101] Performing variable lifetime analysis.
INFO: [BIND 205-101] Exploring resource sharing.
INFO: [BIND 205-101] Binding ...
INFO: [BIND 205-100] Finished micro-architecture generation.
INFO: [HLS 200-111] Finished Binding: CPU user time: 0.04 seconds. CPU system time: 0 seconds. Elapsed time: 0.04 seconds; current allocated memory: 542.457 MB.
INFO: [HLS 200-10] ----------------------------------------------------------------
INFO: [HLS 200-10] -- Generating RTL for module 'compute_controller_Pipeline_VITIS_LOOP_367_4' 
INFO: [HLS 200-10] ----------------------------------------------------------------
INFO: [HLS 200-1030] Apply Unified Pipeline Control on module 'compute_controller_Pipeline_VITIS_LOOP_367_4' pipeline 'VITIS_LOOP_367_4' pipeline type 'loop pipeline'
INFO: [RTGEN 206-100] Finished creating RTL model for 'compute_controller_Pipeline_VITIS_LOOP_367_4'.
INFO: [HLS 200-111] Finished Creating RTL model: CPU user time: 0.05 seconds. CPU system time: 0.01 seconds. Elapsed time: 0.05 seconds; current allocated memory: 542.457 MB.
INFO: [HLS 200-10] ----------------------------------------------------------------
INFO: [HLS 200-10] -- Generating RTL for module 'compute_controller_Pipeline_VITIS_LOOP_372_5' 
INFO: [HLS 200-10] ----------------------------------------------------------------
INFO: [RTGEN 206-100] Finished creating RTL model for 'compute_controller_Pipeline_VITIS_LOOP_372_5'.
INFO: [HLS 200-111] Finished Creating RTL model: CPU user time: 0.03 seconds. CPU system time: 0.01 seconds. Elapsed time: 0.04 seconds; current allocated memory: 542.457 MB.
INFO: [HLS 200-10] ----------------------------------------------------------------
INFO: [HLS 200-10] -- Generating RTL for module 'compute_controller_Pipeline_VITIS_LOOP_378_6_VITIS_LOOP_379_7' 
INFO: [HLS 200-10] ----------------------------------------------------------------
INFO: [HLS 200-1030] Apply Unified Pipeline Control on module 'compute_controller_Pipeline_VITIS_LOOP_378_6_VITIS_LOOP_379_7' pipeline 'VITIS_LOOP_378_6_VITIS_LOOP_379_7' pipeline type 'loop pipeline'
INFO: [RTGEN 206-100] Finished creating RTL model for 'compute_controller_Pipeline_VITIS_LOOP_378_6_VITIS_LOOP_379_7'.
INFO: [HLS 200-111] Finished Creating RTL model: CPU user time: 0.03 seconds. CPU system time: 0.01 seconds. Elapsed time: 0.04 seconds; current allocated memory: 543.527 MB.
INFO: [HLS 200-10] ----------------------------------------------------------------
INFO: [HLS 200-10] -- Generating RTL for module 'compute_controller_Pipeline_VITIS_LOOP_391_8' 
INFO: [HLS 200-10] ----------------------------------------------------------------
INFO: [RTGEN 206-100] Finished creating RTL model for 'compute_controller_Pipeline_VITIS_LOOP_391_8'.
INFO: [HLS 200-111] Finished Creating RTL model: CPU user time: 0.04 seconds. CPU system time: 0.01 seconds. Elapsed time: 0.05 seconds; current allocated memory: 545.539 MB.
INFO: [HLS 200-10] ----------------------------------------------------------------
INFO: [HLS 200-10] -- Generating RTL for module 'compute_controller_Pipeline_VITIS_LOOP_395_9' 
INFO: [HLS 200-10] ----------------------------------------------------------------
INFO: [RTGEN 206-100] Finished creating RTL model for 'compute_controller_Pipeline_VITIS_LOOP_395_9'.
INFO: [HLS 200-111] Finished Creating RTL model: CPU user time: 0.02 seconds. CPU system time: 0 seconds. Elapsed time: 0.03 seconds; current allocated memory: 545.586 MB.
INFO: [HLS 200-10] ----------------------------------------------------------------
INFO: [HLS 200-10] -- Generating RTL for module 'compute_controller_Pipeline_VITIS_LOOP_407_10' 
INFO: [HLS 200-10] ----------------------------------------------------------------
INFO: [RTGEN 206-100] Finished creating RTL model for 'compute_controller_Pipeline_VITIS_LOOP_407_10'.
INFO: [HLS 200-111] Finished Creating RTL model: CPU user time: 0.04 seconds. CPU system time: 0.01 seconds. Elapsed time: 0.04 seconds; current allocated memory: 546.406 MB.
INFO: [HLS 200-10] ----------------------------------------------------------------
INFO: [HLS 200-10] -- Generating RTL for module 'compute_controller_Pipeline_VITIS_LOOP_40_1' 
INFO: [HLS 200-10] ----------------------------------------------------------------
INFO: [HLS 200-1030] Apply Unified Pipeline Control on module 'compute_controller_Pipeline_VITIS_LOOP_40_1' pipeline 'VITIS_LOOP_40_1' pipeline type 'loop pipeline'
INFO: [RTGEN 206-100] Generating core module 'mac_muladd_8s_4s_12s_13_4_1': 8 instance(s).
INFO: [RTGEN 206-100] Generating core module 'mac_muladd_8s_4s_13s_13_4_1': 6 instance(s).
INFO: [RTGEN 206-100] Generating core module 'mac_muladd_8s_4s_4s_12_4_1': 1 instance(s).
INFO: [RTGEN 206-100] Generating core module 'mul_8s_4s_12_1_1': 7 instance(s).
INFO: [RTGEN 206-100] Generating core module 'sparsemux_9_2_4_1_1': 1 instance(s).
INFO: [RTGEN 206-100] Finished creating RTL model for 'compute_controller_Pipeline_VITIS_LOOP_40_1'.
INFO: [HLS 200-111] Finished Creating RTL model: CPU user time: 0.08 seconds. CPU system time: 0.01 seconds. Elapsed time: 0.1 seconds; current allocated memory: 550.137 MB.
INFO: [HLS 200-10] ----------------------------------------------------------------
INFO: [HLS 200-10] -- Generating RTL for module 'compute_controller' 
INFO: [HLS 200-10] ----------------------------------------------------------------
INFO: [RTGEN 206-500] Setting interface mode on port 'compute_controller/reset' to 'ap_none'.
INFO: [RTGEN 206-500] Setting interface mode on port 'compute_controller/compute_start' to 'ap_none'.
INFO: [RTGEN 206-500] Setting interface mode on port 'compute_controller/compute_instruction' to 'ap_none'.
INFO: [RTGEN 206-500] Setting interface mode on port 'compute_controller/compute_ready' to 'ap_vld'.
INFO: [RTGEN 206-500] Setting interface mode on port 'compute_controller/compute_done' to 'ap_vld'.
INFO: [RTGEN 206-500] Setting interface mode on port 'compute_controller/mem_transfer_done' to 'ap_none'.
INFO: [RTGEN 206-500] Setting interface mode on port 'compute_controller/mem_read_request' to 'ap_vld'.
INFO: [RTGEN 206-500] Setting interface mode on port 'compute_controller/mem_write_request' to 'ap_vld'.
INFO: [RTGEN 206-500] Setting interface mode on port 'compute_controller/mem_op' to 'ap_vld'.
INFO: [RTGEN 206-500] Setting interface mode on port 'compute_controller/in_buf' to 'ap_memory'.
INFO: [RTGEN 206-500] Setting interface mode on port 'compute_controller/out_buf' to 'ap_memory'.
INFO: [RTGEN 206-500] Setting interface mode on port 'compute_controller/dbg_state' to 'ap_vld'.
INFO: [RTGEN 206-500] Setting interface mode on port 'compute_controller/dbg_req_instruction' to 'ap_vld'.
INFO: [RTGEN 206-500] Setting interface mode on port 'compute_controller/dbg_req_op' to 'ap_vld'.
INFO: [RTGEN 206-500] Setting interface mode on port 'compute_controller/dbg_req_layer' to 'ap_vld'.
INFO: [RTGEN 206-500] Setting interface mode on port 'compute_controller/dbg_req_head' to 'ap_vld'.
INFO: [RTGEN 206-500] Setting interface mode on port 'compute_controller/dbg_req_tile' to 'ap_vld'.
INFO: [RTGEN 206-500] Setting interface mode on port 'compute_controller/dbg_mac_start' to 'ap_vld'.
INFO: [RTGEN 206-500] Setting interface mode on port 'compute_controller/dbg_mac_ready' to 'ap_vld'.
INFO: [RTGEN 206-500] Setting interface mode on port 'compute_controller/dbg_mac_complete' to 'ap_vld'.
INFO: [RTGEN 206-500] Setting interface mode on port 'compute_controller/error' to 'ap_vld'.
INFO: [RTGEN 206-500] Setting interface mode on function 'compute_controller' to 'ap_ctrl_hs'.
WARNING: [RTGEN 206-101] Register 'state' is power-on initialization.
WARNING: [RTGEN 206-101] Register 'req_instruction' is power-on initialization.
WARNING: [RTGEN 206-101] Register 'req_op' is power-on initialization.
WARNING: [RTGEN 206-101] Register 'mac_ready' is power-on initialization.
WARNING: [RTGEN 206-101] Register 'mac_complete' is power-on initialization.
WARNING: [RTGEN 206-101] Register 'req_layer_idx' is power-on initialization.
WARNING: [RTGEN 206-101] Register 'req_head_idx' is power-on initialization.
WARNING: [RTGEN 206-101] Register 'req_tile_idx' is power-on initialization.
WARNING: [RTGEN 206-101] Register 'capture_pending' is power-on initialization.
INFO: [SYN 201-210] Renamed object name 'compute_controller_bool_bool_unsigned_int_bool_bool_bool_bool_bool_u_3_RAM_AUTO_1R1W' to 'compute_controller_bool_bool_unsigned_int_bool_bool_bool_bool_bool_u_3_RAM_AUbkb' due to the length limit 80
INFO: [SYN 201-210] Renamed object name 'compute_controller_bool_bool_unsigned_int_bool_bool_bool_bool_bool_u_2_RAM_AUTO_1R1W' to 'compute_controller_bool_bool_unsigned_int_bool_bool_bool_bool_bool_u_2_RAM_AUcud' due to the length limit 80
INFO: [SYN 201-210] Renamed object name 'compute_controller_bool_bool_unsigned_int_bool_bool_bool_bool_bool_u_1_RAM_AUTO_1R1W' to 'compute_controller_bool_bool_unsigned_int_bool_bool_bool_bool_bool_u_1_RAM_AUdEe' due to the length limit 80
INFO: [SYN 201-210] Renamed object name 'compute_controller_bool_bool_unsigned_int_bool_bool_bool_bool_bool_u_RAM_AUTO_1R1W' to 'compute_controller_bool_bool_unsigned_int_bool_bool_bool_bool_bool_u_RAM_AUTOeOg' due to the length limit 80
INFO: [SYN 201-210] Renamed object name 'compute_controller_bool_bool_unsigned_int_bool_bool_bool_bool_bool_u_9_RAM_AUTO_1R1W' to 'compute_controller_bool_bool_unsigned_int_bool_bool_bool_bool_bool_u_9_RAM_AUfYi' due to the length limit 80
INFO: [SYN 201-210] Renamed object name 'compute_controller_bool_bool_unsigned_int_bool_bool_bool_bool_bool_u_8_RAM_AUTO_1R1W' to 'compute_controller_bool_bool_unsigned_int_bool_bool_bool_bool_bool_u_8_RAM_AUg8j' due to the length limit 80
INFO: [SYN 201-210] Renamed object name 'compute_controller_bool_bool_unsigned_int_bool_bool_bool_bool_bool_u_7_RAM_AUTO_1R1W' to 'compute_controller_bool_bool_unsigned_int_bool_bool_bool_bool_bool_u_7_RAM_AUhbi' due to the length limit 80
INFO: [SYN 201-210] Renamed object name 'compute_controller_bool_bool_unsigned_int_bool_bool_bool_bool_bool_u_6_RAM_AUTO_1R1W' to 'compute_controller_bool_bool_unsigned_int_bool_bool_bool_bool_bool_u_6_RAM_AUibs' due to the length limit 80
INFO: [SYN 201-210] Renamed object name 'compute_controller_bool_bool_unsigned_int_bool_bool_bool_bool_bool_u_13_RAM_AUTO_1R1W' to 'compute_controller_bool_bool_unsigned_int_bool_bool_bool_bool_bool_u_13_RAM_AjbC' due to the length limit 80
INFO: [SYN 201-210] Renamed object name 'compute_controller_bool_bool_unsigned_int_bool_bool_bool_bool_bool_u_12_RAM_AUTO_1R1W' to 'compute_controller_bool_bool_unsigned_int_bool_bool_bool_bool_bool_u_12_RAM_AkbM' due to the length limit 80
INFO: [SYN 201-210] Renamed object name 'compute_controller_bool_bool_unsigned_int_bool_bool_bool_bool_bool_u_11_RAM_AUTO_1R1W' to 'compute_controller_bool_bool_unsigned_int_bool_bool_bool_bool_bool_u_11_RAM_AlbW' due to the length limit 80
INFO: [SYN 201-210] Renamed object name 'compute_controller_bool_bool_unsigned_int_bool_bool_bool_bool_bool_u_10_RAM_AUTO_1R1W' to 'compute_controller_bool_bool_unsigned_int_bool_bool_bool_bool_bool_u_10_RAM_Amb6' due to the length limit 80
WARNING: [RTGEN 206-101] Register 'busy' is power-on initialization.
INFO: [SYN 201-210] Renamed object name 'compute_controller_bool_bool_unsigned_int_bool_bool_bool_bool_bool_u_5_RAM_AUTO_1R1W' to 'compute_controller_bool_bool_unsigned_int_bool_bool_bool_bool_bool_u_5_RAM_AUncg' due to the length limit 80
INFO: [SYN 201-210] Renamed object name 'compute_controller_bool_bool_unsigned_int_bool_bool_bool_bool_bool_u_4_RAM_AUTO_1R1W' to 'compute_controller_bool_bool_unsigned_int_bool_bool_bool_bool_bool_u_4_RAM_AUocq' due to the length limit 80
INFO: [RTGEN 206-100] Finished creating RTL model for 'compute_controller'.
INFO: [RTMG 210-278] Implementing memory 'compute_controller_compute_controller_bool_bool_unsigned_int_bool_bool_bool_bool_bool_u_3_RAM_AUbkb' using auto RAMs.
INFO: [RTMG 210-278] Implementing memory 'compute_controller_compute_controller_bool_bool_unsigned_int_bool_bool_bool_bool_bool_u_9_RAM_AUfYi' using auto RAMs.
INFO: [RTMG 210-278] Implementing memory 'compute_controller_compute_controller_bool_bool_unsigned_int_bool_bool_bool_bool_bool_u_13_RAM_AjbC' using auto RAMs.
INFO: [RTMG 210-278] Implementing memory 'compute_controller_compute_controller_bool_bool_unsigned_int_bool_bool_bool_bool_bool_u_12_RAM_AkbM' using auto RAMs.
INFO: [RTMG 210-278] Implementing memory 'compute_controller_compute_controller_bool_bool_unsigned_int_bool_bool_bool_bool_bool_u_11_RAM_AlbW' using auto RAMs.
INFO: [RTMG 210-278] Implementing memory 'compute_controller_compute_controller_bool_bool_unsigned_int_bool_bool_bool_bool_bool_u_5_RAM_AUncg' using auto RAMs.
INFO: [HLS 200-111] Finished Creating RTL model: CPU user time: 0.17 seconds. CPU system time: 0.03 seconds. Elapsed time: 0.19 seconds; current allocated memory: 559.141 MB.
INFO: [HLS 200-111] Finished Generating all RTL models: CPU user time: 0.29 seconds. CPU system time: 0.05 seconds. Elapsed time: 0.34 seconds; current allocated memory: 569.277 MB.
INFO: [HLS 200-111] Finished Updating report files: CPU user time: 0.51 seconds. CPU system time: 0.08 seconds. Elapsed time: 0.59 seconds; current allocated memory: 575.402 MB.
INFO: [VHDL 208-304] Generating VHDL RTL for compute_controller.
INFO: [VLOG 209-307] Generating Verilog RTL for compute_controller.
INFO: [HLS 200-790] **** Loop Constraint Status: All loop constraints were NOT satisfied.
INFO: [HLS 200-789] **** Estimated Fmax: 143.87 MHz
INFO: [HLS 200-112] Total CPU user time: 9.65 seconds. Total CPU system time: 2.17 seconds. Total elapsed time: 16.14 seconds; peak allocated memory: 575.402 MB.
INFO: [v++ 60-791] Total elapsed time: 0h 0m 19s
