INFO: [SIM 2] *************** CSIM start ***************
INFO: [SIM 4] CSIM will launch CLANG as the compiler.
   Compiling ../../../../../../../HLS-Verilog/MMU/mmu_tb.cpp in debug mode
   Compiling ../../../../../../../HLS-Verilog/MMU/mmu.cpp in debug mode
   Generating csim.exe
=== MMU V2 Tests (using top_params.hpp) ===

ModelDims from top_params.hpp:
  D_MODEL=16, D_FFN=22, D_HEADS=4, NUM_HEADS=4
  CONTEXT_LEN=16, NUM_LAYERS=2

[PASS] init_idle
[PASS] init_dma_queue_empty
[PASS] init_compute_queue_empty
[PASS] push_dma
[PASS] dma_count_1
[PASS] push_compute
[PASS] compute_count_1
[PASS] arbitrate_head_2
[PASS] arbitrate_head_5
[PASS] Q_is_headed
[PASS] ATT_SCORES_is_headed
[PASS] FFN_W1_not_headed
[PASS] WQ_is_headed
[PASS] W1_not_headed
[PASS] K_WRITE_is_write
[PASS] WQ_not_write

Input buffer layouts:
  CMP_Q: act@0(16), W@16(32), B@48(2), total=50
[PASS] qkv_in_size
  CMP_FFN_W1: act@0(16), W@16(32), B@48(16), S@64(8), total=72
[PASS] ffn_w1_in_size

Output buffer layouts:
  CMP_Q: result@0(16), total=16
[PASS] qkv_out_size

DMA sizes:
  WQ: 34 bytes
  WO: 48 bytes
  W1: 56 bytes
  CTX_K: 64 bytes

FSM cycle test:
  cycle 0: state=DMA_ARB, dma_start=0
  cycle 1: state=DMA_ISSUE, dma_start=0
  cycle 2: state=DMA_WAIT, dma_start=1
  cycle 3: state=DMA_WAIT, dma_start=0
  cycle 4: state=IDLE, dma_start=0
  -> main_dma_done!
[PASS] fsm_dma_done

=== Results: 20/20 passed ===
INFO: [SIM 1] CSim done with 0 errors.
INFO: [SIM 3] *************** CSIM finish ***************
