/home/luka/Scripting/ELEC_498-Capstone-LiteLM/vitis_simulations/Scheduler_FSM/Scheduler_FSM_total/Scheduler_FSM_DMA_heads/scheduler_hls/hls/.autopilot/db/Scheduler_FSM.pp.0.cpp:1251:5: warning: Added loop label VITIS_LOOP_400_1:   [xilinx-label-all-loops]
    for (int i = 0; i < NUM_HEADS; ++i){
    ^~~
    VITIS_LOOP_400_1: 
/home/luka/Scripting/ELEC_498-Capstone-LiteLM/vitis_simulations/Scheduler_FSM/Scheduler_FSM_total/Scheduler_FSM_DMA_heads/scheduler_hls/hls/.autopilot/db/Scheduler_FSM.pp.0.cpp:1251:5: note: FIX-IT applied suggested code changes
/home/luka/Scripting/ELEC_498-Capstone-LiteLM/vitis_simulations/Scheduler_FSM/Scheduler_FSM_total/Scheduler_FSM_DMA_heads/scheduler_hls/hls/.autopilot/db/Scheduler_FSM.pp.0.cpp:1511:7: warning: Added loop label VITIS_LOOP_660_2:   [xilinx-label-all-loops]
      for (int i = 0; i < NUM_HEADS; ++i){
      ^~~
      VITIS_LOOP_660_2: 
/home/luka/Scripting/ELEC_498-Capstone-LiteLM/vitis_simulations/Scheduler_FSM/Scheduler_FSM_total/Scheduler_FSM_DMA_heads/scheduler_hls/hls/.autopilot/db/Scheduler_FSM.pp.0.cpp:1511:7: note: FIX-IT applied suggested code changes
/home/luka/Scripting/ELEC_498-Capstone-LiteLM/vitis_simulations/Scheduler_FSM/Scheduler_FSM_total/Scheduler_FSM_DMA_heads/scheduler_hls/hls/.autopilot/db/Scheduler_FSM.pp.0.cpp:1590:2: warning: Added loop label VITIS_LOOP_739_3:   [xilinx-label-all-loops]
 for (int lane = 0; lane < HEADS_PARALLEL; ++lane) {
 ^~~
 VITIS_LOOP_739_3: 
/home/luka/Scripting/ELEC_498-Capstone-LiteLM/vitis_simulations/Scheduler_FSM/Scheduler_FSM_total/Scheduler_FSM_DMA_heads/scheduler_hls/hls/.autopilot/db/Scheduler_FSM.pp.0.cpp:1590:2: note: FIX-IT applied suggested code changes
/home/luka/Scripting/ELEC_498-Capstone-LiteLM/vitis_simulations/Scheduler_FSM/Scheduler_FSM_total/Scheduler_FSM_DMA_heads/scheduler_hls/hls/.autopilot/db/Scheduler_FSM.pp.0.cpp:1606:7: warning: Added loop label VITIS_LOOP_755_4:   [xilinx-label-all-loops]
      for (int lane = 0; lane < HEADS_PARALLEL; ++lane) {
      ^~~
      VITIS_LOOP_755_4: 
/home/luka/Scripting/ELEC_498-Capstone-LiteLM/vitis_simulations/Scheduler_FSM/Scheduler_FSM_total/Scheduler_FSM_DMA_heads/scheduler_hls/hls/.autopilot/db/Scheduler_FSM.pp.0.cpp:1606:7: note: FIX-IT applied suggested code changes
