Output Validation Report
Source: output.txt
Total lines: 13070

Writeback Consistency Checks
- CMP_Q (0x03): PASS
- CMP_K (0x04): PASS
- CMP_V (0x06): PASS
- CMP_ATT_SCORES (0x09): PASS
- CMP_VALUE_SCALE (0x0a): PASS
- CMP_SOFTMAX (0x0b): PASS
- CMP_ATT_VALUE (0x0c): PASS
- CMP_HEAD_REQUANT (0x0d): PASS

Per-Layer Dataset Checks
Layer 0 dump #1 (starts at line 2491)
  - out_proj_out: PASS
  - rq1_out: PASS
  - rq2_out: PASS
  - rq3_out: PASS
  - rq4_out: PASS
  - resid0_out: PASS
  - resid1_out: PASS
  - ln0_out: PASS
  - ln1_out: PASS
  - final_norm_out: PASS
  - ffn1_out: PASS
  - ffn_act_out: PASS
  - ffn2_out: PASS
  - q_out_all: PASS
  - k_out_all: PASS
  - v_out_all: PASS
  - k_rq_out_all: PASS
  - v_rq_out_all: PASS
  - q_rq_out_all: PASS
  - head_rq_out_all: PASS
  - att_scores_out_all: PASS
  - val_scale_out_all: PASS
  - softmax_out_all: PASS
  - att_value_out_all: PASS
  Cross-check vs writeback out[0]:
    - q_out_all <- CMP_Q: PASS
    - k_out_all <- CMP_K: PASS
    - v_out_all <- CMP_V: PASS
    - head_rq_out_all <- CMP_HEAD_REQUANT: PASS
    - att_scores_out_all[t0] <- CMP_ATT_SCORES out[0]: PASS
    - att_value_out_all[h0] <- CMP_ATT_VALUE out[0]: PASS
    - val_scale_out_all[t0:t1] <- CMP_VALUE_SCALE out[0]: PASS
    - softmax_out_all[t0:t1] <- CMP_SOFTMAX out[0]: PASS
    - k_rq_out_all expected_zero: PASS
    - v_rq_out_all expected_zero: PASS
    - q_rq_out_all expected_zero: PASS

Layer 1 dump #2 (starts at line 5753)
  - out_proj_out: PASS
  - rq1_out: PASS
  - rq2_out: PASS
  - rq3_out: PASS
  - rq4_out: PASS
  - resid0_out: PASS
  - resid1_out: PASS
  - ln0_out: PASS
  - ln1_out: PASS
  - final_norm_out: PASS
  - ffn1_out: PASS
  - ffn_act_out: PASS
  - ffn2_out: PASS
  - q_out_all: PASS
  - k_out_all: PASS
  - v_out_all: PASS
  - k_rq_out_all: PASS
  - v_rq_out_all: PASS
  - q_rq_out_all: PASS
  - head_rq_out_all: PASS
  - att_scores_out_all: PASS
  - val_scale_out_all: PASS
  - softmax_out_all: PASS
  - att_value_out_all: PASS
  Cross-check vs writeback out[0]:
    - q_out_all <- CMP_Q: PASS
    - k_out_all <- CMP_K: PASS
    - v_out_all <- CMP_V: PASS
    - head_rq_out_all <- CMP_HEAD_REQUANT: PASS
    - att_scores_out_all[t0] <- CMP_ATT_SCORES out[0]: PASS
    - att_value_out_all[h0] <- CMP_ATT_VALUE out[0]: PASS
    - val_scale_out_all[t0:t1] <- CMP_VALUE_SCALE out[0]: PASS
    - softmax_out_all[t0:t1] <- CMP_SOFTMAX out[0]: PASS
    - k_rq_out_all expected_zero: PASS
    - v_rq_out_all expected_zero: PASS
    - q_rq_out_all expected_zero: PASS

Layer 2 dump #3 (starts at line 9015)
  - out_proj_out: PASS
  - rq1_out: PASS
  - rq2_out: PASS
  - rq3_out: PASS
  - rq4_out: PASS
  - resid0_out: PASS
  - resid1_out: PASS
  - ln0_out: PASS
  - ln1_out: PASS
  - final_norm_out: PASS
  - ffn1_out: PASS
  - ffn_act_out: PASS
  - ffn2_out: PASS
  - q_out_all: PASS
  - k_out_all: PASS
  - v_out_all: PASS
  - k_rq_out_all: PASS
  - v_rq_out_all: PASS
  - q_rq_out_all: PASS
  - head_rq_out_all: PASS
  - att_scores_out_all: PASS
  - val_scale_out_all: PASS
  - softmax_out_all: PASS
  - att_value_out_all: PASS
  Cross-check vs writeback out[0]:
    - q_out_all <- CMP_Q: PASS
    - k_out_all <- CMP_K: PASS
    - v_out_all <- CMP_V: PASS
    - head_rq_out_all <- CMP_HEAD_REQUANT: PASS
    - att_scores_out_all[t0] <- CMP_ATT_SCORES out[0]: PASS
    - att_value_out_all[h0] <- CMP_ATT_VALUE out[0]: PASS
    - val_scale_out_all[t0:t1] <- CMP_VALUE_SCALE out[0]: PASS
    - softmax_out_all[t0:t1] <- CMP_SOFTMAX out[0]: PASS
    - k_rq_out_all expected_zero: PASS
    - v_rq_out_all expected_zero: PASS
    - q_rq_out_all expected_zero: PASS

Layer 3 dump #4 (starts at line 12276)
  - out_proj_out: PASS
  - rq1_out: PASS
  - rq2_out: PASS
  - rq3_out: PASS
  - rq4_out: PASS
  - resid0_out: PASS
  - resid1_out: PASS
  - ln0_out: PASS
  - ln1_out: PASS
  - final_norm_out: PASS
  - ffn1_out: PASS
  - ffn_act_out: PASS
  - ffn2_out: PASS
  - q_out_all: PASS
  - k_out_all: PASS
  - v_out_all: PASS
  - k_rq_out_all: PASS
  - v_rq_out_all: PASS
  - q_rq_out_all: PASS
  - head_rq_out_all: PASS
  - att_scores_out_all: PASS
  - val_scale_out_all: PASS
  - softmax_out_all: PASS
  - att_value_out_all: PASS
  Cross-check vs writeback out[0]:
    - q_out_all <- CMP_Q: PASS
    - k_out_all <- CMP_K: PASS
    - v_out_all <- CMP_V: PASS
    - head_rq_out_all <- CMP_HEAD_REQUANT: PASS
    - att_scores_out_all[t0] <- CMP_ATT_SCORES out[0]: PASS
    - att_value_out_all[h0] <- CMP_ATT_VALUE out[0]: PASS
    - val_scale_out_all[t0:t1] <- CMP_VALUE_SCALE out[0]: PASS
    - softmax_out_all[t0:t1] <- CMP_SOFTMAX out[0]: PASS
    - k_rq_out_all expected_zero: PASS
    - v_rq_out_all expected_zero: PASS
    - q_rq_out_all expected_zero: PASS

Summary
- Parsed layer dumps: 4 (expected 4)
- Parsed writeback groups: 128 (expected 128)
- Fatal errors found: 1
- Warnings: 0
- Overall verdict: FAIL

Error List
- FSM termination error present at line 13068: "FSM did not return to IDLE after DONE".
