WARNING: [vitis-run 60-2507] Dispatch failed to load the system diagram library librdi_system_diagram. Diagrams will not be produced.
  **** HLS Build v2025.1 6135595
INFO: [HLS 200-2005] Using work_dir /home/luka/Scripting/ELEC_498-Capstone-LiteLM/vitis_simulations/Top_Module/FSM_and_Control_FSM_top_module/transformer_top 
INFO: [HLS 200-2176] Writing Vitis IDE component file /home/luka/Scripting/ELEC_498-Capstone-LiteLM/vitis_simulations/Top_Module/FSM_and_Control_FSM_top_module/transformer_top/vitis-comp.json
INFO: [HLS 200-10] Creating and opening component '/home/luka/Scripting/ELEC_498-Capstone-LiteLM/vitis_simulations/Top_Module/FSM_and_Control_FSM_top_module/transformer_top'.
INFO: [HLS 200-1505] Using default flow_target 'vivado'
Resolution: For help on HLS 200-1505 see docs.xilinx.com/access/sources/dita/topic?Doc_Version=2025.1%20English&url=ug1448-hls-guidance&resourceid=200-1505.html
INFO: [HLS 200-2174] Applying component config ini file /home/luka/Scripting/ELEC_498-Capstone-LiteLM/vitis_simulations/Top_Module/FSM_and_Control_FSM_top_module/hls_config.cfg
INFO: [HLS 200-1465] Applying config ini 'syn.file=/home/luka/Scripting/ELEC_498-Capstone-LiteLM/HLS-Verilog/Scheduler_FSM/src-hls/Scheduler_FSM.hpp' from /home/luka/Scripting/ELEC_498-Capstone-LiteLM/vitis_simulations/Top_Module/FSM_and_Control_FSM_top_module/hls_config.cfg(8)
INFO: [HLS 200-10] Adding design file '/home/luka/Scripting/ELEC_498-Capstone-LiteLM/HLS-Verilog/Scheduler_FSM/src-hls/Scheduler_FSM.hpp' to the project
INFO: [HLS 200-1465] Applying config ini 'syn.file=/home/luka/Scripting/ELEC_498-Capstone-LiteLM/HLS-Verilog/Scheduler_FSM/src-hls/Scheduler_FSM.cpp' from /home/luka/Scripting/ELEC_498-Capstone-LiteLM/vitis_simulations/Top_Module/FSM_and_Control_FSM_top_module/hls_config.cfg(9)
INFO: [HLS 200-10] Adding design file '/home/luka/Scripting/ELEC_498-Capstone-LiteLM/HLS-Verilog/Scheduler_FSM/src-hls/Scheduler_FSM.cpp' to the project
INFO: [HLS 200-1465] Applying config ini 'syn.file=/home/luka/Scripting/ELEC_498-Capstone-LiteLM/HLS-Verilog/top.hpp' from /home/luka/Scripting/ELEC_498-Capstone-LiteLM/vitis_simulations/Top_Module/FSM_and_Control_FSM_top_module/hls_config.cfg(10)
INFO: [HLS 200-10] Adding design file '/home/luka/Scripting/ELEC_498-Capstone-LiteLM/HLS-Verilog/top.hpp' to the project
INFO: [HLS 200-1465] Applying config ini 'syn.file=/home/luka/Scripting/ELEC_498-Capstone-LiteLM/HLS-Verilog/Scheduler_FSM/src-hls/Head_Helpers/head_helpers.hpp' from /home/luka/Scripting/ELEC_498-Capstone-LiteLM/vitis_simulations/Top_Module/FSM_and_Control_FSM_top_module/hls_config.cfg(11)
INFO: [HLS 200-10] Adding design file '/home/luka/Scripting/ELEC_498-Capstone-LiteLM/HLS-Verilog/Scheduler_FSM/src-hls/Head_Helpers/head_helpers.hpp' to the project
INFO: [HLS 200-1465] Applying config ini 'syn.file=/home/luka/Scripting/ELEC_498-Capstone-LiteLM/HLS-Verilog/Scheduler_FSM/src-hls/Head_Helpers/head_helpers.cpp' from /home/luka/Scripting/ELEC_498-Capstone-LiteLM/vitis_simulations/Top_Module/FSM_and_Control_FSM_top_module/hls_config.cfg(12)
INFO: [HLS 200-10] Adding design file '/home/luka/Scripting/ELEC_498-Capstone-LiteLM/HLS-Verilog/Scheduler_FSM/src-hls/Head_Helpers/head_helpers.cpp' to the project
INFO: [HLS 200-1465] Applying config ini 'syn.file=/home/luka/Scripting/ELEC_498-Capstone-LiteLM/HLS-Verilog/ControlMemInterface/ControlMemInterface.hpp' from /home/luka/Scripting/ELEC_498-Capstone-LiteLM/vitis_simulations/Top_Module/FSM_and_Control_FSM_top_module/hls_config.cfg(13)
INFO: [HLS 200-10] Adding design file '/home/luka/Scripting/ELEC_498-Capstone-LiteLM/HLS-Verilog/ControlMemInterface/ControlMemInterface.hpp' to the project
INFO: [HLS 200-1465] Applying config ini 'syn.file=/home/luka/Scripting/ELEC_498-Capstone-LiteLM/HLS-Verilog/ControlMemInterface/ControlMemInterface.cpp' from /home/luka/Scripting/ELEC_498-Capstone-LiteLM/vitis_simulations/Top_Module/FSM_and_Control_FSM_top_module/hls_config.cfg(14)
INFO: [HLS 200-10] Adding design file '/home/luka/Scripting/ELEC_498-Capstone-LiteLM/HLS-Verilog/ControlMemInterface/ControlMemInterface.cpp' to the project
INFO: [HLS 200-1465] Applying config ini 'syn.file=/home/luka/Scripting/ELEC_498-Capstone-LiteLM/HLS-Verilog/top.cpp' from /home/luka/Scripting/ELEC_498-Capstone-LiteLM/vitis_simulations/Top_Module/FSM_and_Control_FSM_top_module/hls_config.cfg(15)
INFO: [HLS 200-10] Adding design file '/home/luka/Scripting/ELEC_498-Capstone-LiteLM/HLS-Verilog/top.cpp' to the project
INFO: [HLS 200-1465] Applying config ini 'tb.file=/home/luka/Scripting/ELEC_498-Capstone-LiteLM/HLS-Verilog/top_tb.cpp' from /home/luka/Scripting/ELEC_498-Capstone-LiteLM/vitis_simulations/Top_Module/FSM_and_Control_FSM_top_module/hls_config.cfg(16)
INFO: [HLS 200-10] Adding test bench file '/home/luka/Scripting/ELEC_498-Capstone-LiteLM/HLS-Verilog/top_tb.cpp' to the project
INFO: [HLS 200-1465] Applying config ini 'syn.top=transformer_top' from /home/luka/Scripting/ELEC_498-Capstone-LiteLM/vitis_simulations/Top_Module/FSM_and_Control_FSM_top_module/hls_config.cfg(7)
INFO: [HLS 200-1465] Applying config ini 'flow_target=vivado' from /home/luka/Scripting/ELEC_498-Capstone-LiteLM/vitis_simulations/Top_Module/FSM_and_Control_FSM_top_module/hls_config.cfg(4)
INFO: [HLS 200-1505] Using flow_target 'vivado'
Resolution: For help on HLS 200-1505 see docs.xilinx.com/access/sources/dita/topic?Doc_Version=2025.1%20English&url=ug1448-hls-guidance&resourceid=200-1505.html
INFO: [HLS 200-1465] Applying config ini 'part=xck26-sfvc784-2LV-c' from /home/luka/Scripting/ELEC_498-Capstone-LiteLM/vitis_simulations/Top_Module/FSM_and_Control_FSM_top_module/hls_config.cfg(1)
INFO: [HLS 200-1611] Setting target device to 'xck26-sfvc784-2LV-c'
INFO: [HLS 200-1465] Applying config ini 'clock=10ns' from /home/luka/Scripting/ELEC_498-Capstone-LiteLM/vitis_simulations/Top_Module/FSM_and_Control_FSM_top_module/hls_config.cfg(17)
INFO: [SYN 201-201] Setting up clock 'default' with a period of 10ns.
INFO: [HLS 200-1465] Applying config ini 'package.output.format=ip_catalog' from /home/luka/Scripting/ELEC_498-Capstone-LiteLM/vitis_simulations/Top_Module/FSM_and_Control_FSM_top_module/hls_config.cfg(5)
INFO: [HLS 200-2176] Writing Vitis IDE component file /home/luka/Scripting/ELEC_498-Capstone-LiteLM/vitis_simulations/Top_Module/FSM_and_Control_FSM_top_module/transformer_top/vitis-comp.json
INFO: [SIM 211-2] *************** CSIM start ***************
INFO: [SIM 211-4] CSIM will launch CLANG as the compiler.
INFO: [HLS 200-2036] Building debug C Simulation binaries
   Compiling ../../../../../../../HLS-Verilog/top_tb.cpp in debug mode
   Compiling ../../../../../../../HLS-Verilog/top.cpp in debug mode
In file included from ../../../../../../../HLS-Verilog/top.cpp:2:
In file included from ../../../../../../../HLS-Verilog/ControlMemInterface/ControlMemInterface.hpp:3:
./top.hpp:120:15: error: redefinition of 'NUM_HEADS'
constexpr int NUM_HEADS       = 4;
              ^
../../../../../../../HLS-Verilog/Scheduler_FSM/src-hls/../../top.hpp:120:15: note: previous definition is here
constexpr int NUM_HEADS       = 4;
              ^
In file included from ../../../../../../../HLS-Verilog/top.cpp:2:
In file included from ../../../../../../../HLS-Verilog/ControlMemInterface/ControlMemInterface.hpp:3:
./top.hpp:121:15: error: redefinition of 'NUM_LAYERS'
constexpr int NUM_LAYERS      = 2;
              ^
../../../../../../../HLS-Verilog/Scheduler_FSM/src-hls/../../top.hpp:121:15: note: previous definition is here
constexpr int NUM_LAYERS      = 2;
              ^
In file included from ../../../../../../../HLS-Verilog/top.cpp:2:
In file included from ../../../../../../../HLS-Verilog/ControlMemInterface/ControlMemInterface.hpp:3:
./top.hpp:122:15: error: redefinition of 'NUM_WO_TILES'
constexpr int NUM_WO_TILES    = 4;
              ^
../../../../../../../HLS-Verilog/Scheduler_FSM/src-hls/../../top.hpp:122:15: note: previous definition is here
constexpr int NUM_WO_TILES    = 4;
              ^
In file included from ../../../../../../../HLS-Verilog/top.cpp:2:
In file included from ../../../../../../../HLS-Verilog/ControlMemInterface/ControlMemInterface.hpp:3:
./top.hpp:123:15: error: redefinition of 'NUM_W1_TILES'
constexpr int NUM_W1_TILES    = 4;
              ^
../../../../../../../HLS-Verilog/Scheduler_FSM/src-hls/../../top.hpp:123:15: note: previous definition is here
constexpr int NUM_W1_TILES    = 4;
              ^
In file included from ../../../../../../../HLS-Verilog/top.cpp:2:
In file included from ../../../../../../../HLS-Verilog/ControlMemInterface/ControlMemInterface.hpp:3:
./top.hpp:124:15: error: redefinition of 'NUM_W2_TILES'
constexpr int NUM_W2_TILES    = 4;
              ^
../../../../../../../HLS-Verilog/Scheduler_FSM/src-hls/../../top.hpp:124:15: note: previous definition is here
constexpr int NUM_W2_TILES    = 4;
              ^
In file included from ../../../../../../../HLS-Verilog/top.cpp:2:
In file included from ../../../../../../../HLS-Verilog/ControlMemInterface/ControlMemInterface.hpp:3:
./top.hpp:125:15: error: redefinition of 'NUM_LOGIT_TILES'
constexpr int NUM_LOGIT_TILES = 2;
              ^
../../../../../../../HLS-Verilog/Scheduler_FSM/src-hls/../../top.hpp:125:15: note: previous definition is here
constexpr int NUM_LOGIT_TILES = 2;
              ^
In file included from ../../../../../../../HLS-Verilog/top.cpp:2:
In file included from ../../../../../../../HLS-Verilog/ControlMemInterface/ControlMemInterface.hpp:3:
./top.hpp:130:6: error: redefinition of 'SchedState'
enum SchedState {
     ^
../../../../../../../HLS-Verilog/Scheduler_FSM/src-hls/../../top.hpp:130:6: note: previous definition is here
enum SchedState {
     ^
In file included from ../../../../../../../HLS-Verilog/top.cpp:2:
In file included from ../../../../../../../HLS-Verilog/ControlMemInterface/ControlMemInterface.hpp:3:
./top.hpp:151:12: error: redefinition of 'LnPhase'
enum class LnPhase : uint8_t {
           ^
../../../../../../../HLS-Verilog/Scheduler_FSM/src-hls/../../top.hpp:151:12: note: previous definition is here
enum class LnPhase : uint8_t {
           ^
In file included from ../../../../../../../HLS-Verilog/top.cpp:2:
In file included from ../../../../../../../HLS-Verilog/ControlMemInterface/ControlMemInterface.hpp:3:
./top.hpp:169:12: error: redefinition of 'HeadPhase'
enum class HeadPhase : uint8_t {
           ^
../../../../../../../HLS-Verilog/Scheduler_FSM/src-hls/../../top.hpp:169:12: note: previous definition is here
enum class HeadPhase : uint8_t {
           ^
In file included from ../../../../../../../HLS-Verilog/top.cpp:2:
In file included from ../../../../../../../HLS-Verilog/ControlMemInterface/ControlMemInterface.hpp:3:
./top.hpp:187:6: error: redefinition of 'ComputeOp'
enum ComputeOp : uint8_t {
     ^
../../../../../../../HLS-Verilog/Scheduler_FSM/src-hls/../../top.hpp:187:6: note: previous definition is here
enum ComputeOp : uint8_t {
     ^
In file included from ../../../../../../../HLS-Verilog/top.cpp:2:
In file included from ../../../../../../../HLS-Verilog/ControlMemInterface/ControlMemInterface.hpp:3:
./top.hpp:240:6: error: redefinition of 'DmaSel'
enum DmaSel : uint8_t {
     ^
../../../../../../../HLS-Verilog/Scheduler_FSM/src-hls/../../top.hpp:240:6: note: previous definition is here
enum DmaSel : uint8_t {
     ^
In file included from ../../../../../../../HLS-Verilog/top.cpp:2:
In file included from ../../../../../../../HLS-Verilog/ControlMemInterface/ControlMemInterface.hpp:3:
./top.hpp:255:8: error: redefinition of 'HeadCtx'
struct HeadCtx {
       ^
../../../../../../../HLS-Verilog/Scheduler_FSM/src-hls/../../top.hpp:255:8: note: previous definition is here
struct HeadCtx {
       ^
In file included from ../../../../../../../HLS-Verilog/top.cpp:2:
In file included from ../../../../../../../HLS-Verilog/ControlMemInterface/ControlMemInterface.hpp:3:
./top.hpp:313:20: error: redefinition of 'CTRL_RESETN_BIT'
constexpr uint32_t CTRL_RESETN_BIT   = 1u << 0;
                   ^
../../../../../../../HLS-Verilog/Scheduler_FSM/src-hls/../../top.hpp:313:20: note: previous definition is here
constexpr uint32_t CTRL_RESETN_BIT   = 1u << 0;
                   ^
In file included from ../../../../../../../HLS-Verilog/top.cpp:2:
In file included from ../../../../../../../HLS-Verilog/ControlMemInterface/ControlMemInterface.hpp:3:
./top.hpp:314:20: error: redefinition of 'CTRL_START_BIT'
constexpr uint32_t CTRL_START_BIT    = 1u << 1;
                   ^
../../../../../../../HLS-Verilog/Scheduler_FSM/src-hls/../../top.hpp:314:20: note: previous definition is here
constexpr uint32_t CTRL_START_BIT    = 1u << 1;
                   ^
In file included from ../../../../../../../HLS-Verilog/top.cpp:2:
In file included from ../../../../../../../HLS-Verilog/ControlMemInterface/ControlMemInterface.hpp:3:
./top.hpp:316:20: error: redefinition of 'IRQ_CLEAR_BIT'
constexpr uint32_t IRQ_CLEAR_BIT      = 1u << 0;
                   ^
../../../../../../../HLS-Verilog/Scheduler_FSM/src-hls/../../top.hpp:316:20: note: previous definition is here
constexpr uint32_t IRQ_CLEAR_BIT      = 1u << 0;
                   ^
In file included from ../../../../../../../HLS-Verilog/top.cpp:2:
In file included from ../../../../../../../HLS-Verilog/ControlMemInterface/ControlMemInterface.hpp:3:
./top.hpp:317:20: error: redefinition of 'IRQ_ERROR_BIT'
constexpr uint32_t IRQ_ERROR_BIT      = 1u << 1;
                   ^
../../../../../../../HLS-Verilog/Scheduler_FSM/src-hls/../../top.hpp:317:20: note: previous definition is here
constexpr uint32_t IRQ_ERROR_BIT      = 1u << 1;
                   ^
In file included from ../../../../../../../HLS-Verilog/top.cpp:2:
In file included from ../../../../../../../HLS-Verilog/ControlMemInterface/ControlMemInterface.hpp:3:
./top.hpp:318:20: error: redefinition of 'IRQ_INFER_DONE_BIT'
constexpr uint32_t IRQ_INFER_DONE_BIT = 1u << 2;
                   ^
../../../../../../../HLS-Verilog/Scheduler_FSM/src-hls/../../top.hpp:318:20: note: previous definition is here
constexpr uint32_t IRQ_INFER_DONE_BIT = 1u << 2;
                   ^
In file included from ../../../../../../../HLS-Verilog/top.cpp:2:
In file included from ../../../../../../../HLS-Verilog/ControlMemInterface/ControlMemInterface.hpp:3:
./top.hpp:319:20: error: redefinition of 'IRQ_DMA_DONE_BIT'
constexpr uint32_t IRQ_DMA_DONE_BIT   = 1u << 3;
                   ^
../../../../../../../HLS-Verilog/Scheduler_FSM/src-hls/../../top.hpp:319:20: note: previous definition is here
constexpr uint32_t IRQ_DMA_DONE_BIT   = 1u << 3;
                   ^
In file included from ../../../../../../../HLS-Verilog/top.cpp:2:
In file included from ../../../../../../../HLS-Verilog/ControlMemInterface/ControlMemInterface.hpp:3:
./top.hpp:322:20: error: redefinition of 'STATUS_INVALID_ADDR'
constexpr uint32_t STATUS_INVALID_ADDR = 1u << 0;
                   ^
../../../../../../../HLS-Verilog/Scheduler_FSM/src-hls/../../top.hpp:322:20: note: previous definition is here
constexpr uint32_t STATUS_INVALID_ADDR = 1u << 0;
                   ^
fatal error: too many errors emitted, stopping now [-ferror-limit=]
20 errors generated.
make: *** [csim.mk:94: obj/top.o] Error 1
ERROR: [SIM 211-100] 'csim_design' failed: compilation error(s).
INFO: [SIM 211-3] *************** CSIM finish ***************
ERROR: 4
INFO: [HLS 200-112] Total CPU user time: 2.29 seconds. Total CPU system time: 0.67 seconds. Total elapsed time: 2.95 seconds; peak allocated memory: 445.082 MB.
