WARNING: [vitis-run 60-2507] Dispatch failed to load the system diagram library librdi_system_diagram. Diagrams will not be produced.
  **** HLS Build v2025.1 6135595
INFO: [HLS 200-2005] Using work_dir /home/luka/Scripting/ELEC_498-Capstone-LiteLM/vitis_simulations/Top_Module/FSM_and_Control_FSM_top_module/transformer_top 
INFO: [HLS 200-2176] Writing Vitis IDE component file /home/luka/Scripting/ELEC_498-Capstone-LiteLM/vitis_simulations/Top_Module/FSM_and_Control_FSM_top_module/transformer_top/vitis-comp.json
INFO: [HLS 200-10] Creating and opening component '/home/luka/Scripting/ELEC_498-Capstone-LiteLM/vitis_simulations/Top_Module/FSM_and_Control_FSM_top_module/transformer_top'.
INFO: [HLS 200-1505] Using default flow_target 'vivado'
Resolution: For help on HLS 200-1505 see docs.xilinx.com/access/sources/dita/topic?Doc_Version=2025.1%20English&url=ug1448-hls-guidance&resourceid=200-1505.html
INFO: [HLS 200-2174] Applying component config ini file /home/luka/Scripting/ELEC_498-Capstone-LiteLM/vitis_simulations/Top_Module/FSM_and_Control_FSM_top_module/hls_config.cfg
INFO: [HLS 200-1465] Applying config ini 'syn.file=/home/luka/Scripting/ELEC_498-Capstone-LiteLM/HLS-Verilog/Scheduler_FSM/src-hls/Scheduler_FSM.hpp' from /home/luka/Scripting/ELEC_498-Capstone-LiteLM/vitis_simulations/Top_Module/FSM_and_Control_FSM_top_module/hls_config.cfg(8)
INFO: [HLS 200-10] Adding design file '/home/luka/Scripting/ELEC_498-Capstone-LiteLM/HLS-Verilog/Scheduler_FSM/src-hls/Scheduler_FSM.hpp' to the project
INFO: [HLS 200-1465] Applying config ini 'syn.file=/home/luka/Scripting/ELEC_498-Capstone-LiteLM/HLS-Verilog/Scheduler_FSM/src-hls/Scheduler_FSM.cpp' from /home/luka/Scripting/ELEC_498-Capstone-LiteLM/vitis_simulations/Top_Module/FSM_and_Control_FSM_top_module/hls_config.cfg(9)
INFO: [HLS 200-10] Adding design file '/home/luka/Scripting/ELEC_498-Capstone-LiteLM/HLS-Verilog/Scheduler_FSM/src-hls/Scheduler_FSM.cpp' to the project
INFO: [HLS 200-1465] Applying config ini 'syn.file=/home/luka/Scripting/ELEC_498-Capstone-LiteLM/HLS-Verilog/top.hpp' from /home/luka/Scripting/ELEC_498-Capstone-LiteLM/vitis_simulations/Top_Module/FSM_and_Control_FSM_top_module/hls_config.cfg(10)
INFO: [HLS 200-10] Adding design file '/home/luka/Scripting/ELEC_498-Capstone-LiteLM/HLS-Verilog/top.hpp' to the project
INFO: [HLS 200-1465] Applying config ini 'syn.file=/home/luka/Scripting/ELEC_498-Capstone-LiteLM/HLS-Verilog/Scheduler_FSM/src-hls/Head_Helpers/head_helpers.hpp' from /home/luka/Scripting/ELEC_498-Capstone-LiteLM/vitis_simulations/Top_Module/FSM_and_Control_FSM_top_module/hls_config.cfg(11)
INFO: [HLS 200-10] Adding design file '/home/luka/Scripting/ELEC_498-Capstone-LiteLM/HLS-Verilog/Scheduler_FSM/src-hls/Head_Helpers/head_helpers.hpp' to the project
INFO: [HLS 200-1465] Applying config ini 'syn.file=/home/luka/Scripting/ELEC_498-Capstone-LiteLM/HLS-Verilog/Scheduler_FSM/src-hls/Head_Helpers/head_helpers.cpp' from /home/luka/Scripting/ELEC_498-Capstone-LiteLM/vitis_simulations/Top_Module/FSM_and_Control_FSM_top_module/hls_config.cfg(12)
INFO: [HLS 200-10] Adding design file '/home/luka/Scripting/ELEC_498-Capstone-LiteLM/HLS-Verilog/Scheduler_FSM/src-hls/Head_Helpers/head_helpers.cpp' to the project
INFO: [HLS 200-1465] Applying config ini 'syn.file=/home/luka/Scripting/ELEC_498-Capstone-LiteLM/HLS-Verilog/ControlMemInterface/ControlMemInterface.hpp' from /home/luka/Scripting/ELEC_498-Capstone-LiteLM/vitis_simulations/Top_Module/FSM_and_Control_FSM_top_module/hls_config.cfg(13)
INFO: [HLS 200-10] Adding design file '/home/luka/Scripting/ELEC_498-Capstone-LiteLM/HLS-Verilog/ControlMemInterface/ControlMemInterface.hpp' to the project
INFO: [HLS 200-1465] Applying config ini 'syn.file=/home/luka/Scripting/ELEC_498-Capstone-LiteLM/HLS-Verilog/ControlMemInterface/ControlMemInterface.cpp' from /home/luka/Scripting/ELEC_498-Capstone-LiteLM/vitis_simulations/Top_Module/FSM_and_Control_FSM_top_module/hls_config.cfg(14)
INFO: [HLS 200-10] Adding design file '/home/luka/Scripting/ELEC_498-Capstone-LiteLM/HLS-Verilog/ControlMemInterface/ControlMemInterface.cpp' to the project
INFO: [HLS 200-1465] Applying config ini 'syn.file=/home/luka/Scripting/ELEC_498-Capstone-LiteLM/HLS-Verilog/top.cpp' from /home/luka/Scripting/ELEC_498-Capstone-LiteLM/vitis_simulations/Top_Module/FSM_and_Control_FSM_top_module/hls_config.cfg(15)
INFO: [HLS 200-10] Adding design file '/home/luka/Scripting/ELEC_498-Capstone-LiteLM/HLS-Verilog/top.cpp' to the project
INFO: [HLS 200-1465] Applying config ini 'tb.file=/home/luka/Scripting/ELEC_498-Capstone-LiteLM/HLS-Verilog/top_tb.cpp' from /home/luka/Scripting/ELEC_498-Capstone-LiteLM/vitis_simulations/Top_Module/FSM_and_Control_FSM_top_module/hls_config.cfg(16)
INFO: [HLS 200-10] Adding test bench file '/home/luka/Scripting/ELEC_498-Capstone-LiteLM/HLS-Verilog/top_tb.cpp' to the project
INFO: [HLS 200-1465] Applying config ini 'syn.top=transformer_top' from /home/luka/Scripting/ELEC_498-Capstone-LiteLM/vitis_simulations/Top_Module/FSM_and_Control_FSM_top_module/hls_config.cfg(7)
INFO: [HLS 200-1465] Applying config ini 'flow_target=vivado' from /home/luka/Scripting/ELEC_498-Capstone-LiteLM/vitis_simulations/Top_Module/FSM_and_Control_FSM_top_module/hls_config.cfg(4)
INFO: [HLS 200-1505] Using flow_target 'vivado'
Resolution: For help on HLS 200-1505 see docs.xilinx.com/access/sources/dita/topic?Doc_Version=2025.1%20English&url=ug1448-hls-guidance&resourceid=200-1505.html
INFO: [HLS 200-1465] Applying config ini 'part=xck26-sfvc784-2LV-c' from /home/luka/Scripting/ELEC_498-Capstone-LiteLM/vitis_simulations/Top_Module/FSM_and_Control_FSM_top_module/hls_config.cfg(1)
INFO: [HLS 200-1611] Setting target device to 'xck26-sfvc784-2LV-c'
INFO: [HLS 200-1465] Applying config ini 'clock=10ns' from /home/luka/Scripting/ELEC_498-Capstone-LiteLM/vitis_simulations/Top_Module/FSM_and_Control_FSM_top_module/hls_config.cfg(17)
INFO: [SYN 201-201] Setting up clock 'default' with a period of 10ns.
INFO: [HLS 200-1465] Applying config ini 'package.output.format=ip_catalog' from /home/luka/Scripting/ELEC_498-Capstone-LiteLM/vitis_simulations/Top_Module/FSM_and_Control_FSM_top_module/hls_config.cfg(5)
INFO: [HLS 200-2176] Writing Vitis IDE component file /home/luka/Scripting/ELEC_498-Capstone-LiteLM/vitis_simulations/Top_Module/FSM_and_Control_FSM_top_module/transformer_top/vitis-comp.json
INFO: [SIM 211-2] *************** CSIM start ***************
INFO: [SIM 211-4] CSIM will launch CLANG as the compiler.
INFO: [HLS 200-2036] Building debug C Simulation binaries
   Compiling ../../../../../../../HLS-Verilog/top_tb.cpp in debug mode
   Generating csim.exe
Cycle    rst_n  start  c_done   c_rdy    | cmp_strt cmp_done cmp_op   wl_start | ax_v     ax_r     ax_last  state  | ctrl_addr ctrl_din ctrl_dout  rd_en    wr_en    chip_en  rstn_in 
0        1      1      -        | S_IDLE           | -          1          -          -          | 0        3        0          0        1        1        1        0:IDLE   1  -  -  -        1  -      -  -             1:IDLE   1  -  -  -        1  -      -  -             2:IDLE   1  -  -  -        1  -      -  -             3:IDLE   1  -  -  -        1  -      -  -             
1        1      1      -        | S_IDLE           | -          1          -          -          | 8        0        0          1        0        1        1        0:IDLE   1  -  -  -        1  -      -  -             1:IDLE   1  -  -  -        1  -      -  -             2:IDLE   1  -  -  -        1  -      -  -             3:IDLE   1  -  -  -        1  -      -  -             
2        1      1      -        | S_IDLE           | -          1          -          -          | 0        1        0          0        1        1        1        0:IDLE   1  -  -  -        1  -      -  -             1:IDLE   1  -  -  -        1  -      -  -             2:IDLE   1  -  -  -        1  -      -  -             3:IDLE   1  -  -  -        1  -      -  -             
3        1      1      -        | S_IDLE           | -          1          -          -          | 8        0        0          1        0        1        1        0:IDLE   1  -  -  -        1  -      -  -             1:IDLE   1  -  -  -        1  -      -  -             2:IDLE   1  -  -  -        1  -      -  -             3:IDLE   1  -  -  -        1  -      -  -             
4        1      1      -        | S_IDLE           | -          1          -          -          | 8        0        0          1        0        1        1        0:IDLE   1  -  -  -        1  -      -  -             1:IDLE   1  -  -  -        1  -      -  -             2:IDLE   1  -  -  -        1  -      -  -             3:IDLE   1  -  -  -        1  -      -  -             
5        1      1      -        | S_IDLE           | -          1          -          -          | 8        0        0          1        0        1        1        0:IDLE   -  -  -  -        -  -      -  -             1:IDLE   -  -  -  -        -  -      -  -             2:IDLE   -  -  -  -        -  -      -  -             3:IDLE   -  -  -  -        -  -      -  -             
6        1      1      -        | S_IDLE           | -          1          -          -          | 8        0        0          1        0        1        1        0:Q      -  -  -  -        1  -      -  -             1:Q      -  -  -  -        1  -      -  -             2:IDLE   1  -  -  -        1  -      -  -             3:IDLE   1  -  -  -        1  -      -  -             
7        1      1      -        | S_IDLE           | -          1          -          -          | 8        0        0          1        0        1        1        0:Q      1  -  -  -        1  WQ     -  -             1:Q      1  -  -  -        1  WQ     -  -             2:IDLE   1  -  -  -        1  -      -  -             3:IDLE   1  -  -  -        1  -      -  -             
8        1      1      -        | S_IDLE           | -          1          -          -          | 8        0        0          1        0        1        1        0:Q      1  -  -  -        -  -      -  -             1:Q      1  -  -  -        -  -      -  -             2:IDLE   1  -  -  -        -  -      -  -             3:IDLE   1  -  -  -        -  -      -  -             
9        1      1      -        | S_IDLE           | -          1          -          -          | 8        0        0          1        0        1        1        0:Q      1  -  -  -        -  -      -  -             1:Q      1  -  -  -        -  -      -  -             2:IDLE   1  -  -  -        -  -      -  -             3:IDLE   1  -  -  -        -  -      -  -             
10       1      1      -        | S_IDLE           | -          1          -          -          | 8        0        0          1        0        1        1        0:Q      1  1  -  Q        1  -      1  1             1:Q      1  1  -  Q        1  -      1  1             2:IDLE   1  -  -  -        1  -      -  -             3:IDLE   1  -  -  -        1  -      -  -             
11       1      1      -        | S_IDLE           | -          1          -          -          | 8        0        0          1        0        1        1        0:Q      -  -  -  -        1  -      -  -             1:Q      -  -  -  -        1  -      -  -             2:IDLE   -  -  -  -        1  -      -  -             3:IDLE   -  -  -  -        1  -      -  -             
12       1      1      -        | S_IDLE           | -          1          -          -          | 8        0        0          1        0        1        1        0:Q      -  -  -  -        1  -      -  -             1:Q      -  -  -  -        1  -      -  -             2:IDLE   -  -  -  -        1  -      -  -             3:IDLE   -  -  -  -        1  -      -  -             
13       1      1      -        | S_IDLE           | -          1          -          -          | 8        0        0          1        0        1        1        0:K      1  -  1  -        1  -      -  -             1:K      1  -  1  -        1  -      -  -             2:IDLE   1  -  -  -        1  -      -  -             3:IDLE   1  -  -  -        1  -      -  -             
14       1      1      -        | S_IDLE           | -          1          -          -          | 8        0        0          1        0        1        1        0:K      1  -  -  -        1  WK     -  -             1:K      1  -  -  -        1  WK     -  -             2:IDLE   1  -  -  -        1  -      -  -             3:IDLE   1  -  -  -        1  -      -  -             
15       1      1      -        | S_IDLE           | -          1          -          -          | 8        0        0          1        0        1        1        0:K      1  -  -  -        -  -      -  -             1:K      1  -  -  -        -  -      -  -             2:IDLE   1  -  -  -        -  -      -  -             3:IDLE   1  -  -  -        -  -      -  -             
16       1      1      -        | S_IDLE           | -          1          -          -          | 8        0        0          1        0        1        1        0:K      1  -  -  -        -  -      -  -             1:K      1  -  -  -        -  -      -  -             2:IDLE   1  -  -  -        -  -      -  -             3:IDLE   1  -  -  -        -  -      -  -             
17       1      1      -        | S_IDLE           | -          1          -          -          | 8        0        0          1        0        1        1        0:K      1  1  -  K        1  -      -  1             1:K      1  1  -  K        1  -      -  1             2:IDLE   1  -  -  -        1  -      -  -             3:IDLE   1  -  -  -        1  -      -  -             
18       1      1      -        | S_IDLE           | -          1          -          -          | 8        0        0          1        0        1        1        0:K      -  -  -  -        1  -      -  -             1:K      -  -  -  -        1  -      -  -             2:IDLE   -  -  -  -        1  -      -  -             3:IDLE   -  -  -  -        1  -      -  -             
19       1      1      -        | S_IDLE           | -          1          -          -          | 8        0        0          1        0        1        1        0:K      -  -  -  -        1  -      -  -             1:K      -  -  -  -        1  -      -  -             2:IDLE   -  -  -  -        1  -      -  -             3:IDLE   -  -  -  -        1  -      -  -             
20       1      1      -        | S_IDLE           | -          1          -          -          | 8        0        0          1        0        1        1        0:K_RQ   1  -  1  -        1  -      -  -             1:K_RQ   1  -  1  -        1  -      -  -             2:IDLE   1  -  -  -        1  -      -  -             3:IDLE   1  -  -  -        1  -      -  -             
21       1      1      -        | S_IDLE           | -          1          -          -          | 8        0        0          1        0        1        1        0:K_RQ   1  1  -  K_RQ     1  -      -  -             1:K_RQ   1  1  -  K_RQ     1  -      -  -             2:IDLE   1  -  -  -        1  -      -  -             3:IDLE   1  -  -  -        1  -      -  -             
22       1      1      -        | S_IDLE           | -          1          -          -          | 8        0        0          1        0        1        1        0:K_RQ   -  -  -  -        1  -      -  -             1:K_RQ   -  -  -  -        1  -      -  -             2:IDLE   -  -  -  -        1  -      -  -             3:IDLE   -  -  -  -        1  -      -  -             
23       1      1      -        | S_IDLE           | -          1          -          -          | 8        0        0          1        0        1        1        0:K_RQ   -  -  -  -        1  -      -  -             1:K_RQ   -  -  -  -        1  -      -  -             2:IDLE   -  -  -  -        1  -      -  -             3:IDLE   -  -  -  -        1  -      -  -             
24       1      1      -        | S_IDLE           | -          1          -          -          | 8        0        0          1        0        1        1        0:K_WR   1  -  1  -        1  -      -  -             1:K_WR   1  -  1  -        1  -      -  -             2:IDLE   1  -  -  -        1  -      -  -             3:IDLE   1  -  -  -        1  -      -  -             
25       1      1      -        | S_IDLE           | -          1          -          -          | 8        0        0          1        0        1        1        0:V      1  -  -  -        1  -      -  -             1:V      1  -  -  -        1  -      -  -             2:IDLE   1  -  -  -        1  -      -  -             3:IDLE   1  -  -  -        1  -      -  -             
26       1      1      -        | S_IDLE           | -          1          -          -          | 8        0        0          1        0        1        1        0:V      1  -  -  -        1  WV     -  -             1:V      1  -  -  -        1  WV     -  -             2:IDLE   1  -  -  -        1  -      -  -             3:IDLE   1  -  -  -        1  -      -  -             
27       1      1      -        | S_IDLE           | -          1          -          -          | 8        0        0          1        0        1        1        0:V      1  -  -  -        -  -      -  -             1:V      1  -  -  -        -  -      -  -             2:IDLE   1  -  -  -        -  -      -  -             3:IDLE   1  -  -  -        -  -      -  -             
28       1      1      -        | S_IDLE           | -          1          -          -          | 8        0        0          1        0        1        1        0:V      1  -  -  -        -  -      -  -             1:V      1  -  -  -        -  -      -  -             2:IDLE   1  -  -  -        -  -      -  -             3:IDLE   1  -  -  -        -  -      -  -             
29       1      1      -        | S_IDLE           | -          1          -          -          | 8        0        0          1        0        1        1        0:V      1  1  -  V        1  -      -  1             1:V      1  1  -  V        1  -      -  1             2:IDLE   1  -  -  -        1  -      -  -             3:IDLE   1  -  -  -        1  -      -  -             
30       1      1      -        | S_IDLE           | -          1          -          -          | 8        0        0          1        0        1        1        0:V      -  -  -  -        1  -      -  -             1:V      -  -  -  -        1  -      -  -             2:IDLE   -  -  -  -        1  -      -  -             3:IDLE   -  -  -  -        1  -      -  -             
31       1      1      -        | S_IDLE           | -          1          -          -          | 8        0        0          1        0        1        1        0:V      -  -  -  -        1  -      -  -             1:V      -  -  -  -        1  -      -  -             2:IDLE   -  -  -  -        1  -      -  -             3:IDLE   -  -  -  -        1  -      -  -             
32       1      1      -        | S_IDLE           | -          1          -          -          | 8        0        0          1        0        1        1        0:V_RQ   1  -  1  -        1  -      -  -             1:V_RQ   1  -  1  -        1  -      -  -             2:IDLE   1  -  -  -        1  -      -  -             3:IDLE   1  -  -  -        1  -      -  -             
33       1      1      -        | S_IDLE           | -          1          -          -          | 8        0        0          1        0        1        1        0:V_RQ   1  1  -  V_RQ     1  -      -  -             1:V_RQ   1  1  -  V_RQ     1  -      -  -             2:IDLE   1  -  -  -        1  -      -  -             3:IDLE   1  -  -  -        1  -      -  -             
34       1      1      -        | S_IDLE           | -          1          -          -          | 8        0        0          1        0        1        1        0:V_RQ   -  -  -  -        1  -      -  -             1:V_RQ   -  -  -  -        1  -      -  -             2:IDLE   -  -  -  -        1  -      -  -             3:IDLE   -  -  -  -        1  -      -  -             
35       1      1      -        | S_IDLE           | -          1          -          -          | 8        0        0          1        0        1        1        0:V_RQ   -  -  -  -        1  -      -  -             1:V_RQ   -  -  -  -        1  -      -  -             2:IDLE   -  -  -  -        1  -      -  -             3:IDLE   -  -  -  -        1  -      -  -             
36       1      1      -        | S_IDLE           | -          1          -          -          | 8        0        0          1        0        1        1        0:V_WR   1  -  1  -        1  -      -  -             1:V_WR   1  -  1  -        1  -      -  -             2:IDLE   1  -  -  -        1  -      -  -             3:IDLE   1  -  -  -        1  -      -  -             
37       1      1      -        | S_IDLE           | -          1          -          -          | 8        0        0          1        0        1        1        0:Q_RQ   1  -  -  -        1  -      -  -             1:Q_RQ   1  -  -  -        1  -      -  -             2:IDLE   1  -  -  -        1  -      -  -             3:IDLE   1  -  -  -        1  -      -  -             
38       1      1      -        | S_IDLE           | -          1          -          -          | 8        0        0          1        0        1        1        0:Q_RQ   1  1  -  RQ_Q     1  -      -  -             1:Q_RQ   1  1  -  RQ_Q     1  -      -  -             2:IDLE   1  -  -  -        1  -      -  -             3:IDLE   1  -  -  -        1  -      -  -             
39       1      1      -        | S_IDLE           | -          1          -          -          | 8        0        0          1        0        1        1        0:Q_RQ   -  -  -  -        1  -      -  -             1:Q_RQ   -  -  -  -        1  -      -  -             2:IDLE   -  -  -  -        1  -      -  -             3:IDLE   -  -  -  -        1  -      -  -             
40       1      1      -        | S_IDLE           | -          1          -          -          | 8        0        0          1        0        1        1        0:Q_RQ   -  -  -  -        1  -      -  -             1:Q_RQ   -  -  -  -        1  -      -  -             2:IDLE   -  -  -  -        1  -      -  -             3:IDLE   -  -  -  -        1  -      -  -             
41       1      1      -        | S_IDLE           | -          1          -          -          | 8        0        0          1        0        1        1        0:ATT    1  -  1  -        1  -      -  -             1:ATT    1  -  1  -        1  -      -  -             2:IDLE   1  -  -  -        1  -      -  -             3:IDLE   1  -  -  -        1  -      -  -             
42       1      1      -        | S_IDLE           | -          1          -          -          | 8        0        0          1        0        1        1        0:ATT    1  -  -  -        1  CTX_KERROR: DONE never asserted
ERROR: FSM did not return to IDLE after DONE
  -  -             1:ATT    1  -  -  -        1  CTX_K  -  -             2:IDLE   1  -  -  -        1  -      -  -             3:IDLE   1  -  -  -        1  -      -  -             
43       1      1      -        | S_IDLE           | -          1          -          -          | 8        0        0          1        0        1        1        0:ATT    1  -  -  -        -  -      -  -             1:ATT    1  -  -  -        -  -      -  -             2:IDLE   1  -  -  -        -  -      -  -             3:IDLE   1  -  -  -        -  -      -  -             
44       1      1      -        | S_IDLE           | -          1          -          -          | 8        0        0          1        0        1        1        0:ATT    1  -  -  -        -  -      -  -             1:ATT    1  -  -  -        -  -      -  -             2:IDLE   1  -  -  -        -  -      -  -             3:IDLE   1  -  -  -        -  -      -  -             
45       1      1      -        | S_IDLE           | -          1          -          -          | 8        0        0          1        0        1        1        0:ATT    1  1  -  ATT_SCO  1  -      -  1             1:ATT    1  1  -  ATT_SCO  1  -      -  1             2:IDLE   1  -  -  -        1  -      -  -             3:IDLE   1  -  -  -        1  -      -  -             
46       1      1      -        | S_IDLE           | -          1          -          -          | 8        0        0          1        0        1        1        0:ATT    -  -  -  -        1  -      -  -             1:ATT    -  -  -  -        1  -      -  -             2:IDLE   -  -  -  -        1  -      -  -             3:IDLE   -  -  -  -        1  -      -  -             
47       1      1      -        | S_IDLE           | -          1          -          -          | 8        0        0          1        0        1        1        0:ATT    -  -  -  -        1  -      -  -             1:ATT    -  -  -  -        1  -      -  -             2:IDLE   -  -  -  -        1  -      -  -             3:IDLE   -  -  -  -        1  -      -  -             
48       1      1      -        | S_IDLE           | -          1          -          -          | 8        0        0          1        0        1        1        0:SCL    1  -  1  -        1  -      -  -             1:SCL    1  -  1  -        1  -      -  -             2:IDLE   1  -  -  -        1  -      -  -             3:IDLE   1  -  -  -        1  -      -  -             
49       1      1      -        | S_IDLE           | -          1          -          -          | 8        0        0          1        0        1        1        0:SCL    1  1  -  VAL_SCL  1  -      -  -             1:SCL    1  1  -  VAL_SCL  1  -      -  -             2:IDLE   1  -  -  -        1  -      -  -             3:IDLE   1  -  -  -        1  -      -  -             
@E Simulation failed: Function 'main' returns nonzero value '1'.
ERROR: [SIM 211-100] 'csim_design' failed: nonzero return value.
INFO: [SIM 211-3] *************** CSIM finish ***************
ERROR: 4
INFO: [HLS 200-112] Total CPU user time: 2.34 seconds. Total CPU system time: 0.81 seconds. Total elapsed time: 3.12 seconds; peak allocated memory: 445.082 MB.
