

================================================================
== Vitis HLS Report for 'compute_controller_Pipeline_VITIS_LOOP_465_14_VITIS_LOOP_466_15'
================================================================
* Date:           Tue Feb  3 19:41:37 2026

* Version:        2025.1 (Build 6135595 on May 21 2025)
* Project:        transformer_top
* Solution:       hls (Vivado IP Flow Target)
* Product family: zynquplus
* Target device:  xck26-sfvc784-2LV-c


================================================================
== Performance Estimates
================================================================
+ Timing: 
    * Summary: 
    +--------+----------+----------+------------+
    |  Clock |  Target  | Estimated| Uncertainty|
    +--------+----------+----------+------------+
    |ap_clk  |  10.00 ns|  3.772 ns|     2.70 ns|
    +--------+----------+----------+------------+

+ Latency: 
    * Summary: 
    +---------+---------+----------+----------+-----+-----+------------------------------------------------+
    |  Latency (cycles) |  Latency (absolute) |  Interval |                    Pipeline                    |
    |   min   |   max   |    min   |    max   | min | max |                      Type                      |
    +---------+---------+----------+----------+-----+-----+------------------------------------------------+
    |      112|      112|  1.120 us|  1.120 us|  111|  111|  loop auto-rewind stp (delay=0 clock cycles(s))|
    +---------+---------+----------+----------+-----+-----+------------------------------------------------+

    + Detail: 
        * Instance: 
        N/A

        * Loop: 
        +---------------------------------------+---------+---------+----------+-----------+-----------+------+----------+
        |                                       |  Latency (cycles) | Iteration|  Initiation Interval  | Trip |          |
        |               Loop Name               |   min   |   max   |  Latency |  achieved |   target  | Count| Pipelined|
        +---------------------------------------+---------+---------+----------+-----------+-----------+------+----------+
        |- VITIS_LOOP_465_14_VITIS_LOOP_466_15  |      110|      110|         2|          1|          1|   110|       yes|
        +---------------------------------------+---------+---------+----------+-----------+-----------+------+----------+



================================================================
== Utilization Estimates
================================================================
* Summary: 
+-----------------+---------+------+--------+--------+-----+
|       Name      | BRAM_18K|  DSP |   FF   |   LUT  | URAM|
+-----------------+---------+------+--------+--------+-----+
|DSP              |        -|     -|       -|       -|    -|
|Expression       |        -|     -|       0|     154|    -|
|FIFO             |        -|     -|       -|       -|    -|
|Instance         |        -|     -|       -|       -|    -|
|Memory           |        -|     -|       -|       -|    -|
|Multiplexer      |        -|     -|       0|      72|    -|
|Register         |        -|     -|      40|       -|    -|
+-----------------+---------+------+--------+--------+-----+
|Total            |        0|     0|      40|     226|    0|
+-----------------+---------+------+--------+--------+-----+
|Available        |      288|  1248|  234240|  117120|   64|
+-----------------+---------+------+--------+--------+-----+
|Utilization (%)  |        0|     0|      ~0|      ~0|    0|
+-----------------+---------+------+--------+--------+-----+

+ Detail: 
    * Instance: 
    N/A

    * DSP: 
    N/A

    * Memory: 
    N/A

    * FIFO: 
    N/A

    * Expression: 
    +--------------------------+----------+----+---+----+------------+------------+
    |       Variable Name      | Operation| DSP| FF| LUT| Bitwidth P0| Bitwidth P1|
    +--------------------------+----------+----+---+----+------------+------------+
    |add_ln465_1_fu_415_p2     |         +|   0|  0|  10|           3|           1|
    |add_ln465_fu_389_p2       |         +|   0|  0|  14|           7|           1|
    |add_ln466_fu_562_p2       |         +|   0|  0|  12|           5|           1|
    |add_ln470_fu_501_p2       |         +|   0|  0|  16|           7|           6|
    |add_ln474_1_fu_481_p2     |         +|   0|  0|  14|           7|           7|
    |add_ln474_fu_459_p2       |         +|   0|  0|  13|           6|           6|
    |nibble_idx_fu_507_p2      |         +|   0|  0|  16|           7|           7|
    |empty_fu_449_p2           |         -|   0|  0|  13|           6|           6|
    |icmp_ln465_fu_383_p2      |      icmp|   0|  0|  14|           7|           6|
    |icmp_ln466_fu_401_p2      |      icmp|   0|  0|  12|           5|           5|
    |or_ln468_fu_597_p2        |        or|   0|  0|   2|           1|           1|
    |nibble_fu_639_p3          |    select|   0|  0|   4|           1|           4|
    |select_ln465_1_fu_421_p3  |    select|   0|  0|   3|           1|           3|
    |select_ln465_fu_407_p3    |    select|   0|  0|   5|           1|           1|
    |storemerge463_fu_647_p3   |    select|   0|  0|   4|           1|           1|
    |ap_enable_pp0             |       xor|   0|  0|   2|           1|           2|
    +--------------------------+----------+----+---+----+------------+------------+
    |Total                     |          |   0|  0| 154|          66|          58|
    +--------------------------+----------+----+---+----+------------+------------+

    * Multiplexer: 
    +--------------------------------------+----+-----------+-----+-----------+
    |                 Name                 | LUT| Input Size| Bits| Total Bits|
    +--------------------------------------+----+-----------+-----+-----------+
    |ap_done_int                           |   9|          2|    1|          2|
    |ap_enable_reg_pp0_iter1               |   9|          2|    1|          2|
    |ap_sig_allocacmp_i_load               |   9|          2|    5|         10|
    |ap_sig_allocacmp_indvar_flatten_load  |   9|          2|    7|         14|
    |ap_sig_allocacmp_out_idx_load         |   9|          2|    3|          6|
    |i_fu_132                              |   9|          2|    5|         10|
    |indvar_flatten_fu_140                 |   9|          2|    7|         14|
    |out_idx_fu_136                        |   9|          2|    3|          6|
    +--------------------------------------+----+-----------+-----+-----------+
    |Total                                 |  72|         16|   32|         64|
    +--------------------------------------+----+-----------+-----+-----------+

    * Register: 
    +-------------------------+---+----+-----+-----------+
    |           Name          | FF| LUT| Bits| Const Bits|
    +-------------------------+---+----+-----+-----------+
    |ap_CS_fsm                |  1|   0|    1|          0|
    |ap_done_reg              |  1|   0|    1|          0|
    |ap_enable_reg_pp0_iter1  |  1|   0|    1|          0|
    |i_fu_132                 |  5|   0|    5|          0|
    |indvar_flatten_fu_140    |  7|   0|    7|          0|
    |lshr_ln4_reg_709         |  3|   0|    3|          0|
    |nibble_idx_reg_714       |  7|   0|    7|          0|
    |out_idx_fu_136           |  3|   0|    3|          0|
    |select_ln465_1_reg_700   |  3|   0|    3|          0|
    |select_ln465_reg_695     |  5|   0|    5|          0|
    |trunc_ln474_reg_705      |  4|   0|    4|          0|
    +-------------------------+---+----+-----+-----------+
    |Total                    | 40|   0|   40|          0|
    +-------------------------+---+----+-----+-----------+



================================================================
== Interface
================================================================
* Summary: 
+-----------------------------------------------------------------------------------------------+-----+-----+------------+--------------------------------------------------------------------------------------+--------------+
|                                           RTL Ports                                           | Dir | Bits|  Protocol  |                                     Source Object                                    |    C Type    |
+-----------------------------------------------------------------------------------------------+-----+-----+------------+--------------------------------------------------------------------------------------+--------------+
|ap_clk                                                                                         |   in|    1|  ap_ctrl_hs|                       compute_controller_Pipeline_VITIS_LOOP_465_14_VITIS_LOOP_466_15|  return value|
|ap_rst                                                                                         |   in|    1|  ap_ctrl_hs|                       compute_controller_Pipeline_VITIS_LOOP_465_14_VITIS_LOOP_466_15|  return value|
|ap_start                                                                                       |   in|    1|  ap_ctrl_hs|                       compute_controller_Pipeline_VITIS_LOOP_465_14_VITIS_LOOP_466_15|  return value|
|ap_done                                                                                        |  out|    1|  ap_ctrl_hs|                       compute_controller_Pipeline_VITIS_LOOP_465_14_VITIS_LOOP_466_15|  return value|
|ap_idle                                                                                        |  out|    1|  ap_ctrl_hs|                       compute_controller_Pipeline_VITIS_LOOP_465_14_VITIS_LOOP_466_15|  return value|
|ap_ready                                                                                       |  out|    1|  ap_ctrl_hs|                       compute_controller_Pipeline_VITIS_LOOP_465_14_VITIS_LOOP_466_15|  return value|
|in_buf_address0                                                                                |  out|    8|   ap_memory|                                                                                in_buf|         array|
|in_buf_ce0                                                                                     |  out|    1|   ap_memory|                                                                                in_buf|         array|
|in_buf_q0                                                                                      |   in|    8|   ap_memory|                                                                                in_buf|         array|
|compute_controller_ControlMemSpace_bool_unsigned_int_bool_bool_bool_bool_89_address0           |  out|    3|   ap_memory|           compute_controller_ControlMemSpace_bool_unsigned_int_bool_bool_bool_bool_89|         array|
|compute_controller_ControlMemSpace_bool_unsigned_int_bool_bool_bool_bool_89_ce0                |  out|    1|   ap_memory|           compute_controller_ControlMemSpace_bool_unsigned_int_bool_bool_bool_bool_89|         array|
|compute_controller_ControlMemSpace_bool_unsigned_int_bool_bool_bool_bool_89_we0                |  out|    1|   ap_memory|           compute_controller_ControlMemSpace_bool_unsigned_int_bool_bool_bool_bool_89|         array|
|compute_controller_ControlMemSpace_bool_unsigned_int_bool_bool_bool_bool_89_d0                 |  out|    4|   ap_memory|           compute_controller_ControlMemSpace_bool_unsigned_int_bool_bool_bool_bool_89|         array|
|compute_controller_ControlMemSpace_bool_unsigned_int_bool_bool_bool_bool_88_address0           |  out|    3|   ap_memory|           compute_controller_ControlMemSpace_bool_unsigned_int_bool_bool_bool_bool_88|         array|
|compute_controller_ControlMemSpace_bool_unsigned_int_bool_bool_bool_bool_88_ce0                |  out|    1|   ap_memory|           compute_controller_ControlMemSpace_bool_unsigned_int_bool_bool_bool_bool_88|         array|
|compute_controller_ControlMemSpace_bool_unsigned_int_bool_bool_bool_bool_88_we0                |  out|    1|   ap_memory|           compute_controller_ControlMemSpace_bool_unsigned_int_bool_bool_bool_bool_88|         array|
|compute_controller_ControlMemSpace_bool_unsigned_int_bool_bool_bool_bool_88_d0                 |  out|    4|   ap_memory|           compute_controller_ControlMemSpace_bool_unsigned_int_bool_bool_bool_bool_88|         array|
|compute_controller_ControlMemSpace_bool_unsigned_int_bool_bool_bool_bool_87_address0           |  out|    3|   ap_memory|           compute_controller_ControlMemSpace_bool_unsigned_int_bool_bool_bool_bool_87|         array|
|compute_controller_ControlMemSpace_bool_unsigned_int_bool_bool_bool_bool_87_ce0                |  out|    1|   ap_memory|           compute_controller_ControlMemSpace_bool_unsigned_int_bool_bool_bool_bool_87|         array|
|compute_controller_ControlMemSpace_bool_unsigned_int_bool_bool_bool_bool_87_we0                |  out|    1|   ap_memory|           compute_controller_ControlMemSpace_bool_unsigned_int_bool_bool_bool_bool_87|         array|
|compute_controller_ControlMemSpace_bool_unsigned_int_bool_bool_bool_bool_87_d0                 |  out|    4|   ap_memory|           compute_controller_ControlMemSpace_bool_unsigned_int_bool_bool_bool_bool_87|         array|
|compute_controller_ControlMemSpace_bool_unsigned_int_bool_bool_bool_bool_86_address0           |  out|    3|   ap_memory|           compute_controller_ControlMemSpace_bool_unsigned_int_bool_bool_bool_bool_86|         array|
|compute_controller_ControlMemSpace_bool_unsigned_int_bool_bool_bool_bool_86_ce0                |  out|    1|   ap_memory|           compute_controller_ControlMemSpace_bool_unsigned_int_bool_bool_bool_bool_86|         array|
|compute_controller_ControlMemSpace_bool_unsigned_int_bool_bool_bool_bool_86_we0                |  out|    1|   ap_memory|           compute_controller_ControlMemSpace_bool_unsigned_int_bool_bool_bool_bool_86|         array|
|compute_controller_ControlMemSpace_bool_unsigned_int_bool_bool_bool_bool_86_d0                 |  out|    4|   ap_memory|           compute_controller_ControlMemSpace_bool_unsigned_int_bool_bool_bool_bool_86|         array|
|compute_controller_ControlMemSpace_bool_unsigned_int_bool_bool_bool_bool_85_address0           |  out|    3|   ap_memory|           compute_controller_ControlMemSpace_bool_unsigned_int_bool_bool_bool_bool_85|         array|
|compute_controller_ControlMemSpace_bool_unsigned_int_bool_bool_bool_bool_85_ce0                |  out|    1|   ap_memory|           compute_controller_ControlMemSpace_bool_unsigned_int_bool_bool_bool_bool_85|         array|
|compute_controller_ControlMemSpace_bool_unsigned_int_bool_bool_bool_bool_85_we0                |  out|    1|   ap_memory|           compute_controller_ControlMemSpace_bool_unsigned_int_bool_bool_bool_bool_85|         array|
|compute_controller_ControlMemSpace_bool_unsigned_int_bool_bool_bool_bool_85_d0                 |  out|    4|   ap_memory|           compute_controller_ControlMemSpace_bool_unsigned_int_bool_bool_bool_bool_85|         array|
|compute_controller_ControlMemSpace_bool_unsigned_int_bool_bool_bool_bool_84_address0           |  out|    3|   ap_memory|           compute_controller_ControlMemSpace_bool_unsigned_int_bool_bool_bool_bool_84|         array|
|compute_controller_ControlMemSpace_bool_unsigned_int_bool_bool_bool_bool_84_ce0                |  out|    1|   ap_memory|           compute_controller_ControlMemSpace_bool_unsigned_int_bool_bool_bool_bool_84|         array|
|compute_controller_ControlMemSpace_bool_unsigned_int_bool_bool_bool_bool_84_we0                |  out|    1|   ap_memory|           compute_controller_ControlMemSpace_bool_unsigned_int_bool_bool_bool_bool_84|         array|
|compute_controller_ControlMemSpace_bool_unsigned_int_bool_bool_bool_bool_84_d0                 |  out|    4|   ap_memory|           compute_controller_ControlMemSpace_bool_unsigned_int_bool_bool_bool_bool_84|         array|
|compute_controller_ControlMemSpace_bool_unsigned_int_bool_bool_bool_bool_83_address0           |  out|    3|   ap_memory|           compute_controller_ControlMemSpace_bool_unsigned_int_bool_bool_bool_bool_83|         array|
|compute_controller_ControlMemSpace_bool_unsigned_int_bool_bool_bool_bool_83_ce0                |  out|    1|   ap_memory|           compute_controller_ControlMemSpace_bool_unsigned_int_bool_bool_bool_bool_83|         array|
|compute_controller_ControlMemSpace_bool_unsigned_int_bool_bool_bool_bool_83_we0                |  out|    1|   ap_memory|           compute_controller_ControlMemSpace_bool_unsigned_int_bool_bool_bool_bool_83|         array|
|compute_controller_ControlMemSpace_bool_unsigned_int_bool_bool_bool_bool_83_d0                 |  out|    4|   ap_memory|           compute_controller_ControlMemSpace_bool_unsigned_int_bool_bool_bool_bool_83|         array|
|compute_controller_ControlMemSpace_bool_unsigned_int_bool_bool_bool_bool_82_address0           |  out|    3|   ap_memory|           compute_controller_ControlMemSpace_bool_unsigned_int_bool_bool_bool_bool_82|         array|
|compute_controller_ControlMemSpace_bool_unsigned_int_bool_bool_bool_bool_82_ce0                |  out|    1|   ap_memory|           compute_controller_ControlMemSpace_bool_unsigned_int_bool_bool_bool_bool_82|         array|
|compute_controller_ControlMemSpace_bool_unsigned_int_bool_bool_bool_bool_82_we0                |  out|    1|   ap_memory|           compute_controller_ControlMemSpace_bool_unsigned_int_bool_bool_bool_bool_82|         array|
|compute_controller_ControlMemSpace_bool_unsigned_int_bool_bool_bool_bool_82_d0                 |  out|    4|   ap_memory|           compute_controller_ControlMemSpace_bool_unsigned_int_bool_bool_bool_bool_82|         array|
|compute_controller_ControlMemSpace_bool_unsigned_int_bool_bool_bool_bool_81_address0           |  out|    3|   ap_memory|           compute_controller_ControlMemSpace_bool_unsigned_int_bool_bool_bool_bool_81|         array|
|compute_controller_ControlMemSpace_bool_unsigned_int_bool_bool_bool_bool_81_ce0                |  out|    1|   ap_memory|           compute_controller_ControlMemSpace_bool_unsigned_int_bool_bool_bool_bool_81|         array|
|compute_controller_ControlMemSpace_bool_unsigned_int_bool_bool_bool_bool_81_we0                |  out|    1|   ap_memory|           compute_controller_ControlMemSpace_bool_unsigned_int_bool_bool_bool_bool_81|         array|
|compute_controller_ControlMemSpace_bool_unsigned_int_bool_bool_bool_bool_81_d0                 |  out|    4|   ap_memory|           compute_controller_ControlMemSpace_bool_unsigned_int_bool_bool_bool_bool_81|         array|
|compute_controller_ControlMemSpace_bool_unsigned_int_bool_bool_bool_bool_80_address0           |  out|    3|   ap_memory|           compute_controller_ControlMemSpace_bool_unsigned_int_bool_bool_bool_bool_80|         array|
|compute_controller_ControlMemSpace_bool_unsigned_int_bool_bool_bool_bool_80_ce0                |  out|    1|   ap_memory|           compute_controller_ControlMemSpace_bool_unsigned_int_bool_bool_bool_bool_80|         array|
|compute_controller_ControlMemSpace_bool_unsigned_int_bool_bool_bool_bool_80_we0                |  out|    1|   ap_memory|           compute_controller_ControlMemSpace_bool_unsigned_int_bool_bool_bool_bool_80|         array|
|compute_controller_ControlMemSpace_bool_unsigned_int_bool_bool_bool_bool_80_d0                 |  out|    4|   ap_memory|           compute_controller_ControlMemSpace_bool_unsigned_int_bool_bool_bool_bool_80|         array|
|p_ZZ18compute_controller15ControlMemSpacebjRbS0_bS0_S0_RjPKhPhR12ComputeStateS1_R_29_address0  |  out|    3|   ap_memory|  p_ZZ18compute_controller15ControlMemSpacebjRbS0_bS0_S0_RjPKhPhR12ComputeStateS1_R_29|         array|
|p_ZZ18compute_controller15ControlMemSpacebjRbS0_bS0_S0_RjPKhPhR12ComputeStateS1_R_29_ce0       |  out|    1|   ap_memory|  p_ZZ18compute_controller15ControlMemSpacebjRbS0_bS0_S0_RjPKhPhR12ComputeStateS1_R_29|         array|
|p_ZZ18compute_controller15ControlMemSpacebjRbS0_bS0_S0_RjPKhPhR12ComputeStateS1_R_29_we0       |  out|    1|   ap_memory|  p_ZZ18compute_controller15ControlMemSpacebjRbS0_bS0_S0_RjPKhPhR12ComputeStateS1_R_29|         array|
|p_ZZ18compute_controller15ControlMemSpacebjRbS0_bS0_S0_RjPKhPhR12ComputeStateS1_R_29_d0        |  out|    4|   ap_memory|  p_ZZ18compute_controller15ControlMemSpacebjRbS0_bS0_S0_RjPKhPhR12ComputeStateS1_R_29|         array|
|p_ZZ18compute_controller15ControlMemSpacebjRbS0_bS0_S0_RjPKhPhR12ComputeStateS1_R_28_address0  |  out|    3|   ap_memory|  p_ZZ18compute_controller15ControlMemSpacebjRbS0_bS0_S0_RjPKhPhR12ComputeStateS1_R_28|         array|
|p_ZZ18compute_controller15ControlMemSpacebjRbS0_bS0_S0_RjPKhPhR12ComputeStateS1_R_28_ce0       |  out|    1|   ap_memory|  p_ZZ18compute_controller15ControlMemSpacebjRbS0_bS0_S0_RjPKhPhR12ComputeStateS1_R_28|         array|
|p_ZZ18compute_controller15ControlMemSpacebjRbS0_bS0_S0_RjPKhPhR12ComputeStateS1_R_28_we0       |  out|    1|   ap_memory|  p_ZZ18compute_controller15ControlMemSpacebjRbS0_bS0_S0_RjPKhPhR12ComputeStateS1_R_28|         array|
|p_ZZ18compute_controller15ControlMemSpacebjRbS0_bS0_S0_RjPKhPhR12ComputeStateS1_R_28_d0        |  out|    4|   ap_memory|  p_ZZ18compute_controller15ControlMemSpacebjRbS0_bS0_S0_RjPKhPhR12ComputeStateS1_R_28|         array|
|p_ZZ18compute_controller15ControlMemSpacebjRbS0_bS0_S0_RjPKhPhR12ComputeStateS1_R_27_address0  |  out|    3|   ap_memory|  p_ZZ18compute_controller15ControlMemSpacebjRbS0_bS0_S0_RjPKhPhR12ComputeStateS1_R_27|         array|
|p_ZZ18compute_controller15ControlMemSpacebjRbS0_bS0_S0_RjPKhPhR12ComputeStateS1_R_27_ce0       |  out|    1|   ap_memory|  p_ZZ18compute_controller15ControlMemSpacebjRbS0_bS0_S0_RjPKhPhR12ComputeStateS1_R_27|         array|
|p_ZZ18compute_controller15ControlMemSpacebjRbS0_bS0_S0_RjPKhPhR12ComputeStateS1_R_27_we0       |  out|    1|   ap_memory|  p_ZZ18compute_controller15ControlMemSpacebjRbS0_bS0_S0_RjPKhPhR12ComputeStateS1_R_27|         array|
|p_ZZ18compute_controller15ControlMemSpacebjRbS0_bS0_S0_RjPKhPhR12ComputeStateS1_R_27_d0        |  out|    4|   ap_memory|  p_ZZ18compute_controller15ControlMemSpacebjRbS0_bS0_S0_RjPKhPhR12ComputeStateS1_R_27|         array|
|p_ZZ18compute_controller15ControlMemSpacebjRbS0_bS0_S0_RjPKhPhR12ComputeStateS1_R_26_address0  |  out|    3|   ap_memory|  p_ZZ18compute_controller15ControlMemSpacebjRbS0_bS0_S0_RjPKhPhR12ComputeStateS1_R_26|         array|
|p_ZZ18compute_controller15ControlMemSpacebjRbS0_bS0_S0_RjPKhPhR12ComputeStateS1_R_26_ce0       |  out|    1|   ap_memory|  p_ZZ18compute_controller15ControlMemSpacebjRbS0_bS0_S0_RjPKhPhR12ComputeStateS1_R_26|         array|
|p_ZZ18compute_controller15ControlMemSpacebjRbS0_bS0_S0_RjPKhPhR12ComputeStateS1_R_26_we0       |  out|    1|   ap_memory|  p_ZZ18compute_controller15ControlMemSpacebjRbS0_bS0_S0_RjPKhPhR12ComputeStateS1_R_26|         array|
|p_ZZ18compute_controller15ControlMemSpacebjRbS0_bS0_S0_RjPKhPhR12ComputeStateS1_R_26_d0        |  out|    4|   ap_memory|  p_ZZ18compute_controller15ControlMemSpacebjRbS0_bS0_S0_RjPKhPhR12ComputeStateS1_R_26|         array|
|p_ZZ18compute_controller15ControlMemSpacebjRbS0_bS0_S0_RjPKhPhR12ComputeStateS1_R_25_address0  |  out|    3|   ap_memory|  p_ZZ18compute_controller15ControlMemSpacebjRbS0_bS0_S0_RjPKhPhR12ComputeStateS1_R_25|         array|
|p_ZZ18compute_controller15ControlMemSpacebjRbS0_bS0_S0_RjPKhPhR12ComputeStateS1_R_25_ce0       |  out|    1|   ap_memory|  p_ZZ18compute_controller15ControlMemSpacebjRbS0_bS0_S0_RjPKhPhR12ComputeStateS1_R_25|         array|
|p_ZZ18compute_controller15ControlMemSpacebjRbS0_bS0_S0_RjPKhPhR12ComputeStateS1_R_25_we0       |  out|    1|   ap_memory|  p_ZZ18compute_controller15ControlMemSpacebjRbS0_bS0_S0_RjPKhPhR12ComputeStateS1_R_25|         array|
|p_ZZ18compute_controller15ControlMemSpacebjRbS0_bS0_S0_RjPKhPhR12ComputeStateS1_R_25_d0        |  out|    4|   ap_memory|  p_ZZ18compute_controller15ControlMemSpacebjRbS0_bS0_S0_RjPKhPhR12ComputeStateS1_R_25|         array|
|p_ZZ18compute_controller15ControlMemSpacebjRbS0_bS0_S0_RjPKhPhR12ComputeStateS1_R_24_address0  |  out|    3|   ap_memory|  p_ZZ18compute_controller15ControlMemSpacebjRbS0_bS0_S0_RjPKhPhR12ComputeStateS1_R_24|         array|
|p_ZZ18compute_controller15ControlMemSpacebjRbS0_bS0_S0_RjPKhPhR12ComputeStateS1_R_24_ce0       |  out|    1|   ap_memory|  p_ZZ18compute_controller15ControlMemSpacebjRbS0_bS0_S0_RjPKhPhR12ComputeStateS1_R_24|         array|
|p_ZZ18compute_controller15ControlMemSpacebjRbS0_bS0_S0_RjPKhPhR12ComputeStateS1_R_24_we0       |  out|    1|   ap_memory|  p_ZZ18compute_controller15ControlMemSpacebjRbS0_bS0_S0_RjPKhPhR12ComputeStateS1_R_24|         array|
|p_ZZ18compute_controller15ControlMemSpacebjRbS0_bS0_S0_RjPKhPhR12ComputeStateS1_R_24_d0        |  out|    4|   ap_memory|  p_ZZ18compute_controller15ControlMemSpacebjRbS0_bS0_S0_RjPKhPhR12ComputeStateS1_R_24|         array|
+-----------------------------------------------------------------------------------------------+-----+-----+------------+--------------------------------------------------------------------------------------+--------------+

