

================================================================
== Vitis HLS Report for 'compute_controller_Pipeline_VITIS_LOOP_646_35'
================================================================
* Date:           Tue Feb  3 19:41:36 2026

* Version:        2025.1 (Build 6135595 on May 21 2025)
* Project:        transformer_top
* Solution:       hls (Vivado IP Flow Target)
* Product family: zynquplus
* Target device:  xck26-sfvc784-2LV-c


================================================================
== Performance Estimates
================================================================
+ Timing: 
    * Summary: 
    +--------+----------+----------+------------+
    |  Clock |  Target  | Estimated| Uncertainty|
    +--------+----------+----------+------------+
    |ap_clk  |  10.00 ns|  1.843 ns|     2.70 ns|
    +--------+----------+----------+------------+

+ Latency: 
    * Summary: 
    +---------+---------+----------+----------+-----+-----+------------------------------------------------+
    |  Latency (cycles) |  Latency (absolute) |  Interval |                    Pipeline                    |
    |   min   |   max   |    min   |    max   | min | max |                      Type                      |
    +---------+---------+----------+----------+-----+-----+------------------------------------------------+
    |       24|       24|  0.240 us|  0.240 us|   23|   23|  loop auto-rewind stp (delay=0 clock cycles(s))|
    +---------+---------+----------+----------+-----+-----+------------------------------------------------+

    + Detail: 
        * Instance: 
        N/A

        * Loop: 
        +---------------------+---------+---------+----------+-----------+-----------+------+----------+
        |                     |  Latency (cycles) | Iteration|  Initiation Interval  | Trip |          |
        |      Loop Name      |   min   |   max   |  Latency |  achieved |   target  | Count| Pipelined|
        +---------------------+---------+---------+----------+-----------+-----------+------+----------+
        |- VITIS_LOOP_646_35  |       22|       22|         2|          1|          1|    22|       yes|
        +---------------------+---------+---------+----------+-----------+-----------+------+----------+



================================================================
== Utilization Estimates
================================================================
* Summary: 
+-----------------+---------+------+--------+--------+-----+
|       Name      | BRAM_18K|  DSP |   FF   |   LUT  | URAM|
+-----------------+---------+------+--------+--------+-----+
|DSP              |        -|     -|       -|       -|    -|
|Expression       |        -|     -|       0|      26|    -|
|FIFO             |        -|     -|       -|       -|    -|
|Instance         |        -|     -|       0|      65|    -|
|Memory           |        -|     -|       -|       -|    -|
|Multiplexer      |        -|     -|       0|      36|    -|
|Register         |        -|     -|      13|       -|    -|
+-----------------+---------+------+--------+--------+-----+
|Total            |        0|     0|      13|     127|    0|
+-----------------+---------+------+--------+--------+-----+
|Available        |      288|  1248|  234240|  117120|   64|
+-----------------+---------+------+--------+--------+-----+
|Utilization (%)  |        0|     0|      ~0|      ~0|    0|
+-----------------+---------+------+--------+--------+-----+

+ Detail: 
    * Instance: 
    +----------------------------+-----------------------+---------+----+---+----+-----+
    |          Instance          |         Module        | BRAM_18K| DSP| FF| LUT| URAM|
    +----------------------------+-----------------------+---------+----+---+----+-----+
    |sparsemux_33_4_15_1_1_U156  |sparsemux_33_4_15_1_1  |        0|   0|  0|  65|    0|
    +----------------------------+-----------------------+---------+----+---+----+-----+
    |Total                       |                       |        0|   0|  0|  65|    0|
    +----------------------------+-----------------------+---------+----+---+----+-----+

    * DSP: 
    N/A

    * Memory: 
    N/A

    * FIFO: 
    N/A

    * Expression: 
    +----------------------+----------+----+---+----+------------+------------+
    |     Variable Name    | Operation| DSP| FF| LUT| Bitwidth P0| Bitwidth P1|
    +----------------------+----------+----+---+----+------------+------------+
    |add_ln646_fu_367_p2   |         +|   0|  0|  12|           5|           1|
    |icmp_ln646_fu_361_p2  |      icmp|   0|  0|  12|           5|           5|
    |ap_enable_pp0         |       xor|   0|  0|   2|           1|           2|
    +----------------------+----------+----+---+----+------------+------------+
    |Total                 |          |   0|  0|  26|          11|           8|
    +----------------------+----------+----+---+----+------------+------------+

    * Multiplexer: 
    +-------------------------+----+-----------+-----+-----------+
    |           Name          | LUT| Input Size| Bits| Total Bits|
    +-------------------------+----+-----------+-----+-----------+
    |ap_done_int              |   9|          2|    1|          2|
    |ap_enable_reg_pp0_iter1  |   9|          2|    1|          2|
    |ap_sig_allocacmp_i_4     |   9|          2|    5|         10|
    |i_fu_116                 |   9|          2|    5|         10|
    +-------------------------+----+-----------+-----+-----------+
    |Total                    |  36|          8|   12|         24|
    +-------------------------+----+-----------+-----+-----------+

    * Register: 
    +-------------------------+---+----+-----+-----------+
    |           Name          | FF| LUT| Bits| Const Bits|
    +-------------------------+---+----+-----+-----------+
    |ap_CS_fsm                |  1|   0|    1|          0|
    |ap_done_reg              |  1|   0|    1|          0|
    |ap_enable_reg_pp0_iter1  |  1|   0|    1|          0|
    |i_4_reg_532              |  5|   0|    5|          0|
    |i_fu_116                 |  5|   0|    5|          0|
    +-------------------------+---+----+-----+-----------+
    |Total                    | 13|   0|   13|          0|
    +-------------------------+---+----+-----+-----------+



================================================================
== Interface
================================================================
* Summary: 
+-----------------------------------------------------------------------------------------------+-----+-----+------------+--------------------------------------------------------------------------------------+--------------+
|                                           RTL Ports                                           | Dir | Bits|  Protocol  |                                     Source Object                                    |    C Type    |
+-----------------------------------------------------------------------------------------------+-----+-----+------------+--------------------------------------------------------------------------------------+--------------+
|ap_clk                                                                                         |   in|    1|  ap_ctrl_hs|                                         compute_controller_Pipeline_VITIS_LOOP_646_35|  return value|
|ap_rst                                                                                         |   in|    1|  ap_ctrl_hs|                                         compute_controller_Pipeline_VITIS_LOOP_646_35|  return value|
|ap_start                                                                                       |   in|    1|  ap_ctrl_hs|                                         compute_controller_Pipeline_VITIS_LOOP_646_35|  return value|
|ap_done                                                                                        |  out|    1|  ap_ctrl_hs|                                         compute_controller_Pipeline_VITIS_LOOP_646_35|  return value|
|ap_idle                                                                                        |  out|    1|  ap_ctrl_hs|                                         compute_controller_Pipeline_VITIS_LOOP_646_35|  return value|
|ap_ready                                                                                       |  out|    1|  ap_ctrl_hs|                                         compute_controller_Pipeline_VITIS_LOOP_646_35|  return value|
|out_buf_address0                                                                               |  out|    6|   ap_memory|                                                                               out_buf|         array|
|out_buf_ce0                                                                                    |  out|    1|   ap_memory|                                                                               out_buf|         array|
|out_buf_we0                                                                                    |  out|    1|   ap_memory|                                                                               out_buf|         array|
|out_buf_d0                                                                                     |  out|    8|   ap_memory|                                                                               out_buf|         array|
|out_buf_address1                                                                               |  out|    6|   ap_memory|                                                                               out_buf|         array|
|out_buf_ce1                                                                                    |  out|    1|   ap_memory|                                                                               out_buf|         array|
|out_buf_we1                                                                                    |  out|    1|   ap_memory|                                                                               out_buf|         array|
|out_buf_d1                                                                                     |  out|    8|   ap_memory|                                                                               out_buf|         array|
|compute_controller_ControlMemSpace_bool_unsigned_int_bool_bool_bool_bool_138_address0          |  out|    1|   ap_memory|          compute_controller_ControlMemSpace_bool_unsigned_int_bool_bool_bool_bool_138|         array|
|compute_controller_ControlMemSpace_bool_unsigned_int_bool_bool_bool_bool_138_ce0               |  out|    1|   ap_memory|          compute_controller_ControlMemSpace_bool_unsigned_int_bool_bool_bool_bool_138|         array|
|compute_controller_ControlMemSpace_bool_unsigned_int_bool_bool_bool_bool_138_q0                |   in|   15|   ap_memory|          compute_controller_ControlMemSpace_bool_unsigned_int_bool_bool_bool_bool_138|         array|
|compute_controller_ControlMemSpace_bool_unsigned_int_bool_bool_bool_bool_137_address0          |  out|    1|   ap_memory|          compute_controller_ControlMemSpace_bool_unsigned_int_bool_bool_bool_bool_137|         array|
|compute_controller_ControlMemSpace_bool_unsigned_int_bool_bool_bool_bool_137_ce0               |  out|    1|   ap_memory|          compute_controller_ControlMemSpace_bool_unsigned_int_bool_bool_bool_bool_137|         array|
|compute_controller_ControlMemSpace_bool_unsigned_int_bool_bool_bool_bool_137_q0                |   in|   15|   ap_memory|          compute_controller_ControlMemSpace_bool_unsigned_int_bool_bool_bool_bool_137|         array|
|compute_controller_ControlMemSpace_bool_unsigned_int_bool_bool_bool_bool_136_address0          |  out|    1|   ap_memory|          compute_controller_ControlMemSpace_bool_unsigned_int_bool_bool_bool_bool_136|         array|
|compute_controller_ControlMemSpace_bool_unsigned_int_bool_bool_bool_bool_136_ce0               |  out|    1|   ap_memory|          compute_controller_ControlMemSpace_bool_unsigned_int_bool_bool_bool_bool_136|         array|
|compute_controller_ControlMemSpace_bool_unsigned_int_bool_bool_bool_bool_136_q0                |   in|   15|   ap_memory|          compute_controller_ControlMemSpace_bool_unsigned_int_bool_bool_bool_bool_136|         array|
|compute_controller_ControlMemSpace_bool_unsigned_int_bool_bool_bool_bool_135_address0          |  out|    1|   ap_memory|          compute_controller_ControlMemSpace_bool_unsigned_int_bool_bool_bool_bool_135|         array|
|compute_controller_ControlMemSpace_bool_unsigned_int_bool_bool_bool_bool_135_ce0               |  out|    1|   ap_memory|          compute_controller_ControlMemSpace_bool_unsigned_int_bool_bool_bool_bool_135|         array|
|compute_controller_ControlMemSpace_bool_unsigned_int_bool_bool_bool_bool_135_q0                |   in|   15|   ap_memory|          compute_controller_ControlMemSpace_bool_unsigned_int_bool_bool_bool_bool_135|         array|
|compute_controller_ControlMemSpace_bool_unsigned_int_bool_bool_bool_bool_134_address0          |  out|    1|   ap_memory|          compute_controller_ControlMemSpace_bool_unsigned_int_bool_bool_bool_bool_134|         array|
|compute_controller_ControlMemSpace_bool_unsigned_int_bool_bool_bool_bool_134_ce0               |  out|    1|   ap_memory|          compute_controller_ControlMemSpace_bool_unsigned_int_bool_bool_bool_bool_134|         array|
|compute_controller_ControlMemSpace_bool_unsigned_int_bool_bool_bool_bool_134_q0                |   in|   15|   ap_memory|          compute_controller_ControlMemSpace_bool_unsigned_int_bool_bool_bool_bool_134|         array|
|compute_controller_ControlMemSpace_bool_unsigned_int_bool_bool_bool_bool_133_address0          |  out|    1|   ap_memory|          compute_controller_ControlMemSpace_bool_unsigned_int_bool_bool_bool_bool_133|         array|
|compute_controller_ControlMemSpace_bool_unsigned_int_bool_bool_bool_bool_133_ce0               |  out|    1|   ap_memory|          compute_controller_ControlMemSpace_bool_unsigned_int_bool_bool_bool_bool_133|         array|
|compute_controller_ControlMemSpace_bool_unsigned_int_bool_bool_bool_bool_133_q0                |   in|   15|   ap_memory|          compute_controller_ControlMemSpace_bool_unsigned_int_bool_bool_bool_bool_133|         array|
|compute_controller_ControlMemSpace_bool_unsigned_int_bool_bool_bool_bool_132_address0          |  out|    1|   ap_memory|          compute_controller_ControlMemSpace_bool_unsigned_int_bool_bool_bool_bool_132|         array|
|compute_controller_ControlMemSpace_bool_unsigned_int_bool_bool_bool_bool_132_ce0               |  out|    1|   ap_memory|          compute_controller_ControlMemSpace_bool_unsigned_int_bool_bool_bool_bool_132|         array|
|compute_controller_ControlMemSpace_bool_unsigned_int_bool_bool_bool_bool_132_q0                |   in|   15|   ap_memory|          compute_controller_ControlMemSpace_bool_unsigned_int_bool_bool_bool_bool_132|         array|
|compute_controller_ControlMemSpace_bool_unsigned_int_bool_bool_bool_bool_131_address0          |  out|    1|   ap_memory|          compute_controller_ControlMemSpace_bool_unsigned_int_bool_bool_bool_bool_131|         array|
|compute_controller_ControlMemSpace_bool_unsigned_int_bool_bool_bool_bool_131_ce0               |  out|    1|   ap_memory|          compute_controller_ControlMemSpace_bool_unsigned_int_bool_bool_bool_bool_131|         array|
|compute_controller_ControlMemSpace_bool_unsigned_int_bool_bool_bool_bool_131_q0                |   in|   15|   ap_memory|          compute_controller_ControlMemSpace_bool_unsigned_int_bool_bool_bool_bool_131|         array|
|compute_controller_ControlMemSpace_bool_unsigned_int_bool_bool_bool_bool_130_address0          |  out|    1|   ap_memory|          compute_controller_ControlMemSpace_bool_unsigned_int_bool_bool_bool_bool_130|         array|
|compute_controller_ControlMemSpace_bool_unsigned_int_bool_bool_bool_bool_130_ce0               |  out|    1|   ap_memory|          compute_controller_ControlMemSpace_bool_unsigned_int_bool_bool_bool_bool_130|         array|
|compute_controller_ControlMemSpace_bool_unsigned_int_bool_bool_bool_bool_130_q0                |   in|   15|   ap_memory|          compute_controller_ControlMemSpace_bool_unsigned_int_bool_bool_bool_bool_130|         array|
|compute_controller_ControlMemSpace_bool_unsigned_int_bool_bool_bool_bool_129_address0          |  out|    1|   ap_memory|          compute_controller_ControlMemSpace_bool_unsigned_int_bool_bool_bool_bool_129|         array|
|compute_controller_ControlMemSpace_bool_unsigned_int_bool_bool_bool_bool_129_ce0               |  out|    1|   ap_memory|          compute_controller_ControlMemSpace_bool_unsigned_int_bool_bool_bool_bool_129|         array|
|compute_controller_ControlMemSpace_bool_unsigned_int_bool_bool_bool_bool_129_q0                |   in|   15|   ap_memory|          compute_controller_ControlMemSpace_bool_unsigned_int_bool_bool_bool_bool_129|         array|
|p_ZZ18compute_controller15ControlMemSpacebjRbS0_bS0_S0_RjPKhPhR12ComputeStateS1_R_65_address0  |  out|    1|   ap_memory|  p_ZZ18compute_controller15ControlMemSpacebjRbS0_bS0_S0_RjPKhPhR12ComputeStateS1_R_65|         array|
|p_ZZ18compute_controller15ControlMemSpacebjRbS0_bS0_S0_RjPKhPhR12ComputeStateS1_R_65_ce0       |  out|    1|   ap_memory|  p_ZZ18compute_controller15ControlMemSpacebjRbS0_bS0_S0_RjPKhPhR12ComputeStateS1_R_65|         array|
|p_ZZ18compute_controller15ControlMemSpacebjRbS0_bS0_S0_RjPKhPhR12ComputeStateS1_R_65_q0        |   in|   15|   ap_memory|  p_ZZ18compute_controller15ControlMemSpacebjRbS0_bS0_S0_RjPKhPhR12ComputeStateS1_R_65|         array|
|p_ZZ18compute_controller15ControlMemSpacebjRbS0_bS0_S0_RjPKhPhR12ComputeStateS1_R_64_address0  |  out|    1|   ap_memory|  p_ZZ18compute_controller15ControlMemSpacebjRbS0_bS0_S0_RjPKhPhR12ComputeStateS1_R_64|         array|
|p_ZZ18compute_controller15ControlMemSpacebjRbS0_bS0_S0_RjPKhPhR12ComputeStateS1_R_64_ce0       |  out|    1|   ap_memory|  p_ZZ18compute_controller15ControlMemSpacebjRbS0_bS0_S0_RjPKhPhR12ComputeStateS1_R_64|         array|
|p_ZZ18compute_controller15ControlMemSpacebjRbS0_bS0_S0_RjPKhPhR12ComputeStateS1_R_64_q0        |   in|   15|   ap_memory|  p_ZZ18compute_controller15ControlMemSpacebjRbS0_bS0_S0_RjPKhPhR12ComputeStateS1_R_64|         array|
|p_ZZ18compute_controller15ControlMemSpacebjRbS0_bS0_S0_RjPKhPhR12ComputeStateS1_R_63_address0  |  out|    1|   ap_memory|  p_ZZ18compute_controller15ControlMemSpacebjRbS0_bS0_S0_RjPKhPhR12ComputeStateS1_R_63|         array|
|p_ZZ18compute_controller15ControlMemSpacebjRbS0_bS0_S0_RjPKhPhR12ComputeStateS1_R_63_ce0       |  out|    1|   ap_memory|  p_ZZ18compute_controller15ControlMemSpacebjRbS0_bS0_S0_RjPKhPhR12ComputeStateS1_R_63|         array|
|p_ZZ18compute_controller15ControlMemSpacebjRbS0_bS0_S0_RjPKhPhR12ComputeStateS1_R_63_q0        |   in|   15|   ap_memory|  p_ZZ18compute_controller15ControlMemSpacebjRbS0_bS0_S0_RjPKhPhR12ComputeStateS1_R_63|         array|
|p_ZZ18compute_controller15ControlMemSpacebjRbS0_bS0_S0_RjPKhPhR12ComputeStateS1_R_62_address0  |  out|    1|   ap_memory|  p_ZZ18compute_controller15ControlMemSpacebjRbS0_bS0_S0_RjPKhPhR12ComputeStateS1_R_62|         array|
|p_ZZ18compute_controller15ControlMemSpacebjRbS0_bS0_S0_RjPKhPhR12ComputeStateS1_R_62_ce0       |  out|    1|   ap_memory|  p_ZZ18compute_controller15ControlMemSpacebjRbS0_bS0_S0_RjPKhPhR12ComputeStateS1_R_62|         array|
|p_ZZ18compute_controller15ControlMemSpacebjRbS0_bS0_S0_RjPKhPhR12ComputeStateS1_R_62_q0        |   in|   15|   ap_memory|  p_ZZ18compute_controller15ControlMemSpacebjRbS0_bS0_S0_RjPKhPhR12ComputeStateS1_R_62|         array|
|p_ZZ18compute_controller15ControlMemSpacebjRbS0_bS0_S0_RjPKhPhR12ComputeStateS1_R_61_address0  |  out|    1|   ap_memory|  p_ZZ18compute_controller15ControlMemSpacebjRbS0_bS0_S0_RjPKhPhR12ComputeStateS1_R_61|         array|
|p_ZZ18compute_controller15ControlMemSpacebjRbS0_bS0_S0_RjPKhPhR12ComputeStateS1_R_61_ce0       |  out|    1|   ap_memory|  p_ZZ18compute_controller15ControlMemSpacebjRbS0_bS0_S0_RjPKhPhR12ComputeStateS1_R_61|         array|
|p_ZZ18compute_controller15ControlMemSpacebjRbS0_bS0_S0_RjPKhPhR12ComputeStateS1_R_61_q0        |   in|   15|   ap_memory|  p_ZZ18compute_controller15ControlMemSpacebjRbS0_bS0_S0_RjPKhPhR12ComputeStateS1_R_61|         array|
|p_ZZ18compute_controller15ControlMemSpacebjRbS0_bS0_S0_RjPKhPhR12ComputeStateS1_R_60_address0  |  out|    1|   ap_memory|  p_ZZ18compute_controller15ControlMemSpacebjRbS0_bS0_S0_RjPKhPhR12ComputeStateS1_R_60|         array|
|p_ZZ18compute_controller15ControlMemSpacebjRbS0_bS0_S0_RjPKhPhR12ComputeStateS1_R_60_ce0       |  out|    1|   ap_memory|  p_ZZ18compute_controller15ControlMemSpacebjRbS0_bS0_S0_RjPKhPhR12ComputeStateS1_R_60|         array|
|p_ZZ18compute_controller15ControlMemSpacebjRbS0_bS0_S0_RjPKhPhR12ComputeStateS1_R_60_q0        |   in|   15|   ap_memory|  p_ZZ18compute_controller15ControlMemSpacebjRbS0_bS0_S0_RjPKhPhR12ComputeStateS1_R_60|         array|
+-----------------------------------------------------------------------------------------------+-----+-----+------------+--------------------------------------------------------------------------------------+--------------+

