

================================================================
== Vitis HLS Report for 'compute_controller_Pipeline_VITIS_LOOP_506_19'
================================================================
* Date:           Tue Feb  3 19:41:37 2026

* Version:        2025.1 (Build 6135595 on May 21 2025)
* Project:        transformer_top
* Solution:       hls (Vivado IP Flow Target)
* Product family: zynquplus
* Target device:  xck26-sfvc784-2LV-c


================================================================
== Performance Estimates
================================================================
+ Timing: 
    * Summary: 
    +--------+----------+----------+------------+
    |  Clock |  Target  | Estimated| Uncertainty|
    +--------+----------+----------+------------+
    |ap_clk  |  10.00 ns|  2.010 ns|     2.70 ns|
    +--------+----------+----------+------------+

+ Latency: 
    * Summary: 
    +---------+---------+----------+----------+-----+-----+------------------------------------------------+
    |  Latency (cycles) |  Latency (absolute) |  Interval |                    Pipeline                    |
    |   min   |   max   |    min   |    max   | min | max |                      Type                      |
    +---------+---------+----------+----------+-----+-----+------------------------------------------------+
    |       35|       35|  0.350 us|  0.350 us|   34|   34|  loop auto-rewind stp (delay=0 clock cycles(s))|
    +---------+---------+----------+----------+-----+-----+------------------------------------------------+

    + Detail: 
        * Instance: 
        +---------------------+----------+---------+---------+-----------+-----------+-----+-----+---------+
        |                     |          |  Latency (cycles) |   Latency (absolute)  |  Interval | Pipeline|
        |       Instance      |  Module  |   min   |   max   |    min    |    max    | min | max |   Type  |
        +---------------------+----------+---------+---------+-----------+-----------+-----+-----+---------+
        |grp_read_i32_fu_102  |read_i32  |        2|        2|  20.000 ns|  20.000 ns|    2|    2|      yes|
        +---------------------+----------+---------+---------+-----------+-----------+-----+-----+---------+

        * Loop: 
        +---------------------+---------+---------+----------+-----------+-----------+------+----------+
        |                     |  Latency (cycles) | Iteration|  Initiation Interval  | Trip |          |
        |      Loop Name      |   min   |   max   |  Latency |  achieved |   target  | Count| Pipelined|
        +---------------------+---------+---------+----------+-----------+-----------+------+----------+
        |- VITIS_LOOP_506_19  |       33|       33|         4|          2|          1|    16|       yes|
        +---------------------+---------+---------+----------+-----------+-----------+------+----------+



================================================================
== Utilization Estimates
================================================================
* Summary: 
+-----------------+---------+------+--------+--------+-----+
|       Name      | BRAM_18K|  DSP |   FF   |   LUT  | URAM|
+-----------------+---------+------+--------+--------+-----+
|DSP              |        -|     -|       -|       -|    -|
|Expression       |        -|     -|       0|      27|    -|
|FIFO             |        -|     -|       -|       -|    -|
|Instance         |        -|     -|      27|     104|    -|
|Memory           |        -|     -|       -|       -|    -|
|Multiplexer      |        -|     -|       0|      59|    -|
|Register         |        -|     -|      25|       -|    -|
+-----------------+---------+------+--------+--------+-----+
|Total            |        0|     0|      52|     190|    0|
+-----------------+---------+------+--------+--------+-----+
|Available        |      288|  1248|  234240|  117120|   64|
+-----------------+---------+------+--------+--------+-----+
|Utilization (%)  |        0|     0|      ~0|      ~0|    0|
+-----------------+---------+------+--------+--------+-----+

+ Detail: 
    * Instance: 
    +---------------------+----------+---------+----+----+-----+-----+
    |       Instance      |  Module  | BRAM_18K| DSP| FF | LUT | URAM|
    +---------------------+----------+---------+----+----+-----+-----+
    |grp_read_i32_fu_102  |read_i32  |        0|   0|  27|  104|    0|
    +---------------------+----------+---------+----+----+-----+-----+
    |Total                |          |        0|   0|  27|  104|    0|
    +---------------------+----------+---------+----+----+-----+-----+

    * DSP: 
    N/A

    * Memory: 
    N/A

    * FIFO: 
    N/A

    * Expression: 
    +----------------------+----------+----+---+----+------------+------------+
    |     Variable Name    | Operation| DSP| FF| LUT| Bitwidth P0| Bitwidth P1|
    +----------------------+----------+----+---+----+------------+------------+
    |add_ln506_fu_123_p2   |         +|   0|  0|  12|           5|           1|
    |icmp_ln506_fu_117_p2  |      icmp|   0|  0|  13|           5|           6|
    |ap_enable_pp0         |       xor|   0|  0|   2|           1|           2|
    +----------------------+----------+----+---+----+------------+------------+
    |Total                 |          |   0|  0|  27|          11|           9|
    +----------------------+----------+----+---+----+------------+------------+

    * Multiplexer: 
    +-------------------------+----+-----------+-----+-----------+
    |           Name          | LUT| Input Size| Bits| Total Bits|
    +-------------------------+----+-----------+-----+-----------+
    |ap_NS_fsm                |  14|          3|    1|          3|
    |ap_done_int              |   9|          2|    1|          2|
    |ap_enable_reg_pp0_iter0  |   9|          2|    1|          2|
    |ap_enable_reg_pp0_iter1  |   9|          2|    1|          2|
    |ap_sig_allocacmp_i       |   9|          2|    5|         10|
    |i_1_fu_98                |   9|          2|    5|         10|
    +-------------------------+----+-----------+-----+-----------+
    |Total                    |  59|         13|   14|         29|
    +-------------------------+----+-----------+-----+-----------+

    * Register: 
    +-----------------------------------+---+----+-----+-----------+
    |                Name               | FF| LUT| Bits| Const Bits|
    +-----------------------------------+---+----+-----+-----------+
    |add_ln506_reg_290                  |  5|   0|    5|          0|
    |ap_CS_fsm                          |  2|   0|    2|          0|
    |ap_done_reg                        |  1|   0|    1|          0|
    |ap_enable_reg_pp0_iter0_reg        |  1|   0|    1|          0|
    |ap_enable_reg_pp0_iter1            |  1|   0|    1|          0|
    |grp_read_i32_fu_102_ap_start_reg   |  1|   0|    1|          0|
    |i_1_fu_98                          |  5|   0|    5|          0|
    |icmp_ln506_reg_286                 |  1|   0|    1|          0|
    |trunc_ln506_reg_295                |  4|   0|    4|          0|
    |trunc_ln506_reg_295_pp0_iter1_reg  |  4|   0|    4|          0|
    +-----------------------------------+---+----+-----+-----------+
    |Total                              | 25|   0|   25|          0|
    +-----------------------------------+---+----+-----+-----------+



================================================================
== Interface
================================================================
* Summary: 
+---------------------------------------------------------------------------------------------+-----+-----+------------+--------------------------------------------------------------------------------------+--------------+
|                                          RTL Ports                                          | Dir | Bits|  Protocol  |                                     Source Object                                    |    C Type    |
+---------------------------------------------------------------------------------------------+-----+-----+------------+--------------------------------------------------------------------------------------+--------------+
|ap_clk                                                                                       |   in|    1|  ap_ctrl_hs|                                         compute_controller_Pipeline_VITIS_LOOP_506_19|  return value|
|ap_rst                                                                                       |   in|    1|  ap_ctrl_hs|                                         compute_controller_Pipeline_VITIS_LOOP_506_19|  return value|
|ap_start                                                                                     |   in|    1|  ap_ctrl_hs|                                         compute_controller_Pipeline_VITIS_LOOP_506_19|  return value|
|ap_done                                                                                      |  out|    1|  ap_ctrl_hs|                                         compute_controller_Pipeline_VITIS_LOOP_506_19|  return value|
|ap_idle                                                                                      |  out|    1|  ap_ctrl_hs|                                         compute_controller_Pipeline_VITIS_LOOP_506_19|  return value|
|ap_ready                                                                                     |  out|    1|  ap_ctrl_hs|                                         compute_controller_Pipeline_VITIS_LOOP_506_19|  return value|
|in_buf_address0                                                                              |  out|    8|   ap_memory|                                                                                in_buf|         array|
|in_buf_ce0                                                                                   |  out|    1|   ap_memory|                                                                                in_buf|         array|
|in_buf_q0                                                                                    |   in|    8|   ap_memory|                                                                                in_buf|         array|
|in_buf_address1                                                                              |  out|    8|   ap_memory|                                                                                in_buf|         array|
|in_buf_ce1                                                                                   |  out|    1|   ap_memory|                                                                                in_buf|         array|
|in_buf_q1                                                                                    |   in|    8|   ap_memory|                                                                                in_buf|         array|
|compute_controller_ControlMemSpace_bool_unsigned_int_bool_bool_bool_bool_49                  |  out|   32|      ap_vld|           compute_controller_ControlMemSpace_bool_unsigned_int_bool_bool_bool_bool_49|       pointer|
|compute_controller_ControlMemSpace_bool_unsigned_int_bool_bool_bool_bool_49_ap_vld           |  out|    1|      ap_vld|           compute_controller_ControlMemSpace_bool_unsigned_int_bool_bool_bool_bool_49|       pointer|
|compute_controller_ControlMemSpace_bool_unsigned_int_bool_bool_bool_bool_48                  |  out|   32|      ap_vld|           compute_controller_ControlMemSpace_bool_unsigned_int_bool_bool_bool_bool_48|       pointer|
|compute_controller_ControlMemSpace_bool_unsigned_int_bool_bool_bool_bool_48_ap_vld           |  out|    1|      ap_vld|           compute_controller_ControlMemSpace_bool_unsigned_int_bool_bool_bool_bool_48|       pointer|
|compute_controller_ControlMemSpace_bool_unsigned_int_bool_bool_bool_bool_47                  |  out|   32|      ap_vld|           compute_controller_ControlMemSpace_bool_unsigned_int_bool_bool_bool_bool_47|       pointer|
|compute_controller_ControlMemSpace_bool_unsigned_int_bool_bool_bool_bool_47_ap_vld           |  out|    1|      ap_vld|           compute_controller_ControlMemSpace_bool_unsigned_int_bool_bool_bool_bool_47|       pointer|
|compute_controller_ControlMemSpace_bool_unsigned_int_bool_bool_bool_bool_46                  |  out|   32|      ap_vld|           compute_controller_ControlMemSpace_bool_unsigned_int_bool_bool_bool_bool_46|       pointer|
|compute_controller_ControlMemSpace_bool_unsigned_int_bool_bool_bool_bool_46_ap_vld           |  out|    1|      ap_vld|           compute_controller_ControlMemSpace_bool_unsigned_int_bool_bool_bool_bool_46|       pointer|
|compute_controller_ControlMemSpace_bool_unsigned_int_bool_bool_bool_bool_45                  |  out|   32|      ap_vld|           compute_controller_ControlMemSpace_bool_unsigned_int_bool_bool_bool_bool_45|       pointer|
|compute_controller_ControlMemSpace_bool_unsigned_int_bool_bool_bool_bool_45_ap_vld           |  out|    1|      ap_vld|           compute_controller_ControlMemSpace_bool_unsigned_int_bool_bool_bool_bool_45|       pointer|
|compute_controller_ControlMemSpace_bool_unsigned_int_bool_bool_bool_bool_44                  |  out|   32|      ap_vld|           compute_controller_ControlMemSpace_bool_unsigned_int_bool_bool_bool_bool_44|       pointer|
|compute_controller_ControlMemSpace_bool_unsigned_int_bool_bool_bool_bool_44_ap_vld           |  out|    1|      ap_vld|           compute_controller_ControlMemSpace_bool_unsigned_int_bool_bool_bool_bool_44|       pointer|
|compute_controller_ControlMemSpace_bool_unsigned_int_bool_bool_bool_bool_43                  |  out|   32|      ap_vld|           compute_controller_ControlMemSpace_bool_unsigned_int_bool_bool_bool_bool_43|       pointer|
|compute_controller_ControlMemSpace_bool_unsigned_int_bool_bool_bool_bool_43_ap_vld           |  out|    1|      ap_vld|           compute_controller_ControlMemSpace_bool_unsigned_int_bool_bool_bool_bool_43|       pointer|
|compute_controller_ControlMemSpace_bool_unsigned_int_bool_bool_bool_bool_42                  |  out|   32|      ap_vld|           compute_controller_ControlMemSpace_bool_unsigned_int_bool_bool_bool_bool_42|       pointer|
|compute_controller_ControlMemSpace_bool_unsigned_int_bool_bool_bool_bool_42_ap_vld           |  out|    1|      ap_vld|           compute_controller_ControlMemSpace_bool_unsigned_int_bool_bool_bool_bool_42|       pointer|
|compute_controller_ControlMemSpace_bool_unsigned_int_bool_bool_bool_bool_41                  |  out|   32|      ap_vld|           compute_controller_ControlMemSpace_bool_unsigned_int_bool_bool_bool_bool_41|       pointer|
|compute_controller_ControlMemSpace_bool_unsigned_int_bool_bool_bool_bool_41_ap_vld           |  out|    1|      ap_vld|           compute_controller_ControlMemSpace_bool_unsigned_int_bool_bool_bool_bool_41|       pointer|
|compute_controller_ControlMemSpace_bool_unsigned_int_bool_bool_bool_bool_40                  |  out|   32|      ap_vld|           compute_controller_ControlMemSpace_bool_unsigned_int_bool_bool_bool_bool_40|       pointer|
|compute_controller_ControlMemSpace_bool_unsigned_int_bool_bool_bool_bool_40_ap_vld           |  out|    1|      ap_vld|           compute_controller_ControlMemSpace_bool_unsigned_int_bool_bool_bool_bool_40|       pointer|
|p_ZZ18compute_controller15ControlMemSpacebjRbS0_bS0_S0_RjPKhPhR12ComputeStateS1_R_47         |  out|   32|      ap_vld|  p_ZZ18compute_controller15ControlMemSpacebjRbS0_bS0_S0_RjPKhPhR12ComputeStateS1_R_47|       pointer|
|p_ZZ18compute_controller15ControlMemSpacebjRbS0_bS0_S0_RjPKhPhR12ComputeStateS1_R_47_ap_vld  |  out|    1|      ap_vld|  p_ZZ18compute_controller15ControlMemSpacebjRbS0_bS0_S0_RjPKhPhR12ComputeStateS1_R_47|       pointer|
|p_ZZ18compute_controller15ControlMemSpacebjRbS0_bS0_S0_RjPKhPhR12ComputeStateS1_R_46         |  out|   32|      ap_vld|  p_ZZ18compute_controller15ControlMemSpacebjRbS0_bS0_S0_RjPKhPhR12ComputeStateS1_R_46|       pointer|
|p_ZZ18compute_controller15ControlMemSpacebjRbS0_bS0_S0_RjPKhPhR12ComputeStateS1_R_46_ap_vld  |  out|    1|      ap_vld|  p_ZZ18compute_controller15ControlMemSpacebjRbS0_bS0_S0_RjPKhPhR12ComputeStateS1_R_46|       pointer|
|p_ZZ18compute_controller15ControlMemSpacebjRbS0_bS0_S0_RjPKhPhR12ComputeStateS1_R_45         |  out|   32|      ap_vld|  p_ZZ18compute_controller15ControlMemSpacebjRbS0_bS0_S0_RjPKhPhR12ComputeStateS1_R_45|       pointer|
|p_ZZ18compute_controller15ControlMemSpacebjRbS0_bS0_S0_RjPKhPhR12ComputeStateS1_R_45_ap_vld  |  out|    1|      ap_vld|  p_ZZ18compute_controller15ControlMemSpacebjRbS0_bS0_S0_RjPKhPhR12ComputeStateS1_R_45|       pointer|
|p_ZZ18compute_controller15ControlMemSpacebjRbS0_bS0_S0_RjPKhPhR12ComputeStateS1_R_44         |  out|   32|      ap_vld|  p_ZZ18compute_controller15ControlMemSpacebjRbS0_bS0_S0_RjPKhPhR12ComputeStateS1_R_44|       pointer|
|p_ZZ18compute_controller15ControlMemSpacebjRbS0_bS0_S0_RjPKhPhR12ComputeStateS1_R_44_ap_vld  |  out|    1|      ap_vld|  p_ZZ18compute_controller15ControlMemSpacebjRbS0_bS0_S0_RjPKhPhR12ComputeStateS1_R_44|       pointer|
|p_ZZ18compute_controller15ControlMemSpacebjRbS0_bS0_S0_RjPKhPhR12ComputeStateS1_R_43         |  out|   32|      ap_vld|  p_ZZ18compute_controller15ControlMemSpacebjRbS0_bS0_S0_RjPKhPhR12ComputeStateS1_R_43|       pointer|
|p_ZZ18compute_controller15ControlMemSpacebjRbS0_bS0_S0_RjPKhPhR12ComputeStateS1_R_43_ap_vld  |  out|    1|      ap_vld|  p_ZZ18compute_controller15ControlMemSpacebjRbS0_bS0_S0_RjPKhPhR12ComputeStateS1_R_43|       pointer|
|p_ZZ18compute_controller15ControlMemSpacebjRbS0_bS0_S0_RjPKhPhR12ComputeStateS1_R_42         |  out|   32|      ap_vld|  p_ZZ18compute_controller15ControlMemSpacebjRbS0_bS0_S0_RjPKhPhR12ComputeStateS1_R_42|       pointer|
|p_ZZ18compute_controller15ControlMemSpacebjRbS0_bS0_S0_RjPKhPhR12ComputeStateS1_R_42_ap_vld  |  out|    1|      ap_vld|  p_ZZ18compute_controller15ControlMemSpacebjRbS0_bS0_S0_RjPKhPhR12ComputeStateS1_R_42|       pointer|
+---------------------------------------------------------------------------------------------+-----+-----+------------+--------------------------------------------------------------------------------------+--------------+

