

================================================================
== Vitis HLS Report for 'compute_controller_Pipeline_VITIS_LOOP_42_24'
================================================================
* Date:           Tue Feb  3 19:41:38 2026

* Version:        2025.1 (Build 6135595 on May 21 2025)
* Project:        transformer_top
* Solution:       hls (Vivado IP Flow Target)
* Product family: zynquplus
* Target device:  xck26-sfvc784-2LV-c


================================================================
== Performance Estimates
================================================================
+ Timing: 
    * Summary: 
    +--------+----------+----------+------------+
    |  Clock |  Target  | Estimated| Uncertainty|
    +--------+----------+----------+------------+
    |ap_clk  |  10.00 ns|  3.702 ns|     2.70 ns|
    +--------+----------+----------+------------+

+ Latency: 
    * Summary: 
    +---------+---------+-----------+-----------+-----+-----+------------------------------------------------+
    |  Latency (cycles) |   Latency (absolute)  |  Interval |                    Pipeline                    |
    |   min   |   max   |    min    |    max    | min | max |                      Type                      |
    +---------+---------+-----------+-----------+-----+-----+------------------------------------------------+
    |        9|        9|  90.000 ns|  90.000 ns|    2|    2|  loop auto-rewind stp (delay=0 clock cycles(s))|
    +---------+---------+-----------+-----------+-----+-----+------------------------------------------------+

    + Detail: 
        * Instance: 
        N/A

        * Loop: 
        +-------------------+---------+---------+----------+-----------+-----------+------+----------+
        |                   |  Latency (cycles) | Iteration|  Initiation Interval  | Trip |          |
        |     Loop Name     |   min   |   max   |  Latency |  achieved |   target  | Count| Pipelined|
        +-------------------+---------+---------+----------+-----------+-----------+------+----------+
        |- VITIS_LOOP_42_2  |        7|        7|         7|          1|          1|     1|       yes|
        +-------------------+---------+---------+----------+-----------+-----------+------+----------+



================================================================
== Utilization Estimates
================================================================
* Summary: 
+-----------------+---------+------+--------+--------+-----+
|       Name      | BRAM_18K|  DSP |   FF   |   LUT  | URAM|
+-----------------+---------+------+--------+--------+-----+
|DSP              |        -|    11|       -|       -|    -|
|Expression       |        -|     -|       0|     176|    -|
|FIFO             |        -|     -|       -|       -|    -|
|Instance         |        -|     0|       0|      25|    -|
|Memory           |        -|     -|       -|       -|    -|
|Multiplexer      |        -|     -|       0|      45|    -|
|Register         |        -|     -|     251|      96|    -|
+-----------------+---------+------+--------+--------+-----+
|Total            |        0|    11|     251|     342|    0|
+-----------------+---------+------+--------+--------+-----+
|Available        |      288|  1248|  234240|  117120|   64|
+-----------------+---------+------+--------+--------+-----+
|Utilization (%)  |        0|    ~0|      ~0|      ~0|    0|
+-----------------+---------+------+--------+--------+-----+

+ Detail: 
    * Instance: 
    +------------------------+-------------------+---------+----+---+----+-----+
    |        Instance        |       Module      | BRAM_18K| DSP| FF| LUT| URAM|
    +------------------------+-------------------+---------+----+---+----+-----+
    |mul_16s_4s_20_1_1_U847  |mul_16s_4s_20_1_1  |        0|   0|  0|   5|    0|
    |mul_16s_4s_20_1_1_U848  |mul_16s_4s_20_1_1  |        0|   0|  0|   5|    0|
    |mul_16s_4s_20_1_1_U849  |mul_16s_4s_20_1_1  |        0|   0|  0|   5|    0|
    |mul_16s_4s_20_1_1_U850  |mul_16s_4s_20_1_1  |        0|   0|  0|   5|    0|
    |mul_16s_4s_20_1_1_U851  |mul_16s_4s_20_1_1  |        0|   0|  0|   5|    0|
    +------------------------+-------------------+---------+----+---+----+-----+
    |Total                   |                   |        0|   0|  0|  25|    0|
    +------------------------+-------------------+---------+----+---+----+-----+

    * DSP: 
    +-----------------------------------+------------------------------+--------------+
    |              Instance             |            Module            |  Expression  |
    +-----------------------------------+------------------------------+--------------+
    |mac_muladd_16s_4s_20s_21_4_1_U852  |mac_muladd_16s_4s_20s_21_4_1  |  i0 + i1 * i2|
    |mac_muladd_16s_4s_20s_21_4_1_U853  |mac_muladd_16s_4s_20s_21_4_1  |  i0 + i1 * i2|
    |mac_muladd_16s_4s_20s_21_4_1_U854  |mac_muladd_16s_4s_20s_21_4_1  |  i0 + i1 * i2|
    |mac_muladd_16s_4s_20s_21_4_1_U856  |mac_muladd_16s_4s_20s_21_4_1  |  i0 + i1 * i2|
    |mac_muladd_16s_4s_20s_21_4_1_U857  |mac_muladd_16s_4s_20s_21_4_1  |  i0 + i1 * i2|
    |mac_muladd_16s_4s_21s_21_4_1_U855  |mac_muladd_16s_4s_21s_21_4_1  |  i0 + i1 * i2|
    |mac_muladd_16s_4s_21s_21_4_1_U858  |mac_muladd_16s_4s_21s_21_4_1  |  i0 + i1 * i2|
    |mac_muladd_16s_4s_21s_21_4_1_U860  |mac_muladd_16s_4s_21s_21_4_1  |  i0 + i1 * i2|
    |mac_muladd_16s_4s_21s_21_4_1_U862  |mac_muladd_16s_4s_21s_21_4_1  |  i0 + i1 * i2|
    |mac_muladd_16s_4s_21s_32_4_1_U859  |mac_muladd_16s_4s_21s_32_4_1  |  i0 + i1 * i2|
    |mac_muladd_16s_4s_21s_32_4_1_U861  |mac_muladd_16s_4s_21s_32_4_1  |  i0 + i1 * i2|
    +-----------------------------------+------------------------------+--------------+

    * Memory: 
    N/A

    * FIFO: 
    N/A

    * Expression: 
    +-----------------------+----------+----+---+----+------------+------------+
    |     Variable Name     | Operation| DSP| FF| LUT| Bitwidth P0| Bitwidth P1|
    +-----------------------+----------+----+---+----+------------+------------+
    |acc_2_fu_868_p2        |         +|   0|  0|  32|          32|          32|
    |acc_3_fu_896_p2        |         +|   0|  0|  32|          32|          32|
    |add_ln45_13_fu_881_p2  |         +|   0|  0|  29|          22|          22|
    |add_ln45_14_fu_891_p2  |         +|   0|  0|  32|          32|          32|
    |add_ln45_4_fu_863_p2   |         +|   0|  0|  32|          32|          32|
    |icmp_ln42_fu_609_p2    |      icmp|   0|  0|  12|           5|           5|
    |select_ln44_fu_663_p3  |    select|   0|  0|   3|           1|           3|
    |ap_enable_pp0          |       xor|   0|  0|   2|           1|           2|
    |xor_ln42_fu_640_p2     |       xor|   0|  0|   2|           1|           2|
    +-----------------------+----------+----+---+----+------------+------------+
    |Total                  |          |   0|  0| 176|         158|         162|
    +-----------------------+----------+----+---+----+------------+------------+

    * Multiplexer: 
    +----------------------------------+----+-----------+-----+-----------+
    |               Name               | LUT| Input Size| Bits| Total Bits|
    +----------------------------------+----+-----------+-----+-----------+
    |acc_fu_122                        |   9|          2|   32|         64|
    |ap_done_int                       |   9|          2|    1|          2|
    |ap_loop_exit_ready_pp0_iter6_reg  |   9|          2|    1|          2|
    |ap_sig_allocacmp_i_13             |   9|          2|    5|         10|
    |i_fu_126                          |   9|          2|    5|         10|
    +----------------------------------+----+-----------+-----+-----------+
    |Total                             |  45|         10|   44|         88|
    +----------------------------------+----+-----------+-----+-----------+

    * Register: 
    +------------------------------------+----+----+-----+-----------+
    |                Name                | FF | LUT| Bits| Const Bits|
    +------------------------------------+----+----+-----+-----------+
    |acc_fu_122                          |  32|   0|   32|          0|
    |ap_CS_fsm                           |   1|   0|    1|          0|
    |ap_done_reg                         |   1|   0|    1|          0|
    |ap_enable_reg_pp0_iter1             |   1|   0|    1|          0|
    |ap_enable_reg_pp0_iter2             |   1|   0|    1|          0|
    |ap_enable_reg_pp0_iter3             |   1|   0|    1|          0|
    |ap_enable_reg_pp0_iter4             |   1|   0|    1|          0|
    |ap_enable_reg_pp0_iter5             |   1|   0|    1|          0|
    |ap_enable_reg_pp0_iter6             |   1|   0|    1|          0|
    |ap_loop_exit_ready_pp0_iter1_reg    |   1|   0|    1|          0|
    |ap_loop_exit_ready_pp0_iter2_reg    |   1|   0|    1|          0|
    |ap_loop_exit_ready_pp0_iter3_reg    |   1|   0|    1|          0|
    |ap_loop_exit_ready_pp0_iter4_reg    |   1|   0|    1|          0|
    |ap_loop_exit_ready_pp0_iter5_reg    |   1|   0|    1|          0|
    |ap_loop_exit_ready_pp0_iter6_reg    |   1|   0|    1|          0|
    |i_fu_126                            |   5|   0|    5|          0|
    |icmp_ln42_reg_1040                  |   1|   0|    1|          0|
    |select_ln44_reg_1065                |   2|   0|   64|         62|
    |select_ln44_reg_1065_pp0_iter2_reg  |   2|   0|   64|         62|
    |tmp_reg_1016                        |   1|   0|    1|          0|
    |zext_ln41_reg_1021                  |   1|   0|   64|         63|
    |zext_ln44_reg_1044                  |   1|   0|   64|         63|
    |icmp_ln42_reg_1040                  |  64|  32|    1|          0|
    |zext_ln41_reg_1021                  |  64|  32|   64|         63|
    |zext_ln44_reg_1044                  |  64|  32|   64|         63|
    +------------------------------------+----+----+-----+-----------+
    |Total                               | 251|  96|  438|        376|
    +------------------------------------+----+----+-----+-----------+



================================================================
== Interface
================================================================
* Summary: 
+-----------------------------------------------------------------------------------------------+-----+-----+------------+--------------------------------------------------------------------------------------+--------------+
|                                           RTL Ports                                           | Dir | Bits|  Protocol  |                                     Source Object                                    |    C Type    |
+-----------------------------------------------------------------------------------------------+-----+-----+------------+--------------------------------------------------------------------------------------+--------------+
|ap_clk                                                                                         |   in|    1|  ap_ctrl_hs|                                          compute_controller_Pipeline_VITIS_LOOP_42_24|  return value|
|ap_rst                                                                                         |   in|    1|  ap_ctrl_hs|                                          compute_controller_Pipeline_VITIS_LOOP_42_24|  return value|
|ap_start                                                                                       |   in|    1|  ap_ctrl_hs|                                          compute_controller_Pipeline_VITIS_LOOP_42_24|  return value|
|ap_done                                                                                        |  out|    1|  ap_ctrl_hs|                                          compute_controller_Pipeline_VITIS_LOOP_42_24|  return value|
|ap_idle                                                                                        |  out|    1|  ap_ctrl_hs|                                          compute_controller_Pipeline_VITIS_LOOP_42_24|  return value|
|ap_ready                                                                                       |  out|    1|  ap_ctrl_hs|                                          compute_controller_Pipeline_VITIS_LOOP_42_24|  return value|
|acc_14                                                                                         |   in|   32|     ap_none|                                                                                acc_14|        scalar|
|acc_18_out                                                                                     |  out|   32|      ap_vld|                                                                            acc_18_out|       pointer|
|acc_18_out_ap_vld                                                                              |  out|    1|      ap_vld|                                                                            acc_18_out|       pointer|
|compute_controller_ControlMemSpace_bool_unsigned_int_bool_bool_bool_bool_81_address0           |  out|    3|   ap_memory|           compute_controller_ControlMemSpace_bool_unsigned_int_bool_bool_bool_bool_81|         array|
|compute_controller_ControlMemSpace_bool_unsigned_int_bool_bool_bool_bool_81_ce0                |  out|    1|   ap_memory|           compute_controller_ControlMemSpace_bool_unsigned_int_bool_bool_bool_bool_81|         array|
|compute_controller_ControlMemSpace_bool_unsigned_int_bool_bool_bool_bool_81_q0                 |   in|    4|   ap_memory|           compute_controller_ControlMemSpace_bool_unsigned_int_bool_bool_bool_bool_81|         array|
|compute_controller_ControlMemSpace_bool_unsigned_int_bool_bool_bool_bool_59_address0           |  out|    1|   ap_memory|           compute_controller_ControlMemSpace_bool_unsigned_int_bool_bool_bool_bool_59|         array|
|compute_controller_ControlMemSpace_bool_unsigned_int_bool_bool_bool_bool_59_ce0                |  out|    1|   ap_memory|           compute_controller_ControlMemSpace_bool_unsigned_int_bool_bool_bool_bool_59|         array|
|compute_controller_ControlMemSpace_bool_unsigned_int_bool_bool_bool_bool_59_q0                 |   in|   16|   ap_memory|           compute_controller_ControlMemSpace_bool_unsigned_int_bool_bool_bool_bool_59|         array|
|compute_controller_ControlMemSpace_bool_unsigned_int_bool_bool_bool_bool_80_address0           |  out|    3|   ap_memory|           compute_controller_ControlMemSpace_bool_unsigned_int_bool_bool_bool_bool_80|         array|
|compute_controller_ControlMemSpace_bool_unsigned_int_bool_bool_bool_bool_80_ce0                |  out|    1|   ap_memory|           compute_controller_ControlMemSpace_bool_unsigned_int_bool_bool_bool_bool_80|         array|
|compute_controller_ControlMemSpace_bool_unsigned_int_bool_bool_bool_bool_80_q0                 |   in|    4|   ap_memory|           compute_controller_ControlMemSpace_bool_unsigned_int_bool_bool_bool_bool_80|         array|
|compute_controller_ControlMemSpace_bool_unsigned_int_bool_bool_bool_bool_57_address0           |  out|    1|   ap_memory|           compute_controller_ControlMemSpace_bool_unsigned_int_bool_bool_bool_bool_57|         array|
|compute_controller_ControlMemSpace_bool_unsigned_int_bool_bool_bool_bool_57_ce0                |  out|    1|   ap_memory|           compute_controller_ControlMemSpace_bool_unsigned_int_bool_bool_bool_bool_57|         array|
|compute_controller_ControlMemSpace_bool_unsigned_int_bool_bool_bool_bool_57_q0                 |   in|   16|   ap_memory|           compute_controller_ControlMemSpace_bool_unsigned_int_bool_bool_bool_bool_57|         array|
|p_ZZ18compute_controller15ControlMemSpacebjRbS0_bS0_S0_RjPKhPhR12ComputeStateS1_R_29_address0  |  out|    3|   ap_memory|  p_ZZ18compute_controller15ControlMemSpacebjRbS0_bS0_S0_RjPKhPhR12ComputeStateS1_R_29|         array|
|p_ZZ18compute_controller15ControlMemSpacebjRbS0_bS0_S0_RjPKhPhR12ComputeStateS1_R_29_ce0       |  out|    1|   ap_memory|  p_ZZ18compute_controller15ControlMemSpacebjRbS0_bS0_S0_RjPKhPhR12ComputeStateS1_R_29|         array|
|p_ZZ18compute_controller15ControlMemSpacebjRbS0_bS0_S0_RjPKhPhR12ComputeStateS1_R_29_q0        |   in|    4|   ap_memory|  p_ZZ18compute_controller15ControlMemSpacebjRbS0_bS0_S0_RjPKhPhR12ComputeStateS1_R_29|         array|
|compute_controller_ControlMemSpace_bool_unsigned_int_bool_bool_bool_bool_56_address0           |  out|    1|   ap_memory|           compute_controller_ControlMemSpace_bool_unsigned_int_bool_bool_bool_bool_56|         array|
|compute_controller_ControlMemSpace_bool_unsigned_int_bool_bool_bool_bool_56_ce0                |  out|    1|   ap_memory|           compute_controller_ControlMemSpace_bool_unsigned_int_bool_bool_bool_bool_56|         array|
|compute_controller_ControlMemSpace_bool_unsigned_int_bool_bool_bool_bool_56_q0                 |   in|   16|   ap_memory|           compute_controller_ControlMemSpace_bool_unsigned_int_bool_bool_bool_bool_56|         array|
|p_ZZ18compute_controller15ControlMemSpacebjRbS0_bS0_S0_RjPKhPhR12ComputeStateS1_R_28_address0  |  out|    3|   ap_memory|  p_ZZ18compute_controller15ControlMemSpacebjRbS0_bS0_S0_RjPKhPhR12ComputeStateS1_R_28|         array|
|p_ZZ18compute_controller15ControlMemSpacebjRbS0_bS0_S0_RjPKhPhR12ComputeStateS1_R_28_ce0       |  out|    1|   ap_memory|  p_ZZ18compute_controller15ControlMemSpacebjRbS0_bS0_S0_RjPKhPhR12ComputeStateS1_R_28|         array|
|p_ZZ18compute_controller15ControlMemSpacebjRbS0_bS0_S0_RjPKhPhR12ComputeStateS1_R_28_q0        |   in|    4|   ap_memory|  p_ZZ18compute_controller15ControlMemSpacebjRbS0_bS0_S0_RjPKhPhR12ComputeStateS1_R_28|         array|
|compute_controller_ControlMemSpace_bool_unsigned_int_bool_bool_bool_bool_55_address0           |  out|    1|   ap_memory|           compute_controller_ControlMemSpace_bool_unsigned_int_bool_bool_bool_bool_55|         array|
|compute_controller_ControlMemSpace_bool_unsigned_int_bool_bool_bool_bool_55_ce0                |  out|    1|   ap_memory|           compute_controller_ControlMemSpace_bool_unsigned_int_bool_bool_bool_bool_55|         array|
|compute_controller_ControlMemSpace_bool_unsigned_int_bool_bool_bool_bool_55_q0                 |   in|   16|   ap_memory|           compute_controller_ControlMemSpace_bool_unsigned_int_bool_bool_bool_bool_55|         array|
|p_ZZ18compute_controller15ControlMemSpacebjRbS0_bS0_S0_RjPKhPhR12ComputeStateS1_R_27_address0  |  out|    3|   ap_memory|  p_ZZ18compute_controller15ControlMemSpacebjRbS0_bS0_S0_RjPKhPhR12ComputeStateS1_R_27|         array|
|p_ZZ18compute_controller15ControlMemSpacebjRbS0_bS0_S0_RjPKhPhR12ComputeStateS1_R_27_ce0       |  out|    1|   ap_memory|  p_ZZ18compute_controller15ControlMemSpacebjRbS0_bS0_S0_RjPKhPhR12ComputeStateS1_R_27|         array|
|p_ZZ18compute_controller15ControlMemSpacebjRbS0_bS0_S0_RjPKhPhR12ComputeStateS1_R_27_q0        |   in|    4|   ap_memory|  p_ZZ18compute_controller15ControlMemSpacebjRbS0_bS0_S0_RjPKhPhR12ComputeStateS1_R_27|         array|
|compute_controller_ControlMemSpace_bool_unsigned_int_bool_bool_bool_bool_54_address0           |  out|    1|   ap_memory|           compute_controller_ControlMemSpace_bool_unsigned_int_bool_bool_bool_bool_54|         array|
|compute_controller_ControlMemSpace_bool_unsigned_int_bool_bool_bool_bool_54_ce0                |  out|    1|   ap_memory|           compute_controller_ControlMemSpace_bool_unsigned_int_bool_bool_bool_bool_54|         array|
|compute_controller_ControlMemSpace_bool_unsigned_int_bool_bool_bool_bool_54_q0                 |   in|   16|   ap_memory|           compute_controller_ControlMemSpace_bool_unsigned_int_bool_bool_bool_bool_54|         array|
|p_ZZ18compute_controller15ControlMemSpacebjRbS0_bS0_S0_RjPKhPhR12ComputeStateS1_R_26_address0  |  out|    3|   ap_memory|  p_ZZ18compute_controller15ControlMemSpacebjRbS0_bS0_S0_RjPKhPhR12ComputeStateS1_R_26|         array|
|p_ZZ18compute_controller15ControlMemSpacebjRbS0_bS0_S0_RjPKhPhR12ComputeStateS1_R_26_ce0       |  out|    1|   ap_memory|  p_ZZ18compute_controller15ControlMemSpacebjRbS0_bS0_S0_RjPKhPhR12ComputeStateS1_R_26|         array|
|p_ZZ18compute_controller15ControlMemSpacebjRbS0_bS0_S0_RjPKhPhR12ComputeStateS1_R_26_q0        |   in|    4|   ap_memory|  p_ZZ18compute_controller15ControlMemSpacebjRbS0_bS0_S0_RjPKhPhR12ComputeStateS1_R_26|         array|
|compute_controller_ControlMemSpace_bool_unsigned_int_bool_bool_bool_bool_53_address0           |  out|    1|   ap_memory|           compute_controller_ControlMemSpace_bool_unsigned_int_bool_bool_bool_bool_53|         array|
|compute_controller_ControlMemSpace_bool_unsigned_int_bool_bool_bool_bool_53_ce0                |  out|    1|   ap_memory|           compute_controller_ControlMemSpace_bool_unsigned_int_bool_bool_bool_bool_53|         array|
|compute_controller_ControlMemSpace_bool_unsigned_int_bool_bool_bool_bool_53_q0                 |   in|   16|   ap_memory|           compute_controller_ControlMemSpace_bool_unsigned_int_bool_bool_bool_bool_53|         array|
|p_ZZ18compute_controller15ControlMemSpacebjRbS0_bS0_S0_RjPKhPhR12ComputeStateS1_R_25_address0  |  out|    3|   ap_memory|  p_ZZ18compute_controller15ControlMemSpacebjRbS0_bS0_S0_RjPKhPhR12ComputeStateS1_R_25|         array|
|p_ZZ18compute_controller15ControlMemSpacebjRbS0_bS0_S0_RjPKhPhR12ComputeStateS1_R_25_ce0       |  out|    1|   ap_memory|  p_ZZ18compute_controller15ControlMemSpacebjRbS0_bS0_S0_RjPKhPhR12ComputeStateS1_R_25|         array|
|p_ZZ18compute_controller15ControlMemSpacebjRbS0_bS0_S0_RjPKhPhR12ComputeStateS1_R_25_q0        |   in|    4|   ap_memory|  p_ZZ18compute_controller15ControlMemSpacebjRbS0_bS0_S0_RjPKhPhR12ComputeStateS1_R_25|         array|
|compute_controller_ControlMemSpace_bool_unsigned_int_bool_bool_bool_bool_52_address0           |  out|    1|   ap_memory|           compute_controller_ControlMemSpace_bool_unsigned_int_bool_bool_bool_bool_52|         array|
|compute_controller_ControlMemSpace_bool_unsigned_int_bool_bool_bool_bool_52_ce0                |  out|    1|   ap_memory|           compute_controller_ControlMemSpace_bool_unsigned_int_bool_bool_bool_bool_52|         array|
|compute_controller_ControlMemSpace_bool_unsigned_int_bool_bool_bool_bool_52_q0                 |   in|   16|   ap_memory|           compute_controller_ControlMemSpace_bool_unsigned_int_bool_bool_bool_bool_52|         array|
|p_ZZ18compute_controller15ControlMemSpacebjRbS0_bS0_S0_RjPKhPhR12ComputeStateS1_R_24_address0  |  out|    3|   ap_memory|  p_ZZ18compute_controller15ControlMemSpacebjRbS0_bS0_S0_RjPKhPhR12ComputeStateS1_R_24|         array|
|p_ZZ18compute_controller15ControlMemSpacebjRbS0_bS0_S0_RjPKhPhR12ComputeStateS1_R_24_ce0       |  out|    1|   ap_memory|  p_ZZ18compute_controller15ControlMemSpacebjRbS0_bS0_S0_RjPKhPhR12ComputeStateS1_R_24|         array|
|p_ZZ18compute_controller15ControlMemSpacebjRbS0_bS0_S0_RjPKhPhR12ComputeStateS1_R_24_q0        |   in|    4|   ap_memory|  p_ZZ18compute_controller15ControlMemSpacebjRbS0_bS0_S0_RjPKhPhR12ComputeStateS1_R_24|         array|
|compute_controller_ControlMemSpace_bool_unsigned_int_bool_bool_bool_bool_51_address0           |  out|    1|   ap_memory|           compute_controller_ControlMemSpace_bool_unsigned_int_bool_bool_bool_bool_51|         array|
|compute_controller_ControlMemSpace_bool_unsigned_int_bool_bool_bool_bool_51_ce0                |  out|    1|   ap_memory|           compute_controller_ControlMemSpace_bool_unsigned_int_bool_bool_bool_bool_51|         array|
|compute_controller_ControlMemSpace_bool_unsigned_int_bool_bool_bool_bool_51_q0                 |   in|   16|   ap_memory|           compute_controller_ControlMemSpace_bool_unsigned_int_bool_bool_bool_bool_51|         array|
|compute_controller_ControlMemSpace_bool_unsigned_int_bool_bool_bool_bool_89_address0           |  out|    3|   ap_memory|           compute_controller_ControlMemSpace_bool_unsigned_int_bool_bool_bool_bool_89|         array|
|compute_controller_ControlMemSpace_bool_unsigned_int_bool_bool_bool_bool_89_ce0                |  out|    1|   ap_memory|           compute_controller_ControlMemSpace_bool_unsigned_int_bool_bool_bool_bool_89|         array|
|compute_controller_ControlMemSpace_bool_unsigned_int_bool_bool_bool_bool_89_q0                 |   in|    4|   ap_memory|           compute_controller_ControlMemSpace_bool_unsigned_int_bool_bool_bool_bool_89|         array|
|compute_controller_ControlMemSpace_bool_unsigned_int_bool_bool_bool_bool_50_address0           |  out|    1|   ap_memory|           compute_controller_ControlMemSpace_bool_unsigned_int_bool_bool_bool_bool_50|         array|
|compute_controller_ControlMemSpace_bool_unsigned_int_bool_bool_bool_bool_50_ce0                |  out|    1|   ap_memory|           compute_controller_ControlMemSpace_bool_unsigned_int_bool_bool_bool_bool_50|         array|
|compute_controller_ControlMemSpace_bool_unsigned_int_bool_bool_bool_bool_50_q0                 |   in|   16|   ap_memory|           compute_controller_ControlMemSpace_bool_unsigned_int_bool_bool_bool_bool_50|         array|
|compute_controller_ControlMemSpace_bool_unsigned_int_bool_bool_bool_bool_88_address0           |  out|    3|   ap_memory|           compute_controller_ControlMemSpace_bool_unsigned_int_bool_bool_bool_bool_88|         array|
|compute_controller_ControlMemSpace_bool_unsigned_int_bool_bool_bool_bool_88_ce0                |  out|    1|   ap_memory|           compute_controller_ControlMemSpace_bool_unsigned_int_bool_bool_bool_bool_88|         array|
|compute_controller_ControlMemSpace_bool_unsigned_int_bool_bool_bool_bool_88_q0                 |   in|    4|   ap_memory|           compute_controller_ControlMemSpace_bool_unsigned_int_bool_bool_bool_bool_88|         array|
|compute_controller_ControlMemSpace_bool_unsigned_int_bool_bool_bool_bool_58_address0           |  out|    1|   ap_memory|           compute_controller_ControlMemSpace_bool_unsigned_int_bool_bool_bool_bool_58|         array|
|compute_controller_ControlMemSpace_bool_unsigned_int_bool_bool_bool_bool_58_ce0                |  out|    1|   ap_memory|           compute_controller_ControlMemSpace_bool_unsigned_int_bool_bool_bool_bool_58|         array|
|compute_controller_ControlMemSpace_bool_unsigned_int_bool_bool_bool_bool_58_q0                 |   in|   16|   ap_memory|           compute_controller_ControlMemSpace_bool_unsigned_int_bool_bool_bool_bool_58|         array|
|compute_controller_ControlMemSpace_bool_unsigned_int_bool_bool_bool_bool_87_address0           |  out|    3|   ap_memory|           compute_controller_ControlMemSpace_bool_unsigned_int_bool_bool_bool_bool_87|         array|
|compute_controller_ControlMemSpace_bool_unsigned_int_bool_bool_bool_bool_87_ce0                |  out|    1|   ap_memory|           compute_controller_ControlMemSpace_bool_unsigned_int_bool_bool_bool_bool_87|         array|
|compute_controller_ControlMemSpace_bool_unsigned_int_bool_bool_bool_bool_87_q0                 |   in|    4|   ap_memory|           compute_controller_ControlMemSpace_bool_unsigned_int_bool_bool_bool_bool_87|         array|
|p_ZZ18compute_controller15ControlMemSpacebjRbS0_bS0_S0_RjPKhPhR12ComputeStateS1_R_23_address0  |  out|    1|   ap_memory|  p_ZZ18compute_controller15ControlMemSpacebjRbS0_bS0_S0_RjPKhPhR12ComputeStateS1_R_23|         array|
|p_ZZ18compute_controller15ControlMemSpacebjRbS0_bS0_S0_RjPKhPhR12ComputeStateS1_R_23_ce0       |  out|    1|   ap_memory|  p_ZZ18compute_controller15ControlMemSpacebjRbS0_bS0_S0_RjPKhPhR12ComputeStateS1_R_23|         array|
|p_ZZ18compute_controller15ControlMemSpacebjRbS0_bS0_S0_RjPKhPhR12ComputeStateS1_R_23_q0        |   in|   16|   ap_memory|  p_ZZ18compute_controller15ControlMemSpacebjRbS0_bS0_S0_RjPKhPhR12ComputeStateS1_R_23|         array|
|compute_controller_ControlMemSpace_bool_unsigned_int_bool_bool_bool_bool_86_address0           |  out|    3|   ap_memory|           compute_controller_ControlMemSpace_bool_unsigned_int_bool_bool_bool_bool_86|         array|
|compute_controller_ControlMemSpace_bool_unsigned_int_bool_bool_bool_bool_86_ce0                |  out|    1|   ap_memory|           compute_controller_ControlMemSpace_bool_unsigned_int_bool_bool_bool_bool_86|         array|
|compute_controller_ControlMemSpace_bool_unsigned_int_bool_bool_bool_bool_86_q0                 |   in|    4|   ap_memory|           compute_controller_ControlMemSpace_bool_unsigned_int_bool_bool_bool_bool_86|         array|
|p_ZZ18compute_controller15ControlMemSpacebjRbS0_bS0_S0_RjPKhPhR12ComputeStateS1_R_22_address0  |  out|    1|   ap_memory|  p_ZZ18compute_controller15ControlMemSpacebjRbS0_bS0_S0_RjPKhPhR12ComputeStateS1_R_22|         array|
|p_ZZ18compute_controller15ControlMemSpacebjRbS0_bS0_S0_RjPKhPhR12ComputeStateS1_R_22_ce0       |  out|    1|   ap_memory|  p_ZZ18compute_controller15ControlMemSpacebjRbS0_bS0_S0_RjPKhPhR12ComputeStateS1_R_22|         array|
|p_ZZ18compute_controller15ControlMemSpacebjRbS0_bS0_S0_RjPKhPhR12ComputeStateS1_R_22_q0        |   in|   16|   ap_memory|  p_ZZ18compute_controller15ControlMemSpacebjRbS0_bS0_S0_RjPKhPhR12ComputeStateS1_R_22|         array|
|compute_controller_ControlMemSpace_bool_unsigned_int_bool_bool_bool_bool_85_address0           |  out|    3|   ap_memory|           compute_controller_ControlMemSpace_bool_unsigned_int_bool_bool_bool_bool_85|         array|
|compute_controller_ControlMemSpace_bool_unsigned_int_bool_bool_bool_bool_85_ce0                |  out|    1|   ap_memory|           compute_controller_ControlMemSpace_bool_unsigned_int_bool_bool_bool_bool_85|         array|
|compute_controller_ControlMemSpace_bool_unsigned_int_bool_bool_bool_bool_85_q0                 |   in|    4|   ap_memory|           compute_controller_ControlMemSpace_bool_unsigned_int_bool_bool_bool_bool_85|         array|
|p_ZZ18compute_controller15ControlMemSpacebjRbS0_bS0_S0_RjPKhPhR12ComputeStateS1_R_21_address0  |  out|    1|   ap_memory|  p_ZZ18compute_controller15ControlMemSpacebjRbS0_bS0_S0_RjPKhPhR12ComputeStateS1_R_21|         array|
|p_ZZ18compute_controller15ControlMemSpacebjRbS0_bS0_S0_RjPKhPhR12ComputeStateS1_R_21_ce0       |  out|    1|   ap_memory|  p_ZZ18compute_controller15ControlMemSpacebjRbS0_bS0_S0_RjPKhPhR12ComputeStateS1_R_21|         array|
|p_ZZ18compute_controller15ControlMemSpacebjRbS0_bS0_S0_RjPKhPhR12ComputeStateS1_R_21_q0        |   in|   16|   ap_memory|  p_ZZ18compute_controller15ControlMemSpacebjRbS0_bS0_S0_RjPKhPhR12ComputeStateS1_R_21|         array|
|compute_controller_ControlMemSpace_bool_unsigned_int_bool_bool_bool_bool_84_address0           |  out|    3|   ap_memory|           compute_controller_ControlMemSpace_bool_unsigned_int_bool_bool_bool_bool_84|         array|
|compute_controller_ControlMemSpace_bool_unsigned_int_bool_bool_bool_bool_84_ce0                |  out|    1|   ap_memory|           compute_controller_ControlMemSpace_bool_unsigned_int_bool_bool_bool_bool_84|         array|
|compute_controller_ControlMemSpace_bool_unsigned_int_bool_bool_bool_bool_84_q0                 |   in|    4|   ap_memory|           compute_controller_ControlMemSpace_bool_unsigned_int_bool_bool_bool_bool_84|         array|
|p_ZZ18compute_controller15ControlMemSpacebjRbS0_bS0_S0_RjPKhPhR12ComputeStateS1_R_20_address0  |  out|    1|   ap_memory|  p_ZZ18compute_controller15ControlMemSpacebjRbS0_bS0_S0_RjPKhPhR12ComputeStateS1_R_20|         array|
|p_ZZ18compute_controller15ControlMemSpacebjRbS0_bS0_S0_RjPKhPhR12ComputeStateS1_R_20_ce0       |  out|    1|   ap_memory|  p_ZZ18compute_controller15ControlMemSpacebjRbS0_bS0_S0_RjPKhPhR12ComputeStateS1_R_20|         array|
|p_ZZ18compute_controller15ControlMemSpacebjRbS0_bS0_S0_RjPKhPhR12ComputeStateS1_R_20_q0        |   in|   16|   ap_memory|  p_ZZ18compute_controller15ControlMemSpacebjRbS0_bS0_S0_RjPKhPhR12ComputeStateS1_R_20|         array|
|compute_controller_ControlMemSpace_bool_unsigned_int_bool_bool_bool_bool_83_address0           |  out|    3|   ap_memory|           compute_controller_ControlMemSpace_bool_unsigned_int_bool_bool_bool_bool_83|         array|
|compute_controller_ControlMemSpace_bool_unsigned_int_bool_bool_bool_bool_83_ce0                |  out|    1|   ap_memory|           compute_controller_ControlMemSpace_bool_unsigned_int_bool_bool_bool_bool_83|         array|
|compute_controller_ControlMemSpace_bool_unsigned_int_bool_bool_bool_bool_83_q0                 |   in|    4|   ap_memory|           compute_controller_ControlMemSpace_bool_unsigned_int_bool_bool_bool_bool_83|         array|
|p_ZZ18compute_controller15ControlMemSpacebjRbS0_bS0_S0_RjPKhPhR12ComputeStateS1_R_19_address0  |  out|    1|   ap_memory|  p_ZZ18compute_controller15ControlMemSpacebjRbS0_bS0_S0_RjPKhPhR12ComputeStateS1_R_19|         array|
|p_ZZ18compute_controller15ControlMemSpacebjRbS0_bS0_S0_RjPKhPhR12ComputeStateS1_R_19_ce0       |  out|    1|   ap_memory|  p_ZZ18compute_controller15ControlMemSpacebjRbS0_bS0_S0_RjPKhPhR12ComputeStateS1_R_19|         array|
|p_ZZ18compute_controller15ControlMemSpacebjRbS0_bS0_S0_RjPKhPhR12ComputeStateS1_R_19_q0        |   in|   16|   ap_memory|  p_ZZ18compute_controller15ControlMemSpacebjRbS0_bS0_S0_RjPKhPhR12ComputeStateS1_R_19|         array|
|compute_controller_ControlMemSpace_bool_unsigned_int_bool_bool_bool_bool_82_address0           |  out|    3|   ap_memory|           compute_controller_ControlMemSpace_bool_unsigned_int_bool_bool_bool_bool_82|         array|
|compute_controller_ControlMemSpace_bool_unsigned_int_bool_bool_bool_bool_82_ce0                |  out|    1|   ap_memory|           compute_controller_ControlMemSpace_bool_unsigned_int_bool_bool_bool_bool_82|         array|
|compute_controller_ControlMemSpace_bool_unsigned_int_bool_bool_bool_bool_82_q0                 |   in|    4|   ap_memory|           compute_controller_ControlMemSpace_bool_unsigned_int_bool_bool_bool_bool_82|         array|
|p_ZZ18compute_controller15ControlMemSpacebjRbS0_bS0_S0_RjPKhPhR12ComputeStateS1_R_18_address0  |  out|    1|   ap_memory|  p_ZZ18compute_controller15ControlMemSpacebjRbS0_bS0_S0_RjPKhPhR12ComputeStateS1_R_18|         array|
|p_ZZ18compute_controller15ControlMemSpacebjRbS0_bS0_S0_RjPKhPhR12ComputeStateS1_R_18_ce0       |  out|    1|   ap_memory|  p_ZZ18compute_controller15ControlMemSpacebjRbS0_bS0_S0_RjPKhPhR12ComputeStateS1_R_18|         array|
|p_ZZ18compute_controller15ControlMemSpacebjRbS0_bS0_S0_RjPKhPhR12ComputeStateS1_R_18_q0        |   in|   16|   ap_memory|  p_ZZ18compute_controller15ControlMemSpacebjRbS0_bS0_S0_RjPKhPhR12ComputeStateS1_R_18|         array|
+-----------------------------------------------------------------------------------------------+-----+-----+------------+--------------------------------------------------------------------------------------+--------------+

