================================================================
== Design Size Report
================================================================

* Total Instructions per Compilation Phase
+---------------+-----------------------------+--------------+----------------------------------------------------------------------------------------+
| Phase         | Step                        | Instructions | Description                                                                            |
+---------------+-----------------------------+--------------+----------------------------------------------------------------------------------------+
| Compile/Link  |                             | 3,361        | After all functions are compiled and linked into a single design                       |
|               |                             |              |                                                                                        |
| Unroll/Inline |                             |              | After user unroll and inline pragmas are applied                                       |
|               | (1) unroll                  | 5,670        | user unroll pragmas are applied                                                        |
|               | (2) simplification          | 4,544        | simplification of applied user unroll pragmas                                          |
|               | (3) inline                  | 4,507        | user inline pragmas are applied                                                        |
|               | (4) simplification          | 4,320        | simplification of applied user inline pragmas                                          |
|               |                             |              |                                                                                        |
| Array/Struct  |                             |              | After user array partition and struct aggregate/disaggregate pragmas are applied       |
|               | (1) array partition         | 5,725        | user array partition pragmas are applied                                               |
|               | (2) simplification          | 4,922        | simplification of applied user array partition & struct aggregate/disaggregate pragmas |
|               | (3) aggregate/disaggregate  | 8,870        | user struct aggregate/disaggregate pragmas are applied                                 |
|               | (4) array reshape           | 6,590        | apply array reshape pragmas                                                            |
|               | (5) access patterns         | 6,926        | array access pattern optmizations                                                      |
|               |                             |              |                                                                                        |
| Performance   |                             |              | After transformations are applied to meet performance pragma targets                   |
|               | (1) loop simplification     | 5,006        | loop and instruction simplification                                                    |
|               | (2) parallelization         | 5,006        | loops are unrolled or pipelined to meet performance targets                            |
|               | (3) array partition         | 5,006        | arrays are partitioned to meet performance targets                                     |
|               | (4) simplification          | 4,214        | simplification of design after performance transformations                             |
|               |                             |              |                                                                                        |
| HW Transforms |                             |              | After hardware transfomations                                                          |
|               | (1) lowering                | 4,310        | initial conversion to HW specific instructions                                         |
|               | (2) optimizations           | 4,038        | high level synthesis optimizations                                                     |
+---------------+-----------------------------+--------------+----------------------------------------------------------------------------------------+

* Instructions per Function for each Compilation Phase
+----------------------------+-----------------------------+-----------------+-----------------+------------------+-----------------+-----------------+
| Function                   | Location                    | Compile/Link    | Unroll/Inline   | Array/Struct     | Performance     | HW Transforms   |
+----------------------------+-----------------------------+-----------------+-----------------+------------------+-----------------+-----------------+
| + transformer_top          | top.cpp:4                   | 3,361           | 4,320           | 6,926            | 4,214           | 4,038           |
|  + ControlMemInterface     | ControlMemInterface.cpp:148 |  310            |                 |                  |                 |                 |
|     init_mem_space         | ControlMemInterface.cpp:105 |   67            |                 |                  |                 |                 |
|     is_valid_address       | ControlMemInterface.cpp:5   |    7            |                 |                  |                 |                 |
|     ctrl_write             | ControlMemInterface.cpp:60  |  104            |                 |                  |                 |                 |
|     ctrl_read              | ControlMemInterface.cpp:14  |  103            |                 |                  |                 |                 |
|  + scheduler_hls           | Scheduler_FSM.cpp:36        | 2,959           | 4,030           | 6,668            | 3,956           | 3,682           |
|   + init_head_ctx          | head_helpers.cpp:20         |  363 (3 calls)  |  916 (10 calls) | 1,052 (10 calls) |  252 (10 calls) |  252 (10 calls) |
|      pack_compute_op       | head_helpers.cpp:6          |   72 (6 calls)  |                 |                  |                 |                 |
|     pack_compute_op        | Scheduler_FSM.cpp:27        |  192 (16 calls) |                 |                  |                 |                 |
|     HeadCtx                | top_params.hpp:238          |   95            |                 |                  |                 |                 |
|   + drive_group_head_phase | head_helpers.cpp:389        | 1,317           | 1,257           | 1,157            | 1,157           | 1,157           |
|    + run_single_head       | head_helpers.cpp:80         | 1,280           |                 |                  |                 |                 |
|     + init_head_ctx        | head_helpers.cpp:20         |  121            |                 |                  |                 |                 |
|        pack_compute_op     | head_helpers.cpp:6          |   24 (2 calls)  |                 |                  |                 |                 |
|       pack_compute_op      | head_helpers.cpp:6          |  288 (24 calls) |                 |                  |                 |                 |
|       unpack_compute_op    | head_helpers.cpp:15         |    3            |                 |                  |                 |                 |
|      init_head_ctx         | head_helpers.cpp:20         |                 |  108 (2 calls)  |  108 (2 calls)   |  108 (2 calls)  |  108 (2 calls)  |
|  + irq_wizard              | IRQ_Wizard.cpp:15           |   29            |                 |                  |                 |                 |
|     evaluate_irq           | IRQ_Wizard.cpp:8            |    8            |                 |                  |                 |                 |
+----------------------------+-----------------------------+-----------------+-----------------+------------------+-----------------+-----------------+

* Design Size Message Settings
+---------------------------------------------+--------+------------------------------------------------------------------+
| Message Setting                             | Value  | Description                                                      |
+---------------------------------------------+--------+------------------------------------------------------------------+
| config_compile -design_size_maximum_warning | 100000 | Show a warning when total design instructions exceeds this value |
+---------------------------------------------+--------+------------------------------------------------------------------+


