

================================================================
== Vitis HLS Report for 'REQUANT_D_MODEL_int32_to_int8'
================================================================
* Date:           Tue Feb  3 19:41:37 2026

* Version:        2025.1 (Build 6135595 on May 21 2025)
* Project:        transformer_top
* Solution:       hls (Vivado IP Flow Target)
* Product family: zynquplus
* Target device:  xck26-sfvc784-2LV-c


================================================================
== Performance Estimates
================================================================
+ Timing: 
    * Summary: 
    +--------+----------+----------+------------+
    |  Clock |  Target  | Estimated| Uncertainty|
    +--------+----------+----------+------------+
    |ap_clk  |  10.00 ns|  6.041 ns|     2.70 ns|
    +--------+----------+----------+------------+

+ Latency: 
    * Summary: 
    +---------+---------+-----------+-----------+-----+-----+---------+
    |  Latency (cycles) |   Latency (absolute)  |  Interval | Pipeline|
    |   min   |   max   |    min    |    max    | min | max |   Type  |
    +---------+---------+-----------+-----------+-----+-----+---------+
    |        1|        1|  10.000 ns|  10.000 ns|    1|    1|       no|
    +---------+---------+-----------+-----------+-----+-----+---------+

    + Detail: 
        * Instance: 
        N/A

        * Loop: 
        N/A



================================================================
== Utilization Estimates
================================================================
* Summary: 
+-----------------+---------+------+--------+--------+-----+
|       Name      | BRAM_18K|  DSP |   FF   |   LUT  | URAM|
+-----------------+---------+------+--------+--------+-----+
|DSP              |        -|     -|       -|       -|    -|
|Expression       |        -|     -|       0|    6282|    -|
|FIFO             |        -|     -|       -|       -|    -|
|Instance         |        -|    64|       0|     320|    -|
|Memory           |        -|     -|       -|       -|    -|
|Multiplexer      |        -|     -|       0|      14|    -|
|Register         |        -|     -|     514|       -|    -|
+-----------------+---------+------+--------+--------+-----+
|Total            |        0|    64|     514|    6616|    0|
+-----------------+---------+------+--------+--------+-----+
|Available        |      288|  1248|  234240|  117120|   64|
+-----------------+---------+------+--------+--------+-----+
|Utilization (%)  |        0|     5|      ~0|       5|    0|
+-----------------+---------+------+--------+--------+-----+

+ Detail: 
    * Instance: 
    +-------------------------+--------------------+---------+----+---+----+-----+
    |         Instance        |       Module       | BRAM_18K| DSP| FF| LUT| URAM|
    +-------------------------+--------------------+---------+----+---+----+-----+
    |mul_32s_32s_64_1_1_U522  |mul_32s_32s_64_1_1  |        0|   4|  0|  20|    0|
    |mul_32s_32s_64_1_1_U523  |mul_32s_32s_64_1_1  |        0|   4|  0|  20|    0|
    |mul_32s_32s_64_1_1_U524  |mul_32s_32s_64_1_1  |        0|   4|  0|  20|    0|
    |mul_32s_32s_64_1_1_U525  |mul_32s_32s_64_1_1  |        0|   4|  0|  20|    0|
    |mul_32s_32s_64_1_1_U526  |mul_32s_32s_64_1_1  |        0|   4|  0|  20|    0|
    |mul_32s_32s_64_1_1_U527  |mul_32s_32s_64_1_1  |        0|   4|  0|  20|    0|
    |mul_32s_32s_64_1_1_U528  |mul_32s_32s_64_1_1  |        0|   4|  0|  20|    0|
    |mul_32s_32s_64_1_1_U529  |mul_32s_32s_64_1_1  |        0|   4|  0|  20|    0|
    |mul_32s_32s_64_1_1_U530  |mul_32s_32s_64_1_1  |        0|   4|  0|  20|    0|
    |mul_32s_32s_64_1_1_U531  |mul_32s_32s_64_1_1  |        0|   4|  0|  20|    0|
    |mul_32s_32s_64_1_1_U532  |mul_32s_32s_64_1_1  |        0|   4|  0|  20|    0|
    |mul_32s_32s_64_1_1_U533  |mul_32s_32s_64_1_1  |        0|   4|  0|  20|    0|
    |mul_32s_32s_64_1_1_U534  |mul_32s_32s_64_1_1  |        0|   4|  0|  20|    0|
    |mul_32s_32s_64_1_1_U535  |mul_32s_32s_64_1_1  |        0|   4|  0|  20|    0|
    |mul_32s_32s_64_1_1_U536  |mul_32s_32s_64_1_1  |        0|   4|  0|  20|    0|
    |mul_32s_32s_64_1_1_U537  |mul_32s_32s_64_1_1  |        0|   4|  0|  20|    0|
    +-------------------------+--------------------+---------+----+---+----+-----+
    |Total                    |                    |        0|  64|  0| 320|    0|
    +-------------------------+--------------------+---------+----+---+----+-----+

    * DSP: 
    N/A

    * Memory: 
    N/A

    * FIFO: 
    N/A

    * Expression: 
    +--------------------------------------------------------------------------------------+----------+----+---+-----+------------+------------+
    |                                     Variable Name                                    | Operation| DSP| FF| LUT | Bitwidth P0| Bitwidth P1|
    +--------------------------------------------------------------------------------------+----------+----+---+-----+------------+------------+
    |add_ln100_10_fu_471_p2                                                                |         +|   0|  0|   71|          64|          64|
    |add_ln100_11_fu_496_p2                                                                |         +|   0|  0|   71|          64|          64|
    |add_ln100_12_fu_521_p2                                                                |         +|   0|  0|   71|          64|          64|
    |add_ln100_13_fu_546_p2                                                                |         +|   0|  0|   71|          64|          64|
    |add_ln100_14_fu_571_p2                                                                |         +|   0|  0|   71|          64|          64|
    |add_ln100_15_fu_596_p2                                                                |         +|   0|  0|   71|          64|          64|
    |add_ln100_1_fu_246_p2                                                                 |         +|   0|  0|   71|          64|          64|
    |add_ln100_2_fu_271_p2                                                                 |         +|   0|  0|   71|          64|          64|
    |add_ln100_3_fu_296_p2                                                                 |         +|   0|  0|   71|          64|          64|
    |add_ln100_4_fu_321_p2                                                                 |         +|   0|  0|   71|          64|          64|
    |add_ln100_5_fu_346_p2                                                                 |         +|   0|  0|   71|          64|          64|
    |add_ln100_6_fu_371_p2                                                                 |         +|   0|  0|   71|          64|          64|
    |add_ln100_7_fu_396_p2                                                                 |         +|   0|  0|   71|          64|          64|
    |add_ln100_8_fu_421_p2                                                                 |         +|   0|  0|   71|          64|          64|
    |add_ln100_9_fu_446_p2                                                                 |         +|   0|  0|   71|          64|          64|
    |add_ln100_fu_221_p2                                                                   |         +|   0|  0|   71|          64|          64|
    |shifted_15_fu_1407_p2                                                                 |         +|   0|  0|   39|          32|          32|
    |shifted_16_fu_665_p2                                                                  |         +|   0|  0|   39|          32|          32|
    |shifted_17_fu_718_p2                                                                  |         +|   0|  0|   39|          32|          32|
    |shifted_18_fu_771_p2                                                                  |         +|   0|  0|   39|          32|          32|
    |shifted_19_fu_824_p2                                                                  |         +|   0|  0|   39|          32|          32|
    |shifted_20_fu_877_p2                                                                  |         +|   0|  0|   39|          32|          32|
    |shifted_21_fu_930_p2                                                                  |         +|   0|  0|   39|          32|          32|
    |shifted_22_fu_983_p2                                                                  |         +|   0|  0|   39|          32|          32|
    |shifted_23_fu_1036_p2                                                                 |         +|   0|  0|   39|          32|          32|
    |shifted_24_fu_1089_p2                                                                 |         +|   0|  0|   39|          32|          32|
    |shifted_25_fu_1142_p2                                                                 |         +|   0|  0|   39|          32|          32|
    |shifted_26_fu_1195_p2                                                                 |         +|   0|  0|   39|          32|          32|
    |shifted_27_fu_1248_p2                                                                 |         +|   0|  0|   39|          32|          32|
    |shifted_28_fu_1301_p2                                                                 |         +|   0|  0|   39|          32|          32|
    |shifted_29_fu_1354_p2                                                                 |         +|   0|  0|   39|          32|          32|
    |shifted_fu_612_p2                                                                     |         +|   0|  0|   39|          32|          32|
    |sub_fu_192_p2                                                                         |         +|   0|  0|   39|          32|           2|
    |ashr_ln100_10_fu_477_p2                                                               |      ashr|   0|  0|  179|          64|          64|
    |ashr_ln100_11_fu_502_p2                                                               |      ashr|   0|  0|  179|          64|          64|
    |ashr_ln100_12_fu_527_p2                                                               |      ashr|   0|  0|  179|          64|          64|
    |ashr_ln100_13_fu_552_p2                                                               |      ashr|   0|  0|  179|          64|          64|
    |ashr_ln100_14_fu_577_p2                                                               |      ashr|   0|  0|  179|          64|          64|
    |ashr_ln100_15_fu_602_p2                                                               |      ashr|   0|  0|  179|          64|          64|
    |ashr_ln100_1_fu_252_p2                                                                |      ashr|   0|  0|  179|          64|          64|
    |ashr_ln100_2_fu_277_p2                                                                |      ashr|   0|  0|  179|          64|          64|
    |ashr_ln100_3_fu_302_p2                                                                |      ashr|   0|  0|  179|          64|          64|
    |ashr_ln100_4_fu_327_p2                                                                |      ashr|   0|  0|  179|          64|          64|
    |ashr_ln100_5_fu_352_p2                                                                |      ashr|   0|  0|  179|          64|          64|
    |ashr_ln100_6_fu_377_p2                                                                |      ashr|   0|  0|  179|          64|          64|
    |ashr_ln100_7_fu_402_p2                                                                |      ashr|   0|  0|  179|          64|          64|
    |ashr_ln100_8_fu_427_p2                                                                |      ashr|   0|  0|  179|          64|          64|
    |ashr_ln100_9_fu_452_p2                                                                |      ashr|   0|  0|  179|          64|          64|
    |ashr_ln100_fu_227_p2                                                                  |      ashr|   0|  0|  179|          64|          64|
    |icmp_ln103_10_fu_1157_p2                                                              |      icmp|   0|  0|   32|          25|           1|
    |icmp_ln103_11_fu_1210_p2                                                              |      icmp|   0|  0|   32|          25|           1|
    |icmp_ln103_12_fu_1263_p2                                                              |      icmp|   0|  0|   32|          25|           1|
    |icmp_ln103_13_fu_1316_p2                                                              |      icmp|   0|  0|   32|          25|           1|
    |icmp_ln103_14_fu_1369_p2                                                              |      icmp|   0|  0|   32|          25|           1|
    |icmp_ln103_15_fu_1422_p2                                                              |      icmp|   0|  0|   32|          25|           1|
    |icmp_ln103_1_fu_680_p2                                                                |      icmp|   0|  0|   32|          25|           1|
    |icmp_ln103_2_fu_733_p2                                                                |      icmp|   0|  0|   32|          25|           1|
    |icmp_ln103_3_fu_786_p2                                                                |      icmp|   0|  0|   32|          25|           1|
    |icmp_ln103_4_fu_839_p2                                                                |      icmp|   0|  0|   32|          25|           1|
    |icmp_ln103_5_fu_892_p2                                                                |      icmp|   0|  0|   32|          25|           1|
    |icmp_ln103_6_fu_945_p2                                                                |      icmp|   0|  0|   32|          25|           1|
    |icmp_ln103_7_fu_998_p2                                                                |      icmp|   0|  0|   32|          25|           1|
    |icmp_ln103_8_fu_1051_p2                                                               |      icmp|   0|  0|   32|          25|           1|
    |icmp_ln103_9_fu_1104_p2                                                               |      icmp|   0|  0|   32|          25|           1|
    |icmp_ln103_fu_627_p2                                                                  |      icmp|   0|  0|   32|          25|           1|
    |icmp_ln105_10_fu_1163_p2                                                              |      icmp|   0|  0|   39|          32|           9|
    |icmp_ln105_11_fu_1216_p2                                                              |      icmp|   0|  0|   39|          32|           9|
    |icmp_ln105_12_fu_1269_p2                                                              |      icmp|   0|  0|   39|          32|           9|
    |icmp_ln105_13_fu_1322_p2                                                              |      icmp|   0|  0|   39|          32|           9|
    |icmp_ln105_14_fu_1375_p2                                                              |      icmp|   0|  0|   39|          32|           9|
    |icmp_ln105_15_fu_1428_p2                                                              |      icmp|   0|  0|   39|          32|           9|
    |icmp_ln105_1_fu_686_p2                                                                |      icmp|   0|  0|   39|          32|           9|
    |icmp_ln105_2_fu_739_p2                                                                |      icmp|   0|  0|   39|          32|           9|
    |icmp_ln105_3_fu_792_p2                                                                |      icmp|   0|  0|   39|          32|           9|
    |icmp_ln105_4_fu_845_p2                                                                |      icmp|   0|  0|   39|          32|           9|
    |icmp_ln105_5_fu_898_p2                                                                |      icmp|   0|  0|   39|          32|           9|
    |icmp_ln105_6_fu_951_p2                                                                |      icmp|   0|  0|   39|          32|           9|
    |icmp_ln105_7_fu_1004_p2                                                               |      icmp|   0|  0|   39|          32|           9|
    |icmp_ln105_8_fu_1057_p2                                                               |      icmp|   0|  0|   39|          32|           9|
    |icmp_ln105_9_fu_1110_p2                                                               |      icmp|   0|  0|   39|          32|           9|
    |icmp_ln105_fu_633_p2                                                                  |      icmp|   0|  0|   39|          32|           9|
    |or_ln103_10_fu_1181_p2                                                                |        or|   0|  0|    2|           1|           1|
    |or_ln103_11_fu_1234_p2                                                                |        or|   0|  0|    2|           1|           1|
    |or_ln103_12_fu_1287_p2                                                                |        or|   0|  0|    2|           1|           1|
    |or_ln103_13_fu_1340_p2                                                                |        or|   0|  0|    2|           1|           1|
    |or_ln103_14_fu_1393_p2                                                                |        or|   0|  0|    2|           1|           1|
    |or_ln103_15_fu_1446_p2                                                                |        or|   0|  0|    2|           1|           1|
    |or_ln103_1_fu_704_p2                                                                  |        or|   0|  0|    2|           1|           1|
    |or_ln103_2_fu_757_p2                                                                  |        or|   0|  0|    2|           1|           1|
    |or_ln103_3_fu_810_p2                                                                  |        or|   0|  0|    2|           1|           1|
    |or_ln103_4_fu_863_p2                                                                  |        or|   0|  0|    2|           1|           1|
    |or_ln103_5_fu_916_p2                                                                  |        or|   0|  0|    2|           1|           1|
    |or_ln103_6_fu_969_p2                                                                  |        or|   0|  0|    2|           1|           1|
    |or_ln103_7_fu_1022_p2                                                                 |        or|   0|  0|    2|           1|           1|
    |or_ln103_8_fu_1075_p2                                                                 |        or|   0|  0|    2|           1|           1|
    |or_ln103_9_fu_1128_p2                                                                 |        or|   0|  0|    2|           1|           1|
    |or_ln103_fu_651_p2                                                                    |        or|   0|  0|    2|           1|           1|
    |compute_controller_ControlMemSpace_bool_unsigned_int_bool_bool_bool_bool_20           |    select|   0|  0|    8|           1|           8|
    |compute_controller_ControlMemSpace_bool_unsigned_int_bool_bool_bool_bool_21           |    select|   0|  0|    8|           1|           8|
    |compute_controller_ControlMemSpace_bool_unsigned_int_bool_bool_bool_bool_22           |    select|   0|  0|    8|           1|           8|
    |compute_controller_ControlMemSpace_bool_unsigned_int_bool_bool_bool_bool_23           |    select|   0|  0|    8|           1|           8|
    |compute_controller_ControlMemSpace_bool_unsigned_int_bool_bool_bool_bool_24           |    select|   0|  0|    8|           1|           8|
    |compute_controller_ControlMemSpace_bool_unsigned_int_bool_bool_bool_bool_25           |    select|   0|  0|    8|           1|           8|
    |compute_controller_ControlMemSpace_bool_unsigned_int_bool_bool_bool_bool_26           |    select|   0|  0|    8|           1|           8|
    |compute_controller_ControlMemSpace_bool_unsigned_int_bool_bool_bool_bool_27           |    select|   0|  0|    8|           1|           8|
    |compute_controller_ControlMemSpace_bool_unsigned_int_bool_bool_bool_bool_28           |    select|   0|  0|    8|           1|           8|
    |compute_controller_ControlMemSpace_bool_unsigned_int_bool_bool_bool_bool_29           |    select|   0|  0|    8|           1|           8|
    |p_ZZ18compute_controller15ControlMemSpacebjRbS0_bS0_S0_RjPKhPhR12ComputeStateS1_R_48  |    select|   0|  0|    8|           1|           8|
    |p_ZZ18compute_controller15ControlMemSpacebjRbS0_bS0_S0_RjPKhPhR12ComputeStateS1_R_49  |    select|   0|  0|    8|           1|           8|
    |p_ZZ18compute_controller15ControlMemSpacebjRbS0_bS0_S0_RjPKhPhR12ComputeStateS1_R_50  |    select|   0|  0|    8|           1|           8|
    |p_ZZ18compute_controller15ControlMemSpacebjRbS0_bS0_S0_RjPKhPhR12ComputeStateS1_R_51  |    select|   0|  0|    8|           1|           8|
    |p_ZZ18compute_controller15ControlMemSpacebjRbS0_bS0_S0_RjPKhPhR12ComputeStateS1_R_52  |    select|   0|  0|    8|           1|           8|
    |p_ZZ18compute_controller15ControlMemSpacebjRbS0_bS0_S0_RjPKhPhR12ComputeStateS1_R_53  |    select|   0|  0|    8|           1|           8|
    |select_ln103_16_fu_643_p3                                                             |    select|   0|  0|    9|           1|           7|
    |select_ln103_17_fu_696_p3                                                             |    select|   0|  0|    9|           1|           7|
    |select_ln103_18_fu_749_p3                                                             |    select|   0|  0|    9|           1|           7|
    |select_ln103_19_fu_802_p3                                                             |    select|   0|  0|    9|           1|           7|
    |select_ln103_20_fu_855_p3                                                             |    select|   0|  0|    9|           1|           7|
    |select_ln103_21_fu_908_p3                                                             |    select|   0|  0|    9|           1|           7|
    |select_ln103_22_fu_961_p3                                                             |    select|   0|  0|    9|           1|           7|
    |select_ln103_23_fu_1014_p3                                                            |    select|   0|  0|    9|           1|           7|
    |select_ln103_24_fu_1067_p3                                                            |    select|   0|  0|    9|           1|           7|
    |select_ln103_25_fu_1120_p3                                                            |    select|   0|  0|    9|           1|           7|
    |select_ln103_26_fu_1173_p3                                                            |    select|   0|  0|    9|           1|           7|
    |select_ln103_27_fu_1226_p3                                                            |    select|   0|  0|    9|           1|           7|
    |select_ln103_28_fu_1279_p3                                                            |    select|   0|  0|    9|           1|           7|
    |select_ln103_29_fu_1332_p3                                                            |    select|   0|  0|    9|           1|           7|
    |select_ln103_30_fu_1385_p3                                                            |    select|   0|  0|    9|           1|           7|
    |select_ln103_31_fu_1438_p3                                                            |    select|   0|  0|    9|           1|           7|
    |rounded_fu_202_p2                                                                     |       shl|   0|  0|  179|           1|          64|
    +--------------------------------------------------------------------------------------+----------+----+---+-----+------------+------------+
    |Total                                                                                 |          |   0|  0| 6282|        3553|        3042|
    +--------------------------------------------------------------------------------------+----------+----+---+-----+------------+------------+

    * Multiplexer: 
    +-----------+----+-----------+-----+-----------+
    |    Name   | LUT| Input Size| Bits| Total Bits|
    +-----------+----+-----------+-----+-----------+
    |ap_NS_fsm  |  14|          3|    1|          3|
    +-----------+----+-----------+-----+-----------+
    |Total      |  14|          3|    1|          3|
    +-----------+----+-----------+-----+-----------+

    * Register: 
    +--------------------+----+----+-----+-----------+
    |        Name        | FF | LUT| Bits| Const Bits|
    +--------------------+----+----+-----+-----------+
    |ap_CS_fsm           |   2|   0|    2|          0|
    |scaled_30_reg_1631  |  32|   0|   32|          0|
    |scaled_31_reg_1561  |  32|   0|   32|          0|
    |scaled_32_reg_1566  |  32|   0|   32|          0|
    |scaled_33_reg_1571  |  32|   0|   32|          0|
    |scaled_34_reg_1576  |  32|   0|   32|          0|
    |scaled_35_reg_1581  |  32|   0|   32|          0|
    |scaled_36_reg_1586  |  32|   0|   32|          0|
    |scaled_37_reg_1591  |  32|   0|   32|          0|
    |scaled_38_reg_1596  |  32|   0|   32|          0|
    |scaled_39_reg_1601  |  32|   0|   32|          0|
    |scaled_40_reg_1606  |  32|   0|   32|          0|
    |scaled_41_reg_1611  |  32|   0|   32|          0|
    |scaled_42_reg_1616  |  32|   0|   32|          0|
    |scaled_43_reg_1621  |  32|   0|   32|          0|
    |scaled_44_reg_1626  |  32|   0|   32|          0|
    |scaled_reg_1556     |  32|   0|   32|          0|
    +--------------------+----+----+-----+-----------+
    |Total               | 514|   0|  514|          0|
    +--------------------+----+----+-----+-----------+



================================================================
== Interface
================================================================
* Summary: 
+---------------------------------------------------------------------------------------------+-----+-----+------------+--------------------------------------------------------------------------------------+--------------+
|                                          RTL Ports                                          | Dir | Bits|  Protocol  |                                     Source Object                                    |    C Type    |
+---------------------------------------------------------------------------------------------+-----+-----+------------+--------------------------------------------------------------------------------------+--------------+
|ap_clk                                                                                       |   in|    1|  ap_ctrl_hs|                                                         REQUANT_D_MODEL_int32_to_int8|  return value|
|ap_rst                                                                                       |   in|    1|  ap_ctrl_hs|                                                         REQUANT_D_MODEL_int32_to_int8|  return value|
|ap_start                                                                                     |   in|    1|  ap_ctrl_hs|                                                         REQUANT_D_MODEL_int32_to_int8|  return value|
|ap_done                                                                                      |  out|    1|  ap_ctrl_hs|                                                         REQUANT_D_MODEL_int32_to_int8|  return value|
|ap_idle                                                                                      |  out|    1|  ap_ctrl_hs|                                                         REQUANT_D_MODEL_int32_to_int8|  return value|
|ap_ready                                                                                     |  out|    1|  ap_ctrl_hs|                                                         REQUANT_D_MODEL_int32_to_int8|  return value|
|M                                                                                            |   in|   32|     ap_none|                                                                                     M|        scalar|
|n                                                                                            |   in|   32|     ap_none|                                                                                     n|        scalar|
|z_out                                                                                        |   in|   32|     ap_none|                                                                                 z_out|        scalar|
|compute_controller_ControlMemSpace_bool_unsigned_int_bool_bool_bool_bool_49                  |   in|   32|     ap_none|           compute_controller_ControlMemSpace_bool_unsigned_int_bool_bool_bool_bool_49|       pointer|
|compute_controller_ControlMemSpace_bool_unsigned_int_bool_bool_bool_bool_48                  |   in|   32|     ap_none|           compute_controller_ControlMemSpace_bool_unsigned_int_bool_bool_bool_bool_48|       pointer|
|compute_controller_ControlMemSpace_bool_unsigned_int_bool_bool_bool_bool_47                  |   in|   32|     ap_none|           compute_controller_ControlMemSpace_bool_unsigned_int_bool_bool_bool_bool_47|       pointer|
|compute_controller_ControlMemSpace_bool_unsigned_int_bool_bool_bool_bool_46                  |   in|   32|     ap_none|           compute_controller_ControlMemSpace_bool_unsigned_int_bool_bool_bool_bool_46|       pointer|
|compute_controller_ControlMemSpace_bool_unsigned_int_bool_bool_bool_bool_45                  |   in|   32|     ap_none|           compute_controller_ControlMemSpace_bool_unsigned_int_bool_bool_bool_bool_45|       pointer|
|compute_controller_ControlMemSpace_bool_unsigned_int_bool_bool_bool_bool_44                  |   in|   32|     ap_none|           compute_controller_ControlMemSpace_bool_unsigned_int_bool_bool_bool_bool_44|       pointer|
|compute_controller_ControlMemSpace_bool_unsigned_int_bool_bool_bool_bool_43                  |   in|   32|     ap_none|           compute_controller_ControlMemSpace_bool_unsigned_int_bool_bool_bool_bool_43|       pointer|
|compute_controller_ControlMemSpace_bool_unsigned_int_bool_bool_bool_bool_42                  |   in|   32|     ap_none|           compute_controller_ControlMemSpace_bool_unsigned_int_bool_bool_bool_bool_42|       pointer|
|compute_controller_ControlMemSpace_bool_unsigned_int_bool_bool_bool_bool_41                  |   in|   32|     ap_none|           compute_controller_ControlMemSpace_bool_unsigned_int_bool_bool_bool_bool_41|       pointer|
|compute_controller_ControlMemSpace_bool_unsigned_int_bool_bool_bool_bool_40                  |   in|   32|     ap_none|           compute_controller_ControlMemSpace_bool_unsigned_int_bool_bool_bool_bool_40|       pointer|
|p_ZZ18compute_controller15ControlMemSpacebjRbS0_bS0_S0_RjPKhPhR12ComputeStateS1_R_47         |   in|   32|     ap_none|  p_ZZ18compute_controller15ControlMemSpacebjRbS0_bS0_S0_RjPKhPhR12ComputeStateS1_R_47|       pointer|
|p_ZZ18compute_controller15ControlMemSpacebjRbS0_bS0_S0_RjPKhPhR12ComputeStateS1_R_46         |   in|   32|     ap_none|  p_ZZ18compute_controller15ControlMemSpacebjRbS0_bS0_S0_RjPKhPhR12ComputeStateS1_R_46|       pointer|
|p_ZZ18compute_controller15ControlMemSpacebjRbS0_bS0_S0_RjPKhPhR12ComputeStateS1_R_45         |   in|   32|     ap_none|  p_ZZ18compute_controller15ControlMemSpacebjRbS0_bS0_S0_RjPKhPhR12ComputeStateS1_R_45|       pointer|
|p_ZZ18compute_controller15ControlMemSpacebjRbS0_bS0_S0_RjPKhPhR12ComputeStateS1_R_44         |   in|   32|     ap_none|  p_ZZ18compute_controller15ControlMemSpacebjRbS0_bS0_S0_RjPKhPhR12ComputeStateS1_R_44|       pointer|
|p_ZZ18compute_controller15ControlMemSpacebjRbS0_bS0_S0_RjPKhPhR12ComputeStateS1_R_43         |   in|   32|     ap_none|  p_ZZ18compute_controller15ControlMemSpacebjRbS0_bS0_S0_RjPKhPhR12ComputeStateS1_R_43|       pointer|
|p_ZZ18compute_controller15ControlMemSpacebjRbS0_bS0_S0_RjPKhPhR12ComputeStateS1_R_42         |   in|   32|     ap_none|  p_ZZ18compute_controller15ControlMemSpacebjRbS0_bS0_S0_RjPKhPhR12ComputeStateS1_R_42|       pointer|
|compute_controller_ControlMemSpace_bool_unsigned_int_bool_bool_bool_bool_29                  |  out|    8|      ap_vld|           compute_controller_ControlMemSpace_bool_unsigned_int_bool_bool_bool_bool_29|       pointer|
|compute_controller_ControlMemSpace_bool_unsigned_int_bool_bool_bool_bool_29_ap_vld           |  out|    1|      ap_vld|           compute_controller_ControlMemSpace_bool_unsigned_int_bool_bool_bool_bool_29|       pointer|
|compute_controller_ControlMemSpace_bool_unsigned_int_bool_bool_bool_bool_28                  |  out|    8|      ap_vld|           compute_controller_ControlMemSpace_bool_unsigned_int_bool_bool_bool_bool_28|       pointer|
|compute_controller_ControlMemSpace_bool_unsigned_int_bool_bool_bool_bool_28_ap_vld           |  out|    1|      ap_vld|           compute_controller_ControlMemSpace_bool_unsigned_int_bool_bool_bool_bool_28|       pointer|
|compute_controller_ControlMemSpace_bool_unsigned_int_bool_bool_bool_bool_27                  |  out|    8|      ap_vld|           compute_controller_ControlMemSpace_bool_unsigned_int_bool_bool_bool_bool_27|       pointer|
|compute_controller_ControlMemSpace_bool_unsigned_int_bool_bool_bool_bool_27_ap_vld           |  out|    1|      ap_vld|           compute_controller_ControlMemSpace_bool_unsigned_int_bool_bool_bool_bool_27|       pointer|
|compute_controller_ControlMemSpace_bool_unsigned_int_bool_bool_bool_bool_26                  |  out|    8|      ap_vld|           compute_controller_ControlMemSpace_bool_unsigned_int_bool_bool_bool_bool_26|       pointer|
|compute_controller_ControlMemSpace_bool_unsigned_int_bool_bool_bool_bool_26_ap_vld           |  out|    1|      ap_vld|           compute_controller_ControlMemSpace_bool_unsigned_int_bool_bool_bool_bool_26|       pointer|
|compute_controller_ControlMemSpace_bool_unsigned_int_bool_bool_bool_bool_25                  |  out|    8|      ap_vld|           compute_controller_ControlMemSpace_bool_unsigned_int_bool_bool_bool_bool_25|       pointer|
|compute_controller_ControlMemSpace_bool_unsigned_int_bool_bool_bool_bool_25_ap_vld           |  out|    1|      ap_vld|           compute_controller_ControlMemSpace_bool_unsigned_int_bool_bool_bool_bool_25|       pointer|
|compute_controller_ControlMemSpace_bool_unsigned_int_bool_bool_bool_bool_24                  |  out|    8|      ap_vld|           compute_controller_ControlMemSpace_bool_unsigned_int_bool_bool_bool_bool_24|       pointer|
|compute_controller_ControlMemSpace_bool_unsigned_int_bool_bool_bool_bool_24_ap_vld           |  out|    1|      ap_vld|           compute_controller_ControlMemSpace_bool_unsigned_int_bool_bool_bool_bool_24|       pointer|
|compute_controller_ControlMemSpace_bool_unsigned_int_bool_bool_bool_bool_23                  |  out|    8|      ap_vld|           compute_controller_ControlMemSpace_bool_unsigned_int_bool_bool_bool_bool_23|       pointer|
|compute_controller_ControlMemSpace_bool_unsigned_int_bool_bool_bool_bool_23_ap_vld           |  out|    1|      ap_vld|           compute_controller_ControlMemSpace_bool_unsigned_int_bool_bool_bool_bool_23|       pointer|
|compute_controller_ControlMemSpace_bool_unsigned_int_bool_bool_bool_bool_22                  |  out|    8|      ap_vld|           compute_controller_ControlMemSpace_bool_unsigned_int_bool_bool_bool_bool_22|       pointer|
|compute_controller_ControlMemSpace_bool_unsigned_int_bool_bool_bool_bool_22_ap_vld           |  out|    1|      ap_vld|           compute_controller_ControlMemSpace_bool_unsigned_int_bool_bool_bool_bool_22|       pointer|
|compute_controller_ControlMemSpace_bool_unsigned_int_bool_bool_bool_bool_21                  |  out|    8|      ap_vld|           compute_controller_ControlMemSpace_bool_unsigned_int_bool_bool_bool_bool_21|       pointer|
|compute_controller_ControlMemSpace_bool_unsigned_int_bool_bool_bool_bool_21_ap_vld           |  out|    1|      ap_vld|           compute_controller_ControlMemSpace_bool_unsigned_int_bool_bool_bool_bool_21|       pointer|
|compute_controller_ControlMemSpace_bool_unsigned_int_bool_bool_bool_bool_20                  |  out|    8|      ap_vld|           compute_controller_ControlMemSpace_bool_unsigned_int_bool_bool_bool_bool_20|       pointer|
|compute_controller_ControlMemSpace_bool_unsigned_int_bool_bool_bool_bool_20_ap_vld           |  out|    1|      ap_vld|           compute_controller_ControlMemSpace_bool_unsigned_int_bool_bool_bool_bool_20|       pointer|
|p_ZZ18compute_controller15ControlMemSpacebjRbS0_bS0_S0_RjPKhPhR12ComputeStateS1_R_53         |  out|    8|      ap_vld|  p_ZZ18compute_controller15ControlMemSpacebjRbS0_bS0_S0_RjPKhPhR12ComputeStateS1_R_53|       pointer|
|p_ZZ18compute_controller15ControlMemSpacebjRbS0_bS0_S0_RjPKhPhR12ComputeStateS1_R_53_ap_vld  |  out|    1|      ap_vld|  p_ZZ18compute_controller15ControlMemSpacebjRbS0_bS0_S0_RjPKhPhR12ComputeStateS1_R_53|       pointer|
|p_ZZ18compute_controller15ControlMemSpacebjRbS0_bS0_S0_RjPKhPhR12ComputeStateS1_R_52         |  out|    8|      ap_vld|  p_ZZ18compute_controller15ControlMemSpacebjRbS0_bS0_S0_RjPKhPhR12ComputeStateS1_R_52|       pointer|
|p_ZZ18compute_controller15ControlMemSpacebjRbS0_bS0_S0_RjPKhPhR12ComputeStateS1_R_52_ap_vld  |  out|    1|      ap_vld|  p_ZZ18compute_controller15ControlMemSpacebjRbS0_bS0_S0_RjPKhPhR12ComputeStateS1_R_52|       pointer|
|p_ZZ18compute_controller15ControlMemSpacebjRbS0_bS0_S0_RjPKhPhR12ComputeStateS1_R_51         |  out|    8|      ap_vld|  p_ZZ18compute_controller15ControlMemSpacebjRbS0_bS0_S0_RjPKhPhR12ComputeStateS1_R_51|       pointer|
|p_ZZ18compute_controller15ControlMemSpacebjRbS0_bS0_S0_RjPKhPhR12ComputeStateS1_R_51_ap_vld  |  out|    1|      ap_vld|  p_ZZ18compute_controller15ControlMemSpacebjRbS0_bS0_S0_RjPKhPhR12ComputeStateS1_R_51|       pointer|
|p_ZZ18compute_controller15ControlMemSpacebjRbS0_bS0_S0_RjPKhPhR12ComputeStateS1_R_50         |  out|    8|      ap_vld|  p_ZZ18compute_controller15ControlMemSpacebjRbS0_bS0_S0_RjPKhPhR12ComputeStateS1_R_50|       pointer|
|p_ZZ18compute_controller15ControlMemSpacebjRbS0_bS0_S0_RjPKhPhR12ComputeStateS1_R_50_ap_vld  |  out|    1|      ap_vld|  p_ZZ18compute_controller15ControlMemSpacebjRbS0_bS0_S0_RjPKhPhR12ComputeStateS1_R_50|       pointer|
|p_ZZ18compute_controller15ControlMemSpacebjRbS0_bS0_S0_RjPKhPhR12ComputeStateS1_R_49         |  out|    8|      ap_vld|  p_ZZ18compute_controller15ControlMemSpacebjRbS0_bS0_S0_RjPKhPhR12ComputeStateS1_R_49|       pointer|
|p_ZZ18compute_controller15ControlMemSpacebjRbS0_bS0_S0_RjPKhPhR12ComputeStateS1_R_49_ap_vld  |  out|    1|      ap_vld|  p_ZZ18compute_controller15ControlMemSpacebjRbS0_bS0_S0_RjPKhPhR12ComputeStateS1_R_49|       pointer|
|p_ZZ18compute_controller15ControlMemSpacebjRbS0_bS0_S0_RjPKhPhR12ComputeStateS1_R_48         |  out|    8|      ap_vld|  p_ZZ18compute_controller15ControlMemSpacebjRbS0_bS0_S0_RjPKhPhR12ComputeStateS1_R_48|       pointer|
|p_ZZ18compute_controller15ControlMemSpacebjRbS0_bS0_S0_RjPKhPhR12ComputeStateS1_R_48_ap_vld  |  out|    1|      ap_vld|  p_ZZ18compute_controller15ControlMemSpacebjRbS0_bS0_S0_RjPKhPhR12ComputeStateS1_R_48|       pointer|
+---------------------------------------------------------------------------------------------+-----+-----+------------+--------------------------------------------------------------------------------------+--------------+

