Mon Nov 24 22:53:40 2025: Running xcd server. This server was built by gradle.
Mon Nov 24 22:53:40 2025: Server was asked to start on port: '33655'
Mon Nov 24 22:53:40 2025: Server is using token UUID: '2d77cfa8-c85e-48aa-b7a7-75c6adc0618b'
Mon Nov 24 22:53:40 2025: SESSION_MGR: creating session with session uuid: '6d04a3e9-ade5-4ab9-8d63-1f78fcd2ec76' and name 'default'
Mon Nov 24 22:53:40 2025: Attempting to start server on port '33655'
Mon Nov 24 22:53:40 2025: XCD main fifo: created main fifo '/tmp/xcdmain2d77cfa8-c85e-48aa-b7a7-75c6adc0618b', fd read = 12
Mon Nov 24 22:53:40 2025: Running Dispatch Server
Mon Nov 24 22:53:40 2025: Version 2.2.0
Mon Nov 24 22:53:41 2025: Dispatch Server: Accepted socket connection from client
Mon Nov 24 22:53:41 2025: Starting Socket connection
Mon Nov 24 22:53:41 2025: EXCHANGE_TOKEN received, server token: 2d77cfa8-c85e-48aa-b7a7-75c6adc0618b, passed token: 2d77cfa8-c85e-48aa-b7a7-75c6adc0618b
Mon Nov 24 22:53:41 2025: DISPATCH_HANDLER: Adding handler from function makeHandler in library libxv_system_diagram failed with exception: Could not dynamically load libxv_system_diagram.so
Mon Nov 24 22:53:41 2025: SESSION_MGR: creating session with session uuid: '9b6d1bad-de1e-4bea-88c5-86c3722b2a5b' and name 'vitis-run_compile_run_head_group'
Mon Nov 24 22:53:41 2025: KERNEL_SVC: creating session with uuid: '9b6d1bad-de1e-4bea-88c5-86c3722b2a5b' and name 'vitis-run_compile_run_head_group'
Mon Nov 24 22:53:41 2025: GUIDANCE_SMGR: creating guidance session with uuid: '9b6d1bad-de1e-4bea-88c5-86c3722b2a5b' and name 'vitis-run_compile_run_head_group'
Mon Nov 24 22:53:45 2025: Dispatch Server: Accepted socket connection from client
Mon Nov 24 22:53:45 2025: Starting Socket connection
Mon Nov 24 22:53:46 2025: SESSION_MGR: closing session for UUID '9b6d1bad-de1e-4bea-88c5-86c3722b2a5b' with name 'vitis-run_compile_run_head_group'
Mon Nov 24 22:53:46 2025: KERNEL_SVC: closing session for UUID '9b6d1bad-de1e-4bea-88c5-86c3722b2a5b' with name 'vitis-run_compile_run_head_group'
Mon Nov 24 22:53:46 2025: GUIDANCE_SMGR: closing session for UUID '9b6d1bad-de1e-4bea-88c5-86c3722b2a5b' with name 'vitis-run_compile_run_head_group'
Mon Nov 24 22:53:46 2025: STOP_SERVER received, server token: 2d77cfa8-c85e-48aa-b7a7-75c6adc0618b, passed token: 2d77cfa8-c85e-48aa-b7a7-75c6adc0618b
Mon Nov 24 22:53:46 2025: Socket received request to stop server.
Mon Nov 24 22:53:46 2025: Dispatch Server: do_await_stop
Mon Nov 24 22:53:46 2025: Dispatch Server: stopping mainFifo_
Mon Nov 24 22:53:46 2025: XCD main fifo: Stopping
Mon Nov 24 22:53:46 2025: XCD main fifo: do_read error code: Operation canceled
Mon Nov 24 22:53:46 2025: XCD main fifo: bytes_transferred: 0
Mon Nov 24 22:53:46 2025: SERVER: destructor for server bound to port 33655
Mon Nov 24 22:53:46 2025: XCD main fifo: Good unlink of /tmp/xcdmain2d77cfa8-c85e-48aa-b7a7-75c6adc0618b
Mon Nov 24 22:53:46 2025: Server exiting with status 0.
Mon Nov 24 22:53:46 2025: Closing log file.
Mon Nov 24 22:56:45 2025: Running xcd server. This server was built by gradle.
Mon Nov 24 22:56:45 2025: Server was asked to start on port: '36137'
Mon Nov 24 22:56:45 2025: Server is using token UUID: '346f6a04-c1fc-4cf7-b61f-a71f2e0a0820'
Mon Nov 24 22:56:45 2025: SESSION_MGR: creating session with session uuid: '6d04a3e9-ade5-4ab9-8d63-1f78fcd2ec76' and name 'default'
Mon Nov 24 22:56:45 2025: Attempting to start server on port '36137'
Mon Nov 24 22:56:45 2025: XCD main fifo: created main fifo '/tmp/xcdmain346f6a04-c1fc-4cf7-b61f-a71f2e0a0820', fd read = 12
Mon Nov 24 22:56:45 2025: Running Dispatch Server
Mon Nov 24 22:56:45 2025: Version 2.2.0
Mon Nov 24 22:56:46 2025: Dispatch Server: Accepted socket connection from client
Mon Nov 24 22:56:46 2025: Starting Socket connection
Mon Nov 24 22:56:46 2025: EXCHANGE_TOKEN received, server token: 346f6a04-c1fc-4cf7-b61f-a71f2e0a0820, passed token: 346f6a04-c1fc-4cf7-b61f-a71f2e0a0820
Mon Nov 24 22:56:46 2025: DISPATCH_HANDLER: Adding handler from function makeHandler in library libxv_system_diagram failed with exception: Could not dynamically load libxv_system_diagram.so
Mon Nov 24 22:56:46 2025: SESSION_MGR: creating session with session uuid: '74a378ac-6c02-4a16-b4d2-de6f86d39f17' and name 'v++_compile_run_head_group'
Mon Nov 24 22:56:46 2025: KERNEL_SVC: creating session with uuid: '74a378ac-6c02-4a16-b4d2-de6f86d39f17' and name 'v++_compile_run_head_group'
Mon Nov 24 22:56:46 2025: GUIDANCE_SMGR: creating guidance session with uuid: '74a378ac-6c02-4a16-b4d2-de6f86d39f17' and name 'v++_compile_run_head_group'
Mon Nov 24 22:56:50 2025: Dispatch Server: Accepted socket connection from client
Mon Nov 24 22:56:50 2025: Starting Socket connection
Mon Nov 24 22:57:00 2025: SESSION_MGR: closing session for UUID '74a378ac-6c02-4a16-b4d2-de6f86d39f17' with name 'v++_compile_run_head_group'
Mon Nov 24 22:57:00 2025: KERNEL_SVC: closing session for UUID '74a378ac-6c02-4a16-b4d2-de6f86d39f17' with name 'v++_compile_run_head_group'
Mon Nov 24 22:57:00 2025: GUIDANCE_SMGR: closing session for UUID '74a378ac-6c02-4a16-b4d2-de6f86d39f17' with name 'v++_compile_run_head_group'
Mon Nov 24 22:57:00 2025: STOP_SERVER received, server token: 346f6a04-c1fc-4cf7-b61f-a71f2e0a0820, passed token: 346f6a04-c1fc-4cf7-b61f-a71f2e0a0820
Mon Nov 24 22:57:00 2025: Socket received request to stop server.
Mon Nov 24 22:57:00 2025: Dispatch Server: do_await_stop
Mon Nov 24 22:57:00 2025: Dispatch Server: stopping mainFifo_
Mon Nov 24 22:57:00 2025: XCD main fifo: Stopping
Mon Nov 24 22:57:00 2025: XCD main fifo: do_read error code: Operation canceled
Mon Nov 24 22:57:00 2025: XCD main fifo: bytes_transferred: 0
Mon Nov 24 22:57:00 2025: SERVER: destructor for server bound to port 36137
Mon Nov 24 22:57:00 2025: XCD main fifo: Good unlink of /tmp/xcdmain346f6a04-c1fc-4cf7-b61f-a71f2e0a0820
Mon Nov 24 22:57:00 2025: Server exiting with status 0.
Mon Nov 24 22:57:00 2025: Closing log file.
Thu Nov 27 09:31:51 2025: Running xcd server. This server was built by gradle.
Thu Nov 27 09:31:51 2025: Server was asked to start on port: '43103'
Thu Nov 27 09:31:51 2025: Server is using token UUID: 'c309caab-d5d2-4608-bbb4-50d38af3feb6'
Thu Nov 27 09:31:51 2025: SESSION_MGR: creating session with session uuid: '6d04a3e9-ade5-4ab9-8d63-1f78fcd2ec76' and name 'default'
Thu Nov 27 09:31:51 2025: Attempting to start server on port '43103'
Thu Nov 27 09:31:51 2025: XCD main fifo: created main fifo '/tmp/xcdmainc309caab-d5d2-4608-bbb4-50d38af3feb6', fd read = 12
Thu Nov 27 09:31:51 2025: Running Dispatch Server
Thu Nov 27 09:31:51 2025: Version 2.2.0
Thu Nov 27 09:31:52 2025: Dispatch Server: Accepted socket connection from client
Thu Nov 27 09:31:52 2025: Starting Socket connection
Thu Nov 27 09:31:52 2025: EXCHANGE_TOKEN received, server token: c309caab-d5d2-4608-bbb4-50d38af3feb6, passed token: c309caab-d5d2-4608-bbb4-50d38af3feb6
Thu Nov 27 09:31:52 2025: DISPATCH_HANDLER: Adding handler from function makeHandler in library libxv_system_diagram failed with exception: Could not dynamically load libxv_system_diagram.so
Thu Nov 27 09:31:52 2025: SESSION_MGR: creating session with session uuid: 'fe136b2e-3da7-4266-8a75-5be1f2745b80' and name 'vitis-run_compile_run_head_group'
Thu Nov 27 09:31:52 2025: KERNEL_SVC: creating session with uuid: 'fe136b2e-3da7-4266-8a75-5be1f2745b80' and name 'vitis-run_compile_run_head_group'
Thu Nov 27 09:31:52 2025: GUIDANCE_SMGR: creating guidance session with uuid: 'fe136b2e-3da7-4266-8a75-5be1f2745b80' and name 'vitis-run_compile_run_head_group'
Thu Nov 27 09:31:56 2025: Dispatch Server: Accepted socket connection from client
Thu Nov 27 09:31:56 2025: Starting Socket connection
Thu Nov 27 09:31:57 2025: SESSION_MGR: closing session for UUID 'fe136b2e-3da7-4266-8a75-5be1f2745b80' with name 'vitis-run_compile_run_head_group'
Thu Nov 27 09:31:57 2025: KERNEL_SVC: closing session for UUID 'fe136b2e-3da7-4266-8a75-5be1f2745b80' with name 'vitis-run_compile_run_head_group'
Thu Nov 27 09:31:57 2025: GUIDANCE_SMGR: closing session for UUID 'fe136b2e-3da7-4266-8a75-5be1f2745b80' with name 'vitis-run_compile_run_head_group'
Thu Nov 27 09:31:57 2025: STOP_SERVER received, server token: c309caab-d5d2-4608-bbb4-50d38af3feb6, passed token: c309caab-d5d2-4608-bbb4-50d38af3feb6
Thu Nov 27 09:31:57 2025: Socket received request to stop server.
Thu Nov 27 09:31:57 2025: Dispatch Server: do_await_stop
Thu Nov 27 09:31:57 2025: Dispatch Server: stopping mainFifo_
Thu Nov 27 09:31:57 2025: XCD main fifo: Stopping
Thu Nov 27 09:31:57 2025: XCD main fifo: do_read error code: Operation canceled
Thu Nov 27 09:31:57 2025: XCD main fifo: bytes_transferred: 0
Thu Nov 27 09:31:57 2025: SERVER: destructor for server bound to port 43103
Thu Nov 27 09:31:57 2025: XCD main fifo: Good unlink of /tmp/xcdmainc309caab-d5d2-4608-bbb4-50d38af3feb6
Thu Nov 27 09:31:57 2025: Server exiting with status 0.
Thu Nov 27 09:31:57 2025: Closing log file.
Sun Dec  7 15:47:19 2025: Running xcd server. This server was built by gradle.
Sun Dec  7 15:47:19 2025: Server was asked to start on port: '33417'
Sun Dec  7 15:47:19 2025: Server is using token UUID: '1002d341-120f-4342-aff6-857419a7eb21'
Sun Dec  7 15:47:19 2025: SESSION_MGR: creating session with session uuid: '6d04a3e9-ade5-4ab9-8d63-1f78fcd2ec76' and name 'default'
Sun Dec  7 15:47:19 2025: Attempting to start server on port '33417'
Sun Dec  7 15:47:19 2025: XCD main fifo: created main fifo '/tmp/xcdmain1002d341-120f-4342-aff6-857419a7eb21', fd read = 12
Sun Dec  7 15:47:19 2025: Running Dispatch Server
Sun Dec  7 15:47:19 2025: Version 2.2.0
Sun Dec  7 15:47:21 2025: Dispatch Server: Accepted socket connection from client
Sun Dec  7 15:47:21 2025: Starting Socket connection
Sun Dec  7 15:47:21 2025: EXCHANGE_TOKEN received, server token: 1002d341-120f-4342-aff6-857419a7eb21, passed token: 1002d341-120f-4342-aff6-857419a7eb21
Sun Dec  7 15:47:21 2025: DISPATCH_HANDLER: Adding handler from function makeHandler in library libxv_system_diagram failed with exception: Could not dynamically load libxv_system_diagram.so
Sun Dec  7 15:47:21 2025: SESSION_MGR: creating session with session uuid: '5b409f4a-95e2-4ad4-b840-9431fe40cecb' and name 'vitis-run_compile_run_head_group'
Sun Dec  7 15:47:21 2025: KERNEL_SVC: creating session with uuid: '5b409f4a-95e2-4ad4-b840-9431fe40cecb' and name 'vitis-run_compile_run_head_group'
Sun Dec  7 15:47:21 2025: GUIDANCE_SMGR: creating guidance session with uuid: '5b409f4a-95e2-4ad4-b840-9431fe40cecb' and name 'vitis-run_compile_run_head_group'
Sun Dec  7 15:47:25 2025: Dispatch Server: Accepted socket connection from client
Sun Dec  7 15:47:25 2025: Starting Socket connection
Sun Dec  7 15:47:25 2025: SESSION_MGR: closing session for UUID '5b409f4a-95e2-4ad4-b840-9431fe40cecb' with name 'vitis-run_compile_run_head_group'
Sun Dec  7 15:47:25 2025: KERNEL_SVC: closing session for UUID '5b409f4a-95e2-4ad4-b840-9431fe40cecb' with name 'vitis-run_compile_run_head_group'
Sun Dec  7 15:47:25 2025: GUIDANCE_SMGR: closing session for UUID '5b409f4a-95e2-4ad4-b840-9431fe40cecb' with name 'vitis-run_compile_run_head_group'
Sun Dec  7 15:47:25 2025: STOP_SERVER received, server token: 1002d341-120f-4342-aff6-857419a7eb21, passed token: 1002d341-120f-4342-aff6-857419a7eb21
Sun Dec  7 15:47:25 2025: Socket received request to stop server.
Sun Dec  7 15:47:25 2025: Dispatch Server: do_await_stop
Sun Dec  7 15:47:25 2025: Dispatch Server: stopping mainFifo_
Sun Dec  7 15:47:25 2025: XCD main fifo: Stopping
Sun Dec  7 15:47:25 2025: XCD main fifo: do_read error code: Operation canceled
Sun Dec  7 15:47:25 2025: XCD main fifo: bytes_transferred: 0
Sun Dec  7 15:47:25 2025: SERVER: destructor for server bound to port 33417
Sun Dec  7 15:47:25 2025: XCD main fifo: Good unlink of /tmp/xcdmain1002d341-120f-4342-aff6-857419a7eb21
Sun Dec  7 15:47:25 2025: Server exiting with status 0.
Sun Dec  7 15:47:25 2025: Closing log file.
