

================================================================
== Vitis HLS Report for 'compute_controller_Pipeline_VITIS_LOOP_518_22'
================================================================
* Date:           Sat Jan 24 18:00:29 2026

* Version:        2025.1 (Build 6135595 on May 21 2025)
* Project:        compute_controller
* Solution:       hls (Vivado IP Flow Target)
* Product family: zynquplus
* Target device:  xck26-sfvc784-2LV-c


================================================================
== Performance Estimates
================================================================
+ Timing: 
    * Summary: 
    +--------+----------+----------+------------+
    |  Clock |  Target  | Estimated| Uncertainty|
    +--------+----------+----------+------------+
    |ap_clk  |  10.00 ns|  2.451 ns|     2.70 ns|
    +--------+----------+----------+------------+

+ Latency: 
    * Summary: 
    +---------+---------+----------+----------+-----+-----+------------------------------------------------+
    |  Latency (cycles) |  Latency (absolute) |  Interval |                    Pipeline                    |
    |   min   |   max   |    min   |    max   | min | max |                      Type                      |
    +---------+---------+----------+----------+-----+-----+------------------------------------------------+
    |      579|      579|  5.790 us|  5.790 us|  578|  578|  loop auto-rewind stp (delay=0 clock cycles(s))|
    +---------+---------+----------+----------+-----+-----+------------------------------------------------+

    + Detail: 
        * Instance: 
        N/A

        * Loop: 
        +---------------------+---------+---------+----------+-----------+-----------+------+----------+
        |                     |  Latency (cycles) | Iteration|  Initiation Interval  | Trip |          |
        |      Loop Name      |   min   |   max   |  Latency |  achieved |   target  | Count| Pipelined|
        +---------------------+---------+---------+----------+-----------+-----------+------+----------+
        |- VITIS_LOOP_518_22  |      577|      577|         4|          3|          1|   192|       yes|
        +---------------------+---------+---------+----------+-----------+-----------+------+----------+

============================================================
+ Verbose Summary: Synthesis Manager
============================================================
InlineROM: 1
ExposeGlobal: 0
============================================================
+ Verbose Summary: CDFG Model
============================================================
IsTopModel: 0
ResetActiveHigh: 1
IsCombinational: 0
IsDatapathOnly: 0
HasWiredReturn: 1
HasMFsm: 2
HasVarLatency: 1
IsPipeline: 0
IsRtlPipelined: 0
IsInstanceOverlapped: 0
IsDontTouch: 0
HasImplIP: 0
IsGatedGlobalClock: 0

+ Individual pipeline summary: 
  * Pipeline-0: initiation interval (II) = 3, depth = 4


============================================================
+ Verbose Summary: Schedule
============================================================
* Number of FSM states : 4
* Pipeline : 1
  Pipeline-0 : II = 3, D = 4, States = { 1 2 3 4 }
* Dataflow Pipeline: 0

* FSM state transitions: 
1 --> 2 
2 --> 3 
3 --> 4 
4 --> 

* FSM state operations: 

State 1 <SV = 0> <Delay = 2.45>
ST_1 : Operation 7 [1/1] (0.00ns)   --->   "%i_3 = alloca i32 1" [/home/luka/Scripting/ELEC_498-Capstone-LiteLM/HLS-Verilog/Transformer_logic/src-hls/../../top_params.hpp:575->/home/luka/Scripting/ELEC_498-Capstone-LiteLM/HLS-Verilog/Transformer_logic/src-hls/compute_controller.cpp:521]   --->   Operation 7 'alloca' 'i_3' <Predicate = true> <Delay = 0.00>
ST_1 : Operation 8 [1/1] (0.00ns)   --->   "%specinterface_ln0 = specinterface void @_ssdm_op_SpecInterface, i8 %in_buf, void @empty_22, i32 0, i32 0, void @empty_15, i32 4294967295, i32 0, void @empty_15, void @empty_15, void @empty_15, i32 0, i32 0, i32 0, i32 0, void @empty_15, void @empty_15, i32 4294967295, i32 0, i32 0"   --->   Operation 8 'specinterface' 'specinterface_ln0' <Predicate = true> <Delay = 0.00>
ST_1 : Operation 9 [1/1] (0.42ns)   --->   "%store_ln575 = store i8 0, i8 %i_3" [/home/luka/Scripting/ELEC_498-Capstone-LiteLM/HLS-Verilog/Transformer_logic/src-hls/../../top_params.hpp:575->/home/luka/Scripting/ELEC_498-Capstone-LiteLM/HLS-Verilog/Transformer_logic/src-hls/compute_controller.cpp:521]   --->   Operation 9 'store' 'store_ln575' <Predicate = true> <Delay = 0.42>
ST_1 : Operation 10 [1/1] (0.00ns)   --->   "%br_ln0 = br void %for.inc395"   --->   Operation 10 'br' 'br_ln0' <Predicate = true> <Delay = 0.00>
ST_1 : Operation 11 [1/1] (0.00ns)   --->   "%i = load i8 %i_3" [/home/luka/Scripting/ELEC_498-Capstone-LiteLM/HLS-Verilog/Transformer_logic/src-hls/compute_controller.cpp:518]   --->   Operation 11 'load' 'i' <Predicate = true> <Delay = 0.00>
ST_1 : Operation 12 [1/1] (0.76ns)   --->   "%icmp_ln518 = icmp_eq  i8 %i, i8 192" [/home/luka/Scripting/ELEC_498-Capstone-LiteLM/HLS-Verilog/Transformer_logic/src-hls/compute_controller.cpp:518]   --->   Operation 12 'icmp' 'icmp_ln518' <Predicate = true> <Delay = 0.76> <CoreInst = "Cmp">   --->   Core 9 'Cmp' <Latency = 0> <II = 1> <Delay = 0.76> <FuncUnit> <Opcode : 'seteq' 'setne' 'setle' 'setge' 'setlt' 'setgt'> <InPorts = 2> <OutPorts = 1>
ST_1 : Operation 13 [1/1] (0.00ns)   --->   "%br_ln518 = br i1 %icmp_ln518, void %for.inc395.split, void %for.end397.exitStub" [/home/luka/Scripting/ELEC_498-Capstone-LiteLM/HLS-Verilog/Transformer_logic/src-hls/compute_controller.cpp:518]   --->   Operation 13 'br' 'br_ln518' <Predicate = true> <Delay = 0.00>
ST_1 : Operation 14 [1/1] (0.00ns)   --->   "%trunc_ln518 = trunc i8 %i" [/home/luka/Scripting/ELEC_498-Capstone-LiteLM/HLS-Verilog/Transformer_logic/src-hls/compute_controller.cpp:518]   --->   Operation 14 'trunc' 'trunc_ln518' <Predicate = (!icmp_ln518)> <Delay = 0.00>
ST_1 : Operation 15 [1/1] (0.00ns)   --->   "%zext_ln576 = zext i8 %i" [/home/luka/Scripting/ELEC_498-Capstone-LiteLM/HLS-Verilog/Transformer_logic/src-hls/../../top_params.hpp:576->/home/luka/Scripting/ELEC_498-Capstone-LiteLM/HLS-Verilog/Transformer_logic/src-hls/compute_controller.cpp:521]   --->   Operation 15 'zext' 'zext_ln576' <Predicate = (!icmp_ln518)> <Delay = 0.00>
ST_1 : Operation 16 [1/1] (0.00ns)   --->   "%in_buf_addr_3 = getelementptr i8 %in_buf, i64 0, i64 %zext_ln576" [/home/luka/Scripting/ELEC_498-Capstone-LiteLM/HLS-Verilog/Transformer_logic/src-hls/../../top_params.hpp:576->/home/luka/Scripting/ELEC_498-Capstone-LiteLM/HLS-Verilog/Transformer_logic/src-hls/compute_controller.cpp:521]   --->   Operation 16 'getelementptr' 'in_buf_addr_3' <Predicate = (!icmp_ln518)> <Delay = 0.00>
ST_1 : Operation 17 [2/2] (1.23ns)   --->   "%in_buf_load_3 = load i13 %in_buf_addr_3" [/home/luka/Scripting/ELEC_498-Capstone-LiteLM/HLS-Verilog/Transformer_logic/src-hls/../../top_params.hpp:576->/home/luka/Scripting/ELEC_498-Capstone-LiteLM/HLS-Verilog/Transformer_logic/src-hls/compute_controller.cpp:521]   --->   Operation 17 'load' 'in_buf_load_3' <Predicate = (!icmp_ln518)> <Delay = 1.23> <CoreInst = "RAM">   --->   Core 82 'RAM' <Latency = 1> <II = 1> <Delay = 1.23> <Storage> <Opcode : 'load' 'store'> <Ports = 2> <Width = 8> <Depth = 5088> <RAM>
ST_1 : Operation 18 [1/1] (0.00ns)   --->   "%shl_ln1 = bitconcatenate i10 @_ssdm_op_BitConcatenate.i10.i8.i2, i8 %i, i2 0" [/home/luka/Scripting/ELEC_498-Capstone-LiteLM/HLS-Verilog/Transformer_logic/src-hls/compute_controller.cpp:523]   --->   Operation 18 'bitconcatenate' 'shl_ln1' <Predicate = (!icmp_ln518)> <Delay = 0.00>
ST_1 : Operation 19 [1/1] (0.78ns)   --->   "%byte_addr = add i10 %shl_ln1, i10 192" [/home/luka/Scripting/ELEC_498-Capstone-LiteLM/HLS-Verilog/Transformer_logic/src-hls/compute_controller.cpp:523]   --->   Operation 19 'add' 'byte_addr' <Predicate = (!icmp_ln518)> <Delay = 0.78> <CoreInst = "Adder">   --->   Core 1 'Adder' <Latency = 0> <II = 1> <Delay = 0.78> <FuncUnit> <Opcode : 'add' 'sub'> <InPorts = 2> <OutPorts = 1>
ST_1 : Operation 20 [1/1] (0.00ns)   --->   "%zext_ln595 = zext i10 %byte_addr" [/home/luka/Scripting/ELEC_498-Capstone-LiteLM/HLS-Verilog/Transformer_logic/src-hls/../../top_params.hpp:595->/home/luka/Scripting/ELEC_498-Capstone-LiteLM/HLS-Verilog/Transformer_logic/src-hls/compute_controller.cpp:523]   --->   Operation 20 'zext' 'zext_ln595' <Predicate = (!icmp_ln518)> <Delay = 0.00>
ST_1 : Operation 21 [1/1] (0.00ns)   --->   "%in_buf_addr_4 = getelementptr i8 %in_buf, i64 0, i64 %zext_ln595" [/home/luka/Scripting/ELEC_498-Capstone-LiteLM/HLS-Verilog/Transformer_logic/src-hls/../../top_params.hpp:595->/home/luka/Scripting/ELEC_498-Capstone-LiteLM/HLS-Verilog/Transformer_logic/src-hls/compute_controller.cpp:523]   --->   Operation 21 'getelementptr' 'in_buf_addr_4' <Predicate = (!icmp_ln518)> <Delay = 0.00>
ST_1 : Operation 22 [2/2] (1.23ns)   --->   "%in_buf_load_4 = load i13 %in_buf_addr_4" [/home/luka/Scripting/ELEC_498-Capstone-LiteLM/HLS-Verilog/Transformer_logic/src-hls/../../top_params.hpp:595->/home/luka/Scripting/ELEC_498-Capstone-LiteLM/HLS-Verilog/Transformer_logic/src-hls/compute_controller.cpp:523]   --->   Operation 22 'load' 'in_buf_load_4' <Predicate = (!icmp_ln518)> <Delay = 1.23> <CoreInst = "RAM">   --->   Core 82 'RAM' <Latency = 1> <II = 1> <Delay = 1.23> <Storage> <Opcode : 'load' 'store'> <Ports = 2> <Width = 8> <Depth = 5088> <RAM>
ST_1 : Operation 23 [1/1] (0.79ns)   --->   "%switch_ln521 = switch i4 %trunc_ln518, void %arrayidx394.case.15, i4 0, void %arrayidx394.case.0, i4 1, void %arrayidx394.case.1, i4 2, void %arrayidx394.case.2, i4 3, void %arrayidx394.case.3, i4 4, void %arrayidx394.case.4, i4 5, void %arrayidx394.case.5, i4 6, void %arrayidx394.case.6, i4 7, void %arrayidx394.case.7, i4 8, void %arrayidx394.case.8, i4 9, void %arrayidx394.case.9, i4 10, void %arrayidx394.case.10, i4 11, void %arrayidx394.case.11, i4 12, void %arrayidx394.case.12, i4 13, void %arrayidx394.case.13, i4 14, void %arrayidx394.case.14" [/home/luka/Scripting/ELEC_498-Capstone-LiteLM/HLS-Verilog/Transformer_logic/src-hls/compute_controller.cpp:521]   --->   Operation 23 'switch' 'switch_ln521' <Predicate = (!icmp_ln518)> <Delay = 0.79>
ST_1 : Operation 24 [1/1] (0.00ns)   --->   "%br_ln525 = br void %arrayidx394.exit" [/home/luka/Scripting/ELEC_498-Capstone-LiteLM/HLS-Verilog/Transformer_logic/src-hls/compute_controller.cpp:525]   --->   Operation 24 'br' 'br_ln525' <Predicate = (!icmp_ln518 & trunc_ln518 == 14)> <Delay = 0.00>
ST_1 : Operation 25 [1/1] (0.00ns)   --->   "%br_ln525 = br void %arrayidx394.exit" [/home/luka/Scripting/ELEC_498-Capstone-LiteLM/HLS-Verilog/Transformer_logic/src-hls/compute_controller.cpp:525]   --->   Operation 25 'br' 'br_ln525' <Predicate = (!icmp_ln518 & trunc_ln518 == 13)> <Delay = 0.00>
ST_1 : Operation 26 [1/1] (0.00ns)   --->   "%br_ln525 = br void %arrayidx394.exit" [/home/luka/Scripting/ELEC_498-Capstone-LiteLM/HLS-Verilog/Transformer_logic/src-hls/compute_controller.cpp:525]   --->   Operation 26 'br' 'br_ln525' <Predicate = (!icmp_ln518 & trunc_ln518 == 12)> <Delay = 0.00>
ST_1 : Operation 27 [1/1] (0.00ns)   --->   "%br_ln525 = br void %arrayidx394.exit" [/home/luka/Scripting/ELEC_498-Capstone-LiteLM/HLS-Verilog/Transformer_logic/src-hls/compute_controller.cpp:525]   --->   Operation 27 'br' 'br_ln525' <Predicate = (!icmp_ln518 & trunc_ln518 == 11)> <Delay = 0.00>
ST_1 : Operation 28 [1/1] (0.00ns)   --->   "%br_ln525 = br void %arrayidx394.exit" [/home/luka/Scripting/ELEC_498-Capstone-LiteLM/HLS-Verilog/Transformer_logic/src-hls/compute_controller.cpp:525]   --->   Operation 28 'br' 'br_ln525' <Predicate = (!icmp_ln518 & trunc_ln518 == 10)> <Delay = 0.00>
ST_1 : Operation 29 [1/1] (0.00ns)   --->   "%br_ln525 = br void %arrayidx394.exit" [/home/luka/Scripting/ELEC_498-Capstone-LiteLM/HLS-Verilog/Transformer_logic/src-hls/compute_controller.cpp:525]   --->   Operation 29 'br' 'br_ln525' <Predicate = (!icmp_ln518 & trunc_ln518 == 9)> <Delay = 0.00>
ST_1 : Operation 30 [1/1] (0.00ns)   --->   "%br_ln525 = br void %arrayidx394.exit" [/home/luka/Scripting/ELEC_498-Capstone-LiteLM/HLS-Verilog/Transformer_logic/src-hls/compute_controller.cpp:525]   --->   Operation 30 'br' 'br_ln525' <Predicate = (!icmp_ln518 & trunc_ln518 == 8)> <Delay = 0.00>
ST_1 : Operation 31 [1/1] (0.00ns)   --->   "%br_ln525 = br void %arrayidx394.exit" [/home/luka/Scripting/ELEC_498-Capstone-LiteLM/HLS-Verilog/Transformer_logic/src-hls/compute_controller.cpp:525]   --->   Operation 31 'br' 'br_ln525' <Predicate = (!icmp_ln518 & trunc_ln518 == 7)> <Delay = 0.00>
ST_1 : Operation 32 [1/1] (0.00ns)   --->   "%br_ln525 = br void %arrayidx394.exit" [/home/luka/Scripting/ELEC_498-Capstone-LiteLM/HLS-Verilog/Transformer_logic/src-hls/compute_controller.cpp:525]   --->   Operation 32 'br' 'br_ln525' <Predicate = (!icmp_ln518 & trunc_ln518 == 6)> <Delay = 0.00>
ST_1 : Operation 33 [1/1] (0.00ns)   --->   "%br_ln525 = br void %arrayidx394.exit" [/home/luka/Scripting/ELEC_498-Capstone-LiteLM/HLS-Verilog/Transformer_logic/src-hls/compute_controller.cpp:525]   --->   Operation 33 'br' 'br_ln525' <Predicate = (!icmp_ln518 & trunc_ln518 == 5)> <Delay = 0.00>
ST_1 : Operation 34 [1/1] (0.00ns)   --->   "%br_ln525 = br void %arrayidx394.exit" [/home/luka/Scripting/ELEC_498-Capstone-LiteLM/HLS-Verilog/Transformer_logic/src-hls/compute_controller.cpp:525]   --->   Operation 34 'br' 'br_ln525' <Predicate = (!icmp_ln518 & trunc_ln518 == 4)> <Delay = 0.00>
ST_1 : Operation 35 [1/1] (0.00ns)   --->   "%br_ln525 = br void %arrayidx394.exit" [/home/luka/Scripting/ELEC_498-Capstone-LiteLM/HLS-Verilog/Transformer_logic/src-hls/compute_controller.cpp:525]   --->   Operation 35 'br' 'br_ln525' <Predicate = (!icmp_ln518 & trunc_ln518 == 3)> <Delay = 0.00>
ST_1 : Operation 36 [1/1] (0.00ns)   --->   "%br_ln525 = br void %arrayidx394.exit" [/home/luka/Scripting/ELEC_498-Capstone-LiteLM/HLS-Verilog/Transformer_logic/src-hls/compute_controller.cpp:525]   --->   Operation 36 'br' 'br_ln525' <Predicate = (!icmp_ln518 & trunc_ln518 == 2)> <Delay = 0.00>
ST_1 : Operation 37 [1/1] (0.00ns)   --->   "%br_ln525 = br void %arrayidx394.exit" [/home/luka/Scripting/ELEC_498-Capstone-LiteLM/HLS-Verilog/Transformer_logic/src-hls/compute_controller.cpp:525]   --->   Operation 37 'br' 'br_ln525' <Predicate = (!icmp_ln518 & trunc_ln518 == 1)> <Delay = 0.00>
ST_1 : Operation 38 [1/1] (0.00ns)   --->   "%br_ln525 = br void %arrayidx394.exit" [/home/luka/Scripting/ELEC_498-Capstone-LiteLM/HLS-Verilog/Transformer_logic/src-hls/compute_controller.cpp:525]   --->   Operation 38 'br' 'br_ln525' <Predicate = (!icmp_ln518 & trunc_ln518 == 0)> <Delay = 0.00>
ST_1 : Operation 39 [1/1] (0.00ns)   --->   "%br_ln525 = br void %arrayidx394.exit" [/home/luka/Scripting/ELEC_498-Capstone-LiteLM/HLS-Verilog/Transformer_logic/src-hls/compute_controller.cpp:525]   --->   Operation 39 'br' 'br_ln525' <Predicate = (!icmp_ln518 & trunc_ln518 == 15)> <Delay = 0.00>

State 2 <SV = 1> <Delay = 2.03>
ST_2 : Operation 40 [1/1] (0.76ns)   --->   "%add_ln518 = add i8 %i, i8 1" [/home/luka/Scripting/ELEC_498-Capstone-LiteLM/HLS-Verilog/Transformer_logic/src-hls/compute_controller.cpp:518]   --->   Operation 40 'add' 'add_ln518' <Predicate = true> <Delay = 0.76> <CoreInst = "Adder">   --->   Core 1 'Adder' <Latency = 0> <II = 1> <Delay = 0.76> <FuncUnit> <Opcode : 'add' 'sub'> <InPorts = 2> <OutPorts = 1>
ST_2 : Operation 41 [1/1] (0.00ns)   --->   "%lshr_ln3 = partselect i4 @_ssdm_op_PartSelect.i4.i8.i32.i32, i8 %i, i32 4, i32 7" [/home/luka/Scripting/ELEC_498-Capstone-LiteLM/HLS-Verilog/Transformer_logic/src-hls/compute_controller.cpp:518]   --->   Operation 41 'partselect' 'lshr_ln3' <Predicate = (!icmp_ln518)> <Delay = 0.00>
ST_2 : Operation 42 [1/1] (0.00ns)   --->   "%zext_ln518 = zext i4 %lshr_ln3" [/home/luka/Scripting/ELEC_498-Capstone-LiteLM/HLS-Verilog/Transformer_logic/src-hls/compute_controller.cpp:518]   --->   Operation 42 'zext' 'zext_ln518' <Predicate = (!icmp_ln518)> <Delay = 0.00>
ST_2 : Operation 43 [1/2] ( I:1.23ns O:1.23ns )   --->   "%in_buf_load_3 = load i13 %in_buf_addr_3" [/home/luka/Scripting/ELEC_498-Capstone-LiteLM/HLS-Verilog/Transformer_logic/src-hls/../../top_params.hpp:576->/home/luka/Scripting/ELEC_498-Capstone-LiteLM/HLS-Verilog/Transformer_logic/src-hls/compute_controller.cpp:521]   --->   Operation 43 'load' 'in_buf_load_3' <Predicate = (!icmp_ln518)> <Delay = 1.23> <CoreInst = "RAM">   --->   Core 82 'RAM' <Latency = 1> <II = 1> <Delay = 1.23> <Storage> <Opcode : 'load' 'store'> <Ports = 2> <Width = 8> <Depth = 5088> <RAM>
ST_2 : Operation 44 [1/1] (0.00ns)   --->   "%compute_controller_bool_bool_unsigned_int_bool_bool_bool_bool_bool_u_389 = getelementptr i8 %compute_controller_bool_bool_unsigned_int_bool_bool_bool_bool_bool_u_39, i64 0, i64 %zext_ln518" [/home/luka/Scripting/ELEC_498-Capstone-LiteLM/HLS-Verilog/Transformer_logic/src-hls/compute_controller.cpp:521]   --->   Operation 44 'getelementptr' 'compute_controller_bool_bool_unsigned_int_bool_bool_bool_bool_bool_u_389' <Predicate = (!icmp_ln518)> <Delay = 0.00>
ST_2 : Operation 45 [1/1] (0.00ns)   --->   "%compute_controller_bool_bool_unsigned_int_bool_bool_bool_bool_bool_u_390 = getelementptr i8 %compute_controller_bool_bool_unsigned_int_bool_bool_bool_bool_bool_u_38, i64 0, i64 %zext_ln518" [/home/luka/Scripting/ELEC_498-Capstone-LiteLM/HLS-Verilog/Transformer_logic/src-hls/compute_controller.cpp:521]   --->   Operation 45 'getelementptr' 'compute_controller_bool_bool_unsigned_int_bool_bool_bool_bool_bool_u_390' <Predicate = (!icmp_ln518)> <Delay = 0.00>
ST_2 : Operation 46 [1/1] (0.00ns)   --->   "%compute_controller_bool_bool_unsigned_int_bool_bool_bool_bool_bool_u_391 = getelementptr i8 %compute_controller_bool_bool_unsigned_int_bool_bool_bool_bool_bool_u_37, i64 0, i64 %zext_ln518" [/home/luka/Scripting/ELEC_498-Capstone-LiteLM/HLS-Verilog/Transformer_logic/src-hls/compute_controller.cpp:521]   --->   Operation 46 'getelementptr' 'compute_controller_bool_bool_unsigned_int_bool_bool_bool_bool_bool_u_391' <Predicate = (!icmp_ln518)> <Delay = 0.00>
ST_2 : Operation 47 [1/1] (0.00ns)   --->   "%compute_controller_bool_bool_unsigned_int_bool_bool_bool_bool_bool_u_392 = getelementptr i8 %compute_controller_bool_bool_unsigned_int_bool_bool_bool_bool_bool_u_36, i64 0, i64 %zext_ln518" [/home/luka/Scripting/ELEC_498-Capstone-LiteLM/HLS-Verilog/Transformer_logic/src-hls/compute_controller.cpp:521]   --->   Operation 47 'getelementptr' 'compute_controller_bool_bool_unsigned_int_bool_bool_bool_bool_bool_u_392' <Predicate = (!icmp_ln518)> <Delay = 0.00>
ST_2 : Operation 48 [1/1] (0.00ns)   --->   "%compute_controller_bool_bool_unsigned_int_bool_bool_bool_bool_bool_u_393 = getelementptr i8 %compute_controller_bool_bool_unsigned_int_bool_bool_bool_bool_bool_u_35, i64 0, i64 %zext_ln518" [/home/luka/Scripting/ELEC_498-Capstone-LiteLM/HLS-Verilog/Transformer_logic/src-hls/compute_controller.cpp:521]   --->   Operation 48 'getelementptr' 'compute_controller_bool_bool_unsigned_int_bool_bool_bool_bool_bool_u_393' <Predicate = (!icmp_ln518)> <Delay = 0.00>
ST_2 : Operation 49 [1/1] (0.00ns)   --->   "%compute_controller_bool_bool_unsigned_int_bool_bool_bool_bool_bool_u_394 = getelementptr i8 %compute_controller_bool_bool_unsigned_int_bool_bool_bool_bool_bool_u_34, i64 0, i64 %zext_ln518" [/home/luka/Scripting/ELEC_498-Capstone-LiteLM/HLS-Verilog/Transformer_logic/src-hls/compute_controller.cpp:521]   --->   Operation 49 'getelementptr' 'compute_controller_bool_bool_unsigned_int_bool_bool_bool_bool_bool_u_394' <Predicate = (!icmp_ln518)> <Delay = 0.00>
ST_2 : Operation 50 [1/1] (0.00ns)   --->   "%compute_controller_bool_bool_unsigned_int_bool_bool_bool_bool_bool_u_395 = getelementptr i8 %compute_controller_bool_bool_unsigned_int_bool_bool_bool_bool_bool_u_33, i64 0, i64 %zext_ln518" [/home/luka/Scripting/ELEC_498-Capstone-LiteLM/HLS-Verilog/Transformer_logic/src-hls/compute_controller.cpp:521]   --->   Operation 50 'getelementptr' 'compute_controller_bool_bool_unsigned_int_bool_bool_bool_bool_bool_u_395' <Predicate = (!icmp_ln518)> <Delay = 0.00>
ST_2 : Operation 51 [1/1] (0.00ns)   --->   "%compute_controller_bool_bool_unsigned_int_bool_bool_bool_bool_bool_u_396 = getelementptr i8 %compute_controller_bool_bool_unsigned_int_bool_bool_bool_bool_bool_u_32, i64 0, i64 %zext_ln518" [/home/luka/Scripting/ELEC_498-Capstone-LiteLM/HLS-Verilog/Transformer_logic/src-hls/compute_controller.cpp:521]   --->   Operation 51 'getelementptr' 'compute_controller_bool_bool_unsigned_int_bool_bool_bool_bool_bool_u_396' <Predicate = (!icmp_ln518)> <Delay = 0.00>
ST_2 : Operation 52 [1/1] (0.00ns)   --->   "%compute_controller_bool_bool_unsigned_int_bool_bool_bool_bool_bool_u_397 = getelementptr i8 %compute_controller_bool_bool_unsigned_int_bool_bool_bool_bool_bool_u_31, i64 0, i64 %zext_ln518" [/home/luka/Scripting/ELEC_498-Capstone-LiteLM/HLS-Verilog/Transformer_logic/src-hls/compute_controller.cpp:521]   --->   Operation 52 'getelementptr' 'compute_controller_bool_bool_unsigned_int_bool_bool_bool_bool_bool_u_397' <Predicate = (!icmp_ln518)> <Delay = 0.00>
ST_2 : Operation 53 [1/1] (0.00ns)   --->   "%compute_controller_bool_bool_unsigned_int_bool_bool_bool_bool_bool_u_398 = getelementptr i8 %compute_controller_bool_bool_unsigned_int_bool_bool_bool_bool_bool_u_30, i64 0, i64 %zext_ln518" [/home/luka/Scripting/ELEC_498-Capstone-LiteLM/HLS-Verilog/Transformer_logic/src-hls/compute_controller.cpp:521]   --->   Operation 53 'getelementptr' 'compute_controller_bool_bool_unsigned_int_bool_bool_bool_bool_bool_u_398' <Predicate = (!icmp_ln518)> <Delay = 0.00>
ST_2 : Operation 54 [1/1] (0.00ns)   --->   "%p_ZZ18compute_controllerbbjRbS_bS_S_RjPKhPhR12ComputeStateS0_RhS6_S6_S6_S_S_S_S_E_198 = getelementptr i8 %p_ZZ18compute_controllerbbjRbS_bS_S_RjPKhPhR12ComputeStateS0_RhS6_S6_S6_S_S_S_S_E_47, i64 0, i64 %zext_ln518" [/home/luka/Scripting/ELEC_498-Capstone-LiteLM/HLS-Verilog/Transformer_logic/src-hls/compute_controller.cpp:521]   --->   Operation 54 'getelementptr' 'p_ZZ18compute_controllerbbjRbS_bS_S_RjPKhPhR12ComputeStateS0_RhS6_S6_S6_S_S_S_S_E_198' <Predicate = (!icmp_ln518)> <Delay = 0.00>
ST_2 : Operation 55 [1/1] (0.00ns)   --->   "%p_ZZ18compute_controllerbbjRbS_bS_S_RjPKhPhR12ComputeStateS0_RhS6_S6_S6_S_S_S_S_E_199 = getelementptr i8 %p_ZZ18compute_controllerbbjRbS_bS_S_RjPKhPhR12ComputeStateS0_RhS6_S6_S6_S_S_S_S_E_46, i64 0, i64 %zext_ln518" [/home/luka/Scripting/ELEC_498-Capstone-LiteLM/HLS-Verilog/Transformer_logic/src-hls/compute_controller.cpp:521]   --->   Operation 55 'getelementptr' 'p_ZZ18compute_controllerbbjRbS_bS_S_RjPKhPhR12ComputeStateS0_RhS6_S6_S6_S_S_S_S_E_199' <Predicate = (!icmp_ln518)> <Delay = 0.00>
ST_2 : Operation 56 [1/1] (0.00ns)   --->   "%p_ZZ18compute_controllerbbjRbS_bS_S_RjPKhPhR12ComputeStateS0_RhS6_S6_S6_S_S_S_S_E_200 = getelementptr i8 %p_ZZ18compute_controllerbbjRbS_bS_S_RjPKhPhR12ComputeStateS0_RhS6_S6_S6_S_S_S_S_E_45, i64 0, i64 %zext_ln518" [/home/luka/Scripting/ELEC_498-Capstone-LiteLM/HLS-Verilog/Transformer_logic/src-hls/compute_controller.cpp:521]   --->   Operation 56 'getelementptr' 'p_ZZ18compute_controllerbbjRbS_bS_S_RjPKhPhR12ComputeStateS0_RhS6_S6_S6_S_S_S_S_E_200' <Predicate = (!icmp_ln518)> <Delay = 0.00>
ST_2 : Operation 57 [1/1] (0.00ns)   --->   "%p_ZZ18compute_controllerbbjRbS_bS_S_RjPKhPhR12ComputeStateS0_RhS6_S6_S6_S_S_S_S_E_201 = getelementptr i8 %p_ZZ18compute_controllerbbjRbS_bS_S_RjPKhPhR12ComputeStateS0_RhS6_S6_S6_S_S_S_S_E_44, i64 0, i64 %zext_ln518" [/home/luka/Scripting/ELEC_498-Capstone-LiteLM/HLS-Verilog/Transformer_logic/src-hls/compute_controller.cpp:521]   --->   Operation 57 'getelementptr' 'p_ZZ18compute_controllerbbjRbS_bS_S_RjPKhPhR12ComputeStateS0_RhS6_S6_S6_S_S_S_S_E_201' <Predicate = (!icmp_ln518)> <Delay = 0.00>
ST_2 : Operation 58 [1/1] (0.00ns)   --->   "%p_ZZ18compute_controllerbbjRbS_bS_S_RjPKhPhR12ComputeStateS0_RhS6_S6_S6_S_S_S_S_E_202 = getelementptr i8 %p_ZZ18compute_controllerbbjRbS_bS_S_RjPKhPhR12ComputeStateS0_RhS6_S6_S6_S_S_S_S_E_43, i64 0, i64 %zext_ln518" [/home/luka/Scripting/ELEC_498-Capstone-LiteLM/HLS-Verilog/Transformer_logic/src-hls/compute_controller.cpp:521]   --->   Operation 58 'getelementptr' 'p_ZZ18compute_controllerbbjRbS_bS_S_RjPKhPhR12ComputeStateS0_RhS6_S6_S6_S_S_S_S_E_202' <Predicate = (!icmp_ln518)> <Delay = 0.00>
ST_2 : Operation 59 [1/1] (0.00ns)   --->   "%p_ZZ18compute_controllerbbjRbS_bS_S_RjPKhPhR12ComputeStateS0_RhS6_S6_S6_S_S_S_S_E_203 = getelementptr i8 %p_ZZ18compute_controllerbbjRbS_bS_S_RjPKhPhR12ComputeStateS0_RhS6_S6_S6_S_S_S_S_E_42, i64 0, i64 %zext_ln518" [/home/luka/Scripting/ELEC_498-Capstone-LiteLM/HLS-Verilog/Transformer_logic/src-hls/compute_controller.cpp:521]   --->   Operation 59 'getelementptr' 'p_ZZ18compute_controllerbbjRbS_bS_S_RjPKhPhR12ComputeStateS0_RhS6_S6_S6_S_S_S_S_E_203' <Predicate = (!icmp_ln518)> <Delay = 0.00>
ST_2 : Operation 60 [1/1] (0.00ns)   --->   "%zext_ln523 = zext i10 %shl_ln1" [/home/luka/Scripting/ELEC_498-Capstone-LiteLM/HLS-Verilog/Transformer_logic/src-hls/compute_controller.cpp:523]   --->   Operation 60 'zext' 'zext_ln523' <Predicate = (!icmp_ln518)> <Delay = 0.00>
ST_2 : Operation 61 [1/2] ( I:1.23ns O:1.23ns )   --->   "%in_buf_load_4 = load i13 %in_buf_addr_4" [/home/luka/Scripting/ELEC_498-Capstone-LiteLM/HLS-Verilog/Transformer_logic/src-hls/../../top_params.hpp:595->/home/luka/Scripting/ELEC_498-Capstone-LiteLM/HLS-Verilog/Transformer_logic/src-hls/compute_controller.cpp:523]   --->   Operation 61 'load' 'in_buf_load_4' <Predicate = (!icmp_ln518)> <Delay = 1.23> <CoreInst = "RAM">   --->   Core 82 'RAM' <Latency = 1> <II = 1> <Delay = 1.23> <Storage> <Opcode : 'load' 'store'> <Ports = 2> <Width = 8> <Depth = 5088> <RAM>
ST_2 : Operation 62 [1/1] (0.78ns)   --->   "%add_ln596 = add i10 %shl_ln1, i10 193" [/home/luka/Scripting/ELEC_498-Capstone-LiteLM/HLS-Verilog/Transformer_logic/src-hls/../../top_params.hpp:596->/home/luka/Scripting/ELEC_498-Capstone-LiteLM/HLS-Verilog/Transformer_logic/src-hls/compute_controller.cpp:523]   --->   Operation 62 'add' 'add_ln596' <Predicate = (!icmp_ln518)> <Delay = 0.78> <CoreInst = "Adder">   --->   Core 1 'Adder' <Latency = 0> <II = 1> <Delay = 0.78> <FuncUnit> <Opcode : 'add' 'sub'> <InPorts = 2> <OutPorts = 1>
ST_2 : Operation 63 [1/1] (0.00ns)   --->   "%zext_ln596 = zext i10 %add_ln596" [/home/luka/Scripting/ELEC_498-Capstone-LiteLM/HLS-Verilog/Transformer_logic/src-hls/../../top_params.hpp:596->/home/luka/Scripting/ELEC_498-Capstone-LiteLM/HLS-Verilog/Transformer_logic/src-hls/compute_controller.cpp:523]   --->   Operation 63 'zext' 'zext_ln596' <Predicate = (!icmp_ln518)> <Delay = 0.00>
ST_2 : Operation 64 [1/1] (0.00ns)   --->   "%in_buf_addr_5 = getelementptr i8 %in_buf, i64 0, i64 %zext_ln596" [/home/luka/Scripting/ELEC_498-Capstone-LiteLM/HLS-Verilog/Transformer_logic/src-hls/../../top_params.hpp:596->/home/luka/Scripting/ELEC_498-Capstone-LiteLM/HLS-Verilog/Transformer_logic/src-hls/compute_controller.cpp:523]   --->   Operation 64 'getelementptr' 'in_buf_addr_5' <Predicate = (!icmp_ln518)> <Delay = 0.00>
ST_2 : Operation 65 [2/2] (1.23ns)   --->   "%in_buf_load_5 = load i13 %in_buf_addr_5" [/home/luka/Scripting/ELEC_498-Capstone-LiteLM/HLS-Verilog/Transformer_logic/src-hls/../../top_params.hpp:596->/home/luka/Scripting/ELEC_498-Capstone-LiteLM/HLS-Verilog/Transformer_logic/src-hls/compute_controller.cpp:523]   --->   Operation 65 'load' 'in_buf_load_5' <Predicate = (!icmp_ln518)> <Delay = 1.23> <CoreInst = "RAM">   --->   Core 82 'RAM' <Latency = 1> <II = 1> <Delay = 1.23> <Storage> <Opcode : 'load' 'store'> <Ports = 2> <Width = 8> <Depth = 5088> <RAM>
ST_2 : Operation 66 [1/1] (0.79ns)   --->   "%byte_addr_1 = add i11 %zext_ln523, i11 960" [/home/luka/Scripting/ELEC_498-Capstone-LiteLM/HLS-Verilog/Transformer_logic/src-hls/compute_controller.cpp:525]   --->   Operation 66 'add' 'byte_addr_1' <Predicate = (!icmp_ln518)> <Delay = 0.79> <CoreInst = "Adder">   --->   Core 1 'Adder' <Latency = 0> <II = 1> <Delay = 0.79> <FuncUnit> <Opcode : 'add' 'sub'> <InPorts = 2> <OutPorts = 1>
ST_2 : Operation 67 [1/1] (0.00ns)   --->   "%zext_ln595_1 = zext i11 %byte_addr_1" [/home/luka/Scripting/ELEC_498-Capstone-LiteLM/HLS-Verilog/Transformer_logic/src-hls/../../top_params.hpp:595->/home/luka/Scripting/ELEC_498-Capstone-LiteLM/HLS-Verilog/Transformer_logic/src-hls/compute_controller.cpp:525]   --->   Operation 67 'zext' 'zext_ln595_1' <Predicate = (!icmp_ln518)> <Delay = 0.00>
ST_2 : Operation 68 [1/1] (0.00ns)   --->   "%in_buf_addr_6 = getelementptr i8 %in_buf, i64 0, i64 %zext_ln595_1" [/home/luka/Scripting/ELEC_498-Capstone-LiteLM/HLS-Verilog/Transformer_logic/src-hls/../../top_params.hpp:595->/home/luka/Scripting/ELEC_498-Capstone-LiteLM/HLS-Verilog/Transformer_logic/src-hls/compute_controller.cpp:525]   --->   Operation 68 'getelementptr' 'in_buf_addr_6' <Predicate = (!icmp_ln518)> <Delay = 0.00>
ST_2 : Operation 69 [2/2] (1.23ns)   --->   "%in_buf_load_6 = load i13 %in_buf_addr_6" [/home/luka/Scripting/ELEC_498-Capstone-LiteLM/HLS-Verilog/Transformer_logic/src-hls/../../top_params.hpp:595->/home/luka/Scripting/ELEC_498-Capstone-LiteLM/HLS-Verilog/Transformer_logic/src-hls/compute_controller.cpp:525]   --->   Operation 69 'load' 'in_buf_load_6' <Predicate = (!icmp_ln518)> <Delay = 1.23> <CoreInst = "RAM">   --->   Core 82 'RAM' <Latency = 1> <II = 1> <Delay = 1.23> <Storage> <Opcode : 'load' 'store'> <Ports = 2> <Width = 8> <Depth = 5088> <RAM>
ST_2 : Operation 70 [1/1] ( I:0.67ns O:0.67ns )   --->   "%store_ln521 = store i8 %in_buf_load_3, i4 %p_ZZ18compute_controllerbbjRbS_bS_S_RjPKhPhR12ComputeStateS0_RhS6_S6_S6_S_S_S_S_E_202" [/home/luka/Scripting/ELEC_498-Capstone-LiteLM/HLS-Verilog/Transformer_logic/src-hls/compute_controller.cpp:521]   --->   Operation 70 'store' 'store_ln521' <Predicate = (!icmp_ln518 & trunc_ln518 == 14)> <Delay = 0.67> <CoreInst = "RAM">   --->   Core 82 'RAM' <Latency = 1> <II = 1> <Delay = 0.67> <Storage> <Opcode : 'load' 'store'> <Ports = 2> <Width = 8> <Depth = 12> <RAM>
ST_2 : Operation 71 [1/1] ( I:0.67ns O:0.67ns )   --->   "%store_ln521 = store i8 %in_buf_load_3, i4 %p_ZZ18compute_controllerbbjRbS_bS_S_RjPKhPhR12ComputeStateS0_RhS6_S6_S6_S_S_S_S_E_201" [/home/luka/Scripting/ELEC_498-Capstone-LiteLM/HLS-Verilog/Transformer_logic/src-hls/compute_controller.cpp:521]   --->   Operation 71 'store' 'store_ln521' <Predicate = (!icmp_ln518 & trunc_ln518 == 13)> <Delay = 0.67> <CoreInst = "RAM">   --->   Core 82 'RAM' <Latency = 1> <II = 1> <Delay = 0.67> <Storage> <Opcode : 'load' 'store'> <Ports = 2> <Width = 8> <Depth = 12> <RAM>
ST_2 : Operation 72 [1/1] ( I:0.67ns O:0.67ns )   --->   "%store_ln521 = store i8 %in_buf_load_3, i4 %p_ZZ18compute_controllerbbjRbS_bS_S_RjPKhPhR12ComputeStateS0_RhS6_S6_S6_S_S_S_S_E_200" [/home/luka/Scripting/ELEC_498-Capstone-LiteLM/HLS-Verilog/Transformer_logic/src-hls/compute_controller.cpp:521]   --->   Operation 72 'store' 'store_ln521' <Predicate = (!icmp_ln518 & trunc_ln518 == 12)> <Delay = 0.67> <CoreInst = "RAM">   --->   Core 82 'RAM' <Latency = 1> <II = 1> <Delay = 0.67> <Storage> <Opcode : 'load' 'store'> <Ports = 2> <Width = 8> <Depth = 12> <RAM>
ST_2 : Operation 73 [1/1] ( I:0.67ns O:0.67ns )   --->   "%store_ln521 = store i8 %in_buf_load_3, i4 %p_ZZ18compute_controllerbbjRbS_bS_S_RjPKhPhR12ComputeStateS0_RhS6_S6_S6_S_S_S_S_E_199" [/home/luka/Scripting/ELEC_498-Capstone-LiteLM/HLS-Verilog/Transformer_logic/src-hls/compute_controller.cpp:521]   --->   Operation 73 'store' 'store_ln521' <Predicate = (!icmp_ln518 & trunc_ln518 == 11)> <Delay = 0.67> <CoreInst = "RAM">   --->   Core 82 'RAM' <Latency = 1> <II = 1> <Delay = 0.67> <Storage> <Opcode : 'load' 'store'> <Ports = 2> <Width = 8> <Depth = 12> <RAM>
ST_2 : Operation 74 [1/1] ( I:0.67ns O:0.67ns )   --->   "%store_ln521 = store i8 %in_buf_load_3, i4 %p_ZZ18compute_controllerbbjRbS_bS_S_RjPKhPhR12ComputeStateS0_RhS6_S6_S6_S_S_S_S_E_198" [/home/luka/Scripting/ELEC_498-Capstone-LiteLM/HLS-Verilog/Transformer_logic/src-hls/compute_controller.cpp:521]   --->   Operation 74 'store' 'store_ln521' <Predicate = (!icmp_ln518 & trunc_ln518 == 10)> <Delay = 0.67> <CoreInst = "RAM">   --->   Core 82 'RAM' <Latency = 1> <II = 1> <Delay = 0.67> <Storage> <Opcode : 'load' 'store'> <Ports = 2> <Width = 8> <Depth = 12> <RAM>
ST_2 : Operation 75 [1/1] ( I:0.67ns O:0.67ns )   --->   "%store_ln521 = store i8 %in_buf_load_3, i4 %compute_controller_bool_bool_unsigned_int_bool_bool_bool_bool_bool_u_398" [/home/luka/Scripting/ELEC_498-Capstone-LiteLM/HLS-Verilog/Transformer_logic/src-hls/compute_controller.cpp:521]   --->   Operation 75 'store' 'store_ln521' <Predicate = (!icmp_ln518 & trunc_ln518 == 9)> <Delay = 0.67> <CoreInst = "RAM">   --->   Core 82 'RAM' <Latency = 1> <II = 1> <Delay = 0.67> <Storage> <Opcode : 'load' 'store'> <Ports = 2> <Width = 8> <Depth = 12> <RAM>
ST_2 : Operation 76 [1/1] ( I:0.67ns O:0.67ns )   --->   "%store_ln521 = store i8 %in_buf_load_3, i4 %compute_controller_bool_bool_unsigned_int_bool_bool_bool_bool_bool_u_397" [/home/luka/Scripting/ELEC_498-Capstone-LiteLM/HLS-Verilog/Transformer_logic/src-hls/compute_controller.cpp:521]   --->   Operation 76 'store' 'store_ln521' <Predicate = (!icmp_ln518 & trunc_ln518 == 8)> <Delay = 0.67> <CoreInst = "RAM">   --->   Core 82 'RAM' <Latency = 1> <II = 1> <Delay = 0.67> <Storage> <Opcode : 'load' 'store'> <Ports = 2> <Width = 8> <Depth = 12> <RAM>
ST_2 : Operation 77 [1/1] ( I:0.67ns O:0.67ns )   --->   "%store_ln521 = store i8 %in_buf_load_3, i4 %compute_controller_bool_bool_unsigned_int_bool_bool_bool_bool_bool_u_396" [/home/luka/Scripting/ELEC_498-Capstone-LiteLM/HLS-Verilog/Transformer_logic/src-hls/compute_controller.cpp:521]   --->   Operation 77 'store' 'store_ln521' <Predicate = (!icmp_ln518 & trunc_ln518 == 7)> <Delay = 0.67> <CoreInst = "RAM">   --->   Core 82 'RAM' <Latency = 1> <II = 1> <Delay = 0.67> <Storage> <Opcode : 'load' 'store'> <Ports = 2> <Width = 8> <Depth = 12> <RAM>
ST_2 : Operation 78 [1/1] ( I:0.67ns O:0.67ns )   --->   "%store_ln521 = store i8 %in_buf_load_3, i4 %compute_controller_bool_bool_unsigned_int_bool_bool_bool_bool_bool_u_395" [/home/luka/Scripting/ELEC_498-Capstone-LiteLM/HLS-Verilog/Transformer_logic/src-hls/compute_controller.cpp:521]   --->   Operation 78 'store' 'store_ln521' <Predicate = (!icmp_ln518 & trunc_ln518 == 6)> <Delay = 0.67> <CoreInst = "RAM">   --->   Core 82 'RAM' <Latency = 1> <II = 1> <Delay = 0.67> <Storage> <Opcode : 'load' 'store'> <Ports = 2> <Width = 8> <Depth = 12> <RAM>
ST_2 : Operation 79 [1/1] ( I:0.67ns O:0.67ns )   --->   "%store_ln521 = store i8 %in_buf_load_3, i4 %compute_controller_bool_bool_unsigned_int_bool_bool_bool_bool_bool_u_394" [/home/luka/Scripting/ELEC_498-Capstone-LiteLM/HLS-Verilog/Transformer_logic/src-hls/compute_controller.cpp:521]   --->   Operation 79 'store' 'store_ln521' <Predicate = (!icmp_ln518 & trunc_ln518 == 5)> <Delay = 0.67> <CoreInst = "RAM">   --->   Core 82 'RAM' <Latency = 1> <II = 1> <Delay = 0.67> <Storage> <Opcode : 'load' 'store'> <Ports = 2> <Width = 8> <Depth = 12> <RAM>
ST_2 : Operation 80 [1/1] ( I:0.67ns O:0.67ns )   --->   "%store_ln521 = store i8 %in_buf_load_3, i4 %compute_controller_bool_bool_unsigned_int_bool_bool_bool_bool_bool_u_393" [/home/luka/Scripting/ELEC_498-Capstone-LiteLM/HLS-Verilog/Transformer_logic/src-hls/compute_controller.cpp:521]   --->   Operation 80 'store' 'store_ln521' <Predicate = (!icmp_ln518 & trunc_ln518 == 4)> <Delay = 0.67> <CoreInst = "RAM">   --->   Core 82 'RAM' <Latency = 1> <II = 1> <Delay = 0.67> <Storage> <Opcode : 'load' 'store'> <Ports = 2> <Width = 8> <Depth = 12> <RAM>
ST_2 : Operation 81 [1/1] ( I:0.67ns O:0.67ns )   --->   "%store_ln521 = store i8 %in_buf_load_3, i4 %compute_controller_bool_bool_unsigned_int_bool_bool_bool_bool_bool_u_392" [/home/luka/Scripting/ELEC_498-Capstone-LiteLM/HLS-Verilog/Transformer_logic/src-hls/compute_controller.cpp:521]   --->   Operation 81 'store' 'store_ln521' <Predicate = (!icmp_ln518 & trunc_ln518 == 3)> <Delay = 0.67> <CoreInst = "RAM">   --->   Core 82 'RAM' <Latency = 1> <II = 1> <Delay = 0.67> <Storage> <Opcode : 'load' 'store'> <Ports = 2> <Width = 8> <Depth = 12> <RAM>
ST_2 : Operation 82 [1/1] ( I:0.67ns O:0.67ns )   --->   "%store_ln521 = store i8 %in_buf_load_3, i4 %compute_controller_bool_bool_unsigned_int_bool_bool_bool_bool_bool_u_391" [/home/luka/Scripting/ELEC_498-Capstone-LiteLM/HLS-Verilog/Transformer_logic/src-hls/compute_controller.cpp:521]   --->   Operation 82 'store' 'store_ln521' <Predicate = (!icmp_ln518 & trunc_ln518 == 2)> <Delay = 0.67> <CoreInst = "RAM">   --->   Core 82 'RAM' <Latency = 1> <II = 1> <Delay = 0.67> <Storage> <Opcode : 'load' 'store'> <Ports = 2> <Width = 8> <Depth = 12> <RAM>
ST_2 : Operation 83 [1/1] ( I:0.67ns O:0.67ns )   --->   "%store_ln521 = store i8 %in_buf_load_3, i4 %compute_controller_bool_bool_unsigned_int_bool_bool_bool_bool_bool_u_390" [/home/luka/Scripting/ELEC_498-Capstone-LiteLM/HLS-Verilog/Transformer_logic/src-hls/compute_controller.cpp:521]   --->   Operation 83 'store' 'store_ln521' <Predicate = (!icmp_ln518 & trunc_ln518 == 1)> <Delay = 0.67> <CoreInst = "RAM">   --->   Core 82 'RAM' <Latency = 1> <II = 1> <Delay = 0.67> <Storage> <Opcode : 'load' 'store'> <Ports = 2> <Width = 8> <Depth = 12> <RAM>
ST_2 : Operation 84 [1/1] ( I:0.67ns O:0.67ns )   --->   "%store_ln521 = store i8 %in_buf_load_3, i4 %compute_controller_bool_bool_unsigned_int_bool_bool_bool_bool_bool_u_389" [/home/luka/Scripting/ELEC_498-Capstone-LiteLM/HLS-Verilog/Transformer_logic/src-hls/compute_controller.cpp:521]   --->   Operation 84 'store' 'store_ln521' <Predicate = (!icmp_ln518 & trunc_ln518 == 0)> <Delay = 0.67> <CoreInst = "RAM">   --->   Core 82 'RAM' <Latency = 1> <II = 1> <Delay = 0.67> <Storage> <Opcode : 'load' 'store'> <Ports = 2> <Width = 8> <Depth = 12> <RAM>
ST_2 : Operation 85 [1/1] ( I:0.67ns O:0.67ns )   --->   "%store_ln521 = store i8 %in_buf_load_3, i4 %p_ZZ18compute_controllerbbjRbS_bS_S_RjPKhPhR12ComputeStateS0_RhS6_S6_S6_S_S_S_S_E_203" [/home/luka/Scripting/ELEC_498-Capstone-LiteLM/HLS-Verilog/Transformer_logic/src-hls/compute_controller.cpp:521]   --->   Operation 85 'store' 'store_ln521' <Predicate = (!icmp_ln518 & trunc_ln518 == 15)> <Delay = 0.67> <CoreInst = "RAM">   --->   Core 82 'RAM' <Latency = 1> <II = 1> <Delay = 0.67> <Storage> <Opcode : 'load' 'store'> <Ports = 2> <Width = 8> <Depth = 12> <RAM>
ST_2 : Operation 86 [1/1] (0.42ns)   --->   "%store_ln575 = store i8 %add_ln518, i8 %i_3" [/home/luka/Scripting/ELEC_498-Capstone-LiteLM/HLS-Verilog/Transformer_logic/src-hls/../../top_params.hpp:575->/home/luka/Scripting/ELEC_498-Capstone-LiteLM/HLS-Verilog/Transformer_logic/src-hls/compute_controller.cpp:521]   --->   Operation 86 'store' 'store_ln575' <Predicate = (!icmp_ln518)> <Delay = 0.42>
ST_2 : Operation 87 [1/1] (0.00ns)   --->   "%br_ln518 = br void %for.inc395" [/home/luka/Scripting/ELEC_498-Capstone-LiteLM/HLS-Verilog/Transformer_logic/src-hls/compute_controller.cpp:518]   --->   Operation 87 'br' 'br_ln518' <Predicate = (!icmp_ln518)> <Delay = 0.00>
ST_2 : Operation 164 [1/1] (0.42ns)   --->   "%ret_ln0 = ret"   --->   Operation 164 'ret' 'ret_ln0' <Predicate = (icmp_ln518)> <Delay = 0.42>

State 3 <SV = 2> <Delay = 2.03>
ST_3 : Operation 88 [1/2] ( I:1.23ns O:1.23ns )   --->   "%in_buf_load_5 = load i13 %in_buf_addr_5" [/home/luka/Scripting/ELEC_498-Capstone-LiteLM/HLS-Verilog/Transformer_logic/src-hls/../../top_params.hpp:596->/home/luka/Scripting/ELEC_498-Capstone-LiteLM/HLS-Verilog/Transformer_logic/src-hls/compute_controller.cpp:523]   --->   Operation 88 'load' 'in_buf_load_5' <Predicate = (!icmp_ln518)> <Delay = 1.23> <CoreInst = "RAM">   --->   Core 82 'RAM' <Latency = 1> <II = 1> <Delay = 1.23> <Storage> <Opcode : 'load' 'store'> <Ports = 2> <Width = 8> <Depth = 5088> <RAM>
ST_3 : Operation 89 [1/1] (0.00ns)   --->   "%v = bitconcatenate i16 @_ssdm_op_BitConcatenate.i16.i8.i8, i8 %in_buf_load_5, i8 %in_buf_load_4" [/home/luka/Scripting/ELEC_498-Capstone-LiteLM/HLS-Verilog/Transformer_logic/src-hls/../../top_params.hpp:599->/home/luka/Scripting/ELEC_498-Capstone-LiteLM/HLS-Verilog/Transformer_logic/src-hls/compute_controller.cpp:523]   --->   Operation 89 'bitconcatenate' 'v' <Predicate = (!icmp_ln518)> <Delay = 0.00>
ST_3 : Operation 90 [1/1] (0.00ns)   --->   "%compute_controller_bool_bool_unsigned_int_bool_bool_bool_bool_bool_u_399 = getelementptr i16 %compute_controller_bool_bool_unsigned_int_bool_bool_bool_bool_bool_u_189, i64 0, i64 %zext_ln518" [/home/luka/Scripting/ELEC_498-Capstone-LiteLM/HLS-Verilog/Transformer_logic/src-hls/compute_controller.cpp:523]   --->   Operation 90 'getelementptr' 'compute_controller_bool_bool_unsigned_int_bool_bool_bool_bool_bool_u_399' <Predicate = (!icmp_ln518)> <Delay = 0.00>
ST_3 : Operation 91 [1/1] (0.00ns)   --->   "%compute_controller_bool_bool_unsigned_int_bool_bool_bool_bool_bool_u_400 = getelementptr i16 %compute_controller_bool_bool_unsigned_int_bool_bool_bool_bool_bool_u_190, i64 0, i64 %zext_ln518" [/home/luka/Scripting/ELEC_498-Capstone-LiteLM/HLS-Verilog/Transformer_logic/src-hls/compute_controller.cpp:523]   --->   Operation 91 'getelementptr' 'compute_controller_bool_bool_unsigned_int_bool_bool_bool_bool_bool_u_400' <Predicate = (!icmp_ln518)> <Delay = 0.00>
ST_3 : Operation 92 [1/1] (0.00ns)   --->   "%compute_controller_bool_bool_unsigned_int_bool_bool_bool_bool_bool_u_401 = getelementptr i16 %compute_controller_bool_bool_unsigned_int_bool_bool_bool_bool_bool_u_191, i64 0, i64 %zext_ln518" [/home/luka/Scripting/ELEC_498-Capstone-LiteLM/HLS-Verilog/Transformer_logic/src-hls/compute_controller.cpp:523]   --->   Operation 92 'getelementptr' 'compute_controller_bool_bool_unsigned_int_bool_bool_bool_bool_bool_u_401' <Predicate = (!icmp_ln518)> <Delay = 0.00>
ST_3 : Operation 93 [1/1] (0.00ns)   --->   "%compute_controller_bool_bool_unsigned_int_bool_bool_bool_bool_bool_u_402 = getelementptr i16 %compute_controller_bool_bool_unsigned_int_bool_bool_bool_bool_bool_u_192, i64 0, i64 %zext_ln518" [/home/luka/Scripting/ELEC_498-Capstone-LiteLM/HLS-Verilog/Transformer_logic/src-hls/compute_controller.cpp:523]   --->   Operation 93 'getelementptr' 'compute_controller_bool_bool_unsigned_int_bool_bool_bool_bool_bool_u_402' <Predicate = (!icmp_ln518)> <Delay = 0.00>
ST_3 : Operation 94 [1/1] (0.00ns)   --->   "%compute_controller_bool_bool_unsigned_int_bool_bool_bool_bool_bool_u_403 = getelementptr i16 %compute_controller_bool_bool_unsigned_int_bool_bool_bool_bool_bool_u_193, i64 0, i64 %zext_ln518" [/home/luka/Scripting/ELEC_498-Capstone-LiteLM/HLS-Verilog/Transformer_logic/src-hls/compute_controller.cpp:523]   --->   Operation 94 'getelementptr' 'compute_controller_bool_bool_unsigned_int_bool_bool_bool_bool_bool_u_403' <Predicate = (!icmp_ln518)> <Delay = 0.00>
ST_3 : Operation 95 [1/1] (0.00ns)   --->   "%compute_controller_bool_bool_unsigned_int_bool_bool_bool_bool_bool_u_404 = getelementptr i16 %compute_controller_bool_bool_unsigned_int_bool_bool_bool_bool_bool_u_194, i64 0, i64 %zext_ln518" [/home/luka/Scripting/ELEC_498-Capstone-LiteLM/HLS-Verilog/Transformer_logic/src-hls/compute_controller.cpp:523]   --->   Operation 95 'getelementptr' 'compute_controller_bool_bool_unsigned_int_bool_bool_bool_bool_bool_u_404' <Predicate = (!icmp_ln518)> <Delay = 0.00>
ST_3 : Operation 96 [1/1] (0.00ns)   --->   "%compute_controller_bool_bool_unsigned_int_bool_bool_bool_bool_bool_u_405 = getelementptr i16 %compute_controller_bool_bool_unsigned_int_bool_bool_bool_bool_bool_u_195, i64 0, i64 %zext_ln518" [/home/luka/Scripting/ELEC_498-Capstone-LiteLM/HLS-Verilog/Transformer_logic/src-hls/compute_controller.cpp:523]   --->   Operation 96 'getelementptr' 'compute_controller_bool_bool_unsigned_int_bool_bool_bool_bool_bool_u_405' <Predicate = (!icmp_ln518)> <Delay = 0.00>
ST_3 : Operation 97 [1/1] (0.00ns)   --->   "%compute_controller_bool_bool_unsigned_int_bool_bool_bool_bool_bool_u_406 = getelementptr i16 %compute_controller_bool_bool_unsigned_int_bool_bool_bool_bool_bool_u_196, i64 0, i64 %zext_ln518" [/home/luka/Scripting/ELEC_498-Capstone-LiteLM/HLS-Verilog/Transformer_logic/src-hls/compute_controller.cpp:523]   --->   Operation 97 'getelementptr' 'compute_controller_bool_bool_unsigned_int_bool_bool_bool_bool_bool_u_406' <Predicate = (!icmp_ln518)> <Delay = 0.00>
ST_3 : Operation 98 [1/1] (0.00ns)   --->   "%compute_controller_bool_bool_unsigned_int_bool_bool_bool_bool_bool_u_407 = getelementptr i16 %compute_controller_bool_bool_unsigned_int_bool_bool_bool_bool_bool_u_197, i64 0, i64 %zext_ln518" [/home/luka/Scripting/ELEC_498-Capstone-LiteLM/HLS-Verilog/Transformer_logic/src-hls/compute_controller.cpp:523]   --->   Operation 98 'getelementptr' 'compute_controller_bool_bool_unsigned_int_bool_bool_bool_bool_bool_u_407' <Predicate = (!icmp_ln518)> <Delay = 0.00>
ST_3 : Operation 99 [1/1] (0.00ns)   --->   "%compute_controller_bool_bool_unsigned_int_bool_bool_bool_bool_bool_u_408 = getelementptr i16 %compute_controller_bool_bool_unsigned_int_bool_bool_bool_bool_bool_u_198, i64 0, i64 %zext_ln518" [/home/luka/Scripting/ELEC_498-Capstone-LiteLM/HLS-Verilog/Transformer_logic/src-hls/compute_controller.cpp:523]   --->   Operation 99 'getelementptr' 'compute_controller_bool_bool_unsigned_int_bool_bool_bool_bool_bool_u_408' <Predicate = (!icmp_ln518)> <Delay = 0.00>
ST_3 : Operation 100 [1/1] (0.00ns)   --->   "%p_ZZ18compute_controllerbbjRbS_bS_S_RjPKhPhR12ComputeStateS0_RhS6_S6_S6_S_S_S_S_E_204 = getelementptr i16 %p_ZZ18compute_controllerbbjRbS_bS_S_RjPKhPhR12ComputeStateS0_RhS6_S6_S6_S_S_S_S_E_11, i64 0, i64 %zext_ln518" [/home/luka/Scripting/ELEC_498-Capstone-LiteLM/HLS-Verilog/Transformer_logic/src-hls/compute_controller.cpp:523]   --->   Operation 100 'getelementptr' 'p_ZZ18compute_controllerbbjRbS_bS_S_RjPKhPhR12ComputeStateS0_RhS6_S6_S6_S_S_S_S_E_204' <Predicate = (!icmp_ln518)> <Delay = 0.00>
ST_3 : Operation 101 [1/1] (0.00ns)   --->   "%p_ZZ18compute_controllerbbjRbS_bS_S_RjPKhPhR12ComputeStateS0_RhS6_S6_S6_S_S_S_S_E_205 = getelementptr i16 %p_ZZ18compute_controllerbbjRbS_bS_S_RjPKhPhR12ComputeStateS0_RhS6_S6_S6_S_S_S_S_E_10, i64 0, i64 %zext_ln518" [/home/luka/Scripting/ELEC_498-Capstone-LiteLM/HLS-Verilog/Transformer_logic/src-hls/compute_controller.cpp:523]   --->   Operation 101 'getelementptr' 'p_ZZ18compute_controllerbbjRbS_bS_S_RjPKhPhR12ComputeStateS0_RhS6_S6_S6_S_S_S_S_E_205' <Predicate = (!icmp_ln518)> <Delay = 0.00>
ST_3 : Operation 102 [1/1] (0.00ns)   --->   "%p_ZZ18compute_controllerbbjRbS_bS_S_RjPKhPhR12ComputeStateS0_RhS6_S6_S6_S_S_S_S_E_206 = getelementptr i16 %p_ZZ18compute_controllerbbjRbS_bS_S_RjPKhPhR12ComputeStateS0_RhS6_S6_S6_S_S_S_S_E_9, i64 0, i64 %zext_ln518" [/home/luka/Scripting/ELEC_498-Capstone-LiteLM/HLS-Verilog/Transformer_logic/src-hls/compute_controller.cpp:523]   --->   Operation 102 'getelementptr' 'p_ZZ18compute_controllerbbjRbS_bS_S_RjPKhPhR12ComputeStateS0_RhS6_S6_S6_S_S_S_S_E_206' <Predicate = (!icmp_ln518)> <Delay = 0.00>
ST_3 : Operation 103 [1/1] (0.00ns)   --->   "%p_ZZ18compute_controllerbbjRbS_bS_S_RjPKhPhR12ComputeStateS0_RhS6_S6_S6_S_S_S_S_E_207 = getelementptr i16 %p_ZZ18compute_controllerbbjRbS_bS_S_RjPKhPhR12ComputeStateS0_RhS6_S6_S6_S_S_S_S_E_8, i64 0, i64 %zext_ln518" [/home/luka/Scripting/ELEC_498-Capstone-LiteLM/HLS-Verilog/Transformer_logic/src-hls/compute_controller.cpp:523]   --->   Operation 103 'getelementptr' 'p_ZZ18compute_controllerbbjRbS_bS_S_RjPKhPhR12ComputeStateS0_RhS6_S6_S6_S_S_S_S_E_207' <Predicate = (!icmp_ln518)> <Delay = 0.00>
ST_3 : Operation 104 [1/1] (0.00ns)   --->   "%p_ZZ18compute_controllerbbjRbS_bS_S_RjPKhPhR12ComputeStateS0_RhS6_S6_S6_S_S_S_S_E_208 = getelementptr i16 %p_ZZ18compute_controllerbbjRbS_bS_S_RjPKhPhR12ComputeStateS0_RhS6_S6_S6_S_S_S_S_E_7, i64 0, i64 %zext_ln518" [/home/luka/Scripting/ELEC_498-Capstone-LiteLM/HLS-Verilog/Transformer_logic/src-hls/compute_controller.cpp:523]   --->   Operation 104 'getelementptr' 'p_ZZ18compute_controllerbbjRbS_bS_S_RjPKhPhR12ComputeStateS0_RhS6_S6_S6_S_S_S_S_E_208' <Predicate = (!icmp_ln518)> <Delay = 0.00>
ST_3 : Operation 105 [1/1] (0.00ns)   --->   "%p_ZZ18compute_controllerbbjRbS_bS_S_RjPKhPhR12ComputeStateS0_RhS6_S6_S6_S_S_S_S_E_209 = getelementptr i16 %p_ZZ18compute_controllerbbjRbS_bS_S_RjPKhPhR12ComputeStateS0_RhS6_S6_S6_S_S_S_S_E_6, i64 0, i64 %zext_ln518" [/home/luka/Scripting/ELEC_498-Capstone-LiteLM/HLS-Verilog/Transformer_logic/src-hls/compute_controller.cpp:523]   --->   Operation 105 'getelementptr' 'p_ZZ18compute_controllerbbjRbS_bS_S_RjPKhPhR12ComputeStateS0_RhS6_S6_S6_S_S_S_S_E_209' <Predicate = (!icmp_ln518)> <Delay = 0.00>
ST_3 : Operation 106 [1/2] ( I:1.23ns O:1.23ns )   --->   "%in_buf_load_6 = load i13 %in_buf_addr_6" [/home/luka/Scripting/ELEC_498-Capstone-LiteLM/HLS-Verilog/Transformer_logic/src-hls/../../top_params.hpp:595->/home/luka/Scripting/ELEC_498-Capstone-LiteLM/HLS-Verilog/Transformer_logic/src-hls/compute_controller.cpp:525]   --->   Operation 106 'load' 'in_buf_load_6' <Predicate = (!icmp_ln518)> <Delay = 1.23> <CoreInst = "RAM">   --->   Core 82 'RAM' <Latency = 1> <II = 1> <Delay = 1.23> <Storage> <Opcode : 'load' 'store'> <Ports = 2> <Width = 8> <Depth = 5088> <RAM>
ST_3 : Operation 107 [1/1] (0.79ns)   --->   "%add_ln596_1 = add i11 %zext_ln523, i11 961" [/home/luka/Scripting/ELEC_498-Capstone-LiteLM/HLS-Verilog/Transformer_logic/src-hls/../../top_params.hpp:596->/home/luka/Scripting/ELEC_498-Capstone-LiteLM/HLS-Verilog/Transformer_logic/src-hls/compute_controller.cpp:525]   --->   Operation 107 'add' 'add_ln596_1' <Predicate = (!icmp_ln518)> <Delay = 0.79> <CoreInst = "Adder">   --->   Core 1 'Adder' <Latency = 0> <II = 1> <Delay = 0.79> <FuncUnit> <Opcode : 'add' 'sub'> <InPorts = 2> <OutPorts = 1>
ST_3 : Operation 108 [1/1] (0.00ns)   --->   "%zext_ln596_1 = zext i11 %add_ln596_1" [/home/luka/Scripting/ELEC_498-Capstone-LiteLM/HLS-Verilog/Transformer_logic/src-hls/../../top_params.hpp:596->/home/luka/Scripting/ELEC_498-Capstone-LiteLM/HLS-Verilog/Transformer_logic/src-hls/compute_controller.cpp:525]   --->   Operation 108 'zext' 'zext_ln596_1' <Predicate = (!icmp_ln518)> <Delay = 0.00>
ST_3 : Operation 109 [1/1] (0.00ns)   --->   "%in_buf_addr_7 = getelementptr i8 %in_buf, i64 0, i64 %zext_ln596_1" [/home/luka/Scripting/ELEC_498-Capstone-LiteLM/HLS-Verilog/Transformer_logic/src-hls/../../top_params.hpp:596->/home/luka/Scripting/ELEC_498-Capstone-LiteLM/HLS-Verilog/Transformer_logic/src-hls/compute_controller.cpp:525]   --->   Operation 109 'getelementptr' 'in_buf_addr_7' <Predicate = (!icmp_ln518)> <Delay = 0.00>
ST_3 : Operation 110 [2/2] (1.23ns)   --->   "%in_buf_load_7 = load i13 %in_buf_addr_7" [/home/luka/Scripting/ELEC_498-Capstone-LiteLM/HLS-Verilog/Transformer_logic/src-hls/../../top_params.hpp:596->/home/luka/Scripting/ELEC_498-Capstone-LiteLM/HLS-Verilog/Transformer_logic/src-hls/compute_controller.cpp:525]   --->   Operation 110 'load' 'in_buf_load_7' <Predicate = (!icmp_ln518)> <Delay = 1.23> <CoreInst = "RAM">   --->   Core 82 'RAM' <Latency = 1> <II = 1> <Delay = 1.23> <Storage> <Opcode : 'load' 'store'> <Ports = 2> <Width = 8> <Depth = 5088> <RAM>
ST_3 : Operation 111 [1/1] ( I:0.67ns O:0.67ns )   --->   "%store_ln523 = store i16 %v, i4 %p_ZZ18compute_controllerbbjRbS_bS_S_RjPKhPhR12ComputeStateS0_RhS6_S6_S6_S_S_S_S_E_208" [/home/luka/Scripting/ELEC_498-Capstone-LiteLM/HLS-Verilog/Transformer_logic/src-hls/compute_controller.cpp:523]   --->   Operation 111 'store' 'store_ln523' <Predicate = (!icmp_ln518 & trunc_ln518 == 14)> <Delay = 0.67> <CoreInst = "RAM">   --->   Core 82 'RAM' <Latency = 1> <II = 1> <Delay = 0.67> <Storage> <Opcode : 'load' 'store'> <Ports = 2> <Width = 16> <Depth = 12> <RAM>
ST_3 : Operation 112 [1/1] ( I:0.67ns O:0.67ns )   --->   "%store_ln523 = store i16 %v, i4 %p_ZZ18compute_controllerbbjRbS_bS_S_RjPKhPhR12ComputeStateS0_RhS6_S6_S6_S_S_S_S_E_207" [/home/luka/Scripting/ELEC_498-Capstone-LiteLM/HLS-Verilog/Transformer_logic/src-hls/compute_controller.cpp:523]   --->   Operation 112 'store' 'store_ln523' <Predicate = (!icmp_ln518 & trunc_ln518 == 13)> <Delay = 0.67> <CoreInst = "RAM">   --->   Core 82 'RAM' <Latency = 1> <II = 1> <Delay = 0.67> <Storage> <Opcode : 'load' 'store'> <Ports = 2> <Width = 16> <Depth = 12> <RAM>
ST_3 : Operation 113 [1/1] ( I:0.67ns O:0.67ns )   --->   "%store_ln523 = store i16 %v, i4 %p_ZZ18compute_controllerbbjRbS_bS_S_RjPKhPhR12ComputeStateS0_RhS6_S6_S6_S_S_S_S_E_206" [/home/luka/Scripting/ELEC_498-Capstone-LiteLM/HLS-Verilog/Transformer_logic/src-hls/compute_controller.cpp:523]   --->   Operation 113 'store' 'store_ln523' <Predicate = (!icmp_ln518 & trunc_ln518 == 12)> <Delay = 0.67> <CoreInst = "RAM">   --->   Core 82 'RAM' <Latency = 1> <II = 1> <Delay = 0.67> <Storage> <Opcode : 'load' 'store'> <Ports = 2> <Width = 16> <Depth = 12> <RAM>
ST_3 : Operation 114 [1/1] ( I:0.67ns O:0.67ns )   --->   "%store_ln523 = store i16 %v, i4 %p_ZZ18compute_controllerbbjRbS_bS_S_RjPKhPhR12ComputeStateS0_RhS6_S6_S6_S_S_S_S_E_205" [/home/luka/Scripting/ELEC_498-Capstone-LiteLM/HLS-Verilog/Transformer_logic/src-hls/compute_controller.cpp:523]   --->   Operation 114 'store' 'store_ln523' <Predicate = (!icmp_ln518 & trunc_ln518 == 11)> <Delay = 0.67> <CoreInst = "RAM">   --->   Core 82 'RAM' <Latency = 1> <II = 1> <Delay = 0.67> <Storage> <Opcode : 'load' 'store'> <Ports = 2> <Width = 16> <Depth = 12> <RAM>
ST_3 : Operation 115 [1/1] ( I:0.67ns O:0.67ns )   --->   "%store_ln523 = store i16 %v, i4 %p_ZZ18compute_controllerbbjRbS_bS_S_RjPKhPhR12ComputeStateS0_RhS6_S6_S6_S_S_S_S_E_204" [/home/luka/Scripting/ELEC_498-Capstone-LiteLM/HLS-Verilog/Transformer_logic/src-hls/compute_controller.cpp:523]   --->   Operation 115 'store' 'store_ln523' <Predicate = (!icmp_ln518 & trunc_ln518 == 10)> <Delay = 0.67> <CoreInst = "RAM">   --->   Core 82 'RAM' <Latency = 1> <II = 1> <Delay = 0.67> <Storage> <Opcode : 'load' 'store'> <Ports = 2> <Width = 16> <Depth = 12> <RAM>
ST_3 : Operation 116 [1/1] ( I:0.67ns O:0.67ns )   --->   "%store_ln523 = store i16 %v, i4 %compute_controller_bool_bool_unsigned_int_bool_bool_bool_bool_bool_u_408" [/home/luka/Scripting/ELEC_498-Capstone-LiteLM/HLS-Verilog/Transformer_logic/src-hls/compute_controller.cpp:523]   --->   Operation 116 'store' 'store_ln523' <Predicate = (!icmp_ln518 & trunc_ln518 == 9)> <Delay = 0.67> <CoreInst = "RAM">   --->   Core 82 'RAM' <Latency = 1> <II = 1> <Delay = 0.67> <Storage> <Opcode : 'load' 'store'> <Ports = 2> <Width = 16> <Depth = 12> <RAM>
ST_3 : Operation 117 [1/1] ( I:0.67ns O:0.67ns )   --->   "%store_ln523 = store i16 %v, i4 %compute_controller_bool_bool_unsigned_int_bool_bool_bool_bool_bool_u_407" [/home/luka/Scripting/ELEC_498-Capstone-LiteLM/HLS-Verilog/Transformer_logic/src-hls/compute_controller.cpp:523]   --->   Operation 117 'store' 'store_ln523' <Predicate = (!icmp_ln518 & trunc_ln518 == 8)> <Delay = 0.67> <CoreInst = "RAM">   --->   Core 82 'RAM' <Latency = 1> <II = 1> <Delay = 0.67> <Storage> <Opcode : 'load' 'store'> <Ports = 2> <Width = 16> <Depth = 12> <RAM>
ST_3 : Operation 118 [1/1] ( I:0.67ns O:0.67ns )   --->   "%store_ln523 = store i16 %v, i4 %compute_controller_bool_bool_unsigned_int_bool_bool_bool_bool_bool_u_406" [/home/luka/Scripting/ELEC_498-Capstone-LiteLM/HLS-Verilog/Transformer_logic/src-hls/compute_controller.cpp:523]   --->   Operation 118 'store' 'store_ln523' <Predicate = (!icmp_ln518 & trunc_ln518 == 7)> <Delay = 0.67> <CoreInst = "RAM">   --->   Core 82 'RAM' <Latency = 1> <II = 1> <Delay = 0.67> <Storage> <Opcode : 'load' 'store'> <Ports = 2> <Width = 16> <Depth = 12> <RAM>
ST_3 : Operation 119 [1/1] ( I:0.67ns O:0.67ns )   --->   "%store_ln523 = store i16 %v, i4 %compute_controller_bool_bool_unsigned_int_bool_bool_bool_bool_bool_u_405" [/home/luka/Scripting/ELEC_498-Capstone-LiteLM/HLS-Verilog/Transformer_logic/src-hls/compute_controller.cpp:523]   --->   Operation 119 'store' 'store_ln523' <Predicate = (!icmp_ln518 & trunc_ln518 == 6)> <Delay = 0.67> <CoreInst = "RAM">   --->   Core 82 'RAM' <Latency = 1> <II = 1> <Delay = 0.67> <Storage> <Opcode : 'load' 'store'> <Ports = 2> <Width = 16> <Depth = 12> <RAM>
ST_3 : Operation 120 [1/1] ( I:0.67ns O:0.67ns )   --->   "%store_ln523 = store i16 %v, i4 %compute_controller_bool_bool_unsigned_int_bool_bool_bool_bool_bool_u_404" [/home/luka/Scripting/ELEC_498-Capstone-LiteLM/HLS-Verilog/Transformer_logic/src-hls/compute_controller.cpp:523]   --->   Operation 120 'store' 'store_ln523' <Predicate = (!icmp_ln518 & trunc_ln518 == 5)> <Delay = 0.67> <CoreInst = "RAM">   --->   Core 82 'RAM' <Latency = 1> <II = 1> <Delay = 0.67> <Storage> <Opcode : 'load' 'store'> <Ports = 2> <Width = 16> <Depth = 12> <RAM>
ST_3 : Operation 121 [1/1] ( I:0.67ns O:0.67ns )   --->   "%store_ln523 = store i16 %v, i4 %compute_controller_bool_bool_unsigned_int_bool_bool_bool_bool_bool_u_403" [/home/luka/Scripting/ELEC_498-Capstone-LiteLM/HLS-Verilog/Transformer_logic/src-hls/compute_controller.cpp:523]   --->   Operation 121 'store' 'store_ln523' <Predicate = (!icmp_ln518 & trunc_ln518 == 4)> <Delay = 0.67> <CoreInst = "RAM">   --->   Core 82 'RAM' <Latency = 1> <II = 1> <Delay = 0.67> <Storage> <Opcode : 'load' 'store'> <Ports = 2> <Width = 16> <Depth = 12> <RAM>
ST_3 : Operation 122 [1/1] ( I:0.67ns O:0.67ns )   --->   "%store_ln523 = store i16 %v, i4 %compute_controller_bool_bool_unsigned_int_bool_bool_bool_bool_bool_u_402" [/home/luka/Scripting/ELEC_498-Capstone-LiteLM/HLS-Verilog/Transformer_logic/src-hls/compute_controller.cpp:523]   --->   Operation 122 'store' 'store_ln523' <Predicate = (!icmp_ln518 & trunc_ln518 == 3)> <Delay = 0.67> <CoreInst = "RAM">   --->   Core 82 'RAM' <Latency = 1> <II = 1> <Delay = 0.67> <Storage> <Opcode : 'load' 'store'> <Ports = 2> <Width = 16> <Depth = 12> <RAM>
ST_3 : Operation 123 [1/1] ( I:0.67ns O:0.67ns )   --->   "%store_ln523 = store i16 %v, i4 %compute_controller_bool_bool_unsigned_int_bool_bool_bool_bool_bool_u_401" [/home/luka/Scripting/ELEC_498-Capstone-LiteLM/HLS-Verilog/Transformer_logic/src-hls/compute_controller.cpp:523]   --->   Operation 123 'store' 'store_ln523' <Predicate = (!icmp_ln518 & trunc_ln518 == 2)> <Delay = 0.67> <CoreInst = "RAM">   --->   Core 82 'RAM' <Latency = 1> <II = 1> <Delay = 0.67> <Storage> <Opcode : 'load' 'store'> <Ports = 2> <Width = 16> <Depth = 12> <RAM>
ST_3 : Operation 124 [1/1] ( I:0.67ns O:0.67ns )   --->   "%store_ln523 = store i16 %v, i4 %compute_controller_bool_bool_unsigned_int_bool_bool_bool_bool_bool_u_400" [/home/luka/Scripting/ELEC_498-Capstone-LiteLM/HLS-Verilog/Transformer_logic/src-hls/compute_controller.cpp:523]   --->   Operation 124 'store' 'store_ln523' <Predicate = (!icmp_ln518 & trunc_ln518 == 1)> <Delay = 0.67> <CoreInst = "RAM">   --->   Core 82 'RAM' <Latency = 1> <II = 1> <Delay = 0.67> <Storage> <Opcode : 'load' 'store'> <Ports = 2> <Width = 16> <Depth = 12> <RAM>
ST_3 : Operation 125 [1/1] ( I:0.67ns O:0.67ns )   --->   "%store_ln523 = store i16 %v, i4 %compute_controller_bool_bool_unsigned_int_bool_bool_bool_bool_bool_u_399" [/home/luka/Scripting/ELEC_498-Capstone-LiteLM/HLS-Verilog/Transformer_logic/src-hls/compute_controller.cpp:523]   --->   Operation 125 'store' 'store_ln523' <Predicate = (!icmp_ln518 & trunc_ln518 == 0)> <Delay = 0.67> <CoreInst = "RAM">   --->   Core 82 'RAM' <Latency = 1> <II = 1> <Delay = 0.67> <Storage> <Opcode : 'load' 'store'> <Ports = 2> <Width = 16> <Depth = 12> <RAM>
ST_3 : Operation 126 [1/1] ( I:0.67ns O:0.67ns )   --->   "%store_ln523 = store i16 %v, i4 %p_ZZ18compute_controllerbbjRbS_bS_S_RjPKhPhR12ComputeStateS0_RhS6_S6_S6_S_S_S_S_E_209" [/home/luka/Scripting/ELEC_498-Capstone-LiteLM/HLS-Verilog/Transformer_logic/src-hls/compute_controller.cpp:523]   --->   Operation 126 'store' 'store_ln523' <Predicate = (!icmp_ln518 & trunc_ln518 == 15)> <Delay = 0.67> <CoreInst = "RAM">   --->   Core 82 'RAM' <Latency = 1> <II = 1> <Delay = 0.67> <Storage> <Opcode : 'load' 'store'> <Ports = 2> <Width = 16> <Depth = 12> <RAM>

State 4 <SV = 3> <Delay = 1.91>
ST_4 : Operation 127 [1/1] (0.00ns)   --->   "%specpipeline_ln519 = specpipeline void @_ssdm_op_SpecPipeline, i32 1, i32 0, i32 0, i32 0, void @empty_15" [/home/luka/Scripting/ELEC_498-Capstone-LiteLM/HLS-Verilog/Transformer_logic/src-hls/compute_controller.cpp:519]   --->   Operation 127 'specpipeline' 'specpipeline_ln519' <Predicate = true> <Delay = 0.00>
ST_4 : Operation 128 [1/1] (0.00ns)   --->   "%speclooptripcount_ln518 = speclooptripcount void @_ssdm_op_SpecLoopTripCount, i64 192, i64 192, i64 192" [/home/luka/Scripting/ELEC_498-Capstone-LiteLM/HLS-Verilog/Transformer_logic/src-hls/compute_controller.cpp:518]   --->   Operation 128 'speclooptripcount' 'speclooptripcount_ln518' <Predicate = true> <Delay = 0.00>
ST_4 : Operation 129 [1/1] (0.00ns)   --->   "%specloopname_ln518 = specloopname void @_ssdm_op_SpecLoopName, void @empty_2" [/home/luka/Scripting/ELEC_498-Capstone-LiteLM/HLS-Verilog/Transformer_logic/src-hls/compute_controller.cpp:518]   --->   Operation 129 'specloopname' 'specloopname_ln518' <Predicate = true> <Delay = 0.00>
ST_4 : Operation 130 [1/2] ( I:1.23ns O:1.23ns )   --->   "%in_buf_load_7 = load i13 %in_buf_addr_7" [/home/luka/Scripting/ELEC_498-Capstone-LiteLM/HLS-Verilog/Transformer_logic/src-hls/../../top_params.hpp:596->/home/luka/Scripting/ELEC_498-Capstone-LiteLM/HLS-Verilog/Transformer_logic/src-hls/compute_controller.cpp:525]   --->   Operation 130 'load' 'in_buf_load_7' <Predicate = true> <Delay = 1.23> <CoreInst = "RAM">   --->   Core 82 'RAM' <Latency = 1> <II = 1> <Delay = 1.23> <Storage> <Opcode : 'load' 'store'> <Ports = 2> <Width = 8> <Depth = 5088> <RAM>
ST_4 : Operation 131 [1/1] (0.00ns)   --->   "%v_1 = bitconcatenate i16 @_ssdm_op_BitConcatenate.i16.i8.i8, i8 %in_buf_load_7, i8 %in_buf_load_6" [/home/luka/Scripting/ELEC_498-Capstone-LiteLM/HLS-Verilog/Transformer_logic/src-hls/../../top_params.hpp:599->/home/luka/Scripting/ELEC_498-Capstone-LiteLM/HLS-Verilog/Transformer_logic/src-hls/compute_controller.cpp:525]   --->   Operation 131 'bitconcatenate' 'v_1' <Predicate = true> <Delay = 0.00>
ST_4 : Operation 132 [1/1] (0.00ns)   --->   "%compute_controller_bool_bool_unsigned_int_bool_bool_bool_bool_bool_u_409 = getelementptr i16 %compute_controller_bool_bool_unsigned_int_bool_bool_bool_bool_bool_u_179, i64 0, i64 %zext_ln518" [/home/luka/Scripting/ELEC_498-Capstone-LiteLM/HLS-Verilog/Transformer_logic/src-hls/compute_controller.cpp:525]   --->   Operation 132 'getelementptr' 'compute_controller_bool_bool_unsigned_int_bool_bool_bool_bool_bool_u_409' <Predicate = true> <Delay = 0.00>
ST_4 : Operation 133 [1/1] (0.00ns)   --->   "%compute_controller_bool_bool_unsigned_int_bool_bool_bool_bool_bool_u_410 = getelementptr i16 %compute_controller_bool_bool_unsigned_int_bool_bool_bool_bool_bool_u_180, i64 0, i64 %zext_ln518" [/home/luka/Scripting/ELEC_498-Capstone-LiteLM/HLS-Verilog/Transformer_logic/src-hls/compute_controller.cpp:525]   --->   Operation 133 'getelementptr' 'compute_controller_bool_bool_unsigned_int_bool_bool_bool_bool_bool_u_410' <Predicate = true> <Delay = 0.00>
ST_4 : Operation 134 [1/1] (0.00ns)   --->   "%compute_controller_bool_bool_unsigned_int_bool_bool_bool_bool_bool_u_411 = getelementptr i16 %compute_controller_bool_bool_unsigned_int_bool_bool_bool_bool_bool_u_181, i64 0, i64 %zext_ln518" [/home/luka/Scripting/ELEC_498-Capstone-LiteLM/HLS-Verilog/Transformer_logic/src-hls/compute_controller.cpp:525]   --->   Operation 134 'getelementptr' 'compute_controller_bool_bool_unsigned_int_bool_bool_bool_bool_bool_u_411' <Predicate = true> <Delay = 0.00>
ST_4 : Operation 135 [1/1] (0.00ns)   --->   "%compute_controller_bool_bool_unsigned_int_bool_bool_bool_bool_bool_u_412 = getelementptr i16 %compute_controller_bool_bool_unsigned_int_bool_bool_bool_bool_bool_u_182, i64 0, i64 %zext_ln518" [/home/luka/Scripting/ELEC_498-Capstone-LiteLM/HLS-Verilog/Transformer_logic/src-hls/compute_controller.cpp:525]   --->   Operation 135 'getelementptr' 'compute_controller_bool_bool_unsigned_int_bool_bool_bool_bool_bool_u_412' <Predicate = true> <Delay = 0.00>
ST_4 : Operation 136 [1/1] (0.00ns)   --->   "%compute_controller_bool_bool_unsigned_int_bool_bool_bool_bool_bool_u_413 = getelementptr i16 %compute_controller_bool_bool_unsigned_int_bool_bool_bool_bool_bool_u_183, i64 0, i64 %zext_ln518" [/home/luka/Scripting/ELEC_498-Capstone-LiteLM/HLS-Verilog/Transformer_logic/src-hls/compute_controller.cpp:525]   --->   Operation 136 'getelementptr' 'compute_controller_bool_bool_unsigned_int_bool_bool_bool_bool_bool_u_413' <Predicate = true> <Delay = 0.00>
ST_4 : Operation 137 [1/1] (0.00ns)   --->   "%compute_controller_bool_bool_unsigned_int_bool_bool_bool_bool_bool_u_414 = getelementptr i16 %compute_controller_bool_bool_unsigned_int_bool_bool_bool_bool_bool_u_184, i64 0, i64 %zext_ln518" [/home/luka/Scripting/ELEC_498-Capstone-LiteLM/HLS-Verilog/Transformer_logic/src-hls/compute_controller.cpp:525]   --->   Operation 137 'getelementptr' 'compute_controller_bool_bool_unsigned_int_bool_bool_bool_bool_bool_u_414' <Predicate = true> <Delay = 0.00>
ST_4 : Operation 138 [1/1] (0.00ns)   --->   "%compute_controller_bool_bool_unsigned_int_bool_bool_bool_bool_bool_u_415 = getelementptr i16 %compute_controller_bool_bool_unsigned_int_bool_bool_bool_bool_bool_u_185, i64 0, i64 %zext_ln518" [/home/luka/Scripting/ELEC_498-Capstone-LiteLM/HLS-Verilog/Transformer_logic/src-hls/compute_controller.cpp:525]   --->   Operation 138 'getelementptr' 'compute_controller_bool_bool_unsigned_int_bool_bool_bool_bool_bool_u_415' <Predicate = true> <Delay = 0.00>
ST_4 : Operation 139 [1/1] (0.00ns)   --->   "%compute_controller_bool_bool_unsigned_int_bool_bool_bool_bool_bool_u_416 = getelementptr i16 %compute_controller_bool_bool_unsigned_int_bool_bool_bool_bool_bool_u_186, i64 0, i64 %zext_ln518" [/home/luka/Scripting/ELEC_498-Capstone-LiteLM/HLS-Verilog/Transformer_logic/src-hls/compute_controller.cpp:525]   --->   Operation 139 'getelementptr' 'compute_controller_bool_bool_unsigned_int_bool_bool_bool_bool_bool_u_416' <Predicate = true> <Delay = 0.00>
ST_4 : Operation 140 [1/1] (0.00ns)   --->   "%compute_controller_bool_bool_unsigned_int_bool_bool_bool_bool_bool_u_417 = getelementptr i16 %compute_controller_bool_bool_unsigned_int_bool_bool_bool_bool_bool_u_187, i64 0, i64 %zext_ln518" [/home/luka/Scripting/ELEC_498-Capstone-LiteLM/HLS-Verilog/Transformer_logic/src-hls/compute_controller.cpp:525]   --->   Operation 140 'getelementptr' 'compute_controller_bool_bool_unsigned_int_bool_bool_bool_bool_bool_u_417' <Predicate = true> <Delay = 0.00>
ST_4 : Operation 141 [1/1] (0.00ns)   --->   "%compute_controller_bool_bool_unsigned_int_bool_bool_bool_bool_bool_u_418 = getelementptr i16 %compute_controller_bool_bool_unsigned_int_bool_bool_bool_bool_bool_u_188, i64 0, i64 %zext_ln518" [/home/luka/Scripting/ELEC_498-Capstone-LiteLM/HLS-Verilog/Transformer_logic/src-hls/compute_controller.cpp:525]   --->   Operation 141 'getelementptr' 'compute_controller_bool_bool_unsigned_int_bool_bool_bool_bool_bool_u_418' <Predicate = true> <Delay = 0.00>
ST_4 : Operation 142 [1/1] (0.00ns)   --->   "%p_ZZ18compute_controllerbbjRbS_bS_S_RjPKhPhR12ComputeStateS0_RhS6_S6_S6_S_S_S_S_E_210 = getelementptr i16 %p_ZZ18compute_controllerbbjRbS_bS_S_RjPKhPhR12ComputeStateS0_RhS6_S6_S6_S_S_S_S_E_35, i64 0, i64 %zext_ln518" [/home/luka/Scripting/ELEC_498-Capstone-LiteLM/HLS-Verilog/Transformer_logic/src-hls/compute_controller.cpp:525]   --->   Operation 142 'getelementptr' 'p_ZZ18compute_controllerbbjRbS_bS_S_RjPKhPhR12ComputeStateS0_RhS6_S6_S6_S_S_S_S_E_210' <Predicate = true> <Delay = 0.00>
ST_4 : Operation 143 [1/1] (0.00ns)   --->   "%p_ZZ18compute_controllerbbjRbS_bS_S_RjPKhPhR12ComputeStateS0_RhS6_S6_S6_S_S_S_S_E_211 = getelementptr i16 %p_ZZ18compute_controllerbbjRbS_bS_S_RjPKhPhR12ComputeStateS0_RhS6_S6_S6_S_S_S_S_E_34, i64 0, i64 %zext_ln518" [/home/luka/Scripting/ELEC_498-Capstone-LiteLM/HLS-Verilog/Transformer_logic/src-hls/compute_controller.cpp:525]   --->   Operation 143 'getelementptr' 'p_ZZ18compute_controllerbbjRbS_bS_S_RjPKhPhR12ComputeStateS0_RhS6_S6_S6_S_S_S_S_E_211' <Predicate = true> <Delay = 0.00>
ST_4 : Operation 144 [1/1] (0.00ns)   --->   "%p_ZZ18compute_controllerbbjRbS_bS_S_RjPKhPhR12ComputeStateS0_RhS6_S6_S6_S_S_S_S_E_212 = getelementptr i16 %p_ZZ18compute_controllerbbjRbS_bS_S_RjPKhPhR12ComputeStateS0_RhS6_S6_S6_S_S_S_S_E_33, i64 0, i64 %zext_ln518" [/home/luka/Scripting/ELEC_498-Capstone-LiteLM/HLS-Verilog/Transformer_logic/src-hls/compute_controller.cpp:525]   --->   Operation 144 'getelementptr' 'p_ZZ18compute_controllerbbjRbS_bS_S_RjPKhPhR12ComputeStateS0_RhS6_S6_S6_S_S_S_S_E_212' <Predicate = true> <Delay = 0.00>
ST_4 : Operation 145 [1/1] (0.00ns)   --->   "%p_ZZ18compute_controllerbbjRbS_bS_S_RjPKhPhR12ComputeStateS0_RhS6_S6_S6_S_S_S_S_E_213 = getelementptr i16 %p_ZZ18compute_controllerbbjRbS_bS_S_RjPKhPhR12ComputeStateS0_RhS6_S6_S6_S_S_S_S_E_32, i64 0, i64 %zext_ln518" [/home/luka/Scripting/ELEC_498-Capstone-LiteLM/HLS-Verilog/Transformer_logic/src-hls/compute_controller.cpp:525]   --->   Operation 145 'getelementptr' 'p_ZZ18compute_controllerbbjRbS_bS_S_RjPKhPhR12ComputeStateS0_RhS6_S6_S6_S_S_S_S_E_213' <Predicate = true> <Delay = 0.00>
ST_4 : Operation 146 [1/1] (0.00ns)   --->   "%p_ZZ18compute_controllerbbjRbS_bS_S_RjPKhPhR12ComputeStateS0_RhS6_S6_S6_S_S_S_S_E_214 = getelementptr i16 %p_ZZ18compute_controllerbbjRbS_bS_S_RjPKhPhR12ComputeStateS0_RhS6_S6_S6_S_S_S_S_E_31, i64 0, i64 %zext_ln518" [/home/luka/Scripting/ELEC_498-Capstone-LiteLM/HLS-Verilog/Transformer_logic/src-hls/compute_controller.cpp:525]   --->   Operation 146 'getelementptr' 'p_ZZ18compute_controllerbbjRbS_bS_S_RjPKhPhR12ComputeStateS0_RhS6_S6_S6_S_S_S_S_E_214' <Predicate = true> <Delay = 0.00>
ST_4 : Operation 147 [1/1] (0.00ns)   --->   "%p_ZZ18compute_controllerbbjRbS_bS_S_RjPKhPhR12ComputeStateS0_RhS6_S6_S6_S_S_S_S_E_215 = getelementptr i16 %p_ZZ18compute_controllerbbjRbS_bS_S_RjPKhPhR12ComputeStateS0_RhS6_S6_S6_S_S_S_S_E_30, i64 0, i64 %zext_ln518" [/home/luka/Scripting/ELEC_498-Capstone-LiteLM/HLS-Verilog/Transformer_logic/src-hls/compute_controller.cpp:525]   --->   Operation 147 'getelementptr' 'p_ZZ18compute_controllerbbjRbS_bS_S_RjPKhPhR12ComputeStateS0_RhS6_S6_S6_S_S_S_S_E_215' <Predicate = true> <Delay = 0.00>
ST_4 : Operation 148 [1/1] ( I:0.67ns O:0.67ns )   --->   "%store_ln525 = store i16 %v_1, i4 %p_ZZ18compute_controllerbbjRbS_bS_S_RjPKhPhR12ComputeStateS0_RhS6_S6_S6_S_S_S_S_E_214" [/home/luka/Scripting/ELEC_498-Capstone-LiteLM/HLS-Verilog/Transformer_logic/src-hls/compute_controller.cpp:525]   --->   Operation 148 'store' 'store_ln525' <Predicate = (trunc_ln518 == 14)> <Delay = 0.67> <CoreInst = "RAM">   --->   Core 82 'RAM' <Latency = 1> <II = 1> <Delay = 0.67> <Storage> <Opcode : 'load' 'store'> <Ports = 2> <Width = 16> <Depth = 12> <RAM>
ST_4 : Operation 149 [1/1] ( I:0.67ns O:0.67ns )   --->   "%store_ln525 = store i16 %v_1, i4 %p_ZZ18compute_controllerbbjRbS_bS_S_RjPKhPhR12ComputeStateS0_RhS6_S6_S6_S_S_S_S_E_213" [/home/luka/Scripting/ELEC_498-Capstone-LiteLM/HLS-Verilog/Transformer_logic/src-hls/compute_controller.cpp:525]   --->   Operation 149 'store' 'store_ln525' <Predicate = (trunc_ln518 == 13)> <Delay = 0.67> <CoreInst = "RAM">   --->   Core 82 'RAM' <Latency = 1> <II = 1> <Delay = 0.67> <Storage> <Opcode : 'load' 'store'> <Ports = 2> <Width = 16> <Depth = 12> <RAM>
ST_4 : Operation 150 [1/1] ( I:0.67ns O:0.67ns )   --->   "%store_ln525 = store i16 %v_1, i4 %p_ZZ18compute_controllerbbjRbS_bS_S_RjPKhPhR12ComputeStateS0_RhS6_S6_S6_S_S_S_S_E_212" [/home/luka/Scripting/ELEC_498-Capstone-LiteLM/HLS-Verilog/Transformer_logic/src-hls/compute_controller.cpp:525]   --->   Operation 150 'store' 'store_ln525' <Predicate = (trunc_ln518 == 12)> <Delay = 0.67> <CoreInst = "RAM">   --->   Core 82 'RAM' <Latency = 1> <II = 1> <Delay = 0.67> <Storage> <Opcode : 'load' 'store'> <Ports = 2> <Width = 16> <Depth = 12> <RAM>
ST_4 : Operation 151 [1/1] ( I:0.67ns O:0.67ns )   --->   "%store_ln525 = store i16 %v_1, i4 %p_ZZ18compute_controllerbbjRbS_bS_S_RjPKhPhR12ComputeStateS0_RhS6_S6_S6_S_S_S_S_E_211" [/home/luka/Scripting/ELEC_498-Capstone-LiteLM/HLS-Verilog/Transformer_logic/src-hls/compute_controller.cpp:525]   --->   Operation 151 'store' 'store_ln525' <Predicate = (trunc_ln518 == 11)> <Delay = 0.67> <CoreInst = "RAM">   --->   Core 82 'RAM' <Latency = 1> <II = 1> <Delay = 0.67> <Storage> <Opcode : 'load' 'store'> <Ports = 2> <Width = 16> <Depth = 12> <RAM>
ST_4 : Operation 152 [1/1] ( I:0.67ns O:0.67ns )   --->   "%store_ln525 = store i16 %v_1, i4 %p_ZZ18compute_controllerbbjRbS_bS_S_RjPKhPhR12ComputeStateS0_RhS6_S6_S6_S_S_S_S_E_210" [/home/luka/Scripting/ELEC_498-Capstone-LiteLM/HLS-Verilog/Transformer_logic/src-hls/compute_controller.cpp:525]   --->   Operation 152 'store' 'store_ln525' <Predicate = (trunc_ln518 == 10)> <Delay = 0.67> <CoreInst = "RAM">   --->   Core 82 'RAM' <Latency = 1> <II = 1> <Delay = 0.67> <Storage> <Opcode : 'load' 'store'> <Ports = 2> <Width = 16> <Depth = 12> <RAM>
ST_4 : Operation 153 [1/1] ( I:0.67ns O:0.67ns )   --->   "%store_ln525 = store i16 %v_1, i4 %compute_controller_bool_bool_unsigned_int_bool_bool_bool_bool_bool_u_418" [/home/luka/Scripting/ELEC_498-Capstone-LiteLM/HLS-Verilog/Transformer_logic/src-hls/compute_controller.cpp:525]   --->   Operation 153 'store' 'store_ln525' <Predicate = (trunc_ln518 == 9)> <Delay = 0.67> <CoreInst = "RAM">   --->   Core 82 'RAM' <Latency = 1> <II = 1> <Delay = 0.67> <Storage> <Opcode : 'load' 'store'> <Ports = 2> <Width = 16> <Depth = 12> <RAM>
ST_4 : Operation 154 [1/1] ( I:0.67ns O:0.67ns )   --->   "%store_ln525 = store i16 %v_1, i4 %compute_controller_bool_bool_unsigned_int_bool_bool_bool_bool_bool_u_417" [/home/luka/Scripting/ELEC_498-Capstone-LiteLM/HLS-Verilog/Transformer_logic/src-hls/compute_controller.cpp:525]   --->   Operation 154 'store' 'store_ln525' <Predicate = (trunc_ln518 == 8)> <Delay = 0.67> <CoreInst = "RAM">   --->   Core 82 'RAM' <Latency = 1> <II = 1> <Delay = 0.67> <Storage> <Opcode : 'load' 'store'> <Ports = 2> <Width = 16> <Depth = 12> <RAM>
ST_4 : Operation 155 [1/1] ( I:0.67ns O:0.67ns )   --->   "%store_ln525 = store i16 %v_1, i4 %compute_controller_bool_bool_unsigned_int_bool_bool_bool_bool_bool_u_416" [/home/luka/Scripting/ELEC_498-Capstone-LiteLM/HLS-Verilog/Transformer_logic/src-hls/compute_controller.cpp:525]   --->   Operation 155 'store' 'store_ln525' <Predicate = (trunc_ln518 == 7)> <Delay = 0.67> <CoreInst = "RAM">   --->   Core 82 'RAM' <Latency = 1> <II = 1> <Delay = 0.67> <Storage> <Opcode : 'load' 'store'> <Ports = 2> <Width = 16> <Depth = 12> <RAM>
ST_4 : Operation 156 [1/1] ( I:0.67ns O:0.67ns )   --->   "%store_ln525 = store i16 %v_1, i4 %compute_controller_bool_bool_unsigned_int_bool_bool_bool_bool_bool_u_415" [/home/luka/Scripting/ELEC_498-Capstone-LiteLM/HLS-Verilog/Transformer_logic/src-hls/compute_controller.cpp:525]   --->   Operation 156 'store' 'store_ln525' <Predicate = (trunc_ln518 == 6)> <Delay = 0.67> <CoreInst = "RAM">   --->   Core 82 'RAM' <Latency = 1> <II = 1> <Delay = 0.67> <Storage> <Opcode : 'load' 'store'> <Ports = 2> <Width = 16> <Depth = 12> <RAM>
ST_4 : Operation 157 [1/1] ( I:0.67ns O:0.67ns )   --->   "%store_ln525 = store i16 %v_1, i4 %compute_controller_bool_bool_unsigned_int_bool_bool_bool_bool_bool_u_414" [/home/luka/Scripting/ELEC_498-Capstone-LiteLM/HLS-Verilog/Transformer_logic/src-hls/compute_controller.cpp:525]   --->   Operation 157 'store' 'store_ln525' <Predicate = (trunc_ln518 == 5)> <Delay = 0.67> <CoreInst = "RAM">   --->   Core 82 'RAM' <Latency = 1> <II = 1> <Delay = 0.67> <Storage> <Opcode : 'load' 'store'> <Ports = 2> <Width = 16> <Depth = 12> <RAM>
ST_4 : Operation 158 [1/1] ( I:0.67ns O:0.67ns )   --->   "%store_ln525 = store i16 %v_1, i4 %compute_controller_bool_bool_unsigned_int_bool_bool_bool_bool_bool_u_413" [/home/luka/Scripting/ELEC_498-Capstone-LiteLM/HLS-Verilog/Transformer_logic/src-hls/compute_controller.cpp:525]   --->   Operation 158 'store' 'store_ln525' <Predicate = (trunc_ln518 == 4)> <Delay = 0.67> <CoreInst = "RAM">   --->   Core 82 'RAM' <Latency = 1> <II = 1> <Delay = 0.67> <Storage> <Opcode : 'load' 'store'> <Ports = 2> <Width = 16> <Depth = 12> <RAM>
ST_4 : Operation 159 [1/1] ( I:0.67ns O:0.67ns )   --->   "%store_ln525 = store i16 %v_1, i4 %compute_controller_bool_bool_unsigned_int_bool_bool_bool_bool_bool_u_412" [/home/luka/Scripting/ELEC_498-Capstone-LiteLM/HLS-Verilog/Transformer_logic/src-hls/compute_controller.cpp:525]   --->   Operation 159 'store' 'store_ln525' <Predicate = (trunc_ln518 == 3)> <Delay = 0.67> <CoreInst = "RAM">   --->   Core 82 'RAM' <Latency = 1> <II = 1> <Delay = 0.67> <Storage> <Opcode : 'load' 'store'> <Ports = 2> <Width = 16> <Depth = 12> <RAM>
ST_4 : Operation 160 [1/1] ( I:0.67ns O:0.67ns )   --->   "%store_ln525 = store i16 %v_1, i4 %compute_controller_bool_bool_unsigned_int_bool_bool_bool_bool_bool_u_411" [/home/luka/Scripting/ELEC_498-Capstone-LiteLM/HLS-Verilog/Transformer_logic/src-hls/compute_controller.cpp:525]   --->   Operation 160 'store' 'store_ln525' <Predicate = (trunc_ln518 == 2)> <Delay = 0.67> <CoreInst = "RAM">   --->   Core 82 'RAM' <Latency = 1> <II = 1> <Delay = 0.67> <Storage> <Opcode : 'load' 'store'> <Ports = 2> <Width = 16> <Depth = 12> <RAM>
ST_4 : Operation 161 [1/1] ( I:0.67ns O:0.67ns )   --->   "%store_ln525 = store i16 %v_1, i4 %compute_controller_bool_bool_unsigned_int_bool_bool_bool_bool_bool_u_410" [/home/luka/Scripting/ELEC_498-Capstone-LiteLM/HLS-Verilog/Transformer_logic/src-hls/compute_controller.cpp:525]   --->   Operation 161 'store' 'store_ln525' <Predicate = (trunc_ln518 == 1)> <Delay = 0.67> <CoreInst = "RAM">   --->   Core 82 'RAM' <Latency = 1> <II = 1> <Delay = 0.67> <Storage> <Opcode : 'load' 'store'> <Ports = 2> <Width = 16> <Depth = 12> <RAM>
ST_4 : Operation 162 [1/1] ( I:0.67ns O:0.67ns )   --->   "%store_ln525 = store i16 %v_1, i4 %compute_controller_bool_bool_unsigned_int_bool_bool_bool_bool_bool_u_409" [/home/luka/Scripting/ELEC_498-Capstone-LiteLM/HLS-Verilog/Transformer_logic/src-hls/compute_controller.cpp:525]   --->   Operation 162 'store' 'store_ln525' <Predicate = (trunc_ln518 == 0)> <Delay = 0.67> <CoreInst = "RAM">   --->   Core 82 'RAM' <Latency = 1> <II = 1> <Delay = 0.67> <Storage> <Opcode : 'load' 'store'> <Ports = 2> <Width = 16> <Depth = 12> <RAM>
ST_4 : Operation 163 [1/1] ( I:0.67ns O:0.67ns )   --->   "%store_ln525 = store i16 %v_1, i4 %p_ZZ18compute_controllerbbjRbS_bS_S_RjPKhPhR12ComputeStateS0_RhS6_S6_S6_S_S_S_S_E_215" [/home/luka/Scripting/ELEC_498-Capstone-LiteLM/HLS-Verilog/Transformer_logic/src-hls/compute_controller.cpp:525]   --->   Operation 163 'store' 'store_ln525' <Predicate = (trunc_ln518 == 15)> <Delay = 0.67> <CoreInst = "RAM">   --->   Core 82 'RAM' <Latency = 1> <II = 1> <Delay = 0.67> <Storage> <Opcode : 'load' 'store'> <Ports = 2> <Width = 16> <Depth = 12> <RAM>


============================================================
+ Verbose Summary: Timing violations
============================================================
Target clock period: 10.000ns, clock uncertainty: 2.700ns.

 <State 1>: 2.451ns
The critical path consists of the following:
	'store' operation 0 bit ('store_ln575', /home/luka/Scripting/ELEC_498-Capstone-LiteLM/HLS-Verilog/Transformer_logic/src-hls/../../top_params.hpp:575->/home/luka/Scripting/ELEC_498-Capstone-LiteLM/HLS-Verilog/Transformer_logic/src-hls/compute_controller.cpp:521) of constant 0 on local variable 'byte_addr', /home/luka/Scripting/ELEC_498-Capstone-LiteLM/HLS-Verilog/Transformer_logic/src-hls/../../top_params.hpp:575->/home/luka/Scripting/ELEC_498-Capstone-LiteLM/HLS-Verilog/Transformer_logic/src-hls/compute_controller.cpp:521 [52]  (0.427 ns)
	'load' operation 8 bit ('i', /home/luka/Scripting/ELEC_498-Capstone-LiteLM/HLS-Verilog/Transformer_logic/src-hls/compute_controller.cpp:518) on local variable 'byte_addr', /home/luka/Scripting/ELEC_498-Capstone-LiteLM/HLS-Verilog/Transformer_logic/src-hls/../../top_params.hpp:575->/home/luka/Scripting/ELEC_498-Capstone-LiteLM/HLS-Verilog/Transformer_logic/src-hls/compute_controller.cpp:521 [55]  (0.000 ns)
	'add' operation 10 bit ('byte_addr', /home/luka/Scripting/ELEC_498-Capstone-LiteLM/HLS-Verilog/Transformer_logic/src-hls/compute_controller.cpp:523) [87]  (0.787 ns)
	'getelementptr' operation 13 bit ('in_buf_addr_4', /home/luka/Scripting/ELEC_498-Capstone-LiteLM/HLS-Verilog/Transformer_logic/src-hls/../../top_params.hpp:595->/home/luka/Scripting/ELEC_498-Capstone-LiteLM/HLS-Verilog/Transformer_logic/src-hls/compute_controller.cpp:523) [89]  (0.000 ns)
	'load' operation 8 bit ('in_buf_load_4', /home/luka/Scripting/ELEC_498-Capstone-LiteLM/HLS-Verilog/Transformer_logic/src-hls/../../top_params.hpp:595->/home/luka/Scripting/ELEC_498-Capstone-LiteLM/HLS-Verilog/Transformer_logic/src-hls/compute_controller.cpp:523) on array 'in_buf' [90]  (1.237 ns)

 <State 2>: 2.035ns
The critical path consists of the following:
	'add' operation 11 bit ('byte_addr', /home/luka/Scripting/ELEC_498-Capstone-LiteLM/HLS-Verilog/Transformer_logic/src-hls/compute_controller.cpp:525) [112]  (0.798 ns)
	'getelementptr' operation 13 bit ('in_buf_addr_6', /home/luka/Scripting/ELEC_498-Capstone-LiteLM/HLS-Verilog/Transformer_logic/src-hls/../../top_params.hpp:595->/home/luka/Scripting/ELEC_498-Capstone-LiteLM/HLS-Verilog/Transformer_logic/src-hls/compute_controller.cpp:525) [114]  (0.000 ns)
	'load' operation 8 bit ('in_buf_load_6', /home/luka/Scripting/ELEC_498-Capstone-LiteLM/HLS-Verilog/Transformer_logic/src-hls/../../top_params.hpp:595->/home/luka/Scripting/ELEC_498-Capstone-LiteLM/HLS-Verilog/Transformer_logic/src-hls/compute_controller.cpp:525) on array 'in_buf' [115]  (1.237 ns)

 <State 3>: 2.035ns
The critical path consists of the following:
	'add' operation 11 bit ('add_ln596_1', /home/luka/Scripting/ELEC_498-Capstone-LiteLM/HLS-Verilog/Transformer_logic/src-hls/../../top_params.hpp:596->/home/luka/Scripting/ELEC_498-Capstone-LiteLM/HLS-Verilog/Transformer_logic/src-hls/compute_controller.cpp:525) [116]  (0.798 ns)
	'getelementptr' operation 13 bit ('in_buf_addr_7', /home/luka/Scripting/ELEC_498-Capstone-LiteLM/HLS-Verilog/Transformer_logic/src-hls/../../top_params.hpp:596->/home/luka/Scripting/ELEC_498-Capstone-LiteLM/HLS-Verilog/Transformer_logic/src-hls/compute_controller.cpp:525) [118]  (0.000 ns)
	'load' operation 8 bit ('in_buf_load_7', /home/luka/Scripting/ELEC_498-Capstone-LiteLM/HLS-Verilog/Transformer_logic/src-hls/../../top_params.hpp:596->/home/luka/Scripting/ELEC_498-Capstone-LiteLM/HLS-Verilog/Transformer_logic/src-hls/compute_controller.cpp:525) on array 'in_buf' [119]  (1.237 ns)

 <State 4>: 1.914ns
The critical path consists of the following:
	'load' operation 8 bit ('in_buf_load_7', /home/luka/Scripting/ELEC_498-Capstone-LiteLM/HLS-Verilog/Transformer_logic/src-hls/../../top_params.hpp:596->/home/luka/Scripting/ELEC_498-Capstone-LiteLM/HLS-Verilog/Transformer_logic/src-hls/compute_controller.cpp:525) on array 'in_buf' [119]  (1.237 ns)
	'store' operation 0 bit ('store_ln525', /home/luka/Scripting/ELEC_498-Capstone-LiteLM/HLS-Verilog/Transformer_logic/src-hls/compute_controller.cpp:525) of variable 'v', /home/luka/Scripting/ELEC_498-Capstone-LiteLM/HLS-Verilog/Transformer_logic/src-hls/../../top_params.hpp:599->/home/luka/Scripting/ELEC_498-Capstone-LiteLM/HLS-Verilog/Transformer_logic/src-hls/compute_controller.cpp:525 on array 'p_ZZ18compute_controllerbbjRbS_bS_S_RjPKhPhR12ComputeStateS0_RhS6_S6_S6_S_S_S_S_E_31' [141]  (0.677 ns)


============================================================
+ Verbose Summary: Binding
============================================================
N/A
* FSMD analyzer results:
  - Output states:
 - Input state : 
  - Chain level:
	State 1
	State 2
	State 3
	State 4


============================================================
+ Verbose Summary: Datapath Resource usage 
============================================================
N/A
