

================================================================
== Vitis HLS Report for 'compute_controller_Pipeline_VITIS_LOOP_667_43'
================================================================
* Date:           Sat Jan 24 18:00:29 2026

* Version:        2025.1 (Build 6135595 on May 21 2025)
* Project:        compute_controller
* Solution:       hls (Vivado IP Flow Target)
* Product family: zynquplus
* Target device:  xck26-sfvc784-2LV-c


================================================================
== Performance Estimates
================================================================
+ Timing: 
    * Summary: 
    +--------+----------+----------+------------+
    |  Clock |  Target  | Estimated| Uncertainty|
    +--------+----------+----------+------------+
    |ap_clk  |  10.00 ns|  6.741 ns|     2.70 ns|
    +--------+----------+----------+------------+

+ Latency: 
    * Summary: 
    +---------+---------+----------+----------+-----+-----+------------------------------------------------+
    |  Latency (cycles) |  Latency (absolute) |  Interval |                    Pipeline                    |
    |   min   |   max   |    min   |    max   | min | max |                      Type                      |
    +---------+---------+----------+----------+-----+-----+------------------------------------------------+
    |       12|       12|  0.120 us|  0.120 us|   11|   11|  loop auto-rewind stp (delay=0 clock cycles(s))|
    +---------+---------+----------+----------+-----+-----+------------------------------------------------+

    + Detail: 
        * Instance: 
        N/A

        * Loop: 
        +---------------------+---------+---------+----------+-----------+-----------+------+----------+
        |                     |  Latency (cycles) | Iteration|  Initiation Interval  | Trip |          |
        |      Loop Name      |   min   |   max   |  Latency |  achieved |   target  | Count| Pipelined|
        +---------------------+---------+---------+----------+-----------+-----------+------+----------+
        |- VITIS_LOOP_667_43  |       10|       10|         2|          2|          1|     5|       yes|
        +---------------------+---------+---------+----------+-----------+-----------+------+----------+

============================================================
+ Verbose Summary: Synthesis Manager
============================================================
InlineROM: 1
ExposeGlobal: 0
============================================================
+ Verbose Summary: CDFG Model
============================================================
IsTopModel: 0
ResetActiveHigh: 1
IsCombinational: 0
IsDatapathOnly: 0
HasWiredReturn: 1
HasMFsm: 2
HasVarLatency: 1
IsPipeline: 0
IsRtlPipelined: 0
IsInstanceOverlapped: 0
IsDontTouch: 0
HasImplIP: 0
IsGatedGlobalClock: 0

+ Individual pipeline summary: 
  * Pipeline-0: initiation interval (II) = 2, depth = 2


============================================================
+ Verbose Summary: Schedule
============================================================
* Number of FSM states : 2
* Pipeline : 1
  Pipeline-0 : II = 2, D = 2, States = { 1 2 }
* Dataflow Pipeline: 0

* FSM state transitions: 
1 --> 2 
2 --> 

* FSM state operations: 

State 1 <SV = 0> <Delay = 6.74>
ST_1 : Operation 5 [1/1] (0.00ns)   --->   "%t = alloca i32 1" [/home/luka/Scripting/ELEC_498-Capstone-LiteLM/HLS-Verilog/Transformer_logic/src-hls/compute_controller.cpp:667]   --->   Operation 5 'alloca' 't' <Predicate = true> <Delay = 0.00>
ST_1 : Operation 6 [1/1] (0.00ns)   --->   "%specinterface_ln0 = specinterface void @_ssdm_op_SpecInterface, i8 %out_buf, void @empty_22, i32 0, i32 0, void @empty_15, i32 4294967295, i32 0, void @empty_15, void @empty_15, void @empty_15, i32 0, i32 0, i32 0, i32 0, void @empty_15, void @empty_15, i32 4294967295, i32 0, i32 0"   --->   Operation 6 'specinterface' 'specinterface_ln0' <Predicate = true> <Delay = 0.00>
ST_1 : Operation 7 [1/1] (0.00ns)   --->   "%compute_controller_bool_bool_unsigned_int_bool_bool_bool_bool_bool_u_199 = read i16 @_ssdm_op_Read.ap_auto.i16, i16 %compute_controller_bool_bool_unsigned_int_bool_bool_bool_bool_bool_u_519"   --->   Operation 7 'read' 'compute_controller_bool_bool_unsigned_int_bool_bool_bool_bool_bool_u_199' <Predicate = true> <Delay = 0.00>
ST_1 : Operation 8 [1/1] (0.00ns)   --->   "%compute_controller_bool_bool_unsigned_int_bool_bool_bool_bool_bool_u_200 = read i16 @_ssdm_op_Read.ap_auto.i16, i16 %compute_controller_bool_bool_unsigned_int_bool_bool_bool_bool_bool_u_518"   --->   Operation 8 'read' 'compute_controller_bool_bool_unsigned_int_bool_bool_bool_bool_bool_u_200' <Predicate = true> <Delay = 0.00>
ST_1 : Operation 9 [1/1] (0.00ns)   --->   "%compute_controller_bool_bool_unsigned_int_bool_bool_bool_bool_bool_u_201 = read i16 @_ssdm_op_Read.ap_auto.i16, i16 %compute_controller_bool_bool_unsigned_int_bool_bool_bool_bool_bool_u_517"   --->   Operation 9 'read' 'compute_controller_bool_bool_unsigned_int_bool_bool_bool_bool_bool_u_201' <Predicate = true> <Delay = 0.00>
ST_1 : Operation 10 [1/1] (0.00ns)   --->   "%compute_controller_bool_bool_unsigned_int_bool_bool_bool_bool_bool_u_202 = read i16 @_ssdm_op_Read.ap_auto.i16, i16 %compute_controller_bool_bool_unsigned_int_bool_bool_bool_bool_bool_u_516"   --->   Operation 10 'read' 'compute_controller_bool_bool_unsigned_int_bool_bool_bool_bool_bool_u_202' <Predicate = true> <Delay = 0.00>
ST_1 : Operation 11 [1/1] (0.00ns)   --->   "%compute_controller_bool_bool_unsigned_int_bool_bool_bool_bool_bool_u_203 = read i16 @_ssdm_op_Read.ap_auto.i16, i16 %compute_controller_bool_bool_unsigned_int_bool_bool_bool_bool_bool_u_515"   --->   Operation 11 'read' 'compute_controller_bool_bool_unsigned_int_bool_bool_bool_bool_bool_u_203' <Predicate = true> <Delay = 0.00>
ST_1 : Operation 12 [1/1] (0.00ns)   --->   "%compute_controller_bool_bool_unsigned_int_bool_bool_bool_bool_bool_u_204 = read i32 @_ssdm_op_Read.ap_auto.i32, i32 %compute_controller_bool_bool_unsigned_int_bool_bool_bool_bool_bool_u_514"   --->   Operation 12 'read' 'compute_controller_bool_bool_unsigned_int_bool_bool_bool_bool_bool_u_204' <Predicate = true> <Delay = 0.00>
ST_1 : Operation 13 [1/1] (0.00ns)   --->   "%compute_controller_bool_bool_unsigned_int_bool_bool_bool_bool_bool_u_205 = read i32 @_ssdm_op_Read.ap_auto.i32, i32 %compute_controller_bool_bool_unsigned_int_bool_bool_bool_bool_bool_u_513"   --->   Operation 13 'read' 'compute_controller_bool_bool_unsigned_int_bool_bool_bool_bool_bool_u_205' <Predicate = true> <Delay = 0.00>
ST_1 : Operation 14 [1/1] (0.00ns)   --->   "%compute_controller_bool_bool_unsigned_int_bool_bool_bool_bool_bool_u_206 = read i32 @_ssdm_op_Read.ap_auto.i32, i32 %compute_controller_bool_bool_unsigned_int_bool_bool_bool_bool_bool_u_512"   --->   Operation 14 'read' 'compute_controller_bool_bool_unsigned_int_bool_bool_bool_bool_bool_u_206' <Predicate = true> <Delay = 0.00>
ST_1 : Operation 15 [1/1] (0.00ns)   --->   "%compute_controller_bool_bool_unsigned_int_bool_bool_bool_bool_bool_u_207 = read i32 @_ssdm_op_Read.ap_auto.i32, i32 %compute_controller_bool_bool_unsigned_int_bool_bool_bool_bool_bool_u_511"   --->   Operation 15 'read' 'compute_controller_bool_bool_unsigned_int_bool_bool_bool_bool_bool_u_207' <Predicate = true> <Delay = 0.00>
ST_1 : Operation 16 [1/1] (0.00ns)   --->   "%compute_controller_bool_bool_unsigned_int_bool_bool_bool_bool_bool_u_208 = read i32 @_ssdm_op_Read.ap_auto.i32, i32 %compute_controller_bool_bool_unsigned_int_bool_bool_bool_bool_bool_u_510"   --->   Operation 16 'read' 'compute_controller_bool_bool_unsigned_int_bool_bool_bool_bool_bool_u_208' <Predicate = true> <Delay = 0.00>
ST_1 : Operation 17 [1/1] (0.42ns)   --->   "%store_ln667 = store i3 0, i3 %t" [/home/luka/Scripting/ELEC_498-Capstone-LiteLM/HLS-Verilog/Transformer_logic/src-hls/compute_controller.cpp:667]   --->   Operation 17 'store' 'store_ln667' <Predicate = true> <Delay = 0.42>
ST_1 : Operation 18 [1/1] (0.00ns)   --->   "%br_ln0 = br void %for.inc710"   --->   Operation 18 'br' 'br_ln0' <Predicate = true> <Delay = 0.00>
ST_1 : Operation 19 [1/1] (0.00ns)   --->   "%t_1 = load i3 %t" [/home/luka/Scripting/ELEC_498-Capstone-LiteLM/HLS-Verilog/Transformer_logic/src-hls/compute_controller.cpp:667]   --->   Operation 19 'load' 't_1' <Predicate = true> <Delay = 0.00>
ST_1 : Operation 20 [1/1] (0.67ns)   --->   "%icmp_ln667 = icmp_eq  i3 %t_1, i3 5" [/home/luka/Scripting/ELEC_498-Capstone-LiteLM/HLS-Verilog/Transformer_logic/src-hls/compute_controller.cpp:667]   --->   Operation 20 'icmp' 'icmp_ln667' <Predicate = true> <Delay = 0.67> <CoreInst = "Cmp">   --->   Core 9 'Cmp' <Latency = 0> <II = 1> <Delay = 0.67> <FuncUnit> <Opcode : 'seteq' 'setne' 'setle' 'setge' 'setlt' 'setgt'> <InPorts = 2> <OutPorts = 1>
ST_1 : Operation 21 [1/1] (0.67ns)   --->   "%add_ln667 = add i3 %t_1, i3 1" [/home/luka/Scripting/ELEC_498-Capstone-LiteLM/HLS-Verilog/Transformer_logic/src-hls/compute_controller.cpp:667]   --->   Operation 21 'add' 'add_ln667' <Predicate = true> <Delay = 0.67> <CoreInst = "Adder">   --->   Core 1 'Adder' <Latency = 0> <II = 1> <Delay = 0.67> <FuncUnit> <Opcode : 'add' 'sub'> <InPorts = 2> <OutPorts = 1>
ST_1 : Operation 22 [1/1] (0.00ns)   --->   "%br_ln667 = br i1 %icmp_ln667, void %for.inc710.split, void %sw.epilog.loopexit.exitStub" [/home/luka/Scripting/ELEC_498-Capstone-LiteLM/HLS-Verilog/Transformer_logic/src-hls/compute_controller.cpp:667]   --->   Operation 22 'br' 'br_ln667' <Predicate = true> <Delay = 0.00>
ST_1 : Operation 23 [1/1] (0.57ns)   --->   "%tmp_45 = sparsemux i32 @_ssdm_op_SparseMux.ap_auto.5i32.i32.i3, i3 0, i32 %compute_controller_bool_bool_unsigned_int_bool_bool_bool_bool_bool_u_208, i3 1, i32 %compute_controller_bool_bool_unsigned_int_bool_bool_bool_bool_bool_u_207, i3 2, i32 %compute_controller_bool_bool_unsigned_int_bool_bool_bool_bool_bool_u_206, i3 3, i32 %compute_controller_bool_bool_unsigned_int_bool_bool_bool_bool_bool_u_205, i3 4, i32 %compute_controller_bool_bool_unsigned_int_bool_bool_bool_bool_bool_u_204, i32 0, i3 %t_1" [/home/luka/Scripting/ELEC_498-Capstone-LiteLM/HLS-Verilog/Transformer_logic/src-hls/compute_controller.cpp:668]   --->   Operation 23 'sparsemux' 'tmp_45' <Predicate = (!icmp_ln667)> <Delay = 0.57> <CoreInst = "BinarySparseMux_DontCare">   --->   Core 149 'BinarySparseMux_DontCare' <Latency = 0> <II = 1> <Delay = 0.57> <FuncUnit> <Opcode : 'sparsemux'> <InPorts = 2> <OutPorts = 1>
ST_1 : Operation 24 [1/1] (0.00ns)   --->   "%sext_ln668 = sext i32 %tmp_45" [/home/luka/Scripting/ELEC_498-Capstone-LiteLM/HLS-Verilog/Transformer_logic/src-hls/compute_controller.cpp:668]   --->   Operation 24 'sext' 'sext_ln668' <Predicate = (!icmp_ln667)> <Delay = 0.00>
ST_1 : Operation 25 [1/1] (0.57ns)   --->   "%tmp_46 = sparsemux i16 @_ssdm_op_SparseMux.ap_auto.5i16.i16.i3, i3 0, i16 %compute_controller_bool_bool_unsigned_int_bool_bool_bool_bool_bool_u_203, i3 1, i16 %compute_controller_bool_bool_unsigned_int_bool_bool_bool_bool_bool_u_202, i3 2, i16 %compute_controller_bool_bool_unsigned_int_bool_bool_bool_bool_bool_u_201, i3 3, i16 %compute_controller_bool_bool_unsigned_int_bool_bool_bool_bool_bool_u_200, i3 4, i16 %compute_controller_bool_bool_unsigned_int_bool_bool_bool_bool_bool_u_199, i16 0, i3 %t_1" [/home/luka/Scripting/ELEC_498-Capstone-LiteLM/HLS-Verilog/Transformer_logic/src-hls/compute_controller.cpp:668]   --->   Operation 25 'sparsemux' 'tmp_46' <Predicate = (!icmp_ln667)> <Delay = 0.57> <CoreInst = "BinarySparseMux_DontCare">   --->   Core 149 'BinarySparseMux_DontCare' <Latency = 0> <II = 1> <Delay = 0.57> <FuncUnit> <Opcode : 'sparsemux'> <InPorts = 2> <OutPorts = 1>
ST_1 : Operation 26 [1/1] (0.00ns)   --->   "%sext_ln668_1 = sext i16 %tmp_46" [/home/luka/Scripting/ELEC_498-Capstone-LiteLM/HLS-Verilog/Transformer_logic/src-hls/compute_controller.cpp:668]   --->   Operation 26 'sext' 'sext_ln668_1' <Predicate = (!icmp_ln667)> <Delay = 0.00>
ST_1 : Operation 27 [1/1] (3.42ns)   --->   "%prod = mul i48 %sext_ln668, i48 %sext_ln668_1" [/home/luka/Scripting/ELEC_498-Capstone-LiteLM/HLS-Verilog/Transformer_logic/src-hls/compute_controller.cpp:668]   --->   Operation 27 'mul' 'prod' <Predicate = (!icmp_ln667)> <Delay = 3.42> <CoreInst = "Multiplier">   --->   Core 3 'Multiplier' <Latency = 0> <II = 1> <Delay = 3.42> <FuncUnit> <Opcode : 'mul'> <InPorts = 2> <OutPorts = 1>
ST_1 : Operation 28 [1/1] (0.00ns) (grouped into LUT with out node rounded)   --->   "%trunc_ln668 = trunc i48 %prod" [/home/luka/Scripting/ELEC_498-Capstone-LiteLM/HLS-Verilog/Transformer_logic/src-hls/compute_controller.cpp:668]   --->   Operation 28 'trunc' 'trunc_ln668' <Predicate = (!icmp_ln667)> <Delay = 0.00>
ST_1 : Operation 29 [1/1] (0.00ns) (grouped into LUT with out node rounded)   --->   "%tmp = bitselect i1 @_ssdm_op_BitSelect.i1.i48.i32, i48 %prod, i32 47" [/home/luka/Scripting/ELEC_498-Capstone-LiteLM/HLS-Verilog/Transformer_logic/src-hls/compute_controller.cpp:669]   --->   Operation 29 'bitselect' 'tmp' <Predicate = (!icmp_ln667)> <Delay = 0.00>
ST_1 : Operation 30 [1/1] (0.00ns) (grouped into LUT with out node rounded)   --->   "%select_ln669 = select i1 %tmp, i47 140737488338944, i47 16384" [/home/luka/Scripting/ELEC_498-Capstone-LiteLM/HLS-Verilog/Transformer_logic/src-hls/compute_controller.cpp:669]   --->   Operation 30 'select' 'select_ln669' <Predicate = (!icmp_ln667)> <Delay = 0.00> <CoreInst = "Sel">   --->   Core 73 'Sel' <Latency = 0> <II = 1> <Delay = 0.35> <FuncUnit> <Opcode : 'select'> <InPorts = 3> <OutPorts = 1>
ST_1 : Operation 31 [1/1] (1.08ns) (out node of the LUT)   --->   "%rounded = add i47 %select_ln669, i47 %trunc_ln668" [/home/luka/Scripting/ELEC_498-Capstone-LiteLM/HLS-Verilog/Transformer_logic/src-hls/compute_controller.cpp:669]   --->   Operation 31 'add' 'rounded' <Predicate = (!icmp_ln667)> <Delay = 1.08> <CoreInst = "Adder">   --->   Core 1 'Adder' <Latency = 0> <II = 1> <Delay = 1.08> <FuncUnit> <Opcode : 'add' 'sub'> <InPorts = 2> <OutPorts = 1>
ST_1 : Operation 32 [1/1] (0.00ns)   --->   "%byte_addr_assign_6 = bitconcatenate i5 @_ssdm_op_BitConcatenate.i5.i3.i2, i3 %t_1, i2 0" [/home/luka/Scripting/ELEC_498-Capstone-LiteLM/HLS-Verilog/Transformer_logic/src-hls/compute_controller.cpp:671]   --->   Operation 32 'bitconcatenate' 'byte_addr_assign_6' <Predicate = (!icmp_ln667)> <Delay = 0.00>
ST_1 : Operation 33 [1/1] (0.00ns)   --->   "%trunc_ln628_2 = partselect i8 @_ssdm_op_PartSelect.i8.i47.i32.i32, i47 %rounded, i32 15, i32 22" [/home/luka/Scripting/ELEC_498-Capstone-LiteLM/HLS-Verilog/Transformer_logic/src-hls/../../top_params.hpp:628->/home/luka/Scripting/ELEC_498-Capstone-LiteLM/HLS-Verilog/Transformer_logic/src-hls/compute_controller.cpp:671]   --->   Operation 33 'partselect' 'trunc_ln628_2' <Predicate = (!icmp_ln667)> <Delay = 0.00>
ST_1 : Operation 34 [1/1] (0.00ns)   --->   "%zext_ln628 = zext i5 %byte_addr_assign_6" [/home/luka/Scripting/ELEC_498-Capstone-LiteLM/HLS-Verilog/Transformer_logic/src-hls/../../top_params.hpp:628->/home/luka/Scripting/ELEC_498-Capstone-LiteLM/HLS-Verilog/Transformer_logic/src-hls/compute_controller.cpp:671]   --->   Operation 34 'zext' 'zext_ln628' <Predicate = (!icmp_ln667)> <Delay = 0.00>
ST_1 : Operation 35 [1/1] (0.00ns)   --->   "%out_buf_addr = getelementptr i8 %out_buf, i64 0, i64 %zext_ln628" [/home/luka/Scripting/ELEC_498-Capstone-LiteLM/HLS-Verilog/Transformer_logic/src-hls/../../top_params.hpp:628->/home/luka/Scripting/ELEC_498-Capstone-LiteLM/HLS-Verilog/Transformer_logic/src-hls/compute_controller.cpp:671]   --->   Operation 35 'getelementptr' 'out_buf_addr' <Predicate = (!icmp_ln667)> <Delay = 0.00>
ST_1 : Operation 36 [1/1] ( I:1.23ns O:1.23ns )   --->   "%store_ln628 = store i8 %trunc_ln628_2, i10 %out_buf_addr" [/home/luka/Scripting/ELEC_498-Capstone-LiteLM/HLS-Verilog/Transformer_logic/src-hls/../../top_params.hpp:628->/home/luka/Scripting/ELEC_498-Capstone-LiteLM/HLS-Verilog/Transformer_logic/src-hls/compute_controller.cpp:671]   --->   Operation 36 'store' 'store_ln628' <Predicate = (!icmp_ln667)> <Delay = 1.23> <CoreInst = "RAM">   --->   Core 82 'RAM' <Latency = 1> <II = 1> <Delay = 1.23> <Storage> <Opcode : 'load' 'store'> <Ports = 2> <Width = 8> <Depth = 768> <RAM>
ST_1 : Operation 37 [1/1] (0.00ns)   --->   "%trunc_ln629_2 = partselect i8 @_ssdm_op_PartSelect.i8.i47.i32.i32, i47 %rounded, i32 23, i32 30" [/home/luka/Scripting/ELEC_498-Capstone-LiteLM/HLS-Verilog/Transformer_logic/src-hls/../../top_params.hpp:629->/home/luka/Scripting/ELEC_498-Capstone-LiteLM/HLS-Verilog/Transformer_logic/src-hls/compute_controller.cpp:671]   --->   Operation 37 'partselect' 'trunc_ln629_2' <Predicate = (!icmp_ln667)> <Delay = 0.00>
ST_1 : Operation 38 [1/1] (0.00ns)   --->   "%or_ln629_2 = bitconcatenate i5 @_ssdm_op_BitConcatenate.i5.i3.i2, i3 %t_1, i2 1" [/home/luka/Scripting/ELEC_498-Capstone-LiteLM/HLS-Verilog/Transformer_logic/src-hls/../../top_params.hpp:629->/home/luka/Scripting/ELEC_498-Capstone-LiteLM/HLS-Verilog/Transformer_logic/src-hls/compute_controller.cpp:671]   --->   Operation 38 'bitconcatenate' 'or_ln629_2' <Predicate = (!icmp_ln667)> <Delay = 0.00>
ST_1 : Operation 39 [1/1] (0.00ns)   --->   "%zext_ln629 = zext i5 %or_ln629_2" [/home/luka/Scripting/ELEC_498-Capstone-LiteLM/HLS-Verilog/Transformer_logic/src-hls/../../top_params.hpp:629->/home/luka/Scripting/ELEC_498-Capstone-LiteLM/HLS-Verilog/Transformer_logic/src-hls/compute_controller.cpp:671]   --->   Operation 39 'zext' 'zext_ln629' <Predicate = (!icmp_ln667)> <Delay = 0.00>
ST_1 : Operation 40 [1/1] (0.00ns)   --->   "%out_buf_addr_1 = getelementptr i8 %out_buf, i64 0, i64 %zext_ln629" [/home/luka/Scripting/ELEC_498-Capstone-LiteLM/HLS-Verilog/Transformer_logic/src-hls/../../top_params.hpp:629->/home/luka/Scripting/ELEC_498-Capstone-LiteLM/HLS-Verilog/Transformer_logic/src-hls/compute_controller.cpp:671]   --->   Operation 40 'getelementptr' 'out_buf_addr_1' <Predicate = (!icmp_ln667)> <Delay = 0.00>
ST_1 : Operation 41 [1/1] ( I:1.23ns O:1.23ns )   --->   "%store_ln629 = store i8 %trunc_ln629_2, i10 %out_buf_addr_1" [/home/luka/Scripting/ELEC_498-Capstone-LiteLM/HLS-Verilog/Transformer_logic/src-hls/../../top_params.hpp:629->/home/luka/Scripting/ELEC_498-Capstone-LiteLM/HLS-Verilog/Transformer_logic/src-hls/compute_controller.cpp:671]   --->   Operation 41 'store' 'store_ln629' <Predicate = (!icmp_ln667)> <Delay = 1.23> <CoreInst = "RAM">   --->   Core 82 'RAM' <Latency = 1> <II = 1> <Delay = 1.23> <Storage> <Opcode : 'load' 'store'> <Ports = 2> <Width = 8> <Depth = 768> <RAM>
ST_1 : Operation 42 [1/1] (0.00ns)   --->   "%trunc_ln630_2 = partselect i8 @_ssdm_op_PartSelect.i8.i47.i32.i32, i47 %rounded, i32 31, i32 38" [/home/luka/Scripting/ELEC_498-Capstone-LiteLM/HLS-Verilog/Transformer_logic/src-hls/../../top_params.hpp:630->/home/luka/Scripting/ELEC_498-Capstone-LiteLM/HLS-Verilog/Transformer_logic/src-hls/compute_controller.cpp:671]   --->   Operation 42 'partselect' 'trunc_ln630_2' <Predicate = (!icmp_ln667)> <Delay = 0.00>
ST_1 : Operation 43 [1/1] (0.00ns)   --->   "%trunc_ln631_2 = partselect i8 @_ssdm_op_PartSelect.i8.i47.i32.i32, i47 %rounded, i32 39, i32 46" [/home/luka/Scripting/ELEC_498-Capstone-LiteLM/HLS-Verilog/Transformer_logic/src-hls/../../top_params.hpp:631->/home/luka/Scripting/ELEC_498-Capstone-LiteLM/HLS-Verilog/Transformer_logic/src-hls/compute_controller.cpp:671]   --->   Operation 43 'partselect' 'trunc_ln631_2' <Predicate = (!icmp_ln667)> <Delay = 0.00>
ST_1 : Operation 44 [1/1] (0.42ns)   --->   "%store_ln667 = store i3 %add_ln667, i3 %t" [/home/luka/Scripting/ELEC_498-Capstone-LiteLM/HLS-Verilog/Transformer_logic/src-hls/compute_controller.cpp:667]   --->   Operation 44 'store' 'store_ln667' <Predicate = (!icmp_ln667)> <Delay = 0.42>
ST_1 : Operation 57 [1/1] (0.42ns)   --->   "%ret_ln0 = ret"   --->   Operation 57 'ret' 'ret_ln0' <Predicate = (icmp_ln667)> <Delay = 0.42>

State 2 <SV = 1> <Delay = 1.23>
ST_2 : Operation 45 [1/1] (0.00ns)   --->   "%specpipeline_ln667 = specpipeline void @_ssdm_op_SpecPipeline, i32 4294967295, i32 0, i32 0, i32 0, void @empty_15" [/home/luka/Scripting/ELEC_498-Capstone-LiteLM/HLS-Verilog/Transformer_logic/src-hls/compute_controller.cpp:667]   --->   Operation 45 'specpipeline' 'specpipeline_ln667' <Predicate = true> <Delay = 0.00>
ST_2 : Operation 46 [1/1] (0.00ns)   --->   "%speclooptripcount_ln667 = speclooptripcount void @_ssdm_op_SpecLoopTripCount, i64 5, i64 5, i64 5" [/home/luka/Scripting/ELEC_498-Capstone-LiteLM/HLS-Verilog/Transformer_logic/src-hls/compute_controller.cpp:667]   --->   Operation 46 'speclooptripcount' 'speclooptripcount_ln667' <Predicate = true> <Delay = 0.00>
ST_2 : Operation 47 [1/1] (0.00ns)   --->   "%specloopname_ln667 = specloopname void @_ssdm_op_SpecLoopName, void @empty_0" [/home/luka/Scripting/ELEC_498-Capstone-LiteLM/HLS-Verilog/Transformer_logic/src-hls/compute_controller.cpp:667]   --->   Operation 47 'specloopname' 'specloopname_ln667' <Predicate = true> <Delay = 0.00>
ST_2 : Operation 48 [1/1] (0.00ns)   --->   "%or_ln630_2 = bitconcatenate i5 @_ssdm_op_BitConcatenate.i5.i3.i2, i3 %t_1, i2 2" [/home/luka/Scripting/ELEC_498-Capstone-LiteLM/HLS-Verilog/Transformer_logic/src-hls/../../top_params.hpp:630->/home/luka/Scripting/ELEC_498-Capstone-LiteLM/HLS-Verilog/Transformer_logic/src-hls/compute_controller.cpp:671]   --->   Operation 48 'bitconcatenate' 'or_ln630_2' <Predicate = true> <Delay = 0.00>
ST_2 : Operation 49 [1/1] (0.00ns)   --->   "%zext_ln630 = zext i5 %or_ln630_2" [/home/luka/Scripting/ELEC_498-Capstone-LiteLM/HLS-Verilog/Transformer_logic/src-hls/../../top_params.hpp:630->/home/luka/Scripting/ELEC_498-Capstone-LiteLM/HLS-Verilog/Transformer_logic/src-hls/compute_controller.cpp:671]   --->   Operation 49 'zext' 'zext_ln630' <Predicate = true> <Delay = 0.00>
ST_2 : Operation 50 [1/1] (0.00ns)   --->   "%out_buf_addr_2 = getelementptr i8 %out_buf, i64 0, i64 %zext_ln630" [/home/luka/Scripting/ELEC_498-Capstone-LiteLM/HLS-Verilog/Transformer_logic/src-hls/../../top_params.hpp:630->/home/luka/Scripting/ELEC_498-Capstone-LiteLM/HLS-Verilog/Transformer_logic/src-hls/compute_controller.cpp:671]   --->   Operation 50 'getelementptr' 'out_buf_addr_2' <Predicate = true> <Delay = 0.00>
ST_2 : Operation 51 [1/1] ( I:1.23ns O:1.23ns )   --->   "%store_ln630 = store i8 %trunc_ln630_2, i10 %out_buf_addr_2" [/home/luka/Scripting/ELEC_498-Capstone-LiteLM/HLS-Verilog/Transformer_logic/src-hls/../../top_params.hpp:630->/home/luka/Scripting/ELEC_498-Capstone-LiteLM/HLS-Verilog/Transformer_logic/src-hls/compute_controller.cpp:671]   --->   Operation 51 'store' 'store_ln630' <Predicate = true> <Delay = 1.23> <CoreInst = "RAM">   --->   Core 82 'RAM' <Latency = 1> <II = 1> <Delay = 1.23> <Storage> <Opcode : 'load' 'store'> <Ports = 2> <Width = 8> <Depth = 768> <RAM>
ST_2 : Operation 52 [1/1] (0.00ns)   --->   "%or_ln631_2 = bitconcatenate i5 @_ssdm_op_BitConcatenate.i5.i3.i2, i3 %t_1, i2 3" [/home/luka/Scripting/ELEC_498-Capstone-LiteLM/HLS-Verilog/Transformer_logic/src-hls/../../top_params.hpp:631->/home/luka/Scripting/ELEC_498-Capstone-LiteLM/HLS-Verilog/Transformer_logic/src-hls/compute_controller.cpp:671]   --->   Operation 52 'bitconcatenate' 'or_ln631_2' <Predicate = true> <Delay = 0.00>
ST_2 : Operation 53 [1/1] (0.00ns)   --->   "%zext_ln631 = zext i5 %or_ln631_2" [/home/luka/Scripting/ELEC_498-Capstone-LiteLM/HLS-Verilog/Transformer_logic/src-hls/../../top_params.hpp:631->/home/luka/Scripting/ELEC_498-Capstone-LiteLM/HLS-Verilog/Transformer_logic/src-hls/compute_controller.cpp:671]   --->   Operation 53 'zext' 'zext_ln631' <Predicate = true> <Delay = 0.00>
ST_2 : Operation 54 [1/1] (0.00ns)   --->   "%out_buf_addr_3 = getelementptr i8 %out_buf, i64 0, i64 %zext_ln631" [/home/luka/Scripting/ELEC_498-Capstone-LiteLM/HLS-Verilog/Transformer_logic/src-hls/../../top_params.hpp:631->/home/luka/Scripting/ELEC_498-Capstone-LiteLM/HLS-Verilog/Transformer_logic/src-hls/compute_controller.cpp:671]   --->   Operation 54 'getelementptr' 'out_buf_addr_3' <Predicate = true> <Delay = 0.00>
ST_2 : Operation 55 [1/1] ( I:1.23ns O:1.23ns )   --->   "%store_ln631 = store i8 %trunc_ln631_2, i10 %out_buf_addr_3" [/home/luka/Scripting/ELEC_498-Capstone-LiteLM/HLS-Verilog/Transformer_logic/src-hls/../../top_params.hpp:631->/home/luka/Scripting/ELEC_498-Capstone-LiteLM/HLS-Verilog/Transformer_logic/src-hls/compute_controller.cpp:671]   --->   Operation 55 'store' 'store_ln631' <Predicate = true> <Delay = 1.23> <CoreInst = "RAM">   --->   Core 82 'RAM' <Latency = 1> <II = 1> <Delay = 1.23> <Storage> <Opcode : 'load' 'store'> <Ports = 2> <Width = 8> <Depth = 768> <RAM>
ST_2 : Operation 56 [1/1] (0.00ns)   --->   "%br_ln667 = br void %for.inc710" [/home/luka/Scripting/ELEC_498-Capstone-LiteLM/HLS-Verilog/Transformer_logic/src-hls/compute_controller.cpp:667]   --->   Operation 56 'br' 'br_ln667' <Predicate = true> <Delay = 0.00>


============================================================
+ Verbose Summary: Timing violations
============================================================
Target clock period: 10.000ns, clock uncertainty: 2.700ns.

 <State 1>: 6.741ns
The critical path consists of the following:
	'store' operation 0 bit ('store_ln667', /home/luka/Scripting/ELEC_498-Capstone-LiteLM/HLS-Verilog/Transformer_logic/src-hls/compute_controller.cpp:667) of constant 0 on local variable 't', /home/luka/Scripting/ELEC_498-Capstone-LiteLM/HLS-Verilog/Transformer_logic/src-hls/compute_controller.cpp:667 [24]  (0.427 ns)
	'load' operation 3 bit ('t', /home/luka/Scripting/ELEC_498-Capstone-LiteLM/HLS-Verilog/Transformer_logic/src-hls/compute_controller.cpp:667) on local variable 't', /home/luka/Scripting/ELEC_498-Capstone-LiteLM/HLS-Verilog/Transformer_logic/src-hls/compute_controller.cpp:667 [27]  (0.000 ns)
	'sparsemux' operation 16 bit ('tmp_46', /home/luka/Scripting/ELEC_498-Capstone-LiteLM/HLS-Verilog/Transformer_logic/src-hls/compute_controller.cpp:668) [37]  (0.574 ns)
	'mul' operation 48 bit ('prod', /home/luka/Scripting/ELEC_498-Capstone-LiteLM/HLS-Verilog/Transformer_logic/src-hls/compute_controller.cpp:668) [39]  (3.420 ns)
	'add' operation 47 bit ('rounded', /home/luka/Scripting/ELEC_498-Capstone-LiteLM/HLS-Verilog/Transformer_logic/src-hls/compute_controller.cpp:669) [43]  (1.083 ns)
	'store' operation 0 bit ('store_ln628', /home/luka/Scripting/ELEC_498-Capstone-LiteLM/HLS-Verilog/Transformer_logic/src-hls/../../top_params.hpp:628->/home/luka/Scripting/ELEC_498-Capstone-LiteLM/HLS-Verilog/Transformer_logic/src-hls/compute_controller.cpp:671) of variable 'trunc_ln628_2', /home/luka/Scripting/ELEC_498-Capstone-LiteLM/HLS-Verilog/Transformer_logic/src-hls/../../top_params.hpp:628->/home/luka/Scripting/ELEC_498-Capstone-LiteLM/HLS-Verilog/Transformer_logic/src-hls/compute_controller.cpp:671 on array 'out_buf' [48]  (1.237 ns)

 <State 2>: 1.237ns
The critical path consists of the following:
	'getelementptr' operation 10 bit ('out_buf_addr_2', /home/luka/Scripting/ELEC_498-Capstone-LiteLM/HLS-Verilog/Transformer_logic/src-hls/../../top_params.hpp:630->/home/luka/Scripting/ELEC_498-Capstone-LiteLM/HLS-Verilog/Transformer_logic/src-hls/compute_controller.cpp:671) [57]  (0.000 ns)
	'store' operation 0 bit ('store_ln630', /home/luka/Scripting/ELEC_498-Capstone-LiteLM/HLS-Verilog/Transformer_logic/src-hls/../../top_params.hpp:630->/home/luka/Scripting/ELEC_498-Capstone-LiteLM/HLS-Verilog/Transformer_logic/src-hls/compute_controller.cpp:671) of variable 'trunc_ln630_2', /home/luka/Scripting/ELEC_498-Capstone-LiteLM/HLS-Verilog/Transformer_logic/src-hls/../../top_params.hpp:630->/home/luka/Scripting/ELEC_498-Capstone-LiteLM/HLS-Verilog/Transformer_logic/src-hls/compute_controller.cpp:671 on array 'out_buf' [58]  (1.237 ns)


============================================================
+ Verbose Summary: Binding
============================================================
N/A
* FSMD analyzer results:
  - Output states:
 - Input state : 
  - Chain level:
	State 1
	State 2


============================================================
+ Verbose Summary: Datapath Resource usage 
============================================================
N/A
