

================================================================
== Vitis HLS Report for 'compute_controller_Pipeline_VITIS_LOOP_672_40'
================================================================
* Date:           Wed Jan 28 19:35:27 2026

* Version:        2025.1 (Build 6135595 on May 21 2025)
* Project:        compute_controller
* Solution:       hls (Vivado IP Flow Target)
* Product family: zynquplus
* Target device:  xck26-sfvc784-2LV-c


================================================================
== Performance Estimates
================================================================
+ Timing: 
    * Summary: 
    +--------+----------+----------+------------+
    |  Clock |  Target  | Estimated| Uncertainty|
    +--------+----------+----------+------------+
    |ap_clk  |  10.00 ns|  2.010 ns|     2.70 ns|
    +--------+----------+----------+------------+

+ Latency: 
    * Summary: 
    +---------+---------+----------+----------+-----+-----+------------------------------------------------+
    |  Latency (cycles) |  Latency (absolute) |  Interval |                    Pipeline                    |
    |   min   |   max   |    min   |    max   | min | max |                      Type                      |
    +---------+---------+----------+----------+-----+-----+------------------------------------------------+
    |       13|       13|  0.130 us|  0.130 us|   12|   12|  loop auto-rewind stp (delay=0 clock cycles(s))|
    +---------+---------+----------+----------+-----+-----+------------------------------------------------+

    + Detail: 
        * Instance: 
        N/A

        * Loop: 
        +---------------------+---------+---------+----------+-----------+-----------+------+----------+
        |                     |  Latency (cycles) | Iteration|  Initiation Interval  | Trip |          |
        |      Loop Name      |   min   |   max   |  Latency |  achieved |   target  | Count| Pipelined|
        +---------------------+---------+---------+----------+-----------+-----------+------+----------+
        |- VITIS_LOOP_672_40  |       11|       11|         4|          2|          1|     5|       yes|
        +---------------------+---------+---------+----------+-----------+-----------+------+----------+

============================================================
+ Verbose Summary: Synthesis Manager
============================================================
InlineROM: 1
ExposeGlobal: 0
============================================================
+ Verbose Summary: CDFG Model
============================================================
IsTopModel: 0
ResetActiveHigh: 1
IsCombinational: 0
IsDatapathOnly: 0
HasWiredReturn: 1
HasMFsm: 2
HasVarLatency: 1
IsPipeline: 0
IsRtlPipelined: 0
IsInstanceOverlapped: 0
IsDontTouch: 0
HasImplIP: 0
IsGatedGlobalClock: 0

+ Individual pipeline summary: 
  * Pipeline-0: initiation interval (II) = 2, depth = 4


============================================================
+ Verbose Summary: Schedule
============================================================
* Number of FSM states : 4
* Pipeline : 1
  Pipeline-0 : II = 2, D = 4, States = { 1 2 3 4 }
* Dataflow Pipeline: 0

* FSM state transitions: 
1 --> 2 
2 --> 3 
3 --> 4 
4 --> 

* FSM state operations: 

State 1 <SV = 0> <Delay = 1.52>
ST_1 : Operation 7 [1/1] (0.00ns)   --->   "%i = alloca i32 1" [/home/luka/Scripting/ELEC_498-Capstone-LiteLM/HLS-Verilog/Transformer_logic/src-hls/compute_controller.cpp:672]   --->   Operation 7 'alloca' 'i' <Predicate = true> <Delay = 0.00>
ST_1 : Operation 8 [1/1] (0.00ns)   --->   "%specinterface_ln0 = specinterface void @_ssdm_op_SpecInterface, i8 %in_buf, void @empty_20, i32 0, i32 0, void @empty_8, i32 4294967295, i32 0, void @empty_8, void @empty_8, void @empty_8, i32 0, i32 0, i32 0, i32 0, void @empty_8, void @empty_8, i32 4294967295, i32 0, i32 0"   --->   Operation 8 'specinterface' 'specinterface_ln0' <Predicate = true> <Delay = 0.00>
ST_1 : Operation 9 [1/1] (0.42ns)   --->   "%store_ln672 = store i3 0, i3 %i" [/home/luka/Scripting/ELEC_498-Capstone-LiteLM/HLS-Verilog/Transformer_logic/src-hls/compute_controller.cpp:672]   --->   Operation 9 'store' 'store_ln672' <Predicate = true> <Delay = 0.42>
ST_1 : Operation 10 [1/1] (0.00ns)   --->   "%br_ln0 = br void %for.inc652"   --->   Operation 10 'br' 'br_ln0' <Predicate = true> <Delay = 0.00>
ST_1 : Operation 11 [1/1] (0.00ns)   --->   "%i_2 = load i3 %i" [/home/luka/Scripting/ELEC_498-Capstone-LiteLM/HLS-Verilog/Transformer_logic/src-hls/compute_controller.cpp:672]   --->   Operation 11 'load' 'i_2' <Predicate = true> <Delay = 0.00>
ST_1 : Operation 12 [1/1] (0.67ns)   --->   "%icmp_ln672 = icmp_eq  i3 %i_2, i3 5" [/home/luka/Scripting/ELEC_498-Capstone-LiteLM/HLS-Verilog/Transformer_logic/src-hls/compute_controller.cpp:672]   --->   Operation 12 'icmp' 'icmp_ln672' <Predicate = true> <Delay = 0.67> <CoreInst = "Cmp">   --->   Core 9 'Cmp' <Latency = 0> <II = 1> <Delay = 0.67> <FuncUnit> <Opcode : 'seteq' 'setne' 'setle' 'setge' 'setlt' 'setgt'> <InPorts = 2> <OutPorts = 1>
ST_1 : Operation 13 [1/1] (0.67ns)   --->   "%add_ln672 = add i3 %i_2, i3 1" [/home/luka/Scripting/ELEC_498-Capstone-LiteLM/HLS-Verilog/Transformer_logic/src-hls/compute_controller.cpp:672]   --->   Operation 13 'add' 'add_ln672' <Predicate = true> <Delay = 0.67> <CoreInst = "Adder">   --->   Core 1 'Adder' <Latency = 0> <II = 1> <Delay = 0.67> <FuncUnit> <Opcode : 'add' 'sub'> <InPorts = 2> <OutPorts = 1>
ST_1 : Operation 14 [1/1] (0.00ns)   --->   "%br_ln672 = br i1 %icmp_ln672, void %for.inc652.split, void %for.inc675.preheader.exitStub" [/home/luka/Scripting/ELEC_498-Capstone-LiteLM/HLS-Verilog/Transformer_logic/src-hls/compute_controller.cpp:672]   --->   Operation 14 'br' 'br_ln672' <Predicate = true> <Delay = 0.00>
ST_1 : Operation 15 [1/1] (0.42ns)   --->   "%store_ln672 = store i3 %add_ln672, i3 %i" [/home/luka/Scripting/ELEC_498-Capstone-LiteLM/HLS-Verilog/Transformer_logic/src-hls/compute_controller.cpp:672]   --->   Operation 15 'store' 'store_ln672' <Predicate = (!icmp_ln672)> <Delay = 0.42>
ST_1 : Operation 16 [1/1] (0.00ns)   --->   "%br_ln672 = br void %for.inc652" [/home/luka/Scripting/ELEC_498-Capstone-LiteLM/HLS-Verilog/Transformer_logic/src-hls/compute_controller.cpp:672]   --->   Operation 16 'br' 'br_ln672' <Predicate = (!icmp_ln672)> <Delay = 0.00>

State 2 <SV = 1> <Delay = 2.01>
ST_2 : Operation 17 [1/1] (0.00ns)   --->   "%or_ln5 = bitconcatenate i6 @_ssdm_op_BitConcatenate.i6.i1.i3.i2, i1 1, i3 %i_2, i2 3" [/home/luka/Scripting/ELEC_498-Capstone-LiteLM/HLS-Verilog/Transformer_logic/src-hls/compute_controller.cpp:674]   --->   Operation 17 'bitconcatenate' 'or_ln5' <Predicate = (!icmp_ln672)> <Delay = 0.00>
ST_2 : Operation 18 [1/1] (0.00ns)   --->   "%sext_ln674 = sext i6 %or_ln5" [/home/luka/Scripting/ELEC_498-Capstone-LiteLM/HLS-Verilog/Transformer_logic/src-hls/compute_controller.cpp:674]   --->   Operation 18 'sext' 'sext_ln674' <Predicate = (!icmp_ln672)> <Delay = 0.00>
ST_2 : Operation 19 [3/3] (2.01ns)   --->   "%tmp_42 = call i32 @read_i32, i8 %in_buf, i7 %sext_ln674" [/home/luka/Scripting/ELEC_498-Capstone-LiteLM/HLS-Verilog/Transformer_logic/src-hls/compute_controller.cpp:674]   --->   Operation 19 'call' 'tmp_42' <Predicate = (!icmp_ln672)> <Delay = 2.01> <CoreType = "Generic">   --->   Generic Core
ST_2 : Operation 20 [1/1] (0.67ns)   --->   "%switch_ln674 = switch i3 %i_2, void %arrayidx651.case.4, i3 0, void %arrayidx651.case.0, i3 1, void %arrayidx651.case.1, i3 2, void %arrayidx651.case.2, i3 3, void %arrayidx651.case.3" [/home/luka/Scripting/ELEC_498-Capstone-LiteLM/HLS-Verilog/Transformer_logic/src-hls/compute_controller.cpp:674]   --->   Operation 20 'switch' 'switch_ln674' <Predicate = (!icmp_ln672)> <Delay = 0.67>
ST_2 : Operation 36 [1/1] (0.42ns)   --->   "%ret_ln0 = ret"   --->   Operation 36 'ret' 'ret_ln0' <Predicate = (icmp_ln672)> <Delay = 0.42>

State 3 <SV = 2> <Delay = 2.01>
ST_3 : Operation 21 [2/3] (2.01ns)   --->   "%tmp_42 = call i32 @read_i32, i8 %in_buf, i7 %sext_ln674" [/home/luka/Scripting/ELEC_498-Capstone-LiteLM/HLS-Verilog/Transformer_logic/src-hls/compute_controller.cpp:674]   --->   Operation 21 'call' 'tmp_42' <Predicate = (!icmp_ln672)> <Delay = 2.01> <CoreType = "Generic">   --->   Generic Core

State 4 <SV = 3> <Delay = 1.23>
ST_4 : Operation 22 [1/1] (0.00ns)   --->   "%specpipeline_ln673 = specpipeline void @_ssdm_op_SpecPipeline, i32 1, i32 0, i32 0, i32 0, void @empty_8" [/home/luka/Scripting/ELEC_498-Capstone-LiteLM/HLS-Verilog/Transformer_logic/src-hls/compute_controller.cpp:673]   --->   Operation 22 'specpipeline' 'specpipeline_ln673' <Predicate = true> <Delay = 0.00>
ST_4 : Operation 23 [1/1] (0.00ns)   --->   "%speclooptripcount_ln672 = speclooptripcount void @_ssdm_op_SpecLoopTripCount, i64 5, i64 5, i64 5" [/home/luka/Scripting/ELEC_498-Capstone-LiteLM/HLS-Verilog/Transformer_logic/src-hls/compute_controller.cpp:672]   --->   Operation 23 'speclooptripcount' 'speclooptripcount_ln672' <Predicate = true> <Delay = 0.00>
ST_4 : Operation 24 [1/1] (0.00ns)   --->   "%specloopname_ln672 = specloopname void @_ssdm_op_SpecLoopName, void @empty_16" [/home/luka/Scripting/ELEC_498-Capstone-LiteLM/HLS-Verilog/Transformer_logic/src-hls/compute_controller.cpp:672]   --->   Operation 24 'specloopname' 'specloopname_ln672' <Predicate = true> <Delay = 0.00>
ST_4 : Operation 25 [1/3] (1.23ns)   --->   "%tmp_42 = call i32 @read_i32, i8 %in_buf, i7 %sext_ln674" [/home/luka/Scripting/ELEC_498-Capstone-LiteLM/HLS-Verilog/Transformer_logic/src-hls/compute_controller.cpp:674]   --->   Operation 25 'call' 'tmp_42' <Predicate = true> <Delay = 1.23> <CoreType = "Generic">   --->   Generic Core
ST_4 : Operation 26 [1/1] (0.00ns)   --->   "%store_ln674 = store i32 %tmp_42, i32 %compute_controller_bool_bool_unsigned_int_bool_bool_bool_bool_bool_u_127" [/home/luka/Scripting/ELEC_498-Capstone-LiteLM/HLS-Verilog/Transformer_logic/src-hls/compute_controller.cpp:674]   --->   Operation 26 'store' 'store_ln674' <Predicate = (i_2 == 3)> <Delay = 0.00>
ST_4 : Operation 27 [1/1] (0.00ns)   --->   "%br_ln674 = br void %arrayidx651.exit" [/home/luka/Scripting/ELEC_498-Capstone-LiteLM/HLS-Verilog/Transformer_logic/src-hls/compute_controller.cpp:674]   --->   Operation 27 'br' 'br_ln674' <Predicate = (i_2 == 3)> <Delay = 0.00>
ST_4 : Operation 28 [1/1] (0.00ns)   --->   "%store_ln674 = store i32 %tmp_42, i32 %compute_controller_bool_bool_unsigned_int_bool_bool_bool_bool_bool_u_126" [/home/luka/Scripting/ELEC_498-Capstone-LiteLM/HLS-Verilog/Transformer_logic/src-hls/compute_controller.cpp:674]   --->   Operation 28 'store' 'store_ln674' <Predicate = (i_2 == 2)> <Delay = 0.00>
ST_4 : Operation 29 [1/1] (0.00ns)   --->   "%br_ln674 = br void %arrayidx651.exit" [/home/luka/Scripting/ELEC_498-Capstone-LiteLM/HLS-Verilog/Transformer_logic/src-hls/compute_controller.cpp:674]   --->   Operation 29 'br' 'br_ln674' <Predicate = (i_2 == 2)> <Delay = 0.00>
ST_4 : Operation 30 [1/1] (0.00ns)   --->   "%store_ln674 = store i32 %tmp_42, i32 %compute_controller_bool_bool_unsigned_int_bool_bool_bool_bool_bool_u_125" [/home/luka/Scripting/ELEC_498-Capstone-LiteLM/HLS-Verilog/Transformer_logic/src-hls/compute_controller.cpp:674]   --->   Operation 30 'store' 'store_ln674' <Predicate = (i_2 == 1)> <Delay = 0.00>
ST_4 : Operation 31 [1/1] (0.00ns)   --->   "%br_ln674 = br void %arrayidx651.exit" [/home/luka/Scripting/ELEC_498-Capstone-LiteLM/HLS-Verilog/Transformer_logic/src-hls/compute_controller.cpp:674]   --->   Operation 31 'br' 'br_ln674' <Predicate = (i_2 == 1)> <Delay = 0.00>
ST_4 : Operation 32 [1/1] (0.00ns)   --->   "%store_ln674 = store i32 %tmp_42, i32 %compute_controller_bool_bool_unsigned_int_bool_bool_bool_bool_bool_u_124" [/home/luka/Scripting/ELEC_498-Capstone-LiteLM/HLS-Verilog/Transformer_logic/src-hls/compute_controller.cpp:674]   --->   Operation 32 'store' 'store_ln674' <Predicate = (i_2 == 0)> <Delay = 0.00>
ST_4 : Operation 33 [1/1] (0.00ns)   --->   "%br_ln674 = br void %arrayidx651.exit" [/home/luka/Scripting/ELEC_498-Capstone-LiteLM/HLS-Verilog/Transformer_logic/src-hls/compute_controller.cpp:674]   --->   Operation 33 'br' 'br_ln674' <Predicate = (i_2 == 0)> <Delay = 0.00>
ST_4 : Operation 34 [1/1] (0.00ns)   --->   "%store_ln674 = store i32 %tmp_42, i32 %compute_controller_bool_bool_unsigned_int_bool_bool_bool_bool_bool_u_128" [/home/luka/Scripting/ELEC_498-Capstone-LiteLM/HLS-Verilog/Transformer_logic/src-hls/compute_controller.cpp:674]   --->   Operation 34 'store' 'store_ln674' <Predicate = (i_2 != 0 & i_2 != 1 & i_2 != 2 & i_2 != 3)> <Delay = 0.00>
ST_4 : Operation 35 [1/1] (0.00ns)   --->   "%br_ln674 = br void %arrayidx651.exit" [/home/luka/Scripting/ELEC_498-Capstone-LiteLM/HLS-Verilog/Transformer_logic/src-hls/compute_controller.cpp:674]   --->   Operation 35 'br' 'br_ln674' <Predicate = (i_2 != 0 & i_2 != 1 & i_2 != 2 & i_2 != 3)> <Delay = 0.00>


============================================================
+ Verbose Summary: Timing violations
============================================================
Target clock period: 10.000ns, clock uncertainty: 2.700ns.

 <State 1>: 1.527ns
The critical path consists of the following:
	'store' operation 0 bit ('store_ln672', /home/luka/Scripting/ELEC_498-Capstone-LiteLM/HLS-Verilog/Transformer_logic/src-hls/compute_controller.cpp:672) of constant 0 on local variable 'i', /home/luka/Scripting/ELEC_498-Capstone-LiteLM/HLS-Verilog/Transformer_logic/src-hls/compute_controller.cpp:672 [9]  (0.427 ns)
	'load' operation 3 bit ('i', /home/luka/Scripting/ELEC_498-Capstone-LiteLM/HLS-Verilog/Transformer_logic/src-hls/compute_controller.cpp:672) on local variable 'i', /home/luka/Scripting/ELEC_498-Capstone-LiteLM/HLS-Verilog/Transformer_logic/src-hls/compute_controller.cpp:672 [12]  (0.000 ns)
	'add' operation 3 bit ('add_ln672', /home/luka/Scripting/ELEC_498-Capstone-LiteLM/HLS-Verilog/Transformer_logic/src-hls/compute_controller.cpp:672) [14]  (0.673 ns)
	'store' operation 0 bit ('store_ln672', /home/luka/Scripting/ELEC_498-Capstone-LiteLM/HLS-Verilog/Transformer_logic/src-hls/compute_controller.cpp:672) of variable 'add_ln672', /home/luka/Scripting/ELEC_498-Capstone-LiteLM/HLS-Verilog/Transformer_logic/src-hls/compute_controller.cpp:672 on local variable 'i', /home/luka/Scripting/ELEC_498-Capstone-LiteLM/HLS-Verilog/Transformer_logic/src-hls/compute_controller.cpp:672 [40]  (0.427 ns)

 <State 2>: 2.010ns
The critical path consists of the following:
	'call' operation 32 bit ('tmp_42', /home/luka/Scripting/ELEC_498-Capstone-LiteLM/HLS-Verilog/Transformer_logic/src-hls/compute_controller.cpp:674) to 'read_i32' [22]  (2.010 ns)

 <State 3>: 2.010ns
The critical path consists of the following:
	'call' operation 32 bit ('tmp_42', /home/luka/Scripting/ELEC_498-Capstone-LiteLM/HLS-Verilog/Transformer_logic/src-hls/compute_controller.cpp:674) to 'read_i32' [22]  (2.010 ns)

 <State 4>: 1.237ns
The critical path consists of the following:
	'call' operation 32 bit ('tmp_42', /home/luka/Scripting/ELEC_498-Capstone-LiteLM/HLS-Verilog/Transformer_logic/src-hls/compute_controller.cpp:674) to 'read_i32' [22]  (1.237 ns)
	'store' operation 0 bit ('store_ln674', /home/luka/Scripting/ELEC_498-Capstone-LiteLM/HLS-Verilog/Transformer_logic/src-hls/compute_controller.cpp:674) of variable 'tmp_42', /home/luka/Scripting/ELEC_498-Capstone-LiteLM/HLS-Verilog/Transformer_logic/src-hls/compute_controller.cpp:674 on static variable 'compute_controller_bool_bool_unsigned_int_bool_bool_bool_bool_bool_u_126' [28]  (0.000 ns)


============================================================
+ Verbose Summary: Binding
============================================================
N/A
* FSMD analyzer results:
  - Output states:
 - Input state : 
  - Chain level:
	State 1
	State 2
	State 3
	State 4


============================================================
+ Verbose Summary: Datapath Resource usage 
============================================================
N/A
