

================================================================
== Vitis HLS Report for 'compute_controller_Pipeline_VITIS_LOOP_391_8'
================================================================
* Date:           Wed Jan 21 19:44:11 2026

* Version:        2025.1 (Build 6135595 on May 21 2025)
* Project:        compute_controller
* Solution:       hls (Vivado IP Flow Target)
* Product family: zynquplus
* Target device:  xck26-sfvc784-2LV-c


================================================================
== Performance Estimates
================================================================
+ Timing: 
    * Summary: 
    +--------+----------+----------+------------+
    |  Clock |  Target  | Estimated| Uncertainty|
    +--------+----------+----------+------------+
    |ap_clk  |  10.00 ns|  1.652 ns|     2.70 ns|
    +--------+----------+----------+------------+

+ Latency: 
    * Summary: 
    +---------+---------+-----------+-----------+-----+-----+------------------------------------------------+
    |  Latency (cycles) |   Latency (absolute)  |  Interval |                    Pipeline                    |
    |   min   |   max   |    min    |    max    | min | max |                      Type                      |
    +---------+---------+-----------+-----------+-----+-----+------------------------------------------------+
    |        4|        4|  40.000 ns|  40.000 ns|    3|    3|  loop auto-rewind stp (delay=0 clock cycles(s))|
    +---------+---------+-----------+-----------+-----+-----+------------------------------------------------+

    + Detail: 
        * Instance: 
        N/A

        * Loop: 
        +--------------------+---------+---------+----------+-----------+-----------+------+----------+
        |                    |  Latency (cycles) | Iteration|  Initiation Interval  | Trip |          |
        |      Loop Name     |   min   |   max   |  Latency |  achieved |   target  | Count| Pipelined|
        +--------------------+---------+---------+----------+-----------+-----------+------+----------+
        |- VITIS_LOOP_391_8  |        2|        2|         1|          1|          1|     2|       yes|
        +--------------------+---------+---------+----------+-----------+-----------+------+----------+



================================================================
== Utilization Estimates
================================================================
* Summary: 
+-----------------+---------+------+--------+--------+-----+
|       Name      | BRAM_18K|  DSP |   FF   |   LUT  | URAM|
+-----------------+---------+------+--------+--------+-----+
|DSP              |        -|     -|       -|       -|    -|
|Expression       |        -|     -|       0|      32|    -|
|FIFO             |        -|     -|       -|       -|    -|
|Instance         |        -|     -|       -|       -|    -|
|Memory           |        -|     -|       -|       -|    -|
|Multiplexer      |        -|     -|       0|      27|    -|
|Register         |        -|     -|       4|       -|    -|
+-----------------+---------+------+--------+--------+-----+
|Total            |        0|     0|       4|      59|    0|
+-----------------+---------+------+--------+--------+-----+
|Available        |      288|  1248|  234240|  117120|   64|
+-----------------+---------+------+--------+--------+-----+
|Utilization (%)  |        0|     0|      ~0|      ~0|    0|
+-----------------+---------+------+--------+--------+-----+

+ Detail: 
    * Instance: 
    N/A

    * DSP: 
    N/A

    * Memory: 
    N/A

    * FIFO: 
    N/A

    * Expression: 
    +----------------------+----------+----+---+----+------------+------------+
    |     Variable Name    | Operation| DSP| FF| LUT| Bitwidth P0| Bitwidth P1|
    +----------------------+----------+----+---+----+------------+------------+
    |add_ln391_fu_78_p2    |         +|   0|  0|   9|           2|           1|
    |icmp_ln391_fu_72_p2   |      icmp|   0|  0|  10|           2|           3|
    |icmp_ln393_fu_112_p2  |      icmp|   0|  0|   9|           2|           1|
    |nibble_fu_102_p3      |    select|   0|  0|   4|           1|           4|
    +----------------------+----------+----+---+----+------------+------------+
    |Total                 |          |   0|  0|  32|           7|           9|
    +----------------------+----------+----+---+----+------------+------------+

    * Multiplexer: 
    +--------------------+----+-----------+-----+-----------+
    |        Name        | LUT| Input Size| Bits| Total Bits|
    +--------------------+----+-----------+-----+-----------+
    |ap_done_int         |   9|          2|    1|          2|
    |ap_sig_allocacmp_i  |   9|          2|    2|          4|
    |i_2_fu_42           |   9|          2|    2|          4|
    +--------------------+----+-----------+-----+-----------+
    |Total               |  27|          6|    5|         10|
    +--------------------+----+-----------+-----+-----------+

    * Register: 
    +-------------+---+----+-----+-----------+
    |     Name    | FF| LUT| Bits| Const Bits|
    +-------------+---+----+-----+-----------+
    |ap_CS_fsm    |  1|   0|    1|          0|
    |ap_done_reg  |  1|   0|    1|          0|
    |i_2_fu_42    |  2|   0|    2|          0|
    +-------------+---+----+-----+-----------+
    |Total        |  4|   0|    4|          0|
    +-------------+---+----+-----+-----------+



================================================================
== Interface
================================================================
* Summary: 
+----------------------------------------------------------------------------------+-----+-----+------------+-------------------------------------------------------------------------+--------------+
|                                     RTL Ports                                    | Dir | Bits|  Protocol  |                              Source Object                              |    C Type    |
+----------------------------------------------------------------------------------+-----+-----+------------+-------------------------------------------------------------------------+--------------+
|ap_clk                                                                            |   in|    1|  ap_ctrl_hs|                             compute_controller_Pipeline_VITIS_LOOP_391_8|  return value|
|ap_rst                                                                            |   in|    1|  ap_ctrl_hs|                             compute_controller_Pipeline_VITIS_LOOP_391_8|  return value|
|ap_start                                                                          |   in|    1|  ap_ctrl_hs|                             compute_controller_Pipeline_VITIS_LOOP_391_8|  return value|
|ap_done                                                                           |  out|    1|  ap_ctrl_hs|                             compute_controller_Pipeline_VITIS_LOOP_391_8|  return value|
|ap_idle                                                                           |  out|    1|  ap_ctrl_hs|                             compute_controller_Pipeline_VITIS_LOOP_391_8|  return value|
|ap_ready                                                                          |  out|    1|  ap_ctrl_hs|                             compute_controller_Pipeline_VITIS_LOOP_391_8|  return value|
|byte_val_1                                                                        |   in|    8|     ap_none|                                                               byte_val_1|        scalar|
|compute_controller_bool_bool_unsigned_int_bool_bool_bool_bool_bool_u_11_address0  |  out|    1|   ap_memory|  compute_controller_bool_bool_unsigned_int_bool_bool_bool_bool_bool_u_11|         array|
|compute_controller_bool_bool_unsigned_int_bool_bool_bool_bool_bool_u_11_ce0       |  out|    1|   ap_memory|  compute_controller_bool_bool_unsigned_int_bool_bool_bool_bool_bool_u_11|         array|
|compute_controller_bool_bool_unsigned_int_bool_bool_bool_bool_bool_u_11_we0       |  out|    1|   ap_memory|  compute_controller_bool_bool_unsigned_int_bool_bool_bool_bool_bool_u_11|         array|
|compute_controller_bool_bool_unsigned_int_bool_bool_bool_bool_bool_u_11_d0        |  out|    4|   ap_memory|  compute_controller_bool_bool_unsigned_int_bool_bool_bool_bool_bool_u_11|         array|
|compute_controller_bool_bool_unsigned_int_bool_bool_bool_bool_bool_u_10_address0  |  out|    1|   ap_memory|  compute_controller_bool_bool_unsigned_int_bool_bool_bool_bool_bool_u_10|         array|
|compute_controller_bool_bool_unsigned_int_bool_bool_bool_bool_bool_u_10_ce0       |  out|    1|   ap_memory|  compute_controller_bool_bool_unsigned_int_bool_bool_bool_bool_bool_u_10|         array|
|compute_controller_bool_bool_unsigned_int_bool_bool_bool_bool_bool_u_10_we0       |  out|    1|   ap_memory|  compute_controller_bool_bool_unsigned_int_bool_bool_bool_bool_bool_u_10|         array|
|compute_controller_bool_bool_unsigned_int_bool_bool_bool_bool_bool_u_10_d0        |  out|    4|   ap_memory|  compute_controller_bool_bool_unsigned_int_bool_bool_bool_bool_bool_u_10|         array|
+----------------------------------------------------------------------------------+-----+-----+------------+-------------------------------------------------------------------------+--------------+

============================================================
+ Verbose Summary: Synthesis Manager
============================================================
InlineROM: 1
ExposeGlobal: 0
============================================================
+ Verbose Summary: CDFG Model
============================================================
IsTopModel: 0
ResetActiveHigh: 1
IsCombinational: 2
IsDatapathOnly: 2
HasWiredReturn: 1
HasMFsm: 2
HasVarLatency: 1
IsPipeline: 0
IsRtlPipelined: 0
IsInstanceOverlapped: 0
IsDontTouch: 0
HasImplIP: 0
IsGatedGlobalClock: 0

+ Individual pipeline summary: 
  * Pipeline-0: initiation interval (II) = 1, depth = 1


============================================================
+ Verbose Summary: Schedule
============================================================
* Number of FSM states : 1
* Pipeline : 1
  Pipeline-0 : II = 1, D = 1, States = { 1 }
* Dataflow Pipeline: 0

* FSM state transitions: 
1 --> 

* FSM state operations: 

State 1 <SV = 0> <Delay = 1.65>
ST_1 : Operation 4 [1/1] (0.00ns)   --->   "%i_2 = alloca i32 1" [/home/luka/Scripting/ELEC_498-Capstone-LiteLM/HLS-Verilog/Transformer_logic/src-hls/compute_controller.cpp:391]   --->   Operation 4 'alloca' 'i_2' <Predicate = true> <Delay = 0.00>
ST_1 : Operation 5 [1/1] (0.00ns)   --->   "%byte_val_1_read = read i8 @_ssdm_op_Read.ap_auto.i8, i8 %byte_val_1"   --->   Operation 5 'read' 'byte_val_1_read' <Predicate = true> <Delay = 0.00>
ST_1 : Operation 6 [1/1] (0.42ns)   --->   "%store_ln391 = store i2 0, i2 %i_2" [/home/luka/Scripting/ELEC_498-Capstone-LiteLM/HLS-Verilog/Transformer_logic/src-hls/compute_controller.cpp:391]   --->   Operation 6 'store' 'store_ln391' <Predicate = true> <Delay = 0.42>
ST_1 : Operation 7 [1/1] (0.00ns)   --->   "%br_ln0 = br void %for.inc168"   --->   Operation 7 'br' 'br_ln0' <Predicate = true> <Delay = 0.00>
ST_1 : Operation 8 [1/1] (0.00ns)   --->   "%i = load i2 %i_2" [/home/luka/Scripting/ELEC_498-Capstone-LiteLM/HLS-Verilog/Transformer_logic/src-hls/compute_controller.cpp:391]   --->   Operation 8 'load' 'i' <Predicate = true> <Delay = 0.00>
ST_1 : Operation 9 [1/1] (0.54ns)   --->   "%icmp_ln391 = icmp_eq  i2 %i, i2 2" [/home/luka/Scripting/ELEC_498-Capstone-LiteLM/HLS-Verilog/Transformer_logic/src-hls/compute_controller.cpp:391]   --->   Operation 9 'icmp' 'icmp_ln391' <Predicate = true> <Delay = 0.54> <CoreInst = "Cmp">   --->   Core 9 'Cmp' <Latency = 0> <II = 1> <Delay = 0.67> <FuncUnit> <Opcode : 'seteq' 'setne' 'setle' 'setge' 'setlt' 'setgt'> <InPorts = 2> <OutPorts = 1>
ST_1 : Operation 10 [1/1] (0.54ns)   --->   "%add_ln391 = add i2 %i, i2 1" [/home/luka/Scripting/ELEC_498-Capstone-LiteLM/HLS-Verilog/Transformer_logic/src-hls/compute_controller.cpp:391]   --->   Operation 10 'add' 'add_ln391' <Predicate = true> <Delay = 0.54> <CoreInst = "Adder">   --->   Core 1 'Adder' <Latency = 0> <II = 1> <Delay = 0.54> <FuncUnit> <Opcode : 'add' 'sub'> <InPorts = 2> <OutPorts = 1>
ST_1 : Operation 11 [1/1] (0.00ns)   --->   "%br_ln391 = br i1 %icmp_ln391, void %for.inc168.split, void %for.inc179.preheader.exitStub" [/home/luka/Scripting/ELEC_498-Capstone-LiteLM/HLS-Verilog/Transformer_logic/src-hls/compute_controller.cpp:391]   --->   Operation 11 'br' 'br_ln391' <Predicate = true> <Delay = 0.00>
ST_1 : Operation 12 [1/1] (0.00ns)   --->   "%specpipeline_ln391 = specpipeline void @_ssdm_op_SpecPipeline, i32 4294967295, i32 0, i32 0, i32 0, void @empty_0" [/home/luka/Scripting/ELEC_498-Capstone-LiteLM/HLS-Verilog/Transformer_logic/src-hls/compute_controller.cpp:391]   --->   Operation 12 'specpipeline' 'specpipeline_ln391' <Predicate = (!icmp_ln391)> <Delay = 0.00>
ST_1 : Operation 13 [1/1] (0.00ns)   --->   "%speclooptripcount_ln391 = speclooptripcount void @_ssdm_op_SpecLoopTripCount, i64 2, i64 2, i64 2" [/home/luka/Scripting/ELEC_498-Capstone-LiteLM/HLS-Verilog/Transformer_logic/src-hls/compute_controller.cpp:391]   --->   Operation 13 'speclooptripcount' 'speclooptripcount_ln391' <Predicate = (!icmp_ln391)> <Delay = 0.00>
ST_1 : Operation 14 [1/1] (0.00ns)   --->   "%specloopname_ln391 = specloopname void @_ssdm_op_SpecLoopName, void @empty_6" [/home/luka/Scripting/ELEC_498-Capstone-LiteLM/HLS-Verilog/Transformer_logic/src-hls/compute_controller.cpp:391]   --->   Operation 14 'specloopname' 'specloopname_ln391' <Predicate = (!icmp_ln391)> <Delay = 0.00>
ST_1 : Operation 15 [1/1] (0.00ns)   --->   "%trunc_ln393 = trunc i2 %i" [/home/luka/Scripting/ELEC_498-Capstone-LiteLM/HLS-Verilog/Transformer_logic/src-hls/compute_controller.cpp:393]   --->   Operation 15 'trunc' 'trunc_ln393' <Predicate = (!icmp_ln391)> <Delay = 0.00>
ST_1 : Operation 16 [1/1] (0.00ns)   --->   "%tmp_3 = partselect i4 @_ssdm_op_PartSelect.i4.i8.i32.i32, i8 %byte_val_1_read, i32 4, i32 7" [/home/luka/Scripting/ELEC_498-Capstone-LiteLM/HLS-Verilog/Transformer_logic/src-hls/compute_buffer_layout.hpp:133->/home/luka/Scripting/ELEC_498-Capstone-LiteLM/HLS-Verilog/Transformer_logic/src-hls/compute_controller.cpp:393]   --->   Operation 16 'partselect' 'tmp_3' <Predicate = (!icmp_ln391)> <Delay = 0.00>
ST_1 : Operation 17 [1/1] (0.00ns)   --->   "%trunc_ln133 = trunc i8 %byte_val_1_read" [/home/luka/Scripting/ELEC_498-Capstone-LiteLM/HLS-Verilog/Transformer_logic/src-hls/compute_buffer_layout.hpp:133->/home/luka/Scripting/ELEC_498-Capstone-LiteLM/HLS-Verilog/Transformer_logic/src-hls/compute_controller.cpp:393]   --->   Operation 17 'trunc' 'trunc_ln133' <Predicate = (!icmp_ln391)> <Delay = 0.00>
ST_1 : Operation 18 [1/1] (0.39ns)   --->   "%nibble = select i1 %trunc_ln393, i4 %tmp_3, i4 %trunc_ln133" [/home/luka/Scripting/ELEC_498-Capstone-LiteLM/HLS-Verilog/Transformer_logic/src-hls/compute_buffer_layout.hpp:133->/home/luka/Scripting/ELEC_498-Capstone-LiteLM/HLS-Verilog/Transformer_logic/src-hls/compute_controller.cpp:393]   --->   Operation 18 'select' 'nibble' <Predicate = (!icmp_ln391)> <Delay = 0.39> <CoreInst = "Sel">   --->   Core 73 'Sel' <Latency = 0> <II = 1> <Delay = 0.39> <FuncUnit> <Opcode : 'select'> <InPorts = 3> <OutPorts = 1>
ST_1 : Operation 19 [1/1] (0.54ns)   --->   "%icmp_ln393 = icmp_eq  i2 %i, i2 0" [/home/luka/Scripting/ELEC_498-Capstone-LiteLM/HLS-Verilog/Transformer_logic/src-hls/compute_controller.cpp:393]   --->   Operation 19 'icmp' 'icmp_ln393' <Predicate = (!icmp_ln391)> <Delay = 0.54> <CoreInst = "Cmp">   --->   Core 9 'Cmp' <Latency = 0> <II = 1> <Delay = 0.54> <FuncUnit> <Opcode : 'seteq' 'setne' 'setle' 'setge' 'setlt' 'setgt'> <InPorts = 2> <OutPorts = 1>
ST_1 : Operation 20 [1/1] (0.00ns)   --->   "%br_ln393 = br i1 %icmp_ln393, void %arrayidx167.case.1, void %arrayidx167.case.0" [/home/luka/Scripting/ELEC_498-Capstone-LiteLM/HLS-Verilog/Transformer_logic/src-hls/compute_controller.cpp:393]   --->   Operation 20 'br' 'br_ln393' <Predicate = (!icmp_ln391)> <Delay = 0.00>
ST_1 : Operation 21 [1/1] ( I:0.67ns O:0.67ns )   --->   "%store_ln393 = store i4 %nibble, i4 0" [/home/luka/Scripting/ELEC_498-Capstone-LiteLM/HLS-Verilog/Transformer_logic/src-hls/compute_controller.cpp:393]   --->   Operation 21 'store' 'store_ln393' <Predicate = (!icmp_ln391 & !icmp_ln393)> <Delay = 0.67> <CoreInst = "RAM">   --->   Core 82 'RAM' <Latency = 1> <II = 1> <Delay = 0.67> <Storage> <Opcode : 'load' 'store'> <Ports = 2> <Width = 4> <Depth = 2> <RAM>
ST_1 : Operation 22 [1/1] (0.00ns)   --->   "%br_ln393 = br void %arrayidx167.exit" [/home/luka/Scripting/ELEC_498-Capstone-LiteLM/HLS-Verilog/Transformer_logic/src-hls/compute_controller.cpp:393]   --->   Operation 22 'br' 'br_ln393' <Predicate = (!icmp_ln391 & !icmp_ln393)> <Delay = 0.00>
ST_1 : Operation 23 [1/1] ( I:0.67ns O:0.67ns )   --->   "%store_ln393 = store i4 %nibble, i4 0" [/home/luka/Scripting/ELEC_498-Capstone-LiteLM/HLS-Verilog/Transformer_logic/src-hls/compute_controller.cpp:393]   --->   Operation 23 'store' 'store_ln393' <Predicate = (!icmp_ln391 & icmp_ln393)> <Delay = 0.67> <CoreInst = "RAM">   --->   Core 82 'RAM' <Latency = 1> <II = 1> <Delay = 0.67> <Storage> <Opcode : 'load' 'store'> <Ports = 2> <Width = 4> <Depth = 2> <RAM>
ST_1 : Operation 24 [1/1] (0.00ns)   --->   "%br_ln393 = br void %arrayidx167.exit" [/home/luka/Scripting/ELEC_498-Capstone-LiteLM/HLS-Verilog/Transformer_logic/src-hls/compute_controller.cpp:393]   --->   Operation 24 'br' 'br_ln393' <Predicate = (!icmp_ln391 & icmp_ln393)> <Delay = 0.00>
ST_1 : Operation 25 [1/1] (0.42ns)   --->   "%store_ln391 = store i2 %add_ln391, i2 %i_2" [/home/luka/Scripting/ELEC_498-Capstone-LiteLM/HLS-Verilog/Transformer_logic/src-hls/compute_controller.cpp:391]   --->   Operation 25 'store' 'store_ln391' <Predicate = (!icmp_ln391)> <Delay = 0.42>
ST_1 : Operation 26 [1/1] (0.00ns)   --->   "%br_ln391 = br void %for.inc168" [/home/luka/Scripting/ELEC_498-Capstone-LiteLM/HLS-Verilog/Transformer_logic/src-hls/compute_controller.cpp:391]   --->   Operation 26 'br' 'br_ln391' <Predicate = (!icmp_ln391)> <Delay = 0.00>
ST_1 : Operation 27 [1/1] (0.42ns)   --->   "%ret_ln0 = ret"   --->   Operation 27 'ret' 'ret_ln0' <Predicate = (icmp_ln391)> <Delay = 0.42>


============================================================
+ Verbose Summary: Binding
============================================================
STG Binding: 
---------------- STG Properties BEGIN ----------------
- Is combinational: 0
- Is one-state seq: 0
- Is datapath-only: 0
- Is pipelined: 0
- Is top level: 0
Port [ Return ] is wired: 1; IO mode=ap_ctrl_hs:ce=0
Port [ byte_val_1]:  wired=1; compound=0; hidden=0; nouse=0; global=0; static=0; extern=0; dir=0; type=0; pingpong=0; private_global=0; IO mode=ap_none:ce=0
Port [ compute_controller_bool_bool_unsigned_int_bool_bool_bool_bool_bool_u_11]:  wired=1; compound=1; hidden=0; nouse=0; global=1; static=1; extern=0; dir=1; type=1; pingpong=0; private_global=0; MemPort=[03]; IO mode=ap_memory:ce=0
Port [ compute_controller_bool_bool_unsigned_int_bool_bool_bool_bool_bool_u_10]:  wired=1; compound=1; hidden=0; nouse=0; global=1; static=1; extern=0; dir=1; type=1; pingpong=0; private_global=0; MemPort=[03]; IO mode=ap_memory:ce=0
---------------- STG Properties END ------------------

---------------- Datapath Model BEGIN ----------------

<LifeTime>
<method=bitvector/>
i_2                     (alloca           ) [ 01]
byte_val_1_read         (read             ) [ 00]
store_ln391             (store            ) [ 00]
br_ln0                  (br               ) [ 00]
i                       (load             ) [ 00]
icmp_ln391              (icmp             ) [ 01]
add_ln391               (add              ) [ 00]
br_ln391                (br               ) [ 00]
specpipeline_ln391      (specpipeline     ) [ 00]
speclooptripcount_ln391 (speclooptripcount) [ 00]
specloopname_ln391      (specloopname     ) [ 00]
trunc_ln393             (trunc            ) [ 00]
tmp_3                   (partselect       ) [ 00]
trunc_ln133             (trunc            ) [ 00]
nibble                  (select           ) [ 00]
icmp_ln393              (icmp             ) [ 01]
br_ln393                (br               ) [ 00]
store_ln393             (store            ) [ 00]
br_ln393                (br               ) [ 00]
store_ln393             (store            ) [ 00]
br_ln393                (br               ) [ 00]
store_ln391             (store            ) [ 00]
br_ln391                (br               ) [ 00]
ret_ln0                 (ret              ) [ 00]
</LifeTime>

<model>

<comp_list>
<comp id="0" class="1000" name="byte_val_1">
<pin_list>
<pin id="1" dir="1" index="0" bw="1" slack="0"/>
</pin_list>
<bind>
<StgValue><ssdm name="byte_val_1"/></StgValue>
</bind>
</comp>

<comp id="2" class="1000" name="compute_controller_bool_bool_unsigned_int_bool_bool_bool_bool_bool_u_11">
<pin_list>
<pin id="3" dir="1" index="0" bw="1" slack="2147483647"/>
</pin_list>
<bind>
<StgValue><ssdm name="compute_controller_bool_bool_unsigned_int_bool_bool_bool_bool_bool_u_11"/><MemPortTyVec>0 3 </MemPortTyVec>
</StgValue>
</bind>
</comp>

<comp id="4" class="1000" name="compute_controller_bool_bool_unsigned_int_bool_bool_bool_bool_bool_u_10">
<pin_list>
<pin id="5" dir="1" index="0" bw="1" slack="2147483647"/>
</pin_list>
<bind>
<StgValue><ssdm name="compute_controller_bool_bool_unsigned_int_bool_bool_bool_bool_bool_u_10"/><MemPortTyVec>0 3 </MemPortTyVec>
</StgValue>
</bind>
</comp>

<comp id="6" class="1001" name="const_6">
<pin_list>
<pin id="7" dir="1" index="0" bw="1" slack="0"/>
</pin_list>
<bind>
<StgValue><ssdm name=""/></StgValue>
</bind>
</comp>

<comp id="8" class="1001" name="const_8">
<pin_list>
<pin id="9" dir="1" index="0" bw="1" slack="0"/>
</pin_list>
<bind>
<StgValue><ssdm name="_ssdm_op_Read.ap_auto.i8"/></StgValue>
</bind>
</comp>

<comp id="10" class="1001" name="const_10">
<pin_list>
<pin id="11" dir="1" index="0" bw="1" slack="0"/>
</pin_list>
<bind>
<StgValue><ssdm name=""/></StgValue>
</bind>
</comp>

<comp id="12" class="1001" name="const_12">
<pin_list>
<pin id="13" dir="1" index="0" bw="1" slack="0"/>
</pin_list>
<bind>
<StgValue><ssdm name=""/></StgValue>
</bind>
</comp>

<comp id="14" class="1001" name="const_14">
<pin_list>
<pin id="15" dir="1" index="0" bw="1" slack="0"/>
</pin_list>
<bind>
<StgValue><ssdm name=""/></StgValue>
</bind>
</comp>

<comp id="16" class="1001" name="const_16">
<pin_list>
<pin id="17" dir="1" index="0" bw="1" slack="2147483647"/>
</pin_list>
<bind>
<StgValue><ssdm name="_ssdm_op_SpecPipeline"/></StgValue>
</bind>
</comp>

<comp id="18" class="1001" name="const_18">
<pin_list>
<pin id="19" dir="1" index="0" bw="1" slack="2147483647"/>
</pin_list>
<bind>
<StgValue><ssdm name=""/></StgValue>
</bind>
</comp>

<comp id="20" class="1001" name="const_20">
<pin_list>
<pin id="21" dir="1" index="0" bw="1" slack="2147483647"/>
</pin_list>
<bind>
<StgValue><ssdm name=""/></StgValue>
</bind>
</comp>

<comp id="22" class="1001" name="const_22">
<pin_list>
<pin id="23" dir="1" index="0" bw="1" slack="2147483647"/>
</pin_list>
<bind>
<StgValue><ssdm name="empty_0"/></StgValue>
</bind>
</comp>

<comp id="24" class="1001" name="const_24">
<pin_list>
<pin id="25" dir="1" index="0" bw="1" slack="2147483647"/>
</pin_list>
<bind>
<StgValue><ssdm name="_ssdm_op_SpecLoopTripCount"/></StgValue>
</bind>
</comp>

<comp id="26" class="1001" name="const_26">
<pin_list>
<pin id="27" dir="1" index="0" bw="1" slack="2147483647"/>
</pin_list>
<bind>
<StgValue><ssdm name=""/></StgValue>
</bind>
</comp>

<comp id="28" class="1001" name="const_28">
<pin_list>
<pin id="29" dir="1" index="0" bw="1" slack="2147483647"/>
</pin_list>
<bind>
<StgValue><ssdm name="_ssdm_op_SpecLoopName"/></StgValue>
</bind>
</comp>

<comp id="30" class="1001" name="const_30">
<pin_list>
<pin id="31" dir="1" index="0" bw="1" slack="2147483647"/>
</pin_list>
<bind>
<StgValue><ssdm name="empty_6"/></StgValue>
</bind>
</comp>

<comp id="32" class="1001" name="const_32">
<pin_list>
<pin id="33" dir="1" index="0" bw="1" slack="0"/>
</pin_list>
<bind>
<StgValue><ssdm name="_ssdm_op_PartSelect.i4.i8.i32.i32"/></StgValue>
</bind>
</comp>

<comp id="34" class="1001" name="const_34">
<pin_list>
<pin id="35" dir="1" index="0" bw="1" slack="0"/>
</pin_list>
<bind>
<StgValue><ssdm name=""/></StgValue>
</bind>
</comp>

<comp id="36" class="1001" name="const_36">
<pin_list>
<pin id="37" dir="1" index="0" bw="1" slack="0"/>
</pin_list>
<bind>
<StgValue><ssdm name=""/></StgValue>
</bind>
</comp>

<comp id="38" class="1001" name="const_38">
<pin_list>
<pin id="39" dir="1" index="0" bw="1" slack="0"/>
</pin_list>
<bind>
<StgValue><ssdm name=""/></StgValue>
</bind>
</comp>

<comp id="40" class="1001" name="const_40">
<pin_list>
<pin id="41" dir="1" index="0" bw="1" slack="0"/>
</pin_list>
<bind>
<StgValue><ssdm name=""/></StgValue>
</bind>
</comp>

<comp id="42" class="1004" name="i_2_fu_42">
<pin_list>
<pin id="43" dir="0" index="0" bw="1" slack="0"/>
<pin id="44" dir="1" index="1" bw="2" slack="0"/>
</pin_list>
<bind>
<opcode="alloca(26) " fcode="alloca"/>
<opset="i_2/1 "/>
</bind>
</comp>

<comp id="46" class="1004" name="byte_val_1_read_read_fu_46">
<pin_list>
<pin id="47" dir="0" index="0" bw="8" slack="0"/>
<pin id="48" dir="0" index="1" bw="8" slack="0"/>
<pin id="49" dir="1" index="2" bw="8" slack="0"/>
</pin_list>
<bind>
<opcode="read(1150) " fcode="read"/>
<opset="byte_val_1_read/1 "/>
</bind>
</comp>

<comp id="52" class="1004" name="store_ln393_access_fu_52">
<pin_list>
<pin id="53" dir="0" index="0" bw="4" slack="0"/>
<pin id="54" dir="0" index="1" bw="4" slack="0"/>
<pin id="55" dir="0" index="2" bw="0" slack="2147483647"/>
<pin id="56" dir="1" index="3" bw="4" slack="2147483647"/>
</pin_list>
<bind>
<opcode="store(28) " fcode="store"/>
<opset="store_ln393/1 "/>
</bind>
</comp>

<comp id="58" class="1004" name="store_ln393_access_fu_58">
<pin_list>
<pin id="59" dir="0" index="0" bw="4" slack="0"/>
<pin id="60" dir="0" index="1" bw="4" slack="0"/>
<pin id="61" dir="0" index="2" bw="0" slack="2147483647"/>
<pin id="62" dir="1" index="3" bw="4" slack="2147483647"/>
</pin_list>
<bind>
<opcode="store(28) " fcode="store"/>
<opset="store_ln393/1 "/>
</bind>
</comp>

<comp id="64" class="1004" name="store_ln391_store_fu_64">
<pin_list>
<pin id="65" dir="0" index="0" bw="1" slack="0"/>
<pin id="66" dir="0" index="1" bw="2" slack="0"/>
<pin id="67" dir="1" index="2" bw="0" slack="2147483647"/>
</pin_list>
<bind>
<opcode="store(28) " fcode="store"/>
<opset="store_ln391/1 "/>
</bind>
</comp>

<comp id="69" class="1004" name="i_load_fu_69">
<pin_list>
<pin id="70" dir="0" index="0" bw="2" slack="0"/>
<pin id="71" dir="1" index="1" bw="2" slack="0"/>
</pin_list>
<bind>
<opcode="load(27) " fcode="load"/>
<opset="i/1 "/>
</bind>
</comp>

<comp id="72" class="1004" name="icmp_ln391_fu_72">
<pin_list>
<pin id="73" dir="0" index="0" bw="2" slack="0"/>
<pin id="74" dir="0" index="1" bw="2" slack="0"/>
<pin id="75" dir="1" index="2" bw="1" slack="2147483647"/>
</pin_list>
<bind>
<opcode="icmp(45) " fcode="icmp"/>
<opset="icmp_ln391/1 "/>
</bind>
</comp>

<comp id="78" class="1004" name="add_ln391_fu_78">
<pin_list>
<pin id="79" dir="0" index="0" bw="2" slack="0"/>
<pin id="80" dir="0" index="1" bw="1" slack="0"/>
<pin id="81" dir="1" index="2" bw="2" slack="0"/>
</pin_list>
<bind>
<opcode="add(8) " fcode="add"/>
<opset="add_ln391/1 "/>
</bind>
</comp>

<comp id="84" class="1004" name="trunc_ln393_fu_84">
<pin_list>
<pin id="85" dir="0" index="0" bw="2" slack="0"/>
<pin id="86" dir="1" index="1" bw="1" slack="0"/>
</pin_list>
<bind>
<opcode="trunc(33) " fcode="trunc"/>
<opset="trunc_ln393/1 "/>
</bind>
</comp>

<comp id="88" class="1004" name="tmp_3_fu_88">
<pin_list>
<pin id="89" dir="0" index="0" bw="4" slack="0"/>
<pin id="90" dir="0" index="1" bw="8" slack="0"/>
<pin id="91" dir="0" index="2" bw="4" slack="0"/>
<pin id="92" dir="0" index="3" bw="4" slack="0"/>
<pin id="93" dir="1" index="4" bw="4" slack="0"/>
</pin_list>
<bind>
<opcode="partselect(1002) " fcode="partselect"/>
<opset="tmp_3/1 "/>
</bind>
</comp>

<comp id="98" class="1004" name="trunc_ln133_fu_98">
<pin_list>
<pin id="99" dir="0" index="0" bw="8" slack="0"/>
<pin id="100" dir="1" index="1" bw="4" slack="0"/>
</pin_list>
<bind>
<opcode="trunc(33) " fcode="trunc"/>
<opset="trunc_ln133/1 "/>
</bind>
</comp>

<comp id="102" class="1004" name="nibble_fu_102">
<pin_list>
<pin id="103" dir="0" index="0" bw="1" slack="0"/>
<pin id="104" dir="0" index="1" bw="4" slack="0"/>
<pin id="105" dir="0" index="2" bw="4" slack="0"/>
<pin id="106" dir="1" index="3" bw="4" slack="0"/>
</pin_list>
<bind>
<opcode="select(49) " fcode="select"/>
<opset="nibble/1 "/>
</bind>
</comp>

<comp id="112" class="1004" name="icmp_ln393_fu_112">
<pin_list>
<pin id="113" dir="0" index="0" bw="2" slack="0"/>
<pin id="114" dir="0" index="1" bw="2" slack="0"/>
<pin id="115" dir="1" index="2" bw="1" slack="2147483647"/>
</pin_list>
<bind>
<opcode="icmp(45) " fcode="icmp"/>
<opset="icmp_ln393/1 "/>
</bind>
</comp>

<comp id="118" class="1004" name="store_ln391_store_fu_118">
<pin_list>
<pin id="119" dir="0" index="0" bw="2" slack="0"/>
<pin id="120" dir="0" index="1" bw="2" slack="0"/>
<pin id="121" dir="1" index="2" bw="0" slack="2147483647"/>
</pin_list>
<bind>
<opcode="store(28) " fcode="store"/>
<opset="store_ln391/1 "/>
</bind>
</comp>

<comp id="123" class="1005" name="i_2_reg_123">
<pin_list>
<pin id="124" dir="0" index="0" bw="2" slack="0"/>
<pin id="125" dir="1" index="1" bw="2" slack="0"/>
</pin_list>
<bind>
<opset="i_2 "/>
</bind>
</comp>

</comp_list>

<net_list>
<net id="45"><net_src comp="6" pin="0"/><net_sink comp="42" pin=0"/></net>

<net id="50"><net_src comp="8" pin="0"/><net_sink comp="46" pin=0"/></net>

<net id="51"><net_src comp="0" pin="0"/><net_sink comp="46" pin=1"/></net>

<net id="57"><net_src comp="38" pin="0"/><net_sink comp="52" pin=0"/></net>

<net id="63"><net_src comp="40" pin="0"/><net_sink comp="58" pin=0"/></net>

<net id="68"><net_src comp="10" pin="0"/><net_sink comp="64" pin=0"/></net>

<net id="76"><net_src comp="69" pin="1"/><net_sink comp="72" pin=0"/></net>

<net id="77"><net_src comp="12" pin="0"/><net_sink comp="72" pin=1"/></net>

<net id="82"><net_src comp="69" pin="1"/><net_sink comp="78" pin=0"/></net>

<net id="83"><net_src comp="14" pin="0"/><net_sink comp="78" pin=1"/></net>

<net id="87"><net_src comp="69" pin="1"/><net_sink comp="84" pin=0"/></net>

<net id="94"><net_src comp="32" pin="0"/><net_sink comp="88" pin=0"/></net>

<net id="95"><net_src comp="46" pin="2"/><net_sink comp="88" pin=1"/></net>

<net id="96"><net_src comp="34" pin="0"/><net_sink comp="88" pin=2"/></net>

<net id="97"><net_src comp="36" pin="0"/><net_sink comp="88" pin=3"/></net>

<net id="101"><net_src comp="46" pin="2"/><net_sink comp="98" pin=0"/></net>

<net id="107"><net_src comp="84" pin="1"/><net_sink comp="102" pin=0"/></net>

<net id="108"><net_src comp="88" pin="4"/><net_sink comp="102" pin=1"/></net>

<net id="109"><net_src comp="98" pin="1"/><net_sink comp="102" pin=2"/></net>

<net id="110"><net_src comp="102" pin="3"/><net_sink comp="52" pin=1"/></net>

<net id="111"><net_src comp="102" pin="3"/><net_sink comp="58" pin=1"/></net>

<net id="116"><net_src comp="69" pin="1"/><net_sink comp="112" pin=0"/></net>

<net id="117"><net_src comp="10" pin="0"/><net_sink comp="112" pin=1"/></net>

<net id="122"><net_src comp="78" pin="2"/><net_sink comp="118" pin=0"/></net>

<net id="126"><net_src comp="42" pin="1"/><net_sink comp="123" pin=0"/></net>

<net id="127"><net_src comp="123" pin="1"/><net_sink comp="64" pin=1"/></net>

<net id="128"><net_src comp="123" pin="1"/><net_sink comp="69" pin=0"/></net>

<net id="129"><net_src comp="123" pin="1"/><net_sink comp="118" pin=1"/></net>

</net_list>

</model> 
---------------- Datapath Model END ------------------

* FSMD analyzer results:
  - Output states:
	Port: compute_controller_bool_bool_unsigned_int_bool_bool_bool_bool_bool_u_11 | {1 }
	Port: compute_controller_bool_bool_unsigned_int_bool_bool_bool_bool_bool_u_10 | {1 }
 - Input state : 
	Port: compute_controller_Pipeline_VITIS_LOOP_391_8 : byte_val_1 | {1 }
	Port: compute_controller_Pipeline_VITIS_LOOP_391_8 : compute_controller_bool_bool_unsigned_int_bool_bool_bool_bool_bool_u_11 | {}
	Port: compute_controller_Pipeline_VITIS_LOOP_391_8 : compute_controller_bool_bool_unsigned_int_bool_bool_bool_bool_bool_u_10 | {}
  - Chain level:
	State 1
		store_ln391 : 1
		i : 1
		icmp_ln391 : 2
		add_ln391 : 2
		br_ln391 : 3
		trunc_ln393 : 2
		nibble : 3
		icmp_ln393 : 2
		br_ln393 : 3
		store_ln393 : 4
		store_ln393 : 4
		store_ln391 : 3


============================================================
+ Verbose Summary: Datapath Resource usage 
============================================================

* Functional unit list:
|----------|----------------------------|---------|---------|
| Operation|       Functional Unit      |    FF   |   LUT   |
|----------|----------------------------|---------|---------|
|   icmp   |      icmp_ln391_fu_72      |    0    |    9    |
|          |      icmp_ln393_fu_112     |    0    |    9    |
|----------|----------------------------|---------|---------|
|    add   |       add_ln391_fu_78      |    0    |    9    |
|----------|----------------------------|---------|---------|
|  select  |        nibble_fu_102       |    0    |    4    |
|----------|----------------------------|---------|---------|
|   read   | byte_val_1_read_read_fu_46 |    0    |    0    |
|----------|----------------------------|---------|---------|
|   trunc  |      trunc_ln393_fu_84     |    0    |    0    |
|          |      trunc_ln133_fu_98     |    0    |    0    |
|----------|----------------------------|---------|---------|
|partselect|         tmp_3_fu_88        |    0    |    0    |
|----------|----------------------------|---------|---------|
|   Total  |                            |    0    |    31   |
|----------|----------------------------|---------|---------|

Memories:
N/A

* Register list:
+-----------+--------+
|           |   FF   |
+-----------+--------+
|i_2_reg_123|    2   |
+-----------+--------+
|   Total   |    2   |
+-----------+--------+

* Multiplexer (MUX) list: 
|--------|------|------|------|--------|
|  Comp  |  Pin | Size |  BW  | S x BW |
|--------|------|------|------|--------|
|  Total |      |      |      |    0   |
|--------|------|------|------|--------|



* Summary:
+-----------+--------+--------+
|           |   FF   |   LUT  |
+-----------+--------+--------+
|  Function |    0   |   31   |
|   Memory  |    -   |    -   |
|Multiplexer|    -   |    -   |
|  Register |    2   |    -   |
+-----------+--------+--------+
|   Total   |    2   |   31   |
+-----------+--------+--------+
