

================================================================
== Vitis HLS Report for 'compute_controller_Pipeline_VITIS_LOOP_629_36'
================================================================
* Date:           Sat Jan 24 18:00:29 2026

* Version:        2025.1 (Build 6135595 on May 21 2025)
* Project:        compute_controller
* Solution:       hls (Vivado IP Flow Target)
* Product family: zynquplus
* Target device:  xck26-sfvc784-2LV-c


================================================================
== Performance Estimates
================================================================
+ Timing: 
    * Summary: 
    +--------+----------+----------+------------+
    |  Clock |  Target  | Estimated| Uncertainty|
    +--------+----------+----------+------------+
    |ap_clk  |  10.00 ns|  1.901 ns|     2.70 ns|
    +--------+----------+----------+------------+

+ Latency: 
    * Summary: 
    +---------+---------+----------+----------+-----+-----+------------------------------------------------+
    |  Latency (cycles) |  Latency (absolute) |  Interval |                    Pipeline                    |
    |   min   |   max   |    min   |    max   | min | max |                      Type                      |
    +---------+---------+----------+----------+-----+-----+------------------------------------------------+
    |      172|      172|  1.720 us|  1.720 us|  171|  171|  loop auto-rewind stp (delay=0 clock cycles(s))|
    +---------+---------+----------+----------+-----+-----+------------------------------------------------+

    + Detail: 
        * Instance: 
        N/A

        * Loop: 
        +---------------------+---------+---------+----------+-----------+-----------+------+----------+
        |                     |  Latency (cycles) | Iteration|  Initiation Interval  | Trip |          |
        |      Loop Name      |   min   |   max   |  Latency |  achieved |   target  | Count| Pipelined|
        +---------------------+---------+---------+----------+-----------+-----------+------+----------+
        |- VITIS_LOOP_629_36  |      170|      170|         1|          1|          1|   170|       yes|
        +---------------------+---------+---------+----------+-----------+-----------+------+----------+

============================================================
+ Verbose Summary: Synthesis Manager
============================================================
InlineROM: 1
ExposeGlobal: 0
============================================================
+ Verbose Summary: CDFG Model
============================================================
IsTopModel: 0
ResetActiveHigh: 1
IsCombinational: 0
IsDatapathOnly: 0
HasWiredReturn: 1
HasMFsm: 2
HasVarLatency: 1
IsPipeline: 0
IsRtlPipelined: 0
IsInstanceOverlapped: 0
IsDontTouch: 0
HasImplIP: 0
IsGatedGlobalClock: 0

+ Individual pipeline summary: 
  * Pipeline-0: initiation interval (II) = 1, depth = 1


============================================================
+ Verbose Summary: Schedule
============================================================
* Number of FSM states : 1
* Pipeline : 1
  Pipeline-0 : II = 1, D = 1, States = { 1 }
* Dataflow Pipeline: 0

* FSM state transitions: 
1 --> 

* FSM state operations: 

State 1 <SV = 0> <Delay = 1.90>
ST_1 : Operation 4 [1/1] (0.00ns)   --->   "%i = alloca i32 1" [/home/luka/Scripting/ELEC_498-Capstone-LiteLM/HLS-Verilog/Transformer_logic/src-hls/compute_controller.cpp:629]   --->   Operation 4 'alloca' 'i' <Predicate = true> <Delay = 0.00>
ST_1 : Operation 5 [1/1] (0.42ns)   --->   "%store_ln629 = store i8 22, i8 %i" [/home/luka/Scripting/ELEC_498-Capstone-LiteLM/HLS-Verilog/Transformer_logic/src-hls/compute_controller.cpp:629]   --->   Operation 5 'store' 'store_ln629' <Predicate = true> <Delay = 0.42>
ST_1 : Operation 6 [1/1] (0.00ns)   --->   "%br_ln0 = br void %for.inc599"   --->   Operation 6 'br' 'br_ln0' <Predicate = true> <Delay = 0.00>
ST_1 : Operation 7 [1/1] (0.00ns)   --->   "%i_5 = load i8 %i" [/home/luka/Scripting/ELEC_498-Capstone-LiteLM/HLS-Verilog/Transformer_logic/src-hls/compute_controller.cpp:629]   --->   Operation 7 'load' 'i_5' <Predicate = true> <Delay = 0.00>
ST_1 : Operation 8 [1/1] (0.76ns)   --->   "%icmp_ln629 = icmp_eq  i8 %i_5, i8 192" [/home/luka/Scripting/ELEC_498-Capstone-LiteLM/HLS-Verilog/Transformer_logic/src-hls/compute_controller.cpp:629]   --->   Operation 8 'icmp' 'icmp_ln629' <Predicate = true> <Delay = 0.76> <CoreInst = "Cmp">   --->   Core 9 'Cmp' <Latency = 0> <II = 1> <Delay = 0.76> <FuncUnit> <Opcode : 'seteq' 'setne' 'setle' 'setge' 'setlt' 'setgt'> <InPorts = 2> <OutPorts = 1>
ST_1 : Operation 9 [1/1] (0.00ns)   --->   "%br_ln629 = br i1 %icmp_ln629, void %for.inc599.split, void %for.body611.preheader.exitStub" [/home/luka/Scripting/ELEC_498-Capstone-LiteLM/HLS-Verilog/Transformer_logic/src-hls/compute_controller.cpp:629]   --->   Operation 9 'br' 'br_ln629' <Predicate = true> <Delay = 0.00>
ST_1 : Operation 10 [1/1] (0.00ns)   --->   "%trunc_ln629 = trunc i8 %i_5" [/home/luka/Scripting/ELEC_498-Capstone-LiteLM/HLS-Verilog/Transformer_logic/src-hls/compute_controller.cpp:629]   --->   Operation 10 'trunc' 'trunc_ln629' <Predicate = (!icmp_ln629)> <Delay = 0.00>
ST_1 : Operation 11 [1/1] (0.00ns)   --->   "%specpipeline_ln630 = specpipeline void @_ssdm_op_SpecPipeline, i32 1, i32 0, i32 0, i32 0, void @empty_15" [/home/luka/Scripting/ELEC_498-Capstone-LiteLM/HLS-Verilog/Transformer_logic/src-hls/compute_controller.cpp:630]   --->   Operation 11 'specpipeline' 'specpipeline_ln630' <Predicate = (!icmp_ln629)> <Delay = 0.00>
ST_1 : Operation 12 [1/1] (0.00ns)   --->   "%speclooptripcount_ln629 = speclooptripcount void @_ssdm_op_SpecLoopTripCount, i64 170, i64 170, i64 170" [/home/luka/Scripting/ELEC_498-Capstone-LiteLM/HLS-Verilog/Transformer_logic/src-hls/compute_controller.cpp:629]   --->   Operation 12 'speclooptripcount' 'speclooptripcount_ln629' <Predicate = (!icmp_ln629)> <Delay = 0.00>
ST_1 : Operation 13 [1/1] (0.00ns)   --->   "%specloopname_ln629 = specloopname void @_ssdm_op_SpecLoopName, void @empty_23" [/home/luka/Scripting/ELEC_498-Capstone-LiteLM/HLS-Verilog/Transformer_logic/src-hls/compute_controller.cpp:629]   --->   Operation 13 'specloopname' 'specloopname_ln629' <Predicate = (!icmp_ln629)> <Delay = 0.00>
ST_1 : Operation 14 [1/1] (0.00ns)   --->   "%lshr_ln629_1 = partselect i4 @_ssdm_op_PartSelect.i4.i8.i32.i32, i8 %i_5, i32 4, i32 7" [/home/luka/Scripting/ELEC_498-Capstone-LiteLM/HLS-Verilog/Transformer_logic/src-hls/compute_controller.cpp:629]   --->   Operation 14 'partselect' 'lshr_ln629_1' <Predicate = (!icmp_ln629)> <Delay = 0.00>
ST_1 : Operation 15 [1/1] (0.00ns)   --->   "%zext_ln629 = zext i4 %lshr_ln629_1" [/home/luka/Scripting/ELEC_498-Capstone-LiteLM/HLS-Verilog/Transformer_logic/src-hls/compute_controller.cpp:629]   --->   Operation 15 'zext' 'zext_ln629' <Predicate = (!icmp_ln629)> <Delay = 0.00>
ST_1 : Operation 16 [1/1] (0.00ns)   --->   "%compute_controller_bool_bool_unsigned_int_bool_bool_bool_bool_bool_u_239 = getelementptr i16 %compute_controller_bool_bool_unsigned_int_bool_bool_bool_bool_bool_u_59, i64 0, i64 %zext_ln629" [/home/luka/Scripting/ELEC_498-Capstone-LiteLM/HLS-Verilog/Transformer_logic/src-hls/compute_controller.cpp:631]   --->   Operation 16 'getelementptr' 'compute_controller_bool_bool_unsigned_int_bool_bool_bool_bool_bool_u_239' <Predicate = (!icmp_ln629)> <Delay = 0.00>
ST_1 : Operation 17 [1/1] (0.00ns)   --->   "%compute_controller_bool_bool_unsigned_int_bool_bool_bool_bool_bool_u_240 = getelementptr i16 %compute_controller_bool_bool_unsigned_int_bool_bool_bool_bool_bool_u_58, i64 0, i64 %zext_ln629" [/home/luka/Scripting/ELEC_498-Capstone-LiteLM/HLS-Verilog/Transformer_logic/src-hls/compute_controller.cpp:631]   --->   Operation 17 'getelementptr' 'compute_controller_bool_bool_unsigned_int_bool_bool_bool_bool_bool_u_240' <Predicate = (!icmp_ln629)> <Delay = 0.00>
ST_1 : Operation 18 [1/1] (0.00ns)   --->   "%compute_controller_bool_bool_unsigned_int_bool_bool_bool_bool_bool_u_241 = getelementptr i16 %compute_controller_bool_bool_unsigned_int_bool_bool_bool_bool_bool_u_57, i64 0, i64 %zext_ln629" [/home/luka/Scripting/ELEC_498-Capstone-LiteLM/HLS-Verilog/Transformer_logic/src-hls/compute_controller.cpp:631]   --->   Operation 18 'getelementptr' 'compute_controller_bool_bool_unsigned_int_bool_bool_bool_bool_bool_u_241' <Predicate = (!icmp_ln629)> <Delay = 0.00>
ST_1 : Operation 19 [1/1] (0.00ns)   --->   "%compute_controller_bool_bool_unsigned_int_bool_bool_bool_bool_bool_u_242 = getelementptr i16 %compute_controller_bool_bool_unsigned_int_bool_bool_bool_bool_bool_u_56, i64 0, i64 %zext_ln629" [/home/luka/Scripting/ELEC_498-Capstone-LiteLM/HLS-Verilog/Transformer_logic/src-hls/compute_controller.cpp:631]   --->   Operation 19 'getelementptr' 'compute_controller_bool_bool_unsigned_int_bool_bool_bool_bool_bool_u_242' <Predicate = (!icmp_ln629)> <Delay = 0.00>
ST_1 : Operation 20 [1/1] (0.00ns)   --->   "%compute_controller_bool_bool_unsigned_int_bool_bool_bool_bool_bool_u_243 = getelementptr i16 %compute_controller_bool_bool_unsigned_int_bool_bool_bool_bool_bool_u_55, i64 0, i64 %zext_ln629" [/home/luka/Scripting/ELEC_498-Capstone-LiteLM/HLS-Verilog/Transformer_logic/src-hls/compute_controller.cpp:631]   --->   Operation 20 'getelementptr' 'compute_controller_bool_bool_unsigned_int_bool_bool_bool_bool_bool_u_243' <Predicate = (!icmp_ln629)> <Delay = 0.00>
ST_1 : Operation 21 [1/1] (0.00ns)   --->   "%compute_controller_bool_bool_unsigned_int_bool_bool_bool_bool_bool_u_244 = getelementptr i16 %compute_controller_bool_bool_unsigned_int_bool_bool_bool_bool_bool_u_54, i64 0, i64 %zext_ln629" [/home/luka/Scripting/ELEC_498-Capstone-LiteLM/HLS-Verilog/Transformer_logic/src-hls/compute_controller.cpp:631]   --->   Operation 21 'getelementptr' 'compute_controller_bool_bool_unsigned_int_bool_bool_bool_bool_bool_u_244' <Predicate = (!icmp_ln629)> <Delay = 0.00>
ST_1 : Operation 22 [1/1] (0.00ns)   --->   "%compute_controller_bool_bool_unsigned_int_bool_bool_bool_bool_bool_u_245 = getelementptr i16 %compute_controller_bool_bool_unsigned_int_bool_bool_bool_bool_bool_u_53, i64 0, i64 %zext_ln629" [/home/luka/Scripting/ELEC_498-Capstone-LiteLM/HLS-Verilog/Transformer_logic/src-hls/compute_controller.cpp:631]   --->   Operation 22 'getelementptr' 'compute_controller_bool_bool_unsigned_int_bool_bool_bool_bool_bool_u_245' <Predicate = (!icmp_ln629)> <Delay = 0.00>
ST_1 : Operation 23 [1/1] (0.00ns)   --->   "%compute_controller_bool_bool_unsigned_int_bool_bool_bool_bool_bool_u_246 = getelementptr i16 %compute_controller_bool_bool_unsigned_int_bool_bool_bool_bool_bool_u_52, i64 0, i64 %zext_ln629" [/home/luka/Scripting/ELEC_498-Capstone-LiteLM/HLS-Verilog/Transformer_logic/src-hls/compute_controller.cpp:631]   --->   Operation 23 'getelementptr' 'compute_controller_bool_bool_unsigned_int_bool_bool_bool_bool_bool_u_246' <Predicate = (!icmp_ln629)> <Delay = 0.00>
ST_1 : Operation 24 [1/1] (0.00ns)   --->   "%compute_controller_bool_bool_unsigned_int_bool_bool_bool_bool_bool_u_247 = getelementptr i16 %compute_controller_bool_bool_unsigned_int_bool_bool_bool_bool_bool_u_51, i64 0, i64 %zext_ln629" [/home/luka/Scripting/ELEC_498-Capstone-LiteLM/HLS-Verilog/Transformer_logic/src-hls/compute_controller.cpp:631]   --->   Operation 24 'getelementptr' 'compute_controller_bool_bool_unsigned_int_bool_bool_bool_bool_bool_u_247' <Predicate = (!icmp_ln629)> <Delay = 0.00>
ST_1 : Operation 25 [1/1] (0.00ns)   --->   "%compute_controller_bool_bool_unsigned_int_bool_bool_bool_bool_bool_u_248 = getelementptr i16 %compute_controller_bool_bool_unsigned_int_bool_bool_bool_bool_bool_u_50, i64 0, i64 %zext_ln629" [/home/luka/Scripting/ELEC_498-Capstone-LiteLM/HLS-Verilog/Transformer_logic/src-hls/compute_controller.cpp:631]   --->   Operation 25 'getelementptr' 'compute_controller_bool_bool_unsigned_int_bool_bool_bool_bool_bool_u_248' <Predicate = (!icmp_ln629)> <Delay = 0.00>
ST_1 : Operation 26 [1/1] (0.00ns)   --->   "%p_ZZ18compute_controllerbbjRbS_bS_S_RjPKhPhR12ComputeStateS0_RhS6_S6_S6_S_S_S_S_E_108 = getelementptr i16 %p_ZZ18compute_controllerbbjRbS_bS_S_RjPKhPhR12ComputeStateS0_RhS6_S6_S6_S_S_S_S_E_23, i64 0, i64 %zext_ln629" [/home/luka/Scripting/ELEC_498-Capstone-LiteLM/HLS-Verilog/Transformer_logic/src-hls/compute_controller.cpp:631]   --->   Operation 26 'getelementptr' 'p_ZZ18compute_controllerbbjRbS_bS_S_RjPKhPhR12ComputeStateS0_RhS6_S6_S6_S_S_S_S_E_108' <Predicate = (!icmp_ln629)> <Delay = 0.00>
ST_1 : Operation 27 [1/1] (0.00ns)   --->   "%p_ZZ18compute_controllerbbjRbS_bS_S_RjPKhPhR12ComputeStateS0_RhS6_S6_S6_S_S_S_S_E_109 = getelementptr i16 %p_ZZ18compute_controllerbbjRbS_bS_S_RjPKhPhR12ComputeStateS0_RhS6_S6_S6_S_S_S_S_E_22, i64 0, i64 %zext_ln629" [/home/luka/Scripting/ELEC_498-Capstone-LiteLM/HLS-Verilog/Transformer_logic/src-hls/compute_controller.cpp:631]   --->   Operation 27 'getelementptr' 'p_ZZ18compute_controllerbbjRbS_bS_S_RjPKhPhR12ComputeStateS0_RhS6_S6_S6_S_S_S_S_E_109' <Predicate = (!icmp_ln629)> <Delay = 0.00>
ST_1 : Operation 28 [1/1] (0.00ns)   --->   "%p_ZZ18compute_controllerbbjRbS_bS_S_RjPKhPhR12ComputeStateS0_RhS6_S6_S6_S_S_S_S_E_110 = getelementptr i16 %p_ZZ18compute_controllerbbjRbS_bS_S_RjPKhPhR12ComputeStateS0_RhS6_S6_S6_S_S_S_S_E_21, i64 0, i64 %zext_ln629" [/home/luka/Scripting/ELEC_498-Capstone-LiteLM/HLS-Verilog/Transformer_logic/src-hls/compute_controller.cpp:631]   --->   Operation 28 'getelementptr' 'p_ZZ18compute_controllerbbjRbS_bS_S_RjPKhPhR12ComputeStateS0_RhS6_S6_S6_S_S_S_S_E_110' <Predicate = (!icmp_ln629)> <Delay = 0.00>
ST_1 : Operation 29 [1/1] (0.00ns)   --->   "%p_ZZ18compute_controllerbbjRbS_bS_S_RjPKhPhR12ComputeStateS0_RhS6_S6_S6_S_S_S_S_E_111 = getelementptr i16 %p_ZZ18compute_controllerbbjRbS_bS_S_RjPKhPhR12ComputeStateS0_RhS6_S6_S6_S_S_S_S_E_20, i64 0, i64 %zext_ln629" [/home/luka/Scripting/ELEC_498-Capstone-LiteLM/HLS-Verilog/Transformer_logic/src-hls/compute_controller.cpp:631]   --->   Operation 29 'getelementptr' 'p_ZZ18compute_controllerbbjRbS_bS_S_RjPKhPhR12ComputeStateS0_RhS6_S6_S6_S_S_S_S_E_111' <Predicate = (!icmp_ln629)> <Delay = 0.00>
ST_1 : Operation 30 [1/1] (0.00ns)   --->   "%p_ZZ18compute_controllerbbjRbS_bS_S_RjPKhPhR12ComputeStateS0_RhS6_S6_S6_S_S_S_S_E_112 = getelementptr i16 %p_ZZ18compute_controllerbbjRbS_bS_S_RjPKhPhR12ComputeStateS0_RhS6_S6_S6_S_S_S_S_E_19, i64 0, i64 %zext_ln629" [/home/luka/Scripting/ELEC_498-Capstone-LiteLM/HLS-Verilog/Transformer_logic/src-hls/compute_controller.cpp:631]   --->   Operation 30 'getelementptr' 'p_ZZ18compute_controllerbbjRbS_bS_S_RjPKhPhR12ComputeStateS0_RhS6_S6_S6_S_S_S_S_E_112' <Predicate = (!icmp_ln629)> <Delay = 0.00>
ST_1 : Operation 31 [1/1] (0.00ns)   --->   "%p_ZZ18compute_controllerbbjRbS_bS_S_RjPKhPhR12ComputeStateS0_RhS6_S6_S6_S_S_S_S_E_113 = getelementptr i16 %p_ZZ18compute_controllerbbjRbS_bS_S_RjPKhPhR12ComputeStateS0_RhS6_S6_S6_S_S_S_S_E_18, i64 0, i64 %zext_ln629" [/home/luka/Scripting/ELEC_498-Capstone-LiteLM/HLS-Verilog/Transformer_logic/src-hls/compute_controller.cpp:631]   --->   Operation 31 'getelementptr' 'p_ZZ18compute_controllerbbjRbS_bS_S_RjPKhPhR12ComputeStateS0_RhS6_S6_S6_S_S_S_S_E_113' <Predicate = (!icmp_ln629)> <Delay = 0.00>
ST_1 : Operation 32 [1/1] (0.79ns)   --->   "%switch_ln631 = switch i4 %trunc_ln629, void %arrayidx598.case.15, i4 0, void %arrayidx598.case.0, i4 1, void %arrayidx598.case.1, i4 2, void %arrayidx598.case.2, i4 3, void %arrayidx598.case.3, i4 4, void %arrayidx598.case.4, i4 5, void %arrayidx598.case.5, i4 6, void %arrayidx598.case.6, i4 7, void %arrayidx598.case.7, i4 8, void %arrayidx598.case.8, i4 9, void %arrayidx598.case.9, i4 10, void %arrayidx598.case.10, i4 11, void %arrayidx598.case.11, i4 12, void %arrayidx598.case.12, i4 13, void %arrayidx598.case.13, i4 14, void %arrayidx598.case.14" [/home/luka/Scripting/ELEC_498-Capstone-LiteLM/HLS-Verilog/Transformer_logic/src-hls/compute_controller.cpp:631]   --->   Operation 32 'switch' 'switch_ln631' <Predicate = (!icmp_ln629)> <Delay = 0.79>
ST_1 : Operation 33 [1/1] ( I:0.67ns O:0.67ns )   --->   "%store_ln631 = store i16 0, i4 %p_ZZ18compute_controllerbbjRbS_bS_S_RjPKhPhR12ComputeStateS0_RhS6_S6_S6_S_S_S_S_E_112" [/home/luka/Scripting/ELEC_498-Capstone-LiteLM/HLS-Verilog/Transformer_logic/src-hls/compute_controller.cpp:631]   --->   Operation 33 'store' 'store_ln631' <Predicate = (!icmp_ln629 & trunc_ln629 == 14)> <Delay = 0.67> <CoreInst = "RAM">   --->   Core 82 'RAM' <Latency = 1> <II = 1> <Delay = 0.67> <Storage> <Opcode : 'load' 'store'> <Ports = 2> <Width = 16> <Depth = 12> <RAM>
ST_1 : Operation 34 [1/1] (0.00ns)   --->   "%br_ln631 = br void %arrayidx598.exit" [/home/luka/Scripting/ELEC_498-Capstone-LiteLM/HLS-Verilog/Transformer_logic/src-hls/compute_controller.cpp:631]   --->   Operation 34 'br' 'br_ln631' <Predicate = (!icmp_ln629 & trunc_ln629 == 14)> <Delay = 0.00>
ST_1 : Operation 35 [1/1] ( I:0.67ns O:0.67ns )   --->   "%store_ln631 = store i16 0, i4 %p_ZZ18compute_controllerbbjRbS_bS_S_RjPKhPhR12ComputeStateS0_RhS6_S6_S6_S_S_S_S_E_111" [/home/luka/Scripting/ELEC_498-Capstone-LiteLM/HLS-Verilog/Transformer_logic/src-hls/compute_controller.cpp:631]   --->   Operation 35 'store' 'store_ln631' <Predicate = (!icmp_ln629 & trunc_ln629 == 13)> <Delay = 0.67> <CoreInst = "RAM">   --->   Core 82 'RAM' <Latency = 1> <II = 1> <Delay = 0.67> <Storage> <Opcode : 'load' 'store'> <Ports = 2> <Width = 16> <Depth = 12> <RAM>
ST_1 : Operation 36 [1/1] (0.00ns)   --->   "%br_ln631 = br void %arrayidx598.exit" [/home/luka/Scripting/ELEC_498-Capstone-LiteLM/HLS-Verilog/Transformer_logic/src-hls/compute_controller.cpp:631]   --->   Operation 36 'br' 'br_ln631' <Predicate = (!icmp_ln629 & trunc_ln629 == 13)> <Delay = 0.00>
ST_1 : Operation 37 [1/1] ( I:0.67ns O:0.67ns )   --->   "%store_ln631 = store i16 0, i4 %p_ZZ18compute_controllerbbjRbS_bS_S_RjPKhPhR12ComputeStateS0_RhS6_S6_S6_S_S_S_S_E_110" [/home/luka/Scripting/ELEC_498-Capstone-LiteLM/HLS-Verilog/Transformer_logic/src-hls/compute_controller.cpp:631]   --->   Operation 37 'store' 'store_ln631' <Predicate = (!icmp_ln629 & trunc_ln629 == 12)> <Delay = 0.67> <CoreInst = "RAM">   --->   Core 82 'RAM' <Latency = 1> <II = 1> <Delay = 0.67> <Storage> <Opcode : 'load' 'store'> <Ports = 2> <Width = 16> <Depth = 12> <RAM>
ST_1 : Operation 38 [1/1] (0.00ns)   --->   "%br_ln631 = br void %arrayidx598.exit" [/home/luka/Scripting/ELEC_498-Capstone-LiteLM/HLS-Verilog/Transformer_logic/src-hls/compute_controller.cpp:631]   --->   Operation 38 'br' 'br_ln631' <Predicate = (!icmp_ln629 & trunc_ln629 == 12)> <Delay = 0.00>
ST_1 : Operation 39 [1/1] ( I:0.67ns O:0.67ns )   --->   "%store_ln631 = store i16 0, i4 %p_ZZ18compute_controllerbbjRbS_bS_S_RjPKhPhR12ComputeStateS0_RhS6_S6_S6_S_S_S_S_E_109" [/home/luka/Scripting/ELEC_498-Capstone-LiteLM/HLS-Verilog/Transformer_logic/src-hls/compute_controller.cpp:631]   --->   Operation 39 'store' 'store_ln631' <Predicate = (!icmp_ln629 & trunc_ln629 == 11)> <Delay = 0.67> <CoreInst = "RAM">   --->   Core 82 'RAM' <Latency = 1> <II = 1> <Delay = 0.67> <Storage> <Opcode : 'load' 'store'> <Ports = 2> <Width = 16> <Depth = 12> <RAM>
ST_1 : Operation 40 [1/1] (0.00ns)   --->   "%br_ln631 = br void %arrayidx598.exit" [/home/luka/Scripting/ELEC_498-Capstone-LiteLM/HLS-Verilog/Transformer_logic/src-hls/compute_controller.cpp:631]   --->   Operation 40 'br' 'br_ln631' <Predicate = (!icmp_ln629 & trunc_ln629 == 11)> <Delay = 0.00>
ST_1 : Operation 41 [1/1] ( I:0.67ns O:0.67ns )   --->   "%store_ln631 = store i16 0, i4 %p_ZZ18compute_controllerbbjRbS_bS_S_RjPKhPhR12ComputeStateS0_RhS6_S6_S6_S_S_S_S_E_108" [/home/luka/Scripting/ELEC_498-Capstone-LiteLM/HLS-Verilog/Transformer_logic/src-hls/compute_controller.cpp:631]   --->   Operation 41 'store' 'store_ln631' <Predicate = (!icmp_ln629 & trunc_ln629 == 10)> <Delay = 0.67> <CoreInst = "RAM">   --->   Core 82 'RAM' <Latency = 1> <II = 1> <Delay = 0.67> <Storage> <Opcode : 'load' 'store'> <Ports = 2> <Width = 16> <Depth = 12> <RAM>
ST_1 : Operation 42 [1/1] (0.00ns)   --->   "%br_ln631 = br void %arrayidx598.exit" [/home/luka/Scripting/ELEC_498-Capstone-LiteLM/HLS-Verilog/Transformer_logic/src-hls/compute_controller.cpp:631]   --->   Operation 42 'br' 'br_ln631' <Predicate = (!icmp_ln629 & trunc_ln629 == 10)> <Delay = 0.00>
ST_1 : Operation 43 [1/1] ( I:0.67ns O:0.67ns )   --->   "%store_ln631 = store i16 0, i4 %compute_controller_bool_bool_unsigned_int_bool_bool_bool_bool_bool_u_248" [/home/luka/Scripting/ELEC_498-Capstone-LiteLM/HLS-Verilog/Transformer_logic/src-hls/compute_controller.cpp:631]   --->   Operation 43 'store' 'store_ln631' <Predicate = (!icmp_ln629 & trunc_ln629 == 9)> <Delay = 0.67> <CoreInst = "RAM">   --->   Core 82 'RAM' <Latency = 1> <II = 1> <Delay = 0.67> <Storage> <Opcode : 'load' 'store'> <Ports = 2> <Width = 16> <Depth = 12> <RAM>
ST_1 : Operation 44 [1/1] (0.00ns)   --->   "%br_ln631 = br void %arrayidx598.exit" [/home/luka/Scripting/ELEC_498-Capstone-LiteLM/HLS-Verilog/Transformer_logic/src-hls/compute_controller.cpp:631]   --->   Operation 44 'br' 'br_ln631' <Predicate = (!icmp_ln629 & trunc_ln629 == 9)> <Delay = 0.00>
ST_1 : Operation 45 [1/1] ( I:0.67ns O:0.67ns )   --->   "%store_ln631 = store i16 0, i4 %compute_controller_bool_bool_unsigned_int_bool_bool_bool_bool_bool_u_247" [/home/luka/Scripting/ELEC_498-Capstone-LiteLM/HLS-Verilog/Transformer_logic/src-hls/compute_controller.cpp:631]   --->   Operation 45 'store' 'store_ln631' <Predicate = (!icmp_ln629 & trunc_ln629 == 8)> <Delay = 0.67> <CoreInst = "RAM">   --->   Core 82 'RAM' <Latency = 1> <II = 1> <Delay = 0.67> <Storage> <Opcode : 'load' 'store'> <Ports = 2> <Width = 16> <Depth = 12> <RAM>
ST_1 : Operation 46 [1/1] (0.00ns)   --->   "%br_ln631 = br void %arrayidx598.exit" [/home/luka/Scripting/ELEC_498-Capstone-LiteLM/HLS-Verilog/Transformer_logic/src-hls/compute_controller.cpp:631]   --->   Operation 46 'br' 'br_ln631' <Predicate = (!icmp_ln629 & trunc_ln629 == 8)> <Delay = 0.00>
ST_1 : Operation 47 [1/1] ( I:0.67ns O:0.67ns )   --->   "%store_ln631 = store i16 0, i4 %compute_controller_bool_bool_unsigned_int_bool_bool_bool_bool_bool_u_246" [/home/luka/Scripting/ELEC_498-Capstone-LiteLM/HLS-Verilog/Transformer_logic/src-hls/compute_controller.cpp:631]   --->   Operation 47 'store' 'store_ln631' <Predicate = (!icmp_ln629 & trunc_ln629 == 7)> <Delay = 0.67> <CoreInst = "RAM">   --->   Core 82 'RAM' <Latency = 1> <II = 1> <Delay = 0.67> <Storage> <Opcode : 'load' 'store'> <Ports = 2> <Width = 16> <Depth = 12> <RAM>
ST_1 : Operation 48 [1/1] (0.00ns)   --->   "%br_ln631 = br void %arrayidx598.exit" [/home/luka/Scripting/ELEC_498-Capstone-LiteLM/HLS-Verilog/Transformer_logic/src-hls/compute_controller.cpp:631]   --->   Operation 48 'br' 'br_ln631' <Predicate = (!icmp_ln629 & trunc_ln629 == 7)> <Delay = 0.00>
ST_1 : Operation 49 [1/1] ( I:0.67ns O:0.67ns )   --->   "%store_ln631 = store i16 0, i4 %compute_controller_bool_bool_unsigned_int_bool_bool_bool_bool_bool_u_245" [/home/luka/Scripting/ELEC_498-Capstone-LiteLM/HLS-Verilog/Transformer_logic/src-hls/compute_controller.cpp:631]   --->   Operation 49 'store' 'store_ln631' <Predicate = (!icmp_ln629 & trunc_ln629 == 6)> <Delay = 0.67> <CoreInst = "RAM">   --->   Core 82 'RAM' <Latency = 1> <II = 1> <Delay = 0.67> <Storage> <Opcode : 'load' 'store'> <Ports = 2> <Width = 16> <Depth = 12> <RAM>
ST_1 : Operation 50 [1/1] (0.00ns)   --->   "%br_ln631 = br void %arrayidx598.exit" [/home/luka/Scripting/ELEC_498-Capstone-LiteLM/HLS-Verilog/Transformer_logic/src-hls/compute_controller.cpp:631]   --->   Operation 50 'br' 'br_ln631' <Predicate = (!icmp_ln629 & trunc_ln629 == 6)> <Delay = 0.00>
ST_1 : Operation 51 [1/1] ( I:0.67ns O:0.67ns )   --->   "%store_ln631 = store i16 0, i4 %compute_controller_bool_bool_unsigned_int_bool_bool_bool_bool_bool_u_244" [/home/luka/Scripting/ELEC_498-Capstone-LiteLM/HLS-Verilog/Transformer_logic/src-hls/compute_controller.cpp:631]   --->   Operation 51 'store' 'store_ln631' <Predicate = (!icmp_ln629 & trunc_ln629 == 5)> <Delay = 0.67> <CoreInst = "RAM">   --->   Core 82 'RAM' <Latency = 1> <II = 1> <Delay = 0.67> <Storage> <Opcode : 'load' 'store'> <Ports = 2> <Width = 16> <Depth = 12> <RAM>
ST_1 : Operation 52 [1/1] (0.00ns)   --->   "%br_ln631 = br void %arrayidx598.exit" [/home/luka/Scripting/ELEC_498-Capstone-LiteLM/HLS-Verilog/Transformer_logic/src-hls/compute_controller.cpp:631]   --->   Operation 52 'br' 'br_ln631' <Predicate = (!icmp_ln629 & trunc_ln629 == 5)> <Delay = 0.00>
ST_1 : Operation 53 [1/1] ( I:0.67ns O:0.67ns )   --->   "%store_ln631 = store i16 0, i4 %compute_controller_bool_bool_unsigned_int_bool_bool_bool_bool_bool_u_243" [/home/luka/Scripting/ELEC_498-Capstone-LiteLM/HLS-Verilog/Transformer_logic/src-hls/compute_controller.cpp:631]   --->   Operation 53 'store' 'store_ln631' <Predicate = (!icmp_ln629 & trunc_ln629 == 4)> <Delay = 0.67> <CoreInst = "RAM">   --->   Core 82 'RAM' <Latency = 1> <II = 1> <Delay = 0.67> <Storage> <Opcode : 'load' 'store'> <Ports = 2> <Width = 16> <Depth = 12> <RAM>
ST_1 : Operation 54 [1/1] (0.00ns)   --->   "%br_ln631 = br void %arrayidx598.exit" [/home/luka/Scripting/ELEC_498-Capstone-LiteLM/HLS-Verilog/Transformer_logic/src-hls/compute_controller.cpp:631]   --->   Operation 54 'br' 'br_ln631' <Predicate = (!icmp_ln629 & trunc_ln629 == 4)> <Delay = 0.00>
ST_1 : Operation 55 [1/1] ( I:0.67ns O:0.67ns )   --->   "%store_ln631 = store i16 0, i4 %compute_controller_bool_bool_unsigned_int_bool_bool_bool_bool_bool_u_242" [/home/luka/Scripting/ELEC_498-Capstone-LiteLM/HLS-Verilog/Transformer_logic/src-hls/compute_controller.cpp:631]   --->   Operation 55 'store' 'store_ln631' <Predicate = (!icmp_ln629 & trunc_ln629 == 3)> <Delay = 0.67> <CoreInst = "RAM">   --->   Core 82 'RAM' <Latency = 1> <II = 1> <Delay = 0.67> <Storage> <Opcode : 'load' 'store'> <Ports = 2> <Width = 16> <Depth = 12> <RAM>
ST_1 : Operation 56 [1/1] (0.00ns)   --->   "%br_ln631 = br void %arrayidx598.exit" [/home/luka/Scripting/ELEC_498-Capstone-LiteLM/HLS-Verilog/Transformer_logic/src-hls/compute_controller.cpp:631]   --->   Operation 56 'br' 'br_ln631' <Predicate = (!icmp_ln629 & trunc_ln629 == 3)> <Delay = 0.00>
ST_1 : Operation 57 [1/1] ( I:0.67ns O:0.67ns )   --->   "%store_ln631 = store i16 0, i4 %compute_controller_bool_bool_unsigned_int_bool_bool_bool_bool_bool_u_241" [/home/luka/Scripting/ELEC_498-Capstone-LiteLM/HLS-Verilog/Transformer_logic/src-hls/compute_controller.cpp:631]   --->   Operation 57 'store' 'store_ln631' <Predicate = (!icmp_ln629 & trunc_ln629 == 2)> <Delay = 0.67> <CoreInst = "RAM">   --->   Core 82 'RAM' <Latency = 1> <II = 1> <Delay = 0.67> <Storage> <Opcode : 'load' 'store'> <Ports = 2> <Width = 16> <Depth = 12> <RAM>
ST_1 : Operation 58 [1/1] (0.00ns)   --->   "%br_ln631 = br void %arrayidx598.exit" [/home/luka/Scripting/ELEC_498-Capstone-LiteLM/HLS-Verilog/Transformer_logic/src-hls/compute_controller.cpp:631]   --->   Operation 58 'br' 'br_ln631' <Predicate = (!icmp_ln629 & trunc_ln629 == 2)> <Delay = 0.00>
ST_1 : Operation 59 [1/1] ( I:0.67ns O:0.67ns )   --->   "%store_ln631 = store i16 0, i4 %compute_controller_bool_bool_unsigned_int_bool_bool_bool_bool_bool_u_240" [/home/luka/Scripting/ELEC_498-Capstone-LiteLM/HLS-Verilog/Transformer_logic/src-hls/compute_controller.cpp:631]   --->   Operation 59 'store' 'store_ln631' <Predicate = (!icmp_ln629 & trunc_ln629 == 1)> <Delay = 0.67> <CoreInst = "RAM">   --->   Core 82 'RAM' <Latency = 1> <II = 1> <Delay = 0.67> <Storage> <Opcode : 'load' 'store'> <Ports = 2> <Width = 16> <Depth = 12> <RAM>
ST_1 : Operation 60 [1/1] (0.00ns)   --->   "%br_ln631 = br void %arrayidx598.exit" [/home/luka/Scripting/ELEC_498-Capstone-LiteLM/HLS-Verilog/Transformer_logic/src-hls/compute_controller.cpp:631]   --->   Operation 60 'br' 'br_ln631' <Predicate = (!icmp_ln629 & trunc_ln629 == 1)> <Delay = 0.00>
ST_1 : Operation 61 [1/1] ( I:0.67ns O:0.67ns )   --->   "%store_ln631 = store i16 0, i4 %compute_controller_bool_bool_unsigned_int_bool_bool_bool_bool_bool_u_239" [/home/luka/Scripting/ELEC_498-Capstone-LiteLM/HLS-Verilog/Transformer_logic/src-hls/compute_controller.cpp:631]   --->   Operation 61 'store' 'store_ln631' <Predicate = (!icmp_ln629 & trunc_ln629 == 0)> <Delay = 0.67> <CoreInst = "RAM">   --->   Core 82 'RAM' <Latency = 1> <II = 1> <Delay = 0.67> <Storage> <Opcode : 'load' 'store'> <Ports = 2> <Width = 16> <Depth = 12> <RAM>
ST_1 : Operation 62 [1/1] (0.00ns)   --->   "%br_ln631 = br void %arrayidx598.exit" [/home/luka/Scripting/ELEC_498-Capstone-LiteLM/HLS-Verilog/Transformer_logic/src-hls/compute_controller.cpp:631]   --->   Operation 62 'br' 'br_ln631' <Predicate = (!icmp_ln629 & trunc_ln629 == 0)> <Delay = 0.00>
ST_1 : Operation 63 [1/1] ( I:0.67ns O:0.67ns )   --->   "%store_ln631 = store i16 0, i4 %p_ZZ18compute_controllerbbjRbS_bS_S_RjPKhPhR12ComputeStateS0_RhS6_S6_S6_S_S_S_S_E_113" [/home/luka/Scripting/ELEC_498-Capstone-LiteLM/HLS-Verilog/Transformer_logic/src-hls/compute_controller.cpp:631]   --->   Operation 63 'store' 'store_ln631' <Predicate = (!icmp_ln629 & trunc_ln629 == 15)> <Delay = 0.67> <CoreInst = "RAM">   --->   Core 82 'RAM' <Latency = 1> <II = 1> <Delay = 0.67> <Storage> <Opcode : 'load' 'store'> <Ports = 2> <Width = 16> <Depth = 12> <RAM>
ST_1 : Operation 64 [1/1] (0.00ns)   --->   "%br_ln631 = br void %arrayidx598.exit" [/home/luka/Scripting/ELEC_498-Capstone-LiteLM/HLS-Verilog/Transformer_logic/src-hls/compute_controller.cpp:631]   --->   Operation 64 'br' 'br_ln631' <Predicate = (!icmp_ln629 & trunc_ln629 == 15)> <Delay = 0.00>
ST_1 : Operation 65 [1/1] (0.76ns)   --->   "%add_ln629 = add i8 %i_5, i8 1" [/home/luka/Scripting/ELEC_498-Capstone-LiteLM/HLS-Verilog/Transformer_logic/src-hls/compute_controller.cpp:629]   --->   Operation 65 'add' 'add_ln629' <Predicate = (!icmp_ln629)> <Delay = 0.76> <CoreInst = "Adder">   --->   Core 1 'Adder' <Latency = 0> <II = 1> <Delay = 0.76> <FuncUnit> <Opcode : 'add' 'sub'> <InPorts = 2> <OutPorts = 1>
ST_1 : Operation 66 [1/1] (0.42ns)   --->   "%store_ln629 = store i8 %add_ln629, i8 %i" [/home/luka/Scripting/ELEC_498-Capstone-LiteLM/HLS-Verilog/Transformer_logic/src-hls/compute_controller.cpp:629]   --->   Operation 66 'store' 'store_ln629' <Predicate = (!icmp_ln629)> <Delay = 0.42>
ST_1 : Operation 67 [1/1] (0.00ns)   --->   "%br_ln629 = br void %for.inc599" [/home/luka/Scripting/ELEC_498-Capstone-LiteLM/HLS-Verilog/Transformer_logic/src-hls/compute_controller.cpp:629]   --->   Operation 67 'br' 'br_ln629' <Predicate = (!icmp_ln629)> <Delay = 0.00>
ST_1 : Operation 68 [1/1] (0.42ns)   --->   "%ret_ln0 = ret"   --->   Operation 68 'ret' 'ret_ln0' <Predicate = (icmp_ln629)> <Delay = 0.42>


============================================================
+ Verbose Summary: Timing violations
============================================================
Target clock period: 10.000ns, clock uncertainty: 2.700ns.

 <State 1>: 1.901ns
The critical path consists of the following:
	'store' operation 0 bit ('store_ln629', /home/luka/Scripting/ELEC_498-Capstone-LiteLM/HLS-Verilog/Transformer_logic/src-hls/compute_controller.cpp:629) of constant 22 on local variable 'i', /home/luka/Scripting/ELEC_498-Capstone-LiteLM/HLS-Verilog/Transformer_logic/src-hls/compute_controller.cpp:629 [18]  (0.427 ns)
	'load' operation 8 bit ('i', /home/luka/Scripting/ELEC_498-Capstone-LiteLM/HLS-Verilog/Transformer_logic/src-hls/compute_controller.cpp:629) on local variable 'i', /home/luka/Scripting/ELEC_498-Capstone-LiteLM/HLS-Verilog/Transformer_logic/src-hls/compute_controller.cpp:629 [21]  (0.000 ns)
	'store' operation 0 bit ('store_ln631', /home/luka/Scripting/ELEC_498-Capstone-LiteLM/HLS-Verilog/Transformer_logic/src-hls/compute_controller.cpp:631) of constant 0 on array 'compute_controller_bool_bool_unsigned_int_bool_bool_bool_bool_bool_u_54' [76]  (0.677 ns)
	blocking operation 0.797 ns on control path)


============================================================
+ Verbose Summary: Binding
============================================================
N/A
* FSMD analyzer results:
  - Output states:
 - Input state : 
  - Chain level:
	State 1


============================================================
+ Verbose Summary: Datapath Resource usage 
============================================================
N/A
