

================================================================
== Vitis HLS Report for 'compute_controller_Pipeline_VITIS_LOOP_375_4'
================================================================
* Date:           Sat Jan 24 12:07:13 2026

* Version:        2025.1 (Build 6135595 on May 21 2025)
* Project:        compute_controller
* Solution:       hls (Vivado IP Flow Target)
* Product family: zynquplus
* Target device:  xck26-sfvc784-2LV-c


================================================================
== Performance Estimates
================================================================
+ Timing: 
    * Summary: 
    +--------+----------+----------+------------+
    |  Clock |  Target  | Estimated| Uncertainty|
    +--------+----------+----------+------------+
    |ap_clk  |  10.00 ns|  1.914 ns|     2.70 ns|
    +--------+----------+----------+------------+

+ Latency: 
    * Summary: 
    +---------+---------+----------+----------+-----+-----+------------------------------------------------+
    |  Latency (cycles) |  Latency (absolute) |  Interval |                    Pipeline                    |
    |   min   |   max   |    min   |    max   | min | max |                      Type                      |
    +---------+---------+----------+----------+-----+-----+------------------------------------------------+
    |      194|      194|  1.940 us|  1.940 us|  193|  193|  loop auto-rewind stp (delay=0 clock cycles(s))|
    +---------+---------+----------+----------+-----+-----+------------------------------------------------+

    + Detail: 
        * Instance: 
        N/A

        * Loop: 
        +--------------------+---------+---------+----------+-----------+-----------+------+----------+
        |                    |  Latency (cycles) | Iteration|  Initiation Interval  | Trip |          |
        |      Loop Name     |   min   |   max   |  Latency |  achieved |   target  | Count| Pipelined|
        +--------------------+---------+---------+----------+-----------+-----------+------+----------+
        |- VITIS_LOOP_375_4  |      192|      192|         2|          1|          1|   192|       yes|
        +--------------------+---------+---------+----------+-----------+-----------+------+----------+

============================================================
+ Verbose Summary: Synthesis Manager
============================================================
InlineROM: 1
ExposeGlobal: 0
============================================================
+ Verbose Summary: CDFG Model
============================================================
IsTopModel: 0
ResetActiveHigh: 1
IsCombinational: 0
IsDatapathOnly: 0
HasWiredReturn: 1
HasMFsm: 2
HasVarLatency: 1
IsPipeline: 0
IsRtlPipelined: 0
IsInstanceOverlapped: 0
IsDontTouch: 0
HasImplIP: 0
IsGatedGlobalClock: 0

+ Individual pipeline summary: 
  * Pipeline-0: initiation interval (II) = 1, depth = 2


============================================================
+ Verbose Summary: Schedule
============================================================
* Number of FSM states : 2
* Pipeline : 1
  Pipeline-0 : II = 1, D = 2, States = { 1 2 }
* Dataflow Pipeline: 0

* FSM state transitions: 
1 --> 2 
2 --> 

* FSM state operations: 

State 1 <SV = 0> <Delay = 1.66>
ST_1 : Operation 5 [1/1] (0.00ns)   --->   "%i_18 = alloca i32 1" [/home/luka/Scripting/ELEC_498-Capstone-LiteLM/HLS-Verilog/Transformer_logic/src-hls/../../top_params.hpp:572->/home/luka/Scripting/ELEC_498-Capstone-LiteLM/HLS-Verilog/Transformer_logic/src-hls/compute_controller.cpp:378]   --->   Operation 5 'alloca' 'i_18' <Predicate = true> <Delay = 0.00>
ST_1 : Operation 6 [1/1] (0.00ns)   --->   "%specinterface_ln0 = specinterface void @_ssdm_op_SpecInterface, i8 %in_buf, void @empty_3, i32 0, i32 0, void @empty_5, i32 4294967295, i32 0, void @empty_5, void @empty_5, void @empty_5, i32 0, i32 0, i32 0, i32 0, void @empty_5, void @empty_5, i32 4294967295, i32 0, i32 0"   --->   Operation 6 'specinterface' 'specinterface_ln0' <Predicate = true> <Delay = 0.00>
ST_1 : Operation 7 [1/1] (0.42ns)   --->   "%store_ln572 = store i8 0, i8 %i_18" [/home/luka/Scripting/ELEC_498-Capstone-LiteLM/HLS-Verilog/Transformer_logic/src-hls/../../top_params.hpp:572->/home/luka/Scripting/ELEC_498-Capstone-LiteLM/HLS-Verilog/Transformer_logic/src-hls/compute_controller.cpp:378]   --->   Operation 7 'store' 'store_ln572' <Predicate = true> <Delay = 0.42>
ST_1 : Operation 8 [1/1] (0.00ns)   --->   "%br_ln0 = br void %for.inc117"   --->   Operation 8 'br' 'br_ln0' <Predicate = true> <Delay = 0.00>
ST_1 : Operation 9 [1/1] (0.00ns)   --->   "%i = load i8 %i_18" [/home/luka/Scripting/ELEC_498-Capstone-LiteLM/HLS-Verilog/Transformer_logic/src-hls/compute_controller.cpp:375]   --->   Operation 9 'load' 'i' <Predicate = true> <Delay = 0.00>
ST_1 : Operation 10 [1/1] (0.76ns)   --->   "%icmp_ln375 = icmp_eq  i8 %i, i8 192" [/home/luka/Scripting/ELEC_498-Capstone-LiteLM/HLS-Verilog/Transformer_logic/src-hls/compute_controller.cpp:375]   --->   Operation 10 'icmp' 'icmp_ln375' <Predicate = true> <Delay = 0.76> <CoreInst = "Cmp">   --->   Core 9 'Cmp' <Latency = 0> <II = 1> <Delay = 0.76> <FuncUnit> <Opcode : 'seteq' 'setne' 'setle' 'setge' 'setlt' 'setgt'> <InPorts = 2> <OutPorts = 1>
ST_1 : Operation 11 [1/1] (0.76ns)   --->   "%add_ln375 = add i8 %i, i8 1" [/home/luka/Scripting/ELEC_498-Capstone-LiteLM/HLS-Verilog/Transformer_logic/src-hls/compute_controller.cpp:375]   --->   Operation 11 'add' 'add_ln375' <Predicate = true> <Delay = 0.76> <CoreInst = "Adder">   --->   Core 1 'Adder' <Latency = 0> <II = 1> <Delay = 0.76> <FuncUnit> <Opcode : 'add' 'sub'> <InPorts = 2> <OutPorts = 1>
ST_1 : Operation 12 [1/1] (0.00ns)   --->   "%br_ln375 = br i1 %icmp_ln375, void %for.inc117.split, void %for.body138.preheader.exitStub" [/home/luka/Scripting/ELEC_498-Capstone-LiteLM/HLS-Verilog/Transformer_logic/src-hls/compute_controller.cpp:375]   --->   Operation 12 'br' 'br_ln375' <Predicate = true> <Delay = 0.00>
ST_1 : Operation 13 [1/1] (0.00ns)   --->   "%trunc_ln375 = trunc i8 %i" [/home/luka/Scripting/ELEC_498-Capstone-LiteLM/HLS-Verilog/Transformer_logic/src-hls/compute_controller.cpp:375]   --->   Operation 13 'trunc' 'trunc_ln375' <Predicate = (!icmp_ln375)> <Delay = 0.00>
ST_1 : Operation 14 [1/1] (0.00ns)   --->   "%lshr_ln = partselect i4 @_ssdm_op_PartSelect.i4.i8.i32.i32, i8 %i, i32 4, i32 7" [/home/luka/Scripting/ELEC_498-Capstone-LiteLM/HLS-Verilog/Transformer_logic/src-hls/compute_controller.cpp:375]   --->   Operation 14 'partselect' 'lshr_ln' <Predicate = (!icmp_ln375)> <Delay = 0.00>
ST_1 : Operation 15 [1/1] (0.00ns)   --->   "%zext_ln573 = zext i8 %i" [/home/luka/Scripting/ELEC_498-Capstone-LiteLM/HLS-Verilog/Transformer_logic/src-hls/../../top_params.hpp:573->/home/luka/Scripting/ELEC_498-Capstone-LiteLM/HLS-Verilog/Transformer_logic/src-hls/compute_controller.cpp:378]   --->   Operation 15 'zext' 'zext_ln573' <Predicate = (!icmp_ln375)> <Delay = 0.00>
ST_1 : Operation 16 [1/1] (0.00ns)   --->   "%in_buf_addr = getelementptr i8 %in_buf, i64 0, i64 %zext_ln573" [/home/luka/Scripting/ELEC_498-Capstone-LiteLM/HLS-Verilog/Transformer_logic/src-hls/../../top_params.hpp:573->/home/luka/Scripting/ELEC_498-Capstone-LiteLM/HLS-Verilog/Transformer_logic/src-hls/compute_controller.cpp:378]   --->   Operation 16 'getelementptr' 'in_buf_addr' <Predicate = (!icmp_ln375)> <Delay = 0.00>
ST_1 : Operation 17 [2/2] (1.23ns)   --->   "%in_buf_load = load i13 %in_buf_addr" [/home/luka/Scripting/ELEC_498-Capstone-LiteLM/HLS-Verilog/Transformer_logic/src-hls/../../top_params.hpp:573->/home/luka/Scripting/ELEC_498-Capstone-LiteLM/HLS-Verilog/Transformer_logic/src-hls/compute_controller.cpp:378]   --->   Operation 17 'load' 'in_buf_load' <Predicate = (!icmp_ln375)> <Delay = 1.23> <CoreInst = "RAM">   --->   Core 82 'RAM' <Latency = 1> <II = 1> <Delay = 1.23> <Storage> <Opcode : 'load' 'store'> <Ports = 2> <Width = 8> <Depth = 4920> <RAM>
ST_1 : Operation 18 [1/1] (0.79ns)   --->   "%switch_ln377 = switch i4 %trunc_ln375, void %arrayidx116.case.15, i4 0, void %arrayidx116.case.0, i4 1, void %arrayidx116.case.1, i4 2, void %arrayidx116.case.2, i4 3, void %arrayidx116.case.3, i4 4, void %arrayidx116.case.4, i4 5, void %arrayidx116.case.5, i4 6, void %arrayidx116.case.6, i4 7, void %arrayidx116.case.7, i4 8, void %arrayidx116.case.8, i4 9, void %arrayidx116.case.9, i4 10, void %arrayidx116.case.10, i4 11, void %arrayidx116.case.11, i4 12, void %arrayidx116.case.12, i4 13, void %arrayidx116.case.13, i4 14, void %arrayidx116.case.14" [/home/luka/Scripting/ELEC_498-Capstone-LiteLM/HLS-Verilog/Transformer_logic/src-hls/compute_controller.cpp:377]   --->   Operation 18 'switch' 'switch_ln377' <Predicate = (!icmp_ln375)> <Delay = 0.79>
ST_1 : Operation 19 [1/1] (0.42ns)   --->   "%store_ln572 = store i8 %add_ln375, i8 %i_18" [/home/luka/Scripting/ELEC_498-Capstone-LiteLM/HLS-Verilog/Transformer_logic/src-hls/../../top_params.hpp:572->/home/luka/Scripting/ELEC_498-Capstone-LiteLM/HLS-Verilog/Transformer_logic/src-hls/compute_controller.cpp:378]   --->   Operation 19 'store' 'store_ln572' <Predicate = (!icmp_ln375)> <Delay = 0.42>
ST_1 : Operation 20 [1/1] (0.00ns)   --->   "%br_ln375 = br void %for.inc117" [/home/luka/Scripting/ELEC_498-Capstone-LiteLM/HLS-Verilog/Transformer_logic/src-hls/compute_controller.cpp:375]   --->   Operation 20 'br' 'br_ln375' <Predicate = (!icmp_ln375)> <Delay = 0.00>
ST_1 : Operation 74 [1/1] (0.42ns)   --->   "%ret_ln0 = ret"   --->   Operation 74 'ret' 'ret_ln0' <Predicate = (icmp_ln375)> <Delay = 0.42>

State 2 <SV = 1> <Delay = 1.91>
ST_2 : Operation 21 [1/1] (0.00ns)   --->   "%specpipeline_ln376 = specpipeline void @_ssdm_op_SpecPipeline, i32 1, i32 0, i32 0, i32 0, void @empty_5" [/home/luka/Scripting/ELEC_498-Capstone-LiteLM/HLS-Verilog/Transformer_logic/src-hls/compute_controller.cpp:376]   --->   Operation 21 'specpipeline' 'specpipeline_ln376' <Predicate = true> <Delay = 0.00>
ST_2 : Operation 22 [1/1] (0.00ns)   --->   "%speclooptripcount_ln375 = speclooptripcount void @_ssdm_op_SpecLoopTripCount, i64 192, i64 192, i64 192" [/home/luka/Scripting/ELEC_498-Capstone-LiteLM/HLS-Verilog/Transformer_logic/src-hls/compute_controller.cpp:375]   --->   Operation 22 'speclooptripcount' 'speclooptripcount_ln375' <Predicate = true> <Delay = 0.00>
ST_2 : Operation 23 [1/1] (0.00ns)   --->   "%specloopname_ln375 = specloopname void @_ssdm_op_SpecLoopName, void @empty_0" [/home/luka/Scripting/ELEC_498-Capstone-LiteLM/HLS-Verilog/Transformer_logic/src-hls/compute_controller.cpp:375]   --->   Operation 23 'specloopname' 'specloopname_ln375' <Predicate = true> <Delay = 0.00>
ST_2 : Operation 24 [1/1] (0.00ns)   --->   "%zext_ln375 = zext i4 %lshr_ln" [/home/luka/Scripting/ELEC_498-Capstone-LiteLM/HLS-Verilog/Transformer_logic/src-hls/compute_controller.cpp:375]   --->   Operation 24 'zext' 'zext_ln375' <Predicate = true> <Delay = 0.00>
ST_2 : Operation 25 [1/2] ( I:1.23ns O:1.23ns )   --->   "%in_buf_load = load i13 %in_buf_addr" [/home/luka/Scripting/ELEC_498-Capstone-LiteLM/HLS-Verilog/Transformer_logic/src-hls/../../top_params.hpp:573->/home/luka/Scripting/ELEC_498-Capstone-LiteLM/HLS-Verilog/Transformer_logic/src-hls/compute_controller.cpp:378]   --->   Operation 25 'load' 'in_buf_load' <Predicate = true> <Delay = 1.23> <CoreInst = "RAM">   --->   Core 82 'RAM' <Latency = 1> <II = 1> <Delay = 1.23> <Storage> <Opcode : 'load' 'store'> <Ports = 2> <Width = 8> <Depth = 4920> <RAM>
ST_2 : Operation 26 [1/1] (0.00ns)   --->   "%compute_controller_bool_bool_unsigned_int_bool_bool_bool_bool_bool_u_560 = getelementptr i8 %compute_controller_bool_bool_unsigned_int_bool_bool_bool_bool_bool_u_9, i64 0, i64 %zext_ln375" [/home/luka/Scripting/ELEC_498-Capstone-LiteLM/HLS-Verilog/Transformer_logic/src-hls/compute_controller.cpp:377]   --->   Operation 26 'getelementptr' 'compute_controller_bool_bool_unsigned_int_bool_bool_bool_bool_bool_u_560' <Predicate = true> <Delay = 0.00>
ST_2 : Operation 27 [1/1] (0.00ns)   --->   "%compute_controller_bool_bool_unsigned_int_bool_bool_bool_bool_bool_u_561 = getelementptr i8 %compute_controller_bool_bool_unsigned_int_bool_bool_bool_bool_bool_u_8, i64 0, i64 %zext_ln375" [/home/luka/Scripting/ELEC_498-Capstone-LiteLM/HLS-Verilog/Transformer_logic/src-hls/compute_controller.cpp:377]   --->   Operation 27 'getelementptr' 'compute_controller_bool_bool_unsigned_int_bool_bool_bool_bool_bool_u_561' <Predicate = true> <Delay = 0.00>
ST_2 : Operation 28 [1/1] (0.00ns)   --->   "%compute_controller_bool_bool_unsigned_int_bool_bool_bool_bool_bool_u_562 = getelementptr i8 %compute_controller_bool_bool_unsigned_int_bool_bool_bool_bool_bool_u_7, i64 0, i64 %zext_ln375" [/home/luka/Scripting/ELEC_498-Capstone-LiteLM/HLS-Verilog/Transformer_logic/src-hls/compute_controller.cpp:377]   --->   Operation 28 'getelementptr' 'compute_controller_bool_bool_unsigned_int_bool_bool_bool_bool_bool_u_562' <Predicate = true> <Delay = 0.00>
ST_2 : Operation 29 [1/1] (0.00ns)   --->   "%compute_controller_bool_bool_unsigned_int_bool_bool_bool_bool_bool_u_563 = getelementptr i8 %compute_controller_bool_bool_unsigned_int_bool_bool_bool_bool_bool_u_6, i64 0, i64 %zext_ln375" [/home/luka/Scripting/ELEC_498-Capstone-LiteLM/HLS-Verilog/Transformer_logic/src-hls/compute_controller.cpp:377]   --->   Operation 29 'getelementptr' 'compute_controller_bool_bool_unsigned_int_bool_bool_bool_bool_bool_u_563' <Predicate = true> <Delay = 0.00>
ST_2 : Operation 30 [1/1] (0.00ns)   --->   "%compute_controller_bool_bool_unsigned_int_bool_bool_bool_bool_bool_u_564 = getelementptr i8 %compute_controller_bool_bool_unsigned_int_bool_bool_bool_bool_bool_u_5, i64 0, i64 %zext_ln375" [/home/luka/Scripting/ELEC_498-Capstone-LiteLM/HLS-Verilog/Transformer_logic/src-hls/compute_controller.cpp:377]   --->   Operation 30 'getelementptr' 'compute_controller_bool_bool_unsigned_int_bool_bool_bool_bool_bool_u_564' <Predicate = true> <Delay = 0.00>
ST_2 : Operation 31 [1/1] (0.00ns)   --->   "%compute_controller_bool_bool_unsigned_int_bool_bool_bool_bool_bool_u_565 = getelementptr i8 %compute_controller_bool_bool_unsigned_int_bool_bool_bool_bool_bool_u_4, i64 0, i64 %zext_ln375" [/home/luka/Scripting/ELEC_498-Capstone-LiteLM/HLS-Verilog/Transformer_logic/src-hls/compute_controller.cpp:377]   --->   Operation 31 'getelementptr' 'compute_controller_bool_bool_unsigned_int_bool_bool_bool_bool_bool_u_565' <Predicate = true> <Delay = 0.00>
ST_2 : Operation 32 [1/1] (0.00ns)   --->   "%compute_controller_bool_bool_unsigned_int_bool_bool_bool_bool_bool_u_566 = getelementptr i8 %compute_controller_bool_bool_unsigned_int_bool_bool_bool_bool_bool_u_3, i64 0, i64 %zext_ln375" [/home/luka/Scripting/ELEC_498-Capstone-LiteLM/HLS-Verilog/Transformer_logic/src-hls/compute_controller.cpp:377]   --->   Operation 32 'getelementptr' 'compute_controller_bool_bool_unsigned_int_bool_bool_bool_bool_bool_u_566' <Predicate = true> <Delay = 0.00>
ST_2 : Operation 33 [1/1] (0.00ns)   --->   "%compute_controller_bool_bool_unsigned_int_bool_bool_bool_bool_bool_u_567 = getelementptr i8 %compute_controller_bool_bool_unsigned_int_bool_bool_bool_bool_bool_u_2, i64 0, i64 %zext_ln375" [/home/luka/Scripting/ELEC_498-Capstone-LiteLM/HLS-Verilog/Transformer_logic/src-hls/compute_controller.cpp:377]   --->   Operation 33 'getelementptr' 'compute_controller_bool_bool_unsigned_int_bool_bool_bool_bool_bool_u_567' <Predicate = true> <Delay = 0.00>
ST_2 : Operation 34 [1/1] (0.00ns)   --->   "%compute_controller_bool_bool_unsigned_int_bool_bool_bool_bool_bool_u_568 = getelementptr i8 %compute_controller_bool_bool_unsigned_int_bool_bool_bool_bool_bool_u_1, i64 0, i64 %zext_ln375" [/home/luka/Scripting/ELEC_498-Capstone-LiteLM/HLS-Verilog/Transformer_logic/src-hls/compute_controller.cpp:377]   --->   Operation 34 'getelementptr' 'compute_controller_bool_bool_unsigned_int_bool_bool_bool_bool_bool_u_568' <Predicate = true> <Delay = 0.00>
ST_2 : Operation 35 [1/1] (0.00ns)   --->   "%compute_controller_bool_bool_unsigned_int_bool_bool_bool_bool_bool_u_569 = getelementptr i8 %compute_controller_bool_bool_unsigned_int_bool_bool_bool_bool_bool_u, i64 0, i64 %zext_ln375" [/home/luka/Scripting/ELEC_498-Capstone-LiteLM/HLS-Verilog/Transformer_logic/src-hls/compute_controller.cpp:377]   --->   Operation 35 'getelementptr' 'compute_controller_bool_bool_unsigned_int_bool_bool_bool_bool_bool_u_569' <Predicate = true> <Delay = 0.00>
ST_2 : Operation 36 [1/1] (0.00ns)   --->   "%p_ZZ18compute_controllerbbjRbS_bS_S_RjPKhPhR12ComputeStateS0_RhS6_S6_S6_S_S_S_S_E_336 = getelementptr i8 %p_ZZ18compute_controllerbbjRbS_bS_S_RjPKhPhR12ComputeStateS0_RhS6_S6_S6_S_S_S_S_E_5, i64 0, i64 %zext_ln375" [/home/luka/Scripting/ELEC_498-Capstone-LiteLM/HLS-Verilog/Transformer_logic/src-hls/compute_controller.cpp:377]   --->   Operation 36 'getelementptr' 'p_ZZ18compute_controllerbbjRbS_bS_S_RjPKhPhR12ComputeStateS0_RhS6_S6_S6_S_S_S_S_E_336' <Predicate = true> <Delay = 0.00>
ST_2 : Operation 37 [1/1] (0.00ns)   --->   "%p_ZZ18compute_controllerbbjRbS_bS_S_RjPKhPhR12ComputeStateS0_RhS6_S6_S6_S_S_S_S_E_337 = getelementptr i8 %p_ZZ18compute_controllerbbjRbS_bS_S_RjPKhPhR12ComputeStateS0_RhS6_S6_S6_S_S_S_S_E_4, i64 0, i64 %zext_ln375" [/home/luka/Scripting/ELEC_498-Capstone-LiteLM/HLS-Verilog/Transformer_logic/src-hls/compute_controller.cpp:377]   --->   Operation 37 'getelementptr' 'p_ZZ18compute_controllerbbjRbS_bS_S_RjPKhPhR12ComputeStateS0_RhS6_S6_S6_S_S_S_S_E_337' <Predicate = true> <Delay = 0.00>
ST_2 : Operation 38 [1/1] (0.00ns)   --->   "%p_ZZ18compute_controllerbbjRbS_bS_S_RjPKhPhR12ComputeStateS0_RhS6_S6_S6_S_S_S_S_E_338 = getelementptr i8 %p_ZZ18compute_controllerbbjRbS_bS_S_RjPKhPhR12ComputeStateS0_RhS6_S6_S6_S_S_S_S_E_3, i64 0, i64 %zext_ln375" [/home/luka/Scripting/ELEC_498-Capstone-LiteLM/HLS-Verilog/Transformer_logic/src-hls/compute_controller.cpp:377]   --->   Operation 38 'getelementptr' 'p_ZZ18compute_controllerbbjRbS_bS_S_RjPKhPhR12ComputeStateS0_RhS6_S6_S6_S_S_S_S_E_338' <Predicate = true> <Delay = 0.00>
ST_2 : Operation 39 [1/1] (0.00ns)   --->   "%p_ZZ18compute_controllerbbjRbS_bS_S_RjPKhPhR12ComputeStateS0_RhS6_S6_S6_S_S_S_S_E_339 = getelementptr i8 %p_ZZ18compute_controllerbbjRbS_bS_S_RjPKhPhR12ComputeStateS0_RhS6_S6_S6_S_S_S_S_E_2, i64 0, i64 %zext_ln375" [/home/luka/Scripting/ELEC_498-Capstone-LiteLM/HLS-Verilog/Transformer_logic/src-hls/compute_controller.cpp:377]   --->   Operation 39 'getelementptr' 'p_ZZ18compute_controllerbbjRbS_bS_S_RjPKhPhR12ComputeStateS0_RhS6_S6_S6_S_S_S_S_E_339' <Predicate = true> <Delay = 0.00>
ST_2 : Operation 40 [1/1] (0.00ns)   --->   "%p_ZZ18compute_controllerbbjRbS_bS_S_RjPKhPhR12ComputeStateS0_RhS6_S6_S6_S_S_S_S_E_340 = getelementptr i8 %p_ZZ18compute_controllerbbjRbS_bS_S_RjPKhPhR12ComputeStateS0_RhS6_S6_S6_S_S_S_S_E_1, i64 0, i64 %zext_ln375" [/home/luka/Scripting/ELEC_498-Capstone-LiteLM/HLS-Verilog/Transformer_logic/src-hls/compute_controller.cpp:377]   --->   Operation 40 'getelementptr' 'p_ZZ18compute_controllerbbjRbS_bS_S_RjPKhPhR12ComputeStateS0_RhS6_S6_S6_S_S_S_S_E_340' <Predicate = true> <Delay = 0.00>
ST_2 : Operation 41 [1/1] (0.00ns)   --->   "%p_ZZ18compute_controllerbbjRbS_bS_S_RjPKhPhR12ComputeStateS0_RhS6_S6_S6_S_S_S_S_E_341 = getelementptr i8 %p_ZZ18compute_controllerbbjRbS_bS_S_RjPKhPhR12ComputeStateS0_RhS6_S6_S6_S_S_S_S_E, i64 0, i64 %zext_ln375" [/home/luka/Scripting/ELEC_498-Capstone-LiteLM/HLS-Verilog/Transformer_logic/src-hls/compute_controller.cpp:377]   --->   Operation 41 'getelementptr' 'p_ZZ18compute_controllerbbjRbS_bS_S_RjPKhPhR12ComputeStateS0_RhS6_S6_S6_S_S_S_S_E_341' <Predicate = true> <Delay = 0.00>
ST_2 : Operation 42 [1/1] ( I:0.67ns O:0.67ns )   --->   "%store_ln377 = store i8 %in_buf_load, i4 %p_ZZ18compute_controllerbbjRbS_bS_S_RjPKhPhR12ComputeStateS0_RhS6_S6_S6_S_S_S_S_E_340" [/home/luka/Scripting/ELEC_498-Capstone-LiteLM/HLS-Verilog/Transformer_logic/src-hls/compute_controller.cpp:377]   --->   Operation 42 'store' 'store_ln377' <Predicate = (trunc_ln375 == 14)> <Delay = 0.67> <CoreInst = "RAM">   --->   Core 82 'RAM' <Latency = 1> <II = 1> <Delay = 0.67> <Storage> <Opcode : 'load' 'store'> <Ports = 2> <Width = 8> <Depth = 12> <RAM>
ST_2 : Operation 43 [1/1] (0.00ns)   --->   "%br_ln377 = br void %arrayidx116.exit" [/home/luka/Scripting/ELEC_498-Capstone-LiteLM/HLS-Verilog/Transformer_logic/src-hls/compute_controller.cpp:377]   --->   Operation 43 'br' 'br_ln377' <Predicate = (trunc_ln375 == 14)> <Delay = 0.00>
ST_2 : Operation 44 [1/1] ( I:0.67ns O:0.67ns )   --->   "%store_ln377 = store i8 %in_buf_load, i4 %p_ZZ18compute_controllerbbjRbS_bS_S_RjPKhPhR12ComputeStateS0_RhS6_S6_S6_S_S_S_S_E_339" [/home/luka/Scripting/ELEC_498-Capstone-LiteLM/HLS-Verilog/Transformer_logic/src-hls/compute_controller.cpp:377]   --->   Operation 44 'store' 'store_ln377' <Predicate = (trunc_ln375 == 13)> <Delay = 0.67> <CoreInst = "RAM">   --->   Core 82 'RAM' <Latency = 1> <II = 1> <Delay = 0.67> <Storage> <Opcode : 'load' 'store'> <Ports = 2> <Width = 8> <Depth = 12> <RAM>
ST_2 : Operation 45 [1/1] (0.00ns)   --->   "%br_ln377 = br void %arrayidx116.exit" [/home/luka/Scripting/ELEC_498-Capstone-LiteLM/HLS-Verilog/Transformer_logic/src-hls/compute_controller.cpp:377]   --->   Operation 45 'br' 'br_ln377' <Predicate = (trunc_ln375 == 13)> <Delay = 0.00>
ST_2 : Operation 46 [1/1] ( I:0.67ns O:0.67ns )   --->   "%store_ln377 = store i8 %in_buf_load, i4 %p_ZZ18compute_controllerbbjRbS_bS_S_RjPKhPhR12ComputeStateS0_RhS6_S6_S6_S_S_S_S_E_338" [/home/luka/Scripting/ELEC_498-Capstone-LiteLM/HLS-Verilog/Transformer_logic/src-hls/compute_controller.cpp:377]   --->   Operation 46 'store' 'store_ln377' <Predicate = (trunc_ln375 == 12)> <Delay = 0.67> <CoreInst = "RAM">   --->   Core 82 'RAM' <Latency = 1> <II = 1> <Delay = 0.67> <Storage> <Opcode : 'load' 'store'> <Ports = 2> <Width = 8> <Depth = 12> <RAM>
ST_2 : Operation 47 [1/1] (0.00ns)   --->   "%br_ln377 = br void %arrayidx116.exit" [/home/luka/Scripting/ELEC_498-Capstone-LiteLM/HLS-Verilog/Transformer_logic/src-hls/compute_controller.cpp:377]   --->   Operation 47 'br' 'br_ln377' <Predicate = (trunc_ln375 == 12)> <Delay = 0.00>
ST_2 : Operation 48 [1/1] ( I:0.67ns O:0.67ns )   --->   "%store_ln377 = store i8 %in_buf_load, i4 %p_ZZ18compute_controllerbbjRbS_bS_S_RjPKhPhR12ComputeStateS0_RhS6_S6_S6_S_S_S_S_E_337" [/home/luka/Scripting/ELEC_498-Capstone-LiteLM/HLS-Verilog/Transformer_logic/src-hls/compute_controller.cpp:377]   --->   Operation 48 'store' 'store_ln377' <Predicate = (trunc_ln375 == 11)> <Delay = 0.67> <CoreInst = "RAM">   --->   Core 82 'RAM' <Latency = 1> <II = 1> <Delay = 0.67> <Storage> <Opcode : 'load' 'store'> <Ports = 2> <Width = 8> <Depth = 12> <RAM>
ST_2 : Operation 49 [1/1] (0.00ns)   --->   "%br_ln377 = br void %arrayidx116.exit" [/home/luka/Scripting/ELEC_498-Capstone-LiteLM/HLS-Verilog/Transformer_logic/src-hls/compute_controller.cpp:377]   --->   Operation 49 'br' 'br_ln377' <Predicate = (trunc_ln375 == 11)> <Delay = 0.00>
ST_2 : Operation 50 [1/1] ( I:0.67ns O:0.67ns )   --->   "%store_ln377 = store i8 %in_buf_load, i4 %p_ZZ18compute_controllerbbjRbS_bS_S_RjPKhPhR12ComputeStateS0_RhS6_S6_S6_S_S_S_S_E_336" [/home/luka/Scripting/ELEC_498-Capstone-LiteLM/HLS-Verilog/Transformer_logic/src-hls/compute_controller.cpp:377]   --->   Operation 50 'store' 'store_ln377' <Predicate = (trunc_ln375 == 10)> <Delay = 0.67> <CoreInst = "RAM">   --->   Core 82 'RAM' <Latency = 1> <II = 1> <Delay = 0.67> <Storage> <Opcode : 'load' 'store'> <Ports = 2> <Width = 8> <Depth = 12> <RAM>
ST_2 : Operation 51 [1/1] (0.00ns)   --->   "%br_ln377 = br void %arrayidx116.exit" [/home/luka/Scripting/ELEC_498-Capstone-LiteLM/HLS-Verilog/Transformer_logic/src-hls/compute_controller.cpp:377]   --->   Operation 51 'br' 'br_ln377' <Predicate = (trunc_ln375 == 10)> <Delay = 0.00>
ST_2 : Operation 52 [1/1] ( I:0.67ns O:0.67ns )   --->   "%store_ln377 = store i8 %in_buf_load, i4 %compute_controller_bool_bool_unsigned_int_bool_bool_bool_bool_bool_u_569" [/home/luka/Scripting/ELEC_498-Capstone-LiteLM/HLS-Verilog/Transformer_logic/src-hls/compute_controller.cpp:377]   --->   Operation 52 'store' 'store_ln377' <Predicate = (trunc_ln375 == 9)> <Delay = 0.67> <CoreInst = "RAM">   --->   Core 82 'RAM' <Latency = 1> <II = 1> <Delay = 0.67> <Storage> <Opcode : 'load' 'store'> <Ports = 2> <Width = 8> <Depth = 12> <RAM>
ST_2 : Operation 53 [1/1] (0.00ns)   --->   "%br_ln377 = br void %arrayidx116.exit" [/home/luka/Scripting/ELEC_498-Capstone-LiteLM/HLS-Verilog/Transformer_logic/src-hls/compute_controller.cpp:377]   --->   Operation 53 'br' 'br_ln377' <Predicate = (trunc_ln375 == 9)> <Delay = 0.00>
ST_2 : Operation 54 [1/1] ( I:0.67ns O:0.67ns )   --->   "%store_ln377 = store i8 %in_buf_load, i4 %compute_controller_bool_bool_unsigned_int_bool_bool_bool_bool_bool_u_568" [/home/luka/Scripting/ELEC_498-Capstone-LiteLM/HLS-Verilog/Transformer_logic/src-hls/compute_controller.cpp:377]   --->   Operation 54 'store' 'store_ln377' <Predicate = (trunc_ln375 == 8)> <Delay = 0.67> <CoreInst = "RAM">   --->   Core 82 'RAM' <Latency = 1> <II = 1> <Delay = 0.67> <Storage> <Opcode : 'load' 'store'> <Ports = 2> <Width = 8> <Depth = 12> <RAM>
ST_2 : Operation 55 [1/1] (0.00ns)   --->   "%br_ln377 = br void %arrayidx116.exit" [/home/luka/Scripting/ELEC_498-Capstone-LiteLM/HLS-Verilog/Transformer_logic/src-hls/compute_controller.cpp:377]   --->   Operation 55 'br' 'br_ln377' <Predicate = (trunc_ln375 == 8)> <Delay = 0.00>
ST_2 : Operation 56 [1/1] ( I:0.67ns O:0.67ns )   --->   "%store_ln377 = store i8 %in_buf_load, i4 %compute_controller_bool_bool_unsigned_int_bool_bool_bool_bool_bool_u_567" [/home/luka/Scripting/ELEC_498-Capstone-LiteLM/HLS-Verilog/Transformer_logic/src-hls/compute_controller.cpp:377]   --->   Operation 56 'store' 'store_ln377' <Predicate = (trunc_ln375 == 7)> <Delay = 0.67> <CoreInst = "RAM">   --->   Core 82 'RAM' <Latency = 1> <II = 1> <Delay = 0.67> <Storage> <Opcode : 'load' 'store'> <Ports = 2> <Width = 8> <Depth = 12> <RAM>
ST_2 : Operation 57 [1/1] (0.00ns)   --->   "%br_ln377 = br void %arrayidx116.exit" [/home/luka/Scripting/ELEC_498-Capstone-LiteLM/HLS-Verilog/Transformer_logic/src-hls/compute_controller.cpp:377]   --->   Operation 57 'br' 'br_ln377' <Predicate = (trunc_ln375 == 7)> <Delay = 0.00>
ST_2 : Operation 58 [1/1] ( I:0.67ns O:0.67ns )   --->   "%store_ln377 = store i8 %in_buf_load, i4 %compute_controller_bool_bool_unsigned_int_bool_bool_bool_bool_bool_u_566" [/home/luka/Scripting/ELEC_498-Capstone-LiteLM/HLS-Verilog/Transformer_logic/src-hls/compute_controller.cpp:377]   --->   Operation 58 'store' 'store_ln377' <Predicate = (trunc_ln375 == 6)> <Delay = 0.67> <CoreInst = "RAM">   --->   Core 82 'RAM' <Latency = 1> <II = 1> <Delay = 0.67> <Storage> <Opcode : 'load' 'store'> <Ports = 2> <Width = 8> <Depth = 12> <RAM>
ST_2 : Operation 59 [1/1] (0.00ns)   --->   "%br_ln377 = br void %arrayidx116.exit" [/home/luka/Scripting/ELEC_498-Capstone-LiteLM/HLS-Verilog/Transformer_logic/src-hls/compute_controller.cpp:377]   --->   Operation 59 'br' 'br_ln377' <Predicate = (trunc_ln375 == 6)> <Delay = 0.00>
ST_2 : Operation 60 [1/1] ( I:0.67ns O:0.67ns )   --->   "%store_ln377 = store i8 %in_buf_load, i4 %compute_controller_bool_bool_unsigned_int_bool_bool_bool_bool_bool_u_565" [/home/luka/Scripting/ELEC_498-Capstone-LiteLM/HLS-Verilog/Transformer_logic/src-hls/compute_controller.cpp:377]   --->   Operation 60 'store' 'store_ln377' <Predicate = (trunc_ln375 == 5)> <Delay = 0.67> <CoreInst = "RAM">   --->   Core 82 'RAM' <Latency = 1> <II = 1> <Delay = 0.67> <Storage> <Opcode : 'load' 'store'> <Ports = 2> <Width = 8> <Depth = 12> <RAM>
ST_2 : Operation 61 [1/1] (0.00ns)   --->   "%br_ln377 = br void %arrayidx116.exit" [/home/luka/Scripting/ELEC_498-Capstone-LiteLM/HLS-Verilog/Transformer_logic/src-hls/compute_controller.cpp:377]   --->   Operation 61 'br' 'br_ln377' <Predicate = (trunc_ln375 == 5)> <Delay = 0.00>
ST_2 : Operation 62 [1/1] ( I:0.67ns O:0.67ns )   --->   "%store_ln377 = store i8 %in_buf_load, i4 %compute_controller_bool_bool_unsigned_int_bool_bool_bool_bool_bool_u_564" [/home/luka/Scripting/ELEC_498-Capstone-LiteLM/HLS-Verilog/Transformer_logic/src-hls/compute_controller.cpp:377]   --->   Operation 62 'store' 'store_ln377' <Predicate = (trunc_ln375 == 4)> <Delay = 0.67> <CoreInst = "RAM">   --->   Core 82 'RAM' <Latency = 1> <II = 1> <Delay = 0.67> <Storage> <Opcode : 'load' 'store'> <Ports = 2> <Width = 8> <Depth = 12> <RAM>
ST_2 : Operation 63 [1/1] (0.00ns)   --->   "%br_ln377 = br void %arrayidx116.exit" [/home/luka/Scripting/ELEC_498-Capstone-LiteLM/HLS-Verilog/Transformer_logic/src-hls/compute_controller.cpp:377]   --->   Operation 63 'br' 'br_ln377' <Predicate = (trunc_ln375 == 4)> <Delay = 0.00>
ST_2 : Operation 64 [1/1] ( I:0.67ns O:0.67ns )   --->   "%store_ln377 = store i8 %in_buf_load, i4 %compute_controller_bool_bool_unsigned_int_bool_bool_bool_bool_bool_u_563" [/home/luka/Scripting/ELEC_498-Capstone-LiteLM/HLS-Verilog/Transformer_logic/src-hls/compute_controller.cpp:377]   --->   Operation 64 'store' 'store_ln377' <Predicate = (trunc_ln375 == 3)> <Delay = 0.67> <CoreInst = "RAM">   --->   Core 82 'RAM' <Latency = 1> <II = 1> <Delay = 0.67> <Storage> <Opcode : 'load' 'store'> <Ports = 2> <Width = 8> <Depth = 12> <RAM>
ST_2 : Operation 65 [1/1] (0.00ns)   --->   "%br_ln377 = br void %arrayidx116.exit" [/home/luka/Scripting/ELEC_498-Capstone-LiteLM/HLS-Verilog/Transformer_logic/src-hls/compute_controller.cpp:377]   --->   Operation 65 'br' 'br_ln377' <Predicate = (trunc_ln375 == 3)> <Delay = 0.00>
ST_2 : Operation 66 [1/1] ( I:0.67ns O:0.67ns )   --->   "%store_ln377 = store i8 %in_buf_load, i4 %compute_controller_bool_bool_unsigned_int_bool_bool_bool_bool_bool_u_562" [/home/luka/Scripting/ELEC_498-Capstone-LiteLM/HLS-Verilog/Transformer_logic/src-hls/compute_controller.cpp:377]   --->   Operation 66 'store' 'store_ln377' <Predicate = (trunc_ln375 == 2)> <Delay = 0.67> <CoreInst = "RAM">   --->   Core 82 'RAM' <Latency = 1> <II = 1> <Delay = 0.67> <Storage> <Opcode : 'load' 'store'> <Ports = 2> <Width = 8> <Depth = 12> <RAM>
ST_2 : Operation 67 [1/1] (0.00ns)   --->   "%br_ln377 = br void %arrayidx116.exit" [/home/luka/Scripting/ELEC_498-Capstone-LiteLM/HLS-Verilog/Transformer_logic/src-hls/compute_controller.cpp:377]   --->   Operation 67 'br' 'br_ln377' <Predicate = (trunc_ln375 == 2)> <Delay = 0.00>
ST_2 : Operation 68 [1/1] ( I:0.67ns O:0.67ns )   --->   "%store_ln377 = store i8 %in_buf_load, i4 %compute_controller_bool_bool_unsigned_int_bool_bool_bool_bool_bool_u_561" [/home/luka/Scripting/ELEC_498-Capstone-LiteLM/HLS-Verilog/Transformer_logic/src-hls/compute_controller.cpp:377]   --->   Operation 68 'store' 'store_ln377' <Predicate = (trunc_ln375 == 1)> <Delay = 0.67> <CoreInst = "RAM">   --->   Core 82 'RAM' <Latency = 1> <II = 1> <Delay = 0.67> <Storage> <Opcode : 'load' 'store'> <Ports = 2> <Width = 8> <Depth = 12> <RAM>
ST_2 : Operation 69 [1/1] (0.00ns)   --->   "%br_ln377 = br void %arrayidx116.exit" [/home/luka/Scripting/ELEC_498-Capstone-LiteLM/HLS-Verilog/Transformer_logic/src-hls/compute_controller.cpp:377]   --->   Operation 69 'br' 'br_ln377' <Predicate = (trunc_ln375 == 1)> <Delay = 0.00>
ST_2 : Operation 70 [1/1] ( I:0.67ns O:0.67ns )   --->   "%store_ln377 = store i8 %in_buf_load, i4 %compute_controller_bool_bool_unsigned_int_bool_bool_bool_bool_bool_u_560" [/home/luka/Scripting/ELEC_498-Capstone-LiteLM/HLS-Verilog/Transformer_logic/src-hls/compute_controller.cpp:377]   --->   Operation 70 'store' 'store_ln377' <Predicate = (trunc_ln375 == 0)> <Delay = 0.67> <CoreInst = "RAM">   --->   Core 82 'RAM' <Latency = 1> <II = 1> <Delay = 0.67> <Storage> <Opcode : 'load' 'store'> <Ports = 2> <Width = 8> <Depth = 12> <RAM>
ST_2 : Operation 71 [1/1] (0.00ns)   --->   "%br_ln377 = br void %arrayidx116.exit" [/home/luka/Scripting/ELEC_498-Capstone-LiteLM/HLS-Verilog/Transformer_logic/src-hls/compute_controller.cpp:377]   --->   Operation 71 'br' 'br_ln377' <Predicate = (trunc_ln375 == 0)> <Delay = 0.00>
ST_2 : Operation 72 [1/1] ( I:0.67ns O:0.67ns )   --->   "%store_ln377 = store i8 %in_buf_load, i4 %p_ZZ18compute_controllerbbjRbS_bS_S_RjPKhPhR12ComputeStateS0_RhS6_S6_S6_S_S_S_S_E_341" [/home/luka/Scripting/ELEC_498-Capstone-LiteLM/HLS-Verilog/Transformer_logic/src-hls/compute_controller.cpp:377]   --->   Operation 72 'store' 'store_ln377' <Predicate = (trunc_ln375 == 15)> <Delay = 0.67> <CoreInst = "RAM">   --->   Core 82 'RAM' <Latency = 1> <II = 1> <Delay = 0.67> <Storage> <Opcode : 'load' 'store'> <Ports = 2> <Width = 8> <Depth = 12> <RAM>
ST_2 : Operation 73 [1/1] (0.00ns)   --->   "%br_ln377 = br void %arrayidx116.exit" [/home/luka/Scripting/ELEC_498-Capstone-LiteLM/HLS-Verilog/Transformer_logic/src-hls/compute_controller.cpp:377]   --->   Operation 73 'br' 'br_ln377' <Predicate = (trunc_ln375 == 15)> <Delay = 0.00>


============================================================
+ Verbose Summary: Timing violations
============================================================
Target clock period: 10.000ns, clock uncertainty: 2.700ns.

 <State 1>: 1.664ns
The critical path consists of the following:
	'store' operation 0 bit ('store_ln572', /home/luka/Scripting/ELEC_498-Capstone-LiteLM/HLS-Verilog/Transformer_logic/src-hls/../../top_params.hpp:572->/home/luka/Scripting/ELEC_498-Capstone-LiteLM/HLS-Verilog/Transformer_logic/src-hls/compute_controller.cpp:378) of constant 0 on local variable 'byte_addr', /home/luka/Scripting/ELEC_498-Capstone-LiteLM/HLS-Verilog/Transformer_logic/src-hls/../../top_params.hpp:572->/home/luka/Scripting/ELEC_498-Capstone-LiteLM/HLS-Verilog/Transformer_logic/src-hls/compute_controller.cpp:378 [20]  (0.427 ns)
	'load' operation 8 bit ('i', /home/luka/Scripting/ELEC_498-Capstone-LiteLM/HLS-Verilog/Transformer_logic/src-hls/compute_controller.cpp:375) on local variable 'byte_addr', /home/luka/Scripting/ELEC_498-Capstone-LiteLM/HLS-Verilog/Transformer_logic/src-hls/../../top_params.hpp:572->/home/luka/Scripting/ELEC_498-Capstone-LiteLM/HLS-Verilog/Transformer_logic/src-hls/compute_controller.cpp:378 [23]  (0.000 ns)
	'getelementptr' operation 13 bit ('in_buf_addr', /home/luka/Scripting/ELEC_498-Capstone-LiteLM/HLS-Verilog/Transformer_logic/src-hls/../../top_params.hpp:573->/home/luka/Scripting/ELEC_498-Capstone-LiteLM/HLS-Verilog/Transformer_logic/src-hls/compute_controller.cpp:378) [35]  (0.000 ns)
	'load' operation 8 bit ('in_buf_load', /home/luka/Scripting/ELEC_498-Capstone-LiteLM/HLS-Verilog/Transformer_logic/src-hls/../../top_params.hpp:573->/home/luka/Scripting/ELEC_498-Capstone-LiteLM/HLS-Verilog/Transformer_logic/src-hls/compute_controller.cpp:378) on array 'in_buf' [36]  (1.237 ns)

 <State 2>: 1.914ns
The critical path consists of the following:
	'load' operation 8 bit ('in_buf_load', /home/luka/Scripting/ELEC_498-Capstone-LiteLM/HLS-Verilog/Transformer_logic/src-hls/../../top_params.hpp:573->/home/luka/Scripting/ELEC_498-Capstone-LiteLM/HLS-Verilog/Transformer_logic/src-hls/compute_controller.cpp:378) on array 'in_buf' [36]  (1.237 ns)
	'store' operation 0 bit ('store_ln377', /home/luka/Scripting/ELEC_498-Capstone-LiteLM/HLS-Verilog/Transformer_logic/src-hls/compute_controller.cpp:377) of variable 'in_buf_load', /home/luka/Scripting/ELEC_498-Capstone-LiteLM/HLS-Verilog/Transformer_logic/src-hls/../../top_params.hpp:573->/home/luka/Scripting/ELEC_498-Capstone-LiteLM/HLS-Verilog/Transformer_logic/src-hls/compute_controller.cpp:378 on array 'compute_controller_bool_bool_unsigned_int_bool_bool_bool_bool_bool_u_6' [88]  (0.677 ns)


============================================================
+ Verbose Summary: Binding
============================================================
N/A
* FSMD analyzer results:
  - Output states:
 - Input state : 
  - Chain level:
	State 1
	State 2


============================================================
+ Verbose Summary: Datapath Resource usage 
============================================================
N/A
