

================================================================
== Vitis HLS Report for 'compute_controller_Pipeline_VITIS_LOOP_381_6_VITIS_LOOP_382_7'
================================================================
* Date:           Sat Jan 24 12:50:55 2026

* Version:        2025.1 (Build 6135595 on May 21 2025)
* Project:        compute_controller
* Solution:       hls (Vivado IP Flow Target)
* Product family: zynquplus
* Target device:  xck26-sfvc784-2LV-c


================================================================
== Performance Estimates
================================================================
+ Timing: 
    * Summary: 
    +--------+----------+----------+------------+
    |  Clock |  Target  | Estimated| Uncertainty|
    +--------+----------+----------+------------+
    |ap_clk  |  10.00 ns|  4.438 ns|     2.70 ns|
    +--------+----------+----------+------------+

+ Latency: 
    * Summary: 
    +---------+---------+-----------+-----------+------+------+------------------------------------------------+
    |  Latency (cycles) |   Latency (absolute)  |   Interval  |                    Pipeline                    |
    |   min   |   max   |    min    |    max    |  min |  max |                      Type                      |
    +---------+---------+-----------+-----------+------+------+------------------------------------------------+
    |     9218|     9218|  92.180 us|  92.180 us|  9217|  9217|  loop auto-rewind stp (delay=0 clock cycles(s))|
    +---------+---------+-----------+-----------+------+------+------------------------------------------------+

    + Detail: 
        * Instance: 
        N/A

        * Loop: 
        +-------------------------------------+---------+---------+----------+-----------+-----------+------+----------+
        |                                     |  Latency (cycles) | Iteration|  Initiation Interval  | Trip |          |
        |              Loop Name              |   min   |   max   |  Latency |  achieved |   target  | Count| Pipelined|
        +-------------------------------------+---------+---------+----------+-----------+-----------+------+----------+
        |- VITIS_LOOP_381_6_VITIS_LOOP_382_7  |     9216|     9216|         2|          1|          1|  9216|       yes|
        +-------------------------------------+---------+---------+----------+-----------+-----------+------+----------+

============================================================
+ Verbose Summary: Synthesis Manager
============================================================
InlineROM: 1
ExposeGlobal: 0
============================================================
+ Verbose Summary: CDFG Model
============================================================
IsTopModel: 0
ResetActiveHigh: 1
IsCombinational: 0
IsDatapathOnly: 0
HasWiredReturn: 1
HasMFsm: 2
HasVarLatency: 1
IsPipeline: 0
IsRtlPipelined: 0
IsInstanceOverlapped: 0
IsDontTouch: 0
HasImplIP: 0
IsGatedGlobalClock: 0

+ Individual pipeline summary: 
  * Pipeline-0: initiation interval (II) = 1, depth = 2


============================================================
+ Verbose Summary: Schedule
============================================================
* Number of FSM states : 2
* Pipeline : 1
  Pipeline-0 : II = 1, D = 2, States = { 1 2 }
* Dataflow Pipeline: 0

* FSM state transitions: 
1 --> 2 
2 --> 

* FSM state operations: 

State 1 <SV = 0> <Delay = 4.43>
ST_1 : Operation 5 [1/1] (0.00ns)   --->   "%i_1 = alloca i32 1" [/home/luka/Scripting/ELEC_498-Capstone-LiteLM/HLS-Verilog/Transformer_logic/src-hls/compute_controller.cpp:382]   --->   Operation 5 'alloca' 'i_1' <Predicate = true> <Delay = 0.00>
ST_1 : Operation 6 [1/1] (0.00ns)   --->   "%out_idx = alloca i32 1" [/home/luka/Scripting/ELEC_498-Capstone-LiteLM/HLS-Verilog/Transformer_logic/src-hls/compute_controller.cpp:381]   --->   Operation 6 'alloca' 'out_idx' <Predicate = true> <Delay = 0.00>
ST_1 : Operation 7 [1/1] (0.00ns)   --->   "%indvar_flatten = alloca i32 1"   --->   Operation 7 'alloca' 'indvar_flatten' <Predicate = true> <Delay = 0.00>
ST_1 : Operation 8 [1/1] (0.00ns)   --->   "%specinterface_ln0 = specinterface void @_ssdm_op_SpecInterface, i8 %in_buf, void @empty_3, i32 0, i32 0, void @empty_5, i32 4294967295, i32 0, void @empty_5, void @empty_5, void @empty_5, i32 0, i32 0, i32 0, i32 0, void @empty_5, void @empty_5, i32 4294967295, i32 0, i32 0"   --->   Operation 8 'specinterface' 'specinterface_ln0' <Predicate = true> <Delay = 0.00>
ST_1 : Operation 9 [1/1] (0.42ns)   --->   "%store_ln0 = store i14 0, i14 %indvar_flatten"   --->   Operation 9 'store' 'store_ln0' <Predicate = true> <Delay = 0.42>
ST_1 : Operation 10 [1/1] (0.42ns)   --->   "%store_ln381 = store i6 0, i6 %out_idx" [/home/luka/Scripting/ELEC_498-Capstone-LiteLM/HLS-Verilog/Transformer_logic/src-hls/compute_controller.cpp:381]   --->   Operation 10 'store' 'store_ln381' <Predicate = true> <Delay = 0.42>
ST_1 : Operation 11 [1/1] (0.42ns)   --->   "%store_ln382 = store i8 0, i8 %i_1" [/home/luka/Scripting/ELEC_498-Capstone-LiteLM/HLS-Verilog/Transformer_logic/src-hls/compute_controller.cpp:382]   --->   Operation 11 'store' 'store_ln382' <Predicate = true> <Delay = 0.42>
ST_1 : Operation 12 [1/1] (0.00ns)   --->   "%br_ln0 = br void %for.body138"   --->   Operation 12 'br' 'br_ln0' <Predicate = true> <Delay = 0.00>
ST_1 : Operation 13 [1/1] (0.00ns)   --->   "%indvar_flatten_load = load i14 %indvar_flatten" [/home/luka/Scripting/ELEC_498-Capstone-LiteLM/HLS-Verilog/Transformer_logic/src-hls/compute_controller.cpp:381]   --->   Operation 13 'load' 'indvar_flatten_load' <Predicate = true> <Delay = 0.00>
ST_1 : Operation 14 [1/1] (0.83ns)   --->   "%icmp_ln381 = icmp_eq  i14 %indvar_flatten_load, i14 9216" [/home/luka/Scripting/ELEC_498-Capstone-LiteLM/HLS-Verilog/Transformer_logic/src-hls/compute_controller.cpp:381]   --->   Operation 14 'icmp' 'icmp_ln381' <Predicate = true> <Delay = 0.83> <CoreInst = "Cmp">   --->   Core 9 'Cmp' <Latency = 0> <II = 1> <Delay = 0.83> <FuncUnit> <Opcode : 'seteq' 'setne' 'setle' 'setge' 'setlt' 'setgt'> <InPorts = 2> <OutPorts = 1>
ST_1 : Operation 15 [1/1] (0.83ns)   --->   "%add_ln381 = add i14 %indvar_flatten_load, i14 1" [/home/luka/Scripting/ELEC_498-Capstone-LiteLM/HLS-Verilog/Transformer_logic/src-hls/compute_controller.cpp:381]   --->   Operation 15 'add' 'add_ln381' <Predicate = true> <Delay = 0.83> <CoreInst = "Adder">   --->   Core 1 'Adder' <Latency = 0> <II = 1> <Delay = 0.83> <FuncUnit> <Opcode : 'add' 'sub'> <InPorts = 2> <OutPorts = 1>
ST_1 : Operation 16 [1/1] (0.00ns)   --->   "%br_ln381 = br i1 %icmp_ln381, void %for.inc160, void %for.inc172.preheader.exitStub" [/home/luka/Scripting/ELEC_498-Capstone-LiteLM/HLS-Verilog/Transformer_logic/src-hls/compute_controller.cpp:381]   --->   Operation 16 'br' 'br_ln381' <Predicate = true> <Delay = 0.00>
ST_1 : Operation 17 [1/1] (0.00ns)   --->   "%i_1_load = load i8 %i_1" [/home/luka/Scripting/ELEC_498-Capstone-LiteLM/HLS-Verilog/Transformer_logic/src-hls/compute_controller.cpp:382]   --->   Operation 17 'load' 'i_1_load' <Predicate = (!icmp_ln381)> <Delay = 0.00>
ST_1 : Operation 18 [1/1] (0.00ns)   --->   "%out_idx_load = load i6 %out_idx" [/home/luka/Scripting/ELEC_498-Capstone-LiteLM/HLS-Verilog/Transformer_logic/src-hls/compute_controller.cpp:381]   --->   Operation 18 'load' 'out_idx_load' <Predicate = (!icmp_ln381)> <Delay = 0.00>
ST_1 : Operation 19 [1/1] (0.76ns)   --->   "%icmp_ln382 = icmp_eq  i8 %i_1_load, i8 192" [/home/luka/Scripting/ELEC_498-Capstone-LiteLM/HLS-Verilog/Transformer_logic/src-hls/compute_controller.cpp:382]   --->   Operation 19 'icmp' 'icmp_ln382' <Predicate = (!icmp_ln381)> <Delay = 0.76> <CoreInst = "Cmp">   --->   Core 9 'Cmp' <Latency = 0> <II = 1> <Delay = 0.76> <FuncUnit> <Opcode : 'seteq' 'setne' 'setle' 'setge' 'setlt' 'setgt'> <InPorts = 2> <OutPorts = 1>
ST_1 : Operation 20 [1/1] (0.39ns)   --->   "%select_ln381 = select i1 %icmp_ln382, i8 0, i8 %i_1_load" [/home/luka/Scripting/ELEC_498-Capstone-LiteLM/HLS-Verilog/Transformer_logic/src-hls/compute_controller.cpp:381]   --->   Operation 20 'select' 'select_ln381' <Predicate = (!icmp_ln381)> <Delay = 0.39> <CoreInst = "Sel">   --->   Core 73 'Sel' <Latency = 0> <II = 1> <Delay = 0.39> <FuncUnit> <Opcode : 'select'> <InPorts = 3> <OutPorts = 1>
ST_1 : Operation 21 [1/1] (0.78ns)   --->   "%add_ln381_1 = add i6 %out_idx_load, i6 1" [/home/luka/Scripting/ELEC_498-Capstone-LiteLM/HLS-Verilog/Transformer_logic/src-hls/compute_controller.cpp:381]   --->   Operation 21 'add' 'add_ln381_1' <Predicate = (!icmp_ln381)> <Delay = 0.78> <CoreInst = "Adder">   --->   Core 1 'Adder' <Latency = 0> <II = 1> <Delay = 0.78> <FuncUnit> <Opcode : 'add' 'sub'> <InPorts = 2> <OutPorts = 1>
ST_1 : Operation 22 [1/1] (0.38ns)   --->   "%select_ln381_1 = select i1 %icmp_ln382, i6 %add_ln381_1, i6 %out_idx_load" [/home/luka/Scripting/ELEC_498-Capstone-LiteLM/HLS-Verilog/Transformer_logic/src-hls/compute_controller.cpp:381]   --->   Operation 22 'select' 'select_ln381_1' <Predicate = (!icmp_ln381)> <Delay = 0.38> <CoreInst = "Sel">   --->   Core 73 'Sel' <Latency = 0> <II = 1> <Delay = 0.38> <FuncUnit> <Opcode : 'select'> <InPorts = 3> <OutPorts = 1>
ST_1 : Operation 23 [1/1] (0.00ns)   --->   "%p_shl7 = bitconcatenate i14 @_ssdm_op_BitConcatenate.i14.i6.i8, i6 %select_ln381_1, i8 0" [/home/luka/Scripting/ELEC_498-Capstone-LiteLM/HLS-Verilog/Transformer_logic/src-hls/compute_controller.cpp:381]   --->   Operation 23 'bitconcatenate' 'p_shl7' <Predicate = (!icmp_ln381)> <Delay = 0.00>
ST_1 : Operation 24 [1/1] (0.00ns)   --->   "%tmp_1 = bitconcatenate i12 @_ssdm_op_BitConcatenate.i12.i6.i6, i6 %select_ln381_1, i6 0" [/home/luka/Scripting/ELEC_498-Capstone-LiteLM/HLS-Verilog/Transformer_logic/src-hls/compute_controller.cpp:381]   --->   Operation 24 'bitconcatenate' 'tmp_1' <Predicate = (!icmp_ln381)> <Delay = 0.00>
ST_1 : Operation 25 [1/1] (0.00ns)   --->   "%p_shl8 = zext i12 %tmp_1" [/home/luka/Scripting/ELEC_498-Capstone-LiteLM/HLS-Verilog/Transformer_logic/src-hls/compute_controller.cpp:381]   --->   Operation 25 'zext' 'p_shl8' <Predicate = (!icmp_ln381)> <Delay = 0.00>
ST_1 : Operation 26 [1/1] (0.83ns)   --->   "%empty = sub i14 %p_shl7, i14 %p_shl8" [/home/luka/Scripting/ELEC_498-Capstone-LiteLM/HLS-Verilog/Transformer_logic/src-hls/compute_controller.cpp:381]   --->   Operation 26 'sub' 'empty' <Predicate = (!icmp_ln381)> <Delay = 0.83> <CoreInst = "Adder">   --->   Core 1 'Adder' <Latency = 0> <II = 1> <Delay = 0.83> <FuncUnit> <Opcode : 'add' 'sub'> <InPorts = 2> <OutPorts = 1>
ST_1 : Operation 27 [1/1] (0.00ns)   --->   "%zext_ln382 = zext i8 %select_ln381" [/home/luka/Scripting/ELEC_498-Capstone-LiteLM/HLS-Verilog/Transformer_logic/src-hls/compute_controller.cpp:382]   --->   Operation 27 'zext' 'zext_ln382' <Predicate = (!icmp_ln381)> <Delay = 0.00>
ST_1 : Operation 28 [1/1] (0.00ns)   --->   "%trunc_ln382 = trunc i8 %select_ln381" [/home/luka/Scripting/ELEC_498-Capstone-LiteLM/HLS-Verilog/Transformer_logic/src-hls/compute_controller.cpp:382]   --->   Operation 28 'trunc' 'trunc_ln382' <Predicate = (!icmp_ln381)> <Delay = 0.00>
ST_1 : Operation 29 [1/1] (0.00ns) (grouped into TernaryAdder)   --->   "%add_ln385 = add i14 %zext_ln382, i14 %empty" [/home/luka/Scripting/ELEC_498-Capstone-LiteLM/HLS-Verilog/Transformer_logic/src-hls/compute_controller.cpp:385]   --->   Operation 29 'add' 'add_ln385' <Predicate = (!icmp_ln381)> <Delay = 0.00> <CoreInst = "TAddSub">   --->   Core 10 'TAddSub' <Latency = 0> <II = 1> <Delay = 0.38> <IPBlock> <Opcode : 'add' 'sub'> <InPorts = 3> <OutPorts = 1> <Sync> <CReg>
ST_1 : Operation 30 [1/1] (0.00ns)   --->   "%lshr_ln1 = partselect i4 @_ssdm_op_PartSelect.i4.i8.i32.i32, i8 %select_ln381, i32 4, i32 7" [/home/luka/Scripting/ELEC_498-Capstone-LiteLM/HLS-Verilog/Transformer_logic/src-hls/compute_controller.cpp:386]   --->   Operation 30 'partselect' 'lshr_ln1' <Predicate = (!icmp_ln381)> <Delay = 0.00>
ST_1 : Operation 31 [1/1] (0.77ns) (root node of TernaryAdder)   --->   "%nibble_idx = add i14 %add_ln385, i14 384" [/home/luka/Scripting/ELEC_498-Capstone-LiteLM/HLS-Verilog/Transformer_logic/src-hls/compute_controller.cpp:386]   --->   Operation 31 'add' 'nibble_idx' <Predicate = (!icmp_ln381)> <Delay = 0.77> <CoreInst = "TAddSub">   --->   Core 10 'TAddSub' <Latency = 0> <II = 1> <Delay = 0.38> <IPBlock> <Opcode : 'add' 'sub'> <InPorts = 3> <OutPorts = 1> <Sync> <CReg>
ST_1 : Operation 32 [1/1] (0.00ns)   --->   "%trunc_ln576 = trunc i14 %nibble_idx" [/home/luka/Scripting/ELEC_498-Capstone-LiteLM/HLS-Verilog/Transformer_logic/src-hls/../../top_params.hpp:576->/home/luka/Scripting/ELEC_498-Capstone-LiteLM/HLS-Verilog/Transformer_logic/src-hls/compute_controller.cpp:386]   --->   Operation 32 'trunc' 'trunc_ln576' <Predicate = (!icmp_ln381)> <Delay = 0.00>
ST_1 : Operation 33 [1/1] (0.00ns)   --->   "%trunc_ln = partselect i13 @_ssdm_op_PartSelect.i13.i14.i32.i32, i14 %nibble_idx, i32 1, i32 13" [/home/luka/Scripting/ELEC_498-Capstone-LiteLM/HLS-Verilog/Transformer_logic/src-hls/../../top_params.hpp:577->/home/luka/Scripting/ELEC_498-Capstone-LiteLM/HLS-Verilog/Transformer_logic/src-hls/compute_controller.cpp:386]   --->   Operation 33 'partselect' 'trunc_ln' <Predicate = (!icmp_ln381)> <Delay = 0.00>
ST_1 : Operation 34 [1/1] (0.00ns)   --->   "%zext_ln578 = zext i13 %trunc_ln" [/home/luka/Scripting/ELEC_498-Capstone-LiteLM/HLS-Verilog/Transformer_logic/src-hls/../../top_params.hpp:578->/home/luka/Scripting/ELEC_498-Capstone-LiteLM/HLS-Verilog/Transformer_logic/src-hls/compute_controller.cpp:386]   --->   Operation 34 'zext' 'zext_ln578' <Predicate = (!icmp_ln381)> <Delay = 0.00>
ST_1 : Operation 35 [1/1] (0.00ns)   --->   "%in_buf_addr = getelementptr i8 %in_buf, i64 0, i64 %zext_ln578" [/home/luka/Scripting/ELEC_498-Capstone-LiteLM/HLS-Verilog/Transformer_logic/src-hls/../../top_params.hpp:578->/home/luka/Scripting/ELEC_498-Capstone-LiteLM/HLS-Verilog/Transformer_logic/src-hls/compute_controller.cpp:386]   --->   Operation 35 'getelementptr' 'in_buf_addr' <Predicate = (!icmp_ln381)> <Delay = 0.00>
ST_1 : Operation 36 [2/2] (1.23ns)   --->   "%byte_val = load i13 %in_buf_addr" [/home/luka/Scripting/ELEC_498-Capstone-LiteLM/HLS-Verilog/Transformer_logic/src-hls/../../top_params.hpp:578->/home/luka/Scripting/ELEC_498-Capstone-LiteLM/HLS-Verilog/Transformer_logic/src-hls/compute_controller.cpp:386]   --->   Operation 36 'load' 'byte_val' <Predicate = (!icmp_ln381)> <Delay = 1.23> <CoreInst = "RAM">   --->   Core 82 'RAM' <Latency = 1> <II = 1> <Delay = 1.23> <Storage> <Opcode : 'load' 'store'> <Ports = 2> <Width = 8> <Depth = 4920> <RAM>
ST_1 : Operation 37 [1/1] (0.79ns)   --->   "%switch_ln386 = switch i4 %trunc_ln382, void %arrayidx149.case.15, i4 0, void %arrayidx149.case.0, i4 1, void %arrayidx149.case.1, i4 2, void %arrayidx149.case.2, i4 3, void %arrayidx149.case.3, i4 4, void %arrayidx149.case.4, i4 5, void %arrayidx149.case.5, i4 6, void %arrayidx149.case.6, i4 7, void %arrayidx149.case.7, i4 8, void %arrayidx149.case.8, i4 9, void %arrayidx149.case.9, i4 10, void %arrayidx149.case.10, i4 11, void %arrayidx149.case.11, i4 12, void %arrayidx149.case.12, i4 13, void %arrayidx149.case.13, i4 14, void %arrayidx149.case.14" [/home/luka/Scripting/ELEC_498-Capstone-LiteLM/HLS-Verilog/Transformer_logic/src-hls/compute_controller.cpp:386]   --->   Operation 37 'switch' 'switch_ln386' <Predicate = (!icmp_ln381)> <Delay = 0.79>
ST_1 : Operation 38 [1/1] (0.76ns)   --->   "%add_ln382 = add i8 %select_ln381, i8 1" [/home/luka/Scripting/ELEC_498-Capstone-LiteLM/HLS-Verilog/Transformer_logic/src-hls/compute_controller.cpp:382]   --->   Operation 38 'add' 'add_ln382' <Predicate = (!icmp_ln381)> <Delay = 0.76> <CoreInst = "Adder">   --->   Core 1 'Adder' <Latency = 0> <II = 1> <Delay = 0.76> <FuncUnit> <Opcode : 'add' 'sub'> <InPorts = 2> <OutPorts = 1>
ST_1 : Operation 39 [1/1] (0.42ns)   --->   "%store_ln381 = store i14 %add_ln381, i14 %indvar_flatten" [/home/luka/Scripting/ELEC_498-Capstone-LiteLM/HLS-Verilog/Transformer_logic/src-hls/compute_controller.cpp:381]   --->   Operation 39 'store' 'store_ln381' <Predicate = (!icmp_ln381)> <Delay = 0.42>
ST_1 : Operation 40 [1/1] (0.42ns)   --->   "%store_ln381 = store i6 %select_ln381_1, i6 %out_idx" [/home/luka/Scripting/ELEC_498-Capstone-LiteLM/HLS-Verilog/Transformer_logic/src-hls/compute_controller.cpp:381]   --->   Operation 40 'store' 'store_ln381' <Predicate = (!icmp_ln381)> <Delay = 0.42>
ST_1 : Operation 41 [1/1] (0.42ns)   --->   "%store_ln382 = store i8 %add_ln382, i8 %i_1" [/home/luka/Scripting/ELEC_498-Capstone-LiteLM/HLS-Verilog/Transformer_logic/src-hls/compute_controller.cpp:382]   --->   Operation 41 'store' 'store_ln382' <Predicate = (!icmp_ln381)> <Delay = 0.42>
ST_1 : Operation 42 [1/1] (0.00ns)   --->   "%br_ln382 = br void %for.body138" [/home/luka/Scripting/ELEC_498-Capstone-LiteLM/HLS-Verilog/Transformer_logic/src-hls/compute_controller.cpp:382]   --->   Operation 42 'br' 'br_ln382' <Predicate = (!icmp_ln381)> <Delay = 0.00>
ST_1 : Operation 105 [1/1] (0.42ns)   --->   "%ret_ln0 = ret"   --->   Operation 105 'ret' 'ret_ln0' <Predicate = (icmp_ln381)> <Delay = 0.42>

State 2 <SV = 1> <Delay = 2.86>
ST_2 : Operation 43 [1/1] (0.00ns)   --->   "%specloopname_ln0 = specloopname void @_ssdm_op_SpecLoopName, void @VITIS_LOOP_381_6_VITIS_LOOP_382_7_str"   --->   Operation 43 'specloopname' 'specloopname_ln0' <Predicate = true> <Delay = 0.00>
ST_2 : Operation 44 [1/1] (0.00ns)   --->   "%speclooptripcount_ln0 = speclooptripcount void @_ssdm_op_SpecLoopTripCount, i64 9216, i64 9216, i64 9216"   --->   Operation 44 'speclooptripcount' 'speclooptripcount_ln0' <Predicate = true> <Delay = 0.00>
ST_2 : Operation 45 [1/1] (0.00ns)   --->   "%p_shl = bitconcatenate i10 @_ssdm_op_BitConcatenate.i10.i6.i4, i6 %select_ln381_1, i4 0" [/home/luka/Scripting/ELEC_498-Capstone-LiteLM/HLS-Verilog/Transformer_logic/src-hls/compute_controller.cpp:381]   --->   Operation 45 'bitconcatenate' 'p_shl' <Predicate = true> <Delay = 0.00>
ST_2 : Operation 46 [1/1] (0.00ns)   --->   "%tmp_2 = bitconcatenate i8 @_ssdm_op_BitConcatenate.i8.i6.i2, i6 %select_ln381_1, i2 0" [/home/luka/Scripting/ELEC_498-Capstone-LiteLM/HLS-Verilog/Transformer_logic/src-hls/compute_controller.cpp:381]   --->   Operation 46 'bitconcatenate' 'tmp_2' <Predicate = true> <Delay = 0.00>
ST_2 : Operation 47 [1/1] (0.00ns)   --->   "%p_shl6 = zext i8 %tmp_2" [/home/luka/Scripting/ELEC_498-Capstone-LiteLM/HLS-Verilog/Transformer_logic/src-hls/compute_controller.cpp:381]   --->   Operation 47 'zext' 'p_shl6' <Predicate = true> <Delay = 0.00>
ST_2 : Operation 48 [1/1] (0.00ns) (grouped into TernaryAdder)   --->   "%p_udiv1782 = sub i10 %p_shl, i10 %p_shl6" [/home/luka/Scripting/ELEC_498-Capstone-LiteLM/HLS-Verilog/Transformer_logic/src-hls/compute_controller.cpp:381]   --->   Operation 48 'sub' 'p_udiv1782' <Predicate = true> <Delay = 0.00> <CoreInst = "TAddSub">   --->   Core 10 'TAddSub' <Latency = 0> <II = 1> <Delay = 0.38> <IPBlock> <Opcode : 'add' 'sub'> <InPorts = 3> <OutPorts = 1> <Sync> <CReg>
ST_2 : Operation 49 [1/1] (0.00ns)   --->   "%specpipeline_ln382 = specpipeline void @_ssdm_op_SpecPipeline, i32 4294967295, i32 0, i32 0, i32 0, void @empty_5" [/home/luka/Scripting/ELEC_498-Capstone-LiteLM/HLS-Verilog/Transformer_logic/src-hls/compute_controller.cpp:382]   --->   Operation 49 'specpipeline' 'specpipeline_ln382' <Predicate = true> <Delay = 0.00>
ST_2 : Operation 50 [1/1] (0.00ns)   --->   "%zext_ln386 = zext i4 %lshr_ln1" [/home/luka/Scripting/ELEC_498-Capstone-LiteLM/HLS-Verilog/Transformer_logic/src-hls/compute_controller.cpp:386]   --->   Operation 50 'zext' 'zext_ln386' <Predicate = true> <Delay = 0.00>
ST_2 : Operation 51 [1/1] (0.96ns) (root node of TernaryAdder)   --->   "%add_ln386 = add i10 %zext_ln386, i10 %p_udiv1782" [/home/luka/Scripting/ELEC_498-Capstone-LiteLM/HLS-Verilog/Transformer_logic/src-hls/compute_controller.cpp:386]   --->   Operation 51 'add' 'add_ln386' <Predicate = true> <Delay = 0.96> <CoreInst = "TAddSub">   --->   Core 10 'TAddSub' <Latency = 0> <II = 1> <Delay = 0.38> <IPBlock> <Opcode : 'add' 'sub'> <InPorts = 3> <OutPorts = 1> <Sync> <CReg>
ST_2 : Operation 52 [1/1] (0.00ns)   --->   "%zext_ln386_1 = zext i10 %add_ln386" [/home/luka/Scripting/ELEC_498-Capstone-LiteLM/HLS-Verilog/Transformer_logic/src-hls/compute_controller.cpp:386]   --->   Operation 52 'zext' 'zext_ln386_1' <Predicate = true> <Delay = 0.00>
ST_2 : Operation 53 [1/2] ( I:1.23ns O:1.23ns )   --->   "%byte_val = load i13 %in_buf_addr" [/home/luka/Scripting/ELEC_498-Capstone-LiteLM/HLS-Verilog/Transformer_logic/src-hls/../../top_params.hpp:578->/home/luka/Scripting/ELEC_498-Capstone-LiteLM/HLS-Verilog/Transformer_logic/src-hls/compute_controller.cpp:386]   --->   Operation 53 'load' 'byte_val' <Predicate = true> <Delay = 1.23> <CoreInst = "RAM">   --->   Core 82 'RAM' <Latency = 1> <II = 1> <Delay = 1.23> <Storage> <Opcode : 'load' 'store'> <Ports = 2> <Width = 8> <Depth = 4920> <RAM>
ST_2 : Operation 54 [1/1] (0.00ns)   --->   "%tmp = partselect i4 @_ssdm_op_PartSelect.i4.i8.i32.i32, i8 %byte_val, i32 4, i32 7" [/home/luka/Scripting/ELEC_498-Capstone-LiteLM/HLS-Verilog/Transformer_logic/src-hls/../../top_params.hpp:579->/home/luka/Scripting/ELEC_498-Capstone-LiteLM/HLS-Verilog/Transformer_logic/src-hls/compute_controller.cpp:386]   --->   Operation 54 'partselect' 'tmp' <Predicate = (trunc_ln576)> <Delay = 0.00>
ST_2 : Operation 55 [1/1] (0.00ns)   --->   "%trunc_ln579 = trunc i8 %byte_val" [/home/luka/Scripting/ELEC_498-Capstone-LiteLM/HLS-Verilog/Transformer_logic/src-hls/../../top_params.hpp:579->/home/luka/Scripting/ELEC_498-Capstone-LiteLM/HLS-Verilog/Transformer_logic/src-hls/compute_controller.cpp:386]   --->   Operation 55 'trunc' 'trunc_ln579' <Predicate = (!trunc_ln576)> <Delay = 0.00>
ST_2 : Operation 56 [1/1] (0.39ns)   --->   "%nibble = select i1 %trunc_ln576, i4 %tmp, i4 %trunc_ln579" [/home/luka/Scripting/ELEC_498-Capstone-LiteLM/HLS-Verilog/Transformer_logic/src-hls/../../top_params.hpp:579->/home/luka/Scripting/ELEC_498-Capstone-LiteLM/HLS-Verilog/Transformer_logic/src-hls/compute_controller.cpp:386]   --->   Operation 56 'select' 'nibble' <Predicate = true> <Delay = 0.39> <CoreInst = "Sel">   --->   Core 73 'Sel' <Latency = 0> <II = 1> <Delay = 0.39> <FuncUnit> <Opcode : 'select'> <InPorts = 3> <OutPorts = 1>
ST_2 : Operation 57 [1/1] (0.00ns)   --->   "%compute_controller_bool_bool_unsigned_int_bool_bool_bool_bool_bool_u_550 = getelementptr i4 %compute_controller_bool_bool_unsigned_int_bool_bool_bool_bool_bool_u_29, i64 0, i64 %zext_ln386_1" [/home/luka/Scripting/ELEC_498-Capstone-LiteLM/HLS-Verilog/Transformer_logic/src-hls/compute_controller.cpp:386]   --->   Operation 57 'getelementptr' 'compute_controller_bool_bool_unsigned_int_bool_bool_bool_bool_bool_u_550' <Predicate = true> <Delay = 0.00>
ST_2 : Operation 58 [1/1] (0.00ns)   --->   "%compute_controller_bool_bool_unsigned_int_bool_bool_bool_bool_bool_u_551 = getelementptr i4 %compute_controller_bool_bool_unsigned_int_bool_bool_bool_bool_bool_u_28, i64 0, i64 %zext_ln386_1" [/home/luka/Scripting/ELEC_498-Capstone-LiteLM/HLS-Verilog/Transformer_logic/src-hls/compute_controller.cpp:386]   --->   Operation 58 'getelementptr' 'compute_controller_bool_bool_unsigned_int_bool_bool_bool_bool_bool_u_551' <Predicate = true> <Delay = 0.00>
ST_2 : Operation 59 [1/1] (0.00ns)   --->   "%compute_controller_bool_bool_unsigned_int_bool_bool_bool_bool_bool_u_552 = getelementptr i4 %compute_controller_bool_bool_unsigned_int_bool_bool_bool_bool_bool_u_27, i64 0, i64 %zext_ln386_1" [/home/luka/Scripting/ELEC_498-Capstone-LiteLM/HLS-Verilog/Transformer_logic/src-hls/compute_controller.cpp:386]   --->   Operation 59 'getelementptr' 'compute_controller_bool_bool_unsigned_int_bool_bool_bool_bool_bool_u_552' <Predicate = true> <Delay = 0.00>
ST_2 : Operation 60 [1/1] (0.00ns)   --->   "%compute_controller_bool_bool_unsigned_int_bool_bool_bool_bool_bool_u_553 = getelementptr i4 %compute_controller_bool_bool_unsigned_int_bool_bool_bool_bool_bool_u_26, i64 0, i64 %zext_ln386_1" [/home/luka/Scripting/ELEC_498-Capstone-LiteLM/HLS-Verilog/Transformer_logic/src-hls/compute_controller.cpp:386]   --->   Operation 60 'getelementptr' 'compute_controller_bool_bool_unsigned_int_bool_bool_bool_bool_bool_u_553' <Predicate = true> <Delay = 0.00>
ST_2 : Operation 61 [1/1] (0.00ns)   --->   "%compute_controller_bool_bool_unsigned_int_bool_bool_bool_bool_bool_u_554 = getelementptr i4 %compute_controller_bool_bool_unsigned_int_bool_bool_bool_bool_bool_u_25, i64 0, i64 %zext_ln386_1" [/home/luka/Scripting/ELEC_498-Capstone-LiteLM/HLS-Verilog/Transformer_logic/src-hls/compute_controller.cpp:386]   --->   Operation 61 'getelementptr' 'compute_controller_bool_bool_unsigned_int_bool_bool_bool_bool_bool_u_554' <Predicate = true> <Delay = 0.00>
ST_2 : Operation 62 [1/1] (0.00ns)   --->   "%compute_controller_bool_bool_unsigned_int_bool_bool_bool_bool_bool_u_555 = getelementptr i4 %compute_controller_bool_bool_unsigned_int_bool_bool_bool_bool_bool_u_24, i64 0, i64 %zext_ln386_1" [/home/luka/Scripting/ELEC_498-Capstone-LiteLM/HLS-Verilog/Transformer_logic/src-hls/compute_controller.cpp:386]   --->   Operation 62 'getelementptr' 'compute_controller_bool_bool_unsigned_int_bool_bool_bool_bool_bool_u_555' <Predicate = true> <Delay = 0.00>
ST_2 : Operation 63 [1/1] (0.00ns)   --->   "%compute_controller_bool_bool_unsigned_int_bool_bool_bool_bool_bool_u_556 = getelementptr i4 %compute_controller_bool_bool_unsigned_int_bool_bool_bool_bool_bool_u_23, i64 0, i64 %zext_ln386_1" [/home/luka/Scripting/ELEC_498-Capstone-LiteLM/HLS-Verilog/Transformer_logic/src-hls/compute_controller.cpp:386]   --->   Operation 63 'getelementptr' 'compute_controller_bool_bool_unsigned_int_bool_bool_bool_bool_bool_u_556' <Predicate = true> <Delay = 0.00>
ST_2 : Operation 64 [1/1] (0.00ns)   --->   "%compute_controller_bool_bool_unsigned_int_bool_bool_bool_bool_bool_u_557 = getelementptr i4 %compute_controller_bool_bool_unsigned_int_bool_bool_bool_bool_bool_u_22, i64 0, i64 %zext_ln386_1" [/home/luka/Scripting/ELEC_498-Capstone-LiteLM/HLS-Verilog/Transformer_logic/src-hls/compute_controller.cpp:386]   --->   Operation 64 'getelementptr' 'compute_controller_bool_bool_unsigned_int_bool_bool_bool_bool_bool_u_557' <Predicate = true> <Delay = 0.00>
ST_2 : Operation 65 [1/1] (0.00ns)   --->   "%compute_controller_bool_bool_unsigned_int_bool_bool_bool_bool_bool_u_558 = getelementptr i4 %compute_controller_bool_bool_unsigned_int_bool_bool_bool_bool_bool_u_21, i64 0, i64 %zext_ln386_1" [/home/luka/Scripting/ELEC_498-Capstone-LiteLM/HLS-Verilog/Transformer_logic/src-hls/compute_controller.cpp:386]   --->   Operation 65 'getelementptr' 'compute_controller_bool_bool_unsigned_int_bool_bool_bool_bool_bool_u_558' <Predicate = true> <Delay = 0.00>
ST_2 : Operation 66 [1/1] (0.00ns)   --->   "%compute_controller_bool_bool_unsigned_int_bool_bool_bool_bool_bool_u_559 = getelementptr i4 %compute_controller_bool_bool_unsigned_int_bool_bool_bool_bool_bool_u_20, i64 0, i64 %zext_ln386_1" [/home/luka/Scripting/ELEC_498-Capstone-LiteLM/HLS-Verilog/Transformer_logic/src-hls/compute_controller.cpp:386]   --->   Operation 66 'getelementptr' 'compute_controller_bool_bool_unsigned_int_bool_bool_bool_bool_bool_u_559' <Predicate = true> <Delay = 0.00>
ST_2 : Operation 67 [1/1] (0.00ns)   --->   "%p_ZZ18compute_controllerbbjRbS_bS_S_RjPKhPhR12ComputeStateS0_RhS6_S6_S6_S_S_S_S_E_330 = getelementptr i4 %p_ZZ18compute_controllerbbjRbS_bS_S_RjPKhPhR12ComputeStateS0_RhS6_S6_S6_S_S_S_S_E_11, i64 0, i64 %zext_ln386_1" [/home/luka/Scripting/ELEC_498-Capstone-LiteLM/HLS-Verilog/Transformer_logic/src-hls/compute_controller.cpp:386]   --->   Operation 67 'getelementptr' 'p_ZZ18compute_controllerbbjRbS_bS_S_RjPKhPhR12ComputeStateS0_RhS6_S6_S6_S_S_S_S_E_330' <Predicate = true> <Delay = 0.00>
ST_2 : Operation 68 [1/1] (0.00ns)   --->   "%p_ZZ18compute_controllerbbjRbS_bS_S_RjPKhPhR12ComputeStateS0_RhS6_S6_S6_S_S_S_S_E_331 = getelementptr i4 %p_ZZ18compute_controllerbbjRbS_bS_S_RjPKhPhR12ComputeStateS0_RhS6_S6_S6_S_S_S_S_E_10, i64 0, i64 %zext_ln386_1" [/home/luka/Scripting/ELEC_498-Capstone-LiteLM/HLS-Verilog/Transformer_logic/src-hls/compute_controller.cpp:386]   --->   Operation 68 'getelementptr' 'p_ZZ18compute_controllerbbjRbS_bS_S_RjPKhPhR12ComputeStateS0_RhS6_S6_S6_S_S_S_S_E_331' <Predicate = true> <Delay = 0.00>
ST_2 : Operation 69 [1/1] (0.00ns)   --->   "%p_ZZ18compute_controllerbbjRbS_bS_S_RjPKhPhR12ComputeStateS0_RhS6_S6_S6_S_S_S_S_E_332 = getelementptr i4 %p_ZZ18compute_controllerbbjRbS_bS_S_RjPKhPhR12ComputeStateS0_RhS6_S6_S6_S_S_S_S_E_9, i64 0, i64 %zext_ln386_1" [/home/luka/Scripting/ELEC_498-Capstone-LiteLM/HLS-Verilog/Transformer_logic/src-hls/compute_controller.cpp:386]   --->   Operation 69 'getelementptr' 'p_ZZ18compute_controllerbbjRbS_bS_S_RjPKhPhR12ComputeStateS0_RhS6_S6_S6_S_S_S_S_E_332' <Predicate = true> <Delay = 0.00>
ST_2 : Operation 70 [1/1] (0.00ns)   --->   "%p_ZZ18compute_controllerbbjRbS_bS_S_RjPKhPhR12ComputeStateS0_RhS6_S6_S6_S_S_S_S_E_333 = getelementptr i4 %p_ZZ18compute_controllerbbjRbS_bS_S_RjPKhPhR12ComputeStateS0_RhS6_S6_S6_S_S_S_S_E_8, i64 0, i64 %zext_ln386_1" [/home/luka/Scripting/ELEC_498-Capstone-LiteLM/HLS-Verilog/Transformer_logic/src-hls/compute_controller.cpp:386]   --->   Operation 70 'getelementptr' 'p_ZZ18compute_controllerbbjRbS_bS_S_RjPKhPhR12ComputeStateS0_RhS6_S6_S6_S_S_S_S_E_333' <Predicate = true> <Delay = 0.00>
ST_2 : Operation 71 [1/1] (0.00ns)   --->   "%p_ZZ18compute_controllerbbjRbS_bS_S_RjPKhPhR12ComputeStateS0_RhS6_S6_S6_S_S_S_S_E_334 = getelementptr i4 %p_ZZ18compute_controllerbbjRbS_bS_S_RjPKhPhR12ComputeStateS0_RhS6_S6_S6_S_S_S_S_E_7, i64 0, i64 %zext_ln386_1" [/home/luka/Scripting/ELEC_498-Capstone-LiteLM/HLS-Verilog/Transformer_logic/src-hls/compute_controller.cpp:386]   --->   Operation 71 'getelementptr' 'p_ZZ18compute_controllerbbjRbS_bS_S_RjPKhPhR12ComputeStateS0_RhS6_S6_S6_S_S_S_S_E_334' <Predicate = true> <Delay = 0.00>
ST_2 : Operation 72 [1/1] (0.00ns)   --->   "%p_ZZ18compute_controllerbbjRbS_bS_S_RjPKhPhR12ComputeStateS0_RhS6_S6_S6_S_S_S_S_E_335 = getelementptr i4 %p_ZZ18compute_controllerbbjRbS_bS_S_RjPKhPhR12ComputeStateS0_RhS6_S6_S6_S_S_S_S_E_6, i64 0, i64 %zext_ln386_1" [/home/luka/Scripting/ELEC_498-Capstone-LiteLM/HLS-Verilog/Transformer_logic/src-hls/compute_controller.cpp:386]   --->   Operation 72 'getelementptr' 'p_ZZ18compute_controllerbbjRbS_bS_S_RjPKhPhR12ComputeStateS0_RhS6_S6_S6_S_S_S_S_E_335' <Predicate = true> <Delay = 0.00>
ST_2 : Operation 73 [1/1] ( I:1.23ns O:1.23ns )   --->   "%store_ln386 = store i4 %nibble, i10 %p_ZZ18compute_controllerbbjRbS_bS_S_RjPKhPhR12ComputeStateS0_RhS6_S6_S6_S_S_S_S_E_334" [/home/luka/Scripting/ELEC_498-Capstone-LiteLM/HLS-Verilog/Transformer_logic/src-hls/compute_controller.cpp:386]   --->   Operation 73 'store' 'store_ln386' <Predicate = (trunc_ln382 == 14)> <Delay = 1.23> <CoreInst = "RAM">   --->   Core 82 'RAM' <Latency = 1> <II = 1> <Delay = 1.23> <Storage> <Opcode : 'load' 'store'> <Ports = 2> <Width = 4> <Depth = 576> <RAM>
ST_2 : Operation 74 [1/1] (0.00ns)   --->   "%br_ln386 = br void %arrayidx149.exit" [/home/luka/Scripting/ELEC_498-Capstone-LiteLM/HLS-Verilog/Transformer_logic/src-hls/compute_controller.cpp:386]   --->   Operation 74 'br' 'br_ln386' <Predicate = (trunc_ln382 == 14)> <Delay = 0.00>
ST_2 : Operation 75 [1/1] ( I:1.23ns O:1.23ns )   --->   "%store_ln386 = store i4 %nibble, i10 %p_ZZ18compute_controllerbbjRbS_bS_S_RjPKhPhR12ComputeStateS0_RhS6_S6_S6_S_S_S_S_E_333" [/home/luka/Scripting/ELEC_498-Capstone-LiteLM/HLS-Verilog/Transformer_logic/src-hls/compute_controller.cpp:386]   --->   Operation 75 'store' 'store_ln386' <Predicate = (trunc_ln382 == 13)> <Delay = 1.23> <CoreInst = "RAM">   --->   Core 82 'RAM' <Latency = 1> <II = 1> <Delay = 1.23> <Storage> <Opcode : 'load' 'store'> <Ports = 2> <Width = 4> <Depth = 576> <RAM>
ST_2 : Operation 76 [1/1] (0.00ns)   --->   "%br_ln386 = br void %arrayidx149.exit" [/home/luka/Scripting/ELEC_498-Capstone-LiteLM/HLS-Verilog/Transformer_logic/src-hls/compute_controller.cpp:386]   --->   Operation 76 'br' 'br_ln386' <Predicate = (trunc_ln382 == 13)> <Delay = 0.00>
ST_2 : Operation 77 [1/1] ( I:1.23ns O:1.23ns )   --->   "%store_ln386 = store i4 %nibble, i10 %p_ZZ18compute_controllerbbjRbS_bS_S_RjPKhPhR12ComputeStateS0_RhS6_S6_S6_S_S_S_S_E_332" [/home/luka/Scripting/ELEC_498-Capstone-LiteLM/HLS-Verilog/Transformer_logic/src-hls/compute_controller.cpp:386]   --->   Operation 77 'store' 'store_ln386' <Predicate = (trunc_ln382 == 12)> <Delay = 1.23> <CoreInst = "RAM">   --->   Core 82 'RAM' <Latency = 1> <II = 1> <Delay = 1.23> <Storage> <Opcode : 'load' 'store'> <Ports = 2> <Width = 4> <Depth = 576> <RAM>
ST_2 : Operation 78 [1/1] (0.00ns)   --->   "%br_ln386 = br void %arrayidx149.exit" [/home/luka/Scripting/ELEC_498-Capstone-LiteLM/HLS-Verilog/Transformer_logic/src-hls/compute_controller.cpp:386]   --->   Operation 78 'br' 'br_ln386' <Predicate = (trunc_ln382 == 12)> <Delay = 0.00>
ST_2 : Operation 79 [1/1] ( I:1.23ns O:1.23ns )   --->   "%store_ln386 = store i4 %nibble, i10 %p_ZZ18compute_controllerbbjRbS_bS_S_RjPKhPhR12ComputeStateS0_RhS6_S6_S6_S_S_S_S_E_331" [/home/luka/Scripting/ELEC_498-Capstone-LiteLM/HLS-Verilog/Transformer_logic/src-hls/compute_controller.cpp:386]   --->   Operation 79 'store' 'store_ln386' <Predicate = (trunc_ln382 == 11)> <Delay = 1.23> <CoreInst = "RAM">   --->   Core 82 'RAM' <Latency = 1> <II = 1> <Delay = 1.23> <Storage> <Opcode : 'load' 'store'> <Ports = 2> <Width = 4> <Depth = 576> <RAM>
ST_2 : Operation 80 [1/1] (0.00ns)   --->   "%br_ln386 = br void %arrayidx149.exit" [/home/luka/Scripting/ELEC_498-Capstone-LiteLM/HLS-Verilog/Transformer_logic/src-hls/compute_controller.cpp:386]   --->   Operation 80 'br' 'br_ln386' <Predicate = (trunc_ln382 == 11)> <Delay = 0.00>
ST_2 : Operation 81 [1/1] ( I:1.23ns O:1.23ns )   --->   "%store_ln386 = store i4 %nibble, i10 %p_ZZ18compute_controllerbbjRbS_bS_S_RjPKhPhR12ComputeStateS0_RhS6_S6_S6_S_S_S_S_E_330" [/home/luka/Scripting/ELEC_498-Capstone-LiteLM/HLS-Verilog/Transformer_logic/src-hls/compute_controller.cpp:386]   --->   Operation 81 'store' 'store_ln386' <Predicate = (trunc_ln382 == 10)> <Delay = 1.23> <CoreInst = "RAM">   --->   Core 82 'RAM' <Latency = 1> <II = 1> <Delay = 1.23> <Storage> <Opcode : 'load' 'store'> <Ports = 2> <Width = 4> <Depth = 576> <RAM>
ST_2 : Operation 82 [1/1] (0.00ns)   --->   "%br_ln386 = br void %arrayidx149.exit" [/home/luka/Scripting/ELEC_498-Capstone-LiteLM/HLS-Verilog/Transformer_logic/src-hls/compute_controller.cpp:386]   --->   Operation 82 'br' 'br_ln386' <Predicate = (trunc_ln382 == 10)> <Delay = 0.00>
ST_2 : Operation 83 [1/1] ( I:1.23ns O:1.23ns )   --->   "%store_ln386 = store i4 %nibble, i10 %compute_controller_bool_bool_unsigned_int_bool_bool_bool_bool_bool_u_559" [/home/luka/Scripting/ELEC_498-Capstone-LiteLM/HLS-Verilog/Transformer_logic/src-hls/compute_controller.cpp:386]   --->   Operation 83 'store' 'store_ln386' <Predicate = (trunc_ln382 == 9)> <Delay = 1.23> <CoreInst = "RAM">   --->   Core 82 'RAM' <Latency = 1> <II = 1> <Delay = 1.23> <Storage> <Opcode : 'load' 'store'> <Ports = 2> <Width = 4> <Depth = 576> <RAM>
ST_2 : Operation 84 [1/1] (0.00ns)   --->   "%br_ln386 = br void %arrayidx149.exit" [/home/luka/Scripting/ELEC_498-Capstone-LiteLM/HLS-Verilog/Transformer_logic/src-hls/compute_controller.cpp:386]   --->   Operation 84 'br' 'br_ln386' <Predicate = (trunc_ln382 == 9)> <Delay = 0.00>
ST_2 : Operation 85 [1/1] ( I:1.23ns O:1.23ns )   --->   "%store_ln386 = store i4 %nibble, i10 %compute_controller_bool_bool_unsigned_int_bool_bool_bool_bool_bool_u_558" [/home/luka/Scripting/ELEC_498-Capstone-LiteLM/HLS-Verilog/Transformer_logic/src-hls/compute_controller.cpp:386]   --->   Operation 85 'store' 'store_ln386' <Predicate = (trunc_ln382 == 8)> <Delay = 1.23> <CoreInst = "RAM">   --->   Core 82 'RAM' <Latency = 1> <II = 1> <Delay = 1.23> <Storage> <Opcode : 'load' 'store'> <Ports = 2> <Width = 4> <Depth = 576> <RAM>
ST_2 : Operation 86 [1/1] (0.00ns)   --->   "%br_ln386 = br void %arrayidx149.exit" [/home/luka/Scripting/ELEC_498-Capstone-LiteLM/HLS-Verilog/Transformer_logic/src-hls/compute_controller.cpp:386]   --->   Operation 86 'br' 'br_ln386' <Predicate = (trunc_ln382 == 8)> <Delay = 0.00>
ST_2 : Operation 87 [1/1] ( I:1.23ns O:1.23ns )   --->   "%store_ln386 = store i4 %nibble, i10 %compute_controller_bool_bool_unsigned_int_bool_bool_bool_bool_bool_u_557" [/home/luka/Scripting/ELEC_498-Capstone-LiteLM/HLS-Verilog/Transformer_logic/src-hls/compute_controller.cpp:386]   --->   Operation 87 'store' 'store_ln386' <Predicate = (trunc_ln382 == 7)> <Delay = 1.23> <CoreInst = "RAM">   --->   Core 82 'RAM' <Latency = 1> <II = 1> <Delay = 1.23> <Storage> <Opcode : 'load' 'store'> <Ports = 2> <Width = 4> <Depth = 576> <RAM>
ST_2 : Operation 88 [1/1] (0.00ns)   --->   "%br_ln386 = br void %arrayidx149.exit" [/home/luka/Scripting/ELEC_498-Capstone-LiteLM/HLS-Verilog/Transformer_logic/src-hls/compute_controller.cpp:386]   --->   Operation 88 'br' 'br_ln386' <Predicate = (trunc_ln382 == 7)> <Delay = 0.00>
ST_2 : Operation 89 [1/1] ( I:1.23ns O:1.23ns )   --->   "%store_ln386 = store i4 %nibble, i10 %compute_controller_bool_bool_unsigned_int_bool_bool_bool_bool_bool_u_556" [/home/luka/Scripting/ELEC_498-Capstone-LiteLM/HLS-Verilog/Transformer_logic/src-hls/compute_controller.cpp:386]   --->   Operation 89 'store' 'store_ln386' <Predicate = (trunc_ln382 == 6)> <Delay = 1.23> <CoreInst = "RAM">   --->   Core 82 'RAM' <Latency = 1> <II = 1> <Delay = 1.23> <Storage> <Opcode : 'load' 'store'> <Ports = 2> <Width = 4> <Depth = 576> <RAM>
ST_2 : Operation 90 [1/1] (0.00ns)   --->   "%br_ln386 = br void %arrayidx149.exit" [/home/luka/Scripting/ELEC_498-Capstone-LiteLM/HLS-Verilog/Transformer_logic/src-hls/compute_controller.cpp:386]   --->   Operation 90 'br' 'br_ln386' <Predicate = (trunc_ln382 == 6)> <Delay = 0.00>
ST_2 : Operation 91 [1/1] ( I:1.23ns O:1.23ns )   --->   "%store_ln386 = store i4 %nibble, i10 %compute_controller_bool_bool_unsigned_int_bool_bool_bool_bool_bool_u_555" [/home/luka/Scripting/ELEC_498-Capstone-LiteLM/HLS-Verilog/Transformer_logic/src-hls/compute_controller.cpp:386]   --->   Operation 91 'store' 'store_ln386' <Predicate = (trunc_ln382 == 5)> <Delay = 1.23> <CoreInst = "RAM">   --->   Core 82 'RAM' <Latency = 1> <II = 1> <Delay = 1.23> <Storage> <Opcode : 'load' 'store'> <Ports = 2> <Width = 4> <Depth = 576> <RAM>
ST_2 : Operation 92 [1/1] (0.00ns)   --->   "%br_ln386 = br void %arrayidx149.exit" [/home/luka/Scripting/ELEC_498-Capstone-LiteLM/HLS-Verilog/Transformer_logic/src-hls/compute_controller.cpp:386]   --->   Operation 92 'br' 'br_ln386' <Predicate = (trunc_ln382 == 5)> <Delay = 0.00>
ST_2 : Operation 93 [1/1] ( I:1.23ns O:1.23ns )   --->   "%store_ln386 = store i4 %nibble, i10 %compute_controller_bool_bool_unsigned_int_bool_bool_bool_bool_bool_u_554" [/home/luka/Scripting/ELEC_498-Capstone-LiteLM/HLS-Verilog/Transformer_logic/src-hls/compute_controller.cpp:386]   --->   Operation 93 'store' 'store_ln386' <Predicate = (trunc_ln382 == 4)> <Delay = 1.23> <CoreInst = "RAM">   --->   Core 82 'RAM' <Latency = 1> <II = 1> <Delay = 1.23> <Storage> <Opcode : 'load' 'store'> <Ports = 2> <Width = 4> <Depth = 576> <RAM>
ST_2 : Operation 94 [1/1] (0.00ns)   --->   "%br_ln386 = br void %arrayidx149.exit" [/home/luka/Scripting/ELEC_498-Capstone-LiteLM/HLS-Verilog/Transformer_logic/src-hls/compute_controller.cpp:386]   --->   Operation 94 'br' 'br_ln386' <Predicate = (trunc_ln382 == 4)> <Delay = 0.00>
ST_2 : Operation 95 [1/1] ( I:1.23ns O:1.23ns )   --->   "%store_ln386 = store i4 %nibble, i10 %compute_controller_bool_bool_unsigned_int_bool_bool_bool_bool_bool_u_553" [/home/luka/Scripting/ELEC_498-Capstone-LiteLM/HLS-Verilog/Transformer_logic/src-hls/compute_controller.cpp:386]   --->   Operation 95 'store' 'store_ln386' <Predicate = (trunc_ln382 == 3)> <Delay = 1.23> <CoreInst = "RAM">   --->   Core 82 'RAM' <Latency = 1> <II = 1> <Delay = 1.23> <Storage> <Opcode : 'load' 'store'> <Ports = 2> <Width = 4> <Depth = 576> <RAM>
ST_2 : Operation 96 [1/1] (0.00ns)   --->   "%br_ln386 = br void %arrayidx149.exit" [/home/luka/Scripting/ELEC_498-Capstone-LiteLM/HLS-Verilog/Transformer_logic/src-hls/compute_controller.cpp:386]   --->   Operation 96 'br' 'br_ln386' <Predicate = (trunc_ln382 == 3)> <Delay = 0.00>
ST_2 : Operation 97 [1/1] ( I:1.23ns O:1.23ns )   --->   "%store_ln386 = store i4 %nibble, i10 %compute_controller_bool_bool_unsigned_int_bool_bool_bool_bool_bool_u_552" [/home/luka/Scripting/ELEC_498-Capstone-LiteLM/HLS-Verilog/Transformer_logic/src-hls/compute_controller.cpp:386]   --->   Operation 97 'store' 'store_ln386' <Predicate = (trunc_ln382 == 2)> <Delay = 1.23> <CoreInst = "RAM">   --->   Core 82 'RAM' <Latency = 1> <II = 1> <Delay = 1.23> <Storage> <Opcode : 'load' 'store'> <Ports = 2> <Width = 4> <Depth = 576> <RAM>
ST_2 : Operation 98 [1/1] (0.00ns)   --->   "%br_ln386 = br void %arrayidx149.exit" [/home/luka/Scripting/ELEC_498-Capstone-LiteLM/HLS-Verilog/Transformer_logic/src-hls/compute_controller.cpp:386]   --->   Operation 98 'br' 'br_ln386' <Predicate = (trunc_ln382 == 2)> <Delay = 0.00>
ST_2 : Operation 99 [1/1] ( I:1.23ns O:1.23ns )   --->   "%store_ln386 = store i4 %nibble, i10 %compute_controller_bool_bool_unsigned_int_bool_bool_bool_bool_bool_u_551" [/home/luka/Scripting/ELEC_498-Capstone-LiteLM/HLS-Verilog/Transformer_logic/src-hls/compute_controller.cpp:386]   --->   Operation 99 'store' 'store_ln386' <Predicate = (trunc_ln382 == 1)> <Delay = 1.23> <CoreInst = "RAM">   --->   Core 82 'RAM' <Latency = 1> <II = 1> <Delay = 1.23> <Storage> <Opcode : 'load' 'store'> <Ports = 2> <Width = 4> <Depth = 576> <RAM>
ST_2 : Operation 100 [1/1] (0.00ns)   --->   "%br_ln386 = br void %arrayidx149.exit" [/home/luka/Scripting/ELEC_498-Capstone-LiteLM/HLS-Verilog/Transformer_logic/src-hls/compute_controller.cpp:386]   --->   Operation 100 'br' 'br_ln386' <Predicate = (trunc_ln382 == 1)> <Delay = 0.00>
ST_2 : Operation 101 [1/1] ( I:1.23ns O:1.23ns )   --->   "%store_ln386 = store i4 %nibble, i10 %compute_controller_bool_bool_unsigned_int_bool_bool_bool_bool_bool_u_550" [/home/luka/Scripting/ELEC_498-Capstone-LiteLM/HLS-Verilog/Transformer_logic/src-hls/compute_controller.cpp:386]   --->   Operation 101 'store' 'store_ln386' <Predicate = (trunc_ln382 == 0)> <Delay = 1.23> <CoreInst = "RAM">   --->   Core 82 'RAM' <Latency = 1> <II = 1> <Delay = 1.23> <Storage> <Opcode : 'load' 'store'> <Ports = 2> <Width = 4> <Depth = 576> <RAM>
ST_2 : Operation 102 [1/1] (0.00ns)   --->   "%br_ln386 = br void %arrayidx149.exit" [/home/luka/Scripting/ELEC_498-Capstone-LiteLM/HLS-Verilog/Transformer_logic/src-hls/compute_controller.cpp:386]   --->   Operation 102 'br' 'br_ln386' <Predicate = (trunc_ln382 == 0)> <Delay = 0.00>
ST_2 : Operation 103 [1/1] ( I:1.23ns O:1.23ns )   --->   "%store_ln386 = store i4 %nibble, i10 %p_ZZ18compute_controllerbbjRbS_bS_S_RjPKhPhR12ComputeStateS0_RhS6_S6_S6_S_S_S_S_E_335" [/home/luka/Scripting/ELEC_498-Capstone-LiteLM/HLS-Verilog/Transformer_logic/src-hls/compute_controller.cpp:386]   --->   Operation 103 'store' 'store_ln386' <Predicate = (trunc_ln382 == 15)> <Delay = 1.23> <CoreInst = "RAM">   --->   Core 82 'RAM' <Latency = 1> <II = 1> <Delay = 1.23> <Storage> <Opcode : 'load' 'store'> <Ports = 2> <Width = 4> <Depth = 576> <RAM>
ST_2 : Operation 104 [1/1] (0.00ns)   --->   "%br_ln386 = br void %arrayidx149.exit" [/home/luka/Scripting/ELEC_498-Capstone-LiteLM/HLS-Verilog/Transformer_logic/src-hls/compute_controller.cpp:386]   --->   Operation 104 'br' 'br_ln386' <Predicate = (trunc_ln382 == 15)> <Delay = 0.00>


============================================================
+ Verbose Summary: Timing violations
============================================================
Target clock period: 10.000ns, clock uncertainty: 2.700ns.

 <State 1>: 4.438ns
The critical path consists of the following:
	'store' operation 0 bit ('store_ln381', /home/luka/Scripting/ELEC_498-Capstone-LiteLM/HLS-Verilog/Transformer_logic/src-hls/compute_controller.cpp:381) of constant 0 on local variable 'out_idx', /home/luka/Scripting/ELEC_498-Capstone-LiteLM/HLS-Verilog/Transformer_logic/src-hls/compute_controller.cpp:381 [23]  (0.427 ns)
	'load' operation 6 bit ('out_idx_load', /home/luka/Scripting/ELEC_498-Capstone-LiteLM/HLS-Verilog/Transformer_logic/src-hls/compute_controller.cpp:381) on local variable 'out_idx', /home/luka/Scripting/ELEC_498-Capstone-LiteLM/HLS-Verilog/Transformer_logic/src-hls/compute_controller.cpp:381 [33]  (0.000 ns)
	'add' operation 6 bit ('add_ln381_1', /home/luka/Scripting/ELEC_498-Capstone-LiteLM/HLS-Verilog/Transformer_logic/src-hls/compute_controller.cpp:381) [38]  (0.781 ns)
	'select' operation 6 bit ('select_ln381_1', /home/luka/Scripting/ELEC_498-Capstone-LiteLM/HLS-Verilog/Transformer_logic/src-hls/compute_controller.cpp:381) [39]  (0.384 ns)
	'sub' operation 14 bit ('empty', /home/luka/Scripting/ELEC_498-Capstone-LiteLM/HLS-Verilog/Transformer_logic/src-hls/compute_controller.cpp:381) [43]  (0.831 ns)
	'add' operation 14 bit ('add_ln385', /home/luka/Scripting/ELEC_498-Capstone-LiteLM/HLS-Verilog/Transformer_logic/src-hls/compute_controller.cpp:385) [51]  (0.000 ns)
	'add' operation 14 bit ('nibble_idx', /home/luka/Scripting/ELEC_498-Capstone-LiteLM/HLS-Verilog/Transformer_logic/src-hls/compute_controller.cpp:386) [56]  (0.778 ns)
	'getelementptr' operation 13 bit ('in_buf_addr', /home/luka/Scripting/ELEC_498-Capstone-LiteLM/HLS-Verilog/Transformer_logic/src-hls/../../top_params.hpp:578->/home/luka/Scripting/ELEC_498-Capstone-LiteLM/HLS-Verilog/Transformer_logic/src-hls/compute_controller.cpp:386) [60]  (0.000 ns)
	'load' operation 8 bit ('byte_val', /home/luka/Scripting/ELEC_498-Capstone-LiteLM/HLS-Verilog/Transformer_logic/src-hls/../../top_params.hpp:578->/home/luka/Scripting/ELEC_498-Capstone-LiteLM/HLS-Verilog/Transformer_logic/src-hls/compute_controller.cpp:386) on array 'in_buf' [61]  (1.237 ns)

 <State 2>: 2.865ns
The critical path consists of the following:
	'load' operation 8 bit ('byte_val', /home/luka/Scripting/ELEC_498-Capstone-LiteLM/HLS-Verilog/Transformer_logic/src-hls/../../top_params.hpp:578->/home/luka/Scripting/ELEC_498-Capstone-LiteLM/HLS-Verilog/Transformer_logic/src-hls/compute_controller.cpp:386) on array 'in_buf' [61]  (1.237 ns)
	'select' operation 4 bit ('nibble', /home/luka/Scripting/ELEC_498-Capstone-LiteLM/HLS-Verilog/Transformer_logic/src-hls/../../top_params.hpp:579->/home/luka/Scripting/ELEC_498-Capstone-LiteLM/HLS-Verilog/Transformer_logic/src-hls/compute_controller.cpp:386) [64]  (0.391 ns)
	'store' operation 0 bit ('store_ln386', /home/luka/Scripting/ELEC_498-Capstone-LiteLM/HLS-Verilog/Transformer_logic/src-hls/compute_controller.cpp:386) of variable 'nibble', /home/luka/Scripting/ELEC_498-Capstone-LiteLM/HLS-Verilog/Transformer_logic/src-hls/../../top_params.hpp:579->/home/luka/Scripting/ELEC_498-Capstone-LiteLM/HLS-Verilog/Transformer_logic/src-hls/compute_controller.cpp:386 on array 'p_ZZ18compute_controllerbbjRbS_bS_S_RjPKhPhR12ComputeStateS0_RhS6_S6_S6_S_S_S_S_E_7' [83]  (1.237 ns)


============================================================
+ Verbose Summary: Binding
============================================================
N/A
* FSMD analyzer results:
  - Output states:
 - Input state : 
  - Chain level:
	State 1
	State 2


============================================================
+ Verbose Summary: Datapath Resource usage 
============================================================
N/A
