

================================================================
== Vitis HLS Report for 'compute_controller_Pipeline_VITIS_LOOP_633_37_VITIS_LOOP_634_38'
================================================================
* Date:           Sat Jan 24 18:00:29 2026

* Version:        2025.1 (Build 6135595 on May 21 2025)
* Project:        compute_controller
* Solution:       hls (Vivado IP Flow Target)
* Product family: zynquplus
* Target device:  xck26-sfvc784-2LV-c


================================================================
== Performance Estimates
================================================================
+ Timing: 
    * Summary: 
    +--------+----------+----------+------------+
    |  Clock |  Target  | Estimated| Uncertainty|
    +--------+----------+----------+------------+
    |ap_clk  |  10.00 ns|  3.821 ns|     2.70 ns|
    +--------+----------+----------+------------+

+ Latency: 
    * Summary: 
    +---------+---------+-----------+-----------+------+------+------------------------------------------------+
    |  Latency (cycles) |   Latency (absolute)  |   Interval  |                    Pipeline                    |
    |   min   |   max   |    min    |    max    |  min |  max |                      Type                      |
    +---------+---------+-----------+-----------+------+------+------------------------------------------------+
    |     9221|     9221|  92.210 us|  92.210 us|  9217|  9217|  loop auto-rewind stp (delay=0 clock cycles(s))|
    +---------+---------+-----------+-----------+------+------+------------------------------------------------+

    + Detail: 
        * Instance: 
        N/A

        * Loop: 
        +---------------------------------------+---------+---------+----------+-----------+-----------+------+----------+
        |                                       |  Latency (cycles) | Iteration|  Initiation Interval  | Trip |          |
        |               Loop Name               |   min   |   max   |  Latency |  achieved |   target  | Count| Pipelined|
        +---------------------------------------+---------+---------+----------+-----------+-----------+------+----------+
        |- VITIS_LOOP_633_37_VITIS_LOOP_634_38  |     9219|     9219|         5|          1|          1|  9216|       yes|
        +---------------------------------------+---------+---------+----------+-----------+-----------+------+----------+

============================================================
+ Verbose Summary: Synthesis Manager
============================================================
InlineROM: 1
ExposeGlobal: 0
============================================================
+ Verbose Summary: CDFG Model
============================================================
IsTopModel: 0
ResetActiveHigh: 1
IsCombinational: 0
IsDatapathOnly: 0
HasWiredReturn: 1
HasMFsm: 2
HasVarLatency: 1
IsPipeline: 0
IsRtlPipelined: 0
IsInstanceOverlapped: 0
IsDontTouch: 0
HasImplIP: 0
IsGatedGlobalClock: 0

+ Individual pipeline summary: 
  * Pipeline-0: initiation interval (II) = 1, depth = 5


============================================================
+ Verbose Summary: Schedule
============================================================
* Number of FSM states : 5
* Pipeline : 1
  Pipeline-0 : II = 1, D = 5, States = { 1 2 3 4 5 }
* Dataflow Pipeline: 0

* FSM state transitions: 
1 --> 2 
2 --> 3 
3 --> 4 
4 --> 5 
5 --> 

* FSM state operations: 

State 1 <SV = 0> <Delay = 2.77>
ST_1 : Operation 8 [1/1] (0.00ns)   --->   "%i = alloca i32 1" [/home/luka/Scripting/ELEC_498-Capstone-LiteLM/HLS-Verilog/Transformer_logic/src-hls/compute_controller.cpp:634]   --->   Operation 8 'alloca' 'i' <Predicate = true> <Delay = 0.00>
ST_1 : Operation 9 [1/1] (0.00ns)   --->   "%out_idx = alloca i32 1" [/home/luka/Scripting/ELEC_498-Capstone-LiteLM/HLS-Verilog/Transformer_logic/src-hls/compute_controller.cpp:633]   --->   Operation 9 'alloca' 'out_idx' <Predicate = true> <Delay = 0.00>
ST_1 : Operation 10 [1/1] (0.00ns)   --->   "%indvar_flatten13 = alloca i32 1"   --->   Operation 10 'alloca' 'indvar_flatten13' <Predicate = true> <Delay = 0.00>
ST_1 : Operation 11 [1/1] (0.00ns)   --->   "%specinterface_ln0 = specinterface void @_ssdm_op_SpecInterface, i8 %in_buf, void @empty_22, i32 0, i32 0, void @empty_15, i32 4294967295, i32 0, void @empty_15, void @empty_15, void @empty_15, i32 0, i32 0, i32 0, i32 0, void @empty_15, void @empty_15, i32 4294967295, i32 0, i32 0"   --->   Operation 11 'specinterface' 'specinterface_ln0' <Predicate = true> <Delay = 0.00>
ST_1 : Operation 12 [1/1] (0.42ns)   --->   "%store_ln0 = store i14 0, i14 %indvar_flatten13"   --->   Operation 12 'store' 'store_ln0' <Predicate = true> <Delay = 0.42>
ST_1 : Operation 13 [1/1] (0.42ns)   --->   "%store_ln633 = store i6 0, i6 %out_idx" [/home/luka/Scripting/ELEC_498-Capstone-LiteLM/HLS-Verilog/Transformer_logic/src-hls/compute_controller.cpp:633]   --->   Operation 13 'store' 'store_ln633' <Predicate = true> <Delay = 0.42>
ST_1 : Operation 14 [1/1] (0.42ns)   --->   "%store_ln634 = store i8 0, i8 %i" [/home/luka/Scripting/ELEC_498-Capstone-LiteLM/HLS-Verilog/Transformer_logic/src-hls/compute_controller.cpp:634]   --->   Operation 14 'store' 'store_ln634' <Predicate = true> <Delay = 0.42>
ST_1 : Operation 15 [1/1] (0.00ns)   --->   "%br_ln0 = br void %for.body611"   --->   Operation 15 'br' 'br_ln0' <Predicate = true> <Delay = 0.00>
ST_1 : Operation 16 [1/1] (0.00ns)   --->   "%indvar_flatten13_load = load i14 %indvar_flatten13" [/home/luka/Scripting/ELEC_498-Capstone-LiteLM/HLS-Verilog/Transformer_logic/src-hls/compute_controller.cpp:633]   --->   Operation 16 'load' 'indvar_flatten13_load' <Predicate = true> <Delay = 0.00>
ST_1 : Operation 17 [1/1] (0.83ns)   --->   "%icmp_ln633 = icmp_eq  i14 %indvar_flatten13_load, i14 9216" [/home/luka/Scripting/ELEC_498-Capstone-LiteLM/HLS-Verilog/Transformer_logic/src-hls/compute_controller.cpp:633]   --->   Operation 17 'icmp' 'icmp_ln633' <Predicate = true> <Delay = 0.83> <CoreInst = "Cmp">   --->   Core 9 'Cmp' <Latency = 0> <II = 1> <Delay = 0.83> <FuncUnit> <Opcode : 'seteq' 'setne' 'setle' 'setge' 'setlt' 'setgt'> <InPorts = 2> <OutPorts = 1>
ST_1 : Operation 18 [1/1] (0.83ns)   --->   "%add_ln633 = add i14 %indvar_flatten13_load, i14 1" [/home/luka/Scripting/ELEC_498-Capstone-LiteLM/HLS-Verilog/Transformer_logic/src-hls/compute_controller.cpp:633]   --->   Operation 18 'add' 'add_ln633' <Predicate = true> <Delay = 0.83> <CoreInst = "Adder">   --->   Core 1 'Adder' <Latency = 0> <II = 1> <Delay = 0.83> <FuncUnit> <Opcode : 'add' 'sub'> <InPorts = 2> <OutPorts = 1>
ST_1 : Operation 19 [1/1] (0.00ns)   --->   "%br_ln633 = br i1 %icmp_ln633, void %for.inc635, void %for.inc648.preheader.exitStub" [/home/luka/Scripting/ELEC_498-Capstone-LiteLM/HLS-Verilog/Transformer_logic/src-hls/compute_controller.cpp:633]   --->   Operation 19 'br' 'br_ln633' <Predicate = true> <Delay = 0.00>
ST_1 : Operation 20 [1/1] (0.00ns)   --->   "%i_load = load i8 %i" [/home/luka/Scripting/ELEC_498-Capstone-LiteLM/HLS-Verilog/Transformer_logic/src-hls/compute_controller.cpp:634]   --->   Operation 20 'load' 'i_load' <Predicate = (!icmp_ln633)> <Delay = 0.00>
ST_1 : Operation 21 [1/1] (0.00ns)   --->   "%out_idx_load = load i6 %out_idx" [/home/luka/Scripting/ELEC_498-Capstone-LiteLM/HLS-Verilog/Transformer_logic/src-hls/compute_controller.cpp:633]   --->   Operation 21 'load' 'out_idx_load' <Predicate = (!icmp_ln633)> <Delay = 0.00>
ST_1 : Operation 22 [1/1] (0.76ns)   --->   "%icmp_ln634 = icmp_eq  i8 %i_load, i8 192" [/home/luka/Scripting/ELEC_498-Capstone-LiteLM/HLS-Verilog/Transformer_logic/src-hls/compute_controller.cpp:634]   --->   Operation 22 'icmp' 'icmp_ln634' <Predicate = (!icmp_ln633)> <Delay = 0.76> <CoreInst = "Cmp">   --->   Core 9 'Cmp' <Latency = 0> <II = 1> <Delay = 0.76> <FuncUnit> <Opcode : 'seteq' 'setne' 'setle' 'setge' 'setlt' 'setgt'> <InPorts = 2> <OutPorts = 1>
ST_1 : Operation 23 [1/1] (0.39ns)   --->   "%select_ln633 = select i1 %icmp_ln634, i8 0, i8 %i_load" [/home/luka/Scripting/ELEC_498-Capstone-LiteLM/HLS-Verilog/Transformer_logic/src-hls/compute_controller.cpp:633]   --->   Operation 23 'select' 'select_ln633' <Predicate = (!icmp_ln633)> <Delay = 0.39> <CoreInst = "Sel">   --->   Core 73 'Sel' <Latency = 0> <II = 1> <Delay = 0.39> <FuncUnit> <Opcode : 'select'> <InPorts = 3> <OutPorts = 1>
ST_1 : Operation 24 [1/1] (0.78ns)   --->   "%add_ln633_1 = add i6 %out_idx_load, i6 1" [/home/luka/Scripting/ELEC_498-Capstone-LiteLM/HLS-Verilog/Transformer_logic/src-hls/compute_controller.cpp:633]   --->   Operation 24 'add' 'add_ln633_1' <Predicate = (!icmp_ln633)> <Delay = 0.78> <CoreInst = "Adder">   --->   Core 1 'Adder' <Latency = 0> <II = 1> <Delay = 0.78> <FuncUnit> <Opcode : 'add' 'sub'> <InPorts = 2> <OutPorts = 1>
ST_1 : Operation 25 [1/1] (0.38ns)   --->   "%select_ln633_1 = select i1 %icmp_ln634, i6 %add_ln633_1, i6 %out_idx_load" [/home/luka/Scripting/ELEC_498-Capstone-LiteLM/HLS-Verilog/Transformer_logic/src-hls/compute_controller.cpp:633]   --->   Operation 25 'select' 'select_ln633_1' <Predicate = (!icmp_ln633)> <Delay = 0.38> <CoreInst = "Sel">   --->   Core 73 'Sel' <Latency = 0> <II = 1> <Delay = 0.38> <FuncUnit> <Opcode : 'select'> <InPorts = 3> <OutPorts = 1>
ST_1 : Operation 26 [1/1] (0.00ns)   --->   "%out_idx_2_cast239 = zext i6 %select_ln633_1" [/home/luka/Scripting/ELEC_498-Capstone-LiteLM/HLS-Verilog/Transformer_logic/src-hls/compute_controller.cpp:633]   --->   Operation 26 'zext' 'out_idx_2_cast239' <Predicate = (!icmp_ln633)> <Delay = 0.00>
ST_1 : Operation 27 [3/3] (0.99ns) (grouped into DSP with root node add_ln638)   --->   "%empty = mul i9 %out_idx_2_cast239, i9 22" [/home/luka/Scripting/ELEC_498-Capstone-LiteLM/HLS-Verilog/Transformer_logic/src-hls/compute_controller.cpp:633]   --->   Operation 27 'mul' 'empty' <Predicate = (!icmp_ln633)> <Delay = 0.99> <CoreInst = "DSP48">   --->   Core 124 'DSP48' <Latency = 3> <II = 1> <Delay = 0.53> <IPBlock> <Opcode : 'add' 'sub' 'mul' 'select'> <InPorts = 0> <OutPorts = 1> <Sync> <CReg>
ST_1 : Operation 28 [1/1] (0.00ns)   --->   "%trunc_ln634 = trunc i8 %select_ln633" [/home/luka/Scripting/ELEC_498-Capstone-LiteLM/HLS-Verilog/Transformer_logic/src-hls/compute_controller.cpp:634]   --->   Operation 28 'trunc' 'trunc_ln634' <Predicate = (!icmp_ln633)> <Delay = 0.00>
ST_1 : Operation 29 [1/1] (0.00ns)   --->   "%lshr_ln = partselect i4 @_ssdm_op_PartSelect.i4.i8.i32.i32, i8 %select_ln633, i32 4, i32 7" [/home/luka/Scripting/ELEC_498-Capstone-LiteLM/HLS-Verilog/Transformer_logic/src-hls/compute_controller.cpp:642]   --->   Operation 29 'partselect' 'lshr_ln' <Predicate = (!icmp_ln633)> <Delay = 0.00>
ST_1 : Operation 30 [1/1] (0.79ns)   --->   "%switch_ln634 = switch i4 %trunc_ln634, void %arrayidx630.case.15, i4 0, void %arrayidx630.case.0, i4 1, void %arrayidx630.case.1, i4 2, void %arrayidx630.case.2, i4 3, void %arrayidx630.case.3, i4 4, void %arrayidx630.case.4, i4 5, void %arrayidx630.case.5, i4 6, void %arrayidx630.case.6, i4 7, void %arrayidx630.case.7, i4 8, void %arrayidx630.case.8, i4 9, void %arrayidx630.case.9, i4 10, void %arrayidx630.case.10, i4 11, void %arrayidx630.case.11, i4 12, void %arrayidx630.case.12, i4 13, void %arrayidx630.case.13, i4 14, void %arrayidx630.case.14" [/home/luka/Scripting/ELEC_498-Capstone-LiteLM/HLS-Verilog/Transformer_logic/src-hls/compute_controller.cpp:634]   --->   Operation 30 'switch' 'switch_ln634' <Predicate = (!icmp_ln633)> <Delay = 0.79>
ST_1 : Operation 31 [1/1] (0.76ns)   --->   "%add_ln634 = add i8 %select_ln633, i8 1" [/home/luka/Scripting/ELEC_498-Capstone-LiteLM/HLS-Verilog/Transformer_logic/src-hls/compute_controller.cpp:634]   --->   Operation 31 'add' 'add_ln634' <Predicate = (!icmp_ln633)> <Delay = 0.76> <CoreInst = "Adder">   --->   Core 1 'Adder' <Latency = 0> <II = 1> <Delay = 0.76> <FuncUnit> <Opcode : 'add' 'sub'> <InPorts = 2> <OutPorts = 1>
ST_1 : Operation 32 [1/1] (0.42ns)   --->   "%store_ln633 = store i14 %add_ln633, i14 %indvar_flatten13" [/home/luka/Scripting/ELEC_498-Capstone-LiteLM/HLS-Verilog/Transformer_logic/src-hls/compute_controller.cpp:633]   --->   Operation 32 'store' 'store_ln633' <Predicate = (!icmp_ln633)> <Delay = 0.42>
ST_1 : Operation 33 [1/1] (0.42ns)   --->   "%store_ln633 = store i6 %select_ln633_1, i6 %out_idx" [/home/luka/Scripting/ELEC_498-Capstone-LiteLM/HLS-Verilog/Transformer_logic/src-hls/compute_controller.cpp:633]   --->   Operation 33 'store' 'store_ln633' <Predicate = (!icmp_ln633)> <Delay = 0.42>
ST_1 : Operation 34 [1/1] (0.42ns)   --->   "%store_ln634 = store i8 %add_ln634, i8 %i" [/home/luka/Scripting/ELEC_498-Capstone-LiteLM/HLS-Verilog/Transformer_logic/src-hls/compute_controller.cpp:634]   --->   Operation 34 'store' 'store_ln634' <Predicate = (!icmp_ln633)> <Delay = 0.42>
ST_1 : Operation 35 [1/1] (0.00ns)   --->   "%br_ln634 = br void %for.body611" [/home/luka/Scripting/ELEC_498-Capstone-LiteLM/HLS-Verilog/Transformer_logic/src-hls/compute_controller.cpp:634]   --->   Operation 35 'br' 'br_ln634' <Predicate = (!icmp_ln633)> <Delay = 0.00>

State 2 <SV = 1> <Delay = 0.99>
ST_2 : Operation 36 [2/3] (0.99ns) (grouped into DSP with root node add_ln638)   --->   "%empty = mul i9 %out_idx_2_cast239, i9 22" [/home/luka/Scripting/ELEC_498-Capstone-LiteLM/HLS-Verilog/Transformer_logic/src-hls/compute_controller.cpp:633]   --->   Operation 36 'mul' 'empty' <Predicate = true> <Delay = 0.99> <CoreInst = "DSP48">   --->   Core 124 'DSP48' <Latency = 3> <II = 1> <Delay = 0.53> <IPBlock> <Opcode : 'add' 'sub' 'mul' 'select'> <InPorts = 0> <OutPorts = 1> <Sync> <CReg>

State 3 <SV = 2> <Delay = 0.76>
ST_3 : Operation 37 [1/3] (0.00ns) (grouped into DSP with root node add_ln638)   --->   "%empty = mul i9 %out_idx_2_cast239, i9 22" [/home/luka/Scripting/ELEC_498-Capstone-LiteLM/HLS-Verilog/Transformer_logic/src-hls/compute_controller.cpp:633]   --->   Operation 37 'mul' 'empty' <Predicate = true> <Delay = 0.00> <CoreInst = "DSP48">   --->   Core 124 'DSP48' <Latency = 3> <II = 1> <Delay = 0.53> <IPBlock> <Opcode : 'add' 'sub' 'mul' 'select'> <InPorts = 0> <OutPorts = 1> <Sync> <CReg>
ST_3 : Operation 38 [1/1] (0.00ns)   --->   "%zext_ln634 = zext i8 %select_ln633" [/home/luka/Scripting/ELEC_498-Capstone-LiteLM/HLS-Verilog/Transformer_logic/src-hls/compute_controller.cpp:634]   --->   Operation 38 'zext' 'zext_ln634' <Predicate = true> <Delay = 0.00>
ST_3 : Operation 39 [1/1] (0.76ns)   --->   "%icmp_ln636 = icmp_ult  i8 %select_ln633, i8 22" [/home/luka/Scripting/ELEC_498-Capstone-LiteLM/HLS-Verilog/Transformer_logic/src-hls/compute_controller.cpp:636]   --->   Operation 39 'icmp' 'icmp_ln636' <Predicate = true> <Delay = 0.76> <CoreInst = "Cmp">   --->   Core 9 'Cmp' <Latency = 0> <II = 1> <Delay = 0.76> <FuncUnit> <Opcode : 'seteq' 'setne' 'setle' 'setge' 'setlt' 'setgt'> <InPorts = 2> <OutPorts = 1>
ST_3 : Operation 40 [2/2] (0.64ns) (root node of the DSP)   --->   "%add_ln638 = add i9 %zext_ln634, i9 %empty" [/home/luka/Scripting/ELEC_498-Capstone-LiteLM/HLS-Verilog/Transformer_logic/src-hls/compute_controller.cpp:638]   --->   Operation 40 'add' 'add_ln638' <Predicate = true> <Delay = 0.64> <CoreInst = "DSP48">   --->   Core 124 'DSP48' <Latency = 3> <II = 1> <Delay = 0.53> <IPBlock> <Opcode : 'add' 'sub' 'mul' 'select'> <InPorts = 0> <OutPorts = 1> <Sync> <CReg>

State 4 <SV = 3> <Delay = 3.82>
ST_4 : Operation 41 [1/2] (0.64ns) (root node of the DSP)   --->   "%add_ln638 = add i9 %zext_ln634, i9 %empty" [/home/luka/Scripting/ELEC_498-Capstone-LiteLM/HLS-Verilog/Transformer_logic/src-hls/compute_controller.cpp:638]   --->   Operation 41 'add' 'add_ln638' <Predicate = true> <Delay = 0.64> <CoreInst = "DSP48">   --->   Core 124 'DSP48' <Latency = 3> <II = 1> <Delay = 0.53> <IPBlock> <Opcode : 'add' 'sub' 'mul' 'select'> <InPorts = 0> <OutPorts = 1> <Sync> <CReg>
ST_4 : Operation 42 [1/1] (0.77ns)   --->   "%nibble_idx = add i9 %add_ln638, i9 88" [/home/luka/Scripting/ELEC_498-Capstone-LiteLM/HLS-Verilog/Transformer_logic/src-hls/../../top_params.hpp:580->/home/luka/Scripting/ELEC_498-Capstone-LiteLM/HLS-Verilog/Transformer_logic/src-hls/compute_controller.cpp:638]   --->   Operation 42 'add' 'nibble_idx' <Predicate = true> <Delay = 0.77> <CoreInst = "Adder">   --->   Core 1 'Adder' <Latency = 0> <II = 1> <Delay = 0.77> <FuncUnit> <Opcode : 'add' 'sub'> <InPorts = 2> <OutPorts = 1>
ST_4 : Operation 43 [1/1] (0.00ns)   --->   "%tmp_77 = bitselect i1 @_ssdm_op_BitSelect.i1.i9.i32, i9 %nibble_idx, i32 8" [/home/luka/Scripting/ELEC_498-Capstone-LiteLM/HLS-Verilog/Transformer_logic/src-hls/../../top_params.hpp:580->/home/luka/Scripting/ELEC_498-Capstone-LiteLM/HLS-Verilog/Transformer_logic/src-hls/compute_controller.cpp:638]   --->   Operation 43 'bitselect' 'tmp_77' <Predicate = true> <Delay = 0.00>
ST_4 : Operation 44 [1/1] (0.77ns)   --->   "%sub_ln580 = sub i9 424, i9 %add_ln638" [/home/luka/Scripting/ELEC_498-Capstone-LiteLM/HLS-Verilog/Transformer_logic/src-hls/../../top_params.hpp:580->/home/luka/Scripting/ELEC_498-Capstone-LiteLM/HLS-Verilog/Transformer_logic/src-hls/compute_controller.cpp:638]   --->   Operation 44 'sub' 'sub_ln580' <Predicate = true> <Delay = 0.77> <CoreInst = "Adder">   --->   Core 1 'Adder' <Latency = 0> <II = 1> <Delay = 0.77> <FuncUnit> <Opcode : 'add' 'sub'> <InPorts = 2> <OutPorts = 1>
ST_4 : Operation 45 [1/1] (0.00ns)   --->   "%lshr_ln580_3 = partselect i8 @_ssdm_op_PartSelect.i8.i9.i32.i32, i9 %sub_ln580, i32 1, i32 8" [/home/luka/Scripting/ELEC_498-Capstone-LiteLM/HLS-Verilog/Transformer_logic/src-hls/../../top_params.hpp:580->/home/luka/Scripting/ELEC_498-Capstone-LiteLM/HLS-Verilog/Transformer_logic/src-hls/compute_controller.cpp:638]   --->   Operation 45 'partselect' 'lshr_ln580_3' <Predicate = true> <Delay = 0.00>
ST_4 : Operation 46 [1/1] (0.00ns)   --->   "%zext_ln580 = zext i8 %lshr_ln580_3" [/home/luka/Scripting/ELEC_498-Capstone-LiteLM/HLS-Verilog/Transformer_logic/src-hls/../../top_params.hpp:580->/home/luka/Scripting/ELEC_498-Capstone-LiteLM/HLS-Verilog/Transformer_logic/src-hls/compute_controller.cpp:638]   --->   Operation 46 'zext' 'zext_ln580' <Predicate = true> <Delay = 0.00>
ST_4 : Operation 47 [1/1] (0.76ns)   --->   "%sub_ln580_1 = sub i9 0, i9 %zext_ln580" [/home/luka/Scripting/ELEC_498-Capstone-LiteLM/HLS-Verilog/Transformer_logic/src-hls/../../top_params.hpp:580->/home/luka/Scripting/ELEC_498-Capstone-LiteLM/HLS-Verilog/Transformer_logic/src-hls/compute_controller.cpp:638]   --->   Operation 47 'sub' 'sub_ln580_1' <Predicate = true> <Delay = 0.76> <CoreInst = "Adder">   --->   Core 1 'Adder' <Latency = 0> <II = 1> <Delay = 0.76> <FuncUnit> <Opcode : 'add' 'sub'> <InPorts = 2> <OutPorts = 1>
ST_4 : Operation 48 [1/1] (0.00ns)   --->   "%lshr_ln580_4 = partselect i8 @_ssdm_op_PartSelect.i8.i9.i32.i32, i9 %nibble_idx, i32 1, i32 8" [/home/luka/Scripting/ELEC_498-Capstone-LiteLM/HLS-Verilog/Transformer_logic/src-hls/../../top_params.hpp:580->/home/luka/Scripting/ELEC_498-Capstone-LiteLM/HLS-Verilog/Transformer_logic/src-hls/compute_controller.cpp:638]   --->   Operation 48 'partselect' 'lshr_ln580_4' <Predicate = true> <Delay = 0.00>
ST_4 : Operation 49 [1/1] (0.00ns)   --->   "%zext_ln580_1 = zext i8 %lshr_ln580_4" [/home/luka/Scripting/ELEC_498-Capstone-LiteLM/HLS-Verilog/Transformer_logic/src-hls/../../top_params.hpp:580->/home/luka/Scripting/ELEC_498-Capstone-LiteLM/HLS-Verilog/Transformer_logic/src-hls/compute_controller.cpp:638]   --->   Operation 49 'zext' 'zext_ln580_1' <Predicate = true> <Delay = 0.00>
ST_4 : Operation 50 [1/1] (0.39ns)   --->   "%select_ln580 = select i1 %tmp_77, i9 %sub_ln580_1, i9 %zext_ln580_1" [/home/luka/Scripting/ELEC_498-Capstone-LiteLM/HLS-Verilog/Transformer_logic/src-hls/../../top_params.hpp:580->/home/luka/Scripting/ELEC_498-Capstone-LiteLM/HLS-Verilog/Transformer_logic/src-hls/compute_controller.cpp:638]   --->   Operation 50 'select' 'select_ln580' <Predicate = true> <Delay = 0.39> <CoreInst = "Sel">   --->   Core 73 'Sel' <Latency = 0> <II = 1> <Delay = 0.39> <FuncUnit> <Opcode : 'select'> <InPorts = 3> <OutPorts = 1>
ST_4 : Operation 51 [1/1] (0.00ns)   --->   "%zext_ln581 = zext i9 %select_ln580" [/home/luka/Scripting/ELEC_498-Capstone-LiteLM/HLS-Verilog/Transformer_logic/src-hls/../../top_params.hpp:581->/home/luka/Scripting/ELEC_498-Capstone-LiteLM/HLS-Verilog/Transformer_logic/src-hls/compute_controller.cpp:638]   --->   Operation 51 'zext' 'zext_ln581' <Predicate = true> <Delay = 0.00>
ST_4 : Operation 52 [1/1] (0.00ns)   --->   "%in_buf_addr = getelementptr i8 %in_buf, i64 0, i64 %zext_ln581" [/home/luka/Scripting/ELEC_498-Capstone-LiteLM/HLS-Verilog/Transformer_logic/src-hls/../../top_params.hpp:581->/home/luka/Scripting/ELEC_498-Capstone-LiteLM/HLS-Verilog/Transformer_logic/src-hls/compute_controller.cpp:638]   --->   Operation 52 'getelementptr' 'in_buf_addr' <Predicate = true> <Delay = 0.00>
ST_4 : Operation 53 [2/2] (1.23ns)   --->   "%byte_val = load i13 %in_buf_addr" [/home/luka/Scripting/ELEC_498-Capstone-LiteLM/HLS-Verilog/Transformer_logic/src-hls/../../top_params.hpp:581->/home/luka/Scripting/ELEC_498-Capstone-LiteLM/HLS-Verilog/Transformer_logic/src-hls/compute_controller.cpp:638]   --->   Operation 53 'load' 'byte_val' <Predicate = true> <Delay = 1.23> <CoreInst = "RAM">   --->   Core 82 'RAM' <Latency = 1> <II = 1> <Delay = 1.23> <Storage> <Opcode : 'load' 'store'> <Ports = 2> <Width = 8> <Depth = 5088> <RAM>
ST_4 : Operation 120 [1/1] (0.42ns)   --->   "%ret_ln0 = ret"   --->   Operation 120 'ret' 'ret_ln0' <Predicate = (icmp_ln633)> <Delay = 0.42>

State 5 <SV = 4> <Delay = 2.86>
ST_5 : Operation 54 [1/1] (0.00ns)   --->   "%specloopname_ln0 = specloopname void @_ssdm_op_SpecLoopName, void @VITIS_LOOP_633_37_VITIS_LOOP_634_38_str"   --->   Operation 54 'specloopname' 'specloopname_ln0' <Predicate = true> <Delay = 0.00>
ST_5 : Operation 55 [1/1] (0.00ns)   --->   "%speclooptripcount_ln0 = speclooptripcount void @_ssdm_op_SpecLoopTripCount, i64 9216, i64 9216, i64 9216"   --->   Operation 55 'speclooptripcount' 'speclooptripcount_ln0' <Predicate = true> <Delay = 0.00>
ST_5 : Operation 56 [1/1] (0.78ns)   --->   "%cmp612 = icmp_ult  i6 %select_ln633_1, i6 5" [/home/luka/Scripting/ELEC_498-Capstone-LiteLM/HLS-Verilog/Transformer_logic/src-hls/compute_controller.cpp:633]   --->   Operation 56 'icmp' 'cmp612' <Predicate = true> <Delay = 0.78> <CoreInst = "Cmp">   --->   Core 9 'Cmp' <Latency = 0> <II = 1> <Delay = 0.78> <FuncUnit> <Opcode : 'seteq' 'setne' 'setle' 'setge' 'setlt' 'setgt'> <InPorts = 2> <OutPorts = 1>
ST_5 : Operation 57 [1/1] (0.00ns)   --->   "%p_shl = bitconcatenate i10 @_ssdm_op_BitConcatenate.i10.i6.i4, i6 %select_ln633_1, i4 0" [/home/luka/Scripting/ELEC_498-Capstone-LiteLM/HLS-Verilog/Transformer_logic/src-hls/compute_controller.cpp:633]   --->   Operation 57 'bitconcatenate' 'p_shl' <Predicate = true> <Delay = 0.00>
ST_5 : Operation 58 [1/1] (0.00ns)   --->   "%tmp = bitconcatenate i8 @_ssdm_op_BitConcatenate.i8.i6.i2, i6 %select_ln633_1, i2 0" [/home/luka/Scripting/ELEC_498-Capstone-LiteLM/HLS-Verilog/Transformer_logic/src-hls/compute_controller.cpp:633]   --->   Operation 58 'bitconcatenate' 'tmp' <Predicate = true> <Delay = 0.00>
ST_5 : Operation 59 [1/1] (0.00ns)   --->   "%p_shl6 = zext i8 %tmp" [/home/luka/Scripting/ELEC_498-Capstone-LiteLM/HLS-Verilog/Transformer_logic/src-hls/compute_controller.cpp:633]   --->   Operation 59 'zext' 'p_shl6' <Predicate = true> <Delay = 0.00>
ST_5 : Operation 60 [1/1] (0.00ns) (grouped into TernaryAdder)   --->   "%p_udiv1931 = sub i10 %p_shl, i10 %p_shl6" [/home/luka/Scripting/ELEC_498-Capstone-LiteLM/HLS-Verilog/Transformer_logic/src-hls/compute_controller.cpp:633]   --->   Operation 60 'sub' 'p_udiv1931' <Predicate = true> <Delay = 0.00> <CoreInst = "TAddSub">   --->   Core 10 'TAddSub' <Latency = 0> <II = 1> <Delay = 0.48> <IPBlock> <Opcode : 'add' 'sub'> <InPorts = 3> <OutPorts = 1> <Sync> <CReg>
ST_5 : Operation 61 [1/1] (0.00ns)   --->   "%specpipeline_ln634 = specpipeline void @_ssdm_op_SpecPipeline, i32 4294967295, i32 0, i32 0, i32 0, void @empty_15" [/home/luka/Scripting/ELEC_498-Capstone-LiteLM/HLS-Verilog/Transformer_logic/src-hls/compute_controller.cpp:634]   --->   Operation 61 'specpipeline' 'specpipeline_ln634' <Predicate = true> <Delay = 0.00>
ST_5 : Operation 62 [1/1] (0.00ns) (grouped into LUT with out node storemerge1116)   --->   "%and_ln636 = and i1 %cmp612, i1 %icmp_ln636" [/home/luka/Scripting/ELEC_498-Capstone-LiteLM/HLS-Verilog/Transformer_logic/src-hls/compute_controller.cpp:636]   --->   Operation 62 'and' 'and_ln636' <Predicate = true> <Delay = 0.00> <CoreInst = "LogicGate">   --->   Core 74 'LogicGate' <Latency = 0> <II = 1> <Delay = 0.28> <FuncUnit> <Opcode : 'and' 'or' 'xor'> <InPorts = 2> <OutPorts = 1>
ST_5 : Operation 63 [1/1] (0.00ns)   --->   "%zext_ln642 = zext i4 %lshr_ln" [/home/luka/Scripting/ELEC_498-Capstone-LiteLM/HLS-Verilog/Transformer_logic/src-hls/compute_controller.cpp:642]   --->   Operation 63 'zext' 'zext_ln642' <Predicate = true> <Delay = 0.00>
ST_5 : Operation 64 [1/1] (0.96ns) (root node of TernaryAdder)   --->   "%add_ln642 = add i10 %zext_ln642, i10 %p_udiv1931" [/home/luka/Scripting/ELEC_498-Capstone-LiteLM/HLS-Verilog/Transformer_logic/src-hls/compute_controller.cpp:642]   --->   Operation 64 'add' 'add_ln642' <Predicate = true> <Delay = 0.96> <CoreInst = "TAddSub">   --->   Core 10 'TAddSub' <Latency = 0> <II = 1> <Delay = 0.48> <IPBlock> <Opcode : 'add' 'sub'> <InPorts = 3> <OutPorts = 1> <Sync> <CReg>
ST_5 : Operation 65 [1/1] (0.00ns)   --->   "%zext_ln642_1 = zext i10 %add_ln642" [/home/luka/Scripting/ELEC_498-Capstone-LiteLM/HLS-Verilog/Transformer_logic/src-hls/compute_controller.cpp:642]   --->   Operation 65 'zext' 'zext_ln642_1' <Predicate = true> <Delay = 0.00>
ST_5 : Operation 66 [1/1] (0.00ns)   --->   "%compute_controller_bool_bool_unsigned_int_bool_bool_bool_bool_bool_u_229 = getelementptr i4 %compute_controller_bool_bool_unsigned_int_bool_bool_bool_bool_bool_u_99, i64 0, i64 %zext_ln642_1" [/home/luka/Scripting/ELEC_498-Capstone-LiteLM/HLS-Verilog/Transformer_logic/src-hls/compute_controller.cpp:642]   --->   Operation 66 'getelementptr' 'compute_controller_bool_bool_unsigned_int_bool_bool_bool_bool_bool_u_229' <Predicate = true> <Delay = 0.00>
ST_5 : Operation 67 [1/1] (0.00ns)   --->   "%compute_controller_bool_bool_unsigned_int_bool_bool_bool_bool_bool_u_230 = getelementptr i4 %compute_controller_bool_bool_unsigned_int_bool_bool_bool_bool_bool_u_98, i64 0, i64 %zext_ln642_1" [/home/luka/Scripting/ELEC_498-Capstone-LiteLM/HLS-Verilog/Transformer_logic/src-hls/compute_controller.cpp:642]   --->   Operation 67 'getelementptr' 'compute_controller_bool_bool_unsigned_int_bool_bool_bool_bool_bool_u_230' <Predicate = true> <Delay = 0.00>
ST_5 : Operation 68 [1/1] (0.00ns)   --->   "%compute_controller_bool_bool_unsigned_int_bool_bool_bool_bool_bool_u_231 = getelementptr i4 %compute_controller_bool_bool_unsigned_int_bool_bool_bool_bool_bool_u_97, i64 0, i64 %zext_ln642_1" [/home/luka/Scripting/ELEC_498-Capstone-LiteLM/HLS-Verilog/Transformer_logic/src-hls/compute_controller.cpp:642]   --->   Operation 68 'getelementptr' 'compute_controller_bool_bool_unsigned_int_bool_bool_bool_bool_bool_u_231' <Predicate = true> <Delay = 0.00>
ST_5 : Operation 69 [1/1] (0.00ns)   --->   "%compute_controller_bool_bool_unsigned_int_bool_bool_bool_bool_bool_u_232 = getelementptr i4 %compute_controller_bool_bool_unsigned_int_bool_bool_bool_bool_bool_u_96, i64 0, i64 %zext_ln642_1" [/home/luka/Scripting/ELEC_498-Capstone-LiteLM/HLS-Verilog/Transformer_logic/src-hls/compute_controller.cpp:642]   --->   Operation 69 'getelementptr' 'compute_controller_bool_bool_unsigned_int_bool_bool_bool_bool_bool_u_232' <Predicate = true> <Delay = 0.00>
ST_5 : Operation 70 [1/1] (0.00ns)   --->   "%compute_controller_bool_bool_unsigned_int_bool_bool_bool_bool_bool_u_233 = getelementptr i4 %compute_controller_bool_bool_unsigned_int_bool_bool_bool_bool_bool_u_95, i64 0, i64 %zext_ln642_1" [/home/luka/Scripting/ELEC_498-Capstone-LiteLM/HLS-Verilog/Transformer_logic/src-hls/compute_controller.cpp:642]   --->   Operation 70 'getelementptr' 'compute_controller_bool_bool_unsigned_int_bool_bool_bool_bool_bool_u_233' <Predicate = true> <Delay = 0.00>
ST_5 : Operation 71 [1/1] (0.00ns)   --->   "%compute_controller_bool_bool_unsigned_int_bool_bool_bool_bool_bool_u_234 = getelementptr i4 %compute_controller_bool_bool_unsigned_int_bool_bool_bool_bool_bool_u_94, i64 0, i64 %zext_ln642_1" [/home/luka/Scripting/ELEC_498-Capstone-LiteLM/HLS-Verilog/Transformer_logic/src-hls/compute_controller.cpp:642]   --->   Operation 71 'getelementptr' 'compute_controller_bool_bool_unsigned_int_bool_bool_bool_bool_bool_u_234' <Predicate = true> <Delay = 0.00>
ST_5 : Operation 72 [1/1] (0.00ns)   --->   "%compute_controller_bool_bool_unsigned_int_bool_bool_bool_bool_bool_u_235 = getelementptr i4 %compute_controller_bool_bool_unsigned_int_bool_bool_bool_bool_bool_u_93, i64 0, i64 %zext_ln642_1" [/home/luka/Scripting/ELEC_498-Capstone-LiteLM/HLS-Verilog/Transformer_logic/src-hls/compute_controller.cpp:642]   --->   Operation 72 'getelementptr' 'compute_controller_bool_bool_unsigned_int_bool_bool_bool_bool_bool_u_235' <Predicate = true> <Delay = 0.00>
ST_5 : Operation 73 [1/1] (0.00ns)   --->   "%compute_controller_bool_bool_unsigned_int_bool_bool_bool_bool_bool_u_236 = getelementptr i4 %compute_controller_bool_bool_unsigned_int_bool_bool_bool_bool_bool_u_92, i64 0, i64 %zext_ln642_1" [/home/luka/Scripting/ELEC_498-Capstone-LiteLM/HLS-Verilog/Transformer_logic/src-hls/compute_controller.cpp:642]   --->   Operation 73 'getelementptr' 'compute_controller_bool_bool_unsigned_int_bool_bool_bool_bool_bool_u_236' <Predicate = true> <Delay = 0.00>
ST_5 : Operation 74 [1/1] (0.00ns)   --->   "%compute_controller_bool_bool_unsigned_int_bool_bool_bool_bool_bool_u_237 = getelementptr i4 %compute_controller_bool_bool_unsigned_int_bool_bool_bool_bool_bool_u_91, i64 0, i64 %zext_ln642_1" [/home/luka/Scripting/ELEC_498-Capstone-LiteLM/HLS-Verilog/Transformer_logic/src-hls/compute_controller.cpp:642]   --->   Operation 74 'getelementptr' 'compute_controller_bool_bool_unsigned_int_bool_bool_bool_bool_bool_u_237' <Predicate = true> <Delay = 0.00>
ST_5 : Operation 75 [1/1] (0.00ns)   --->   "%compute_controller_bool_bool_unsigned_int_bool_bool_bool_bool_bool_u_238 = getelementptr i4 %compute_controller_bool_bool_unsigned_int_bool_bool_bool_bool_bool_u_90, i64 0, i64 %zext_ln642_1" [/home/luka/Scripting/ELEC_498-Capstone-LiteLM/HLS-Verilog/Transformer_logic/src-hls/compute_controller.cpp:642]   --->   Operation 75 'getelementptr' 'compute_controller_bool_bool_unsigned_int_bool_bool_bool_bool_bool_u_238' <Predicate = true> <Delay = 0.00>
ST_5 : Operation 76 [1/1] (0.00ns)   --->   "%p_ZZ18compute_controllerbbjRbS_bS_S_RjPKhPhR12ComputeStateS0_RhS6_S6_S6_S_S_S_S_E_102 = getelementptr i4 %p_ZZ18compute_controllerbbjRbS_bS_S_RjPKhPhR12ComputeStateS0_RhS6_S6_S6_S_S_S_S_E_29, i64 0, i64 %zext_ln642_1" [/home/luka/Scripting/ELEC_498-Capstone-LiteLM/HLS-Verilog/Transformer_logic/src-hls/compute_controller.cpp:642]   --->   Operation 76 'getelementptr' 'p_ZZ18compute_controllerbbjRbS_bS_S_RjPKhPhR12ComputeStateS0_RhS6_S6_S6_S_S_S_S_E_102' <Predicate = true> <Delay = 0.00>
ST_5 : Operation 77 [1/1] (0.00ns)   --->   "%p_ZZ18compute_controllerbbjRbS_bS_S_RjPKhPhR12ComputeStateS0_RhS6_S6_S6_S_S_S_S_E_103 = getelementptr i4 %p_ZZ18compute_controllerbbjRbS_bS_S_RjPKhPhR12ComputeStateS0_RhS6_S6_S6_S_S_S_S_E_28, i64 0, i64 %zext_ln642_1" [/home/luka/Scripting/ELEC_498-Capstone-LiteLM/HLS-Verilog/Transformer_logic/src-hls/compute_controller.cpp:642]   --->   Operation 77 'getelementptr' 'p_ZZ18compute_controllerbbjRbS_bS_S_RjPKhPhR12ComputeStateS0_RhS6_S6_S6_S_S_S_S_E_103' <Predicate = true> <Delay = 0.00>
ST_5 : Operation 78 [1/1] (0.00ns)   --->   "%p_ZZ18compute_controllerbbjRbS_bS_S_RjPKhPhR12ComputeStateS0_RhS6_S6_S6_S_S_S_S_E_104 = getelementptr i4 %p_ZZ18compute_controllerbbjRbS_bS_S_RjPKhPhR12ComputeStateS0_RhS6_S6_S6_S_S_S_S_E_27, i64 0, i64 %zext_ln642_1" [/home/luka/Scripting/ELEC_498-Capstone-LiteLM/HLS-Verilog/Transformer_logic/src-hls/compute_controller.cpp:642]   --->   Operation 78 'getelementptr' 'p_ZZ18compute_controllerbbjRbS_bS_S_RjPKhPhR12ComputeStateS0_RhS6_S6_S6_S_S_S_S_E_104' <Predicate = true> <Delay = 0.00>
ST_5 : Operation 79 [1/1] (0.00ns)   --->   "%p_ZZ18compute_controllerbbjRbS_bS_S_RjPKhPhR12ComputeStateS0_RhS6_S6_S6_S_S_S_S_E_105 = getelementptr i4 %p_ZZ18compute_controllerbbjRbS_bS_S_RjPKhPhR12ComputeStateS0_RhS6_S6_S6_S_S_S_S_E_26, i64 0, i64 %zext_ln642_1" [/home/luka/Scripting/ELEC_498-Capstone-LiteLM/HLS-Verilog/Transformer_logic/src-hls/compute_controller.cpp:642]   --->   Operation 79 'getelementptr' 'p_ZZ18compute_controllerbbjRbS_bS_S_RjPKhPhR12ComputeStateS0_RhS6_S6_S6_S_S_S_S_E_105' <Predicate = true> <Delay = 0.00>
ST_5 : Operation 80 [1/1] (0.00ns)   --->   "%p_ZZ18compute_controllerbbjRbS_bS_S_RjPKhPhR12ComputeStateS0_RhS6_S6_S6_S_S_S_S_E_106 = getelementptr i4 %p_ZZ18compute_controllerbbjRbS_bS_S_RjPKhPhR12ComputeStateS0_RhS6_S6_S6_S_S_S_S_E_25, i64 0, i64 %zext_ln642_1" [/home/luka/Scripting/ELEC_498-Capstone-LiteLM/HLS-Verilog/Transformer_logic/src-hls/compute_controller.cpp:642]   --->   Operation 80 'getelementptr' 'p_ZZ18compute_controllerbbjRbS_bS_S_RjPKhPhR12ComputeStateS0_RhS6_S6_S6_S_S_S_S_E_106' <Predicate = true> <Delay = 0.00>
ST_5 : Operation 81 [1/1] (0.00ns)   --->   "%p_ZZ18compute_controllerbbjRbS_bS_S_RjPKhPhR12ComputeStateS0_RhS6_S6_S6_S_S_S_S_E_107 = getelementptr i4 %p_ZZ18compute_controllerbbjRbS_bS_S_RjPKhPhR12ComputeStateS0_RhS6_S6_S6_S_S_S_S_E_24, i64 0, i64 %zext_ln642_1" [/home/luka/Scripting/ELEC_498-Capstone-LiteLM/HLS-Verilog/Transformer_logic/src-hls/compute_controller.cpp:642]   --->   Operation 81 'getelementptr' 'p_ZZ18compute_controllerbbjRbS_bS_S_RjPKhPhR12ComputeStateS0_RhS6_S6_S6_S_S_S_S_E_107' <Predicate = true> <Delay = 0.00>
ST_5 : Operation 82 [1/1] (0.00ns) (grouped into LUT with out node storemerge1116)   --->   "%trunc_ln579 = trunc i9 %nibble_idx" [/home/luka/Scripting/ELEC_498-Capstone-LiteLM/HLS-Verilog/Transformer_logic/src-hls/../../top_params.hpp:579->/home/luka/Scripting/ELEC_498-Capstone-LiteLM/HLS-Verilog/Transformer_logic/src-hls/compute_controller.cpp:638]   --->   Operation 82 'trunc' 'trunc_ln579' <Predicate = true> <Delay = 0.00>
ST_5 : Operation 83 [1/2] ( I:1.23ns O:1.23ns )   --->   "%byte_val = load i13 %in_buf_addr" [/home/luka/Scripting/ELEC_498-Capstone-LiteLM/HLS-Verilog/Transformer_logic/src-hls/../../top_params.hpp:581->/home/luka/Scripting/ELEC_498-Capstone-LiteLM/HLS-Verilog/Transformer_logic/src-hls/compute_controller.cpp:638]   --->   Operation 83 'load' 'byte_val' <Predicate = true> <Delay = 1.23> <CoreInst = "RAM">   --->   Core 82 'RAM' <Latency = 1> <II = 1> <Delay = 1.23> <Storage> <Opcode : 'load' 'store'> <Ports = 2> <Width = 8> <Depth = 5088> <RAM>
ST_5 : Operation 84 [1/1] (0.00ns) (grouped into LUT with out node storemerge1116)   --->   "%tmp_s = partselect i4 @_ssdm_op_PartSelect.i4.i8.i32.i32, i8 %byte_val, i32 4, i32 7" [/home/luka/Scripting/ELEC_498-Capstone-LiteLM/HLS-Verilog/Transformer_logic/src-hls/../../top_params.hpp:582->/home/luka/Scripting/ELEC_498-Capstone-LiteLM/HLS-Verilog/Transformer_logic/src-hls/compute_controller.cpp:638]   --->   Operation 84 'partselect' 'tmp_s' <Predicate = true> <Delay = 0.00>
ST_5 : Operation 85 [1/1] (0.00ns) (grouped into LUT with out node storemerge1116)   --->   "%trunc_ln582 = trunc i8 %byte_val" [/home/luka/Scripting/ELEC_498-Capstone-LiteLM/HLS-Verilog/Transformer_logic/src-hls/../../top_params.hpp:582->/home/luka/Scripting/ELEC_498-Capstone-LiteLM/HLS-Verilog/Transformer_logic/src-hls/compute_controller.cpp:638]   --->   Operation 85 'trunc' 'trunc_ln582' <Predicate = true> <Delay = 0.00>
ST_5 : Operation 86 [1/1] (0.00ns) (grouped into LUT with out node storemerge1116)   --->   "%nibble = select i1 %trunc_ln579, i4 %tmp_s, i4 %trunc_ln582" [/home/luka/Scripting/ELEC_498-Capstone-LiteLM/HLS-Verilog/Transformer_logic/src-hls/../../top_params.hpp:582->/home/luka/Scripting/ELEC_498-Capstone-LiteLM/HLS-Verilog/Transformer_logic/src-hls/compute_controller.cpp:638]   --->   Operation 86 'select' 'nibble' <Predicate = true> <Delay = 0.00> <CoreInst = "Sel">   --->   Core 73 'Sel' <Latency = 0> <II = 1> <Delay = 0.39> <FuncUnit> <Opcode : 'select'> <InPorts = 3> <OutPorts = 1>
ST_5 : Operation 87 [1/1] (0.39ns) (out node of the LUT)   --->   "%storemerge1116 = select i1 %and_ln636, i4 %nibble, i4 0" [/home/luka/Scripting/ELEC_498-Capstone-LiteLM/HLS-Verilog/Transformer_logic/src-hls/compute_controller.cpp:636]   --->   Operation 87 'select' 'storemerge1116' <Predicate = true> <Delay = 0.39> <CoreInst = "Sel">   --->   Core 73 'Sel' <Latency = 0> <II = 1> <Delay = 0.39> <FuncUnit> <Opcode : 'select'> <InPorts = 3> <OutPorts = 1>
ST_5 : Operation 88 [1/1] ( I:1.23ns O:1.23ns )   --->   "%store_ln636 = store i4 %storemerge1116, i10 %p_ZZ18compute_controllerbbjRbS_bS_S_RjPKhPhR12ComputeStateS0_RhS6_S6_S6_S_S_S_S_E_106" [/home/luka/Scripting/ELEC_498-Capstone-LiteLM/HLS-Verilog/Transformer_logic/src-hls/compute_controller.cpp:636]   --->   Operation 88 'store' 'store_ln636' <Predicate = (trunc_ln634 == 14)> <Delay = 1.23> <CoreInst = "RAM">   --->   Core 82 'RAM' <Latency = 1> <II = 1> <Delay = 1.23> <Storage> <Opcode : 'load' 'store'> <Ports = 2> <Width = 4> <Depth = 576> <RAM>
ST_5 : Operation 89 [1/1] (0.00ns)   --->   "%br_ln0 = br void %arrayidx630.exit"   --->   Operation 89 'br' 'br_ln0' <Predicate = (trunc_ln634 == 14)> <Delay = 0.00>
ST_5 : Operation 90 [1/1] ( I:1.23ns O:1.23ns )   --->   "%store_ln636 = store i4 %storemerge1116, i10 %p_ZZ18compute_controllerbbjRbS_bS_S_RjPKhPhR12ComputeStateS0_RhS6_S6_S6_S_S_S_S_E_105" [/home/luka/Scripting/ELEC_498-Capstone-LiteLM/HLS-Verilog/Transformer_logic/src-hls/compute_controller.cpp:636]   --->   Operation 90 'store' 'store_ln636' <Predicate = (trunc_ln634 == 13)> <Delay = 1.23> <CoreInst = "RAM">   --->   Core 82 'RAM' <Latency = 1> <II = 1> <Delay = 1.23> <Storage> <Opcode : 'load' 'store'> <Ports = 2> <Width = 4> <Depth = 576> <RAM>
ST_5 : Operation 91 [1/1] (0.00ns)   --->   "%br_ln0 = br void %arrayidx630.exit"   --->   Operation 91 'br' 'br_ln0' <Predicate = (trunc_ln634 == 13)> <Delay = 0.00>
ST_5 : Operation 92 [1/1] ( I:1.23ns O:1.23ns )   --->   "%store_ln636 = store i4 %storemerge1116, i10 %p_ZZ18compute_controllerbbjRbS_bS_S_RjPKhPhR12ComputeStateS0_RhS6_S6_S6_S_S_S_S_E_104" [/home/luka/Scripting/ELEC_498-Capstone-LiteLM/HLS-Verilog/Transformer_logic/src-hls/compute_controller.cpp:636]   --->   Operation 92 'store' 'store_ln636' <Predicate = (trunc_ln634 == 12)> <Delay = 1.23> <CoreInst = "RAM">   --->   Core 82 'RAM' <Latency = 1> <II = 1> <Delay = 1.23> <Storage> <Opcode : 'load' 'store'> <Ports = 2> <Width = 4> <Depth = 576> <RAM>
ST_5 : Operation 93 [1/1] (0.00ns)   --->   "%br_ln0 = br void %arrayidx630.exit"   --->   Operation 93 'br' 'br_ln0' <Predicate = (trunc_ln634 == 12)> <Delay = 0.00>
ST_5 : Operation 94 [1/1] ( I:1.23ns O:1.23ns )   --->   "%store_ln636 = store i4 %storemerge1116, i10 %p_ZZ18compute_controllerbbjRbS_bS_S_RjPKhPhR12ComputeStateS0_RhS6_S6_S6_S_S_S_S_E_103" [/home/luka/Scripting/ELEC_498-Capstone-LiteLM/HLS-Verilog/Transformer_logic/src-hls/compute_controller.cpp:636]   --->   Operation 94 'store' 'store_ln636' <Predicate = (trunc_ln634 == 11)> <Delay = 1.23> <CoreInst = "RAM">   --->   Core 82 'RAM' <Latency = 1> <II = 1> <Delay = 1.23> <Storage> <Opcode : 'load' 'store'> <Ports = 2> <Width = 4> <Depth = 576> <RAM>
ST_5 : Operation 95 [1/1] (0.00ns)   --->   "%br_ln0 = br void %arrayidx630.exit"   --->   Operation 95 'br' 'br_ln0' <Predicate = (trunc_ln634 == 11)> <Delay = 0.00>
ST_5 : Operation 96 [1/1] ( I:1.23ns O:1.23ns )   --->   "%store_ln636 = store i4 %storemerge1116, i10 %p_ZZ18compute_controllerbbjRbS_bS_S_RjPKhPhR12ComputeStateS0_RhS6_S6_S6_S_S_S_S_E_102" [/home/luka/Scripting/ELEC_498-Capstone-LiteLM/HLS-Verilog/Transformer_logic/src-hls/compute_controller.cpp:636]   --->   Operation 96 'store' 'store_ln636' <Predicate = (trunc_ln634 == 10)> <Delay = 1.23> <CoreInst = "RAM">   --->   Core 82 'RAM' <Latency = 1> <II = 1> <Delay = 1.23> <Storage> <Opcode : 'load' 'store'> <Ports = 2> <Width = 4> <Depth = 576> <RAM>
ST_5 : Operation 97 [1/1] (0.00ns)   --->   "%br_ln0 = br void %arrayidx630.exit"   --->   Operation 97 'br' 'br_ln0' <Predicate = (trunc_ln634 == 10)> <Delay = 0.00>
ST_5 : Operation 98 [1/1] ( I:1.23ns O:1.23ns )   --->   "%store_ln636 = store i4 %storemerge1116, i10 %compute_controller_bool_bool_unsigned_int_bool_bool_bool_bool_bool_u_238" [/home/luka/Scripting/ELEC_498-Capstone-LiteLM/HLS-Verilog/Transformer_logic/src-hls/compute_controller.cpp:636]   --->   Operation 98 'store' 'store_ln636' <Predicate = (trunc_ln634 == 9)> <Delay = 1.23> <CoreInst = "RAM">   --->   Core 82 'RAM' <Latency = 1> <II = 1> <Delay = 1.23> <Storage> <Opcode : 'load' 'store'> <Ports = 2> <Width = 4> <Depth = 576> <RAM>
ST_5 : Operation 99 [1/1] (0.00ns)   --->   "%br_ln0 = br void %arrayidx630.exit"   --->   Operation 99 'br' 'br_ln0' <Predicate = (trunc_ln634 == 9)> <Delay = 0.00>
ST_5 : Operation 100 [1/1] ( I:1.23ns O:1.23ns )   --->   "%store_ln636 = store i4 %storemerge1116, i10 %compute_controller_bool_bool_unsigned_int_bool_bool_bool_bool_bool_u_237" [/home/luka/Scripting/ELEC_498-Capstone-LiteLM/HLS-Verilog/Transformer_logic/src-hls/compute_controller.cpp:636]   --->   Operation 100 'store' 'store_ln636' <Predicate = (trunc_ln634 == 8)> <Delay = 1.23> <CoreInst = "RAM">   --->   Core 82 'RAM' <Latency = 1> <II = 1> <Delay = 1.23> <Storage> <Opcode : 'load' 'store'> <Ports = 2> <Width = 4> <Depth = 576> <RAM>
ST_5 : Operation 101 [1/1] (0.00ns)   --->   "%br_ln0 = br void %arrayidx630.exit"   --->   Operation 101 'br' 'br_ln0' <Predicate = (trunc_ln634 == 8)> <Delay = 0.00>
ST_5 : Operation 102 [1/1] ( I:1.23ns O:1.23ns )   --->   "%store_ln636 = store i4 %storemerge1116, i10 %compute_controller_bool_bool_unsigned_int_bool_bool_bool_bool_bool_u_236" [/home/luka/Scripting/ELEC_498-Capstone-LiteLM/HLS-Verilog/Transformer_logic/src-hls/compute_controller.cpp:636]   --->   Operation 102 'store' 'store_ln636' <Predicate = (trunc_ln634 == 7)> <Delay = 1.23> <CoreInst = "RAM">   --->   Core 82 'RAM' <Latency = 1> <II = 1> <Delay = 1.23> <Storage> <Opcode : 'load' 'store'> <Ports = 2> <Width = 4> <Depth = 576> <RAM>
ST_5 : Operation 103 [1/1] (0.00ns)   --->   "%br_ln0 = br void %arrayidx630.exit"   --->   Operation 103 'br' 'br_ln0' <Predicate = (trunc_ln634 == 7)> <Delay = 0.00>
ST_5 : Operation 104 [1/1] ( I:1.23ns O:1.23ns )   --->   "%store_ln636 = store i4 %storemerge1116, i10 %compute_controller_bool_bool_unsigned_int_bool_bool_bool_bool_bool_u_235" [/home/luka/Scripting/ELEC_498-Capstone-LiteLM/HLS-Verilog/Transformer_logic/src-hls/compute_controller.cpp:636]   --->   Operation 104 'store' 'store_ln636' <Predicate = (trunc_ln634 == 6)> <Delay = 1.23> <CoreInst = "RAM">   --->   Core 82 'RAM' <Latency = 1> <II = 1> <Delay = 1.23> <Storage> <Opcode : 'load' 'store'> <Ports = 2> <Width = 4> <Depth = 576> <RAM>
ST_5 : Operation 105 [1/1] (0.00ns)   --->   "%br_ln0 = br void %arrayidx630.exit"   --->   Operation 105 'br' 'br_ln0' <Predicate = (trunc_ln634 == 6)> <Delay = 0.00>
ST_5 : Operation 106 [1/1] ( I:1.23ns O:1.23ns )   --->   "%store_ln636 = store i4 %storemerge1116, i10 %compute_controller_bool_bool_unsigned_int_bool_bool_bool_bool_bool_u_234" [/home/luka/Scripting/ELEC_498-Capstone-LiteLM/HLS-Verilog/Transformer_logic/src-hls/compute_controller.cpp:636]   --->   Operation 106 'store' 'store_ln636' <Predicate = (trunc_ln634 == 5)> <Delay = 1.23> <CoreInst = "RAM">   --->   Core 82 'RAM' <Latency = 1> <II = 1> <Delay = 1.23> <Storage> <Opcode : 'load' 'store'> <Ports = 2> <Width = 4> <Depth = 576> <RAM>
ST_5 : Operation 107 [1/1] (0.00ns)   --->   "%br_ln0 = br void %arrayidx630.exit"   --->   Operation 107 'br' 'br_ln0' <Predicate = (trunc_ln634 == 5)> <Delay = 0.00>
ST_5 : Operation 108 [1/1] ( I:1.23ns O:1.23ns )   --->   "%store_ln636 = store i4 %storemerge1116, i10 %compute_controller_bool_bool_unsigned_int_bool_bool_bool_bool_bool_u_233" [/home/luka/Scripting/ELEC_498-Capstone-LiteLM/HLS-Verilog/Transformer_logic/src-hls/compute_controller.cpp:636]   --->   Operation 108 'store' 'store_ln636' <Predicate = (trunc_ln634 == 4)> <Delay = 1.23> <CoreInst = "RAM">   --->   Core 82 'RAM' <Latency = 1> <II = 1> <Delay = 1.23> <Storage> <Opcode : 'load' 'store'> <Ports = 2> <Width = 4> <Depth = 576> <RAM>
ST_5 : Operation 109 [1/1] (0.00ns)   --->   "%br_ln0 = br void %arrayidx630.exit"   --->   Operation 109 'br' 'br_ln0' <Predicate = (trunc_ln634 == 4)> <Delay = 0.00>
ST_5 : Operation 110 [1/1] ( I:1.23ns O:1.23ns )   --->   "%store_ln636 = store i4 %storemerge1116, i10 %compute_controller_bool_bool_unsigned_int_bool_bool_bool_bool_bool_u_232" [/home/luka/Scripting/ELEC_498-Capstone-LiteLM/HLS-Verilog/Transformer_logic/src-hls/compute_controller.cpp:636]   --->   Operation 110 'store' 'store_ln636' <Predicate = (trunc_ln634 == 3)> <Delay = 1.23> <CoreInst = "RAM">   --->   Core 82 'RAM' <Latency = 1> <II = 1> <Delay = 1.23> <Storage> <Opcode : 'load' 'store'> <Ports = 2> <Width = 4> <Depth = 576> <RAM>
ST_5 : Operation 111 [1/1] (0.00ns)   --->   "%br_ln0 = br void %arrayidx630.exit"   --->   Operation 111 'br' 'br_ln0' <Predicate = (trunc_ln634 == 3)> <Delay = 0.00>
ST_5 : Operation 112 [1/1] ( I:1.23ns O:1.23ns )   --->   "%store_ln636 = store i4 %storemerge1116, i10 %compute_controller_bool_bool_unsigned_int_bool_bool_bool_bool_bool_u_231" [/home/luka/Scripting/ELEC_498-Capstone-LiteLM/HLS-Verilog/Transformer_logic/src-hls/compute_controller.cpp:636]   --->   Operation 112 'store' 'store_ln636' <Predicate = (trunc_ln634 == 2)> <Delay = 1.23> <CoreInst = "RAM">   --->   Core 82 'RAM' <Latency = 1> <II = 1> <Delay = 1.23> <Storage> <Opcode : 'load' 'store'> <Ports = 2> <Width = 4> <Depth = 576> <RAM>
ST_5 : Operation 113 [1/1] (0.00ns)   --->   "%br_ln0 = br void %arrayidx630.exit"   --->   Operation 113 'br' 'br_ln0' <Predicate = (trunc_ln634 == 2)> <Delay = 0.00>
ST_5 : Operation 114 [1/1] ( I:1.23ns O:1.23ns )   --->   "%store_ln636 = store i4 %storemerge1116, i10 %compute_controller_bool_bool_unsigned_int_bool_bool_bool_bool_bool_u_230" [/home/luka/Scripting/ELEC_498-Capstone-LiteLM/HLS-Verilog/Transformer_logic/src-hls/compute_controller.cpp:636]   --->   Operation 114 'store' 'store_ln636' <Predicate = (trunc_ln634 == 1)> <Delay = 1.23> <CoreInst = "RAM">   --->   Core 82 'RAM' <Latency = 1> <II = 1> <Delay = 1.23> <Storage> <Opcode : 'load' 'store'> <Ports = 2> <Width = 4> <Depth = 576> <RAM>
ST_5 : Operation 115 [1/1] (0.00ns)   --->   "%br_ln0 = br void %arrayidx630.exit"   --->   Operation 115 'br' 'br_ln0' <Predicate = (trunc_ln634 == 1)> <Delay = 0.00>
ST_5 : Operation 116 [1/1] ( I:1.23ns O:1.23ns )   --->   "%store_ln636 = store i4 %storemerge1116, i10 %compute_controller_bool_bool_unsigned_int_bool_bool_bool_bool_bool_u_229" [/home/luka/Scripting/ELEC_498-Capstone-LiteLM/HLS-Verilog/Transformer_logic/src-hls/compute_controller.cpp:636]   --->   Operation 116 'store' 'store_ln636' <Predicate = (trunc_ln634 == 0)> <Delay = 1.23> <CoreInst = "RAM">   --->   Core 82 'RAM' <Latency = 1> <II = 1> <Delay = 1.23> <Storage> <Opcode : 'load' 'store'> <Ports = 2> <Width = 4> <Depth = 576> <RAM>
ST_5 : Operation 117 [1/1] (0.00ns)   --->   "%br_ln0 = br void %arrayidx630.exit"   --->   Operation 117 'br' 'br_ln0' <Predicate = (trunc_ln634 == 0)> <Delay = 0.00>
ST_5 : Operation 118 [1/1] ( I:1.23ns O:1.23ns )   --->   "%store_ln636 = store i4 %storemerge1116, i10 %p_ZZ18compute_controllerbbjRbS_bS_S_RjPKhPhR12ComputeStateS0_RhS6_S6_S6_S_S_S_S_E_107" [/home/luka/Scripting/ELEC_498-Capstone-LiteLM/HLS-Verilog/Transformer_logic/src-hls/compute_controller.cpp:636]   --->   Operation 118 'store' 'store_ln636' <Predicate = (trunc_ln634 == 15)> <Delay = 1.23> <CoreInst = "RAM">   --->   Core 82 'RAM' <Latency = 1> <II = 1> <Delay = 1.23> <Storage> <Opcode : 'load' 'store'> <Ports = 2> <Width = 4> <Depth = 576> <RAM>
ST_5 : Operation 119 [1/1] (0.00ns)   --->   "%br_ln0 = br void %arrayidx630.exit"   --->   Operation 119 'br' 'br_ln0' <Predicate = (trunc_ln634 == 15)> <Delay = 0.00>


============================================================
+ Verbose Summary: Timing violations
============================================================
Target clock period: 10.000ns, clock uncertainty: 2.700ns.

 <State 1>: 2.777ns
The critical path consists of the following:
	'store' operation 0 bit ('store_ln634', /home/luka/Scripting/ELEC_498-Capstone-LiteLM/HLS-Verilog/Transformer_logic/src-hls/compute_controller.cpp:634) of constant 0 on local variable 'i', /home/luka/Scripting/ELEC_498-Capstone-LiteLM/HLS-Verilog/Transformer_logic/src-hls/compute_controller.cpp:634 [24]  (0.427 ns)
	'load' operation 8 bit ('i_load', /home/luka/Scripting/ELEC_498-Capstone-LiteLM/HLS-Verilog/Transformer_logic/src-hls/compute_controller.cpp:634) on local variable 'i', /home/luka/Scripting/ELEC_498-Capstone-LiteLM/HLS-Verilog/Transformer_logic/src-hls/compute_controller.cpp:634 [32]  (0.000 ns)
	'icmp' operation 1 bit ('icmp_ln634', /home/luka/Scripting/ELEC_498-Capstone-LiteLM/HLS-Verilog/Transformer_logic/src-hls/compute_controller.cpp:634) [36]  (0.765 ns)
	'select' operation 8 bit ('select_ln633', /home/luka/Scripting/ELEC_498-Capstone-LiteLM/HLS-Verilog/Transformer_logic/src-hls/compute_controller.cpp:633) [37]  (0.393 ns)
	'add' operation 8 bit ('add_ln634', /home/luka/Scripting/ELEC_498-Capstone-LiteLM/HLS-Verilog/Transformer_logic/src-hls/compute_controller.cpp:634) [140]  (0.765 ns)
	'store' operation 0 bit ('store_ln634', /home/luka/Scripting/ELEC_498-Capstone-LiteLM/HLS-Verilog/Transformer_logic/src-hls/compute_controller.cpp:634) of variable 'add_ln634', /home/luka/Scripting/ELEC_498-Capstone-LiteLM/HLS-Verilog/Transformer_logic/src-hls/compute_controller.cpp:634 on local variable 'i', /home/luka/Scripting/ELEC_498-Capstone-LiteLM/HLS-Verilog/Transformer_logic/src-hls/compute_controller.cpp:634 [143]  (0.427 ns)

 <State 2>: 0.996ns
The critical path consists of the following:
	'mul' operation 9 bit of DSP[72] ('empty', /home/luka/Scripting/ELEC_498-Capstone-LiteLM/HLS-Verilog/Transformer_logic/src-hls/compute_controller.cpp:633) [42]  (0.996 ns)

 <State 3>: 0.765ns
The critical path consists of the following:
	'icmp' operation 1 bit ('icmp_ln636', /home/luka/Scripting/ELEC_498-Capstone-LiteLM/HLS-Verilog/Transformer_logic/src-hls/compute_controller.cpp:636) [50]  (0.765 ns)

 <State 4>: 3.821ns
The critical path consists of the following:
	'add' operation 9 bit of DSP[72] ('add_ln638', /home/luka/Scripting/ELEC_498-Capstone-LiteLM/HLS-Verilog/Transformer_logic/src-hls/compute_controller.cpp:638) [72]  (0.645 ns)
	'sub' operation 9 bit ('sub_ln580', /home/luka/Scripting/ELEC_498-Capstone-LiteLM/HLS-Verilog/Transformer_logic/src-hls/../../top_params.hpp:580->/home/luka/Scripting/ELEC_498-Capstone-LiteLM/HLS-Verilog/Transformer_logic/src-hls/compute_controller.cpp:638) [76]  (0.776 ns)
	'sub' operation 9 bit ('sub_ln580_1', /home/luka/Scripting/ELEC_498-Capstone-LiteLM/HLS-Verilog/Transformer_logic/src-hls/../../top_params.hpp:580->/home/luka/Scripting/ELEC_498-Capstone-LiteLM/HLS-Verilog/Transformer_logic/src-hls/compute_controller.cpp:638) [79]  (0.765 ns)
	'select' operation 9 bit ('select_ln580', /home/luka/Scripting/ELEC_498-Capstone-LiteLM/HLS-Verilog/Transformer_logic/src-hls/../../top_params.hpp:580->/home/luka/Scripting/ELEC_498-Capstone-LiteLM/HLS-Verilog/Transformer_logic/src-hls/compute_controller.cpp:638) [82]  (0.398 ns)
	'getelementptr' operation 13 bit ('in_buf_addr', /home/luka/Scripting/ELEC_498-Capstone-LiteLM/HLS-Verilog/Transformer_logic/src-hls/../../top_params.hpp:581->/home/luka/Scripting/ELEC_498-Capstone-LiteLM/HLS-Verilog/Transformer_logic/src-hls/compute_controller.cpp:638) [84]  (0.000 ns)
	'load' operation 8 bit ('byte_val', /home/luka/Scripting/ELEC_498-Capstone-LiteLM/HLS-Verilog/Transformer_logic/src-hls/../../top_params.hpp:581->/home/luka/Scripting/ELEC_498-Capstone-LiteLM/HLS-Verilog/Transformer_logic/src-hls/compute_controller.cpp:638) on array 'in_buf' [85]  (1.237 ns)

 <State 5>: 2.865ns
The critical path consists of the following:
	'load' operation 8 bit ('byte_val', /home/luka/Scripting/ELEC_498-Capstone-LiteLM/HLS-Verilog/Transformer_logic/src-hls/../../top_params.hpp:581->/home/luka/Scripting/ELEC_498-Capstone-LiteLM/HLS-Verilog/Transformer_logic/src-hls/compute_controller.cpp:638) on array 'in_buf' [85]  (1.237 ns)
	'select' operation 4 bit ('nibble', /home/luka/Scripting/ELEC_498-Capstone-LiteLM/HLS-Verilog/Transformer_logic/src-hls/../../top_params.hpp:582->/home/luka/Scripting/ELEC_498-Capstone-LiteLM/HLS-Verilog/Transformer_logic/src-hls/compute_controller.cpp:638) [88]  (0.000 ns)
	'select' operation 4 bit ('storemerge1116', /home/luka/Scripting/ELEC_498-Capstone-LiteLM/HLS-Verilog/Transformer_logic/src-hls/compute_controller.cpp:636) [89]  (0.391 ns)
	'store' operation 0 bit ('store_ln636', /home/luka/Scripting/ELEC_498-Capstone-LiteLM/HLS-Verilog/Transformer_logic/src-hls/compute_controller.cpp:636) of variable 'storemerge1116', /home/luka/Scripting/ELEC_498-Capstone-LiteLM/HLS-Verilog/Transformer_logic/src-hls/compute_controller.cpp:636 on array 'p_ZZ18compute_controllerbbjRbS_bS_S_RjPKhPhR12ComputeStateS0_RhS6_S6_S6_S_S_S_S_E_25' [92]  (1.237 ns)


============================================================
+ Verbose Summary: Binding
============================================================
N/A
* FSMD analyzer results:
  - Output states:
 - Input state : 
  - Chain level:
	State 1
	State 2
	State 3
	State 4
	State 5


============================================================
+ Verbose Summary: Datapath Resource usage 
============================================================
N/A
