

================================================================
== Vitis HLS Report for 'compute_controller_Pipeline_VITIS_LOOP_474_18'
================================================================
* Date:           Sat Jan 24 18:00:35 2026

* Version:        2025.1 (Build 6135595 on May 21 2025)
* Project:        compute_controller
* Solution:       hls (Vivado IP Flow Target)
* Product family: zynquplus
* Target device:  xck26-sfvc784-2LV-c


================================================================
== Performance Estimates
================================================================
+ Timing: 
    * Summary: 
    +--------+----------+----------+------------+
    |  Clock |  Target  | Estimated| Uncertainty|
    +--------+----------+----------+------------+
    |ap_clk  |  10.00 ns|  2.057 ns|     2.70 ns|
    +--------+----------+----------+------------+

+ Latency: 
    * Summary: 
    +---------+---------+----------+----------+-----+-----+------------------------------------------------+
    |  Latency (cycles) |  Latency (absolute) |  Interval |                    Pipeline                    |
    |   min   |   max   |    min   |    max   | min | max |                      Type                      |
    +---------+---------+----------+----------+-----+-----+------------------------------------------------+
    |      387|      387|  3.870 us|  3.870 us|  386|  386|  loop auto-rewind stp (delay=0 clock cycles(s))|
    +---------+---------+----------+----------+-----+-----+------------------------------------------------+

    + Detail: 
        * Instance: 
        N/A

        * Loop: 
        +---------------------+---------+---------+----------+-----------+-----------+------+----------+
        |                     |  Latency (cycles) | Iteration|  Initiation Interval  | Trip |          |
        |      Loop Name      |   min   |   max   |  Latency |  achieved |   target  | Count| Pipelined|
        +---------------------+---------+---------+----------+-----------+-----------+------+----------+
        |- VITIS_LOOP_474_18  |      385|      385|         4|          2|          1|   192|       yes|
        +---------------------+---------+---------+----------+-----------+-----------+------+----------+

============================================================
+ Verbose Summary: Synthesis Manager
============================================================
InlineROM: 1
ExposeGlobal: 0
============================================================
+ Verbose Summary: CDFG Model
============================================================
IsTopModel: 0
ResetActiveHigh: 1
IsCombinational: 0
IsDatapathOnly: 0
HasWiredReturn: 1
HasMFsm: 2
HasVarLatency: 1
IsPipeline: 0
IsRtlPipelined: 0
IsInstanceOverlapped: 0
IsDontTouch: 0
HasImplIP: 0
IsGatedGlobalClock: 0

+ Individual pipeline summary: 
  * Pipeline-0: initiation interval (II) = 2, depth = 4


============================================================
+ Verbose Summary: Schedule
============================================================
* Number of FSM states : 4
* Pipeline : 1
  Pipeline-0 : II = 2, D = 4, States = { 1 2 3 4 }
* Dataflow Pipeline: 0

* FSM state transitions: 
1 --> 2 
2 --> 3 
3 --> 4 
4 --> 

* FSM state operations: 

State 1 <SV = 0> <Delay = 1.22>
ST_1 : Operation 7 [1/1] (0.00ns)   --->   "%i = alloca i32 1" [/home/luka/Scripting/ELEC_498-Capstone-LiteLM/HLS-Verilog/Transformer_logic/src-hls/compute_controller.cpp:474]   --->   Operation 7 'alloca' 'i' <Predicate = true> <Delay = 0.00>
ST_1 : Operation 8 [1/1] (0.00ns)   --->   "%specinterface_ln0 = specinterface void @_ssdm_op_SpecInterface, i8 %in_buf, void @empty_22, i32 0, i32 0, void @empty_15, i32 4294967295, i32 0, void @empty_15, void @empty_15, void @empty_15, i32 0, i32 0, i32 0, i32 0, void @empty_15, void @empty_15, i32 4294967295, i32 0, i32 0"   --->   Operation 8 'specinterface' 'specinterface_ln0' <Predicate = true> <Delay = 0.00>
ST_1 : Operation 9 [1/1] (0.42ns)   --->   "%store_ln474 = store i8 0, i8 %i" [/home/luka/Scripting/ELEC_498-Capstone-LiteLM/HLS-Verilog/Transformer_logic/src-hls/compute_controller.cpp:474]   --->   Operation 9 'store' 'store_ln474' <Predicate = true> <Delay = 0.42>
ST_1 : Operation 10 [1/1] (0.00ns)   --->   "%br_ln0 = br void %for.inc330"   --->   Operation 10 'br' 'br_ln0' <Predicate = true> <Delay = 0.00>
ST_1 : Operation 11 [1/1] (0.00ns)   --->   "%i_9 = load i8 %i" [/home/luka/Scripting/ELEC_498-Capstone-LiteLM/HLS-Verilog/Transformer_logic/src-hls/compute_controller.cpp:474]   --->   Operation 11 'load' 'i_9' <Predicate = true> <Delay = 0.00>
ST_1 : Operation 12 [1/1] (0.76ns)   --->   "%icmp_ln474 = icmp_eq  i8 %i_9, i8 192" [/home/luka/Scripting/ELEC_498-Capstone-LiteLM/HLS-Verilog/Transformer_logic/src-hls/compute_controller.cpp:474]   --->   Operation 12 'icmp' 'icmp_ln474' <Predicate = true> <Delay = 0.76> <CoreInst = "Cmp">   --->   Core 9 'Cmp' <Latency = 0> <II = 1> <Delay = 0.76> <FuncUnit> <Opcode : 'seteq' 'setne' 'setle' 'setge' 'setlt' 'setgt'> <InPorts = 2> <OutPorts = 1>
ST_1 : Operation 13 [1/1] (0.00ns)   --->   "%br_ln474 = br i1 %icmp_ln474, void %for.inc330.split, void %for.end332.exitStub" [/home/luka/Scripting/ELEC_498-Capstone-LiteLM/HLS-Verilog/Transformer_logic/src-hls/compute_controller.cpp:474]   --->   Operation 13 'br' 'br_ln474' <Predicate = true> <Delay = 0.00>
ST_1 : Operation 14 [1/1] (0.00ns)   --->   "%trunc_ln474 = trunc i8 %i_9" [/home/luka/Scripting/ELEC_498-Capstone-LiteLM/HLS-Verilog/Transformer_logic/src-hls/compute_controller.cpp:474]   --->   Operation 14 'trunc' 'trunc_ln474' <Predicate = (!icmp_ln474)> <Delay = 0.00>
ST_1 : Operation 15 [1/1] (0.79ns)   --->   "%switch_ln476 = switch i4 %trunc_ln474, void %arrayidx329.case.15, i4 0, void %arrayidx329.case.0, i4 1, void %arrayidx329.case.1, i4 2, void %arrayidx329.case.2, i4 3, void %arrayidx329.case.3, i4 4, void %arrayidx329.case.4, i4 5, void %arrayidx329.case.5, i4 6, void %arrayidx329.case.6, i4 7, void %arrayidx329.case.7, i4 8, void %arrayidx329.case.8, i4 9, void %arrayidx329.case.9, i4 10, void %arrayidx329.case.10, i4 11, void %arrayidx329.case.11, i4 12, void %arrayidx329.case.12, i4 13, void %arrayidx329.case.13, i4 14, void %arrayidx329.case.14" [/home/luka/Scripting/ELEC_498-Capstone-LiteLM/HLS-Verilog/Transformer_logic/src-hls/compute_controller.cpp:476]   --->   Operation 15 'switch' 'switch_ln476' <Predicate = (!icmp_ln474)> <Delay = 0.79>
ST_1 : Operation 16 [1/1] (0.00ns)   --->   "%br_ln476 = br void %arrayidx329.exit" [/home/luka/Scripting/ELEC_498-Capstone-LiteLM/HLS-Verilog/Transformer_logic/src-hls/compute_controller.cpp:476]   --->   Operation 16 'br' 'br_ln476' <Predicate = (!icmp_ln474 & trunc_ln474 == 14)> <Delay = 0.00>
ST_1 : Operation 17 [1/1] (0.00ns)   --->   "%br_ln476 = br void %arrayidx329.exit" [/home/luka/Scripting/ELEC_498-Capstone-LiteLM/HLS-Verilog/Transformer_logic/src-hls/compute_controller.cpp:476]   --->   Operation 17 'br' 'br_ln476' <Predicate = (!icmp_ln474 & trunc_ln474 == 13)> <Delay = 0.00>
ST_1 : Operation 18 [1/1] (0.00ns)   --->   "%br_ln476 = br void %arrayidx329.exit" [/home/luka/Scripting/ELEC_498-Capstone-LiteLM/HLS-Verilog/Transformer_logic/src-hls/compute_controller.cpp:476]   --->   Operation 18 'br' 'br_ln476' <Predicate = (!icmp_ln474 & trunc_ln474 == 12)> <Delay = 0.00>
ST_1 : Operation 19 [1/1] (0.00ns)   --->   "%br_ln476 = br void %arrayidx329.exit" [/home/luka/Scripting/ELEC_498-Capstone-LiteLM/HLS-Verilog/Transformer_logic/src-hls/compute_controller.cpp:476]   --->   Operation 19 'br' 'br_ln476' <Predicate = (!icmp_ln474 & trunc_ln474 == 11)> <Delay = 0.00>
ST_1 : Operation 20 [1/1] (0.00ns)   --->   "%br_ln476 = br void %arrayidx329.exit" [/home/luka/Scripting/ELEC_498-Capstone-LiteLM/HLS-Verilog/Transformer_logic/src-hls/compute_controller.cpp:476]   --->   Operation 20 'br' 'br_ln476' <Predicate = (!icmp_ln474 & trunc_ln474 == 10)> <Delay = 0.00>
ST_1 : Operation 21 [1/1] (0.00ns)   --->   "%br_ln476 = br void %arrayidx329.exit" [/home/luka/Scripting/ELEC_498-Capstone-LiteLM/HLS-Verilog/Transformer_logic/src-hls/compute_controller.cpp:476]   --->   Operation 21 'br' 'br_ln476' <Predicate = (!icmp_ln474 & trunc_ln474 == 9)> <Delay = 0.00>
ST_1 : Operation 22 [1/1] (0.00ns)   --->   "%br_ln476 = br void %arrayidx329.exit" [/home/luka/Scripting/ELEC_498-Capstone-LiteLM/HLS-Verilog/Transformer_logic/src-hls/compute_controller.cpp:476]   --->   Operation 22 'br' 'br_ln476' <Predicate = (!icmp_ln474 & trunc_ln474 == 8)> <Delay = 0.00>
ST_1 : Operation 23 [1/1] (0.00ns)   --->   "%br_ln476 = br void %arrayidx329.exit" [/home/luka/Scripting/ELEC_498-Capstone-LiteLM/HLS-Verilog/Transformer_logic/src-hls/compute_controller.cpp:476]   --->   Operation 23 'br' 'br_ln476' <Predicate = (!icmp_ln474 & trunc_ln474 == 7)> <Delay = 0.00>
ST_1 : Operation 24 [1/1] (0.00ns)   --->   "%br_ln476 = br void %arrayidx329.exit" [/home/luka/Scripting/ELEC_498-Capstone-LiteLM/HLS-Verilog/Transformer_logic/src-hls/compute_controller.cpp:476]   --->   Operation 24 'br' 'br_ln476' <Predicate = (!icmp_ln474 & trunc_ln474 == 6)> <Delay = 0.00>
ST_1 : Operation 25 [1/1] (0.00ns)   --->   "%br_ln476 = br void %arrayidx329.exit" [/home/luka/Scripting/ELEC_498-Capstone-LiteLM/HLS-Verilog/Transformer_logic/src-hls/compute_controller.cpp:476]   --->   Operation 25 'br' 'br_ln476' <Predicate = (!icmp_ln474 & trunc_ln474 == 5)> <Delay = 0.00>
ST_1 : Operation 26 [1/1] (0.00ns)   --->   "%br_ln476 = br void %arrayidx329.exit" [/home/luka/Scripting/ELEC_498-Capstone-LiteLM/HLS-Verilog/Transformer_logic/src-hls/compute_controller.cpp:476]   --->   Operation 26 'br' 'br_ln476' <Predicate = (!icmp_ln474 & trunc_ln474 == 4)> <Delay = 0.00>
ST_1 : Operation 27 [1/1] (0.00ns)   --->   "%br_ln476 = br void %arrayidx329.exit" [/home/luka/Scripting/ELEC_498-Capstone-LiteLM/HLS-Verilog/Transformer_logic/src-hls/compute_controller.cpp:476]   --->   Operation 27 'br' 'br_ln476' <Predicate = (!icmp_ln474 & trunc_ln474 == 3)> <Delay = 0.00>
ST_1 : Operation 28 [1/1] (0.00ns)   --->   "%br_ln476 = br void %arrayidx329.exit" [/home/luka/Scripting/ELEC_498-Capstone-LiteLM/HLS-Verilog/Transformer_logic/src-hls/compute_controller.cpp:476]   --->   Operation 28 'br' 'br_ln476' <Predicate = (!icmp_ln474 & trunc_ln474 == 2)> <Delay = 0.00>
ST_1 : Operation 29 [1/1] (0.00ns)   --->   "%br_ln476 = br void %arrayidx329.exit" [/home/luka/Scripting/ELEC_498-Capstone-LiteLM/HLS-Verilog/Transformer_logic/src-hls/compute_controller.cpp:476]   --->   Operation 29 'br' 'br_ln476' <Predicate = (!icmp_ln474 & trunc_ln474 == 1)> <Delay = 0.00>
ST_1 : Operation 30 [1/1] (0.00ns)   --->   "%br_ln476 = br void %arrayidx329.exit" [/home/luka/Scripting/ELEC_498-Capstone-LiteLM/HLS-Verilog/Transformer_logic/src-hls/compute_controller.cpp:476]   --->   Operation 30 'br' 'br_ln476' <Predicate = (!icmp_ln474 & trunc_ln474 == 0)> <Delay = 0.00>
ST_1 : Operation 31 [1/1] (0.00ns)   --->   "%br_ln476 = br void %arrayidx329.exit" [/home/luka/Scripting/ELEC_498-Capstone-LiteLM/HLS-Verilog/Transformer_logic/src-hls/compute_controller.cpp:476]   --->   Operation 31 'br' 'br_ln476' <Predicate = (!icmp_ln474 & trunc_ln474 == 15)> <Delay = 0.00>

State 2 <SV = 1> <Delay = 2.05>
ST_2 : Operation 32 [1/1] (0.76ns)   --->   "%add_ln474 = add i8 %i_9, i8 1" [/home/luka/Scripting/ELEC_498-Capstone-LiteLM/HLS-Verilog/Transformer_logic/src-hls/compute_controller.cpp:474]   --->   Operation 32 'add' 'add_ln474' <Predicate = true> <Delay = 0.76> <CoreInst = "Adder">   --->   Core 1 'Adder' <Latency = 0> <II = 1> <Delay = 0.76> <FuncUnit> <Opcode : 'add' 'sub'> <InPorts = 2> <OutPorts = 1>
ST_2 : Operation 33 [1/1] (0.00ns)   --->   "%lshr_ln1 = partselect i4 @_ssdm_op_PartSelect.i4.i8.i32.i32, i8 %i_9, i32 4, i32 7" [/home/luka/Scripting/ELEC_498-Capstone-LiteLM/HLS-Verilog/Transformer_logic/src-hls/compute_controller.cpp:474]   --->   Operation 33 'partselect' 'lshr_ln1' <Predicate = (!icmp_ln474)> <Delay = 0.00>
ST_2 : Operation 34 [1/1] (0.00ns)   --->   "%shl_ln = bitconcatenate i10 @_ssdm_op_BitConcatenate.i10.i8.i2, i8 %i_9, i2 0" [/home/luka/Scripting/ELEC_498-Capstone-LiteLM/HLS-Verilog/Transformer_logic/src-hls/compute_controller.cpp:476]   --->   Operation 34 'bitconcatenate' 'shl_ln' <Predicate = (!icmp_ln474)> <Delay = 0.00>
ST_2 : Operation 35 [1/1] (0.00ns)   --->   "%zext_ln476 = zext i10 %shl_ln" [/home/luka/Scripting/ELEC_498-Capstone-LiteLM/HLS-Verilog/Transformer_logic/src-hls/compute_controller.cpp:476]   --->   Operation 35 'zext' 'zext_ln476' <Predicate = (!icmp_ln474)> <Delay = 0.00>
ST_2 : Operation 36 [3/3] (2.05ns)   --->   "%tmp = call i32 @read_i32, i8 %in_buf, i13 %zext_ln476" [/home/luka/Scripting/ELEC_498-Capstone-LiteLM/HLS-Verilog/Transformer_logic/src-hls/compute_controller.cpp:476]   --->   Operation 36 'call' 'tmp' <Predicate = (!icmp_ln474)> <Delay = 2.05> <CoreType = "Generic">   --->   Generic Core
ST_2 : Operation 37 [1/1] (0.42ns)   --->   "%store_ln474 = store i8 %add_ln474, i8 %i" [/home/luka/Scripting/ELEC_498-Capstone-LiteLM/HLS-Verilog/Transformer_logic/src-hls/compute_controller.cpp:474]   --->   Operation 37 'store' 'store_ln474' <Predicate = (!icmp_ln474)> <Delay = 0.42>
ST_2 : Operation 38 [1/1] (0.00ns)   --->   "%br_ln474 = br void %for.inc330" [/home/luka/Scripting/ELEC_498-Capstone-LiteLM/HLS-Verilog/Transformer_logic/src-hls/compute_controller.cpp:474]   --->   Operation 38 'br' 'br_ln474' <Predicate = (!icmp_ln474)> <Delay = 0.00>
ST_2 : Operation 77 [1/1] (0.42ns)   --->   "%ret_ln0 = ret"   --->   Operation 77 'ret' 'ret_ln0' <Predicate = (icmp_ln474)> <Delay = 0.42>

State 3 <SV = 2> <Delay = 2.05>
ST_3 : Operation 39 [2/3] (2.05ns)   --->   "%tmp = call i32 @read_i32, i8 %in_buf, i13 %zext_ln476" [/home/luka/Scripting/ELEC_498-Capstone-LiteLM/HLS-Verilog/Transformer_logic/src-hls/compute_controller.cpp:476]   --->   Operation 39 'call' 'tmp' <Predicate = (!icmp_ln474)> <Delay = 2.05> <CoreType = "Generic">   --->   Generic Core

State 4 <SV = 3> <Delay = 1.91>
ST_4 : Operation 40 [1/1] (0.00ns)   --->   "%specpipeline_ln475 = specpipeline void @_ssdm_op_SpecPipeline, i32 1, i32 0, i32 0, i32 0, void @empty_15" [/home/luka/Scripting/ELEC_498-Capstone-LiteLM/HLS-Verilog/Transformer_logic/src-hls/compute_controller.cpp:475]   --->   Operation 40 'specpipeline' 'specpipeline_ln475' <Predicate = true> <Delay = 0.00>
ST_4 : Operation 41 [1/1] (0.00ns)   --->   "%speclooptripcount_ln474 = speclooptripcount void @_ssdm_op_SpecLoopTripCount, i64 192, i64 192, i64 192" [/home/luka/Scripting/ELEC_498-Capstone-LiteLM/HLS-Verilog/Transformer_logic/src-hls/compute_controller.cpp:474]   --->   Operation 41 'speclooptripcount' 'speclooptripcount_ln474' <Predicate = true> <Delay = 0.00>
ST_4 : Operation 42 [1/1] (0.00ns)   --->   "%specloopname_ln474 = specloopname void @_ssdm_op_SpecLoopName, void @empty_3" [/home/luka/Scripting/ELEC_498-Capstone-LiteLM/HLS-Verilog/Transformer_logic/src-hls/compute_controller.cpp:474]   --->   Operation 42 'specloopname' 'specloopname_ln474' <Predicate = true> <Delay = 0.00>
ST_4 : Operation 43 [1/1] (0.00ns)   --->   "%zext_ln474 = zext i4 %lshr_ln1" [/home/luka/Scripting/ELEC_498-Capstone-LiteLM/HLS-Verilog/Transformer_logic/src-hls/compute_controller.cpp:474]   --->   Operation 43 'zext' 'zext_ln474' <Predicate = true> <Delay = 0.00>
ST_4 : Operation 44 [1/3] (1.23ns)   --->   "%tmp = call i32 @read_i32, i8 %in_buf, i13 %zext_ln476" [/home/luka/Scripting/ELEC_498-Capstone-LiteLM/HLS-Verilog/Transformer_logic/src-hls/compute_controller.cpp:476]   --->   Operation 44 'call' 'tmp' <Predicate = true> <Delay = 1.23> <CoreType = "Generic">   --->   Generic Core
ST_4 : Operation 45 [1/1] (0.00ns)   --->   "%compute_controller_bool_bool_unsigned_int_bool_bool_bool_bool_bool_u_479 = getelementptr i32 %compute_controller_bool_bool_unsigned_int_bool_bool_bool_bool_bool_u_40, i64 0, i64 %zext_ln474" [/home/luka/Scripting/ELEC_498-Capstone-LiteLM/HLS-Verilog/Transformer_logic/src-hls/compute_controller.cpp:476]   --->   Operation 45 'getelementptr' 'compute_controller_bool_bool_unsigned_int_bool_bool_bool_bool_bool_u_479' <Predicate = true> <Delay = 0.00>
ST_4 : Operation 46 [1/1] (0.00ns)   --->   "%compute_controller_bool_bool_unsigned_int_bool_bool_bool_bool_bool_u_480 = getelementptr i32 %compute_controller_bool_bool_unsigned_int_bool_bool_bool_bool_bool_u_41, i64 0, i64 %zext_ln474" [/home/luka/Scripting/ELEC_498-Capstone-LiteLM/HLS-Verilog/Transformer_logic/src-hls/compute_controller.cpp:476]   --->   Operation 46 'getelementptr' 'compute_controller_bool_bool_unsigned_int_bool_bool_bool_bool_bool_u_480' <Predicate = true> <Delay = 0.00>
ST_4 : Operation 47 [1/1] (0.00ns)   --->   "%compute_controller_bool_bool_unsigned_int_bool_bool_bool_bool_bool_u_481 = getelementptr i32 %compute_controller_bool_bool_unsigned_int_bool_bool_bool_bool_bool_u_42, i64 0, i64 %zext_ln474" [/home/luka/Scripting/ELEC_498-Capstone-LiteLM/HLS-Verilog/Transformer_logic/src-hls/compute_controller.cpp:476]   --->   Operation 47 'getelementptr' 'compute_controller_bool_bool_unsigned_int_bool_bool_bool_bool_bool_u_481' <Predicate = true> <Delay = 0.00>
ST_4 : Operation 48 [1/1] (0.00ns)   --->   "%compute_controller_bool_bool_unsigned_int_bool_bool_bool_bool_bool_u_482 = getelementptr i32 %compute_controller_bool_bool_unsigned_int_bool_bool_bool_bool_bool_u_43, i64 0, i64 %zext_ln474" [/home/luka/Scripting/ELEC_498-Capstone-LiteLM/HLS-Verilog/Transformer_logic/src-hls/compute_controller.cpp:476]   --->   Operation 48 'getelementptr' 'compute_controller_bool_bool_unsigned_int_bool_bool_bool_bool_bool_u_482' <Predicate = true> <Delay = 0.00>
ST_4 : Operation 49 [1/1] (0.00ns)   --->   "%compute_controller_bool_bool_unsigned_int_bool_bool_bool_bool_bool_u_483 = getelementptr i32 %compute_controller_bool_bool_unsigned_int_bool_bool_bool_bool_bool_u_44, i64 0, i64 %zext_ln474" [/home/luka/Scripting/ELEC_498-Capstone-LiteLM/HLS-Verilog/Transformer_logic/src-hls/compute_controller.cpp:476]   --->   Operation 49 'getelementptr' 'compute_controller_bool_bool_unsigned_int_bool_bool_bool_bool_bool_u_483' <Predicate = true> <Delay = 0.00>
ST_4 : Operation 50 [1/1] (0.00ns)   --->   "%compute_controller_bool_bool_unsigned_int_bool_bool_bool_bool_bool_u_484 = getelementptr i32 %compute_controller_bool_bool_unsigned_int_bool_bool_bool_bool_bool_u_45, i64 0, i64 %zext_ln474" [/home/luka/Scripting/ELEC_498-Capstone-LiteLM/HLS-Verilog/Transformer_logic/src-hls/compute_controller.cpp:476]   --->   Operation 50 'getelementptr' 'compute_controller_bool_bool_unsigned_int_bool_bool_bool_bool_bool_u_484' <Predicate = true> <Delay = 0.00>
ST_4 : Operation 51 [1/1] (0.00ns)   --->   "%compute_controller_bool_bool_unsigned_int_bool_bool_bool_bool_bool_u_485 = getelementptr i32 %compute_controller_bool_bool_unsigned_int_bool_bool_bool_bool_bool_u_46, i64 0, i64 %zext_ln474" [/home/luka/Scripting/ELEC_498-Capstone-LiteLM/HLS-Verilog/Transformer_logic/src-hls/compute_controller.cpp:476]   --->   Operation 51 'getelementptr' 'compute_controller_bool_bool_unsigned_int_bool_bool_bool_bool_bool_u_485' <Predicate = true> <Delay = 0.00>
ST_4 : Operation 52 [1/1] (0.00ns)   --->   "%compute_controller_bool_bool_unsigned_int_bool_bool_bool_bool_bool_u_486 = getelementptr i32 %compute_controller_bool_bool_unsigned_int_bool_bool_bool_bool_bool_u_47, i64 0, i64 %zext_ln474" [/home/luka/Scripting/ELEC_498-Capstone-LiteLM/HLS-Verilog/Transformer_logic/src-hls/compute_controller.cpp:476]   --->   Operation 52 'getelementptr' 'compute_controller_bool_bool_unsigned_int_bool_bool_bool_bool_bool_u_486' <Predicate = true> <Delay = 0.00>
ST_4 : Operation 53 [1/1] (0.00ns)   --->   "%compute_controller_bool_bool_unsigned_int_bool_bool_bool_bool_bool_u_487 = getelementptr i32 %compute_controller_bool_bool_unsigned_int_bool_bool_bool_bool_bool_u_48, i64 0, i64 %zext_ln474" [/home/luka/Scripting/ELEC_498-Capstone-LiteLM/HLS-Verilog/Transformer_logic/src-hls/compute_controller.cpp:476]   --->   Operation 53 'getelementptr' 'compute_controller_bool_bool_unsigned_int_bool_bool_bool_bool_bool_u_487' <Predicate = true> <Delay = 0.00>
ST_4 : Operation 54 [1/1] (0.00ns)   --->   "%compute_controller_bool_bool_unsigned_int_bool_bool_bool_bool_bool_u_488 = getelementptr i32 %compute_controller_bool_bool_unsigned_int_bool_bool_bool_bool_bool_u_49, i64 0, i64 %zext_ln474" [/home/luka/Scripting/ELEC_498-Capstone-LiteLM/HLS-Verilog/Transformer_logic/src-hls/compute_controller.cpp:476]   --->   Operation 54 'getelementptr' 'compute_controller_bool_bool_unsigned_int_bool_bool_bool_bool_bool_u_488' <Predicate = true> <Delay = 0.00>
ST_4 : Operation 55 [1/1] (0.00ns)   --->   "%p_ZZ18compute_controllerbbjRbS_bS_S_RjPKhPhR12ComputeStateS0_RhS6_S6_S6_S_S_S_S_E_252 = getelementptr i32 %p_ZZ18compute_controllerbbjRbS_bS_S_RjPKhPhR12ComputeStateS0_RhS6_S6_S6_S_S_S_S_E_65, i64 0, i64 %zext_ln474" [/home/luka/Scripting/ELEC_498-Capstone-LiteLM/HLS-Verilog/Transformer_logic/src-hls/compute_controller.cpp:476]   --->   Operation 55 'getelementptr' 'p_ZZ18compute_controllerbbjRbS_bS_S_RjPKhPhR12ComputeStateS0_RhS6_S6_S6_S_S_S_S_E_252' <Predicate = true> <Delay = 0.00>
ST_4 : Operation 56 [1/1] (0.00ns)   --->   "%p_ZZ18compute_controllerbbjRbS_bS_S_RjPKhPhR12ComputeStateS0_RhS6_S6_S6_S_S_S_S_E_253 = getelementptr i32 %p_ZZ18compute_controllerbbjRbS_bS_S_RjPKhPhR12ComputeStateS0_RhS6_S6_S6_S_S_S_S_E_64, i64 0, i64 %zext_ln474" [/home/luka/Scripting/ELEC_498-Capstone-LiteLM/HLS-Verilog/Transformer_logic/src-hls/compute_controller.cpp:476]   --->   Operation 56 'getelementptr' 'p_ZZ18compute_controllerbbjRbS_bS_S_RjPKhPhR12ComputeStateS0_RhS6_S6_S6_S_S_S_S_E_253' <Predicate = true> <Delay = 0.00>
ST_4 : Operation 57 [1/1] (0.00ns)   --->   "%p_ZZ18compute_controllerbbjRbS_bS_S_RjPKhPhR12ComputeStateS0_RhS6_S6_S6_S_S_S_S_E_254 = getelementptr i32 %p_ZZ18compute_controllerbbjRbS_bS_S_RjPKhPhR12ComputeStateS0_RhS6_S6_S6_S_S_S_S_E_63, i64 0, i64 %zext_ln474" [/home/luka/Scripting/ELEC_498-Capstone-LiteLM/HLS-Verilog/Transformer_logic/src-hls/compute_controller.cpp:476]   --->   Operation 57 'getelementptr' 'p_ZZ18compute_controllerbbjRbS_bS_S_RjPKhPhR12ComputeStateS0_RhS6_S6_S6_S_S_S_S_E_254' <Predicate = true> <Delay = 0.00>
ST_4 : Operation 58 [1/1] (0.00ns)   --->   "%p_ZZ18compute_controllerbbjRbS_bS_S_RjPKhPhR12ComputeStateS0_RhS6_S6_S6_S_S_S_S_E_255 = getelementptr i32 %p_ZZ18compute_controllerbbjRbS_bS_S_RjPKhPhR12ComputeStateS0_RhS6_S6_S6_S_S_S_S_E_62, i64 0, i64 %zext_ln474" [/home/luka/Scripting/ELEC_498-Capstone-LiteLM/HLS-Verilog/Transformer_logic/src-hls/compute_controller.cpp:476]   --->   Operation 58 'getelementptr' 'p_ZZ18compute_controllerbbjRbS_bS_S_RjPKhPhR12ComputeStateS0_RhS6_S6_S6_S_S_S_S_E_255' <Predicate = true> <Delay = 0.00>
ST_4 : Operation 59 [1/1] (0.00ns)   --->   "%p_ZZ18compute_controllerbbjRbS_bS_S_RjPKhPhR12ComputeStateS0_RhS6_S6_S6_S_S_S_S_E_256 = getelementptr i32 %p_ZZ18compute_controllerbbjRbS_bS_S_RjPKhPhR12ComputeStateS0_RhS6_S6_S6_S_S_S_S_E_61, i64 0, i64 %zext_ln474" [/home/luka/Scripting/ELEC_498-Capstone-LiteLM/HLS-Verilog/Transformer_logic/src-hls/compute_controller.cpp:476]   --->   Operation 59 'getelementptr' 'p_ZZ18compute_controllerbbjRbS_bS_S_RjPKhPhR12ComputeStateS0_RhS6_S6_S6_S_S_S_S_E_256' <Predicate = true> <Delay = 0.00>
ST_4 : Operation 60 [1/1] (0.00ns)   --->   "%p_ZZ18compute_controllerbbjRbS_bS_S_RjPKhPhR12ComputeStateS0_RhS6_S6_S6_S_S_S_S_E_257 = getelementptr i32 %p_ZZ18compute_controllerbbjRbS_bS_S_RjPKhPhR12ComputeStateS0_RhS6_S6_S6_S_S_S_S_E_60, i64 0, i64 %zext_ln474" [/home/luka/Scripting/ELEC_498-Capstone-LiteLM/HLS-Verilog/Transformer_logic/src-hls/compute_controller.cpp:476]   --->   Operation 60 'getelementptr' 'p_ZZ18compute_controllerbbjRbS_bS_S_RjPKhPhR12ComputeStateS0_RhS6_S6_S6_S_S_S_S_E_257' <Predicate = true> <Delay = 0.00>
ST_4 : Operation 61 [1/1] ( I:0.67ns O:0.67ns )   --->   "%store_ln476 = store i32 %tmp, i4 %p_ZZ18compute_controllerbbjRbS_bS_S_RjPKhPhR12ComputeStateS0_RhS6_S6_S6_S_S_S_S_E_256" [/home/luka/Scripting/ELEC_498-Capstone-LiteLM/HLS-Verilog/Transformer_logic/src-hls/compute_controller.cpp:476]   --->   Operation 61 'store' 'store_ln476' <Predicate = (trunc_ln474 == 14)> <Delay = 0.67> <CoreInst = "RAM">   --->   Core 82 'RAM' <Latency = 1> <II = 1> <Delay = 0.67> <Storage> <Opcode : 'load' 'store'> <Ports = 2> <Width = 32> <Depth = 12> <RAM>
ST_4 : Operation 62 [1/1] ( I:0.67ns O:0.67ns )   --->   "%store_ln476 = store i32 %tmp, i4 %p_ZZ18compute_controllerbbjRbS_bS_S_RjPKhPhR12ComputeStateS0_RhS6_S6_S6_S_S_S_S_E_255" [/home/luka/Scripting/ELEC_498-Capstone-LiteLM/HLS-Verilog/Transformer_logic/src-hls/compute_controller.cpp:476]   --->   Operation 62 'store' 'store_ln476' <Predicate = (trunc_ln474 == 13)> <Delay = 0.67> <CoreInst = "RAM">   --->   Core 82 'RAM' <Latency = 1> <II = 1> <Delay = 0.67> <Storage> <Opcode : 'load' 'store'> <Ports = 2> <Width = 32> <Depth = 12> <RAM>
ST_4 : Operation 63 [1/1] ( I:0.67ns O:0.67ns )   --->   "%store_ln476 = store i32 %tmp, i4 %p_ZZ18compute_controllerbbjRbS_bS_S_RjPKhPhR12ComputeStateS0_RhS6_S6_S6_S_S_S_S_E_254" [/home/luka/Scripting/ELEC_498-Capstone-LiteLM/HLS-Verilog/Transformer_logic/src-hls/compute_controller.cpp:476]   --->   Operation 63 'store' 'store_ln476' <Predicate = (trunc_ln474 == 12)> <Delay = 0.67> <CoreInst = "RAM">   --->   Core 82 'RAM' <Latency = 1> <II = 1> <Delay = 0.67> <Storage> <Opcode : 'load' 'store'> <Ports = 2> <Width = 32> <Depth = 12> <RAM>
ST_4 : Operation 64 [1/1] ( I:0.67ns O:0.67ns )   --->   "%store_ln476 = store i32 %tmp, i4 %p_ZZ18compute_controllerbbjRbS_bS_S_RjPKhPhR12ComputeStateS0_RhS6_S6_S6_S_S_S_S_E_253" [/home/luka/Scripting/ELEC_498-Capstone-LiteLM/HLS-Verilog/Transformer_logic/src-hls/compute_controller.cpp:476]   --->   Operation 64 'store' 'store_ln476' <Predicate = (trunc_ln474 == 11)> <Delay = 0.67> <CoreInst = "RAM">   --->   Core 82 'RAM' <Latency = 1> <II = 1> <Delay = 0.67> <Storage> <Opcode : 'load' 'store'> <Ports = 2> <Width = 32> <Depth = 12> <RAM>
ST_4 : Operation 65 [1/1] ( I:0.67ns O:0.67ns )   --->   "%store_ln476 = store i32 %tmp, i4 %p_ZZ18compute_controllerbbjRbS_bS_S_RjPKhPhR12ComputeStateS0_RhS6_S6_S6_S_S_S_S_E_252" [/home/luka/Scripting/ELEC_498-Capstone-LiteLM/HLS-Verilog/Transformer_logic/src-hls/compute_controller.cpp:476]   --->   Operation 65 'store' 'store_ln476' <Predicate = (trunc_ln474 == 10)> <Delay = 0.67> <CoreInst = "RAM">   --->   Core 82 'RAM' <Latency = 1> <II = 1> <Delay = 0.67> <Storage> <Opcode : 'load' 'store'> <Ports = 2> <Width = 32> <Depth = 12> <RAM>
ST_4 : Operation 66 [1/1] ( I:0.67ns O:0.67ns )   --->   "%store_ln476 = store i32 %tmp, i4 %compute_controller_bool_bool_unsigned_int_bool_bool_bool_bool_bool_u_488" [/home/luka/Scripting/ELEC_498-Capstone-LiteLM/HLS-Verilog/Transformer_logic/src-hls/compute_controller.cpp:476]   --->   Operation 66 'store' 'store_ln476' <Predicate = (trunc_ln474 == 9)> <Delay = 0.67> <CoreInst = "RAM">   --->   Core 82 'RAM' <Latency = 1> <II = 1> <Delay = 0.67> <Storage> <Opcode : 'load' 'store'> <Ports = 2> <Width = 32> <Depth = 12> <RAM>
ST_4 : Operation 67 [1/1] ( I:0.67ns O:0.67ns )   --->   "%store_ln476 = store i32 %tmp, i4 %compute_controller_bool_bool_unsigned_int_bool_bool_bool_bool_bool_u_487" [/home/luka/Scripting/ELEC_498-Capstone-LiteLM/HLS-Verilog/Transformer_logic/src-hls/compute_controller.cpp:476]   --->   Operation 67 'store' 'store_ln476' <Predicate = (trunc_ln474 == 8)> <Delay = 0.67> <CoreInst = "RAM">   --->   Core 82 'RAM' <Latency = 1> <II = 1> <Delay = 0.67> <Storage> <Opcode : 'load' 'store'> <Ports = 2> <Width = 32> <Depth = 12> <RAM>
ST_4 : Operation 68 [1/1] ( I:0.67ns O:0.67ns )   --->   "%store_ln476 = store i32 %tmp, i4 %compute_controller_bool_bool_unsigned_int_bool_bool_bool_bool_bool_u_486" [/home/luka/Scripting/ELEC_498-Capstone-LiteLM/HLS-Verilog/Transformer_logic/src-hls/compute_controller.cpp:476]   --->   Operation 68 'store' 'store_ln476' <Predicate = (trunc_ln474 == 7)> <Delay = 0.67> <CoreInst = "RAM">   --->   Core 82 'RAM' <Latency = 1> <II = 1> <Delay = 0.67> <Storage> <Opcode : 'load' 'store'> <Ports = 2> <Width = 32> <Depth = 12> <RAM>
ST_4 : Operation 69 [1/1] ( I:0.67ns O:0.67ns )   --->   "%store_ln476 = store i32 %tmp, i4 %compute_controller_bool_bool_unsigned_int_bool_bool_bool_bool_bool_u_485" [/home/luka/Scripting/ELEC_498-Capstone-LiteLM/HLS-Verilog/Transformer_logic/src-hls/compute_controller.cpp:476]   --->   Operation 69 'store' 'store_ln476' <Predicate = (trunc_ln474 == 6)> <Delay = 0.67> <CoreInst = "RAM">   --->   Core 82 'RAM' <Latency = 1> <II = 1> <Delay = 0.67> <Storage> <Opcode : 'load' 'store'> <Ports = 2> <Width = 32> <Depth = 12> <RAM>
ST_4 : Operation 70 [1/1] ( I:0.67ns O:0.67ns )   --->   "%store_ln476 = store i32 %tmp, i4 %compute_controller_bool_bool_unsigned_int_bool_bool_bool_bool_bool_u_484" [/home/luka/Scripting/ELEC_498-Capstone-LiteLM/HLS-Verilog/Transformer_logic/src-hls/compute_controller.cpp:476]   --->   Operation 70 'store' 'store_ln476' <Predicate = (trunc_ln474 == 5)> <Delay = 0.67> <CoreInst = "RAM">   --->   Core 82 'RAM' <Latency = 1> <II = 1> <Delay = 0.67> <Storage> <Opcode : 'load' 'store'> <Ports = 2> <Width = 32> <Depth = 12> <RAM>
ST_4 : Operation 71 [1/1] ( I:0.67ns O:0.67ns )   --->   "%store_ln476 = store i32 %tmp, i4 %compute_controller_bool_bool_unsigned_int_bool_bool_bool_bool_bool_u_483" [/home/luka/Scripting/ELEC_498-Capstone-LiteLM/HLS-Verilog/Transformer_logic/src-hls/compute_controller.cpp:476]   --->   Operation 71 'store' 'store_ln476' <Predicate = (trunc_ln474 == 4)> <Delay = 0.67> <CoreInst = "RAM">   --->   Core 82 'RAM' <Latency = 1> <II = 1> <Delay = 0.67> <Storage> <Opcode : 'load' 'store'> <Ports = 2> <Width = 32> <Depth = 12> <RAM>
ST_4 : Operation 72 [1/1] ( I:0.67ns O:0.67ns )   --->   "%store_ln476 = store i32 %tmp, i4 %compute_controller_bool_bool_unsigned_int_bool_bool_bool_bool_bool_u_482" [/home/luka/Scripting/ELEC_498-Capstone-LiteLM/HLS-Verilog/Transformer_logic/src-hls/compute_controller.cpp:476]   --->   Operation 72 'store' 'store_ln476' <Predicate = (trunc_ln474 == 3)> <Delay = 0.67> <CoreInst = "RAM">   --->   Core 82 'RAM' <Latency = 1> <II = 1> <Delay = 0.67> <Storage> <Opcode : 'load' 'store'> <Ports = 2> <Width = 32> <Depth = 12> <RAM>
ST_4 : Operation 73 [1/1] ( I:0.67ns O:0.67ns )   --->   "%store_ln476 = store i32 %tmp, i4 %compute_controller_bool_bool_unsigned_int_bool_bool_bool_bool_bool_u_481" [/home/luka/Scripting/ELEC_498-Capstone-LiteLM/HLS-Verilog/Transformer_logic/src-hls/compute_controller.cpp:476]   --->   Operation 73 'store' 'store_ln476' <Predicate = (trunc_ln474 == 2)> <Delay = 0.67> <CoreInst = "RAM">   --->   Core 82 'RAM' <Latency = 1> <II = 1> <Delay = 0.67> <Storage> <Opcode : 'load' 'store'> <Ports = 2> <Width = 32> <Depth = 12> <RAM>
ST_4 : Operation 74 [1/1] ( I:0.67ns O:0.67ns )   --->   "%store_ln476 = store i32 %tmp, i4 %compute_controller_bool_bool_unsigned_int_bool_bool_bool_bool_bool_u_480" [/home/luka/Scripting/ELEC_498-Capstone-LiteLM/HLS-Verilog/Transformer_logic/src-hls/compute_controller.cpp:476]   --->   Operation 74 'store' 'store_ln476' <Predicate = (trunc_ln474 == 1)> <Delay = 0.67> <CoreInst = "RAM">   --->   Core 82 'RAM' <Latency = 1> <II = 1> <Delay = 0.67> <Storage> <Opcode : 'load' 'store'> <Ports = 2> <Width = 32> <Depth = 12> <RAM>
ST_4 : Operation 75 [1/1] ( I:0.67ns O:0.67ns )   --->   "%store_ln476 = store i32 %tmp, i4 %compute_controller_bool_bool_unsigned_int_bool_bool_bool_bool_bool_u_479" [/home/luka/Scripting/ELEC_498-Capstone-LiteLM/HLS-Verilog/Transformer_logic/src-hls/compute_controller.cpp:476]   --->   Operation 75 'store' 'store_ln476' <Predicate = (trunc_ln474 == 0)> <Delay = 0.67> <CoreInst = "RAM">   --->   Core 82 'RAM' <Latency = 1> <II = 1> <Delay = 0.67> <Storage> <Opcode : 'load' 'store'> <Ports = 2> <Width = 32> <Depth = 12> <RAM>
ST_4 : Operation 76 [1/1] ( I:0.67ns O:0.67ns )   --->   "%store_ln476 = store i32 %tmp, i4 %p_ZZ18compute_controllerbbjRbS_bS_S_RjPKhPhR12ComputeStateS0_RhS6_S6_S6_S_S_S_S_E_257" [/home/luka/Scripting/ELEC_498-Capstone-LiteLM/HLS-Verilog/Transformer_logic/src-hls/compute_controller.cpp:476]   --->   Operation 76 'store' 'store_ln476' <Predicate = (trunc_ln474 == 15)> <Delay = 0.67> <CoreInst = "RAM">   --->   Core 82 'RAM' <Latency = 1> <II = 1> <Delay = 0.67> <Storage> <Opcode : 'load' 'store'> <Ports = 2> <Width = 32> <Depth = 12> <RAM>


============================================================
+ Verbose Summary: Timing violations
============================================================
Target clock period: 10.000ns, clock uncertainty: 2.700ns.

 <State 1>: 1.224ns
The critical path consists of the following:
	'store' operation 0 bit ('store_ln474', /home/luka/Scripting/ELEC_498-Capstone-LiteLM/HLS-Verilog/Transformer_logic/src-hls/compute_controller.cpp:474) of constant 0 on local variable 'i', /home/luka/Scripting/ELEC_498-Capstone-LiteLM/HLS-Verilog/Transformer_logic/src-hls/compute_controller.cpp:474 [20]  (0.427 ns)
	'load' operation 8 bit ('i', /home/luka/Scripting/ELEC_498-Capstone-LiteLM/HLS-Verilog/Transformer_logic/src-hls/compute_controller.cpp:474) on local variable 'i', /home/luka/Scripting/ELEC_498-Capstone-LiteLM/HLS-Verilog/Transformer_logic/src-hls/compute_controller.cpp:474 [23]  (0.000 ns)
	blocking operation 0.797 ns on control path)

 <State 2>: 2.057ns
The critical path consists of the following:
	'call' operation 32 bit ('tmp', /home/luka/Scripting/ELEC_498-Capstone-LiteLM/HLS-Verilog/Transformer_logic/src-hls/compute_controller.cpp:476) to 'read_i32' [36]  (2.057 ns)

 <State 3>: 2.057ns
The critical path consists of the following:
	'call' operation 32 bit ('tmp', /home/luka/Scripting/ELEC_498-Capstone-LiteLM/HLS-Verilog/Transformer_logic/src-hls/compute_controller.cpp:476) to 'read_i32' [36]  (2.057 ns)

 <State 4>: 1.914ns
The critical path consists of the following:
	'call' operation 32 bit ('tmp', /home/luka/Scripting/ELEC_498-Capstone-LiteLM/HLS-Verilog/Transformer_logic/src-hls/compute_controller.cpp:476) to 'read_i32' [36]  (1.237 ns)
	'store' operation 0 bit ('store_ln476', /home/luka/Scripting/ELEC_498-Capstone-LiteLM/HLS-Verilog/Transformer_logic/src-hls/compute_controller.cpp:476) of variable 'tmp', /home/luka/Scripting/ELEC_498-Capstone-LiteLM/HLS-Verilog/Transformer_logic/src-hls/compute_controller.cpp:476 on array 'p_ZZ18compute_controllerbbjRbS_bS_S_RjPKhPhR12ComputeStateS0_RhS6_S6_S6_S_S_S_S_E_61' [55]  (0.677 ns)


============================================================
+ Verbose Summary: Binding
============================================================
N/A
* FSMD analyzer results:
  - Output states:
 - Input state : 
  - Chain level:
	State 1
	State 2
	State 3
	State 4


============================================================
+ Verbose Summary: Datapath Resource usage 
============================================================
N/A
