

================================================================
== Vitis HLS Report for 'compute_controller_Pipeline_VITIS_LOOP_576_26'
================================================================
* Date:           Wed Jan 28 19:35:27 2026

* Version:        2025.1 (Build 6135595 on May 21 2025)
* Project:        compute_controller
* Solution:       hls (Vivado IP Flow Target)
* Product family: zynquplus
* Target device:  xck26-sfvc784-2LV-c


================================================================
== Performance Estimates
================================================================
+ Timing: 
    * Summary: 
    +--------+----------+----------+------------+
    |  Clock |  Target  | Estimated| Uncertainty|
    +--------+----------+----------+------------+
    |ap_clk  |  10.00 ns|  1.893 ns|     2.70 ns|
    +--------+----------+----------+------------+

+ Latency: 
    * Summary: 
    +---------+---------+-----------+-----------+-----+-----+------------------------------------------------+
    |  Latency (cycles) |   Latency (absolute)  |  Interval |                    Pipeline                    |
    |   min   |   max   |    min    |    max    | min | max |                      Type                      |
    +---------+---------+-----------+-----------+-----+-----+------------------------------------------------+
    |        8|        8|  80.000 ns|  80.000 ns|    7|    7|  loop auto-rewind stp (delay=0 clock cycles(s))|
    +---------+---------+-----------+-----------+-----+-----+------------------------------------------------+

    + Detail: 
        * Instance: 
        N/A

        * Loop: 
        +---------------------+---------+---------+----------+-----------+-----------+------+----------+
        |                     |  Latency (cycles) | Iteration|  Initiation Interval  | Trip |          |
        |      Loop Name      |   min   |   max   |  Latency |  achieved |   target  | Count| Pipelined|
        +---------------------+---------+---------+----------+-----------+-----------+------+----------+
        |- VITIS_LOOP_576_26  |        6|        6|         1|          1|          1|     6|       yes|
        +---------------------+---------+---------+----------+-----------+-----------+------+----------+

============================================================
+ Verbose Summary: Synthesis Manager
============================================================
InlineROM: 1
ExposeGlobal: 0
============================================================
+ Verbose Summary: CDFG Model
============================================================
IsTopModel: 0
ResetActiveHigh: 1
IsCombinational: 0
IsDatapathOnly: 0
HasWiredReturn: 1
HasMFsm: 2
HasVarLatency: 1
IsPipeline: 0
IsRtlPipelined: 0
IsInstanceOverlapped: 0
IsDontTouch: 0
HasImplIP: 0
IsGatedGlobalClock: 0

+ Individual pipeline summary: 
  * Pipeline-0: initiation interval (II) = 1, depth = 1


============================================================
+ Verbose Summary: Schedule
============================================================
* Number of FSM states : 1
* Pipeline : 1
  Pipeline-0 : II = 1, D = 1, States = { 1 }
* Dataflow Pipeline: 0

* FSM state transitions: 
1 --> 

* FSM state operations: 

State 1 <SV = 0> <Delay = 1.89>
ST_1 : Operation 4 [1/1] (0.00ns)   --->   "%i = alloca i32 1" [/home/luka/Scripting/ELEC_498-Capstone-LiteLM/HLS-Verilog/Transformer_logic/src-hls/compute_controller.cpp:576]   --->   Operation 4 'alloca' 'i' <Predicate = true> <Delay = 0.00>
ST_1 : Operation 5 [1/1] (0.42ns)   --->   "%store_ln576 = store i5 16, i5 %i" [/home/luka/Scripting/ELEC_498-Capstone-LiteLM/HLS-Verilog/Transformer_logic/src-hls/compute_controller.cpp:576]   --->   Operation 5 'store' 'store_ln576' <Predicate = true> <Delay = 0.42>
ST_1 : Operation 6 [1/1] (0.00ns)   --->   "%br_ln0 = br void %for.inc436"   --->   Operation 6 'br' 'br_ln0' <Predicate = true> <Delay = 0.00>
ST_1 : Operation 7 [1/1] (0.00ns)   --->   "%i_8 = load i5 %i" [/home/luka/Scripting/ELEC_498-Capstone-LiteLM/HLS-Verilog/Transformer_logic/src-hls/compute_controller.cpp:576]   --->   Operation 7 'load' 'i_8' <Predicate = true> <Delay = 0.00>
ST_1 : Operation 8 [1/1] (0.78ns)   --->   "%icmp_ln576 = icmp_eq  i5 %i_8, i5 22" [/home/luka/Scripting/ELEC_498-Capstone-LiteLM/HLS-Verilog/Transformer_logic/src-hls/compute_controller.cpp:576]   --->   Operation 8 'icmp' 'icmp_ln576' <Predicate = true> <Delay = 0.78> <CoreInst = "Cmp">   --->   Core 9 'Cmp' <Latency = 0> <II = 1> <Delay = 0.78> <FuncUnit> <Opcode : 'seteq' 'setne' 'setle' 'setge' 'setlt' 'setgt'> <InPorts = 2> <OutPorts = 1>
ST_1 : Operation 9 [1/1] (0.00ns)   --->   "%br_ln576 = br i1 %icmp_ln576, void %for.inc436.split, void %for.body448.preheader.exitStub" [/home/luka/Scripting/ELEC_498-Capstone-LiteLM/HLS-Verilog/Transformer_logic/src-hls/compute_controller.cpp:576]   --->   Operation 9 'br' 'br_ln576' <Predicate = true> <Delay = 0.00>
ST_1 : Operation 10 [1/1] (0.00ns)   --->   "%trunc_ln576 = trunc i5 %i_8" [/home/luka/Scripting/ELEC_498-Capstone-LiteLM/HLS-Verilog/Transformer_logic/src-hls/compute_controller.cpp:576]   --->   Operation 10 'trunc' 'trunc_ln576' <Predicate = (!icmp_ln576)> <Delay = 0.00>
ST_1 : Operation 11 [1/1] (0.00ns)   --->   "%specpipeline_ln577 = specpipeline void @_ssdm_op_SpecPipeline, i32 1, i32 0, i32 0, i32 0, void @empty_8" [/home/luka/Scripting/ELEC_498-Capstone-LiteLM/HLS-Verilog/Transformer_logic/src-hls/compute_controller.cpp:577]   --->   Operation 11 'specpipeline' 'specpipeline_ln577' <Predicate = (!icmp_ln576)> <Delay = 0.00>
ST_1 : Operation 12 [1/1] (0.00ns)   --->   "%speclooptripcount_ln576 = speclooptripcount void @_ssdm_op_SpecLoopTripCount, i64 6, i64 6, i64 6" [/home/luka/Scripting/ELEC_498-Capstone-LiteLM/HLS-Verilog/Transformer_logic/src-hls/compute_controller.cpp:576]   --->   Operation 12 'speclooptripcount' 'speclooptripcount_ln576' <Predicate = (!icmp_ln576)> <Delay = 0.00>
ST_1 : Operation 13 [1/1] (0.00ns)   --->   "%specloopname_ln576 = specloopname void @_ssdm_op_SpecLoopName, void @empty_6" [/home/luka/Scripting/ELEC_498-Capstone-LiteLM/HLS-Verilog/Transformer_logic/src-hls/compute_controller.cpp:576]   --->   Operation 13 'specloopname' 'specloopname_ln576' <Predicate = (!icmp_ln576)> <Delay = 0.00>
ST_1 : Operation 14 [1/1] (0.67ns)   --->   "%switch_ln578 = switch i3 %trunc_ln576, void %arrayidx435.case.5, i3 0, void %arrayidx435.case.0, i3 1, void %arrayidx435.case.1, i3 2, void %arrayidx435.case.2, i3 3, void %arrayidx435.case.3, i3 4, void %arrayidx435.case.4" [/home/luka/Scripting/ELEC_498-Capstone-LiteLM/HLS-Verilog/Transformer_logic/src-hls/compute_controller.cpp:578]   --->   Operation 14 'switch' 'switch_ln578' <Predicate = (!icmp_ln576)> <Delay = 0.67>
ST_1 : Operation 15 [1/1] ( I:0.67ns O:0.67ns )   --->   "%store_ln578 = store i16 0, i16 1" [/home/luka/Scripting/ELEC_498-Capstone-LiteLM/HLS-Verilog/Transformer_logic/src-hls/compute_controller.cpp:578]   --->   Operation 15 'store' 'store_ln578' <Predicate = (!icmp_ln576 & trunc_ln576 == 4)> <Delay = 0.67> <CoreInst = "RAM">   --->   Core 82 'RAM' <Latency = 1> <II = 1> <Delay = 0.67> <Storage> <Opcode : 'load' 'store'> <Ports = 2> <Width = 16> <Depth = 2> <RAM>
ST_1 : Operation 16 [1/1] (0.00ns)   --->   "%br_ln578 = br void %arrayidx435.exit" [/home/luka/Scripting/ELEC_498-Capstone-LiteLM/HLS-Verilog/Transformer_logic/src-hls/compute_controller.cpp:578]   --->   Operation 16 'br' 'br_ln578' <Predicate = (!icmp_ln576 & trunc_ln576 == 4)> <Delay = 0.00>
ST_1 : Operation 17 [1/1] ( I:0.67ns O:0.67ns )   --->   "%store_ln578 = store i16 0, i16 1" [/home/luka/Scripting/ELEC_498-Capstone-LiteLM/HLS-Verilog/Transformer_logic/src-hls/compute_controller.cpp:578]   --->   Operation 17 'store' 'store_ln578' <Predicate = (!icmp_ln576 & trunc_ln576 == 3)> <Delay = 0.67> <CoreInst = "RAM">   --->   Core 82 'RAM' <Latency = 1> <II = 1> <Delay = 0.67> <Storage> <Opcode : 'load' 'store'> <Ports = 2> <Width = 16> <Depth = 2> <RAM>
ST_1 : Operation 18 [1/1] (0.00ns)   --->   "%br_ln578 = br void %arrayidx435.exit" [/home/luka/Scripting/ELEC_498-Capstone-LiteLM/HLS-Verilog/Transformer_logic/src-hls/compute_controller.cpp:578]   --->   Operation 18 'br' 'br_ln578' <Predicate = (!icmp_ln576 & trunc_ln576 == 3)> <Delay = 0.00>
ST_1 : Operation 19 [1/1] ( I:0.67ns O:0.67ns )   --->   "%store_ln578 = store i16 0, i16 1" [/home/luka/Scripting/ELEC_498-Capstone-LiteLM/HLS-Verilog/Transformer_logic/src-hls/compute_controller.cpp:578]   --->   Operation 19 'store' 'store_ln578' <Predicate = (!icmp_ln576 & trunc_ln576 == 2)> <Delay = 0.67> <CoreInst = "RAM">   --->   Core 82 'RAM' <Latency = 1> <II = 1> <Delay = 0.67> <Storage> <Opcode : 'load' 'store'> <Ports = 2> <Width = 16> <Depth = 2> <RAM>
ST_1 : Operation 20 [1/1] (0.00ns)   --->   "%br_ln578 = br void %arrayidx435.exit" [/home/luka/Scripting/ELEC_498-Capstone-LiteLM/HLS-Verilog/Transformer_logic/src-hls/compute_controller.cpp:578]   --->   Operation 20 'br' 'br_ln578' <Predicate = (!icmp_ln576 & trunc_ln576 == 2)> <Delay = 0.00>
ST_1 : Operation 21 [1/1] ( I:0.67ns O:0.67ns )   --->   "%store_ln578 = store i16 0, i16 1" [/home/luka/Scripting/ELEC_498-Capstone-LiteLM/HLS-Verilog/Transformer_logic/src-hls/compute_controller.cpp:578]   --->   Operation 21 'store' 'store_ln578' <Predicate = (!icmp_ln576 & trunc_ln576 == 1)> <Delay = 0.67> <CoreInst = "RAM">   --->   Core 82 'RAM' <Latency = 1> <II = 1> <Delay = 0.67> <Storage> <Opcode : 'load' 'store'> <Ports = 2> <Width = 16> <Depth = 2> <RAM>
ST_1 : Operation 22 [1/1] (0.00ns)   --->   "%br_ln578 = br void %arrayidx435.exit" [/home/luka/Scripting/ELEC_498-Capstone-LiteLM/HLS-Verilog/Transformer_logic/src-hls/compute_controller.cpp:578]   --->   Operation 22 'br' 'br_ln578' <Predicate = (!icmp_ln576 & trunc_ln576 == 1)> <Delay = 0.00>
ST_1 : Operation 23 [1/1] ( I:0.67ns O:0.67ns )   --->   "%store_ln578 = store i16 0, i16 1" [/home/luka/Scripting/ELEC_498-Capstone-LiteLM/HLS-Verilog/Transformer_logic/src-hls/compute_controller.cpp:578]   --->   Operation 23 'store' 'store_ln578' <Predicate = (!icmp_ln576 & trunc_ln576 == 0)> <Delay = 0.67> <CoreInst = "RAM">   --->   Core 82 'RAM' <Latency = 1> <II = 1> <Delay = 0.67> <Storage> <Opcode : 'load' 'store'> <Ports = 2> <Width = 16> <Depth = 2> <RAM>
ST_1 : Operation 24 [1/1] (0.00ns)   --->   "%br_ln578 = br void %arrayidx435.exit" [/home/luka/Scripting/ELEC_498-Capstone-LiteLM/HLS-Verilog/Transformer_logic/src-hls/compute_controller.cpp:578]   --->   Operation 24 'br' 'br_ln578' <Predicate = (!icmp_ln576 & trunc_ln576 == 0)> <Delay = 0.00>
ST_1 : Operation 25 [1/1] ( I:0.67ns O:0.67ns )   --->   "%store_ln578 = store i16 0, i16 1" [/home/luka/Scripting/ELEC_498-Capstone-LiteLM/HLS-Verilog/Transformer_logic/src-hls/compute_controller.cpp:578]   --->   Operation 25 'store' 'store_ln578' <Predicate = (!icmp_ln576 & trunc_ln576 != 0 & trunc_ln576 != 1 & trunc_ln576 != 2 & trunc_ln576 != 3 & trunc_ln576 != 4)> <Delay = 0.67> <CoreInst = "RAM">   --->   Core 82 'RAM' <Latency = 1> <II = 1> <Delay = 0.67> <Storage> <Opcode : 'load' 'store'> <Ports = 2> <Width = 16> <Depth = 2> <RAM>
ST_1 : Operation 26 [1/1] (0.00ns)   --->   "%br_ln578 = br void %arrayidx435.exit" [/home/luka/Scripting/ELEC_498-Capstone-LiteLM/HLS-Verilog/Transformer_logic/src-hls/compute_controller.cpp:578]   --->   Operation 26 'br' 'br_ln578' <Predicate = (!icmp_ln576 & trunc_ln576 != 0 & trunc_ln576 != 1 & trunc_ln576 != 2 & trunc_ln576 != 3 & trunc_ln576 != 4)> <Delay = 0.00>
ST_1 : Operation 27 [1/1] (0.78ns)   --->   "%add_ln576 = add i5 %i_8, i5 1" [/home/luka/Scripting/ELEC_498-Capstone-LiteLM/HLS-Verilog/Transformer_logic/src-hls/compute_controller.cpp:576]   --->   Operation 27 'add' 'add_ln576' <Predicate = (!icmp_ln576)> <Delay = 0.78> <CoreInst = "Adder">   --->   Core 1 'Adder' <Latency = 0> <II = 1> <Delay = 0.78> <FuncUnit> <Opcode : 'add' 'sub'> <InPorts = 2> <OutPorts = 1>
ST_1 : Operation 28 [1/1] (0.42ns)   --->   "%store_ln576 = store i5 %add_ln576, i5 %i" [/home/luka/Scripting/ELEC_498-Capstone-LiteLM/HLS-Verilog/Transformer_logic/src-hls/compute_controller.cpp:576]   --->   Operation 28 'store' 'store_ln576' <Predicate = (!icmp_ln576)> <Delay = 0.42>
ST_1 : Operation 29 [1/1] (0.00ns)   --->   "%br_ln576 = br void %for.inc436" [/home/luka/Scripting/ELEC_498-Capstone-LiteLM/HLS-Verilog/Transformer_logic/src-hls/compute_controller.cpp:576]   --->   Operation 29 'br' 'br_ln576' <Predicate = (!icmp_ln576)> <Delay = 0.00>
ST_1 : Operation 30 [1/1] (0.42ns)   --->   "%ret_ln0 = ret"   --->   Operation 30 'ret' 'ret_ln0' <Predicate = (icmp_ln576)> <Delay = 0.42>


============================================================
+ Verbose Summary: Binding
============================================================
STG Binding: 
---------------- STG Properties BEGIN ----------------
- Is combinational: 0
- Is one-state seq: 0
- Is datapath-only: 0
- Is pipelined: 0
- Is top level: 0
Port [ Return ] is wired: 1; IO mode=ap_ctrl_hs:ce=0
Port [ compute_controller_bool_bool_unsigned_int_bool_bool_bool_bool_bool_u_59]:  wired=1; compound=1; hidden=0; nouse=0; global=1; static=1; extern=0; dir=1; type=1; pingpong=0; private_global=0; MemPort=[03]; IO mode=ap_memory:ce=0
Port [ compute_controller_bool_bool_unsigned_int_bool_bool_bool_bool_bool_u_58]:  wired=1; compound=1; hidden=0; nouse=0; global=1; static=1; extern=0; dir=1; type=1; pingpong=0; private_global=0; MemPort=[03]; IO mode=ap_memory:ce=0
Port [ compute_controller_bool_bool_unsigned_int_bool_bool_bool_bool_bool_u_57]:  wired=1; compound=1; hidden=0; nouse=0; global=1; static=1; extern=0; dir=1; type=1; pingpong=0; private_global=0; MemPort=[03]; IO mode=ap_memory:ce=0
Port [ compute_controller_bool_bool_unsigned_int_bool_bool_bool_bool_bool_u_56]:  wired=1; compound=1; hidden=0; nouse=0; global=1; static=1; extern=0; dir=1; type=1; pingpong=0; private_global=0; MemPort=[03]; IO mode=ap_memory:ce=0
Port [ compute_controller_bool_bool_unsigned_int_bool_bool_bool_bool_bool_u_55]:  wired=1; compound=1; hidden=0; nouse=0; global=1; static=1; extern=0; dir=1; type=1; pingpong=0; private_global=0; MemPort=[03]; IO mode=ap_memory:ce=0
Port [ compute_controller_bool_bool_unsigned_int_bool_bool_bool_bool_bool_u_54]:  wired=1; compound=1; hidden=0; nouse=0; global=1; static=1; extern=0; dir=1; type=1; pingpong=0; private_global=0; MemPort=[03]; IO mode=ap_memory:ce=0
---------------- STG Properties END ------------------

---------------- Datapath Model BEGIN ----------------

<LifeTime>
<method=bitvector/>
i                       (alloca           ) [ 01]
store_ln576             (store            ) [ 00]
br_ln0                  (br               ) [ 00]
i_8                     (load             ) [ 00]
icmp_ln576              (icmp             ) [ 01]
br_ln576                (br               ) [ 00]
trunc_ln576             (trunc            ) [ 01]
specpipeline_ln577      (specpipeline     ) [ 00]
speclooptripcount_ln576 (speclooptripcount) [ 00]
specloopname_ln576      (specloopname     ) [ 00]
switch_ln578            (switch           ) [ 00]
store_ln578             (store            ) [ 00]
br_ln578                (br               ) [ 00]
store_ln578             (store            ) [ 00]
br_ln578                (br               ) [ 00]
store_ln578             (store            ) [ 00]
br_ln578                (br               ) [ 00]
store_ln578             (store            ) [ 00]
br_ln578                (br               ) [ 00]
store_ln578             (store            ) [ 00]
br_ln578                (br               ) [ 00]
store_ln578             (store            ) [ 00]
br_ln578                (br               ) [ 00]
add_ln576               (add              ) [ 00]
store_ln576             (store            ) [ 00]
br_ln576                (br               ) [ 00]
ret_ln0                 (ret              ) [ 00]
</LifeTime>

<model>

<comp_list>
<comp id="0" class="1000" name="compute_controller_bool_bool_unsigned_int_bool_bool_bool_bool_bool_u_59">
<pin_list>
<pin id="1" dir="1" index="0" bw="1" slack="2147483647"/>
</pin_list>
<bind>
<StgValue><ssdm name="compute_controller_bool_bool_unsigned_int_bool_bool_bool_bool_bool_u_59"/><MemPortTyVec>0 3 </MemPortTyVec>
</StgValue>
</bind>
</comp>

<comp id="2" class="1000" name="compute_controller_bool_bool_unsigned_int_bool_bool_bool_bool_bool_u_58">
<pin_list>
<pin id="3" dir="1" index="0" bw="1" slack="2147483647"/>
</pin_list>
<bind>
<StgValue><ssdm name="compute_controller_bool_bool_unsigned_int_bool_bool_bool_bool_bool_u_58"/><MemPortTyVec>0 3 </MemPortTyVec>
</StgValue>
</bind>
</comp>

<comp id="4" class="1000" name="compute_controller_bool_bool_unsigned_int_bool_bool_bool_bool_bool_u_57">
<pin_list>
<pin id="5" dir="1" index="0" bw="1" slack="2147483647"/>
</pin_list>
<bind>
<StgValue><ssdm name="compute_controller_bool_bool_unsigned_int_bool_bool_bool_bool_bool_u_57"/><MemPortTyVec>0 3 </MemPortTyVec>
</StgValue>
</bind>
</comp>

<comp id="6" class="1000" name="compute_controller_bool_bool_unsigned_int_bool_bool_bool_bool_bool_u_56">
<pin_list>
<pin id="7" dir="1" index="0" bw="1" slack="2147483647"/>
</pin_list>
<bind>
<StgValue><ssdm name="compute_controller_bool_bool_unsigned_int_bool_bool_bool_bool_bool_u_56"/><MemPortTyVec>0 3 </MemPortTyVec>
</StgValue>
</bind>
</comp>

<comp id="8" class="1000" name="compute_controller_bool_bool_unsigned_int_bool_bool_bool_bool_bool_u_55">
<pin_list>
<pin id="9" dir="1" index="0" bw="1" slack="2147483647"/>
</pin_list>
<bind>
<StgValue><ssdm name="compute_controller_bool_bool_unsigned_int_bool_bool_bool_bool_bool_u_55"/><MemPortTyVec>0 3 </MemPortTyVec>
</StgValue>
</bind>
</comp>

<comp id="10" class="1000" name="compute_controller_bool_bool_unsigned_int_bool_bool_bool_bool_bool_u_54">
<pin_list>
<pin id="11" dir="1" index="0" bw="1" slack="2147483647"/>
</pin_list>
<bind>
<StgValue><ssdm name="compute_controller_bool_bool_unsigned_int_bool_bool_bool_bool_bool_u_54"/><MemPortTyVec>0 3 </MemPortTyVec>
</StgValue>
</bind>
</comp>

<comp id="12" class="1001" name="const_12">
<pin_list>
<pin id="13" dir="1" index="0" bw="1" slack="0"/>
</pin_list>
<bind>
<StgValue><ssdm name=""/></StgValue>
</bind>
</comp>

<comp id="14" class="1001" name="const_14">
<pin_list>
<pin id="15" dir="1" index="0" bw="1" slack="0"/>
</pin_list>
<bind>
<StgValue><ssdm name=""/></StgValue>
</bind>
</comp>

<comp id="16" class="1001" name="const_16">
<pin_list>
<pin id="17" dir="1" index="0" bw="1" slack="0"/>
</pin_list>
<bind>
<StgValue><ssdm name=""/></StgValue>
</bind>
</comp>

<comp id="18" class="1001" name="const_18">
<pin_list>
<pin id="19" dir="1" index="0" bw="1" slack="2147483647"/>
</pin_list>
<bind>
<StgValue><ssdm name="_ssdm_op_SpecPipeline"/></StgValue>
</bind>
</comp>

<comp id="20" class="1001" name="const_20">
<pin_list>
<pin id="21" dir="1" index="0" bw="1" slack="2147483647"/>
</pin_list>
<bind>
<StgValue><ssdm name=""/></StgValue>
</bind>
</comp>

<comp id="22" class="1001" name="const_22">
<pin_list>
<pin id="23" dir="1" index="0" bw="1" slack="2147483647"/>
</pin_list>
<bind>
<StgValue><ssdm name="empty_8"/></StgValue>
</bind>
</comp>

<comp id="24" class="1001" name="const_24">
<pin_list>
<pin id="25" dir="1" index="0" bw="1" slack="2147483647"/>
</pin_list>
<bind>
<StgValue><ssdm name="_ssdm_op_SpecLoopTripCount"/></StgValue>
</bind>
</comp>

<comp id="26" class="1001" name="const_26">
<pin_list>
<pin id="27" dir="1" index="0" bw="1" slack="2147483647"/>
</pin_list>
<bind>
<StgValue><ssdm name=""/></StgValue>
</bind>
</comp>

<comp id="28" class="1001" name="const_28">
<pin_list>
<pin id="29" dir="1" index="0" bw="1" slack="2147483647"/>
</pin_list>
<bind>
<StgValue><ssdm name="_ssdm_op_SpecLoopName"/></StgValue>
</bind>
</comp>

<comp id="30" class="1001" name="const_30">
<pin_list>
<pin id="31" dir="1" index="0" bw="1" slack="2147483647"/>
</pin_list>
<bind>
<StgValue><ssdm name="empty_6"/></StgValue>
</bind>
</comp>

<comp id="32" class="1001" name="const_32">
<pin_list>
<pin id="33" dir="1" index="0" bw="1" slack="0"/>
</pin_list>
<bind>
<StgValue><ssdm name=""/></StgValue>
</bind>
</comp>

<comp id="34" class="1001" name="const_34">
<pin_list>
<pin id="35" dir="1" index="0" bw="1" slack="0"/>
</pin_list>
<bind>
<StgValue><ssdm name=""/></StgValue>
</bind>
</comp>

<comp id="36" class="1001" name="const_36">
<pin_list>
<pin id="37" dir="1" index="0" bw="1" slack="0"/>
</pin_list>
<bind>
<StgValue><ssdm name=""/></StgValue>
</bind>
</comp>

<comp id="38" class="1001" name="const_38">
<pin_list>
<pin id="39" dir="1" index="0" bw="1" slack="0"/>
</pin_list>
<bind>
<StgValue><ssdm name=""/></StgValue>
</bind>
</comp>

<comp id="40" class="1001" name="const_40">
<pin_list>
<pin id="41" dir="1" index="0" bw="1" slack="0"/>
</pin_list>
<bind>
<StgValue><ssdm name=""/></StgValue>
</bind>
</comp>

<comp id="42" class="1001" name="const_42">
<pin_list>
<pin id="43" dir="1" index="0" bw="1" slack="0"/>
</pin_list>
<bind>
<StgValue><ssdm name=""/></StgValue>
</bind>
</comp>

<comp id="44" class="1001" name="const_44">
<pin_list>
<pin id="45" dir="1" index="0" bw="1" slack="0"/>
</pin_list>
<bind>
<StgValue><ssdm name=""/></StgValue>
</bind>
</comp>

<comp id="46" class="1001" name="const_46">
<pin_list>
<pin id="47" dir="1" index="0" bw="1" slack="0"/>
</pin_list>
<bind>
<StgValue><ssdm name=""/></StgValue>
</bind>
</comp>

<comp id="48" class="1001" name="const_48">
<pin_list>
<pin id="49" dir="1" index="0" bw="1" slack="0"/>
</pin_list>
<bind>
<StgValue><ssdm name=""/></StgValue>
</bind>
</comp>

<comp id="50" class="1001" name="const_50">
<pin_list>
<pin id="51" dir="1" index="0" bw="1" slack="0"/>
</pin_list>
<bind>
<StgValue><ssdm name=""/></StgValue>
</bind>
</comp>

<comp id="52" class="1001" name="const_52">
<pin_list>
<pin id="53" dir="1" index="0" bw="1" slack="0"/>
</pin_list>
<bind>
<StgValue><ssdm name=""/></StgValue>
</bind>
</comp>

<comp id="54" class="1001" name="const_54">
<pin_list>
<pin id="55" dir="1" index="0" bw="1" slack="0"/>
</pin_list>
<bind>
<StgValue><ssdm name=""/></StgValue>
</bind>
</comp>

<comp id="56" class="1001" name="const_56">
<pin_list>
<pin id="57" dir="1" index="0" bw="1" slack="0"/>
</pin_list>
<bind>
<StgValue><ssdm name=""/></StgValue>
</bind>
</comp>

<comp id="58" class="1004" name="i_fu_58">
<pin_list>
<pin id="59" dir="0" index="0" bw="1" slack="0"/>
<pin id="60" dir="1" index="1" bw="5" slack="0"/>
</pin_list>
<bind>
<opcode="alloca(26) " fcode="alloca"/>
<opset="i/1 "/>
</bind>
</comp>

<comp id="62" class="1004" name="store_ln578_access_fu_62">
<pin_list>
<pin id="63" dir="0" index="0" bw="16" slack="0"/>
<pin id="64" dir="0" index="1" bw="16" slack="0"/>
<pin id="65" dir="0" index="2" bw="0" slack="2147483647"/>
<pin id="66" dir="1" index="3" bw="16" slack="2147483647"/>
</pin_list>
<bind>
<opcode="store(28) " fcode="store"/>
<opset="store_ln578/1 "/>
</bind>
</comp>

<comp id="69" class="1004" name="store_ln578_access_fu_69">
<pin_list>
<pin id="70" dir="0" index="0" bw="16" slack="0"/>
<pin id="71" dir="0" index="1" bw="16" slack="0"/>
<pin id="72" dir="0" index="2" bw="0" slack="2147483647"/>
<pin id="73" dir="1" index="3" bw="16" slack="2147483647"/>
</pin_list>
<bind>
<opcode="store(28) " fcode="store"/>
<opset="store_ln578/1 "/>
</bind>
</comp>

<comp id="76" class="1004" name="store_ln578_access_fu_76">
<pin_list>
<pin id="77" dir="0" index="0" bw="16" slack="0"/>
<pin id="78" dir="0" index="1" bw="16" slack="0"/>
<pin id="79" dir="0" index="2" bw="0" slack="2147483647"/>
<pin id="80" dir="1" index="3" bw="16" slack="2147483647"/>
</pin_list>
<bind>
<opcode="store(28) " fcode="store"/>
<opset="store_ln578/1 "/>
</bind>
</comp>

<comp id="83" class="1004" name="store_ln578_access_fu_83">
<pin_list>
<pin id="84" dir="0" index="0" bw="16" slack="0"/>
<pin id="85" dir="0" index="1" bw="16" slack="0"/>
<pin id="86" dir="0" index="2" bw="0" slack="2147483647"/>
<pin id="87" dir="1" index="3" bw="16" slack="2147483647"/>
</pin_list>
<bind>
<opcode="store(28) " fcode="store"/>
<opset="store_ln578/1 "/>
</bind>
</comp>

<comp id="90" class="1004" name="store_ln578_access_fu_90">
<pin_list>
<pin id="91" dir="0" index="0" bw="16" slack="0"/>
<pin id="92" dir="0" index="1" bw="16" slack="0"/>
<pin id="93" dir="0" index="2" bw="0" slack="2147483647"/>
<pin id="94" dir="1" index="3" bw="16" slack="2147483647"/>
</pin_list>
<bind>
<opcode="store(28) " fcode="store"/>
<opset="store_ln578/1 "/>
</bind>
</comp>

<comp id="97" class="1004" name="store_ln578_access_fu_97">
<pin_list>
<pin id="98" dir="0" index="0" bw="16" slack="0"/>
<pin id="99" dir="0" index="1" bw="16" slack="0"/>
<pin id="100" dir="0" index="2" bw="0" slack="2147483647"/>
<pin id="101" dir="1" index="3" bw="16" slack="2147483647"/>
</pin_list>
<bind>
<opcode="store(28) " fcode="store"/>
<opset="store_ln578/1 "/>
</bind>
</comp>

<comp id="104" class="1004" name="store_ln576_store_fu_104">
<pin_list>
<pin id="105" dir="0" index="0" bw="5" slack="0"/>
<pin id="106" dir="0" index="1" bw="5" slack="0"/>
<pin id="107" dir="1" index="2" bw="0" slack="2147483647"/>
</pin_list>
<bind>
<opcode="store(28) " fcode="store"/>
<opset="store_ln576/1 "/>
</bind>
</comp>

<comp id="109" class="1004" name="i_8_load_fu_109">
<pin_list>
<pin id="110" dir="0" index="0" bw="5" slack="0"/>
<pin id="111" dir="1" index="1" bw="5" slack="0"/>
</pin_list>
<bind>
<opcode="load(27) " fcode="load"/>
<opset="i_8/1 "/>
</bind>
</comp>

<comp id="112" class="1004" name="icmp_ln576_fu_112">
<pin_list>
<pin id="113" dir="0" index="0" bw="5" slack="0"/>
<pin id="114" dir="0" index="1" bw="5" slack="0"/>
<pin id="115" dir="1" index="2" bw="1" slack="2147483647"/>
</pin_list>
<bind>
<opcode="icmp(45) " fcode="icmp"/>
<opset="icmp_ln576/1 "/>
</bind>
</comp>

<comp id="118" class="1004" name="trunc_ln576_fu_118">
<pin_list>
<pin id="119" dir="0" index="0" bw="5" slack="0"/>
<pin id="120" dir="1" index="1" bw="3" slack="0"/>
</pin_list>
<bind>
<opcode="trunc(33) " fcode="trunc"/>
<opset="trunc_ln576/1 "/>
</bind>
</comp>

<comp id="122" class="1004" name="switch_ln578_fu_122">
<pin_list>
<pin id="123" dir="0" index="0" bw="3" slack="0"/>
<pin id="124" dir="0" index="1" bw="1" slack="0"/>
<pin id="125" dir="0" index="2" bw="1" slack="0"/>
<pin id="126" dir="0" index="3" bw="3" slack="0"/>
<pin id="127" dir="0" index="4" bw="3" slack="0"/>
<pin id="128" dir="0" index="5" bw="3" slack="0"/>
<pin id="129" dir="1" index="6" bw="0" slack="2147483647"/>
</pin_list>
<bind>
<opcode="switch(3) " fcode="switch"/>
<opset="switch_ln578/1 "/>
</bind>
</comp>

<comp id="136" class="1004" name="add_ln576_fu_136">
<pin_list>
<pin id="137" dir="0" index="0" bw="5" slack="0"/>
<pin id="138" dir="0" index="1" bw="1" slack="0"/>
<pin id="139" dir="1" index="2" bw="5" slack="0"/>
</pin_list>
<bind>
<opcode="add(8) " fcode="add"/>
<opset="add_ln576/1 "/>
</bind>
</comp>

<comp id="142" class="1004" name="store_ln576_store_fu_142">
<pin_list>
<pin id="143" dir="0" index="0" bw="5" slack="0"/>
<pin id="144" dir="0" index="1" bw="5" slack="0"/>
<pin id="145" dir="1" index="2" bw="0" slack="2147483647"/>
</pin_list>
<bind>
<opcode="store(28) " fcode="store"/>
<opset="store_ln576/1 "/>
</bind>
</comp>

<comp id="147" class="1005" name="i_reg_147">
<pin_list>
<pin id="148" dir="0" index="0" bw="5" slack="0"/>
<pin id="149" dir="1" index="1" bw="5" slack="0"/>
</pin_list>
<bind>
<opset="i "/>
</bind>
</comp>

</comp_list>

<net_list>
<net id="61"><net_src comp="12" pin="0"/><net_sink comp="58" pin=0"/></net>

<net id="67"><net_src comp="42" pin="0"/><net_sink comp="62" pin=1"/></net>

<net id="68"><net_src comp="44" pin="0"/><net_sink comp="62" pin=0"/></net>

<net id="74"><net_src comp="42" pin="0"/><net_sink comp="69" pin=1"/></net>

<net id="75"><net_src comp="46" pin="0"/><net_sink comp="69" pin=0"/></net>

<net id="81"><net_src comp="42" pin="0"/><net_sink comp="76" pin=1"/></net>

<net id="82"><net_src comp="48" pin="0"/><net_sink comp="76" pin=0"/></net>

<net id="88"><net_src comp="42" pin="0"/><net_sink comp="83" pin=1"/></net>

<net id="89"><net_src comp="50" pin="0"/><net_sink comp="83" pin=0"/></net>

<net id="95"><net_src comp="42" pin="0"/><net_sink comp="90" pin=1"/></net>

<net id="96"><net_src comp="52" pin="0"/><net_sink comp="90" pin=0"/></net>

<net id="102"><net_src comp="42" pin="0"/><net_sink comp="97" pin=1"/></net>

<net id="103"><net_src comp="54" pin="0"/><net_sink comp="97" pin=0"/></net>

<net id="108"><net_src comp="14" pin="0"/><net_sink comp="104" pin=0"/></net>

<net id="116"><net_src comp="109" pin="1"/><net_sink comp="112" pin=0"/></net>

<net id="117"><net_src comp="16" pin="0"/><net_sink comp="112" pin=1"/></net>

<net id="121"><net_src comp="109" pin="1"/><net_sink comp="118" pin=0"/></net>

<net id="130"><net_src comp="118" pin="1"/><net_sink comp="122" pin=0"/></net>

<net id="131"><net_src comp="32" pin="0"/><net_sink comp="122" pin=1"/></net>

<net id="132"><net_src comp="34" pin="0"/><net_sink comp="122" pin=2"/></net>

<net id="133"><net_src comp="36" pin="0"/><net_sink comp="122" pin=3"/></net>

<net id="134"><net_src comp="38" pin="0"/><net_sink comp="122" pin=4"/></net>

<net id="135"><net_src comp="40" pin="0"/><net_sink comp="122" pin=5"/></net>

<net id="140"><net_src comp="109" pin="1"/><net_sink comp="136" pin=0"/></net>

<net id="141"><net_src comp="56" pin="0"/><net_sink comp="136" pin=1"/></net>

<net id="146"><net_src comp="136" pin="2"/><net_sink comp="142" pin=0"/></net>

<net id="150"><net_src comp="58" pin="1"/><net_sink comp="147" pin=0"/></net>

<net id="151"><net_src comp="147" pin="1"/><net_sink comp="104" pin=1"/></net>

<net id="152"><net_src comp="147" pin="1"/><net_sink comp="109" pin=0"/></net>

<net id="153"><net_src comp="147" pin="1"/><net_sink comp="142" pin=1"/></net>

</net_list>

</model> 
---------------- Datapath Model END ------------------

* FSMD analyzer results:
  - Output states:
	Port: compute_controller_bool_bool_unsigned_int_bool_bool_bool_bool_bool_u_59 | {1 }
	Port: compute_controller_bool_bool_unsigned_int_bool_bool_bool_bool_bool_u_58 | {1 }
	Port: compute_controller_bool_bool_unsigned_int_bool_bool_bool_bool_bool_u_57 | {1 }
	Port: compute_controller_bool_bool_unsigned_int_bool_bool_bool_bool_bool_u_56 | {1 }
	Port: compute_controller_bool_bool_unsigned_int_bool_bool_bool_bool_bool_u_55 | {1 }
	Port: compute_controller_bool_bool_unsigned_int_bool_bool_bool_bool_bool_u_54 | {1 }
 - Input state : 
  - Chain level:
	State 1
		store_ln576 : 1
		i_8 : 1
		icmp_ln576 : 2
		br_ln576 : 3
		trunc_ln576 : 2
		switch_ln578 : 3
		add_ln576 : 2
		store_ln576 : 3


============================================================
+ Verbose Summary: Datapath Resource usage 
============================================================

* Functional unit list:
|----------|---------------------|---------|---------|
| Operation|   Functional Unit   |    FF   |   LUT   |
|----------|---------------------|---------|---------|
|   icmp   |  icmp_ln576_fu_112  |    0    |    12   |
|----------|---------------------|---------|---------|
|    add   |   add_ln576_fu_136  |    0    |    12   |
|----------|---------------------|---------|---------|
|   trunc  |  trunc_ln576_fu_118 |    0    |    0    |
|----------|---------------------|---------|---------|
|  switch  | switch_ln578_fu_122 |    0    |    0    |
|----------|---------------------|---------|---------|
|   Total  |                     |    0    |    24   |
|----------|---------------------|---------|---------|

Memories:
N/A

* Register list:
+---------+--------+
|         |   FF   |
+---------+--------+
|i_reg_147|    5   |
+---------+--------+
|  Total  |    5   |
+---------+--------+

* Multiplexer (MUX) list: 
|--------|------|------|------|--------|
|  Comp  |  Pin | Size |  BW  | S x BW |
|--------|------|------|------|--------|
|  Total |      |      |      |    0   |
|--------|------|------|------|--------|



* Summary:
+-----------+--------+--------+
|           |   FF   |   LUT  |
+-----------+--------+--------+
|  Function |    0   |   24   |
|   Memory  |    -   |    -   |
|Multiplexer|    -   |    -   |
|  Register |    5   |    -   |
+-----------+--------+--------+
|   Total   |    5   |   24   |
+-----------+--------+--------+
