

================================================================
== Vitis HLS Report for 'compute_controller_Pipeline_VITIS_LOOP_367_4'
================================================================
* Date:           Wed Jan 21 19:44:11 2026

* Version:        2025.1 (Build 6135595 on May 21 2025)
* Project:        compute_controller
* Solution:       hls (Vivado IP Flow Target)
* Product family: zynquplus
* Target device:  xck26-sfvc784-2LV-c


================================================================
== Performance Estimates
================================================================
+ Timing: 
    * Summary: 
    +--------+----------+----------+------------+
    |  Clock |  Target  | Estimated| Uncertainty|
    +--------+----------+----------+------------+
    |ap_clk  |  10.00 ns|  1.651 ns|     2.70 ns|
    +--------+----------+----------+------------+

+ Latency: 
    * Summary: 
    +---------+---------+----------+----------+-----+-----+------------------------------------------------+
    |  Latency (cycles) |  Latency (absolute) |  Interval |                    Pipeline                    |
    |   min   |   max   |    min   |    max   | min | max |                      Type                      |
    +---------+---------+----------+----------+-----+-----+------------------------------------------------+
    |       10|       10|  0.100 us|  0.100 us|    9|    9|  loop auto-rewind stp (delay=0 clock cycles(s))|
    +---------+---------+----------+----------+-----+-----+------------------------------------------------+

    + Detail: 
        * Instance: 
        N/A

        * Loop: 
        +--------------------+---------+---------+----------+-----------+-----------+------+----------+
        |                    |  Latency (cycles) | Iteration|  Initiation Interval  | Trip |          |
        |      Loop Name     |   min   |   max   |  Latency |  achieved |   target  | Count| Pipelined|
        +--------------------+---------+---------+----------+-----------+-----------+------+----------+
        |- VITIS_LOOP_367_4  |        8|        8|         2|          1|          1|     8|       yes|
        +--------------------+---------+---------+----------+-----------+-----------+------+----------+

============================================================
+ Verbose Summary: Synthesis Manager
============================================================
InlineROM: 1
ExposeGlobal: 0
============================================================
+ Verbose Summary: CDFG Model
============================================================
IsTopModel: 0
ResetActiveHigh: 1
IsCombinational: 0
IsDatapathOnly: 0
HasWiredReturn: 1
HasMFsm: 2
HasVarLatency: 1
IsPipeline: 0
IsRtlPipelined: 0
IsInstanceOverlapped: 0
IsDontTouch: 0
HasImplIP: 0
IsGatedGlobalClock: 0

+ Individual pipeline summary: 
  * Pipeline-0: initiation interval (II) = 1, depth = 2


============================================================
+ Verbose Summary: Schedule
============================================================
* Number of FSM states : 2
* Pipeline : 1
  Pipeline-0 : II = 1, D = 2, States = { 1 2 }
* Dataflow Pipeline: 0

* FSM state transitions: 
1 --> 2 
2 --> 

* FSM state operations: 

State 1 <SV = 0> <Delay = 1.65>
ST_1 : Operation 5 [1/1] (0.00ns)   --->   "%i = alloca i32 1" [/home/luka/Scripting/ELEC_498-Capstone-LiteLM/HLS-Verilog/Transformer_logic/src-hls/compute_controller.cpp:367]   --->   Operation 5 'alloca' 'i' <Predicate = true> <Delay = 0.00>
ST_1 : Operation 6 [1/1] (0.00ns)   --->   "%specinterface_ln0 = specinterface void @_ssdm_op_SpecInterface, i8 %in_buf, void @empty_1, i32 0, i32 0, void @empty_0, i32 4294967295, i32 0, void @empty_0, void @empty_0, void @empty_0, i32 0, i32 0, i32 0, i32 0, void @empty_0, void @empty_0, i32 4294967295, i32 0, i32 0"   --->   Operation 6 'specinterface' 'specinterface_ln0' <Predicate = true> <Delay = 0.00>
ST_1 : Operation 7 [1/1] (0.42ns)   --->   "%store_ln367 = store i4 0, i4 %i" [/home/luka/Scripting/ELEC_498-Capstone-LiteLM/HLS-Verilog/Transformer_logic/src-hls/compute_controller.cpp:367]   --->   Operation 7 'store' 'store_ln367' <Predicate = true> <Delay = 0.42>
ST_1 : Operation 8 [1/1] (0.00ns)   --->   "%br_ln0 = br void %for.inc113"   --->   Operation 8 'br' 'br_ln0' <Predicate = true> <Delay = 0.00>
ST_1 : Operation 9 [1/1] (0.00ns)   --->   "%i_4 = load i4 %i" [/home/luka/Scripting/ELEC_498-Capstone-LiteLM/HLS-Verilog/Transformer_logic/src-hls/compute_controller.cpp:367]   --->   Operation 9 'load' 'i_4' <Predicate = true> <Delay = 0.00>
ST_1 : Operation 10 [1/1] (0.79ns)   --->   "%icmp_ln367 = icmp_eq  i4 %i_4, i4 8" [/home/luka/Scripting/ELEC_498-Capstone-LiteLM/HLS-Verilog/Transformer_logic/src-hls/compute_controller.cpp:367]   --->   Operation 10 'icmp' 'icmp_ln367' <Predicate = true> <Delay = 0.79> <CoreInst = "Cmp">   --->   Core 9 'Cmp' <Latency = 0> <II = 1> <Delay = 0.79> <FuncUnit> <Opcode : 'seteq' 'setne' 'setle' 'setge' 'setlt' 'setgt'> <InPorts = 2> <OutPorts = 1>
ST_1 : Operation 11 [1/1] (0.79ns)   --->   "%add_ln367 = add i4 %i_4, i4 1" [/home/luka/Scripting/ELEC_498-Capstone-LiteLM/HLS-Verilog/Transformer_logic/src-hls/compute_controller.cpp:367]   --->   Operation 11 'add' 'add_ln367' <Predicate = true> <Delay = 0.79> <CoreInst = "Adder">   --->   Core 1 'Adder' <Latency = 0> <II = 1> <Delay = 0.79> <FuncUnit> <Opcode : 'add' 'sub'> <InPorts = 2> <OutPorts = 1>
ST_1 : Operation 12 [1/1] (0.00ns)   --->   "%br_ln367 = br i1 %icmp_ln367, void %for.inc113.split, void %for.inc123.preheader.exitStub" [/home/luka/Scripting/ELEC_498-Capstone-LiteLM/HLS-Verilog/Transformer_logic/src-hls/compute_controller.cpp:367]   --->   Operation 12 'br' 'br_ln367' <Predicate = true> <Delay = 0.00>
ST_1 : Operation 13 [1/1] (0.00ns)   --->   "%trunc_ln367 = trunc i4 %i_4" [/home/luka/Scripting/ELEC_498-Capstone-LiteLM/HLS-Verilog/Transformer_logic/src-hls/compute_controller.cpp:367]   --->   Operation 13 'trunc' 'trunc_ln367' <Predicate = (!icmp_ln367)> <Delay = 0.00>
ST_1 : Operation 14 [1/1] (0.00ns)   --->   "%trunc_ln367_1 = trunc i4 %i_4" [/home/luka/Scripting/ELEC_498-Capstone-LiteLM/HLS-Verilog/Transformer_logic/src-hls/compute_controller.cpp:367]   --->   Operation 14 'trunc' 'trunc_ln367_1' <Predicate = (!icmp_ln367)> <Delay = 0.00>
ST_1 : Operation 15 [1/1] (0.00ns)   --->   "%tmp = bitselect i1 @_ssdm_op_BitSelect.i1.i4.i32, i4 %i_4, i32 2" [/home/luka/Scripting/ELEC_498-Capstone-LiteLM/HLS-Verilog/Transformer_logic/src-hls/compute_controller.cpp:367]   --->   Operation 15 'bitselect' 'tmp' <Predicate = (!icmp_ln367)> <Delay = 0.00>
ST_1 : Operation 16 [1/1] (0.00ns)   --->   "%zext_ln127 = zext i3 %trunc_ln367" [/home/luka/Scripting/ELEC_498-Capstone-LiteLM/HLS-Verilog/Transformer_logic/src-hls/compute_buffer_layout.hpp:127->/home/luka/Scripting/ELEC_498-Capstone-LiteLM/HLS-Verilog/Transformer_logic/src-hls/compute_controller.cpp:370]   --->   Operation 16 'zext' 'zext_ln127' <Predicate = (!icmp_ln367)> <Delay = 0.00>
ST_1 : Operation 17 [1/1] (0.00ns)   --->   "%in_buf_addr = getelementptr i8 %in_buf, i64 0, i64 %zext_ln127" [/home/luka/Scripting/ELEC_498-Capstone-LiteLM/HLS-Verilog/Transformer_logic/src-hls/compute_buffer_layout.hpp:127->/home/luka/Scripting/ELEC_498-Capstone-LiteLM/HLS-Verilog/Transformer_logic/src-hls/compute_controller.cpp:370]   --->   Operation 17 'getelementptr' 'in_buf_addr' <Predicate = (!icmp_ln367)> <Delay = 0.00>
ST_1 : Operation 18 [2/2] (0.67ns)   --->   "%in_buf_load = load i7 %in_buf_addr" [/home/luka/Scripting/ELEC_498-Capstone-LiteLM/HLS-Verilog/Transformer_logic/src-hls/compute_buffer_layout.hpp:127->/home/luka/Scripting/ELEC_498-Capstone-LiteLM/HLS-Verilog/Transformer_logic/src-hls/compute_controller.cpp:370]   --->   Operation 18 'load' 'in_buf_load' <Predicate = (!icmp_ln367)> <Delay = 0.67> <CoreInst = "RAM">   --->   Core 82 'RAM' <Latency = 1> <II = 1> <Delay = 0.67> <Storage> <Opcode : 'load' 'store'> <Ports = 2> <Width = 8> <Depth = 112> <RAM>
ST_1 : Operation 19 [1/1] (0.54ns)   --->   "%switch_ln369 = switch i2 %trunc_ln367_1, void %arrayidx112.case.3, i2 0, void %arrayidx112.case.0, i2 1, void %arrayidx112.case.1, i2 2, void %arrayidx112.case.2" [/home/luka/Scripting/ELEC_498-Capstone-LiteLM/HLS-Verilog/Transformer_logic/src-hls/compute_controller.cpp:369]   --->   Operation 19 'switch' 'switch_ln369' <Predicate = (!icmp_ln367)> <Delay = 0.54>
ST_1 : Operation 20 [1/1] (0.42ns)   --->   "%store_ln367 = store i4 %add_ln367, i4 %i" [/home/luka/Scripting/ELEC_498-Capstone-LiteLM/HLS-Verilog/Transformer_logic/src-hls/compute_controller.cpp:367]   --->   Operation 20 'store' 'store_ln367' <Predicate = (!icmp_ln367)> <Delay = 0.42>
ST_1 : Operation 21 [1/1] (0.00ns)   --->   "%br_ln367 = br void %for.inc113" [/home/luka/Scripting/ELEC_498-Capstone-LiteLM/HLS-Verilog/Transformer_logic/src-hls/compute_controller.cpp:367]   --->   Operation 21 'br' 'br_ln367' <Predicate = (!icmp_ln367)> <Delay = 0.00>
ST_1 : Operation 39 [1/1] (0.42ns)   --->   "%ret_ln0 = ret"   --->   Operation 39 'ret' 'ret_ln0' <Predicate = (icmp_ln367)> <Delay = 0.42>

State 2 <SV = 1> <Delay = 1.35>
ST_2 : Operation 22 [1/1] (0.00ns)   --->   "%specpipeline_ln367 = specpipeline void @_ssdm_op_SpecPipeline, i32 4294967295, i32 0, i32 0, i32 0, void @empty_0" [/home/luka/Scripting/ELEC_498-Capstone-LiteLM/HLS-Verilog/Transformer_logic/src-hls/compute_controller.cpp:367]   --->   Operation 22 'specpipeline' 'specpipeline_ln367' <Predicate = true> <Delay = 0.00>
ST_2 : Operation 23 [1/1] (0.00ns)   --->   "%speclooptripcount_ln367 = speclooptripcount void @_ssdm_op_SpecLoopTripCount, i64 8, i64 8, i64 8" [/home/luka/Scripting/ELEC_498-Capstone-LiteLM/HLS-Verilog/Transformer_logic/src-hls/compute_controller.cpp:367]   --->   Operation 23 'speclooptripcount' 'speclooptripcount_ln367' <Predicate = true> <Delay = 0.00>
ST_2 : Operation 24 [1/1] (0.00ns)   --->   "%specloopname_ln367 = specloopname void @_ssdm_op_SpecLoopName, void @empty_9" [/home/luka/Scripting/ELEC_498-Capstone-LiteLM/HLS-Verilog/Transformer_logic/src-hls/compute_controller.cpp:367]   --->   Operation 24 'specloopname' 'specloopname_ln367' <Predicate = true> <Delay = 0.00>
ST_2 : Operation 25 [1/1] (0.00ns)   --->   "%zext_ln367 = zext i1 %tmp" [/home/luka/Scripting/ELEC_498-Capstone-LiteLM/HLS-Verilog/Transformer_logic/src-hls/compute_controller.cpp:367]   --->   Operation 25 'zext' 'zext_ln367' <Predicate = true> <Delay = 0.00>
ST_2 : Operation 26 [1/2] ( I:0.67ns O:0.67ns )   --->   "%in_buf_load = load i7 %in_buf_addr" [/home/luka/Scripting/ELEC_498-Capstone-LiteLM/HLS-Verilog/Transformer_logic/src-hls/compute_buffer_layout.hpp:127->/home/luka/Scripting/ELEC_498-Capstone-LiteLM/HLS-Verilog/Transformer_logic/src-hls/compute_controller.cpp:370]   --->   Operation 26 'load' 'in_buf_load' <Predicate = true> <Delay = 0.67> <CoreInst = "RAM">   --->   Core 82 'RAM' <Latency = 1> <II = 1> <Delay = 0.67> <Storage> <Opcode : 'load' 'store'> <Ports = 2> <Width = 8> <Depth = 112> <RAM>
ST_2 : Operation 27 [1/1] (0.00ns)   --->   "%compute_controller_bool_bool_unsigned_int_bool_bool_bool_bool_bool_u_47 = getelementptr i8 %compute_controller_bool_bool_unsigned_int_bool_bool_bool_bool_bool_u_3, i64 0, i64 %zext_ln367" [/home/luka/Scripting/ELEC_498-Capstone-LiteLM/HLS-Verilog/Transformer_logic/src-hls/compute_controller.cpp:369]   --->   Operation 27 'getelementptr' 'compute_controller_bool_bool_unsigned_int_bool_bool_bool_bool_bool_u_47' <Predicate = true> <Delay = 0.00>
ST_2 : Operation 28 [1/1] (0.00ns)   --->   "%compute_controller_bool_bool_unsigned_int_bool_bool_bool_bool_bool_u_48 = getelementptr i8 %compute_controller_bool_bool_unsigned_int_bool_bool_bool_bool_bool_u_2, i64 0, i64 %zext_ln367" [/home/luka/Scripting/ELEC_498-Capstone-LiteLM/HLS-Verilog/Transformer_logic/src-hls/compute_controller.cpp:369]   --->   Operation 28 'getelementptr' 'compute_controller_bool_bool_unsigned_int_bool_bool_bool_bool_bool_u_48' <Predicate = true> <Delay = 0.00>
ST_2 : Operation 29 [1/1] (0.00ns)   --->   "%compute_controller_bool_bool_unsigned_int_bool_bool_bool_bool_bool_u_49 = getelementptr i8 %compute_controller_bool_bool_unsigned_int_bool_bool_bool_bool_bool_u_1, i64 0, i64 %zext_ln367" [/home/luka/Scripting/ELEC_498-Capstone-LiteLM/HLS-Verilog/Transformer_logic/src-hls/compute_controller.cpp:369]   --->   Operation 29 'getelementptr' 'compute_controller_bool_bool_unsigned_int_bool_bool_bool_bool_bool_u_49' <Predicate = true> <Delay = 0.00>
ST_2 : Operation 30 [1/1] (0.00ns)   --->   "%compute_controller_bool_bool_unsigned_int_bool_bool_bool_bool_bool_u_50 = getelementptr i8 %compute_controller_bool_bool_unsigned_int_bool_bool_bool_bool_bool_u, i64 0, i64 %zext_ln367" [/home/luka/Scripting/ELEC_498-Capstone-LiteLM/HLS-Verilog/Transformer_logic/src-hls/compute_controller.cpp:369]   --->   Operation 30 'getelementptr' 'compute_controller_bool_bool_unsigned_int_bool_bool_bool_bool_bool_u_50' <Predicate = true> <Delay = 0.00>
ST_2 : Operation 31 [1/1] ( I:0.67ns O:0.67ns )   --->   "%store_ln369 = store i8 %in_buf_load, i3 %compute_controller_bool_bool_unsigned_int_bool_bool_bool_bool_bool_u_49" [/home/luka/Scripting/ELEC_498-Capstone-LiteLM/HLS-Verilog/Transformer_logic/src-hls/compute_controller.cpp:369]   --->   Operation 31 'store' 'store_ln369' <Predicate = (trunc_ln367_1 == 2)> <Delay = 0.67> <CoreInst = "RAM">   --->   Core 82 'RAM' <Latency = 1> <II = 1> <Delay = 0.67> <Storage> <Opcode : 'load' 'store'> <Ports = 2> <Width = 8> <Depth = 6> <RAM>
ST_2 : Operation 32 [1/1] (0.00ns)   --->   "%br_ln369 = br void %arrayidx112.exit" [/home/luka/Scripting/ELEC_498-Capstone-LiteLM/HLS-Verilog/Transformer_logic/src-hls/compute_controller.cpp:369]   --->   Operation 32 'br' 'br_ln369' <Predicate = (trunc_ln367_1 == 2)> <Delay = 0.00>
ST_2 : Operation 33 [1/1] ( I:0.67ns O:0.67ns )   --->   "%store_ln369 = store i8 %in_buf_load, i3 %compute_controller_bool_bool_unsigned_int_bool_bool_bool_bool_bool_u_48" [/home/luka/Scripting/ELEC_498-Capstone-LiteLM/HLS-Verilog/Transformer_logic/src-hls/compute_controller.cpp:369]   --->   Operation 33 'store' 'store_ln369' <Predicate = (trunc_ln367_1 == 1)> <Delay = 0.67> <CoreInst = "RAM">   --->   Core 82 'RAM' <Latency = 1> <II = 1> <Delay = 0.67> <Storage> <Opcode : 'load' 'store'> <Ports = 2> <Width = 8> <Depth = 6> <RAM>
ST_2 : Operation 34 [1/1] (0.00ns)   --->   "%br_ln369 = br void %arrayidx112.exit" [/home/luka/Scripting/ELEC_498-Capstone-LiteLM/HLS-Verilog/Transformer_logic/src-hls/compute_controller.cpp:369]   --->   Operation 34 'br' 'br_ln369' <Predicate = (trunc_ln367_1 == 1)> <Delay = 0.00>
ST_2 : Operation 35 [1/1] ( I:0.67ns O:0.67ns )   --->   "%store_ln369 = store i8 %in_buf_load, i3 %compute_controller_bool_bool_unsigned_int_bool_bool_bool_bool_bool_u_47" [/home/luka/Scripting/ELEC_498-Capstone-LiteLM/HLS-Verilog/Transformer_logic/src-hls/compute_controller.cpp:369]   --->   Operation 35 'store' 'store_ln369' <Predicate = (trunc_ln367_1 == 0)> <Delay = 0.67> <CoreInst = "RAM">   --->   Core 82 'RAM' <Latency = 1> <II = 1> <Delay = 0.67> <Storage> <Opcode : 'load' 'store'> <Ports = 2> <Width = 8> <Depth = 6> <RAM>
ST_2 : Operation 36 [1/1] (0.00ns)   --->   "%br_ln369 = br void %arrayidx112.exit" [/home/luka/Scripting/ELEC_498-Capstone-LiteLM/HLS-Verilog/Transformer_logic/src-hls/compute_controller.cpp:369]   --->   Operation 36 'br' 'br_ln369' <Predicate = (trunc_ln367_1 == 0)> <Delay = 0.00>
ST_2 : Operation 37 [1/1] ( I:0.67ns O:0.67ns )   --->   "%store_ln369 = store i8 %in_buf_load, i3 %compute_controller_bool_bool_unsigned_int_bool_bool_bool_bool_bool_u_50" [/home/luka/Scripting/ELEC_498-Capstone-LiteLM/HLS-Verilog/Transformer_logic/src-hls/compute_controller.cpp:369]   --->   Operation 37 'store' 'store_ln369' <Predicate = (trunc_ln367_1 == 3)> <Delay = 0.67> <CoreInst = "RAM">   --->   Core 82 'RAM' <Latency = 1> <II = 1> <Delay = 0.67> <Storage> <Opcode : 'load' 'store'> <Ports = 2> <Width = 8> <Depth = 6> <RAM>
ST_2 : Operation 38 [1/1] (0.00ns)   --->   "%br_ln369 = br void %arrayidx112.exit" [/home/luka/Scripting/ELEC_498-Capstone-LiteLM/HLS-Verilog/Transformer_logic/src-hls/compute_controller.cpp:369]   --->   Operation 38 'br' 'br_ln369' <Predicate = (trunc_ln367_1 == 3)> <Delay = 0.00>


============================================================
+ Verbose Summary: Binding
============================================================
STG Binding: 
---------------- STG Properties BEGIN ----------------
- Is combinational: 0
- Is one-state seq: 0
- Is datapath-only: 0
- Is pipelined: 0
- Is top level: 0
Port [ Return ] is wired: 1; IO mode=ap_ctrl_hs:ce=0
Port [ in_buf]:  wired=1; compound=1; hidden=0; nouse=0; global=0; static=0; extern=0; dir=0; type=1; pingpong=0; private_global=0; MemPort=[13]; IO mode=ap_memory:ce=0
Port [ compute_controller_bool_bool_unsigned_int_bool_bool_bool_bool_bool_u_3]:  wired=1; compound=1; hidden=0; nouse=0; global=1; static=1; extern=0; dir=1; type=1; pingpong=0; private_global=0; MemPort=[03]; IO mode=ap_memory:ce=0
Port [ compute_controller_bool_bool_unsigned_int_bool_bool_bool_bool_bool_u_2]:  wired=1; compound=1; hidden=0; nouse=0; global=1; static=1; extern=0; dir=1; type=1; pingpong=0; private_global=0; MemPort=[03]; IO mode=ap_memory:ce=0
Port [ compute_controller_bool_bool_unsigned_int_bool_bool_bool_bool_bool_u_1]:  wired=1; compound=1; hidden=0; nouse=0; global=1; static=1; extern=0; dir=1; type=1; pingpong=0; private_global=0; MemPort=[03]; IO mode=ap_memory:ce=0
Port [ compute_controller_bool_bool_unsigned_int_bool_bool_bool_bool_bool_u]:  wired=1; compound=1; hidden=0; nouse=0; global=1; static=1; extern=0; dir=1; type=1; pingpong=0; private_global=0; MemPort=[03]; IO mode=ap_memory:ce=0
---------------- STG Properties END ------------------

---------------- Datapath Model BEGIN ----------------

<LifeTime>
<method=bitvector/>
i                                                                       (alloca           ) [ 010]
specinterface_ln0                                                       (specinterface    ) [ 000]
store_ln367                                                             (store            ) [ 000]
br_ln0                                                                  (br               ) [ 000]
i_4                                                                     (load             ) [ 000]
icmp_ln367                                                              (icmp             ) [ 010]
add_ln367                                                               (add              ) [ 000]
br_ln367                                                                (br               ) [ 000]
trunc_ln367                                                             (trunc            ) [ 000]
trunc_ln367_1                                                           (trunc            ) [ 011]
tmp                                                                     (bitselect        ) [ 011]
zext_ln127                                                              (zext             ) [ 000]
in_buf_addr                                                             (getelementptr    ) [ 011]
switch_ln369                                                            (switch           ) [ 000]
store_ln367                                                             (store            ) [ 000]
br_ln367                                                                (br               ) [ 000]
specpipeline_ln367                                                      (specpipeline     ) [ 000]
speclooptripcount_ln367                                                 (speclooptripcount) [ 000]
specloopname_ln367                                                      (specloopname     ) [ 000]
zext_ln367                                                              (zext             ) [ 000]
in_buf_load                                                             (load             ) [ 000]
compute_controller_bool_bool_unsigned_int_bool_bool_bool_bool_bool_u_47 (getelementptr    ) [ 000]
compute_controller_bool_bool_unsigned_int_bool_bool_bool_bool_bool_u_48 (getelementptr    ) [ 000]
compute_controller_bool_bool_unsigned_int_bool_bool_bool_bool_bool_u_49 (getelementptr    ) [ 000]
compute_controller_bool_bool_unsigned_int_bool_bool_bool_bool_bool_u_50 (getelementptr    ) [ 000]
store_ln369                                                             (store            ) [ 000]
br_ln369                                                                (br               ) [ 000]
store_ln369                                                             (store            ) [ 000]
br_ln369                                                                (br               ) [ 000]
store_ln369                                                             (store            ) [ 000]
br_ln369                                                                (br               ) [ 000]
store_ln369                                                             (store            ) [ 000]
br_ln369                                                                (br               ) [ 000]
ret_ln0                                                                 (ret              ) [ 000]
</LifeTime>

<model>

<comp_list>
<comp id="0" class="1000" name="in_buf">
<pin_list>
<pin id="1" dir="1" index="0" bw="1" slack="0"/>
</pin_list>
<bind>
<StgValue><ssdm name="in_buf"/><MemPortTyVec>1 3 </MemPortTyVec>
</StgValue>
</bind>
</comp>

<comp id="2" class="1000" name="compute_controller_bool_bool_unsigned_int_bool_bool_bool_bool_bool_u_3">
<pin_list>
<pin id="3" dir="1" index="0" bw="1" slack="0"/>
</pin_list>
<bind>
<StgValue><ssdm name="compute_controller_bool_bool_unsigned_int_bool_bool_bool_bool_bool_u_3"/><MemPortTyVec>0 3 </MemPortTyVec>
</StgValue>
</bind>
</comp>

<comp id="4" class="1000" name="compute_controller_bool_bool_unsigned_int_bool_bool_bool_bool_bool_u_2">
<pin_list>
<pin id="5" dir="1" index="0" bw="1" slack="0"/>
</pin_list>
<bind>
<StgValue><ssdm name="compute_controller_bool_bool_unsigned_int_bool_bool_bool_bool_bool_u_2"/><MemPortTyVec>0 3 </MemPortTyVec>
</StgValue>
</bind>
</comp>

<comp id="6" class="1000" name="compute_controller_bool_bool_unsigned_int_bool_bool_bool_bool_bool_u_1">
<pin_list>
<pin id="7" dir="1" index="0" bw="1" slack="0"/>
</pin_list>
<bind>
<StgValue><ssdm name="compute_controller_bool_bool_unsigned_int_bool_bool_bool_bool_bool_u_1"/><MemPortTyVec>0 3 </MemPortTyVec>
</StgValue>
</bind>
</comp>

<comp id="8" class="1000" name="compute_controller_bool_bool_unsigned_int_bool_bool_bool_bool_bool_u">
<pin_list>
<pin id="9" dir="1" index="0" bw="1" slack="0"/>
</pin_list>
<bind>
<StgValue><ssdm name="compute_controller_bool_bool_unsigned_int_bool_bool_bool_bool_bool_u"/><MemPortTyVec>0 3 </MemPortTyVec>
</StgValue>
</bind>
</comp>

<comp id="10" class="1001" name="const_10">
<pin_list>
<pin id="11" dir="1" index="0" bw="1" slack="0"/>
</pin_list>
<bind>
<StgValue><ssdm name=""/></StgValue>
</bind>
</comp>

<comp id="12" class="1001" name="const_12">
<pin_list>
<pin id="13" dir="1" index="0" bw="1" slack="2147483647"/>
</pin_list>
<bind>
<StgValue><ssdm name="_ssdm_op_SpecInterface"/></StgValue>
</bind>
</comp>

<comp id="14" class="1001" name="const_14">
<pin_list>
<pin id="15" dir="1" index="0" bw="1" slack="2147483647"/>
</pin_list>
<bind>
<StgValue><ssdm name="empty_1"/></StgValue>
</bind>
</comp>

<comp id="16" class="1001" name="const_16">
<pin_list>
<pin id="17" dir="1" index="0" bw="1" slack="2147483647"/>
</pin_list>
<bind>
<StgValue><ssdm name=""/></StgValue>
</bind>
</comp>

<comp id="18" class="1001" name="const_18">
<pin_list>
<pin id="19" dir="1" index="0" bw="1" slack="2147483647"/>
</pin_list>
<bind>
<StgValue><ssdm name="empty_0"/></StgValue>
</bind>
</comp>

<comp id="20" class="1001" name="const_20">
<pin_list>
<pin id="21" dir="1" index="0" bw="1" slack="2147483647"/>
</pin_list>
<bind>
<StgValue><ssdm name=""/></StgValue>
</bind>
</comp>

<comp id="22" class="1001" name="const_22">
<pin_list>
<pin id="23" dir="1" index="0" bw="1" slack="0"/>
</pin_list>
<bind>
<StgValue><ssdm name=""/></StgValue>
</bind>
</comp>

<comp id="24" class="1001" name="const_24">
<pin_list>
<pin id="25" dir="1" index="0" bw="1" slack="0"/>
</pin_list>
<bind>
<StgValue><ssdm name=""/></StgValue>
</bind>
</comp>

<comp id="26" class="1001" name="const_26">
<pin_list>
<pin id="27" dir="1" index="0" bw="1" slack="0"/>
</pin_list>
<bind>
<StgValue><ssdm name=""/></StgValue>
</bind>
</comp>

<comp id="28" class="1001" name="const_28">
<pin_list>
<pin id="29" dir="1" index="0" bw="1" slack="0"/>
</pin_list>
<bind>
<StgValue><ssdm name="_ssdm_op_BitSelect.i1.i4.i32"/></StgValue>
</bind>
</comp>

<comp id="30" class="1001" name="const_30">
<pin_list>
<pin id="31" dir="1" index="0" bw="1" slack="0"/>
</pin_list>
<bind>
<StgValue><ssdm name=""/></StgValue>
</bind>
</comp>

<comp id="32" class="1001" name="const_32">
<pin_list>
<pin id="33" dir="1" index="0" bw="1" slack="0"/>
</pin_list>
<bind>
<StgValue><ssdm name=""/></StgValue>
</bind>
</comp>

<comp id="34" class="1001" name="const_34">
<pin_list>
<pin id="35" dir="1" index="0" bw="1" slack="0"/>
</pin_list>
<bind>
<StgValue><ssdm name=""/></StgValue>
</bind>
</comp>

<comp id="36" class="1001" name="const_36">
<pin_list>
<pin id="37" dir="1" index="0" bw="1" slack="0"/>
</pin_list>
<bind>
<StgValue><ssdm name=""/></StgValue>
</bind>
</comp>

<comp id="38" class="1001" name="const_38">
<pin_list>
<pin id="39" dir="1" index="0" bw="1" slack="0"/>
</pin_list>
<bind>
<StgValue><ssdm name=""/></StgValue>
</bind>
</comp>

<comp id="40" class="1001" name="const_40">
<pin_list>
<pin id="41" dir="1" index="0" bw="1" slack="2147483647"/>
</pin_list>
<bind>
<StgValue><ssdm name="_ssdm_op_SpecPipeline"/></StgValue>
</bind>
</comp>

<comp id="42" class="1001" name="const_42">
<pin_list>
<pin id="43" dir="1" index="0" bw="1" slack="2147483647"/>
</pin_list>
<bind>
<StgValue><ssdm name="_ssdm_op_SpecLoopTripCount"/></StgValue>
</bind>
</comp>

<comp id="44" class="1001" name="const_44">
<pin_list>
<pin id="45" dir="1" index="0" bw="1" slack="2147483647"/>
</pin_list>
<bind>
<StgValue><ssdm name=""/></StgValue>
</bind>
</comp>

<comp id="46" class="1001" name="const_46">
<pin_list>
<pin id="47" dir="1" index="0" bw="1" slack="2147483647"/>
</pin_list>
<bind>
<StgValue><ssdm name="_ssdm_op_SpecLoopName"/></StgValue>
</bind>
</comp>

<comp id="48" class="1001" name="const_48">
<pin_list>
<pin id="49" dir="1" index="0" bw="1" slack="2147483647"/>
</pin_list>
<bind>
<StgValue><ssdm name="empty_9"/></StgValue>
</bind>
</comp>

<comp id="50" class="1004" name="i_fu_50">
<pin_list>
<pin id="51" dir="0" index="0" bw="1" slack="0"/>
<pin id="52" dir="1" index="1" bw="4" slack="0"/>
</pin_list>
<bind>
<opcode="alloca(26) " fcode="alloca"/>
<opset="i/1 "/>
</bind>
</comp>

<comp id="54" class="1004" name="in_buf_addr_gep_fu_54">
<pin_list>
<pin id="55" dir="0" index="0" bw="8" slack="0"/>
<pin id="56" dir="0" index="1" bw="1" slack="0"/>
<pin id="57" dir="0" index="2" bw="3" slack="0"/>
<pin id="58" dir="1" index="3" bw="7" slack="0"/>
</pin_list>
<bind>
<opcode="getelementptr(29) " fcode="getelementptr"/>
<opset="in_buf_addr/1 "/>
</bind>
</comp>

<comp id="61" class="1004" name="grp_access_fu_61">
<pin_list>
<pin id="62" dir="0" index="0" bw="7" slack="0"/>
<pin id="63" dir="0" index="1" bw="8" slack="2147483647"/>
<pin id="64" dir="0" index="2" bw="0" slack="2147483647"/>
<pin id="65" dir="1" index="3" bw="8" slack="0"/>
</pin_list>
<bind>
<opcode="load(27) " fcode="load"/>
<opset="in_buf_load/1 "/>
</bind>
</comp>

<comp id="67" class="1004" name="compute_controller_bool_bool_unsigned_int_bool_bool_bool_bool_bool_u_47_gep_fu_67">
<pin_list>
<pin id="68" dir="0" index="0" bw="8" slack="0"/>
<pin id="69" dir="0" index="1" bw="1" slack="0"/>
<pin id="70" dir="0" index="2" bw="1" slack="0"/>
<pin id="71" dir="1" index="3" bw="3" slack="0"/>
</pin_list>
<bind>
<opcode="getelementptr(29) " fcode="getelementptr"/>
<opset="compute_controller_bool_bool_unsigned_int_bool_bool_bool_bool_bool_u_47/2 "/>
</bind>
</comp>

<comp id="74" class="1004" name="compute_controller_bool_bool_unsigned_int_bool_bool_bool_bool_bool_u_48_gep_fu_74">
<pin_list>
<pin id="75" dir="0" index="0" bw="8" slack="0"/>
<pin id="76" dir="0" index="1" bw="1" slack="0"/>
<pin id="77" dir="0" index="2" bw="1" slack="0"/>
<pin id="78" dir="1" index="3" bw="3" slack="0"/>
</pin_list>
<bind>
<opcode="getelementptr(29) " fcode="getelementptr"/>
<opset="compute_controller_bool_bool_unsigned_int_bool_bool_bool_bool_bool_u_48/2 "/>
</bind>
</comp>

<comp id="81" class="1004" name="compute_controller_bool_bool_unsigned_int_bool_bool_bool_bool_bool_u_49_gep_fu_81">
<pin_list>
<pin id="82" dir="0" index="0" bw="8" slack="0"/>
<pin id="83" dir="0" index="1" bw="1" slack="0"/>
<pin id="84" dir="0" index="2" bw="1" slack="0"/>
<pin id="85" dir="1" index="3" bw="3" slack="0"/>
</pin_list>
<bind>
<opcode="getelementptr(29) " fcode="getelementptr"/>
<opset="compute_controller_bool_bool_unsigned_int_bool_bool_bool_bool_bool_u_49/2 "/>
</bind>
</comp>

<comp id="88" class="1004" name="compute_controller_bool_bool_unsigned_int_bool_bool_bool_bool_bool_u_50_gep_fu_88">
<pin_list>
<pin id="89" dir="0" index="0" bw="8" slack="0"/>
<pin id="90" dir="0" index="1" bw="1" slack="0"/>
<pin id="91" dir="0" index="2" bw="1" slack="0"/>
<pin id="92" dir="1" index="3" bw="3" slack="0"/>
</pin_list>
<bind>
<opcode="getelementptr(29) " fcode="getelementptr"/>
<opset="compute_controller_bool_bool_unsigned_int_bool_bool_bool_bool_bool_u_50/2 "/>
</bind>
</comp>

<comp id="95" class="1004" name="store_ln369_access_fu_95">
<pin_list>
<pin id="96" dir="0" index="0" bw="3" slack="0"/>
<pin id="97" dir="0" index="1" bw="8" slack="0"/>
<pin id="98" dir="0" index="2" bw="0" slack="2147483647"/>
<pin id="99" dir="1" index="3" bw="8" slack="2147483647"/>
</pin_list>
<bind>
<opcode="store(28) " fcode="store"/>
<opset="store_ln369/2 "/>
</bind>
</comp>

<comp id="102" class="1004" name="store_ln369_access_fu_102">
<pin_list>
<pin id="103" dir="0" index="0" bw="3" slack="0"/>
<pin id="104" dir="0" index="1" bw="8" slack="0"/>
<pin id="105" dir="0" index="2" bw="0" slack="2147483647"/>
<pin id="106" dir="1" index="3" bw="8" slack="2147483647"/>
</pin_list>
<bind>
<opcode="store(28) " fcode="store"/>
<opset="store_ln369/2 "/>
</bind>
</comp>

<comp id="109" class="1004" name="store_ln369_access_fu_109">
<pin_list>
<pin id="110" dir="0" index="0" bw="3" slack="0"/>
<pin id="111" dir="0" index="1" bw="8" slack="0"/>
<pin id="112" dir="0" index="2" bw="0" slack="2147483647"/>
<pin id="113" dir="1" index="3" bw="8" slack="2147483647"/>
</pin_list>
<bind>
<opcode="store(28) " fcode="store"/>
<opset="store_ln369/2 "/>
</bind>
</comp>

<comp id="116" class="1004" name="store_ln369_access_fu_116">
<pin_list>
<pin id="117" dir="0" index="0" bw="3" slack="0"/>
<pin id="118" dir="0" index="1" bw="8" slack="0"/>
<pin id="119" dir="0" index="2" bw="0" slack="2147483647"/>
<pin id="120" dir="1" index="3" bw="8" slack="2147483647"/>
</pin_list>
<bind>
<opcode="store(28) " fcode="store"/>
<opset="store_ln369/2 "/>
</bind>
</comp>

<comp id="123" class="1004" name="store_ln367_store_fu_123">
<pin_list>
<pin id="124" dir="0" index="0" bw="1" slack="0"/>
<pin id="125" dir="0" index="1" bw="4" slack="0"/>
<pin id="126" dir="1" index="2" bw="0" slack="2147483647"/>
</pin_list>
<bind>
<opcode="store(28) " fcode="store"/>
<opset="store_ln367/1 "/>
</bind>
</comp>

<comp id="128" class="1004" name="i_4_load_fu_128">
<pin_list>
<pin id="129" dir="0" index="0" bw="4" slack="0"/>
<pin id="130" dir="1" index="1" bw="4" slack="0"/>
</pin_list>
<bind>
<opcode="load(27) " fcode="load"/>
<opset="i_4/1 "/>
</bind>
</comp>

<comp id="131" class="1004" name="icmp_ln367_fu_131">
<pin_list>
<pin id="132" dir="0" index="0" bw="4" slack="0"/>
<pin id="133" dir="0" index="1" bw="4" slack="0"/>
<pin id="134" dir="1" index="2" bw="1" slack="2147483647"/>
</pin_list>
<bind>
<opcode="icmp(45) " fcode="icmp"/>
<opset="icmp_ln367/1 "/>
</bind>
</comp>

<comp id="137" class="1004" name="add_ln367_fu_137">
<pin_list>
<pin id="138" dir="0" index="0" bw="4" slack="0"/>
<pin id="139" dir="0" index="1" bw="1" slack="0"/>
<pin id="140" dir="1" index="2" bw="4" slack="0"/>
</pin_list>
<bind>
<opcode="add(8) " fcode="add"/>
<opset="add_ln367/1 "/>
</bind>
</comp>

<comp id="143" class="1004" name="trunc_ln367_fu_143">
<pin_list>
<pin id="144" dir="0" index="0" bw="4" slack="0"/>
<pin id="145" dir="1" index="1" bw="3" slack="0"/>
</pin_list>
<bind>
<opcode="trunc(33) " fcode="trunc"/>
<opset="trunc_ln367/1 "/>
</bind>
</comp>

<comp id="147" class="1004" name="trunc_ln367_1_fu_147">
<pin_list>
<pin id="148" dir="0" index="0" bw="4" slack="0"/>
<pin id="149" dir="1" index="1" bw="2" slack="0"/>
</pin_list>
<bind>
<opcode="trunc(33) " fcode="trunc"/>
<opset="trunc_ln367_1/1 "/>
</bind>
</comp>

<comp id="151" class="1004" name="tmp_fu_151">
<pin_list>
<pin id="152" dir="0" index="0" bw="1" slack="0"/>
<pin id="153" dir="0" index="1" bw="4" slack="0"/>
<pin id="154" dir="0" index="2" bw="3" slack="0"/>
<pin id="155" dir="1" index="3" bw="1" slack="1"/>
</pin_list>
<bind>
<opcode="bitselect(1000) " fcode="bitselect"/>
<opset="tmp/1 "/>
</bind>
</comp>

<comp id="159" class="1004" name="zext_ln127_fu_159">
<pin_list>
<pin id="160" dir="0" index="0" bw="3" slack="0"/>
<pin id="161" dir="1" index="1" bw="64" slack="0"/>
</pin_list>
<bind>
<opcode="zext(34) " fcode="zext"/>
<opset="zext_ln127/1 "/>
</bind>
</comp>

<comp id="164" class="1004" name="switch_ln369_fu_164">
<pin_list>
<pin id="165" dir="0" index="0" bw="2" slack="0"/>
<pin id="166" dir="0" index="1" bw="1" slack="0"/>
<pin id="167" dir="0" index="2" bw="1" slack="0"/>
<pin id="168" dir="0" index="3" bw="2" slack="0"/>
<pin id="169" dir="1" index="4" bw="0" slack="2147483647"/>
</pin_list>
<bind>
<opcode="switch(3) " fcode="switch"/>
<opset="switch_ln369/1 "/>
</bind>
</comp>

<comp id="174" class="1004" name="store_ln367_store_fu_174">
<pin_list>
<pin id="175" dir="0" index="0" bw="4" slack="0"/>
<pin id="176" dir="0" index="1" bw="4" slack="0"/>
<pin id="177" dir="1" index="2" bw="0" slack="2147483647"/>
</pin_list>
<bind>
<opcode="store(28) " fcode="store"/>
<opset="store_ln367/1 "/>
</bind>
</comp>

<comp id="179" class="1004" name="zext_ln367_fu_179">
<pin_list>
<pin id="180" dir="0" index="0" bw="1" slack="1"/>
<pin id="181" dir="1" index="1" bw="64" slack="0"/>
</pin_list>
<bind>
<opcode="zext(34) " fcode="zext"/>
<opset="zext_ln367/2 "/>
</bind>
</comp>

<comp id="186" class="1005" name="i_reg_186">
<pin_list>
<pin id="187" dir="0" index="0" bw="4" slack="0"/>
<pin id="188" dir="1" index="1" bw="4" slack="0"/>
</pin_list>
<bind>
<opset="i "/>
</bind>
</comp>

<comp id="196" class="1005" name="trunc_ln367_1_reg_196">
<pin_list>
<pin id="197" dir="0" index="0" bw="2" slack="1"/>
<pin id="198" dir="1" index="1" bw="2" slack="2147483647"/>
</pin_list>
<bind>
<opset="trunc_ln367_1 "/>
</bind>
</comp>

<comp id="200" class="1005" name="tmp_reg_200">
<pin_list>
<pin id="201" dir="0" index="0" bw="1" slack="1"/>
<pin id="202" dir="1" index="1" bw="1" slack="1"/>
</pin_list>
<bind>
<opset="tmp "/>
</bind>
</comp>

<comp id="205" class="1005" name="in_buf_addr_reg_205">
<pin_list>
<pin id="206" dir="0" index="0" bw="7" slack="1"/>
<pin id="207" dir="1" index="1" bw="7" slack="1"/>
</pin_list>
<bind>
<opset="in_buf_addr "/>
</bind>
</comp>

</comp_list>

<net_list>
<net id="53"><net_src comp="10" pin="0"/><net_sink comp="50" pin=0"/></net>

<net id="59"><net_src comp="0" pin="0"/><net_sink comp="54" pin=0"/></net>

<net id="60"><net_src comp="32" pin="0"/><net_sink comp="54" pin=1"/></net>

<net id="66"><net_src comp="54" pin="3"/><net_sink comp="61" pin=0"/></net>

<net id="72"><net_src comp="2" pin="0"/><net_sink comp="67" pin=0"/></net>

<net id="73"><net_src comp="32" pin="0"/><net_sink comp="67" pin=1"/></net>

<net id="79"><net_src comp="4" pin="0"/><net_sink comp="74" pin=0"/></net>

<net id="80"><net_src comp="32" pin="0"/><net_sink comp="74" pin=1"/></net>

<net id="86"><net_src comp="6" pin="0"/><net_sink comp="81" pin=0"/></net>

<net id="87"><net_src comp="32" pin="0"/><net_sink comp="81" pin=1"/></net>

<net id="93"><net_src comp="8" pin="0"/><net_sink comp="88" pin=0"/></net>

<net id="94"><net_src comp="32" pin="0"/><net_sink comp="88" pin=1"/></net>

<net id="100"><net_src comp="61" pin="3"/><net_sink comp="95" pin=1"/></net>

<net id="101"><net_src comp="81" pin="3"/><net_sink comp="95" pin=0"/></net>

<net id="107"><net_src comp="61" pin="3"/><net_sink comp="102" pin=1"/></net>

<net id="108"><net_src comp="74" pin="3"/><net_sink comp="102" pin=0"/></net>

<net id="114"><net_src comp="61" pin="3"/><net_sink comp="109" pin=1"/></net>

<net id="115"><net_src comp="67" pin="3"/><net_sink comp="109" pin=0"/></net>

<net id="121"><net_src comp="61" pin="3"/><net_sink comp="116" pin=1"/></net>

<net id="122"><net_src comp="88" pin="3"/><net_sink comp="116" pin=0"/></net>

<net id="127"><net_src comp="22" pin="0"/><net_sink comp="123" pin=0"/></net>

<net id="135"><net_src comp="128" pin="1"/><net_sink comp="131" pin=0"/></net>

<net id="136"><net_src comp="24" pin="0"/><net_sink comp="131" pin=1"/></net>

<net id="141"><net_src comp="128" pin="1"/><net_sink comp="137" pin=0"/></net>

<net id="142"><net_src comp="26" pin="0"/><net_sink comp="137" pin=1"/></net>

<net id="146"><net_src comp="128" pin="1"/><net_sink comp="143" pin=0"/></net>

<net id="150"><net_src comp="128" pin="1"/><net_sink comp="147" pin=0"/></net>

<net id="156"><net_src comp="28" pin="0"/><net_sink comp="151" pin=0"/></net>

<net id="157"><net_src comp="128" pin="1"/><net_sink comp="151" pin=1"/></net>

<net id="158"><net_src comp="30" pin="0"/><net_sink comp="151" pin=2"/></net>

<net id="162"><net_src comp="143" pin="1"/><net_sink comp="159" pin=0"/></net>

<net id="163"><net_src comp="159" pin="1"/><net_sink comp="54" pin=2"/></net>

<net id="170"><net_src comp="147" pin="1"/><net_sink comp="164" pin=0"/></net>

<net id="171"><net_src comp="34" pin="0"/><net_sink comp="164" pin=1"/></net>

<net id="172"><net_src comp="36" pin="0"/><net_sink comp="164" pin=2"/></net>

<net id="173"><net_src comp="38" pin="0"/><net_sink comp="164" pin=3"/></net>

<net id="178"><net_src comp="137" pin="2"/><net_sink comp="174" pin=0"/></net>

<net id="182"><net_src comp="179" pin="1"/><net_sink comp="67" pin=2"/></net>

<net id="183"><net_src comp="179" pin="1"/><net_sink comp="74" pin=2"/></net>

<net id="184"><net_src comp="179" pin="1"/><net_sink comp="81" pin=2"/></net>

<net id="185"><net_src comp="179" pin="1"/><net_sink comp="88" pin=2"/></net>

<net id="189"><net_src comp="50" pin="1"/><net_sink comp="186" pin=0"/></net>

<net id="190"><net_src comp="186" pin="1"/><net_sink comp="123" pin=1"/></net>

<net id="191"><net_src comp="186" pin="1"/><net_sink comp="128" pin=0"/></net>

<net id="192"><net_src comp="186" pin="1"/><net_sink comp="174" pin=1"/></net>

<net id="199"><net_src comp="147" pin="1"/><net_sink comp="196" pin=0"/></net>

<net id="203"><net_src comp="151" pin="3"/><net_sink comp="200" pin=0"/></net>

<net id="204"><net_src comp="200" pin="1"/><net_sink comp="179" pin=0"/></net>

<net id="208"><net_src comp="54" pin="3"/><net_sink comp="205" pin=0"/></net>

<net id="209"><net_src comp="205" pin="1"/><net_sink comp="61" pin=0"/></net>

</net_list>

</model> 
---------------- Datapath Model END ------------------

* FSMD analyzer results:
  - Output states:
	Port: compute_controller_bool_bool_unsigned_int_bool_bool_bool_bool_bool_u_3 | {2 }
	Port: compute_controller_bool_bool_unsigned_int_bool_bool_bool_bool_bool_u_2 | {2 }
	Port: compute_controller_bool_bool_unsigned_int_bool_bool_bool_bool_bool_u_1 | {2 }
	Port: compute_controller_bool_bool_unsigned_int_bool_bool_bool_bool_bool_u | {2 }
 - Input state : 
	Port: compute_controller_Pipeline_VITIS_LOOP_367_4 : in_buf | {1 2 }
  - Chain level:
	State 1
		store_ln367 : 1
		i_4 : 1
		icmp_ln367 : 2
		add_ln367 : 2
		br_ln367 : 3
		trunc_ln367 : 2
		trunc_ln367_1 : 2
		tmp : 2
		zext_ln127 : 3
		in_buf_addr : 4
		in_buf_load : 5
		switch_ln369 : 3
		store_ln367 : 3
	State 2
		compute_controller_bool_bool_unsigned_int_bool_bool_bool_bool_bool_u_47 : 1
		compute_controller_bool_bool_unsigned_int_bool_bool_bool_bool_bool_u_48 : 1
		compute_controller_bool_bool_unsigned_int_bool_bool_bool_bool_bool_u_49 : 1
		compute_controller_bool_bool_unsigned_int_bool_bool_bool_bool_bool_u_50 : 1
		store_ln369 : 2
		store_ln369 : 2
		store_ln369 : 2
		store_ln369 : 2


============================================================
+ Verbose Summary: Datapath Resource usage 
============================================================

* Functional unit list:
|----------|----------------------|---------|---------|
| Operation|    Functional Unit   |    FF   |   LUT   |
|----------|----------------------|---------|---------|
|   icmp   |   icmp_ln367_fu_131  |    0    |    12   |
|----------|----------------------|---------|---------|
|    add   |   add_ln367_fu_137   |    0    |    12   |
|----------|----------------------|---------|---------|
|   trunc  |  trunc_ln367_fu_143  |    0    |    0    |
|          | trunc_ln367_1_fu_147 |    0    |    0    |
|----------|----------------------|---------|---------|
| bitselect|      tmp_fu_151      |    0    |    0    |
|----------|----------------------|---------|---------|
|   zext   |   zext_ln127_fu_159  |    0    |    0    |
|          |   zext_ln367_fu_179  |    0    |    0    |
|----------|----------------------|---------|---------|
|  switch  |  switch_ln369_fu_164 |    0    |    0    |
|----------|----------------------|---------|---------|
|   Total  |                      |    0    |    24   |
|----------|----------------------|---------|---------|

Memories:
N/A

* Register list:
+---------------------+--------+
|                     |   FF   |
+---------------------+--------+
|      i_reg_186      |    4   |
| in_buf_addr_reg_205 |    7   |
|     tmp_reg_200     |    1   |
|trunc_ln367_1_reg_196|    2   |
+---------------------+--------+
|        Total        |   14   |
+---------------------+--------+

* Multiplexer (MUX) list: 
|------------------|------|------|------|--------||---------||---------||---------|
|       Comp       |  Pin | Size |  BW  | S x BW ||  Delay  ||    FF   ||   LUT   |
|------------------|------|------|------|--------||---------||---------||---------|
| grp_access_fu_61 |  p0  |   2  |   7  |   14   ||    0    ||    9    |
|------------------|------|------|------|--------||---------||---------||---------|
|       Total      |      |      |      |   14   ||  0.427  ||    0    ||    9    |
|------------------|------|------|------|--------||---------||---------||---------|



* Summary:
+-----------+--------+--------+--------+
|           |  Delay |   FF   |   LUT  |
+-----------+--------+--------+--------+
|  Function |    -   |    0   |   24   |
|   Memory  |    -   |    -   |    -   |
|Multiplexer|    0   |    0   |    9   |
|  Register |    -   |   14   |    -   |
+-----------+--------+--------+--------+
|   Total   |    0   |   14   |   33   |
+-----------+--------+--------+--------+
