

================================================================
== Vitis HLS Report for 'compute_controller_Pipeline_VITIS_LOOP_646_39'
================================================================
* Date:           Sat Jan 24 18:00:29 2026

* Version:        2025.1 (Build 6135595 on May 21 2025)
* Project:        compute_controller
* Solution:       hls (Vivado IP Flow Target)
* Product family: zynquplus
* Target device:  xck26-sfvc784-2LV-c


================================================================
== Performance Estimates
================================================================
+ Timing: 
    * Summary: 
    +--------+----------+----------+------------+
    |  Clock |  Target  | Estimated| Uncertainty|
    +--------+----------+----------+------------+
    |ap_clk  |  10.00 ns|  2.057 ns|     2.70 ns|
    +--------+----------+----------+------------+

+ Latency: 
    * Summary: 
    +---------+---------+----------+----------+-----+-----+------------------------------------------------+
    |  Latency (cycles) |  Latency (absolute) |  Interval |                    Pipeline                    |
    |   min   |   max   |    min   |    max   | min | max |                      Type                      |
    +---------+---------+----------+----------+-----+-----+------------------------------------------------+
    |       13|       13|  0.130 us|  0.130 us|   12|   12|  loop auto-rewind stp (delay=0 clock cycles(s))|
    +---------+---------+----------+----------+-----+-----+------------------------------------------------+

    + Detail: 
        * Instance: 
        N/A

        * Loop: 
        +---------------------+---------+---------+----------+-----------+-----------+------+----------+
        |                     |  Latency (cycles) | Iteration|  Initiation Interval  | Trip |          |
        |      Loop Name      |   min   |   max   |  Latency |  achieved |   target  | Count| Pipelined|
        +---------------------+---------+---------+----------+-----------+-----------+------+----------+
        |- VITIS_LOOP_646_39  |       11|       11|         4|          2|          1|     5|       yes|
        +---------------------+---------+---------+----------+-----------+-----------+------+----------+

============================================================
+ Verbose Summary: Synthesis Manager
============================================================
InlineROM: 1
ExposeGlobal: 0
============================================================
+ Verbose Summary: CDFG Model
============================================================
IsTopModel: 0
ResetActiveHigh: 1
IsCombinational: 0
IsDatapathOnly: 0
HasWiredReturn: 1
HasMFsm: 2
HasVarLatency: 1
IsPipeline: 0
IsRtlPipelined: 0
IsInstanceOverlapped: 0
IsDontTouch: 0
HasImplIP: 0
IsGatedGlobalClock: 0

+ Individual pipeline summary: 
  * Pipeline-0: initiation interval (II) = 2, depth = 4


============================================================
+ Verbose Summary: Schedule
============================================================
* Number of FSM states : 4
* Pipeline : 1
  Pipeline-0 : II = 2, D = 4, States = { 1 2 3 4 }
* Dataflow Pipeline: 0

* FSM state transitions: 
1 --> 2 
2 --> 3 
3 --> 4 
4 --> 

* FSM state operations: 

State 1 <SV = 0> <Delay = 1.52>
ST_1 : Operation 7 [1/1] (0.00ns)   --->   "%i = alloca i32 1" [/home/luka/Scripting/ELEC_498-Capstone-LiteLM/HLS-Verilog/Transformer_logic/src-hls/compute_controller.cpp:646]   --->   Operation 7 'alloca' 'i' <Predicate = true> <Delay = 0.00>
ST_1 : Operation 8 [1/1] (0.00ns)   --->   "%specinterface_ln0 = specinterface void @_ssdm_op_SpecInterface, i8 %in_buf, void @empty_22, i32 0, i32 0, void @empty_15, i32 4294967295, i32 0, void @empty_15, void @empty_15, void @empty_15, i32 0, i32 0, i32 0, i32 0, void @empty_15, void @empty_15, i32 4294967295, i32 0, i32 0"   --->   Operation 8 'specinterface' 'specinterface_ln0' <Predicate = true> <Delay = 0.00>
ST_1 : Operation 9 [1/1] (0.42ns)   --->   "%store_ln646 = store i3 0, i3 %i" [/home/luka/Scripting/ELEC_498-Capstone-LiteLM/HLS-Verilog/Transformer_logic/src-hls/compute_controller.cpp:646]   --->   Operation 9 'store' 'store_ln646' <Predicate = true> <Delay = 0.42>
ST_1 : Operation 10 [1/1] (0.00ns)   --->   "%br_ln0 = br void %for.inc648"   --->   Operation 10 'br' 'br_ln0' <Predicate = true> <Delay = 0.00>
ST_1 : Operation 11 [1/1] (0.00ns)   --->   "%i_4 = load i3 %i" [/home/luka/Scripting/ELEC_498-Capstone-LiteLM/HLS-Verilog/Transformer_logic/src-hls/compute_controller.cpp:646]   --->   Operation 11 'load' 'i_4' <Predicate = true> <Delay = 0.00>
ST_1 : Operation 12 [1/1] (0.67ns)   --->   "%icmp_ln646 = icmp_eq  i3 %i_4, i3 5" [/home/luka/Scripting/ELEC_498-Capstone-LiteLM/HLS-Verilog/Transformer_logic/src-hls/compute_controller.cpp:646]   --->   Operation 12 'icmp' 'icmp_ln646' <Predicate = true> <Delay = 0.67> <CoreInst = "Cmp">   --->   Core 9 'Cmp' <Latency = 0> <II = 1> <Delay = 0.67> <FuncUnit> <Opcode : 'seteq' 'setne' 'setle' 'setge' 'setlt' 'setgt'> <InPorts = 2> <OutPorts = 1>
ST_1 : Operation 13 [1/1] (0.67ns)   --->   "%add_ln646 = add i3 %i_4, i3 1" [/home/luka/Scripting/ELEC_498-Capstone-LiteLM/HLS-Verilog/Transformer_logic/src-hls/compute_controller.cpp:646]   --->   Operation 13 'add' 'add_ln646' <Predicate = true> <Delay = 0.67> <CoreInst = "Adder">   --->   Core 1 'Adder' <Latency = 0> <II = 1> <Delay = 0.67> <FuncUnit> <Opcode : 'add' 'sub'> <InPorts = 2> <OutPorts = 1>
ST_1 : Operation 14 [1/1] (0.00ns)   --->   "%br_ln646 = br i1 %icmp_ln646, void %for.inc648.split, void %for.inc658.preheader.exitStub" [/home/luka/Scripting/ELEC_498-Capstone-LiteLM/HLS-Verilog/Transformer_logic/src-hls/compute_controller.cpp:646]   --->   Operation 14 'br' 'br_ln646' <Predicate = true> <Delay = 0.00>
ST_1 : Operation 15 [1/1] (0.42ns)   --->   "%store_ln646 = store i3 %add_ln646, i3 %i" [/home/luka/Scripting/ELEC_498-Capstone-LiteLM/HLS-Verilog/Transformer_logic/src-hls/compute_controller.cpp:646]   --->   Operation 15 'store' 'store_ln646' <Predicate = (!icmp_ln646)> <Delay = 0.42>
ST_1 : Operation 16 [1/1] (0.00ns)   --->   "%br_ln646 = br void %for.inc648" [/home/luka/Scripting/ELEC_498-Capstone-LiteLM/HLS-Verilog/Transformer_logic/src-hls/compute_controller.cpp:646]   --->   Operation 16 'br' 'br_ln646' <Predicate = (!icmp_ln646)> <Delay = 0.00>

State 2 <SV = 1> <Delay = 2.05>
ST_2 : Operation 17 [1/1] (0.00ns)   --->   "%or_ln5 = bitconcatenate i6 @_ssdm_op_BitConcatenate.i6.i1.i3.i2, i1 1, i3 %i_4, i2 3" [/home/luka/Scripting/ELEC_498-Capstone-LiteLM/HLS-Verilog/Transformer_logic/src-hls/compute_controller.cpp:648]   --->   Operation 17 'bitconcatenate' 'or_ln5' <Predicate = (!icmp_ln646)> <Delay = 0.00>
ST_2 : Operation 18 [1/1] (0.00ns)   --->   "%sext_ln648 = sext i6 %or_ln5" [/home/luka/Scripting/ELEC_498-Capstone-LiteLM/HLS-Verilog/Transformer_logic/src-hls/compute_controller.cpp:648]   --->   Operation 18 'sext' 'sext_ln648' <Predicate = (!icmp_ln646)> <Delay = 0.00>
ST_2 : Operation 19 [1/1] (0.00ns)   --->   "%zext_ln648 = zext i7 %sext_ln648" [/home/luka/Scripting/ELEC_498-Capstone-LiteLM/HLS-Verilog/Transformer_logic/src-hls/compute_controller.cpp:648]   --->   Operation 19 'zext' 'zext_ln648' <Predicate = (!icmp_ln646)> <Delay = 0.00>
ST_2 : Operation 20 [3/3] (2.05ns)   --->   "%tmp_42 = call i32 @read_i32, i8 %in_buf, i13 %zext_ln648" [/home/luka/Scripting/ELEC_498-Capstone-LiteLM/HLS-Verilog/Transformer_logic/src-hls/compute_controller.cpp:648]   --->   Operation 20 'call' 'tmp_42' <Predicate = (!icmp_ln646)> <Delay = 2.05> <CoreType = "Generic">   --->   Generic Core
ST_2 : Operation 21 [1/1] (0.67ns)   --->   "%switch_ln648 = switch i3 %i_4, void %arrayidx647.case.4, i3 0, void %arrayidx647.case.0, i3 1, void %arrayidx647.case.1, i3 2, void %arrayidx647.case.2, i3 3, void %arrayidx647.case.3" [/home/luka/Scripting/ELEC_498-Capstone-LiteLM/HLS-Verilog/Transformer_logic/src-hls/compute_controller.cpp:648]   --->   Operation 21 'switch' 'switch_ln648' <Predicate = (!icmp_ln646)> <Delay = 0.67>
ST_2 : Operation 37 [1/1] (0.42ns)   --->   "%ret_ln0 = ret"   --->   Operation 37 'ret' 'ret_ln0' <Predicate = (icmp_ln646)> <Delay = 0.42>

State 3 <SV = 2> <Delay = 2.05>
ST_3 : Operation 22 [2/3] (2.05ns)   --->   "%tmp_42 = call i32 @read_i32, i8 %in_buf, i13 %zext_ln648" [/home/luka/Scripting/ELEC_498-Capstone-LiteLM/HLS-Verilog/Transformer_logic/src-hls/compute_controller.cpp:648]   --->   Operation 22 'call' 'tmp_42' <Predicate = (!icmp_ln646)> <Delay = 2.05> <CoreType = "Generic">   --->   Generic Core

State 4 <SV = 3> <Delay = 1.91>
ST_4 : Operation 23 [1/1] (0.00ns)   --->   "%specpipeline_ln647 = specpipeline void @_ssdm_op_SpecPipeline, i32 1, i32 0, i32 0, i32 0, void @empty_15" [/home/luka/Scripting/ELEC_498-Capstone-LiteLM/HLS-Verilog/Transformer_logic/src-hls/compute_controller.cpp:647]   --->   Operation 23 'specpipeline' 'specpipeline_ln647' <Predicate = true> <Delay = 0.00>
ST_4 : Operation 24 [1/1] (0.00ns)   --->   "%speclooptripcount_ln646 = speclooptripcount void @_ssdm_op_SpecLoopTripCount, i64 5, i64 5, i64 5" [/home/luka/Scripting/ELEC_498-Capstone-LiteLM/HLS-Verilog/Transformer_logic/src-hls/compute_controller.cpp:646]   --->   Operation 24 'speclooptripcount' 'speclooptripcount_ln646' <Predicate = true> <Delay = 0.00>
ST_4 : Operation 25 [1/1] (0.00ns)   --->   "%specloopname_ln646 = specloopname void @_ssdm_op_SpecLoopName, void @empty_1" [/home/luka/Scripting/ELEC_498-Capstone-LiteLM/HLS-Verilog/Transformer_logic/src-hls/compute_controller.cpp:646]   --->   Operation 25 'specloopname' 'specloopname_ln646' <Predicate = true> <Delay = 0.00>
ST_4 : Operation 26 [1/3] (1.23ns)   --->   "%tmp_42 = call i32 @read_i32, i8 %in_buf, i13 %zext_ln648" [/home/luka/Scripting/ELEC_498-Capstone-LiteLM/HLS-Verilog/Transformer_logic/src-hls/compute_controller.cpp:648]   --->   Operation 26 'call' 'tmp_42' <Predicate = true> <Delay = 1.23> <CoreType = "Generic">   --->   Generic Core
ST_4 : Operation 27 [1/1] ( I:0.67ns O:0.67ns )   --->   "%store_ln648 = store i32 %tmp_42, i32 0" [/home/luka/Scripting/ELEC_498-Capstone-LiteLM/HLS-Verilog/Transformer_logic/src-hls/compute_controller.cpp:648]   --->   Operation 27 'store' 'store_ln648' <Predicate = (i_4 == 3)> <Delay = 0.67> <CoreInst = "RAM">   --->   Core 82 'RAM' <Latency = 1> <II = 1> <Delay = 0.67> <Storage> <Opcode : 'load' 'store'> <Ports = 2> <Width = 32> <Depth = 3> <RAM>
ST_4 : Operation 28 [1/1] (0.00ns)   --->   "%br_ln648 = br void %arrayidx647.exit" [/home/luka/Scripting/ELEC_498-Capstone-LiteLM/HLS-Verilog/Transformer_logic/src-hls/compute_controller.cpp:648]   --->   Operation 28 'br' 'br_ln648' <Predicate = (i_4 == 3)> <Delay = 0.00>
ST_4 : Operation 29 [1/1] ( I:0.67ns O:0.67ns )   --->   "%store_ln648 = store i32 %tmp_42, i32 0" [/home/luka/Scripting/ELEC_498-Capstone-LiteLM/HLS-Verilog/Transformer_logic/src-hls/compute_controller.cpp:648]   --->   Operation 29 'store' 'store_ln648' <Predicate = (i_4 == 2)> <Delay = 0.67> <CoreInst = "RAM">   --->   Core 82 'RAM' <Latency = 1> <II = 1> <Delay = 0.67> <Storage> <Opcode : 'load' 'store'> <Ports = 2> <Width = 32> <Depth = 3> <RAM>
ST_4 : Operation 30 [1/1] (0.00ns)   --->   "%br_ln648 = br void %arrayidx647.exit" [/home/luka/Scripting/ELEC_498-Capstone-LiteLM/HLS-Verilog/Transformer_logic/src-hls/compute_controller.cpp:648]   --->   Operation 30 'br' 'br_ln648' <Predicate = (i_4 == 2)> <Delay = 0.00>
ST_4 : Operation 31 [1/1] ( I:0.67ns O:0.67ns )   --->   "%store_ln648 = store i32 %tmp_42, i32 0" [/home/luka/Scripting/ELEC_498-Capstone-LiteLM/HLS-Verilog/Transformer_logic/src-hls/compute_controller.cpp:648]   --->   Operation 31 'store' 'store_ln648' <Predicate = (i_4 == 1)> <Delay = 0.67> <CoreInst = "RAM">   --->   Core 82 'RAM' <Latency = 1> <II = 1> <Delay = 0.67> <Storage> <Opcode : 'load' 'store'> <Ports = 2> <Width = 32> <Depth = 3> <RAM>
ST_4 : Operation 32 [1/1] (0.00ns)   --->   "%br_ln648 = br void %arrayidx647.exit" [/home/luka/Scripting/ELEC_498-Capstone-LiteLM/HLS-Verilog/Transformer_logic/src-hls/compute_controller.cpp:648]   --->   Operation 32 'br' 'br_ln648' <Predicate = (i_4 == 1)> <Delay = 0.00>
ST_4 : Operation 33 [1/1] ( I:0.67ns O:0.67ns )   --->   "%store_ln648 = store i32 %tmp_42, i32 0" [/home/luka/Scripting/ELEC_498-Capstone-LiteLM/HLS-Verilog/Transformer_logic/src-hls/compute_controller.cpp:648]   --->   Operation 33 'store' 'store_ln648' <Predicate = (i_4 == 0)> <Delay = 0.67> <CoreInst = "RAM">   --->   Core 82 'RAM' <Latency = 1> <II = 1> <Delay = 0.67> <Storage> <Opcode : 'load' 'store'> <Ports = 2> <Width = 32> <Depth = 3> <RAM>
ST_4 : Operation 34 [1/1] (0.00ns)   --->   "%br_ln648 = br void %arrayidx647.exit" [/home/luka/Scripting/ELEC_498-Capstone-LiteLM/HLS-Verilog/Transformer_logic/src-hls/compute_controller.cpp:648]   --->   Operation 34 'br' 'br_ln648' <Predicate = (i_4 == 0)> <Delay = 0.00>
ST_4 : Operation 35 [1/1] ( I:0.67ns O:0.67ns )   --->   "%store_ln648 = store i32 %tmp_42, i32 0" [/home/luka/Scripting/ELEC_498-Capstone-LiteLM/HLS-Verilog/Transformer_logic/src-hls/compute_controller.cpp:648]   --->   Operation 35 'store' 'store_ln648' <Predicate = (i_4 != 0 & i_4 != 1 & i_4 != 2 & i_4 != 3)> <Delay = 0.67> <CoreInst = "RAM">   --->   Core 82 'RAM' <Latency = 1> <II = 1> <Delay = 0.67> <Storage> <Opcode : 'load' 'store'> <Ports = 2> <Width = 32> <Depth = 3> <RAM>
ST_4 : Operation 36 [1/1] (0.00ns)   --->   "%br_ln648 = br void %arrayidx647.exit" [/home/luka/Scripting/ELEC_498-Capstone-LiteLM/HLS-Verilog/Transformer_logic/src-hls/compute_controller.cpp:648]   --->   Operation 36 'br' 'br_ln648' <Predicate = (i_4 != 0 & i_4 != 1 & i_4 != 2 & i_4 != 3)> <Delay = 0.00>


============================================================
+ Verbose Summary: Timing violations
============================================================
Target clock period: 10.000ns, clock uncertainty: 2.700ns.

 <State 1>: 1.527ns
The critical path consists of the following:
	'store' operation 0 bit ('store_ln646', /home/luka/Scripting/ELEC_498-Capstone-LiteLM/HLS-Verilog/Transformer_logic/src-hls/compute_controller.cpp:646) of constant 0 on local variable 'i', /home/luka/Scripting/ELEC_498-Capstone-LiteLM/HLS-Verilog/Transformer_logic/src-hls/compute_controller.cpp:646 [4]  (0.427 ns)
	'load' operation 3 bit ('i', /home/luka/Scripting/ELEC_498-Capstone-LiteLM/HLS-Verilog/Transformer_logic/src-hls/compute_controller.cpp:646) on local variable 'i', /home/luka/Scripting/ELEC_498-Capstone-LiteLM/HLS-Verilog/Transformer_logic/src-hls/compute_controller.cpp:646 [7]  (0.000 ns)
	'add' operation 3 bit ('add_ln646', /home/luka/Scripting/ELEC_498-Capstone-LiteLM/HLS-Verilog/Transformer_logic/src-hls/compute_controller.cpp:646) [9]  (0.673 ns)
	'store' operation 0 bit ('store_ln646', /home/luka/Scripting/ELEC_498-Capstone-LiteLM/HLS-Verilog/Transformer_logic/src-hls/compute_controller.cpp:646) of variable 'add_ln646', /home/luka/Scripting/ELEC_498-Capstone-LiteLM/HLS-Verilog/Transformer_logic/src-hls/compute_controller.cpp:646 on local variable 'i', /home/luka/Scripting/ELEC_498-Capstone-LiteLM/HLS-Verilog/Transformer_logic/src-hls/compute_controller.cpp:646 [36]  (0.427 ns)

 <State 2>: 2.057ns
The critical path consists of the following:
	'call' operation 32 bit ('tmp_42', /home/luka/Scripting/ELEC_498-Capstone-LiteLM/HLS-Verilog/Transformer_logic/src-hls/compute_controller.cpp:648) to 'read_i32' [18]  (2.057 ns)

 <State 3>: 2.057ns
The critical path consists of the following:
	'call' operation 32 bit ('tmp_42', /home/luka/Scripting/ELEC_498-Capstone-LiteLM/HLS-Verilog/Transformer_logic/src-hls/compute_controller.cpp:648) to 'read_i32' [18]  (2.057 ns)

 <State 4>: 1.914ns
The critical path consists of the following:
	'call' operation 32 bit ('tmp_42', /home/luka/Scripting/ELEC_498-Capstone-LiteLM/HLS-Verilog/Transformer_logic/src-hls/compute_controller.cpp:648) to 'read_i32' [18]  (1.237 ns)
	'store' operation 0 bit ('store_ln648', /home/luka/Scripting/ELEC_498-Capstone-LiteLM/HLS-Verilog/Transformer_logic/src-hls/compute_controller.cpp:648) of variable 'tmp_42', /home/luka/Scripting/ELEC_498-Capstone-LiteLM/HLS-Verilog/Transformer_logic/src-hls/compute_controller.cpp:648 on array 'compute_controller_bool_bool_unsigned_int_bool_bool_bool_bool_bool_u_150' [27]  (0.677 ns)


============================================================
+ Verbose Summary: Binding
============================================================
N/A
* FSMD analyzer results:
  - Output states:
 - Input state : 
  - Chain level:
	State 1
	State 2
	State 3
	State 4


============================================================
+ Verbose Summary: Datapath Resource usage 
============================================================
N/A
