

================================================================
== Vitis HLS Report for 'compute_controller_Pipeline_VITIS_LOOP_680_42'
================================================================
* Date:           Wed Jan 28 19:35:27 2026

* Version:        2025.1 (Build 6135595 on May 21 2025)
* Project:        compute_controller
* Solution:       hls (Vivado IP Flow Target)
* Product family: zynquplus
* Target device:  xck26-sfvc784-2LV-c


================================================================
== Performance Estimates
================================================================
+ Timing: 
    * Summary: 
    +--------+----------+----------+------------+
    |  Clock |  Target  | Estimated| Uncertainty|
    +--------+----------+----------+------------+
    |ap_clk  |  10.00 ns|  2.453 ns|     2.70 ns|
    +--------+----------+----------+------------+

+ Latency: 
    * Summary: 
    +---------+---------+-----------+-----------+-----+-----+------------------------------------------------+
    |  Latency (cycles) |   Latency (absolute)  |  Interval |                    Pipeline                    |
    |   min   |   max   |    min    |    max    | min | max |                      Type                      |
    +---------+---------+-----------+-----------+-----+-----+------------------------------------------------+
    |        7|        7|  70.000 ns|  70.000 ns|    6|    6|  loop auto-rewind stp (delay=0 clock cycles(s))|
    +---------+---------+-----------+-----------+-----+-----+------------------------------------------------+

    + Detail: 
        * Instance: 
        N/A

        * Loop: 
        +---------------------+---------+---------+----------+-----------+-----------+------+----------+
        |                     |  Latency (cycles) | Iteration|  Initiation Interval  | Trip |          |
        |      Loop Name      |   min   |   max   |  Latency |  achieved |   target  | Count| Pipelined|
        +---------------------+---------+---------+----------+-----------+-----------+------+----------+
        |- VITIS_LOOP_680_42  |        5|        5|         2|          1|          1|     5|       yes|
        +---------------------+---------+---------+----------+-----------+-----------+------+----------+

============================================================
+ Verbose Summary: Synthesis Manager
============================================================
InlineROM: 1
ExposeGlobal: 0
============================================================
+ Verbose Summary: CDFG Model
============================================================
IsTopModel: 0
ResetActiveHigh: 1
IsCombinational: 0
IsDatapathOnly: 0
HasWiredReturn: 1
HasMFsm: 2
HasVarLatency: 1
IsPipeline: 0
IsRtlPipelined: 0
IsInstanceOverlapped: 0
IsDontTouch: 0
HasImplIP: 0
IsGatedGlobalClock: 0

+ Individual pipeline summary: 
  * Pipeline-0: initiation interval (II) = 1, depth = 2


============================================================
+ Verbose Summary: Schedule
============================================================
* Number of FSM states : 2
* Pipeline : 1
  Pipeline-0 : II = 1, D = 2, States = { 1 2 }
* Dataflow Pipeline: 0

* FSM state transitions: 
1 --> 2 
2 --> 

* FSM state operations: 

State 1 <SV = 0> <Delay = 2.45>
ST_1 : Operation 5 [1/1] (0.00ns)   --->   "%i = alloca i32 1" [/home/luka/Scripting/ELEC_498-Capstone-LiteLM/HLS-Verilog/Transformer_logic/src-hls/compute_controller.cpp:680]   --->   Operation 5 'alloca' 'i' <Predicate = true> <Delay = 0.00>
ST_1 : Operation 6 [1/1] (0.00ns)   --->   "%compute_controller_bool_bool_unsigned_int_bool_bool_bool_bool_bool_u_274 = alloca i32 1"   --->   Operation 6 'alloca' 'compute_controller_bool_bool_unsigned_int_bool_bool_bool_bool_bool_u_274' <Predicate = true> <Delay = 0.00>
ST_1 : Operation 7 [1/1] (0.00ns)   --->   "%compute_controller_bool_bool_unsigned_int_bool_bool_bool_bool_bool_u_273 = alloca i32 1"   --->   Operation 7 'alloca' 'compute_controller_bool_bool_unsigned_int_bool_bool_bool_bool_bool_u_273' <Predicate = true> <Delay = 0.00>
ST_1 : Operation 8 [1/1] (0.00ns)   --->   "%compute_controller_bool_bool_unsigned_int_bool_bool_bool_bool_bool_u_272 = alloca i32 1"   --->   Operation 8 'alloca' 'compute_controller_bool_bool_unsigned_int_bool_bool_bool_bool_bool_u_272' <Predicate = true> <Delay = 0.00>
ST_1 : Operation 9 [1/1] (0.00ns)   --->   "%compute_controller_bool_bool_unsigned_int_bool_bool_bool_bool_bool_u_271 = alloca i32 1"   --->   Operation 9 'alloca' 'compute_controller_bool_bool_unsigned_int_bool_bool_bool_bool_bool_u_271' <Predicate = true> <Delay = 0.00>
ST_1 : Operation 10 [1/1] (0.00ns)   --->   "%specinterface_ln0 = specinterface void @_ssdm_op_SpecInterface, i8 %in_buf, void @empty_20, i32 0, i32 0, void @empty_8, i32 4294967295, i32 0, void @empty_8, void @empty_8, void @empty_8, i32 0, i32 0, i32 0, i32 0, void @empty_8, void @empty_8, i32 4294967295, i32 0, i32 0"   --->   Operation 10 'specinterface' 'specinterface_ln0' <Predicate = true> <Delay = 0.00>
ST_1 : Operation 11 [1/1] (0.00ns)   --->   "%compute_controller_bool_bool_unsigned_int_bool_bool_bool_bool_bool_u_159 = read i16 @_ssdm_op_Read.ap_auto.i16, i16 %compute_controller_bool_bool_unsigned_int_bool_bool_bool_bool_bool_u_128"   --->   Operation 11 'read' 'compute_controller_bool_bool_unsigned_int_bool_bool_bool_bool_bool_u_159' <Predicate = true> <Delay = 0.00>
ST_1 : Operation 12 [1/1] (0.00ns)   --->   "%compute_controller_bool_bool_unsigned_int_bool_bool_bool_bool_bool_u_160 = read i16 @_ssdm_op_Read.ap_auto.i16, i16 %compute_controller_bool_bool_unsigned_int_bool_bool_bool_bool_bool_u_127"   --->   Operation 12 'read' 'compute_controller_bool_bool_unsigned_int_bool_bool_bool_bool_bool_u_160' <Predicate = true> <Delay = 0.00>
ST_1 : Operation 13 [1/1] (0.00ns)   --->   "%compute_controller_bool_bool_unsigned_int_bool_bool_bool_bool_bool_u_161 = read i16 @_ssdm_op_Read.ap_auto.i16, i16 %compute_controller_bool_bool_unsigned_int_bool_bool_bool_bool_bool_u_126"   --->   Operation 13 'read' 'compute_controller_bool_bool_unsigned_int_bool_bool_bool_bool_bool_u_161' <Predicate = true> <Delay = 0.00>
ST_1 : Operation 14 [1/1] (0.00ns)   --->   "%compute_controller_bool_bool_unsigned_int_bool_bool_bool_bool_bool_u_162 = read i16 @_ssdm_op_Read.ap_auto.i16, i16 %compute_controller_bool_bool_unsigned_int_bool_bool_bool_bool_bool_u_125"   --->   Operation 14 'read' 'compute_controller_bool_bool_unsigned_int_bool_bool_bool_bool_bool_u_162' <Predicate = true> <Delay = 0.00>
ST_1 : Operation 15 [1/1] (0.42ns)   --->   "%store_ln0 = store i16 %compute_controller_bool_bool_unsigned_int_bool_bool_bool_bool_bool_u_162, i16 %compute_controller_bool_bool_unsigned_int_bool_bool_bool_bool_bool_u_271"   --->   Operation 15 'store' 'store_ln0' <Predicate = true> <Delay = 0.42>
ST_1 : Operation 16 [1/1] (0.42ns)   --->   "%store_ln0 = store i16 %compute_controller_bool_bool_unsigned_int_bool_bool_bool_bool_bool_u_161, i16 %compute_controller_bool_bool_unsigned_int_bool_bool_bool_bool_bool_u_272"   --->   Operation 16 'store' 'store_ln0' <Predicate = true> <Delay = 0.42>
ST_1 : Operation 17 [1/1] (0.42ns)   --->   "%store_ln0 = store i16 %compute_controller_bool_bool_unsigned_int_bool_bool_bool_bool_bool_u_160, i16 %compute_controller_bool_bool_unsigned_int_bool_bool_bool_bool_bool_u_273"   --->   Operation 17 'store' 'store_ln0' <Predicate = true> <Delay = 0.42>
ST_1 : Operation 18 [1/1] (0.42ns)   --->   "%store_ln0 = store i16 %compute_controller_bool_bool_unsigned_int_bool_bool_bool_bool_bool_u_159, i16 %compute_controller_bool_bool_unsigned_int_bool_bool_bool_bool_bool_u_274"   --->   Operation 18 'store' 'store_ln0' <Predicate = true> <Delay = 0.42>
ST_1 : Operation 19 [1/1] (0.42ns)   --->   "%store_ln680 = store i3 0, i3 %i" [/home/luka/Scripting/ELEC_498-Capstone-LiteLM/HLS-Verilog/Transformer_logic/src-hls/compute_controller.cpp:680]   --->   Operation 19 'store' 'store_ln680' <Predicate = true> <Delay = 0.42>
ST_1 : Operation 20 [1/1] (0.00ns)   --->   "%br_ln0 = br void %for.inc675"   --->   Operation 20 'br' 'br_ln0' <Predicate = true> <Delay = 0.00>
ST_1 : Operation 21 [1/1] (0.00ns)   --->   "%i_1 = load i3 %i" [/home/luka/Scripting/ELEC_498-Capstone-LiteLM/HLS-Verilog/Transformer_logic/src-hls/compute_controller.cpp:680]   --->   Operation 21 'load' 'i_1' <Predicate = true> <Delay = 0.00>
ST_1 : Operation 22 [1/1] (0.67ns)   --->   "%icmp_ln680 = icmp_eq  i3 %i_1, i3 5" [/home/luka/Scripting/ELEC_498-Capstone-LiteLM/HLS-Verilog/Transformer_logic/src-hls/compute_controller.cpp:680]   --->   Operation 22 'icmp' 'icmp_ln680' <Predicate = true> <Delay = 0.67> <CoreInst = "Cmp">   --->   Core 9 'Cmp' <Latency = 0> <II = 1> <Delay = 0.67> <FuncUnit> <Opcode : 'seteq' 'setne' 'setle' 'setge' 'setlt' 'setgt'> <InPorts = 2> <OutPorts = 1>
ST_1 : Operation 23 [1/1] (0.67ns)   --->   "%add_ln680 = add i3 %i_1, i3 1" [/home/luka/Scripting/ELEC_498-Capstone-LiteLM/HLS-Verilog/Transformer_logic/src-hls/compute_controller.cpp:680]   --->   Operation 23 'add' 'add_ln680' <Predicate = true> <Delay = 0.67> <CoreInst = "Adder">   --->   Core 1 'Adder' <Latency = 0> <II = 1> <Delay = 0.67> <FuncUnit> <Opcode : 'add' 'sub'> <InPorts = 2> <OutPorts = 1>
ST_1 : Operation 24 [1/1] (0.00ns)   --->   "%br_ln680 = br i1 %icmp_ln680, void %for.inc675.split, void %for.end687.exitStub" [/home/luka/Scripting/ELEC_498-Capstone-LiteLM/HLS-Verilog/Transformer_logic/src-hls/compute_controller.cpp:680]   --->   Operation 24 'br' 'br_ln680' <Predicate = true> <Delay = 0.00>
ST_1 : Operation 25 [1/1] (0.00ns)   --->   "%shl_ln5 = bitconcatenate i4 @_ssdm_op_BitConcatenate.i4.i3.i1, i3 %i_1, i1 0" [/home/luka/Scripting/ELEC_498-Capstone-LiteLM/HLS-Verilog/Transformer_logic/src-hls/compute_controller.cpp:682]   --->   Operation 25 'bitconcatenate' 'shl_ln5' <Predicate = (!icmp_ln680)> <Delay = 0.00>
ST_1 : Operation 26 [1/1] (0.00ns)   --->   "%zext_ln682 = zext i4 %shl_ln5" [/home/luka/Scripting/ELEC_498-Capstone-LiteLM/HLS-Verilog/Transformer_logic/src-hls/compute_controller.cpp:682]   --->   Operation 26 'zext' 'zext_ln682' <Predicate = (!icmp_ln680)> <Delay = 0.00>
ST_1 : Operation 27 [1/1] (0.00ns)   --->   "%zext_ln682_1 = zext i4 %shl_ln5" [/home/luka/Scripting/ELEC_498-Capstone-LiteLM/HLS-Verilog/Transformer_logic/src-hls/compute_controller.cpp:682]   --->   Operation 27 'zext' 'zext_ln682_1' <Predicate = (!icmp_ln680)> <Delay = 0.00>
ST_1 : Operation 28 [1/1] (0.78ns)   --->   "%add_ln682 = add i5 %zext_ln682_1, i5 23" [/home/luka/Scripting/ELEC_498-Capstone-LiteLM/HLS-Verilog/Transformer_logic/src-hls/compute_controller.cpp:682]   --->   Operation 28 'add' 'add_ln682' <Predicate = (!icmp_ln680)> <Delay = 0.78> <CoreInst = "Adder">   --->   Core 1 'Adder' <Latency = 0> <II = 1> <Delay = 0.78> <FuncUnit> <Opcode : 'add' 'sub'> <InPorts = 2> <OutPorts = 1>
ST_1 : Operation 29 [1/1] (0.00ns)   --->   "%sext_ln568 = sext i5 %add_ln682" [/home/luka/Scripting/ELEC_498-Capstone-LiteLM/HLS-Verilog/Transformer_logic/src-hls/../../top_params.hpp:568->/home/luka/Scripting/ELEC_498-Capstone-LiteLM/HLS-Verilog/Transformer_logic/src-hls/compute_controller.cpp:682]   --->   Operation 29 'sext' 'sext_ln568' <Predicate = (!icmp_ln680)> <Delay = 0.00>
ST_1 : Operation 30 [1/1] (0.00ns)   --->   "%zext_ln568 = zext i7 %sext_ln568" [/home/luka/Scripting/ELEC_498-Capstone-LiteLM/HLS-Verilog/Transformer_logic/src-hls/../../top_params.hpp:568->/home/luka/Scripting/ELEC_498-Capstone-LiteLM/HLS-Verilog/Transformer_logic/src-hls/compute_controller.cpp:682]   --->   Operation 30 'zext' 'zext_ln568' <Predicate = (!icmp_ln680)> <Delay = 0.00>
ST_1 : Operation 31 [1/1] (0.00ns)   --->   "%in_buf_addr = getelementptr i8 %in_buf, i64 0, i64 %zext_ln568" [/home/luka/Scripting/ELEC_498-Capstone-LiteLM/HLS-Verilog/Transformer_logic/src-hls/../../top_params.hpp:568->/home/luka/Scripting/ELEC_498-Capstone-LiteLM/HLS-Verilog/Transformer_logic/src-hls/compute_controller.cpp:682]   --->   Operation 31 'getelementptr' 'in_buf_addr' <Predicate = (!icmp_ln680)> <Delay = 0.00>
ST_1 : Operation 32 [2/2] (1.23ns)   --->   "%in_buf_load = load i8 %in_buf_addr" [/home/luka/Scripting/ELEC_498-Capstone-LiteLM/HLS-Verilog/Transformer_logic/src-hls/../../top_params.hpp:568->/home/luka/Scripting/ELEC_498-Capstone-LiteLM/HLS-Verilog/Transformer_logic/src-hls/compute_controller.cpp:682]   --->   Operation 32 'load' 'in_buf_load' <Predicate = (!icmp_ln680)> <Delay = 1.23> <CoreInst = "RAM">   --->   Core 82 'RAM' <Latency = 1> <II = 1> <Delay = 1.23> <Storage> <Opcode : 'load' 'store'> <Ports = 2> <Width = 8> <Depth = 129> <RAM>
ST_1 : Operation 33 [1/1] (0.76ns)   --->   "%add_ln569 = add i8 %zext_ln682, i8 120" [/home/luka/Scripting/ELEC_498-Capstone-LiteLM/HLS-Verilog/Transformer_logic/src-hls/../../top_params.hpp:569->/home/luka/Scripting/ELEC_498-Capstone-LiteLM/HLS-Verilog/Transformer_logic/src-hls/compute_controller.cpp:682]   --->   Operation 33 'add' 'add_ln569' <Predicate = (!icmp_ln680)> <Delay = 0.76> <CoreInst = "Adder">   --->   Core 1 'Adder' <Latency = 0> <II = 1> <Delay = 0.76> <FuncUnit> <Opcode : 'add' 'sub'> <InPorts = 2> <OutPorts = 1>
ST_1 : Operation 34 [1/1] (0.00ns)   --->   "%zext_ln569 = zext i8 %add_ln569" [/home/luka/Scripting/ELEC_498-Capstone-LiteLM/HLS-Verilog/Transformer_logic/src-hls/../../top_params.hpp:569->/home/luka/Scripting/ELEC_498-Capstone-LiteLM/HLS-Verilog/Transformer_logic/src-hls/compute_controller.cpp:682]   --->   Operation 34 'zext' 'zext_ln569' <Predicate = (!icmp_ln680)> <Delay = 0.00>
ST_1 : Operation 35 [1/1] (0.00ns)   --->   "%in_buf_addr_4 = getelementptr i8 %in_buf, i64 0, i64 %zext_ln569" [/home/luka/Scripting/ELEC_498-Capstone-LiteLM/HLS-Verilog/Transformer_logic/src-hls/../../top_params.hpp:569->/home/luka/Scripting/ELEC_498-Capstone-LiteLM/HLS-Verilog/Transformer_logic/src-hls/compute_controller.cpp:682]   --->   Operation 35 'getelementptr' 'in_buf_addr_4' <Predicate = (!icmp_ln680)> <Delay = 0.00>
ST_1 : Operation 36 [2/2] (1.23ns)   --->   "%in_buf_load_4 = load i8 %in_buf_addr_4" [/home/luka/Scripting/ELEC_498-Capstone-LiteLM/HLS-Verilog/Transformer_logic/src-hls/../../top_params.hpp:569->/home/luka/Scripting/ELEC_498-Capstone-LiteLM/HLS-Verilog/Transformer_logic/src-hls/compute_controller.cpp:682]   --->   Operation 36 'load' 'in_buf_load_4' <Predicate = (!icmp_ln680)> <Delay = 1.23> <CoreInst = "RAM">   --->   Core 82 'RAM' <Latency = 1> <II = 1> <Delay = 1.23> <Storage> <Opcode : 'load' 'store'> <Ports = 2> <Width = 8> <Depth = 129> <RAM>
ST_1 : Operation 37 [1/1] (0.67ns)   --->   "%switch_ln682 = switch i3 %i_1, void %arrayidx674.case.4, i3 0, void %arrayidx674.case.0, i3 1, void %arrayidx674.case.1, i3 2, void %arrayidx674.case.2, i3 3, void %arrayidx674.case.3" [/home/luka/Scripting/ELEC_498-Capstone-LiteLM/HLS-Verilog/Transformer_logic/src-hls/compute_controller.cpp:682]   --->   Operation 37 'switch' 'switch_ln682' <Predicate = (!icmp_ln680)> <Delay = 0.67>
ST_1 : Operation 38 [1/1] (0.42ns)   --->   "%store_ln680 = store i3 %add_ln680, i3 %i" [/home/luka/Scripting/ELEC_498-Capstone-LiteLM/HLS-Verilog/Transformer_logic/src-hls/compute_controller.cpp:680]   --->   Operation 38 'store' 'store_ln680' <Predicate = (!icmp_ln680)> <Delay = 0.42>
ST_1 : Operation 39 [1/1] (0.00ns)   --->   "%br_ln680 = br void %for.inc675" [/home/luka/Scripting/ELEC_498-Capstone-LiteLM/HLS-Verilog/Transformer_logic/src-hls/compute_controller.cpp:680]   --->   Operation 39 'br' 'br_ln680' <Predicate = (!icmp_ln680)> <Delay = 0.00>
ST_1 : Operation 60 [1/1] (0.00ns)   --->   "%compute_controller_bool_bool_unsigned_int_bool_bool_bool_bool_bool_u_163 = load i16 %compute_controller_bool_bool_unsigned_int_bool_bool_bool_bool_bool_u_274"   --->   Operation 60 'load' 'compute_controller_bool_bool_unsigned_int_bool_bool_bool_bool_bool_u_163' <Predicate = (icmp_ln680)> <Delay = 0.00>
ST_1 : Operation 61 [1/1] (0.00ns)   --->   "%compute_controller_bool_bool_unsigned_int_bool_bool_bool_bool_bool_u_164 = load i16 %compute_controller_bool_bool_unsigned_int_bool_bool_bool_bool_bool_u_273"   --->   Operation 61 'load' 'compute_controller_bool_bool_unsigned_int_bool_bool_bool_bool_bool_u_164' <Predicate = (icmp_ln680)> <Delay = 0.00>
ST_1 : Operation 62 [1/1] (0.00ns)   --->   "%compute_controller_bool_bool_unsigned_int_bool_bool_bool_bool_bool_u_165 = load i16 %compute_controller_bool_bool_unsigned_int_bool_bool_bool_bool_bool_u_272"   --->   Operation 62 'load' 'compute_controller_bool_bool_unsigned_int_bool_bool_bool_bool_bool_u_165' <Predicate = (icmp_ln680)> <Delay = 0.00>
ST_1 : Operation 63 [1/1] (0.00ns)   --->   "%compute_controller_bool_bool_unsigned_int_bool_bool_bool_bool_bool_u_166 = load i16 %compute_controller_bool_bool_unsigned_int_bool_bool_bool_bool_bool_u_271"   --->   Operation 63 'load' 'compute_controller_bool_bool_unsigned_int_bool_bool_bool_bool_bool_u_166' <Predicate = (icmp_ln680)> <Delay = 0.00>
ST_1 : Operation 64 [1/1] (0.00ns)   --->   "%write_ln0 = write void @_ssdm_op_Write.ap_auto.i16P0A, i16 %compute_controller_bool_bool_unsigned_int_bool_bool_bool_bool_bool_u_271_out, i16 %compute_controller_bool_bool_unsigned_int_bool_bool_bool_bool_bool_u_166"   --->   Operation 64 'write' 'write_ln0' <Predicate = (icmp_ln680)> <Delay = 0.00>
ST_1 : Operation 65 [1/1] (0.00ns)   --->   "%write_ln0 = write void @_ssdm_op_Write.ap_auto.i16P0A, i16 %compute_controller_bool_bool_unsigned_int_bool_bool_bool_bool_bool_u_272_out, i16 %compute_controller_bool_bool_unsigned_int_bool_bool_bool_bool_bool_u_165"   --->   Operation 65 'write' 'write_ln0' <Predicate = (icmp_ln680)> <Delay = 0.00>
ST_1 : Operation 66 [1/1] (0.00ns)   --->   "%write_ln0 = write void @_ssdm_op_Write.ap_auto.i16P0A, i16 %compute_controller_bool_bool_unsigned_int_bool_bool_bool_bool_bool_u_273_out, i16 %compute_controller_bool_bool_unsigned_int_bool_bool_bool_bool_bool_u_164"   --->   Operation 66 'write' 'write_ln0' <Predicate = (icmp_ln680)> <Delay = 0.00>
ST_1 : Operation 67 [1/1] (0.00ns)   --->   "%write_ln0 = write void @_ssdm_op_Write.ap_auto.i16P0A, i16 %compute_controller_bool_bool_unsigned_int_bool_bool_bool_bool_bool_u_274_out, i16 %compute_controller_bool_bool_unsigned_int_bool_bool_bool_bool_bool_u_163"   --->   Operation 67 'write' 'write_ln0' <Predicate = (icmp_ln680)> <Delay = 0.00>
ST_1 : Operation 68 [1/1] (0.42ns)   --->   "%ret_ln0 = ret"   --->   Operation 68 'ret' 'ret_ln0' <Predicate = (icmp_ln680)> <Delay = 0.42>

State 2 <SV = 1> <Delay = 1.66>
ST_2 : Operation 40 [1/1] (0.00ns)   --->   "%specpipeline_ln681 = specpipeline void @_ssdm_op_SpecPipeline, i32 1, i32 0, i32 0, i32 0, void @empty_8" [/home/luka/Scripting/ELEC_498-Capstone-LiteLM/HLS-Verilog/Transformer_logic/src-hls/compute_controller.cpp:681]   --->   Operation 40 'specpipeline' 'specpipeline_ln681' <Predicate = true> <Delay = 0.00>
ST_2 : Operation 41 [1/1] (0.00ns)   --->   "%speclooptripcount_ln680 = speclooptripcount void @_ssdm_op_SpecLoopTripCount, i64 5, i64 5, i64 5" [/home/luka/Scripting/ELEC_498-Capstone-LiteLM/HLS-Verilog/Transformer_logic/src-hls/compute_controller.cpp:680]   --->   Operation 41 'speclooptripcount' 'speclooptripcount_ln680' <Predicate = true> <Delay = 0.00>
ST_2 : Operation 42 [1/1] (0.00ns)   --->   "%specloopname_ln680 = specloopname void @_ssdm_op_SpecLoopName, void @empty_5" [/home/luka/Scripting/ELEC_498-Capstone-LiteLM/HLS-Verilog/Transformer_logic/src-hls/compute_controller.cpp:680]   --->   Operation 42 'specloopname' 'specloopname_ln680' <Predicate = true> <Delay = 0.00>
ST_2 : Operation 43 [1/2] ( I:1.23ns O:1.23ns )   --->   "%in_buf_load = load i8 %in_buf_addr" [/home/luka/Scripting/ELEC_498-Capstone-LiteLM/HLS-Verilog/Transformer_logic/src-hls/../../top_params.hpp:568->/home/luka/Scripting/ELEC_498-Capstone-LiteLM/HLS-Verilog/Transformer_logic/src-hls/compute_controller.cpp:682]   --->   Operation 43 'load' 'in_buf_load' <Predicate = true> <Delay = 1.23> <CoreInst = "RAM">   --->   Core 82 'RAM' <Latency = 1> <II = 1> <Delay = 1.23> <Storage> <Opcode : 'load' 'store'> <Ports = 2> <Width = 8> <Depth = 129> <RAM>
ST_2 : Operation 44 [1/2] ( I:1.23ns O:1.23ns )   --->   "%in_buf_load_4 = load i8 %in_buf_addr_4" [/home/luka/Scripting/ELEC_498-Capstone-LiteLM/HLS-Verilog/Transformer_logic/src-hls/../../top_params.hpp:569->/home/luka/Scripting/ELEC_498-Capstone-LiteLM/HLS-Verilog/Transformer_logic/src-hls/compute_controller.cpp:682]   --->   Operation 44 'load' 'in_buf_load_4' <Predicate = true> <Delay = 1.23> <CoreInst = "RAM">   --->   Core 82 'RAM' <Latency = 1> <II = 1> <Delay = 1.23> <Storage> <Opcode : 'load' 'store'> <Ports = 2> <Width = 8> <Depth = 129> <RAM>
ST_2 : Operation 45 [1/1] (0.00ns)   --->   "%v = bitconcatenate i16 @_ssdm_op_BitConcatenate.i16.i8.i8, i8 %in_buf_load_4, i8 %in_buf_load" [/home/luka/Scripting/ELEC_498-Capstone-LiteLM/HLS-Verilog/Transformer_logic/src-hls/../../top_params.hpp:570->/home/luka/Scripting/ELEC_498-Capstone-LiteLM/HLS-Verilog/Transformer_logic/src-hls/compute_controller.cpp:682]   --->   Operation 45 'bitconcatenate' 'v' <Predicate = true> <Delay = 0.00>
ST_2 : Operation 46 [1/1] (0.00ns)   --->   "%store_ln682 = store i16 %v, i16 %compute_controller_bool_bool_unsigned_int_bool_bool_bool_bool_bool_u_61" [/home/luka/Scripting/ELEC_498-Capstone-LiteLM/HLS-Verilog/Transformer_logic/src-hls/compute_controller.cpp:682]   --->   Operation 46 'store' 'store_ln682' <Predicate = (i_1 == 3)> <Delay = 0.00>
ST_2 : Operation 47 [1/1] (0.42ns)   --->   "%store_ln570 = store i16 %v, i16 %compute_controller_bool_bool_unsigned_int_bool_bool_bool_bool_bool_u_274" [/home/luka/Scripting/ELEC_498-Capstone-LiteLM/HLS-Verilog/Transformer_logic/src-hls/../../top_params.hpp:570->/home/luka/Scripting/ELEC_498-Capstone-LiteLM/HLS-Verilog/Transformer_logic/src-hls/compute_controller.cpp:682]   --->   Operation 47 'store' 'store_ln570' <Predicate = (i_1 == 3)> <Delay = 0.42>
ST_2 : Operation 48 [1/1] (0.00ns)   --->   "%br_ln682 = br void %arrayidx674.exit" [/home/luka/Scripting/ELEC_498-Capstone-LiteLM/HLS-Verilog/Transformer_logic/src-hls/compute_controller.cpp:682]   --->   Operation 48 'br' 'br_ln682' <Predicate = (i_1 == 3)> <Delay = 0.00>
ST_2 : Operation 49 [1/1] (0.00ns)   --->   "%store_ln682 = store i16 %v, i16 %compute_controller_bool_bool_unsigned_int_bool_bool_bool_bool_bool_u_62" [/home/luka/Scripting/ELEC_498-Capstone-LiteLM/HLS-Verilog/Transformer_logic/src-hls/compute_controller.cpp:682]   --->   Operation 49 'store' 'store_ln682' <Predicate = (i_1 == 2)> <Delay = 0.00>
ST_2 : Operation 50 [1/1] (0.42ns)   --->   "%store_ln570 = store i16 %v, i16 %compute_controller_bool_bool_unsigned_int_bool_bool_bool_bool_bool_u_273" [/home/luka/Scripting/ELEC_498-Capstone-LiteLM/HLS-Verilog/Transformer_logic/src-hls/../../top_params.hpp:570->/home/luka/Scripting/ELEC_498-Capstone-LiteLM/HLS-Verilog/Transformer_logic/src-hls/compute_controller.cpp:682]   --->   Operation 50 'store' 'store_ln570' <Predicate = (i_1 == 2)> <Delay = 0.42>
ST_2 : Operation 51 [1/1] (0.00ns)   --->   "%br_ln682 = br void %arrayidx674.exit" [/home/luka/Scripting/ELEC_498-Capstone-LiteLM/HLS-Verilog/Transformer_logic/src-hls/compute_controller.cpp:682]   --->   Operation 51 'br' 'br_ln682' <Predicate = (i_1 == 2)> <Delay = 0.00>
ST_2 : Operation 52 [1/1] (0.00ns)   --->   "%store_ln682 = store i16 %v, i16 %compute_controller_bool_bool_unsigned_int_bool_bool_bool_bool_bool_u_63" [/home/luka/Scripting/ELEC_498-Capstone-LiteLM/HLS-Verilog/Transformer_logic/src-hls/compute_controller.cpp:682]   --->   Operation 52 'store' 'store_ln682' <Predicate = (i_1 == 1)> <Delay = 0.00>
ST_2 : Operation 53 [1/1] (0.42ns)   --->   "%store_ln570 = store i16 %v, i16 %compute_controller_bool_bool_unsigned_int_bool_bool_bool_bool_bool_u_272" [/home/luka/Scripting/ELEC_498-Capstone-LiteLM/HLS-Verilog/Transformer_logic/src-hls/../../top_params.hpp:570->/home/luka/Scripting/ELEC_498-Capstone-LiteLM/HLS-Verilog/Transformer_logic/src-hls/compute_controller.cpp:682]   --->   Operation 53 'store' 'store_ln570' <Predicate = (i_1 == 1)> <Delay = 0.42>
ST_2 : Operation 54 [1/1] (0.00ns)   --->   "%br_ln682 = br void %arrayidx674.exit" [/home/luka/Scripting/ELEC_498-Capstone-LiteLM/HLS-Verilog/Transformer_logic/src-hls/compute_controller.cpp:682]   --->   Operation 54 'br' 'br_ln682' <Predicate = (i_1 == 1)> <Delay = 0.00>
ST_2 : Operation 55 [1/1] (0.00ns)   --->   "%store_ln682 = store i16 %v, i16 %compute_controller_bool_bool_unsigned_int_bool_bool_bool_bool_bool_u_64" [/home/luka/Scripting/ELEC_498-Capstone-LiteLM/HLS-Verilog/Transformer_logic/src-hls/compute_controller.cpp:682]   --->   Operation 55 'store' 'store_ln682' <Predicate = (i_1 == 0)> <Delay = 0.00>
ST_2 : Operation 56 [1/1] (0.42ns)   --->   "%store_ln570 = store i16 %v, i16 %compute_controller_bool_bool_unsigned_int_bool_bool_bool_bool_bool_u_271" [/home/luka/Scripting/ELEC_498-Capstone-LiteLM/HLS-Verilog/Transformer_logic/src-hls/../../top_params.hpp:570->/home/luka/Scripting/ELEC_498-Capstone-LiteLM/HLS-Verilog/Transformer_logic/src-hls/compute_controller.cpp:682]   --->   Operation 56 'store' 'store_ln570' <Predicate = (i_1 == 0)> <Delay = 0.42>
ST_2 : Operation 57 [1/1] (0.00ns)   --->   "%br_ln682 = br void %arrayidx674.exit" [/home/luka/Scripting/ELEC_498-Capstone-LiteLM/HLS-Verilog/Transformer_logic/src-hls/compute_controller.cpp:682]   --->   Operation 57 'br' 'br_ln682' <Predicate = (i_1 == 0)> <Delay = 0.00>
ST_2 : Operation 58 [1/1] (0.00ns)   --->   "%store_ln682 = store i16 %v, i16 %compute_controller_bool_bool_unsigned_int_bool_bool_bool_bool_bool_u_60" [/home/luka/Scripting/ELEC_498-Capstone-LiteLM/HLS-Verilog/Transformer_logic/src-hls/compute_controller.cpp:682]   --->   Operation 58 'store' 'store_ln682' <Predicate = (i_1 != 0 & i_1 != 1 & i_1 != 2 & i_1 != 3)> <Delay = 0.00>
ST_2 : Operation 59 [1/1] (0.00ns)   --->   "%br_ln682 = br void %arrayidx674.exit" [/home/luka/Scripting/ELEC_498-Capstone-LiteLM/HLS-Verilog/Transformer_logic/src-hls/compute_controller.cpp:682]   --->   Operation 59 'br' 'br_ln682' <Predicate = (i_1 != 0 & i_1 != 1 & i_1 != 2 & i_1 != 3)> <Delay = 0.00>


============================================================
+ Verbose Summary: Timing violations
============================================================
Target clock period: 10.000ns, clock uncertainty: 2.700ns.

 <State 1>: 2.453ns
The critical path consists of the following:
	'store' operation 0 bit ('store_ln680', /home/luka/Scripting/ELEC_498-Capstone-LiteLM/HLS-Verilog/Transformer_logic/src-hls/compute_controller.cpp:680) of constant 0 on local variable 'i', /home/luka/Scripting/ELEC_498-Capstone-LiteLM/HLS-Verilog/Transformer_logic/src-hls/compute_controller.cpp:680 [29]  (0.427 ns)
	'load' operation 3 bit ('i', /home/luka/Scripting/ELEC_498-Capstone-LiteLM/HLS-Verilog/Transformer_logic/src-hls/compute_controller.cpp:680) on local variable 'i', /home/luka/Scripting/ELEC_498-Capstone-LiteLM/HLS-Verilog/Transformer_logic/src-hls/compute_controller.cpp:680 [32]  (0.000 ns)
	'add' operation 5 bit ('byte_addr', /home/luka/Scripting/ELEC_498-Capstone-LiteLM/HLS-Verilog/Transformer_logic/src-hls/compute_controller.cpp:682) [43]  (0.789 ns)
	'getelementptr' operation 8 bit ('in_buf_addr', /home/luka/Scripting/ELEC_498-Capstone-LiteLM/HLS-Verilog/Transformer_logic/src-hls/../../top_params.hpp:568->/home/luka/Scripting/ELEC_498-Capstone-LiteLM/HLS-Verilog/Transformer_logic/src-hls/compute_controller.cpp:682) [46]  (0.000 ns)
	'load' operation 8 bit ('in_buf_load', /home/luka/Scripting/ELEC_498-Capstone-LiteLM/HLS-Verilog/Transformer_logic/src-hls/../../top_params.hpp:568->/home/luka/Scripting/ELEC_498-Capstone-LiteLM/HLS-Verilog/Transformer_logic/src-hls/compute_controller.cpp:682) on array 'in_buf' [47]  (1.237 ns)

 <State 2>: 1.664ns
The critical path consists of the following:
	'load' operation 8 bit ('in_buf_load', /home/luka/Scripting/ELEC_498-Capstone-LiteLM/HLS-Verilog/Transformer_logic/src-hls/../../top_params.hpp:568->/home/luka/Scripting/ELEC_498-Capstone-LiteLM/HLS-Verilog/Transformer_logic/src-hls/compute_controller.cpp:682) on array 'in_buf' [47]  (1.237 ns)
	'store' operation 0 bit ('store_ln570', /home/luka/Scripting/ELEC_498-Capstone-LiteLM/HLS-Verilog/Transformer_logic/src-hls/../../top_params.hpp:570->/home/luka/Scripting/ELEC_498-Capstone-LiteLM/HLS-Verilog/Transformer_logic/src-hls/compute_controller.cpp:682) of variable 'v', /home/luka/Scripting/ELEC_498-Capstone-LiteLM/HLS-Verilog/Transformer_logic/src-hls/../../top_params.hpp:570->/home/luka/Scripting/ELEC_498-Capstone-LiteLM/HLS-Verilog/Transformer_logic/src-hls/compute_controller.cpp:682 on local variable 'compute_controller_bool_bool_unsigned_int_bool_bool_bool_bool_bool_u_274' [56]  (0.427 ns)


============================================================
+ Verbose Summary: Binding
============================================================
N/A
* FSMD analyzer results:
  - Output states:
 - Input state : 
  - Chain level:
	State 1
	State 2


============================================================
+ Verbose Summary: Datapath Resource usage 
============================================================
N/A
