

================================================================
== Vitis HLS Report for 'compute_controller_Pipeline_VITIS_LOOP_547_23'
================================================================
* Date:           Wed Jan 28 19:35:27 2026

* Version:        2025.1 (Build 6135595 on May 21 2025)
* Project:        compute_controller
* Solution:       hls (Vivado IP Flow Target)
* Product family: zynquplus
* Target device:  xck26-sfvc784-2LV-c


================================================================
== Performance Estimates
================================================================
+ Timing: 
    * Summary: 
    +--------+----------+----------+------------+
    |  Clock |  Target  | Estimated| Uncertainty|
    +--------+----------+----------+------------+
    |ap_clk  |  10.00 ns|  2.445 ns|     2.70 ns|
    +--------+----------+----------+------------+

+ Latency: 
    * Summary: 
    +---------+---------+----------+----------+-----+-----+------------------------------------------------+
    |  Latency (cycles) |  Latency (absolute) |  Interval |                    Pipeline                    |
    |   min   |   max   |    min   |    max   | min | max |                      Type                      |
    +---------+---------+----------+----------+-----+-----+------------------------------------------------+
    |       34|       34|  0.340 us|  0.340 us|   33|   33|  loop auto-rewind stp (delay=0 clock cycles(s))|
    +---------+---------+----------+----------+-----+-----+------------------------------------------------+

    + Detail: 
        * Instance: 
        N/A

        * Loop: 
        +---------------------+---------+---------+----------+-----------+-----------+------+----------+
        |                     |  Latency (cycles) | Iteration|  Initiation Interval  | Trip |          |
        |      Loop Name      |   min   |   max   |  Latency |  achieved |   target  | Count| Pipelined|
        +---------------------+---------+---------+----------+-----------+-----------+------+----------+
        |- VITIS_LOOP_547_23  |       32|       32|         3|          2|          1|    16|       yes|
        +---------------------+---------+---------+----------+-----------+-----------+------+----------+

============================================================
+ Verbose Summary: Synthesis Manager
============================================================
InlineROM: 1
ExposeGlobal: 0
============================================================
+ Verbose Summary: CDFG Model
============================================================
IsTopModel: 0
ResetActiveHigh: 1
IsCombinational: 0
IsDatapathOnly: 0
HasWiredReturn: 1
HasMFsm: 2
HasVarLatency: 1
IsPipeline: 0
IsRtlPipelined: 0
IsInstanceOverlapped: 0
IsDontTouch: 0
HasImplIP: 0
IsGatedGlobalClock: 0

+ Individual pipeline summary: 
  * Pipeline-0: initiation interval (II) = 2, depth = 3


============================================================
+ Verbose Summary: Schedule
============================================================
* Number of FSM states : 3
* Pipeline : 1
  Pipeline-0 : II = 2, D = 3, States = { 1 2 3 }
* Dataflow Pipeline: 0

* FSM state transitions: 
1 --> 2 
2 --> 3 
3 --> 

* FSM state operations: 

State 1 <SV = 0> <Delay = 2.44>
ST_1 : Operation 6 [1/1] (0.00ns)   --->   "%i_3 = alloca i32 1" [/home/luka/Scripting/ELEC_498-Capstone-LiteLM/HLS-Verilog/Transformer_logic/src-hls/compute_controller.cpp:547]   --->   Operation 6 'alloca' 'i_3' <Predicate = true> <Delay = 0.00>
ST_1 : Operation 7 [1/1] (0.00ns)   --->   "%specinterface_ln0 = specinterface void @_ssdm_op_SpecInterface, i8 %in_buf, void @empty_20, i32 0, i32 0, void @empty_8, i32 4294967295, i32 0, void @empty_8, void @empty_8, void @empty_8, i32 0, i32 0, i32 0, i32 0, void @empty_8, void @empty_8, i32 4294967295, i32 0, i32 0"   --->   Operation 7 'specinterface' 'specinterface_ln0' <Predicate = true> <Delay = 0.00>
ST_1 : Operation 8 [1/1] (0.42ns)   --->   "%store_ln547 = store i5 0, i5 %i_3" [/home/luka/Scripting/ELEC_498-Capstone-LiteLM/HLS-Verilog/Transformer_logic/src-hls/compute_controller.cpp:547]   --->   Operation 8 'store' 'store_ln547' <Predicate = true> <Delay = 0.42>
ST_1 : Operation 9 [1/1] (0.00ns)   --->   "%br_ln0 = br void %for.inc399"   --->   Operation 9 'br' 'br_ln0' <Predicate = true> <Delay = 0.00>
ST_1 : Operation 10 [1/1] (0.00ns)   --->   "%i = load i5 %i_3" [/home/luka/Scripting/ELEC_498-Capstone-LiteLM/HLS-Verilog/Transformer_logic/src-hls/compute_controller.cpp:547]   --->   Operation 10 'load' 'i' <Predicate = true> <Delay = 0.00>
ST_1 : Operation 11 [1/1] (0.78ns)   --->   "%icmp_ln547 = icmp_eq  i5 %i, i5 16" [/home/luka/Scripting/ELEC_498-Capstone-LiteLM/HLS-Verilog/Transformer_logic/src-hls/compute_controller.cpp:547]   --->   Operation 11 'icmp' 'icmp_ln547' <Predicate = true> <Delay = 0.78> <CoreInst = "Cmp">   --->   Core 9 'Cmp' <Latency = 0> <II = 1> <Delay = 0.78> <FuncUnit> <Opcode : 'seteq' 'setne' 'setle' 'setge' 'setlt' 'setgt'> <InPorts = 2> <OutPorts = 1>
ST_1 : Operation 12 [1/1] (0.78ns)   --->   "%add_ln547 = add i5 %i, i5 1" [/home/luka/Scripting/ELEC_498-Capstone-LiteLM/HLS-Verilog/Transformer_logic/src-hls/compute_controller.cpp:547]   --->   Operation 12 'add' 'add_ln547' <Predicate = true> <Delay = 0.78> <CoreInst = "Adder">   --->   Core 1 'Adder' <Latency = 0> <II = 1> <Delay = 0.78> <FuncUnit> <Opcode : 'add' 'sub'> <InPorts = 2> <OutPorts = 1>
ST_1 : Operation 13 [1/1] (0.00ns)   --->   "%br_ln547 = br i1 %icmp_ln547, void %for.inc399.split, void %for.end401.exitStub" [/home/luka/Scripting/ELEC_498-Capstone-LiteLM/HLS-Verilog/Transformer_logic/src-hls/compute_controller.cpp:547]   --->   Operation 13 'br' 'br_ln547' <Predicate = true> <Delay = 0.00>
ST_1 : Operation 14 [1/1] (0.00ns)   --->   "%trunc_ln547 = trunc i5 %i" [/home/luka/Scripting/ELEC_498-Capstone-LiteLM/HLS-Verilog/Transformer_logic/src-hls/compute_controller.cpp:547]   --->   Operation 14 'trunc' 'trunc_ln547' <Predicate = (!icmp_ln547)> <Delay = 0.00>
ST_1 : Operation 15 [1/1] (0.00ns)   --->   "%zext_ln556 = zext i4 %trunc_ln547" [/home/luka/Scripting/ELEC_498-Capstone-LiteLM/HLS-Verilog/Transformer_logic/src-hls/../../top_params.hpp:556->/home/luka/Scripting/ELEC_498-Capstone-LiteLM/HLS-Verilog/Transformer_logic/src-hls/compute_controller.cpp:550]   --->   Operation 15 'zext' 'zext_ln556' <Predicate = (!icmp_ln547)> <Delay = 0.00>
ST_1 : Operation 16 [1/1] (0.00ns)   --->   "%in_buf_addr_3 = getelementptr i8 %in_buf, i64 0, i64 %zext_ln556" [/home/luka/Scripting/ELEC_498-Capstone-LiteLM/HLS-Verilog/Transformer_logic/src-hls/../../top_params.hpp:556->/home/luka/Scripting/ELEC_498-Capstone-LiteLM/HLS-Verilog/Transformer_logic/src-hls/compute_controller.cpp:550]   --->   Operation 16 'getelementptr' 'in_buf_addr_3' <Predicate = (!icmp_ln547)> <Delay = 0.00>
ST_1 : Operation 17 [2/2] (1.23ns)   --->   "%in_buf_load_3 = load i8 %in_buf_addr_3" [/home/luka/Scripting/ELEC_498-Capstone-LiteLM/HLS-Verilog/Transformer_logic/src-hls/../../top_params.hpp:556->/home/luka/Scripting/ELEC_498-Capstone-LiteLM/HLS-Verilog/Transformer_logic/src-hls/compute_controller.cpp:550]   --->   Operation 17 'load' 'in_buf_load_3' <Predicate = (!icmp_ln547)> <Delay = 1.23> <CoreInst = "RAM">   --->   Core 82 'RAM' <Latency = 1> <II = 1> <Delay = 1.23> <Storage> <Opcode : 'load' 'store'> <Ports = 2> <Width = 8> <Depth = 129> <RAM>
ST_1 : Operation 18 [1/1] (0.00ns)   --->   "%shl_ln1 = bitconcatenate i6 @_ssdm_op_BitConcatenate.i6.i4.i2, i4 %trunc_ln547, i2 0" [/home/luka/Scripting/ELEC_498-Capstone-LiteLM/HLS-Verilog/Transformer_logic/src-hls/compute_controller.cpp:552]   --->   Operation 18 'bitconcatenate' 'shl_ln1' <Predicate = (!icmp_ln547)> <Delay = 0.00>
ST_1 : Operation 19 [1/1] (0.00ns)   --->   "%zext_ln552 = zext i6 %shl_ln1" [/home/luka/Scripting/ELEC_498-Capstone-LiteLM/HLS-Verilog/Transformer_logic/src-hls/compute_controller.cpp:552]   --->   Operation 19 'zext' 'zext_ln552' <Predicate = (!icmp_ln547)> <Delay = 0.00>
ST_1 : Operation 20 [1/1] (0.78ns)   --->   "%byte_addr = add i7 %zext_ln552, i7 16" [/home/luka/Scripting/ELEC_498-Capstone-LiteLM/HLS-Verilog/Transformer_logic/src-hls/compute_controller.cpp:552]   --->   Operation 20 'add' 'byte_addr' <Predicate = (!icmp_ln547)> <Delay = 0.78> <CoreInst = "Adder">   --->   Core 1 'Adder' <Latency = 0> <II = 1> <Delay = 0.78> <FuncUnit> <Opcode : 'add' 'sub'> <InPorts = 2> <OutPorts = 1>
ST_1 : Operation 21 [1/1] (0.00ns)   --->   "%zext_ln575 = zext i7 %byte_addr" [/home/luka/Scripting/ELEC_498-Capstone-LiteLM/HLS-Verilog/Transformer_logic/src-hls/../../top_params.hpp:575->/home/luka/Scripting/ELEC_498-Capstone-LiteLM/HLS-Verilog/Transformer_logic/src-hls/compute_controller.cpp:552]   --->   Operation 21 'zext' 'zext_ln575' <Predicate = (!icmp_ln547)> <Delay = 0.00>
ST_1 : Operation 22 [1/1] (0.00ns)   --->   "%in_buf_addr_4 = getelementptr i8 %in_buf, i64 0, i64 %zext_ln575" [/home/luka/Scripting/ELEC_498-Capstone-LiteLM/HLS-Verilog/Transformer_logic/src-hls/../../top_params.hpp:575->/home/luka/Scripting/ELEC_498-Capstone-LiteLM/HLS-Verilog/Transformer_logic/src-hls/compute_controller.cpp:552]   --->   Operation 22 'getelementptr' 'in_buf_addr_4' <Predicate = (!icmp_ln547)> <Delay = 0.00>
ST_1 : Operation 23 [2/2] (1.23ns)   --->   "%in_buf_load_4 = load i8 %in_buf_addr_4" [/home/luka/Scripting/ELEC_498-Capstone-LiteLM/HLS-Verilog/Transformer_logic/src-hls/../../top_params.hpp:575->/home/luka/Scripting/ELEC_498-Capstone-LiteLM/HLS-Verilog/Transformer_logic/src-hls/compute_controller.cpp:552]   --->   Operation 23 'load' 'in_buf_load_4' <Predicate = (!icmp_ln547)> <Delay = 1.23> <CoreInst = "RAM">   --->   Core 82 'RAM' <Latency = 1> <II = 1> <Delay = 1.23> <Storage> <Opcode : 'load' 'store'> <Ports = 2> <Width = 8> <Depth = 129> <RAM>
ST_1 : Operation 24 [1/1] (0.79ns)   --->   "%switch_ln550 = switch i4 %trunc_ln547, void %arrayidx398.case.15, i4 0, void %arrayidx398.case.0, i4 1, void %arrayidx398.case.1, i4 2, void %arrayidx398.case.2, i4 3, void %arrayidx398.case.3, i4 4, void %arrayidx398.case.4, i4 5, void %arrayidx398.case.5, i4 6, void %arrayidx398.case.6, i4 7, void %arrayidx398.case.7, i4 8, void %arrayidx398.case.8, i4 9, void %arrayidx398.case.9, i4 10, void %arrayidx398.case.10, i4 11, void %arrayidx398.case.11, i4 12, void %arrayidx398.case.12, i4 13, void %arrayidx398.case.13, i4 14, void %arrayidx398.case.14" [/home/luka/Scripting/ELEC_498-Capstone-LiteLM/HLS-Verilog/Transformer_logic/src-hls/compute_controller.cpp:550]   --->   Operation 24 'switch' 'switch_ln550' <Predicate = (!icmp_ln547)> <Delay = 0.79>
ST_1 : Operation 25 [1/1] (0.00ns)   --->   "%br_ln552 = br void %arrayidx398.exit" [/home/luka/Scripting/ELEC_498-Capstone-LiteLM/HLS-Verilog/Transformer_logic/src-hls/compute_controller.cpp:552]   --->   Operation 25 'br' 'br_ln552' <Predicate = (!icmp_ln547 & trunc_ln547 == 14)> <Delay = 0.00>
ST_1 : Operation 26 [1/1] (0.00ns)   --->   "%br_ln552 = br void %arrayidx398.exit" [/home/luka/Scripting/ELEC_498-Capstone-LiteLM/HLS-Verilog/Transformer_logic/src-hls/compute_controller.cpp:552]   --->   Operation 26 'br' 'br_ln552' <Predicate = (!icmp_ln547 & trunc_ln547 == 13)> <Delay = 0.00>
ST_1 : Operation 27 [1/1] (0.00ns)   --->   "%br_ln552 = br void %arrayidx398.exit" [/home/luka/Scripting/ELEC_498-Capstone-LiteLM/HLS-Verilog/Transformer_logic/src-hls/compute_controller.cpp:552]   --->   Operation 27 'br' 'br_ln552' <Predicate = (!icmp_ln547 & trunc_ln547 == 12)> <Delay = 0.00>
ST_1 : Operation 28 [1/1] (0.00ns)   --->   "%br_ln552 = br void %arrayidx398.exit" [/home/luka/Scripting/ELEC_498-Capstone-LiteLM/HLS-Verilog/Transformer_logic/src-hls/compute_controller.cpp:552]   --->   Operation 28 'br' 'br_ln552' <Predicate = (!icmp_ln547 & trunc_ln547 == 11)> <Delay = 0.00>
ST_1 : Operation 29 [1/1] (0.00ns)   --->   "%br_ln552 = br void %arrayidx398.exit" [/home/luka/Scripting/ELEC_498-Capstone-LiteLM/HLS-Verilog/Transformer_logic/src-hls/compute_controller.cpp:552]   --->   Operation 29 'br' 'br_ln552' <Predicate = (!icmp_ln547 & trunc_ln547 == 10)> <Delay = 0.00>
ST_1 : Operation 30 [1/1] (0.00ns)   --->   "%br_ln552 = br void %arrayidx398.exit" [/home/luka/Scripting/ELEC_498-Capstone-LiteLM/HLS-Verilog/Transformer_logic/src-hls/compute_controller.cpp:552]   --->   Operation 30 'br' 'br_ln552' <Predicate = (!icmp_ln547 & trunc_ln547 == 9)> <Delay = 0.00>
ST_1 : Operation 31 [1/1] (0.00ns)   --->   "%br_ln552 = br void %arrayidx398.exit" [/home/luka/Scripting/ELEC_498-Capstone-LiteLM/HLS-Verilog/Transformer_logic/src-hls/compute_controller.cpp:552]   --->   Operation 31 'br' 'br_ln552' <Predicate = (!icmp_ln547 & trunc_ln547 == 8)> <Delay = 0.00>
ST_1 : Operation 32 [1/1] (0.00ns)   --->   "%br_ln552 = br void %arrayidx398.exit" [/home/luka/Scripting/ELEC_498-Capstone-LiteLM/HLS-Verilog/Transformer_logic/src-hls/compute_controller.cpp:552]   --->   Operation 32 'br' 'br_ln552' <Predicate = (!icmp_ln547 & trunc_ln547 == 7)> <Delay = 0.00>
ST_1 : Operation 33 [1/1] (0.00ns)   --->   "%br_ln552 = br void %arrayidx398.exit" [/home/luka/Scripting/ELEC_498-Capstone-LiteLM/HLS-Verilog/Transformer_logic/src-hls/compute_controller.cpp:552]   --->   Operation 33 'br' 'br_ln552' <Predicate = (!icmp_ln547 & trunc_ln547 == 6)> <Delay = 0.00>
ST_1 : Operation 34 [1/1] (0.00ns)   --->   "%br_ln552 = br void %arrayidx398.exit" [/home/luka/Scripting/ELEC_498-Capstone-LiteLM/HLS-Verilog/Transformer_logic/src-hls/compute_controller.cpp:552]   --->   Operation 34 'br' 'br_ln552' <Predicate = (!icmp_ln547 & trunc_ln547 == 5)> <Delay = 0.00>
ST_1 : Operation 35 [1/1] (0.00ns)   --->   "%br_ln552 = br void %arrayidx398.exit" [/home/luka/Scripting/ELEC_498-Capstone-LiteLM/HLS-Verilog/Transformer_logic/src-hls/compute_controller.cpp:552]   --->   Operation 35 'br' 'br_ln552' <Predicate = (!icmp_ln547 & trunc_ln547 == 4)> <Delay = 0.00>
ST_1 : Operation 36 [1/1] (0.00ns)   --->   "%br_ln552 = br void %arrayidx398.exit" [/home/luka/Scripting/ELEC_498-Capstone-LiteLM/HLS-Verilog/Transformer_logic/src-hls/compute_controller.cpp:552]   --->   Operation 36 'br' 'br_ln552' <Predicate = (!icmp_ln547 & trunc_ln547 == 3)> <Delay = 0.00>
ST_1 : Operation 37 [1/1] (0.00ns)   --->   "%br_ln552 = br void %arrayidx398.exit" [/home/luka/Scripting/ELEC_498-Capstone-LiteLM/HLS-Verilog/Transformer_logic/src-hls/compute_controller.cpp:552]   --->   Operation 37 'br' 'br_ln552' <Predicate = (!icmp_ln547 & trunc_ln547 == 2)> <Delay = 0.00>
ST_1 : Operation 38 [1/1] (0.00ns)   --->   "%br_ln552 = br void %arrayidx398.exit" [/home/luka/Scripting/ELEC_498-Capstone-LiteLM/HLS-Verilog/Transformer_logic/src-hls/compute_controller.cpp:552]   --->   Operation 38 'br' 'br_ln552' <Predicate = (!icmp_ln547 & trunc_ln547 == 1)> <Delay = 0.00>
ST_1 : Operation 39 [1/1] (0.00ns)   --->   "%br_ln552 = br void %arrayidx398.exit" [/home/luka/Scripting/ELEC_498-Capstone-LiteLM/HLS-Verilog/Transformer_logic/src-hls/compute_controller.cpp:552]   --->   Operation 39 'br' 'br_ln552' <Predicate = (!icmp_ln547 & trunc_ln547 == 0)> <Delay = 0.00>
ST_1 : Operation 40 [1/1] (0.00ns)   --->   "%br_ln552 = br void %arrayidx398.exit" [/home/luka/Scripting/ELEC_498-Capstone-LiteLM/HLS-Verilog/Transformer_logic/src-hls/compute_controller.cpp:552]   --->   Operation 40 'br' 'br_ln552' <Predicate = (!icmp_ln547 & trunc_ln547 == 15)> <Delay = 0.00>
ST_1 : Operation 92 [1/1] (0.42ns)   --->   "%ret_ln0 = ret"   --->   Operation 92 'ret' 'ret_ln0' <Predicate = (icmp_ln547)> <Delay = 0.42>

State 2 <SV = 1> <Delay = 2.01>
ST_2 : Operation 41 [1/2] ( I:1.23ns O:1.23ns )   --->   "%in_buf_load_3 = load i8 %in_buf_addr_3" [/home/luka/Scripting/ELEC_498-Capstone-LiteLM/HLS-Verilog/Transformer_logic/src-hls/../../top_params.hpp:556->/home/luka/Scripting/ELEC_498-Capstone-LiteLM/HLS-Verilog/Transformer_logic/src-hls/compute_controller.cpp:550]   --->   Operation 41 'load' 'in_buf_load_3' <Predicate = (!icmp_ln547)> <Delay = 1.23> <CoreInst = "RAM">   --->   Core 82 'RAM' <Latency = 1> <II = 1> <Delay = 1.23> <Storage> <Opcode : 'load' 'store'> <Ports = 2> <Width = 8> <Depth = 129> <RAM>
ST_2 : Operation 42 [1/2] ( I:1.23ns O:1.23ns )   --->   "%in_buf_load_4 = load i8 %in_buf_addr_4" [/home/luka/Scripting/ELEC_498-Capstone-LiteLM/HLS-Verilog/Transformer_logic/src-hls/../../top_params.hpp:575->/home/luka/Scripting/ELEC_498-Capstone-LiteLM/HLS-Verilog/Transformer_logic/src-hls/compute_controller.cpp:552]   --->   Operation 42 'load' 'in_buf_load_4' <Predicate = (!icmp_ln547)> <Delay = 1.23> <CoreInst = "RAM">   --->   Core 82 'RAM' <Latency = 1> <II = 1> <Delay = 1.23> <Storage> <Opcode : 'load' 'store'> <Ports = 2> <Width = 8> <Depth = 129> <RAM>
ST_2 : Operation 43 [1/1] (0.78ns)   --->   "%add_ln576 = add i7 %zext_ln552, i7 17" [/home/luka/Scripting/ELEC_498-Capstone-LiteLM/HLS-Verilog/Transformer_logic/src-hls/../../top_params.hpp:576->/home/luka/Scripting/ELEC_498-Capstone-LiteLM/HLS-Verilog/Transformer_logic/src-hls/compute_controller.cpp:552]   --->   Operation 43 'add' 'add_ln576' <Predicate = (!icmp_ln547)> <Delay = 0.78> <CoreInst = "Adder">   --->   Core 1 'Adder' <Latency = 0> <II = 1> <Delay = 0.78> <FuncUnit> <Opcode : 'add' 'sub'> <InPorts = 2> <OutPorts = 1>
ST_2 : Operation 44 [1/1] (0.00ns)   --->   "%zext_ln576 = zext i7 %add_ln576" [/home/luka/Scripting/ELEC_498-Capstone-LiteLM/HLS-Verilog/Transformer_logic/src-hls/../../top_params.hpp:576->/home/luka/Scripting/ELEC_498-Capstone-LiteLM/HLS-Verilog/Transformer_logic/src-hls/compute_controller.cpp:552]   --->   Operation 44 'zext' 'zext_ln576' <Predicate = (!icmp_ln547)> <Delay = 0.00>
ST_2 : Operation 45 [1/1] (0.00ns)   --->   "%in_buf_addr_5 = getelementptr i8 %in_buf, i64 0, i64 %zext_ln576" [/home/luka/Scripting/ELEC_498-Capstone-LiteLM/HLS-Verilog/Transformer_logic/src-hls/../../top_params.hpp:576->/home/luka/Scripting/ELEC_498-Capstone-LiteLM/HLS-Verilog/Transformer_logic/src-hls/compute_controller.cpp:552]   --->   Operation 45 'getelementptr' 'in_buf_addr_5' <Predicate = (!icmp_ln547)> <Delay = 0.00>
ST_2 : Operation 46 [2/2] (1.23ns)   --->   "%in_buf_load_5 = load i8 %in_buf_addr_5" [/home/luka/Scripting/ELEC_498-Capstone-LiteLM/HLS-Verilog/Transformer_logic/src-hls/../../top_params.hpp:576->/home/luka/Scripting/ELEC_498-Capstone-LiteLM/HLS-Verilog/Transformer_logic/src-hls/compute_controller.cpp:552]   --->   Operation 46 'load' 'in_buf_load_5' <Predicate = (!icmp_ln547)> <Delay = 1.23> <CoreInst = "RAM">   --->   Core 82 'RAM' <Latency = 1> <II = 1> <Delay = 1.23> <Storage> <Opcode : 'load' 'store'> <Ports = 2> <Width = 8> <Depth = 129> <RAM>
ST_2 : Operation 47 [1/1] (0.78ns)   --->   "%add_ln577 = add i7 %zext_ln552, i7 18" [/home/luka/Scripting/ELEC_498-Capstone-LiteLM/HLS-Verilog/Transformer_logic/src-hls/../../top_params.hpp:577->/home/luka/Scripting/ELEC_498-Capstone-LiteLM/HLS-Verilog/Transformer_logic/src-hls/compute_controller.cpp:552]   --->   Operation 47 'add' 'add_ln577' <Predicate = (!icmp_ln547)> <Delay = 0.78> <CoreInst = "Adder">   --->   Core 1 'Adder' <Latency = 0> <II = 1> <Delay = 0.78> <FuncUnit> <Opcode : 'add' 'sub'> <InPorts = 2> <OutPorts = 1>
ST_2 : Operation 48 [1/1] (0.00ns)   --->   "%zext_ln577 = zext i7 %add_ln577" [/home/luka/Scripting/ELEC_498-Capstone-LiteLM/HLS-Verilog/Transformer_logic/src-hls/../../top_params.hpp:577->/home/luka/Scripting/ELEC_498-Capstone-LiteLM/HLS-Verilog/Transformer_logic/src-hls/compute_controller.cpp:552]   --->   Operation 48 'zext' 'zext_ln577' <Predicate = (!icmp_ln547)> <Delay = 0.00>
ST_2 : Operation 49 [1/1] (0.00ns)   --->   "%in_buf_addr_6 = getelementptr i8 %in_buf, i64 0, i64 %zext_ln577" [/home/luka/Scripting/ELEC_498-Capstone-LiteLM/HLS-Verilog/Transformer_logic/src-hls/../../top_params.hpp:577->/home/luka/Scripting/ELEC_498-Capstone-LiteLM/HLS-Verilog/Transformer_logic/src-hls/compute_controller.cpp:552]   --->   Operation 49 'getelementptr' 'in_buf_addr_6' <Predicate = (!icmp_ln547)> <Delay = 0.00>
ST_2 : Operation 50 [2/2] (1.23ns)   --->   "%in_buf_load_6 = load i8 %in_buf_addr_6" [/home/luka/Scripting/ELEC_498-Capstone-LiteLM/HLS-Verilog/Transformer_logic/src-hls/../../top_params.hpp:577->/home/luka/Scripting/ELEC_498-Capstone-LiteLM/HLS-Verilog/Transformer_logic/src-hls/compute_controller.cpp:552]   --->   Operation 50 'load' 'in_buf_load_6' <Predicate = (!icmp_ln547)> <Delay = 1.23> <CoreInst = "RAM">   --->   Core 82 'RAM' <Latency = 1> <II = 1> <Delay = 1.23> <Storage> <Opcode : 'load' 'store'> <Ports = 2> <Width = 8> <Depth = 129> <RAM>
ST_2 : Operation 51 [1/1] (0.00ns)   --->   "%store_ln550 = store i8 %in_buf_load_3, i8 %p_ZZ18compute_controllerbbjRbS_bS_S_RjPKhPhR12ComputeStateS0_RhS6_S6_S6_S_S_S_S_E_37" [/home/luka/Scripting/ELEC_498-Capstone-LiteLM/HLS-Verilog/Transformer_logic/src-hls/compute_controller.cpp:550]   --->   Operation 51 'store' 'store_ln550' <Predicate = (!icmp_ln547 & trunc_ln547 == 14)> <Delay = 0.00>
ST_2 : Operation 52 [1/1] (0.00ns)   --->   "%store_ln550 = store i8 %in_buf_load_3, i8 %p_ZZ18compute_controllerbbjRbS_bS_S_RjPKhPhR12ComputeStateS0_RhS6_S6_S6_S_S_S_S_E_38" [/home/luka/Scripting/ELEC_498-Capstone-LiteLM/HLS-Verilog/Transformer_logic/src-hls/compute_controller.cpp:550]   --->   Operation 52 'store' 'store_ln550' <Predicate = (!icmp_ln547 & trunc_ln547 == 13)> <Delay = 0.00>
ST_2 : Operation 53 [1/1] (0.00ns)   --->   "%store_ln550 = store i8 %in_buf_load_3, i8 %p_ZZ18compute_controllerbbjRbS_bS_S_RjPKhPhR12ComputeStateS0_RhS6_S6_S6_S_S_S_S_E_39" [/home/luka/Scripting/ELEC_498-Capstone-LiteLM/HLS-Verilog/Transformer_logic/src-hls/compute_controller.cpp:550]   --->   Operation 53 'store' 'store_ln550' <Predicate = (!icmp_ln547 & trunc_ln547 == 12)> <Delay = 0.00>
ST_2 : Operation 54 [1/1] (0.00ns)   --->   "%store_ln550 = store i8 %in_buf_load_3, i8 %p_ZZ18compute_controllerbbjRbS_bS_S_RjPKhPhR12ComputeStateS0_RhS6_S6_S6_S_S_S_S_E_40" [/home/luka/Scripting/ELEC_498-Capstone-LiteLM/HLS-Verilog/Transformer_logic/src-hls/compute_controller.cpp:550]   --->   Operation 54 'store' 'store_ln550' <Predicate = (!icmp_ln547 & trunc_ln547 == 11)> <Delay = 0.00>
ST_2 : Operation 55 [1/1] (0.00ns)   --->   "%store_ln550 = store i8 %in_buf_load_3, i8 %p_ZZ18compute_controllerbbjRbS_bS_S_RjPKhPhR12ComputeStateS0_RhS6_S6_S6_S_S_S_S_E_41" [/home/luka/Scripting/ELEC_498-Capstone-LiteLM/HLS-Verilog/Transformer_logic/src-hls/compute_controller.cpp:550]   --->   Operation 55 'store' 'store_ln550' <Predicate = (!icmp_ln547 & trunc_ln547 == 10)> <Delay = 0.00>
ST_2 : Operation 56 [1/1] (0.00ns)   --->   "%store_ln550 = store i8 %in_buf_load_3, i8 %compute_controller_bool_bool_unsigned_int_bool_bool_bool_bool_bool_u_30" [/home/luka/Scripting/ELEC_498-Capstone-LiteLM/HLS-Verilog/Transformer_logic/src-hls/compute_controller.cpp:550]   --->   Operation 56 'store' 'store_ln550' <Predicate = (!icmp_ln547 & trunc_ln547 == 9)> <Delay = 0.00>
ST_2 : Operation 57 [1/1] (0.00ns)   --->   "%store_ln550 = store i8 %in_buf_load_3, i8 %compute_controller_bool_bool_unsigned_int_bool_bool_bool_bool_bool_u_31" [/home/luka/Scripting/ELEC_498-Capstone-LiteLM/HLS-Verilog/Transformer_logic/src-hls/compute_controller.cpp:550]   --->   Operation 57 'store' 'store_ln550' <Predicate = (!icmp_ln547 & trunc_ln547 == 8)> <Delay = 0.00>
ST_2 : Operation 58 [1/1] (0.00ns)   --->   "%store_ln550 = store i8 %in_buf_load_3, i8 %compute_controller_bool_bool_unsigned_int_bool_bool_bool_bool_bool_u_32" [/home/luka/Scripting/ELEC_498-Capstone-LiteLM/HLS-Verilog/Transformer_logic/src-hls/compute_controller.cpp:550]   --->   Operation 58 'store' 'store_ln550' <Predicate = (!icmp_ln547 & trunc_ln547 == 7)> <Delay = 0.00>
ST_2 : Operation 59 [1/1] (0.00ns)   --->   "%store_ln550 = store i8 %in_buf_load_3, i8 %compute_controller_bool_bool_unsigned_int_bool_bool_bool_bool_bool_u_33" [/home/luka/Scripting/ELEC_498-Capstone-LiteLM/HLS-Verilog/Transformer_logic/src-hls/compute_controller.cpp:550]   --->   Operation 59 'store' 'store_ln550' <Predicate = (!icmp_ln547 & trunc_ln547 == 6)> <Delay = 0.00>
ST_2 : Operation 60 [1/1] (0.00ns)   --->   "%store_ln550 = store i8 %in_buf_load_3, i8 %compute_controller_bool_bool_unsigned_int_bool_bool_bool_bool_bool_u_34" [/home/luka/Scripting/ELEC_498-Capstone-LiteLM/HLS-Verilog/Transformer_logic/src-hls/compute_controller.cpp:550]   --->   Operation 60 'store' 'store_ln550' <Predicate = (!icmp_ln547 & trunc_ln547 == 5)> <Delay = 0.00>
ST_2 : Operation 61 [1/1] (0.00ns)   --->   "%store_ln550 = store i8 %in_buf_load_3, i8 %compute_controller_bool_bool_unsigned_int_bool_bool_bool_bool_bool_u_35" [/home/luka/Scripting/ELEC_498-Capstone-LiteLM/HLS-Verilog/Transformer_logic/src-hls/compute_controller.cpp:550]   --->   Operation 61 'store' 'store_ln550' <Predicate = (!icmp_ln547 & trunc_ln547 == 4)> <Delay = 0.00>
ST_2 : Operation 62 [1/1] (0.00ns)   --->   "%store_ln550 = store i8 %in_buf_load_3, i8 %compute_controller_bool_bool_unsigned_int_bool_bool_bool_bool_bool_u_36" [/home/luka/Scripting/ELEC_498-Capstone-LiteLM/HLS-Verilog/Transformer_logic/src-hls/compute_controller.cpp:550]   --->   Operation 62 'store' 'store_ln550' <Predicate = (!icmp_ln547 & trunc_ln547 == 3)> <Delay = 0.00>
ST_2 : Operation 63 [1/1] (0.00ns)   --->   "%store_ln550 = store i8 %in_buf_load_3, i8 %compute_controller_bool_bool_unsigned_int_bool_bool_bool_bool_bool_u_37" [/home/luka/Scripting/ELEC_498-Capstone-LiteLM/HLS-Verilog/Transformer_logic/src-hls/compute_controller.cpp:550]   --->   Operation 63 'store' 'store_ln550' <Predicate = (!icmp_ln547 & trunc_ln547 == 2)> <Delay = 0.00>
ST_2 : Operation 64 [1/1] (0.00ns)   --->   "%store_ln550 = store i8 %in_buf_load_3, i8 %compute_controller_bool_bool_unsigned_int_bool_bool_bool_bool_bool_u_38" [/home/luka/Scripting/ELEC_498-Capstone-LiteLM/HLS-Verilog/Transformer_logic/src-hls/compute_controller.cpp:550]   --->   Operation 64 'store' 'store_ln550' <Predicate = (!icmp_ln547 & trunc_ln547 == 1)> <Delay = 0.00>
ST_2 : Operation 65 [1/1] (0.00ns)   --->   "%store_ln550 = store i8 %in_buf_load_3, i8 %compute_controller_bool_bool_unsigned_int_bool_bool_bool_bool_bool_u_39" [/home/luka/Scripting/ELEC_498-Capstone-LiteLM/HLS-Verilog/Transformer_logic/src-hls/compute_controller.cpp:550]   --->   Operation 65 'store' 'store_ln550' <Predicate = (!icmp_ln547 & trunc_ln547 == 0)> <Delay = 0.00>
ST_2 : Operation 66 [1/1] (0.00ns)   --->   "%store_ln550 = store i8 %in_buf_load_3, i8 %p_ZZ18compute_controllerbbjRbS_bS_S_RjPKhPhR12ComputeStateS0_RhS6_S6_S6_S_S_S_S_E_36" [/home/luka/Scripting/ELEC_498-Capstone-LiteLM/HLS-Verilog/Transformer_logic/src-hls/compute_controller.cpp:550]   --->   Operation 66 'store' 'store_ln550' <Predicate = (!icmp_ln547 & trunc_ln547 == 15)> <Delay = 0.00>
ST_2 : Operation 67 [1/1] (0.42ns)   --->   "%store_ln547 = store i5 %add_ln547, i5 %i_3" [/home/luka/Scripting/ELEC_498-Capstone-LiteLM/HLS-Verilog/Transformer_logic/src-hls/compute_controller.cpp:547]   --->   Operation 67 'store' 'store_ln547' <Predicate = (!icmp_ln547)> <Delay = 0.42>
ST_2 : Operation 68 [1/1] (0.00ns)   --->   "%br_ln547 = br void %for.inc399" [/home/luka/Scripting/ELEC_498-Capstone-LiteLM/HLS-Verilog/Transformer_logic/src-hls/compute_controller.cpp:547]   --->   Operation 68 'br' 'br_ln547' <Predicate = (!icmp_ln547)> <Delay = 0.00>

State 3 <SV = 2> <Delay = 1.23>
ST_3 : Operation 69 [1/1] (0.00ns)   --->   "%specpipeline_ln548 = specpipeline void @_ssdm_op_SpecPipeline, i32 1, i32 0, i32 0, i32 0, void @empty_8" [/home/luka/Scripting/ELEC_498-Capstone-LiteLM/HLS-Verilog/Transformer_logic/src-hls/compute_controller.cpp:548]   --->   Operation 69 'specpipeline' 'specpipeline_ln548' <Predicate = true> <Delay = 0.00>
ST_3 : Operation 70 [1/1] (0.00ns)   --->   "%speclooptripcount_ln547 = speclooptripcount void @_ssdm_op_SpecLoopTripCount, i64 16, i64 16, i64 16" [/home/luka/Scripting/ELEC_498-Capstone-LiteLM/HLS-Verilog/Transformer_logic/src-hls/compute_controller.cpp:547]   --->   Operation 70 'speclooptripcount' 'speclooptripcount_ln547' <Predicate = true> <Delay = 0.00>
ST_3 : Operation 71 [1/1] (0.00ns)   --->   "%specloopname_ln547 = specloopname void @_ssdm_op_SpecLoopName, void @empty_27" [/home/luka/Scripting/ELEC_498-Capstone-LiteLM/HLS-Verilog/Transformer_logic/src-hls/compute_controller.cpp:547]   --->   Operation 71 'specloopname' 'specloopname_ln547' <Predicate = true> <Delay = 0.00>
ST_3 : Operation 72 [1/2] ( I:1.23ns O:1.23ns )   --->   "%in_buf_load_5 = load i8 %in_buf_addr_5" [/home/luka/Scripting/ELEC_498-Capstone-LiteLM/HLS-Verilog/Transformer_logic/src-hls/../../top_params.hpp:576->/home/luka/Scripting/ELEC_498-Capstone-LiteLM/HLS-Verilog/Transformer_logic/src-hls/compute_controller.cpp:552]   --->   Operation 72 'load' 'in_buf_load_5' <Predicate = true> <Delay = 1.23> <CoreInst = "RAM">   --->   Core 82 'RAM' <Latency = 1> <II = 1> <Delay = 1.23> <Storage> <Opcode : 'load' 'store'> <Ports = 2> <Width = 8> <Depth = 129> <RAM>
ST_3 : Operation 73 [1/2] ( I:1.23ns O:1.23ns )   --->   "%in_buf_load_6 = load i8 %in_buf_addr_6" [/home/luka/Scripting/ELEC_498-Capstone-LiteLM/HLS-Verilog/Transformer_logic/src-hls/../../top_params.hpp:577->/home/luka/Scripting/ELEC_498-Capstone-LiteLM/HLS-Verilog/Transformer_logic/src-hls/compute_controller.cpp:552]   --->   Operation 73 'load' 'in_buf_load_6' <Predicate = true> <Delay = 1.23> <CoreInst = "RAM">   --->   Core 82 'RAM' <Latency = 1> <II = 1> <Delay = 1.23> <Storage> <Opcode : 'load' 'store'> <Ports = 2> <Width = 8> <Depth = 129> <RAM>
ST_3 : Operation 74 [1/1] (0.00ns)   --->   "%trunc_ln578 = trunc i8 %in_buf_load_6" [/home/luka/Scripting/ELEC_498-Capstone-LiteLM/HLS-Verilog/Transformer_logic/src-hls/../../top_params.hpp:578->/home/luka/Scripting/ELEC_498-Capstone-LiteLM/HLS-Verilog/Transformer_logic/src-hls/compute_controller.cpp:552]   --->   Operation 74 'trunc' 'trunc_ln578' <Predicate = true> <Delay = 0.00>
ST_3 : Operation 75 [1/1] (0.00ns)   --->   "%v = bitconcatenate i19 @_ssdm_op_BitConcatenate.i19.i3.i8.i8, i3 %trunc_ln578, i8 %in_buf_load_5, i8 %in_buf_load_4" [/home/luka/Scripting/ELEC_498-Capstone-LiteLM/HLS-Verilog/Transformer_logic/src-hls/../../top_params.hpp:579->/home/luka/Scripting/ELEC_498-Capstone-LiteLM/HLS-Verilog/Transformer_logic/src-hls/compute_controller.cpp:552]   --->   Operation 75 'bitconcatenate' 'v' <Predicate = true> <Delay = 0.00>
ST_3 : Operation 76 [1/1] (0.00ns)   --->   "%store_ln552 = store i19 %v, i19 %p_ZZ18compute_controllerbbjRbS_bS_S_RjPKhPhR12ComputeStateS0_RhS6_S6_S6_S_S_S_S_E_7" [/home/luka/Scripting/ELEC_498-Capstone-LiteLM/HLS-Verilog/Transformer_logic/src-hls/compute_controller.cpp:552]   --->   Operation 76 'store' 'store_ln552' <Predicate = (trunc_ln547 == 14)> <Delay = 0.00>
ST_3 : Operation 77 [1/1] (0.00ns)   --->   "%store_ln552 = store i19 %v, i19 %p_ZZ18compute_controllerbbjRbS_bS_S_RjPKhPhR12ComputeStateS0_RhS6_S6_S6_S_S_S_S_E_8" [/home/luka/Scripting/ELEC_498-Capstone-LiteLM/HLS-Verilog/Transformer_logic/src-hls/compute_controller.cpp:552]   --->   Operation 77 'store' 'store_ln552' <Predicate = (trunc_ln547 == 13)> <Delay = 0.00>
ST_3 : Operation 78 [1/1] (0.00ns)   --->   "%store_ln552 = store i19 %v, i19 %p_ZZ18compute_controllerbbjRbS_bS_S_RjPKhPhR12ComputeStateS0_RhS6_S6_S6_S_S_S_S_E_9" [/home/luka/Scripting/ELEC_498-Capstone-LiteLM/HLS-Verilog/Transformer_logic/src-hls/compute_controller.cpp:552]   --->   Operation 78 'store' 'store_ln552' <Predicate = (trunc_ln547 == 12)> <Delay = 0.00>
ST_3 : Operation 79 [1/1] (0.00ns)   --->   "%store_ln552 = store i19 %v, i19 %p_ZZ18compute_controllerbbjRbS_bS_S_RjPKhPhR12ComputeStateS0_RhS6_S6_S6_S_S_S_S_E_10" [/home/luka/Scripting/ELEC_498-Capstone-LiteLM/HLS-Verilog/Transformer_logic/src-hls/compute_controller.cpp:552]   --->   Operation 79 'store' 'store_ln552' <Predicate = (trunc_ln547 == 11)> <Delay = 0.00>
ST_3 : Operation 80 [1/1] (0.00ns)   --->   "%store_ln552 = store i19 %v, i19 %p_ZZ18compute_controllerbbjRbS_bS_S_RjPKhPhR12ComputeStateS0_RhS6_S6_S6_S_S_S_S_E_11" [/home/luka/Scripting/ELEC_498-Capstone-LiteLM/HLS-Verilog/Transformer_logic/src-hls/compute_controller.cpp:552]   --->   Operation 80 'store' 'store_ln552' <Predicate = (trunc_ln547 == 10)> <Delay = 0.00>
ST_3 : Operation 81 [1/1] (0.00ns)   --->   "%store_ln552 = store i19 %v, i19 %compute_controller_bool_bool_unsigned_int_bool_bool_bool_bool_bool_u_90" [/home/luka/Scripting/ELEC_498-Capstone-LiteLM/HLS-Verilog/Transformer_logic/src-hls/compute_controller.cpp:552]   --->   Operation 81 'store' 'store_ln552' <Predicate = (trunc_ln547 == 9)> <Delay = 0.00>
ST_3 : Operation 82 [1/1] (0.00ns)   --->   "%store_ln552 = store i19 %v, i19 %compute_controller_bool_bool_unsigned_int_bool_bool_bool_bool_bool_u_91" [/home/luka/Scripting/ELEC_498-Capstone-LiteLM/HLS-Verilog/Transformer_logic/src-hls/compute_controller.cpp:552]   --->   Operation 82 'store' 'store_ln552' <Predicate = (trunc_ln547 == 8)> <Delay = 0.00>
ST_3 : Operation 83 [1/1] (0.00ns)   --->   "%store_ln552 = store i19 %v, i19 %compute_controller_bool_bool_unsigned_int_bool_bool_bool_bool_bool_u_92" [/home/luka/Scripting/ELEC_498-Capstone-LiteLM/HLS-Verilog/Transformer_logic/src-hls/compute_controller.cpp:552]   --->   Operation 83 'store' 'store_ln552' <Predicate = (trunc_ln547 == 7)> <Delay = 0.00>
ST_3 : Operation 84 [1/1] (0.00ns)   --->   "%store_ln552 = store i19 %v, i19 %compute_controller_bool_bool_unsigned_int_bool_bool_bool_bool_bool_u_93" [/home/luka/Scripting/ELEC_498-Capstone-LiteLM/HLS-Verilog/Transformer_logic/src-hls/compute_controller.cpp:552]   --->   Operation 84 'store' 'store_ln552' <Predicate = (trunc_ln547 == 6)> <Delay = 0.00>
ST_3 : Operation 85 [1/1] (0.00ns)   --->   "%store_ln552 = store i19 %v, i19 %compute_controller_bool_bool_unsigned_int_bool_bool_bool_bool_bool_u_94" [/home/luka/Scripting/ELEC_498-Capstone-LiteLM/HLS-Verilog/Transformer_logic/src-hls/compute_controller.cpp:552]   --->   Operation 85 'store' 'store_ln552' <Predicate = (trunc_ln547 == 5)> <Delay = 0.00>
ST_3 : Operation 86 [1/1] (0.00ns)   --->   "%store_ln552 = store i19 %v, i19 %compute_controller_bool_bool_unsigned_int_bool_bool_bool_bool_bool_u_95" [/home/luka/Scripting/ELEC_498-Capstone-LiteLM/HLS-Verilog/Transformer_logic/src-hls/compute_controller.cpp:552]   --->   Operation 86 'store' 'store_ln552' <Predicate = (trunc_ln547 == 4)> <Delay = 0.00>
ST_3 : Operation 87 [1/1] (0.00ns)   --->   "%store_ln552 = store i19 %v, i19 %compute_controller_bool_bool_unsigned_int_bool_bool_bool_bool_bool_u_96" [/home/luka/Scripting/ELEC_498-Capstone-LiteLM/HLS-Verilog/Transformer_logic/src-hls/compute_controller.cpp:552]   --->   Operation 87 'store' 'store_ln552' <Predicate = (trunc_ln547 == 3)> <Delay = 0.00>
ST_3 : Operation 88 [1/1] (0.00ns)   --->   "%store_ln552 = store i19 %v, i19 %compute_controller_bool_bool_unsigned_int_bool_bool_bool_bool_bool_u_97" [/home/luka/Scripting/ELEC_498-Capstone-LiteLM/HLS-Verilog/Transformer_logic/src-hls/compute_controller.cpp:552]   --->   Operation 88 'store' 'store_ln552' <Predicate = (trunc_ln547 == 2)> <Delay = 0.00>
ST_3 : Operation 89 [1/1] (0.00ns)   --->   "%store_ln552 = store i19 %v, i19 %compute_controller_bool_bool_unsigned_int_bool_bool_bool_bool_bool_u_98" [/home/luka/Scripting/ELEC_498-Capstone-LiteLM/HLS-Verilog/Transformer_logic/src-hls/compute_controller.cpp:552]   --->   Operation 89 'store' 'store_ln552' <Predicate = (trunc_ln547 == 1)> <Delay = 0.00>
ST_3 : Operation 90 [1/1] (0.00ns)   --->   "%store_ln552 = store i19 %v, i19 %compute_controller_bool_bool_unsigned_int_bool_bool_bool_bool_bool_u_99" [/home/luka/Scripting/ELEC_498-Capstone-LiteLM/HLS-Verilog/Transformer_logic/src-hls/compute_controller.cpp:552]   --->   Operation 90 'store' 'store_ln552' <Predicate = (trunc_ln547 == 0)> <Delay = 0.00>
ST_3 : Operation 91 [1/1] (0.00ns)   --->   "%store_ln552 = store i19 %v, i19 %p_ZZ18compute_controllerbbjRbS_bS_S_RjPKhPhR12ComputeStateS0_RhS6_S6_S6_S_S_S_S_E_6" [/home/luka/Scripting/ELEC_498-Capstone-LiteLM/HLS-Verilog/Transformer_logic/src-hls/compute_controller.cpp:552]   --->   Operation 91 'store' 'store_ln552' <Predicate = (trunc_ln547 == 15)> <Delay = 0.00>


============================================================
+ Verbose Summary: Timing violations
============================================================
Target clock period: 10.000ns, clock uncertainty: 2.700ns.

 <State 1>: 2.445ns
The critical path consists of the following:
	'store' operation 0 bit ('store_ln547', /home/luka/Scripting/ELEC_498-Capstone-LiteLM/HLS-Verilog/Transformer_logic/src-hls/compute_controller.cpp:547) of constant 0 on local variable 'i', /home/luka/Scripting/ELEC_498-Capstone-LiteLM/HLS-Verilog/Transformer_logic/src-hls/compute_controller.cpp:547 [36]  (0.427 ns)
	'load' operation 5 bit ('i', /home/luka/Scripting/ELEC_498-Capstone-LiteLM/HLS-Verilog/Transformer_logic/src-hls/compute_controller.cpp:547) on local variable 'i', /home/luka/Scripting/ELEC_498-Capstone-LiteLM/HLS-Verilog/Transformer_logic/src-hls/compute_controller.cpp:547 [39]  (0.000 ns)
	'add' operation 7 bit ('byte_addr', /home/luka/Scripting/ELEC_498-Capstone-LiteLM/HLS-Verilog/Transformer_logic/src-hls/compute_controller.cpp:552) [53]  (0.781 ns)
	'getelementptr' operation 8 bit ('in_buf_addr_4', /home/luka/Scripting/ELEC_498-Capstone-LiteLM/HLS-Verilog/Transformer_logic/src-hls/../../top_params.hpp:575->/home/luka/Scripting/ELEC_498-Capstone-LiteLM/HLS-Verilog/Transformer_logic/src-hls/compute_controller.cpp:552) [55]  (0.000 ns)
	'load' operation 8 bit ('in_buf_load_4', /home/luka/Scripting/ELEC_498-Capstone-LiteLM/HLS-Verilog/Transformer_logic/src-hls/../../top_params.hpp:575->/home/luka/Scripting/ELEC_498-Capstone-LiteLM/HLS-Verilog/Transformer_logic/src-hls/compute_controller.cpp:552) on array 'in_buf' [56]  (1.237 ns)

 <State 2>: 2.018ns
The critical path consists of the following:
	'add' operation 7 bit ('add_ln576', /home/luka/Scripting/ELEC_498-Capstone-LiteLM/HLS-Verilog/Transformer_logic/src-hls/../../top_params.hpp:576->/home/luka/Scripting/ELEC_498-Capstone-LiteLM/HLS-Verilog/Transformer_logic/src-hls/compute_controller.cpp:552) [57]  (0.781 ns)
	'getelementptr' operation 8 bit ('in_buf_addr_5', /home/luka/Scripting/ELEC_498-Capstone-LiteLM/HLS-Verilog/Transformer_logic/src-hls/../../top_params.hpp:576->/home/luka/Scripting/ELEC_498-Capstone-LiteLM/HLS-Verilog/Transformer_logic/src-hls/compute_controller.cpp:552) [59]  (0.000 ns)
	'load' operation 8 bit ('in_buf_load_5', /home/luka/Scripting/ELEC_498-Capstone-LiteLM/HLS-Verilog/Transformer_logic/src-hls/../../top_params.hpp:576->/home/luka/Scripting/ELEC_498-Capstone-LiteLM/HLS-Verilog/Transformer_logic/src-hls/compute_controller.cpp:552) on array 'in_buf' [60]  (1.237 ns)

 <State 3>: 1.237ns
The critical path consists of the following:
	'load' operation 8 bit ('in_buf_load_5', /home/luka/Scripting/ELEC_498-Capstone-LiteLM/HLS-Verilog/Transformer_logic/src-hls/../../top_params.hpp:576->/home/luka/Scripting/ELEC_498-Capstone-LiteLM/HLS-Verilog/Transformer_logic/src-hls/compute_controller.cpp:552) on array 'in_buf' [60]  (1.237 ns)
	'store' operation 0 bit ('store_ln552', /home/luka/Scripting/ELEC_498-Capstone-LiteLM/HLS-Verilog/Transformer_logic/src-hls/compute_controller.cpp:552) of variable 'v', /home/luka/Scripting/ELEC_498-Capstone-LiteLM/HLS-Verilog/Transformer_logic/src-hls/../../top_params.hpp:579->/home/luka/Scripting/ELEC_498-Capstone-LiteLM/HLS-Verilog/Transformer_logic/src-hls/compute_controller.cpp:552 on static variable 'p_ZZ18compute_controllerbbjRbS_bS_S_RjPKhPhR12ComputeStateS0_RhS6_S6_S6_S_S_S_S_E_7' [70]  (0.000 ns)


============================================================
+ Verbose Summary: Binding
============================================================
N/A
* FSMD analyzer results:
  - Output states:
 - Input state : 
  - Chain level:
	State 1
	State 2
	State 3


============================================================
+ Verbose Summary: Datapath Resource usage 
============================================================
N/A
