

================================================================
== Vitis HLS Report for 'compute_controller_Pipeline_VITIS_LOOP_646_39'
================================================================
* Date:           Sat Jan 24 18:00:29 2026

* Version:        2025.1 (Build 6135595 on May 21 2025)
* Project:        compute_controller
* Solution:       hls (Vivado IP Flow Target)
* Product family: zynquplus
* Target device:  xck26-sfvc784-2LV-c


================================================================
== Performance Estimates
================================================================
+ Timing: 
    * Summary: 
    +--------+----------+----------+------------+
    |  Clock |  Target  | Estimated| Uncertainty|
    +--------+----------+----------+------------+
    |ap_clk  |  10.00 ns|  2.057 ns|     2.70 ns|
    +--------+----------+----------+------------+

+ Latency: 
    * Summary: 
    +---------+---------+----------+----------+-----+-----+------------------------------------------------+
    |  Latency (cycles) |  Latency (absolute) |  Interval |                    Pipeline                    |
    |   min   |   max   |    min   |    max   | min | max |                      Type                      |
    +---------+---------+----------+----------+-----+-----+------------------------------------------------+
    |       13|       13|  0.130 us|  0.130 us|   12|   12|  loop auto-rewind stp (delay=0 clock cycles(s))|
    +---------+---------+----------+----------+-----+-----+------------------------------------------------+

    + Detail: 
        * Instance: 
        +--------------------+----------+---------+---------+-----------+-----------+-----+-----+---------+
        |                    |          |  Latency (cycles) |   Latency (absolute)  |  Interval | Pipeline|
        |      Instance      |  Module  |   min   |   max   |    min    |    max    | min | max |   Type  |
        +--------------------+----------+---------+---------+-----------+-----------+-----+-----+---------+
        |grp_read_i32_fu_96  |read_i32  |        2|        2|  20.000 ns|  20.000 ns|    2|    2|      yes|
        +--------------------+----------+---------+---------+-----------+-----------+-----+-----+---------+

        * Loop: 
        +---------------------+---------+---------+----------+-----------+-----------+------+----------+
        |                     |  Latency (cycles) | Iteration|  Initiation Interval  | Trip |          |
        |      Loop Name      |   min   |   max   |  Latency |  achieved |   target  | Count| Pipelined|
        +---------------------+---------+---------+----------+-----------+-----------+------+----------+
        |- VITIS_LOOP_646_39  |       11|       11|         4|          2|          1|     5|       yes|
        +---------------------+---------+---------+----------+-----------+-----------+------+----------+

============================================================
+ Verbose Summary: Synthesis Manager
============================================================
InlineROM: 1
ExposeGlobal: 0
============================================================
+ Verbose Summary: CDFG Model
============================================================
IsTopModel: 0
ResetActiveHigh: 1
IsCombinational: 0
IsDatapathOnly: 0
HasWiredReturn: 1
HasMFsm: 2
HasVarLatency: 1
IsPipeline: 0
IsRtlPipelined: 0
IsInstanceOverlapped: 0
IsDontTouch: 0
HasImplIP: 0
IsGatedGlobalClock: 0

+ Individual pipeline summary: 
  * Pipeline-0: initiation interval (II) = 2, depth = 4


============================================================
+ Verbose Summary: Schedule
============================================================
* Number of FSM states : 4
* Pipeline : 1
  Pipeline-0 : II = 2, D = 4, States = { 1 2 3 4 }
* Dataflow Pipeline: 0

* FSM state transitions: 
1 --> 2 
2 --> 3 
3 --> 4 
4 --> 

* FSM state operations: 

State 1 <SV = 0> <Delay = 1.52>
ST_1 : Operation 7 [1/1] (0.00ns)   --->   "%i = alloca i32 1" [/home/luka/Scripting/ELEC_498-Capstone-LiteLM/HLS-Verilog/Transformer_logic/src-hls/compute_controller.cpp:646]   --->   Operation 7 'alloca' 'i' <Predicate = true> <Delay = 0.00>
ST_1 : Operation 8 [1/1] (0.00ns)   --->   "%specinterface_ln0 = specinterface void @_ssdm_op_SpecInterface, i8 %in_buf, void @empty_22, i32 0, i32 0, void @empty_15, i32 4294967295, i32 0, void @empty_15, void @empty_15, void @empty_15, i32 0, i32 0, i32 0, i32 0, void @empty_15, void @empty_15, i32 4294967295, i32 0, i32 0"   --->   Operation 8 'specinterface' 'specinterface_ln0' <Predicate = true> <Delay = 0.00>
ST_1 : Operation 9 [1/1] (0.42ns)   --->   "%store_ln646 = store i3 0, i3 %i" [/home/luka/Scripting/ELEC_498-Capstone-LiteLM/HLS-Verilog/Transformer_logic/src-hls/compute_controller.cpp:646]   --->   Operation 9 'store' 'store_ln646' <Predicate = true> <Delay = 0.42>
ST_1 : Operation 10 [1/1] (0.00ns)   --->   "%br_ln0 = br void %for.inc648"   --->   Operation 10 'br' 'br_ln0' <Predicate = true> <Delay = 0.00>
ST_1 : Operation 11 [1/1] (0.00ns)   --->   "%i_4 = load i3 %i" [/home/luka/Scripting/ELEC_498-Capstone-LiteLM/HLS-Verilog/Transformer_logic/src-hls/compute_controller.cpp:646]   --->   Operation 11 'load' 'i_4' <Predicate = true> <Delay = 0.00>
ST_1 : Operation 12 [1/1] (0.67ns)   --->   "%icmp_ln646 = icmp_eq  i3 %i_4, i3 5" [/home/luka/Scripting/ELEC_498-Capstone-LiteLM/HLS-Verilog/Transformer_logic/src-hls/compute_controller.cpp:646]   --->   Operation 12 'icmp' 'icmp_ln646' <Predicate = true> <Delay = 0.67> <CoreInst = "Cmp">   --->   Core 9 'Cmp' <Latency = 0> <II = 1> <Delay = 0.67> <FuncUnit> <Opcode : 'seteq' 'setne' 'setle' 'setge' 'setlt' 'setgt'> <InPorts = 2> <OutPorts = 1>
ST_1 : Operation 13 [1/1] (0.67ns)   --->   "%add_ln646 = add i3 %i_4, i3 1" [/home/luka/Scripting/ELEC_498-Capstone-LiteLM/HLS-Verilog/Transformer_logic/src-hls/compute_controller.cpp:646]   --->   Operation 13 'add' 'add_ln646' <Predicate = true> <Delay = 0.67> <CoreInst = "Adder">   --->   Core 1 'Adder' <Latency = 0> <II = 1> <Delay = 0.67> <FuncUnit> <Opcode : 'add' 'sub'> <InPorts = 2> <OutPorts = 1>
ST_1 : Operation 14 [1/1] (0.00ns)   --->   "%br_ln646 = br i1 %icmp_ln646, void %for.inc648.split, void %for.inc658.preheader.exitStub" [/home/luka/Scripting/ELEC_498-Capstone-LiteLM/HLS-Verilog/Transformer_logic/src-hls/compute_controller.cpp:646]   --->   Operation 14 'br' 'br_ln646' <Predicate = true> <Delay = 0.00>
ST_1 : Operation 15 [1/1] (0.42ns)   --->   "%store_ln646 = store i3 %add_ln646, i3 %i" [/home/luka/Scripting/ELEC_498-Capstone-LiteLM/HLS-Verilog/Transformer_logic/src-hls/compute_controller.cpp:646]   --->   Operation 15 'store' 'store_ln646' <Predicate = (!icmp_ln646)> <Delay = 0.42>
ST_1 : Operation 16 [1/1] (0.00ns)   --->   "%br_ln646 = br void %for.inc648" [/home/luka/Scripting/ELEC_498-Capstone-LiteLM/HLS-Verilog/Transformer_logic/src-hls/compute_controller.cpp:646]   --->   Operation 16 'br' 'br_ln646' <Predicate = (!icmp_ln646)> <Delay = 0.00>

State 2 <SV = 1> <Delay = 2.05>
ST_2 : Operation 17 [1/1] (0.00ns)   --->   "%or_ln5 = bitconcatenate i6 @_ssdm_op_BitConcatenate.i6.i1.i3.i2, i1 1, i3 %i_4, i2 3" [/home/luka/Scripting/ELEC_498-Capstone-LiteLM/HLS-Verilog/Transformer_logic/src-hls/compute_controller.cpp:648]   --->   Operation 17 'bitconcatenate' 'or_ln5' <Predicate = (!icmp_ln646)> <Delay = 0.00>
ST_2 : Operation 18 [1/1] (0.00ns)   --->   "%sext_ln648 = sext i6 %or_ln5" [/home/luka/Scripting/ELEC_498-Capstone-LiteLM/HLS-Verilog/Transformer_logic/src-hls/compute_controller.cpp:648]   --->   Operation 18 'sext' 'sext_ln648' <Predicate = (!icmp_ln646)> <Delay = 0.00>
ST_2 : Operation 19 [1/1] (0.00ns)   --->   "%zext_ln648 = zext i7 %sext_ln648" [/home/luka/Scripting/ELEC_498-Capstone-LiteLM/HLS-Verilog/Transformer_logic/src-hls/compute_controller.cpp:648]   --->   Operation 19 'zext' 'zext_ln648' <Predicate = (!icmp_ln646)> <Delay = 0.00>
ST_2 : Operation 20 [3/3] (2.05ns)   --->   "%tmp_42 = call i32 @read_i32, i8 %in_buf, i13 %zext_ln648" [/home/luka/Scripting/ELEC_498-Capstone-LiteLM/HLS-Verilog/Transformer_logic/src-hls/compute_controller.cpp:648]   --->   Operation 20 'call' 'tmp_42' <Predicate = (!icmp_ln646)> <Delay = 2.05> <CoreType = "Generic">   --->   Generic Core
ST_2 : Operation 21 [1/1] (0.67ns)   --->   "%switch_ln648 = switch i3 %i_4, void %arrayidx647.case.4, i3 0, void %arrayidx647.case.0, i3 1, void %arrayidx647.case.1, i3 2, void %arrayidx647.case.2, i3 3, void %arrayidx647.case.3" [/home/luka/Scripting/ELEC_498-Capstone-LiteLM/HLS-Verilog/Transformer_logic/src-hls/compute_controller.cpp:648]   --->   Operation 21 'switch' 'switch_ln648' <Predicate = (!icmp_ln646)> <Delay = 0.67>
ST_2 : Operation 37 [1/1] (0.42ns)   --->   "%ret_ln0 = ret"   --->   Operation 37 'ret' 'ret_ln0' <Predicate = (icmp_ln646)> <Delay = 0.42>

State 3 <SV = 2> <Delay = 2.05>
ST_3 : Operation 22 [2/3] (2.05ns)   --->   "%tmp_42 = call i32 @read_i32, i8 %in_buf, i13 %zext_ln648" [/home/luka/Scripting/ELEC_498-Capstone-LiteLM/HLS-Verilog/Transformer_logic/src-hls/compute_controller.cpp:648]   --->   Operation 22 'call' 'tmp_42' <Predicate = (!icmp_ln646)> <Delay = 2.05> <CoreType = "Generic">   --->   Generic Core

State 4 <SV = 3> <Delay = 1.91>
ST_4 : Operation 23 [1/1] (0.00ns)   --->   "%specpipeline_ln647 = specpipeline void @_ssdm_op_SpecPipeline, i32 1, i32 0, i32 0, i32 0, void @empty_15" [/home/luka/Scripting/ELEC_498-Capstone-LiteLM/HLS-Verilog/Transformer_logic/src-hls/compute_controller.cpp:647]   --->   Operation 23 'specpipeline' 'specpipeline_ln647' <Predicate = true> <Delay = 0.00>
ST_4 : Operation 24 [1/1] (0.00ns)   --->   "%speclooptripcount_ln646 = speclooptripcount void @_ssdm_op_SpecLoopTripCount, i64 5, i64 5, i64 5" [/home/luka/Scripting/ELEC_498-Capstone-LiteLM/HLS-Verilog/Transformer_logic/src-hls/compute_controller.cpp:646]   --->   Operation 24 'speclooptripcount' 'speclooptripcount_ln646' <Predicate = true> <Delay = 0.00>
ST_4 : Operation 25 [1/1] (0.00ns)   --->   "%specloopname_ln646 = specloopname void @_ssdm_op_SpecLoopName, void @empty_1" [/home/luka/Scripting/ELEC_498-Capstone-LiteLM/HLS-Verilog/Transformer_logic/src-hls/compute_controller.cpp:646]   --->   Operation 25 'specloopname' 'specloopname_ln646' <Predicate = true> <Delay = 0.00>
ST_4 : Operation 26 [1/3] (1.23ns)   --->   "%tmp_42 = call i32 @read_i32, i8 %in_buf, i13 %zext_ln648" [/home/luka/Scripting/ELEC_498-Capstone-LiteLM/HLS-Verilog/Transformer_logic/src-hls/compute_controller.cpp:648]   --->   Operation 26 'call' 'tmp_42' <Predicate = true> <Delay = 1.23> <CoreType = "Generic">   --->   Generic Core
ST_4 : Operation 27 [1/1] ( I:0.67ns O:0.67ns )   --->   "%store_ln648 = store i32 %tmp_42, i32 0" [/home/luka/Scripting/ELEC_498-Capstone-LiteLM/HLS-Verilog/Transformer_logic/src-hls/compute_controller.cpp:648]   --->   Operation 27 'store' 'store_ln648' <Predicate = (i_4 == 3)> <Delay = 0.67> <CoreInst = "RAM">   --->   Core 82 'RAM' <Latency = 1> <II = 1> <Delay = 0.67> <Storage> <Opcode : 'load' 'store'> <Ports = 2> <Width = 32> <Depth = 3> <RAM>
ST_4 : Operation 28 [1/1] (0.00ns)   --->   "%br_ln648 = br void %arrayidx647.exit" [/home/luka/Scripting/ELEC_498-Capstone-LiteLM/HLS-Verilog/Transformer_logic/src-hls/compute_controller.cpp:648]   --->   Operation 28 'br' 'br_ln648' <Predicate = (i_4 == 3)> <Delay = 0.00>
ST_4 : Operation 29 [1/1] ( I:0.67ns O:0.67ns )   --->   "%store_ln648 = store i32 %tmp_42, i32 0" [/home/luka/Scripting/ELEC_498-Capstone-LiteLM/HLS-Verilog/Transformer_logic/src-hls/compute_controller.cpp:648]   --->   Operation 29 'store' 'store_ln648' <Predicate = (i_4 == 2)> <Delay = 0.67> <CoreInst = "RAM">   --->   Core 82 'RAM' <Latency = 1> <II = 1> <Delay = 0.67> <Storage> <Opcode : 'load' 'store'> <Ports = 2> <Width = 32> <Depth = 3> <RAM>
ST_4 : Operation 30 [1/1] (0.00ns)   --->   "%br_ln648 = br void %arrayidx647.exit" [/home/luka/Scripting/ELEC_498-Capstone-LiteLM/HLS-Verilog/Transformer_logic/src-hls/compute_controller.cpp:648]   --->   Operation 30 'br' 'br_ln648' <Predicate = (i_4 == 2)> <Delay = 0.00>
ST_4 : Operation 31 [1/1] ( I:0.67ns O:0.67ns )   --->   "%store_ln648 = store i32 %tmp_42, i32 0" [/home/luka/Scripting/ELEC_498-Capstone-LiteLM/HLS-Verilog/Transformer_logic/src-hls/compute_controller.cpp:648]   --->   Operation 31 'store' 'store_ln648' <Predicate = (i_4 == 1)> <Delay = 0.67> <CoreInst = "RAM">   --->   Core 82 'RAM' <Latency = 1> <II = 1> <Delay = 0.67> <Storage> <Opcode : 'load' 'store'> <Ports = 2> <Width = 32> <Depth = 3> <RAM>
ST_4 : Operation 32 [1/1] (0.00ns)   --->   "%br_ln648 = br void %arrayidx647.exit" [/home/luka/Scripting/ELEC_498-Capstone-LiteLM/HLS-Verilog/Transformer_logic/src-hls/compute_controller.cpp:648]   --->   Operation 32 'br' 'br_ln648' <Predicate = (i_4 == 1)> <Delay = 0.00>
ST_4 : Operation 33 [1/1] ( I:0.67ns O:0.67ns )   --->   "%store_ln648 = store i32 %tmp_42, i32 0" [/home/luka/Scripting/ELEC_498-Capstone-LiteLM/HLS-Verilog/Transformer_logic/src-hls/compute_controller.cpp:648]   --->   Operation 33 'store' 'store_ln648' <Predicate = (i_4 == 0)> <Delay = 0.67> <CoreInst = "RAM">   --->   Core 82 'RAM' <Latency = 1> <II = 1> <Delay = 0.67> <Storage> <Opcode : 'load' 'store'> <Ports = 2> <Width = 32> <Depth = 3> <RAM>
ST_4 : Operation 34 [1/1] (0.00ns)   --->   "%br_ln648 = br void %arrayidx647.exit" [/home/luka/Scripting/ELEC_498-Capstone-LiteLM/HLS-Verilog/Transformer_logic/src-hls/compute_controller.cpp:648]   --->   Operation 34 'br' 'br_ln648' <Predicate = (i_4 == 0)> <Delay = 0.00>
ST_4 : Operation 35 [1/1] ( I:0.67ns O:0.67ns )   --->   "%store_ln648 = store i32 %tmp_42, i32 0" [/home/luka/Scripting/ELEC_498-Capstone-LiteLM/HLS-Verilog/Transformer_logic/src-hls/compute_controller.cpp:648]   --->   Operation 35 'store' 'store_ln648' <Predicate = (i_4 != 0 & i_4 != 1 & i_4 != 2 & i_4 != 3)> <Delay = 0.67> <CoreInst = "RAM">   --->   Core 82 'RAM' <Latency = 1> <II = 1> <Delay = 0.67> <Storage> <Opcode : 'load' 'store'> <Ports = 2> <Width = 32> <Depth = 3> <RAM>
ST_4 : Operation 36 [1/1] (0.00ns)   --->   "%br_ln648 = br void %arrayidx647.exit" [/home/luka/Scripting/ELEC_498-Capstone-LiteLM/HLS-Verilog/Transformer_logic/src-hls/compute_controller.cpp:648]   --->   Operation 36 'br' 'br_ln648' <Predicate = (i_4 != 0 & i_4 != 1 & i_4 != 2 & i_4 != 3)> <Delay = 0.00>


============================================================
+ Verbose Summary: Binding
============================================================
STG Binding: 
---------------- STG Properties BEGIN ----------------
- Is combinational: 0
- Is one-state seq: 0
- Is datapath-only: 0
- Is pipelined: 0
- Is top level: 0
Port [ Return ] is wired: 1; IO mode=ap_ctrl_hs:ce=0
Port [ in_buf]:  wired=1; compound=1; hidden=0; nouse=0; global=0; static=0; extern=0; dir=0; type=1; pingpong=0; private_global=0; MemPort=[11]; IO mode=ap_memory:ce=0
Port [ compute_controller_bool_bool_unsigned_int_bool_bool_bool_bool_bool_u_149]:  wired=1; compound=1; hidden=0; nouse=0; global=1; static=1; extern=0; dir=1; type=1; pingpong=0; private_global=0; MemPort=[03]; IO mode=ap_memory:ce=0
Port [ compute_controller_bool_bool_unsigned_int_bool_bool_bool_bool_bool_u_150]:  wired=1; compound=1; hidden=0; nouse=0; global=1; static=1; extern=0; dir=1; type=1; pingpong=0; private_global=0; MemPort=[03]; IO mode=ap_memory:ce=0
Port [ compute_controller_bool_bool_unsigned_int_bool_bool_bool_bool_bool_u_151]:  wired=1; compound=1; hidden=0; nouse=0; global=1; static=1; extern=0; dir=1; type=1; pingpong=0; private_global=0; MemPort=[03]; IO mode=ap_memory:ce=0
Port [ compute_controller_bool_bool_unsigned_int_bool_bool_bool_bool_bool_u_152]:  wired=1; compound=1; hidden=0; nouse=0; global=1; static=1; extern=0; dir=1; type=1; pingpong=0; private_global=0; MemPort=[03]; IO mode=ap_memory:ce=0
Port [ compute_controller_bool_bool_unsigned_int_bool_bool_bool_bool_bool_u_153]:  wired=1; compound=1; hidden=0; nouse=0; global=1; static=1; extern=0; dir=1; type=1; pingpong=0; private_global=0; MemPort=[03]; IO mode=ap_memory:ce=0
---------------- STG Properties END ------------------

---------------- Datapath Model BEGIN ----------------

<LifeTime>
<method=bitvector/>
i                       (alloca           ) [ 01000]
specinterface_ln0       (specinterface    ) [ 00000]
store_ln646             (store            ) [ 00000]
br_ln0                  (br               ) [ 00000]
i_4                     (load             ) [ 01111]
icmp_ln646              (icmp             ) [ 01110]
add_ln646               (add              ) [ 00000]
br_ln646                (br               ) [ 00000]
store_ln646             (store            ) [ 00000]
br_ln646                (br               ) [ 00000]
or_ln5                  (bitconcatenate   ) [ 00000]
sext_ln648              (sext             ) [ 00000]
zext_ln648              (zext             ) [ 00000]
switch_ln648            (switch           ) [ 00000]
specpipeline_ln647      (specpipeline     ) [ 00000]
speclooptripcount_ln646 (speclooptripcount) [ 00000]
specloopname_ln646      (specloopname     ) [ 00000]
tmp_42                  (call             ) [ 00000]
store_ln648             (store            ) [ 00000]
br_ln648                (br               ) [ 00000]
store_ln648             (store            ) [ 00000]
br_ln648                (br               ) [ 00000]
store_ln648             (store            ) [ 00000]
br_ln648                (br               ) [ 00000]
store_ln648             (store            ) [ 00000]
br_ln648                (br               ) [ 00000]
store_ln648             (store            ) [ 00000]
br_ln648                (br               ) [ 00000]
ret_ln0                 (ret              ) [ 00000]
</LifeTime>

<model>

<comp_list>
<comp id="0" class="1000" name="in_buf">
<pin_list>
<pin id="1" dir="1" index="0" bw="1" slack="0"/>
</pin_list>
<bind>
<StgValue><ssdm name="in_buf"/><MemPortTyVec>1 1 </MemPortTyVec>
</StgValue>
</bind>
</comp>

<comp id="2" class="1000" name="compute_controller_bool_bool_unsigned_int_bool_bool_bool_bool_bool_u_149">
<pin_list>
<pin id="3" dir="1" index="0" bw="1" slack="2147483647"/>
</pin_list>
<bind>
<StgValue><ssdm name="compute_controller_bool_bool_unsigned_int_bool_bool_bool_bool_bool_u_149"/><MemPortTyVec>0 3 </MemPortTyVec>
</StgValue>
</bind>
</comp>

<comp id="4" class="1000" name="compute_controller_bool_bool_unsigned_int_bool_bool_bool_bool_bool_u_150">
<pin_list>
<pin id="5" dir="1" index="0" bw="1" slack="2147483647"/>
</pin_list>
<bind>
<StgValue><ssdm name="compute_controller_bool_bool_unsigned_int_bool_bool_bool_bool_bool_u_150"/><MemPortTyVec>0 3 </MemPortTyVec>
</StgValue>
</bind>
</comp>

<comp id="6" class="1000" name="compute_controller_bool_bool_unsigned_int_bool_bool_bool_bool_bool_u_151">
<pin_list>
<pin id="7" dir="1" index="0" bw="1" slack="2147483647"/>
</pin_list>
<bind>
<StgValue><ssdm name="compute_controller_bool_bool_unsigned_int_bool_bool_bool_bool_bool_u_151"/><MemPortTyVec>0 3 </MemPortTyVec>
</StgValue>
</bind>
</comp>

<comp id="8" class="1000" name="compute_controller_bool_bool_unsigned_int_bool_bool_bool_bool_bool_u_152">
<pin_list>
<pin id="9" dir="1" index="0" bw="1" slack="2147483647"/>
</pin_list>
<bind>
<StgValue><ssdm name="compute_controller_bool_bool_unsigned_int_bool_bool_bool_bool_bool_u_152"/><MemPortTyVec>0 3 </MemPortTyVec>
</StgValue>
</bind>
</comp>

<comp id="10" class="1000" name="compute_controller_bool_bool_unsigned_int_bool_bool_bool_bool_bool_u_153">
<pin_list>
<pin id="11" dir="1" index="0" bw="1" slack="2147483647"/>
</pin_list>
<bind>
<StgValue><ssdm name="compute_controller_bool_bool_unsigned_int_bool_bool_bool_bool_bool_u_153"/><MemPortTyVec>0 3 </MemPortTyVec>
</StgValue>
</bind>
</comp>

<comp id="12" class="1001" name="const_12">
<pin_list>
<pin id="13" dir="1" index="0" bw="1" slack="0"/>
</pin_list>
<bind>
<StgValue><ssdm name=""/></StgValue>
</bind>
</comp>

<comp id="14" class="1001" name="const_14">
<pin_list>
<pin id="15" dir="1" index="0" bw="1" slack="2147483647"/>
</pin_list>
<bind>
<StgValue><ssdm name="_ssdm_op_SpecInterface"/></StgValue>
</bind>
</comp>

<comp id="16" class="1001" name="const_16">
<pin_list>
<pin id="17" dir="1" index="0" bw="1" slack="2147483647"/>
</pin_list>
<bind>
<StgValue><ssdm name="empty_22"/></StgValue>
</bind>
</comp>

<comp id="18" class="1001" name="const_18">
<pin_list>
<pin id="19" dir="1" index="0" bw="1" slack="2147483647"/>
</pin_list>
<bind>
<StgValue><ssdm name=""/></StgValue>
</bind>
</comp>

<comp id="20" class="1001" name="const_20">
<pin_list>
<pin id="21" dir="1" index="0" bw="1" slack="2147483647"/>
</pin_list>
<bind>
<StgValue><ssdm name="empty_15"/></StgValue>
</bind>
</comp>

<comp id="22" class="1001" name="const_22">
<pin_list>
<pin id="23" dir="1" index="0" bw="1" slack="2147483647"/>
</pin_list>
<bind>
<StgValue><ssdm name=""/></StgValue>
</bind>
</comp>

<comp id="24" class="1001" name="const_24">
<pin_list>
<pin id="25" dir="1" index="0" bw="1" slack="0"/>
</pin_list>
<bind>
<StgValue><ssdm name=""/></StgValue>
</bind>
</comp>

<comp id="26" class="1001" name="const_26">
<pin_list>
<pin id="27" dir="1" index="0" bw="1" slack="0"/>
</pin_list>
<bind>
<StgValue><ssdm name=""/></StgValue>
</bind>
</comp>

<comp id="28" class="1001" name="const_28">
<pin_list>
<pin id="29" dir="1" index="0" bw="1" slack="0"/>
</pin_list>
<bind>
<StgValue><ssdm name=""/></StgValue>
</bind>
</comp>

<comp id="30" class="1001" name="const_30">
<pin_list>
<pin id="31" dir="1" index="0" bw="1" slack="0"/>
</pin_list>
<bind>
<StgValue><ssdm name="_ssdm_op_BitConcatenate.i6.i1.i3.i2"/></StgValue>
</bind>
</comp>

<comp id="32" class="1001" name="const_32">
<pin_list>
<pin id="33" dir="1" index="0" bw="1" slack="0"/>
</pin_list>
<bind>
<StgValue><ssdm name=""/></StgValue>
</bind>
</comp>

<comp id="34" class="1001" name="const_34">
<pin_list>
<pin id="35" dir="1" index="0" bw="1" slack="0"/>
</pin_list>
<bind>
<StgValue><ssdm name=""/></StgValue>
</bind>
</comp>

<comp id="36" class="1001" name="const_36">
<pin_list>
<pin id="37" dir="1" index="0" bw="1" slack="0"/>
</pin_list>
<bind>
<StgValue><ssdm name="read_i32"/></StgValue>
</bind>
</comp>

<comp id="38" class="1001" name="const_38">
<pin_list>
<pin id="39" dir="1" index="0" bw="1" slack="0"/>
</pin_list>
<bind>
<StgValue><ssdm name=""/></StgValue>
</bind>
</comp>

<comp id="40" class="1001" name="const_40">
<pin_list>
<pin id="41" dir="1" index="0" bw="1" slack="0"/>
</pin_list>
<bind>
<StgValue><ssdm name=""/></StgValue>
</bind>
</comp>

<comp id="42" class="1001" name="const_42">
<pin_list>
<pin id="43" dir="1" index="0" bw="1" slack="2147483647"/>
</pin_list>
<bind>
<StgValue><ssdm name="_ssdm_op_SpecPipeline"/></StgValue>
</bind>
</comp>

<comp id="44" class="1001" name="const_44">
<pin_list>
<pin id="45" dir="1" index="0" bw="1" slack="2147483647"/>
</pin_list>
<bind>
<StgValue><ssdm name="_ssdm_op_SpecLoopTripCount"/></StgValue>
</bind>
</comp>

<comp id="46" class="1001" name="const_46">
<pin_list>
<pin id="47" dir="1" index="0" bw="1" slack="2147483647"/>
</pin_list>
<bind>
<StgValue><ssdm name=""/></StgValue>
</bind>
</comp>

<comp id="48" class="1001" name="const_48">
<pin_list>
<pin id="49" dir="1" index="0" bw="1" slack="2147483647"/>
</pin_list>
<bind>
<StgValue><ssdm name="_ssdm_op_SpecLoopName"/></StgValue>
</bind>
</comp>

<comp id="50" class="1001" name="const_50">
<pin_list>
<pin id="51" dir="1" index="0" bw="1" slack="2147483647"/>
</pin_list>
<bind>
<StgValue><ssdm name="empty_1"/></StgValue>
</bind>
</comp>

<comp id="52" class="1001" name="const_52">
<pin_list>
<pin id="53" dir="1" index="0" bw="1" slack="0"/>
</pin_list>
<bind>
<StgValue><ssdm name=""/></StgValue>
</bind>
</comp>

<comp id="54" class="1001" name="const_54">
<pin_list>
<pin id="55" dir="1" index="0" bw="1" slack="0"/>
</pin_list>
<bind>
<StgValue><ssdm name=""/></StgValue>
</bind>
</comp>

<comp id="56" class="1001" name="const_56">
<pin_list>
<pin id="57" dir="1" index="0" bw="1" slack="0"/>
</pin_list>
<bind>
<StgValue><ssdm name=""/></StgValue>
</bind>
</comp>

<comp id="58" class="1001" name="const_58">
<pin_list>
<pin id="59" dir="1" index="0" bw="1" slack="0"/>
</pin_list>
<bind>
<StgValue><ssdm name=""/></StgValue>
</bind>
</comp>

<comp id="60" class="1001" name="const_60">
<pin_list>
<pin id="61" dir="1" index="0" bw="1" slack="0"/>
</pin_list>
<bind>
<StgValue><ssdm name=""/></StgValue>
</bind>
</comp>

<comp id="62" class="1004" name="i_fu_62">
<pin_list>
<pin id="63" dir="0" index="0" bw="1" slack="0"/>
<pin id="64" dir="1" index="1" bw="3" slack="0"/>
</pin_list>
<bind>
<opcode="alloca(26) " fcode="alloca"/>
<opset="i/1 "/>
</bind>
</comp>

<comp id="66" class="1004" name="store_ln648_access_fu_66">
<pin_list>
<pin id="67" dir="0" index="0" bw="32" slack="0"/>
<pin id="68" dir="0" index="1" bw="32" slack="0"/>
<pin id="69" dir="0" index="2" bw="0" slack="2147483647"/>
<pin id="70" dir="1" index="3" bw="32" slack="2147483647"/>
</pin_list>
<bind>
<opcode="store(28) " fcode="store"/>
<opset="store_ln648/4 "/>
</bind>
</comp>

<comp id="72" class="1004" name="store_ln648_access_fu_72">
<pin_list>
<pin id="73" dir="0" index="0" bw="32" slack="0"/>
<pin id="74" dir="0" index="1" bw="32" slack="0"/>
<pin id="75" dir="0" index="2" bw="0" slack="2147483647"/>
<pin id="76" dir="1" index="3" bw="32" slack="2147483647"/>
</pin_list>
<bind>
<opcode="store(28) " fcode="store"/>
<opset="store_ln648/4 "/>
</bind>
</comp>

<comp id="78" class="1004" name="store_ln648_access_fu_78">
<pin_list>
<pin id="79" dir="0" index="0" bw="32" slack="0"/>
<pin id="80" dir="0" index="1" bw="32" slack="0"/>
<pin id="81" dir="0" index="2" bw="0" slack="2147483647"/>
<pin id="82" dir="1" index="3" bw="32" slack="2147483647"/>
</pin_list>
<bind>
<opcode="store(28) " fcode="store"/>
<opset="store_ln648/4 "/>
</bind>
</comp>

<comp id="84" class="1004" name="store_ln648_access_fu_84">
<pin_list>
<pin id="85" dir="0" index="0" bw="32" slack="0"/>
<pin id="86" dir="0" index="1" bw="32" slack="0"/>
<pin id="87" dir="0" index="2" bw="0" slack="2147483647"/>
<pin id="88" dir="1" index="3" bw="32" slack="2147483647"/>
</pin_list>
<bind>
<opcode="store(28) " fcode="store"/>
<opset="store_ln648/4 "/>
</bind>
</comp>

<comp id="90" class="1004" name="store_ln648_access_fu_90">
<pin_list>
<pin id="91" dir="0" index="0" bw="32" slack="0"/>
<pin id="92" dir="0" index="1" bw="32" slack="0"/>
<pin id="93" dir="0" index="2" bw="0" slack="2147483647"/>
<pin id="94" dir="1" index="3" bw="32" slack="2147483647"/>
</pin_list>
<bind>
<opcode="store(28) " fcode="store"/>
<opset="store_ln648/4 "/>
</bind>
</comp>

<comp id="96" class="1004" name="grp_read_i32_fu_96">
<pin_list>
<pin id="97" dir="0" index="0" bw="32" slack="0"/>
<pin id="98" dir="0" index="1" bw="8" slack="0"/>
<pin id="99" dir="0" index="2" bw="7" slack="0"/>
<pin id="100" dir="1" index="3" bw="32" slack="0"/>
</pin_list>
<bind>
<opcode="call(48) " fcode="call"/>
<opset="tmp_42/2 "/>
</bind>
</comp>

<comp id="108" class="1004" name="store_ln646_store_fu_108">
<pin_list>
<pin id="109" dir="0" index="0" bw="1" slack="0"/>
<pin id="110" dir="0" index="1" bw="3" slack="0"/>
<pin id="111" dir="1" index="2" bw="0" slack="2147483647"/>
</pin_list>
<bind>
<opcode="store(28) " fcode="store"/>
<opset="store_ln646/1 "/>
</bind>
</comp>

<comp id="113" class="1004" name="i_4_load_fu_113">
<pin_list>
<pin id="114" dir="0" index="0" bw="3" slack="0"/>
<pin id="115" dir="1" index="1" bw="3" slack="0"/>
</pin_list>
<bind>
<opcode="load(27) " fcode="load"/>
<opset="i_4/1 "/>
</bind>
</comp>

<comp id="116" class="1004" name="icmp_ln646_fu_116">
<pin_list>
<pin id="117" dir="0" index="0" bw="3" slack="0"/>
<pin id="118" dir="0" index="1" bw="3" slack="0"/>
<pin id="119" dir="1" index="2" bw="1" slack="1"/>
</pin_list>
<bind>
<opcode="icmp(45) " fcode="icmp"/>
<opset="icmp_ln646/1 "/>
</bind>
</comp>

<comp id="122" class="1004" name="add_ln646_fu_122">
<pin_list>
<pin id="123" dir="0" index="0" bw="3" slack="0"/>
<pin id="124" dir="0" index="1" bw="1" slack="0"/>
<pin id="125" dir="1" index="2" bw="3" slack="0"/>
</pin_list>
<bind>
<opcode="add(8) " fcode="add"/>
<opset="add_ln646/1 "/>
</bind>
</comp>

<comp id="128" class="1004" name="store_ln646_store_fu_128">
<pin_list>
<pin id="129" dir="0" index="0" bw="3" slack="0"/>
<pin id="130" dir="0" index="1" bw="3" slack="0"/>
<pin id="131" dir="1" index="2" bw="0" slack="2147483647"/>
</pin_list>
<bind>
<opcode="store(28) " fcode="store"/>
<opset="store_ln646/1 "/>
</bind>
</comp>

<comp id="133" class="1004" name="or_ln5_fu_133">
<pin_list>
<pin id="134" dir="0" index="0" bw="6" slack="0"/>
<pin id="135" dir="0" index="1" bw="1" slack="0"/>
<pin id="136" dir="0" index="2" bw="3" slack="1"/>
<pin id="137" dir="0" index="3" bw="1" slack="0"/>
<pin id="138" dir="1" index="4" bw="6" slack="0"/>
</pin_list>
<bind>
<opcode="bitconcatenate(1004) " fcode="bitconcatenate"/>
<opset="or_ln5/2 "/>
</bind>
</comp>

<comp id="142" class="1004" name="sext_ln648_fu_142">
<pin_list>
<pin id="143" dir="0" index="0" bw="6" slack="0"/>
<pin id="144" dir="1" index="1" bw="7" slack="0"/>
</pin_list>
<bind>
<opcode="sext(35) " fcode="sext"/>
<opset="sext_ln648/2 "/>
</bind>
</comp>

<comp id="146" class="1004" name="zext_ln648_fu_146">
<pin_list>
<pin id="147" dir="0" index="0" bw="6" slack="0"/>
<pin id="148" dir="1" index="1" bw="13" slack="0"/>
</pin_list>
<bind>
<opcode="zext(34) " fcode="zext"/>
<opset="zext_ln648/2 "/>
</bind>
</comp>

<comp id="151" class="1004" name="switch_ln648_fu_151">
<pin_list>
<pin id="152" dir="0" index="0" bw="3" slack="1"/>
<pin id="153" dir="0" index="1" bw="1" slack="0"/>
<pin id="154" dir="0" index="2" bw="1" slack="0"/>
<pin id="155" dir="0" index="3" bw="3" slack="0"/>
<pin id="156" dir="0" index="4" bw="3" slack="0"/>
<pin id="157" dir="1" index="5" bw="0" slack="2147483647"/>
</pin_list>
<bind>
<opcode="switch(3) " fcode="switch"/>
<opset="switch_ln648/2 "/>
</bind>
</comp>

<comp id="162" class="1005" name="i_reg_162">
<pin_list>
<pin id="163" dir="0" index="0" bw="3" slack="0"/>
<pin id="164" dir="1" index="1" bw="3" slack="0"/>
</pin_list>
<bind>
<opset="i "/>
</bind>
</comp>

<comp id="169" class="1005" name="i_4_reg_169">
<pin_list>
<pin id="170" dir="0" index="0" bw="3" slack="1"/>
<pin id="171" dir="1" index="1" bw="3" slack="1"/>
</pin_list>
<bind>
<opset="i_4 "/>
</bind>
</comp>

<comp id="175" class="1005" name="icmp_ln646_reg_175">
<pin_list>
<pin id="176" dir="0" index="0" bw="1" slack="1"/>
<pin id="177" dir="1" index="1" bw="1" slack="2147483647"/>
</pin_list>
<bind>
<opset="icmp_ln646 "/>
</bind>
</comp>

</comp_list>

<net_list>
<net id="65"><net_src comp="12" pin="0"/><net_sink comp="62" pin=0"/></net>

<net id="71"><net_src comp="52" pin="0"/><net_sink comp="66" pin=0"/></net>

<net id="77"><net_src comp="54" pin="0"/><net_sink comp="72" pin=0"/></net>

<net id="83"><net_src comp="56" pin="0"/><net_sink comp="78" pin=0"/></net>

<net id="89"><net_src comp="58" pin="0"/><net_sink comp="84" pin=0"/></net>

<net id="95"><net_src comp="60" pin="0"/><net_sink comp="90" pin=0"/></net>

<net id="101"><net_src comp="96" pin="3"/><net_sink comp="66" pin=1"/></net>

<net id="102"><net_src comp="96" pin="3"/><net_sink comp="72" pin=1"/></net>

<net id="103"><net_src comp="96" pin="3"/><net_sink comp="78" pin=1"/></net>

<net id="104"><net_src comp="96" pin="3"/><net_sink comp="84" pin=1"/></net>

<net id="105"><net_src comp="96" pin="3"/><net_sink comp="90" pin=1"/></net>

<net id="106"><net_src comp="36" pin="0"/><net_sink comp="96" pin=0"/></net>

<net id="107"><net_src comp="0" pin="0"/><net_sink comp="96" pin=1"/></net>

<net id="112"><net_src comp="24" pin="0"/><net_sink comp="108" pin=0"/></net>

<net id="120"><net_src comp="113" pin="1"/><net_sink comp="116" pin=0"/></net>

<net id="121"><net_src comp="26" pin="0"/><net_sink comp="116" pin=1"/></net>

<net id="126"><net_src comp="113" pin="1"/><net_sink comp="122" pin=0"/></net>

<net id="127"><net_src comp="28" pin="0"/><net_sink comp="122" pin=1"/></net>

<net id="132"><net_src comp="122" pin="2"/><net_sink comp="128" pin=0"/></net>

<net id="139"><net_src comp="30" pin="0"/><net_sink comp="133" pin=0"/></net>

<net id="140"><net_src comp="32" pin="0"/><net_sink comp="133" pin=1"/></net>

<net id="141"><net_src comp="34" pin="0"/><net_sink comp="133" pin=3"/></net>

<net id="145"><net_src comp="133" pin="4"/><net_sink comp="142" pin=0"/></net>

<net id="149"><net_src comp="142" pin="1"/><net_sink comp="146" pin=0"/></net>

<net id="150"><net_src comp="146" pin="1"/><net_sink comp="96" pin=2"/></net>

<net id="158"><net_src comp="24" pin="0"/><net_sink comp="151" pin=1"/></net>

<net id="159"><net_src comp="28" pin="0"/><net_sink comp="151" pin=2"/></net>

<net id="160"><net_src comp="38" pin="0"/><net_sink comp="151" pin=3"/></net>

<net id="161"><net_src comp="40" pin="0"/><net_sink comp="151" pin=4"/></net>

<net id="165"><net_src comp="62" pin="1"/><net_sink comp="162" pin=0"/></net>

<net id="166"><net_src comp="162" pin="1"/><net_sink comp="108" pin=1"/></net>

<net id="167"><net_src comp="162" pin="1"/><net_sink comp="113" pin=0"/></net>

<net id="168"><net_src comp="162" pin="1"/><net_sink comp="128" pin=1"/></net>

<net id="172"><net_src comp="113" pin="1"/><net_sink comp="169" pin=0"/></net>

<net id="173"><net_src comp="169" pin="1"/><net_sink comp="133" pin=2"/></net>

<net id="174"><net_src comp="169" pin="1"/><net_sink comp="151" pin=0"/></net>

<net id="178"><net_src comp="116" pin="2"/><net_sink comp="175" pin=0"/></net>

</net_list>

</model> 
---------------- Datapath Model END ------------------

* FSMD analyzer results:
  - Output states:
	Port: compute_controller_bool_bool_unsigned_int_bool_bool_bool_bool_bool_u_149 | {4 }
	Port: compute_controller_bool_bool_unsigned_int_bool_bool_bool_bool_bool_u_150 | {4 }
	Port: compute_controller_bool_bool_unsigned_int_bool_bool_bool_bool_bool_u_151 | {4 }
	Port: compute_controller_bool_bool_unsigned_int_bool_bool_bool_bool_bool_u_152 | {4 }
	Port: compute_controller_bool_bool_unsigned_int_bool_bool_bool_bool_bool_u_153 | {4 }
 - Input state : 
	Port: compute_controller_Pipeline_VITIS_LOOP_646_39 : in_buf | {2 3 4 }
  - Chain level:
	State 1
		store_ln646 : 1
		i_4 : 1
		icmp_ln646 : 2
		add_ln646 : 2
		br_ln646 : 3
		store_ln646 : 3
	State 2
		sext_ln648 : 1
		zext_ln648 : 2
		tmp_42 : 3
	State 3
	State 4
		store_ln648 : 1
		store_ln648 : 1
		store_ln648 : 1
		store_ln648 : 1
		store_ln648 : 1


============================================================
+ Verbose Summary: Datapath Resource usage 
============================================================

* Functional unit list:
|----------|---------------------|---------|---------|---------|
| Operation|   Functional Unit   |  Delay  |    FF   |   LUT   |
|----------|---------------------|---------|---------|---------|
|   call   |  grp_read_i32_fu_96 |   1.05  |    81   |   100   |
|----------|---------------------|---------|---------|---------|
|   icmp   |  icmp_ln646_fu_116  |    0    |    0    |    10   |
|----------|---------------------|---------|---------|---------|
|    add   |   add_ln646_fu_122  |    0    |    0    |    10   |
|----------|---------------------|---------|---------|---------|
|bitconcatenate|    or_ln5_fu_133    |    0    |    0    |    0    |
|----------|---------------------|---------|---------|---------|
|   sext   |  sext_ln648_fu_142  |    0    |    0    |    0    |
|----------|---------------------|---------|---------|---------|
|   zext   |  zext_ln648_fu_146  |    0    |    0    |    0    |
|----------|---------------------|---------|---------|---------|
|  switch  | switch_ln648_fu_151 |    0    |    0    |    0    |
|----------|---------------------|---------|---------|---------|
|   Total  |                     |   1.05  |    81   |   120   |
|----------|---------------------|---------|---------|---------|

Memories:
N/A

* Register list:
+------------------+--------+
|                  |   FF   |
+------------------+--------+
|    i_4_reg_169   |    3   |
|     i_reg_162    |    3   |
|icmp_ln646_reg_175|    1   |
+------------------+--------+
|       Total      |    7   |
+------------------+--------+

* Multiplexer (MUX) list: 
|--------|------|------|------|--------|
|  Comp  |  Pin | Size |  BW  | S x BW |
|--------|------|------|------|--------|
|  Total |      |      |      |    0   |
|--------|------|------|------|--------|



* Summary:
+-----------+--------+--------+--------+
|           |  Delay |   FF   |   LUT  |
+-----------+--------+--------+--------+
|  Function |    1   |   81   |   120  |
|   Memory  |    -   |    -   |    -   |
|Multiplexer|    -   |    -   |    -   |
|  Register |    -   |    7   |    -   |
+-----------+--------+--------+--------+
|   Total   |    1   |   88   |   120  |
+-----------+--------+--------+--------+
