

================================================================
== Vitis HLS Report for 'compute_controller_Pipeline_VITIS_LOOP_601_31'
================================================================
* Date:           Wed Jan 28 19:35:30 2026

* Version:        2025.1 (Build 6135595 on May 21 2025)
* Project:        compute_controller
* Solution:       hls (Vivado IP Flow Target)
* Product family: zynquplus
* Target device:  xck26-sfvc784-2LV-c


================================================================
== Performance Estimates
================================================================
+ Timing: 
    * Summary: 
    +--------+----------+----------+------------+
    |  Clock |  Target  | Estimated| Uncertainty|
    +--------+----------+----------+------------+
    |ap_clk  |  10.00 ns|  1.664 ns|     2.70 ns|
    +--------+----------+----------+------------+

+ Latency: 
    * Summary: 
    +---------+---------+-----------+-----------+-----+-----+------------------------------------------------+
    |  Latency (cycles) |   Latency (absolute)  |  Interval |                    Pipeline                    |
    |   min   |   max   |    min    |    max    | min | max |                      Type                      |
    +---------+---------+-----------+-----------+-----+-----+------------------------------------------------+
    |        6|        6|  60.000 ns|  60.000 ns|    5|    5|  loop auto-rewind stp (delay=0 clock cycles(s))|
    +---------+---------+-----------+-----------+-----+-----+------------------------------------------------+

    + Detail: 
        * Instance: 
        N/A

        * Loop: 
        +---------------------+---------+---------+----------+-----------+-----------+------+----------+
        |                     |  Latency (cycles) | Iteration|  Initiation Interval  | Trip |          |
        |      Loop Name      |   min   |   max   |  Latency |  achieved |   target  | Count| Pipelined|
        +---------------------+---------+---------+----------+-----------+-----------+------+----------+
        |- VITIS_LOOP_601_31  |        4|        4|         2|          1|          1|     4|       yes|
        +---------------------+---------+---------+----------+-----------+-----------+------+----------+



================================================================
== Utilization Estimates
================================================================
* Summary: 
+-----------------+---------+------+--------+--------+-----+
|       Name      | BRAM_18K|  DSP |   FF   |   LUT  | URAM|
+-----------------+---------+------+--------+--------+-----+
|DSP              |        -|     -|       -|       -|    -|
|Expression       |        -|     -|       0|      24|    -|
|FIFO             |        -|     -|       -|       -|    -|
|Instance         |        -|     -|       -|       -|    -|
|Memory           |        -|     -|       -|       -|    -|
|Multiplexer      |        -|     -|       0|      72|    -|
|Register         |        -|     -|      72|       -|    -|
+-----------------+---------+------+--------+--------+-----+
|Total            |        0|     0|      72|      96|    0|
+-----------------+---------+------+--------+--------+-----+
|Available        |      288|  1248|  234240|  117120|   64|
+-----------------+---------+------+--------+--------+-----+
|Utilization (%)  |        0|     0|      ~0|      ~0|    0|
+-----------------+---------+------+--------+--------+-----+

+ Detail: 
    * Instance: 
    N/A

    * DSP: 
    N/A

    * Memory: 
    N/A

    * FIFO: 
    N/A

    * Expression: 
    +----------------------+----------+----+---+----+------------+------------+
    |     Variable Name    | Operation| DSP| FF| LUT| Bitwidth P0| Bitwidth P1|
    +----------------------+----------+----+---+----+------------+------------+
    |add_ln601_fu_205_p2   |         +|   0|  0|  10|           3|           1|
    |icmp_ln601_fu_199_p2  |      icmp|   0|  0|  12|           3|           4|
    |ap_enable_pp0         |       xor|   0|  0|   2|           1|           2|
    +----------------------+----------+----+---+----+------------+------------+
    |Total                 |          |   0|  0|  24|           7|           7|
    +----------------------+----------+----+---+----+------------+------------+

    * Multiplexer: 
    +--------------------------------------------------------------------------------+----+-----------+-----+-----------+
    |                                      Name                                      | LUT| Input Size| Bits| Total Bits|
    +--------------------------------------------------------------------------------+----+-----------+-----+-----------+
    |ap_done_int                                                                     |   9|          2|    1|          2|
    |ap_enable_reg_pp0_iter1                                                         |   9|          2|    1|          2|
    |ap_sig_allocacmp_i_6                                                            |   9|          2|    3|          6|
    |compute_controller_bool_bool_unsigned_int_bool_bool_bool_bool_bool_u_183_fu_90  |   9|          2|   16|         32|
    |compute_controller_bool_bool_unsigned_int_bool_bool_bool_bool_bool_u_184_fu_86  |   9|          2|   16|         32|
    |compute_controller_bool_bool_unsigned_int_bool_bool_bool_bool_bool_u_185_fu_82  |   9|          2|   16|         32|
    |compute_controller_bool_bool_unsigned_int_bool_bool_bool_bool_bool_u_186_fu_78  |   9|          2|   16|         32|
    |i_fu_74                                                                         |   9|          2|    3|          6|
    +--------------------------------------------------------------------------------+----+-----------+-----+-----------+
    |Total                                                                           |  72|         16|   72|        144|
    +--------------------------------------------------------------------------------+----+-----------+-----+-----------+

    * Register: 
    +--------------------------------------------------------------------------------+----+----+-----+-----------+
    |                                      Name                                      | FF | LUT| Bits| Const Bits|
    +--------------------------------------------------------------------------------+----+----+-----+-----------+
    |ap_CS_fsm                                                                       |   1|   0|    1|          0|
    |ap_done_reg                                                                     |   1|   0|    1|          0|
    |ap_enable_reg_pp0_iter1                                                         |   1|   0|    1|          0|
    |compute_controller_bool_bool_unsigned_int_bool_bool_bool_bool_bool_u_183_fu_90  |  16|   0|   16|          0|
    |compute_controller_bool_bool_unsigned_int_bool_bool_bool_bool_bool_u_184_fu_86  |  16|   0|   16|          0|
    |compute_controller_bool_bool_unsigned_int_bool_bool_bool_bool_bool_u_185_fu_82  |  16|   0|   16|          0|
    |compute_controller_bool_bool_unsigned_int_bool_bool_bool_bool_bool_u_186_fu_78  |  16|   0|   16|          0|
    |i_fu_74                                                                         |   3|   0|    3|          0|
    |trunc_ln601_reg_378                                                             |   2|   0|    2|          0|
    +--------------------------------------------------------------------------------+----+----+-----+-----------+
    |Total                                                                           |  72|   0|   72|          0|
    +--------------------------------------------------------------------------------+----+----+-----+-----------+



================================================================
== Interface
================================================================
* Summary: 
+-------------------------------------------------------------------------------------+-----+-----+------------+------------------------------------------------------------------------------+--------------+
|                                      RTL Ports                                      | Dir | Bits|  Protocol  |                                 Source Object                                |    C Type    |
+-------------------------------------------------------------------------------------+-----+-----+------------+------------------------------------------------------------------------------+--------------+
|ap_clk                                                                               |   in|    1|  ap_ctrl_hs|                                 compute_controller_Pipeline_VITIS_LOOP_601_31|  return value|
|ap_rst                                                                               |   in|    1|  ap_ctrl_hs|                                 compute_controller_Pipeline_VITIS_LOOP_601_31|  return value|
|ap_start                                                                             |   in|    1|  ap_ctrl_hs|                                 compute_controller_Pipeline_VITIS_LOOP_601_31|  return value|
|ap_done                                                                              |  out|    1|  ap_ctrl_hs|                                 compute_controller_Pipeline_VITIS_LOOP_601_31|  return value|
|ap_idle                                                                              |  out|    1|  ap_ctrl_hs|                                 compute_controller_Pipeline_VITIS_LOOP_601_31|  return value|
|ap_ready                                                                             |  out|    1|  ap_ctrl_hs|                                 compute_controller_Pipeline_VITIS_LOOP_601_31|  return value|
|compute_controller_bool_bool_unsigned_int_bool_bool_bool_bool_bool_u_125             |   in|   16|     ap_none|      compute_controller_bool_bool_unsigned_int_bool_bool_bool_bool_bool_u_125|        scalar|
|compute_controller_bool_bool_unsigned_int_bool_bool_bool_bool_bool_u_126             |   in|   16|     ap_none|      compute_controller_bool_bool_unsigned_int_bool_bool_bool_bool_bool_u_126|        scalar|
|compute_controller_bool_bool_unsigned_int_bool_bool_bool_bool_bool_u_127             |   in|   16|     ap_none|      compute_controller_bool_bool_unsigned_int_bool_bool_bool_bool_bool_u_127|        scalar|
|compute_controller_bool_bool_unsigned_int_bool_bool_bool_bool_bool_u_128             |   in|   16|     ap_none|      compute_controller_bool_bool_unsigned_int_bool_bool_bool_bool_bool_u_128|        scalar|
|in_buf_address0                                                                      |  out|    8|   ap_memory|                                                                        in_buf|         array|
|in_buf_ce0                                                                           |  out|    1|   ap_memory|                                                                        in_buf|         array|
|in_buf_q0                                                                            |   in|    8|   ap_memory|                                                                        in_buf|         array|
|in_buf_address1                                                                      |  out|    8|   ap_memory|                                                                        in_buf|         array|
|in_buf_ce1                                                                           |  out|    1|   ap_memory|                                                                        in_buf|         array|
|in_buf_q1                                                                            |   in|    8|   ap_memory|                                                                        in_buf|         array|
|compute_controller_bool_bool_unsigned_int_bool_bool_bool_bool_bool_u_183_out         |  out|   16|      ap_vld|  compute_controller_bool_bool_unsigned_int_bool_bool_bool_bool_bool_u_183_out|       pointer|
|compute_controller_bool_bool_unsigned_int_bool_bool_bool_bool_bool_u_183_out_ap_vld  |  out|    1|      ap_vld|  compute_controller_bool_bool_unsigned_int_bool_bool_bool_bool_bool_u_183_out|       pointer|
|compute_controller_bool_bool_unsigned_int_bool_bool_bool_bool_bool_u_184_out         |  out|   16|      ap_vld|  compute_controller_bool_bool_unsigned_int_bool_bool_bool_bool_bool_u_184_out|       pointer|
|compute_controller_bool_bool_unsigned_int_bool_bool_bool_bool_bool_u_184_out_ap_vld  |  out|    1|      ap_vld|  compute_controller_bool_bool_unsigned_int_bool_bool_bool_bool_bool_u_184_out|       pointer|
|compute_controller_bool_bool_unsigned_int_bool_bool_bool_bool_bool_u_185_out         |  out|   16|      ap_vld|  compute_controller_bool_bool_unsigned_int_bool_bool_bool_bool_bool_u_185_out|       pointer|
|compute_controller_bool_bool_unsigned_int_bool_bool_bool_bool_bool_u_185_out_ap_vld  |  out|    1|      ap_vld|  compute_controller_bool_bool_unsigned_int_bool_bool_bool_bool_bool_u_185_out|       pointer|
|compute_controller_bool_bool_unsigned_int_bool_bool_bool_bool_bool_u_186_out         |  out|   16|      ap_vld|  compute_controller_bool_bool_unsigned_int_bool_bool_bool_bool_bool_u_186_out|       pointer|
|compute_controller_bool_bool_unsigned_int_bool_bool_bool_bool_bool_u_186_out_ap_vld  |  out|    1|      ap_vld|  compute_controller_bool_bool_unsigned_int_bool_bool_bool_bool_bool_u_186_out|       pointer|
|compute_controller_bool_bool_unsigned_int_bool_bool_bool_bool_bool_u_64              |  out|   16|      ap_vld|       compute_controller_bool_bool_unsigned_int_bool_bool_bool_bool_bool_u_64|       pointer|
|compute_controller_bool_bool_unsigned_int_bool_bool_bool_bool_bool_u_64_ap_vld       |  out|    1|      ap_vld|       compute_controller_bool_bool_unsigned_int_bool_bool_bool_bool_bool_u_64|       pointer|
|compute_controller_bool_bool_unsigned_int_bool_bool_bool_bool_bool_u_63              |  out|   16|      ap_vld|       compute_controller_bool_bool_unsigned_int_bool_bool_bool_bool_bool_u_63|       pointer|
|compute_controller_bool_bool_unsigned_int_bool_bool_bool_bool_bool_u_63_ap_vld       |  out|    1|      ap_vld|       compute_controller_bool_bool_unsigned_int_bool_bool_bool_bool_bool_u_63|       pointer|
|compute_controller_bool_bool_unsigned_int_bool_bool_bool_bool_bool_u_62              |  out|   16|      ap_vld|       compute_controller_bool_bool_unsigned_int_bool_bool_bool_bool_bool_u_62|       pointer|
|compute_controller_bool_bool_unsigned_int_bool_bool_bool_bool_bool_u_62_ap_vld       |  out|    1|      ap_vld|       compute_controller_bool_bool_unsigned_int_bool_bool_bool_bool_bool_u_62|       pointer|
|compute_controller_bool_bool_unsigned_int_bool_bool_bool_bool_bool_u_61              |  out|   16|      ap_vld|       compute_controller_bool_bool_unsigned_int_bool_bool_bool_bool_bool_u_61|       pointer|
|compute_controller_bool_bool_unsigned_int_bool_bool_bool_bool_bool_u_61_ap_vld       |  out|    1|      ap_vld|       compute_controller_bool_bool_unsigned_int_bool_bool_bool_bool_bool_u_61|       pointer|
+-------------------------------------------------------------------------------------+-----+-----+------------+------------------------------------------------------------------------------+--------------+

============================================================
+ Verbose Summary: Synthesis Manager
============================================================
InlineROM: 1
ExposeGlobal: 0
============================================================
+ Verbose Summary: CDFG Model
============================================================
IsTopModel: 0
ResetActiveHigh: 1
IsCombinational: 2
IsDatapathOnly: 2
HasWiredReturn: 1
HasMFsm: 2
HasVarLatency: 1
IsPipeline: 0
IsRtlPipelined: 0
IsInstanceOverlapped: 0
IsDontTouch: 0
HasImplIP: 0
IsGatedGlobalClock: 0

+ Individual pipeline summary: 
  * Pipeline-0: initiation interval (II) = 1, depth = 2


============================================================
+ Verbose Summary: Schedule
============================================================
* Number of FSM states : 2
* Pipeline : 1
  Pipeline-0 : II = 1, D = 2, States = { 1 2 }
* Dataflow Pipeline: 0

* FSM state transitions: 
1 --> 2 
2 --> 

* FSM state operations: 

State 1 <SV = 0> <Delay = 1.66>
ST_1 : Operation 5 [1/1] (0.00ns)   --->   "%i = alloca i32 1" [/home/luka/Scripting/ELEC_498-Capstone-LiteLM/HLS-Verilog/Transformer_logic/src-hls/compute_controller.cpp:601]   --->   Operation 5 'alloca' 'i' <Predicate = true> <Delay = 0.00>
ST_1 : Operation 6 [1/1] (0.00ns)   --->   "%compute_controller_bool_bool_unsigned_int_bool_bool_bool_bool_bool_u_186 = alloca i32 1"   --->   Operation 6 'alloca' 'compute_controller_bool_bool_unsigned_int_bool_bool_bool_bool_bool_u_186' <Predicate = true> <Delay = 0.00>
ST_1 : Operation 7 [1/1] (0.00ns)   --->   "%compute_controller_bool_bool_unsigned_int_bool_bool_bool_bool_bool_u_185 = alloca i32 1"   --->   Operation 7 'alloca' 'compute_controller_bool_bool_unsigned_int_bool_bool_bool_bool_bool_u_185' <Predicate = true> <Delay = 0.00>
ST_1 : Operation 8 [1/1] (0.00ns)   --->   "%compute_controller_bool_bool_unsigned_int_bool_bool_bool_bool_bool_u_184 = alloca i32 1"   --->   Operation 8 'alloca' 'compute_controller_bool_bool_unsigned_int_bool_bool_bool_bool_bool_u_184' <Predicate = true> <Delay = 0.00>
ST_1 : Operation 9 [1/1] (0.00ns)   --->   "%compute_controller_bool_bool_unsigned_int_bool_bool_bool_bool_bool_u_183 = alloca i32 1"   --->   Operation 9 'alloca' 'compute_controller_bool_bool_unsigned_int_bool_bool_bool_bool_bool_u_183' <Predicate = true> <Delay = 0.00>
ST_1 : Operation 10 [1/1] (0.00ns)   --->   "%specinterface_ln0 = specinterface void @_ssdm_op_SpecInterface, i8 %in_buf, void @empty_20, i32 0, i32 0, void @empty_8, i32 4294967295, i32 0, void @empty_8, void @empty_8, void @empty_8, i32 0, i32 0, i32 0, i32 0, void @empty_8, void @empty_8, i32 4294967295, i32 0, i32 0"   --->   Operation 10 'specinterface' 'specinterface_ln0' <Predicate = true> <Delay = 0.00>
ST_1 : Operation 11 [1/1] (0.00ns)   --->   "%compute_controller_bool_bool_unsigned_int_bool_bool_bool_bool_bool_u_225 = read i16 @_ssdm_op_Read.ap_auto.i16, i16 %compute_controller_bool_bool_unsigned_int_bool_bool_bool_bool_bool_u_128"   --->   Operation 11 'read' 'compute_controller_bool_bool_unsigned_int_bool_bool_bool_bool_bool_u_225' <Predicate = true> <Delay = 0.00>
ST_1 : Operation 12 [1/1] (0.00ns)   --->   "%compute_controller_bool_bool_unsigned_int_bool_bool_bool_bool_bool_u_226 = read i16 @_ssdm_op_Read.ap_auto.i16, i16 %compute_controller_bool_bool_unsigned_int_bool_bool_bool_bool_bool_u_127"   --->   Operation 12 'read' 'compute_controller_bool_bool_unsigned_int_bool_bool_bool_bool_bool_u_226' <Predicate = true> <Delay = 0.00>
ST_1 : Operation 13 [1/1] (0.00ns)   --->   "%compute_controller_bool_bool_unsigned_int_bool_bool_bool_bool_bool_u_227 = read i16 @_ssdm_op_Read.ap_auto.i16, i16 %compute_controller_bool_bool_unsigned_int_bool_bool_bool_bool_bool_u_126"   --->   Operation 13 'read' 'compute_controller_bool_bool_unsigned_int_bool_bool_bool_bool_bool_u_227' <Predicate = true> <Delay = 0.00>
ST_1 : Operation 14 [1/1] (0.00ns)   --->   "%compute_controller_bool_bool_unsigned_int_bool_bool_bool_bool_bool_u_228 = read i16 @_ssdm_op_Read.ap_auto.i16, i16 %compute_controller_bool_bool_unsigned_int_bool_bool_bool_bool_bool_u_125"   --->   Operation 14 'read' 'compute_controller_bool_bool_unsigned_int_bool_bool_bool_bool_bool_u_228' <Predicate = true> <Delay = 0.00>
ST_1 : Operation 15 [1/1] (0.42ns)   --->   "%store_ln0 = store i16 %compute_controller_bool_bool_unsigned_int_bool_bool_bool_bool_bool_u_228, i16 %compute_controller_bool_bool_unsigned_int_bool_bool_bool_bool_bool_u_183"   --->   Operation 15 'store' 'store_ln0' <Predicate = true> <Delay = 0.42>
ST_1 : Operation 16 [1/1] (0.42ns)   --->   "%store_ln0 = store i16 %compute_controller_bool_bool_unsigned_int_bool_bool_bool_bool_bool_u_227, i16 %compute_controller_bool_bool_unsigned_int_bool_bool_bool_bool_bool_u_184"   --->   Operation 16 'store' 'store_ln0' <Predicate = true> <Delay = 0.42>
ST_1 : Operation 17 [1/1] (0.42ns)   --->   "%store_ln0 = store i16 %compute_controller_bool_bool_unsigned_int_bool_bool_bool_bool_bool_u_226, i16 %compute_controller_bool_bool_unsigned_int_bool_bool_bool_bool_bool_u_185"   --->   Operation 17 'store' 'store_ln0' <Predicate = true> <Delay = 0.42>
ST_1 : Operation 18 [1/1] (0.42ns)   --->   "%store_ln0 = store i16 %compute_controller_bool_bool_unsigned_int_bool_bool_bool_bool_bool_u_225, i16 %compute_controller_bool_bool_unsigned_int_bool_bool_bool_bool_bool_u_186"   --->   Operation 18 'store' 'store_ln0' <Predicate = true> <Delay = 0.42>
ST_1 : Operation 19 [1/1] (0.42ns)   --->   "%store_ln601 = store i3 0, i3 %i" [/home/luka/Scripting/ELEC_498-Capstone-LiteLM/HLS-Verilog/Transformer_logic/src-hls/compute_controller.cpp:601]   --->   Operation 19 'store' 'store_ln601' <Predicate = true> <Delay = 0.42>
ST_1 : Operation 20 [1/1] (0.00ns)   --->   "%br_ln0 = br void %for.inc508"   --->   Operation 20 'br' 'br_ln0' <Predicate = true> <Delay = 0.00>
ST_1 : Operation 21 [1/1] (0.00ns)   --->   "%i_6 = load i3 %i" [/home/luka/Scripting/ELEC_498-Capstone-LiteLM/HLS-Verilog/Transformer_logic/src-hls/compute_controller.cpp:601]   --->   Operation 21 'load' 'i_6' <Predicate = true> <Delay = 0.00>
ST_1 : Operation 22 [1/1] (0.67ns)   --->   "%icmp_ln601 = icmp_eq  i3 %i_6, i3 4" [/home/luka/Scripting/ELEC_498-Capstone-LiteLM/HLS-Verilog/Transformer_logic/src-hls/compute_controller.cpp:601]   --->   Operation 22 'icmp' 'icmp_ln601' <Predicate = true> <Delay = 0.67> <CoreInst = "Cmp">   --->   Core 9 'Cmp' <Latency = 0> <II = 1> <Delay = 0.79> <FuncUnit> <Opcode : 'seteq' 'setne' 'setle' 'setge' 'setlt' 'setgt'> <InPorts = 2> <OutPorts = 1>
ST_1 : Operation 23 [1/1] (0.67ns)   --->   "%add_ln601 = add i3 %i_6, i3 1" [/home/luka/Scripting/ELEC_498-Capstone-LiteLM/HLS-Verilog/Transformer_logic/src-hls/compute_controller.cpp:601]   --->   Operation 23 'add' 'add_ln601' <Predicate = true> <Delay = 0.67> <CoreInst = "Adder">   --->   Core 1 'Adder' <Latency = 0> <II = 1> <Delay = 0.67> <FuncUnit> <Opcode : 'add' 'sub'> <InPorts = 2> <OutPorts = 1>
ST_1 : Operation 24 [1/1] (0.00ns)   --->   "%br_ln601 = br i1 %icmp_ln601, void %for.inc508.split, void %for.inc518.exitStub" [/home/luka/Scripting/ELEC_498-Capstone-LiteLM/HLS-Verilog/Transformer_logic/src-hls/compute_controller.cpp:601]   --->   Operation 24 'br' 'br_ln601' <Predicate = true> <Delay = 0.00>
ST_1 : Operation 25 [1/1] (0.00ns)   --->   "%trunc_ln601 = trunc i3 %i_6" [/home/luka/Scripting/ELEC_498-Capstone-LiteLM/HLS-Verilog/Transformer_logic/src-hls/compute_controller.cpp:601]   --->   Operation 25 'trunc' 'trunc_ln601' <Predicate = (!icmp_ln601)> <Delay = 0.00>
ST_1 : Operation 26 [1/1] (0.00ns)   --->   "%shl_ln603 = shl i3 %i_6, i3 1" [/home/luka/Scripting/ELEC_498-Capstone-LiteLM/HLS-Verilog/Transformer_logic/src-hls/compute_controller.cpp:603]   --->   Operation 26 'shl' 'shl_ln603' <Predicate = (!icmp_ln601)> <Delay = 0.00>
ST_1 : Operation 27 [1/1] (0.00ns)   --->   "%zext_ln603 = zext i3 %shl_ln603" [/home/luka/Scripting/ELEC_498-Capstone-LiteLM/HLS-Verilog/Transformer_logic/src-hls/compute_controller.cpp:603]   --->   Operation 27 'zext' 'zext_ln603' <Predicate = (!icmp_ln601)> <Delay = 0.00>
ST_1 : Operation 28 [1/1] (0.00ns)   --->   "%zext_ln568_3_cast = bitconcatenate i7 @_ssdm_op_BitConcatenate.i7.i1.i6, i1 1, i6 %zext_ln603" [/home/luka/Scripting/ELEC_498-Capstone-LiteLM/HLS-Verilog/Transformer_logic/src-hls/../../top_params.hpp:568->/home/luka/Scripting/ELEC_498-Capstone-LiteLM/HLS-Verilog/Transformer_logic/src-hls/compute_controller.cpp:603]   --->   Operation 28 'bitconcatenate' 'zext_ln568_3_cast' <Predicate = (!icmp_ln601)> <Delay = 0.00>
ST_1 : Operation 29 [1/1] (0.00ns)   --->   "%zext_ln568 = zext i7 %zext_ln568_3_cast" [/home/luka/Scripting/ELEC_498-Capstone-LiteLM/HLS-Verilog/Transformer_logic/src-hls/../../top_params.hpp:568->/home/luka/Scripting/ELEC_498-Capstone-LiteLM/HLS-Verilog/Transformer_logic/src-hls/compute_controller.cpp:603]   --->   Operation 29 'zext' 'zext_ln568' <Predicate = (!icmp_ln601)> <Delay = 0.00>
ST_1 : Operation 30 [1/1] (0.00ns)   --->   "%in_buf_addr = getelementptr i8 %in_buf, i64 0, i64 %zext_ln568" [/home/luka/Scripting/ELEC_498-Capstone-LiteLM/HLS-Verilog/Transformer_logic/src-hls/../../top_params.hpp:568->/home/luka/Scripting/ELEC_498-Capstone-LiteLM/HLS-Verilog/Transformer_logic/src-hls/compute_controller.cpp:603]   --->   Operation 30 'getelementptr' 'in_buf_addr' <Predicate = (!icmp_ln601)> <Delay = 0.00>
ST_1 : Operation 31 [2/2] (1.23ns)   --->   "%in_buf_load = load i8 %in_buf_addr" [/home/luka/Scripting/ELEC_498-Capstone-LiteLM/HLS-Verilog/Transformer_logic/src-hls/../../top_params.hpp:568->/home/luka/Scripting/ELEC_498-Capstone-LiteLM/HLS-Verilog/Transformer_logic/src-hls/compute_controller.cpp:603]   --->   Operation 31 'load' 'in_buf_load' <Predicate = (!icmp_ln601)> <Delay = 1.23> <CoreInst = "RAM">   --->   Core 82 'RAM' <Latency = 1> <II = 1> <Delay = 1.23> <Storage> <Opcode : 'load' 'store'> <Ports = 2> <Width = 8> <Depth = 129> <RAM>
ST_1 : Operation 32 [1/1] (0.00ns)   --->   "%zext_ln569 = zext i2 %trunc_ln601" [/home/luka/Scripting/ELEC_498-Capstone-LiteLM/HLS-Verilog/Transformer_logic/src-hls/../../top_params.hpp:569->/home/luka/Scripting/ELEC_498-Capstone-LiteLM/HLS-Verilog/Transformer_logic/src-hls/compute_controller.cpp:603]   --->   Operation 32 'zext' 'zext_ln569' <Predicate = (!icmp_ln601)> <Delay = 0.00>
ST_1 : Operation 33 [1/1] (0.00ns)   --->   "%zext_ln569_3_cast = bitconcatenate i7 @_ssdm_op_BitConcatenate.i7.i1.i5.i1, i1 1, i5 %zext_ln569, i1 1" [/home/luka/Scripting/ELEC_498-Capstone-LiteLM/HLS-Verilog/Transformer_logic/src-hls/../../top_params.hpp:569->/home/luka/Scripting/ELEC_498-Capstone-LiteLM/HLS-Verilog/Transformer_logic/src-hls/compute_controller.cpp:603]   --->   Operation 33 'bitconcatenate' 'zext_ln569_3_cast' <Predicate = (!icmp_ln601)> <Delay = 0.00>
ST_1 : Operation 34 [1/1] (0.00ns)   --->   "%zext_ln569_1 = zext i7 %zext_ln569_3_cast" [/home/luka/Scripting/ELEC_498-Capstone-LiteLM/HLS-Verilog/Transformer_logic/src-hls/../../top_params.hpp:569->/home/luka/Scripting/ELEC_498-Capstone-LiteLM/HLS-Verilog/Transformer_logic/src-hls/compute_controller.cpp:603]   --->   Operation 34 'zext' 'zext_ln569_1' <Predicate = (!icmp_ln601)> <Delay = 0.00>
ST_1 : Operation 35 [1/1] (0.00ns)   --->   "%in_buf_addr_7 = getelementptr i8 %in_buf, i64 0, i64 %zext_ln569_1" [/home/luka/Scripting/ELEC_498-Capstone-LiteLM/HLS-Verilog/Transformer_logic/src-hls/../../top_params.hpp:569->/home/luka/Scripting/ELEC_498-Capstone-LiteLM/HLS-Verilog/Transformer_logic/src-hls/compute_controller.cpp:603]   --->   Operation 35 'getelementptr' 'in_buf_addr_7' <Predicate = (!icmp_ln601)> <Delay = 0.00>
ST_1 : Operation 36 [2/2] (1.23ns)   --->   "%in_buf_load_7 = load i8 %in_buf_addr_7" [/home/luka/Scripting/ELEC_498-Capstone-LiteLM/HLS-Verilog/Transformer_logic/src-hls/../../top_params.hpp:569->/home/luka/Scripting/ELEC_498-Capstone-LiteLM/HLS-Verilog/Transformer_logic/src-hls/compute_controller.cpp:603]   --->   Operation 36 'load' 'in_buf_load_7' <Predicate = (!icmp_ln601)> <Delay = 1.23> <CoreInst = "RAM">   --->   Core 82 'RAM' <Latency = 1> <II = 1> <Delay = 1.23> <Storage> <Opcode : 'load' 'store'> <Ports = 2> <Width = 8> <Depth = 129> <RAM>
ST_1 : Operation 37 [1/1] (0.54ns)   --->   "%switch_ln603 = switch i2 %trunc_ln601, void %arrayidx507.case.3, i2 0, void %arrayidx507.case.0, i2 1, void %arrayidx507.case.1, i2 2, void %arrayidx507.case.2" [/home/luka/Scripting/ELEC_498-Capstone-LiteLM/HLS-Verilog/Transformer_logic/src-hls/compute_controller.cpp:603]   --->   Operation 37 'switch' 'switch_ln603' <Predicate = (!icmp_ln601)> <Delay = 0.54>
ST_1 : Operation 38 [1/1] (0.42ns)   --->   "%store_ln601 = store i3 %add_ln601, i3 %i" [/home/luka/Scripting/ELEC_498-Capstone-LiteLM/HLS-Verilog/Transformer_logic/src-hls/compute_controller.cpp:601]   --->   Operation 38 'store' 'store_ln601' <Predicate = (!icmp_ln601)> <Delay = 0.42>
ST_1 : Operation 39 [1/1] (0.00ns)   --->   "%br_ln601 = br void %for.inc508" [/home/luka/Scripting/ELEC_498-Capstone-LiteLM/HLS-Verilog/Transformer_logic/src-hls/compute_controller.cpp:601]   --->   Operation 39 'br' 'br_ln601' <Predicate = (!icmp_ln601)> <Delay = 0.00>
ST_1 : Operation 58 [1/1] (0.00ns)   --->   "%compute_controller_bool_bool_unsigned_int_bool_bool_bool_bool_bool_u_229 = load i16 %compute_controller_bool_bool_unsigned_int_bool_bool_bool_bool_bool_u_186"   --->   Operation 58 'load' 'compute_controller_bool_bool_unsigned_int_bool_bool_bool_bool_bool_u_229' <Predicate = (icmp_ln601)> <Delay = 0.00>
ST_1 : Operation 59 [1/1] (0.00ns)   --->   "%compute_controller_bool_bool_unsigned_int_bool_bool_bool_bool_bool_u_230 = load i16 %compute_controller_bool_bool_unsigned_int_bool_bool_bool_bool_bool_u_185"   --->   Operation 59 'load' 'compute_controller_bool_bool_unsigned_int_bool_bool_bool_bool_bool_u_230' <Predicate = (icmp_ln601)> <Delay = 0.00>
ST_1 : Operation 60 [1/1] (0.00ns)   --->   "%compute_controller_bool_bool_unsigned_int_bool_bool_bool_bool_bool_u_231 = load i16 %compute_controller_bool_bool_unsigned_int_bool_bool_bool_bool_bool_u_184"   --->   Operation 60 'load' 'compute_controller_bool_bool_unsigned_int_bool_bool_bool_bool_bool_u_231' <Predicate = (icmp_ln601)> <Delay = 0.00>
ST_1 : Operation 61 [1/1] (0.00ns)   --->   "%compute_controller_bool_bool_unsigned_int_bool_bool_bool_bool_bool_u_232 = load i16 %compute_controller_bool_bool_unsigned_int_bool_bool_bool_bool_bool_u_183"   --->   Operation 61 'load' 'compute_controller_bool_bool_unsigned_int_bool_bool_bool_bool_bool_u_232' <Predicate = (icmp_ln601)> <Delay = 0.00>
ST_1 : Operation 62 [1/1] (0.00ns)   --->   "%write_ln0 = write void @_ssdm_op_Write.ap_auto.i16P0A, i16 %compute_controller_bool_bool_unsigned_int_bool_bool_bool_bool_bool_u_183_out, i16 %compute_controller_bool_bool_unsigned_int_bool_bool_bool_bool_bool_u_232"   --->   Operation 62 'write' 'write_ln0' <Predicate = (icmp_ln601)> <Delay = 0.00>
ST_1 : Operation 63 [1/1] (0.00ns)   --->   "%write_ln0 = write void @_ssdm_op_Write.ap_auto.i16P0A, i16 %compute_controller_bool_bool_unsigned_int_bool_bool_bool_bool_bool_u_184_out, i16 %compute_controller_bool_bool_unsigned_int_bool_bool_bool_bool_bool_u_231"   --->   Operation 63 'write' 'write_ln0' <Predicate = (icmp_ln601)> <Delay = 0.00>
ST_1 : Operation 64 [1/1] (0.00ns)   --->   "%write_ln0 = write void @_ssdm_op_Write.ap_auto.i16P0A, i16 %compute_controller_bool_bool_unsigned_int_bool_bool_bool_bool_bool_u_185_out, i16 %compute_controller_bool_bool_unsigned_int_bool_bool_bool_bool_bool_u_230"   --->   Operation 64 'write' 'write_ln0' <Predicate = (icmp_ln601)> <Delay = 0.00>
ST_1 : Operation 65 [1/1] (0.00ns)   --->   "%write_ln0 = write void @_ssdm_op_Write.ap_auto.i16P0A, i16 %compute_controller_bool_bool_unsigned_int_bool_bool_bool_bool_bool_u_186_out, i16 %compute_controller_bool_bool_unsigned_int_bool_bool_bool_bool_bool_u_229"   --->   Operation 65 'write' 'write_ln0' <Predicate = (icmp_ln601)> <Delay = 0.00>
ST_1 : Operation 66 [1/1] (0.42ns)   --->   "%ret_ln0 = ret"   --->   Operation 66 'ret' 'ret_ln0' <Predicate = (icmp_ln601)> <Delay = 0.42>

State 2 <SV = 1> <Delay = 1.66>
ST_2 : Operation 40 [1/1] (0.00ns)   --->   "%specpipeline_ln602 = specpipeline void @_ssdm_op_SpecPipeline, i32 1, i32 0, i32 0, i32 0, void @empty_8" [/home/luka/Scripting/ELEC_498-Capstone-LiteLM/HLS-Verilog/Transformer_logic/src-hls/compute_controller.cpp:602]   --->   Operation 40 'specpipeline' 'specpipeline_ln602' <Predicate = true> <Delay = 0.00>
ST_2 : Operation 41 [1/1] (0.00ns)   --->   "%speclooptripcount_ln601 = speclooptripcount void @_ssdm_op_SpecLoopTripCount, i64 4, i64 4, i64 4" [/home/luka/Scripting/ELEC_498-Capstone-LiteLM/HLS-Verilog/Transformer_logic/src-hls/compute_controller.cpp:601]   --->   Operation 41 'speclooptripcount' 'speclooptripcount_ln601' <Predicate = true> <Delay = 0.00>
ST_2 : Operation 42 [1/1] (0.00ns)   --->   "%specloopname_ln601 = specloopname void @_ssdm_op_SpecLoopName, void @empty_22" [/home/luka/Scripting/ELEC_498-Capstone-LiteLM/HLS-Verilog/Transformer_logic/src-hls/compute_controller.cpp:601]   --->   Operation 42 'specloopname' 'specloopname_ln601' <Predicate = true> <Delay = 0.00>
ST_2 : Operation 43 [1/2] ( I:1.23ns O:1.23ns )   --->   "%in_buf_load = load i8 %in_buf_addr" [/home/luka/Scripting/ELEC_498-Capstone-LiteLM/HLS-Verilog/Transformer_logic/src-hls/../../top_params.hpp:568->/home/luka/Scripting/ELEC_498-Capstone-LiteLM/HLS-Verilog/Transformer_logic/src-hls/compute_controller.cpp:603]   --->   Operation 43 'load' 'in_buf_load' <Predicate = true> <Delay = 1.23> <CoreInst = "RAM">   --->   Core 82 'RAM' <Latency = 1> <II = 1> <Delay = 1.23> <Storage> <Opcode : 'load' 'store'> <Ports = 2> <Width = 8> <Depth = 129> <RAM>
ST_2 : Operation 44 [1/2] ( I:1.23ns O:1.23ns )   --->   "%in_buf_load_7 = load i8 %in_buf_addr_7" [/home/luka/Scripting/ELEC_498-Capstone-LiteLM/HLS-Verilog/Transformer_logic/src-hls/../../top_params.hpp:569->/home/luka/Scripting/ELEC_498-Capstone-LiteLM/HLS-Verilog/Transformer_logic/src-hls/compute_controller.cpp:603]   --->   Operation 44 'load' 'in_buf_load_7' <Predicate = true> <Delay = 1.23> <CoreInst = "RAM">   --->   Core 82 'RAM' <Latency = 1> <II = 1> <Delay = 1.23> <Storage> <Opcode : 'load' 'store'> <Ports = 2> <Width = 8> <Depth = 129> <RAM>
ST_2 : Operation 45 [1/1] (0.00ns)   --->   "%v = bitconcatenate i16 @_ssdm_op_BitConcatenate.i16.i8.i8, i8 %in_buf_load_7, i8 %in_buf_load" [/home/luka/Scripting/ELEC_498-Capstone-LiteLM/HLS-Verilog/Transformer_logic/src-hls/../../top_params.hpp:570->/home/luka/Scripting/ELEC_498-Capstone-LiteLM/HLS-Verilog/Transformer_logic/src-hls/compute_controller.cpp:603]   --->   Operation 45 'bitconcatenate' 'v' <Predicate = true> <Delay = 0.00>
ST_2 : Operation 46 [1/1] (0.00ns)   --->   "%store_ln603 = store i16 %v, i16 %compute_controller_bool_bool_unsigned_int_bool_bool_bool_bool_bool_u_62" [/home/luka/Scripting/ELEC_498-Capstone-LiteLM/HLS-Verilog/Transformer_logic/src-hls/compute_controller.cpp:603]   --->   Operation 46 'store' 'store_ln603' <Predicate = (trunc_ln601 == 2)> <Delay = 0.00>
ST_2 : Operation 47 [1/1] (0.42ns)   --->   "%store_ln570 = store i16 %v, i16 %compute_controller_bool_bool_unsigned_int_bool_bool_bool_bool_bool_u_185" [/home/luka/Scripting/ELEC_498-Capstone-LiteLM/HLS-Verilog/Transformer_logic/src-hls/../../top_params.hpp:570->/home/luka/Scripting/ELEC_498-Capstone-LiteLM/HLS-Verilog/Transformer_logic/src-hls/compute_controller.cpp:603]   --->   Operation 47 'store' 'store_ln570' <Predicate = (trunc_ln601 == 2)> <Delay = 0.42>
ST_2 : Operation 48 [1/1] (0.00ns)   --->   "%br_ln603 = br void %arrayidx507.exit" [/home/luka/Scripting/ELEC_498-Capstone-LiteLM/HLS-Verilog/Transformer_logic/src-hls/compute_controller.cpp:603]   --->   Operation 48 'br' 'br_ln603' <Predicate = (trunc_ln601 == 2)> <Delay = 0.00>
ST_2 : Operation 49 [1/1] (0.00ns)   --->   "%store_ln603 = store i16 %v, i16 %compute_controller_bool_bool_unsigned_int_bool_bool_bool_bool_bool_u_63" [/home/luka/Scripting/ELEC_498-Capstone-LiteLM/HLS-Verilog/Transformer_logic/src-hls/compute_controller.cpp:603]   --->   Operation 49 'store' 'store_ln603' <Predicate = (trunc_ln601 == 1)> <Delay = 0.00>
ST_2 : Operation 50 [1/1] (0.42ns)   --->   "%store_ln570 = store i16 %v, i16 %compute_controller_bool_bool_unsigned_int_bool_bool_bool_bool_bool_u_184" [/home/luka/Scripting/ELEC_498-Capstone-LiteLM/HLS-Verilog/Transformer_logic/src-hls/../../top_params.hpp:570->/home/luka/Scripting/ELEC_498-Capstone-LiteLM/HLS-Verilog/Transformer_logic/src-hls/compute_controller.cpp:603]   --->   Operation 50 'store' 'store_ln570' <Predicate = (trunc_ln601 == 1)> <Delay = 0.42>
ST_2 : Operation 51 [1/1] (0.00ns)   --->   "%br_ln603 = br void %arrayidx507.exit" [/home/luka/Scripting/ELEC_498-Capstone-LiteLM/HLS-Verilog/Transformer_logic/src-hls/compute_controller.cpp:603]   --->   Operation 51 'br' 'br_ln603' <Predicate = (trunc_ln601 == 1)> <Delay = 0.00>
ST_2 : Operation 52 [1/1] (0.00ns)   --->   "%store_ln603 = store i16 %v, i16 %compute_controller_bool_bool_unsigned_int_bool_bool_bool_bool_bool_u_64" [/home/luka/Scripting/ELEC_498-Capstone-LiteLM/HLS-Verilog/Transformer_logic/src-hls/compute_controller.cpp:603]   --->   Operation 52 'store' 'store_ln603' <Predicate = (trunc_ln601 == 0)> <Delay = 0.00>
ST_2 : Operation 53 [1/1] (0.42ns)   --->   "%store_ln570 = store i16 %v, i16 %compute_controller_bool_bool_unsigned_int_bool_bool_bool_bool_bool_u_183" [/home/luka/Scripting/ELEC_498-Capstone-LiteLM/HLS-Verilog/Transformer_logic/src-hls/../../top_params.hpp:570->/home/luka/Scripting/ELEC_498-Capstone-LiteLM/HLS-Verilog/Transformer_logic/src-hls/compute_controller.cpp:603]   --->   Operation 53 'store' 'store_ln570' <Predicate = (trunc_ln601 == 0)> <Delay = 0.42>
ST_2 : Operation 54 [1/1] (0.00ns)   --->   "%br_ln603 = br void %arrayidx507.exit" [/home/luka/Scripting/ELEC_498-Capstone-LiteLM/HLS-Verilog/Transformer_logic/src-hls/compute_controller.cpp:603]   --->   Operation 54 'br' 'br_ln603' <Predicate = (trunc_ln601 == 0)> <Delay = 0.00>
ST_2 : Operation 55 [1/1] (0.00ns)   --->   "%store_ln603 = store i16 %v, i16 %compute_controller_bool_bool_unsigned_int_bool_bool_bool_bool_bool_u_61" [/home/luka/Scripting/ELEC_498-Capstone-LiteLM/HLS-Verilog/Transformer_logic/src-hls/compute_controller.cpp:603]   --->   Operation 55 'store' 'store_ln603' <Predicate = (trunc_ln601 == 3)> <Delay = 0.00>
ST_2 : Operation 56 [1/1] (0.42ns)   --->   "%store_ln570 = store i16 %v, i16 %compute_controller_bool_bool_unsigned_int_bool_bool_bool_bool_bool_u_186" [/home/luka/Scripting/ELEC_498-Capstone-LiteLM/HLS-Verilog/Transformer_logic/src-hls/../../top_params.hpp:570->/home/luka/Scripting/ELEC_498-Capstone-LiteLM/HLS-Verilog/Transformer_logic/src-hls/compute_controller.cpp:603]   --->   Operation 56 'store' 'store_ln570' <Predicate = (trunc_ln601 == 3)> <Delay = 0.42>
ST_2 : Operation 57 [1/1] (0.00ns)   --->   "%br_ln603 = br void %arrayidx507.exit" [/home/luka/Scripting/ELEC_498-Capstone-LiteLM/HLS-Verilog/Transformer_logic/src-hls/compute_controller.cpp:603]   --->   Operation 57 'br' 'br_ln603' <Predicate = (trunc_ln601 == 3)> <Delay = 0.00>


============================================================
+ Verbose Summary: Binding
============================================================
STG Binding: 
---------------- STG Properties BEGIN ----------------
- Is combinational: 0
- Is one-state seq: 0
- Is datapath-only: 0
- Is pipelined: 0
- Is top level: 0
Port [ Return ] is wired: 1; IO mode=ap_ctrl_hs:ce=0
Port [ compute_controller_bool_bool_unsigned_int_bool_bool_bool_bool_bool_u_125]:  wired=1; compound=0; hidden=0; nouse=0; global=0; static=0; extern=0; dir=0; type=0; pingpong=0; private_global=0; IO mode=ap_none:ce=0
Port [ compute_controller_bool_bool_unsigned_int_bool_bool_bool_bool_bool_u_126]:  wired=1; compound=0; hidden=0; nouse=0; global=0; static=0; extern=0; dir=0; type=0; pingpong=0; private_global=0; IO mode=ap_none:ce=0
Port [ compute_controller_bool_bool_unsigned_int_bool_bool_bool_bool_bool_u_127]:  wired=1; compound=0; hidden=0; nouse=0; global=0; static=0; extern=0; dir=0; type=0; pingpong=0; private_global=0; IO mode=ap_none:ce=0
Port [ compute_controller_bool_bool_unsigned_int_bool_bool_bool_bool_bool_u_128]:  wired=1; compound=0; hidden=0; nouse=0; global=0; static=0; extern=0; dir=0; type=0; pingpong=0; private_global=0; IO mode=ap_none:ce=0
Port [ in_buf]:  wired=1; compound=1; hidden=0; nouse=0; global=0; static=0; extern=0; dir=0; type=1; pingpong=0; private_global=0; MemPort=[11]; IO mode=ap_memory:ce=0
Port [ compute_controller_bool_bool_unsigned_int_bool_bool_bool_bool_bool_u_183_out]:  wired=1; compound=0; hidden=0; nouse=0; global=0; static=0; extern=0; dir=1; type=0; pingpong=0; private_global=0; IO mode=ap_vld:ce=0
Port [ compute_controller_bool_bool_unsigned_int_bool_bool_bool_bool_bool_u_184_out]:  wired=1; compound=0; hidden=0; nouse=0; global=0; static=0; extern=0; dir=1; type=0; pingpong=0; private_global=0; IO mode=ap_vld:ce=0
Port [ compute_controller_bool_bool_unsigned_int_bool_bool_bool_bool_bool_u_185_out]:  wired=1; compound=0; hidden=0; nouse=0; global=0; static=0; extern=0; dir=1; type=0; pingpong=0; private_global=0; IO mode=ap_vld:ce=0
Port [ compute_controller_bool_bool_unsigned_int_bool_bool_bool_bool_bool_u_186_out]:  wired=1; compound=0; hidden=0; nouse=0; global=0; static=0; extern=0; dir=1; type=0; pingpong=0; private_global=0; IO mode=ap_vld:ce=0
Port [ compute_controller_bool_bool_unsigned_int_bool_bool_bool_bool_bool_u_64]:  wired=1; compound=0; hidden=0; nouse=0; global=1; static=1; extern=0; dir=1; type=0; pingpong=0; private_global=0; IO mode=ap_vld:ce=0
Port [ compute_controller_bool_bool_unsigned_int_bool_bool_bool_bool_bool_u_63]:  wired=1; compound=0; hidden=0; nouse=0; global=1; static=1; extern=0; dir=1; type=0; pingpong=0; private_global=0; IO mode=ap_vld:ce=0
Port [ compute_controller_bool_bool_unsigned_int_bool_bool_bool_bool_bool_u_62]:  wired=1; compound=0; hidden=0; nouse=0; global=1; static=1; extern=0; dir=1; type=0; pingpong=0; private_global=0; IO mode=ap_vld:ce=0
Port [ compute_controller_bool_bool_unsigned_int_bool_bool_bool_bool_bool_u_61]:  wired=1; compound=0; hidden=0; nouse=0; global=1; static=1; extern=0; dir=1; type=0; pingpong=0; private_global=0; IO mode=ap_vld:ce=0
---------------- STG Properties END ------------------

---------------- Datapath Model BEGIN ----------------

<LifeTime>
<method=bitvector/>
i                                                                        (alloca           ) [ 010]
compute_controller_bool_bool_unsigned_int_bool_bool_bool_bool_bool_u_186 (alloca           ) [ 011]
compute_controller_bool_bool_unsigned_int_bool_bool_bool_bool_bool_u_185 (alloca           ) [ 011]
compute_controller_bool_bool_unsigned_int_bool_bool_bool_bool_bool_u_184 (alloca           ) [ 011]
compute_controller_bool_bool_unsigned_int_bool_bool_bool_bool_bool_u_183 (alloca           ) [ 011]
specinterface_ln0                                                        (specinterface    ) [ 000]
compute_controller_bool_bool_unsigned_int_bool_bool_bool_bool_bool_u_225 (read             ) [ 000]
compute_controller_bool_bool_unsigned_int_bool_bool_bool_bool_bool_u_226 (read             ) [ 000]
compute_controller_bool_bool_unsigned_int_bool_bool_bool_bool_bool_u_227 (read             ) [ 000]
compute_controller_bool_bool_unsigned_int_bool_bool_bool_bool_bool_u_228 (read             ) [ 000]
store_ln0                                                                (store            ) [ 000]
store_ln0                                                                (store            ) [ 000]
store_ln0                                                                (store            ) [ 000]
store_ln0                                                                (store            ) [ 000]
store_ln601                                                              (store            ) [ 000]
br_ln0                                                                   (br               ) [ 000]
i_6                                                                      (load             ) [ 000]
icmp_ln601                                                               (icmp             ) [ 010]
add_ln601                                                                (add              ) [ 000]
br_ln601                                                                 (br               ) [ 000]
trunc_ln601                                                              (trunc            ) [ 011]
shl_ln603                                                                (shl              ) [ 000]
zext_ln603                                                               (zext             ) [ 000]
zext_ln568_3_cast                                                        (bitconcatenate   ) [ 000]
zext_ln568                                                               (zext             ) [ 000]
in_buf_addr                                                              (getelementptr    ) [ 011]
zext_ln569                                                               (zext             ) [ 000]
zext_ln569_3_cast                                                        (bitconcatenate   ) [ 000]
zext_ln569_1                                                             (zext             ) [ 000]
in_buf_addr_7                                                            (getelementptr    ) [ 011]
switch_ln603                                                             (switch           ) [ 000]
store_ln601                                                              (store            ) [ 000]
br_ln601                                                                 (br               ) [ 000]
specpipeline_ln602                                                       (specpipeline     ) [ 000]
speclooptripcount_ln601                                                  (speclooptripcount) [ 000]
specloopname_ln601                                                       (specloopname     ) [ 000]
in_buf_load                                                              (load             ) [ 000]
in_buf_load_7                                                            (load             ) [ 000]
v                                                                        (bitconcatenate   ) [ 000]
store_ln603                                                              (store            ) [ 000]
store_ln570                                                              (store            ) [ 000]
br_ln603                                                                 (br               ) [ 000]
store_ln603                                                              (store            ) [ 000]
store_ln570                                                              (store            ) [ 000]
br_ln603                                                                 (br               ) [ 000]
store_ln603                                                              (store            ) [ 000]
store_ln570                                                              (store            ) [ 000]
br_ln603                                                                 (br               ) [ 000]
store_ln603                                                              (store            ) [ 000]
store_ln570                                                              (store            ) [ 000]
br_ln603                                                                 (br               ) [ 000]
compute_controller_bool_bool_unsigned_int_bool_bool_bool_bool_bool_u_229 (load             ) [ 000]
compute_controller_bool_bool_unsigned_int_bool_bool_bool_bool_bool_u_230 (load             ) [ 000]
compute_controller_bool_bool_unsigned_int_bool_bool_bool_bool_bool_u_231 (load             ) [ 000]
compute_controller_bool_bool_unsigned_int_bool_bool_bool_bool_bool_u_232 (load             ) [ 000]
write_ln0                                                                (write            ) [ 000]
write_ln0                                                                (write            ) [ 000]
write_ln0                                                                (write            ) [ 000]
write_ln0                                                                (write            ) [ 000]
ret_ln0                                                                  (ret              ) [ 000]
</LifeTime>

<model>

<comp_list>
<comp id="0" class="1000" name="compute_controller_bool_bool_unsigned_int_bool_bool_bool_bool_bool_u_125">
<pin_list>
<pin id="1" dir="1" index="0" bw="1" slack="0"/>
</pin_list>
<bind>
<StgValue><ssdm name="compute_controller_bool_bool_unsigned_int_bool_bool_bool_bool_bool_u_125"/></StgValue>
</bind>
</comp>

<comp id="2" class="1000" name="compute_controller_bool_bool_unsigned_int_bool_bool_bool_bool_bool_u_126">
<pin_list>
<pin id="3" dir="1" index="0" bw="1" slack="0"/>
</pin_list>
<bind>
<StgValue><ssdm name="compute_controller_bool_bool_unsigned_int_bool_bool_bool_bool_bool_u_126"/></StgValue>
</bind>
</comp>

<comp id="4" class="1000" name="compute_controller_bool_bool_unsigned_int_bool_bool_bool_bool_bool_u_127">
<pin_list>
<pin id="5" dir="1" index="0" bw="1" slack="0"/>
</pin_list>
<bind>
<StgValue><ssdm name="compute_controller_bool_bool_unsigned_int_bool_bool_bool_bool_bool_u_127"/></StgValue>
</bind>
</comp>

<comp id="6" class="1000" name="compute_controller_bool_bool_unsigned_int_bool_bool_bool_bool_bool_u_128">
<pin_list>
<pin id="7" dir="1" index="0" bw="1" slack="0"/>
</pin_list>
<bind>
<StgValue><ssdm name="compute_controller_bool_bool_unsigned_int_bool_bool_bool_bool_bool_u_128"/></StgValue>
</bind>
</comp>

<comp id="8" class="1000" name="in_buf">
<pin_list>
<pin id="9" dir="1" index="0" bw="1" slack="0"/>
</pin_list>
<bind>
<StgValue><ssdm name="in_buf"/><MemPortTyVec>1 1 </MemPortTyVec>
</StgValue>
</bind>
</comp>

<comp id="10" class="1000" name="compute_controller_bool_bool_unsigned_int_bool_bool_bool_bool_bool_u_183_out">
<pin_list>
<pin id="11" dir="1" index="0" bw="1" slack="0"/>
</pin_list>
<bind>
<StgValue><ssdm name="compute_controller_bool_bool_unsigned_int_bool_bool_bool_bool_bool_u_183_out"/></StgValue>
</bind>
</comp>

<comp id="12" class="1000" name="compute_controller_bool_bool_unsigned_int_bool_bool_bool_bool_bool_u_184_out">
<pin_list>
<pin id="13" dir="1" index="0" bw="1" slack="0"/>
</pin_list>
<bind>
<StgValue><ssdm name="compute_controller_bool_bool_unsigned_int_bool_bool_bool_bool_bool_u_184_out"/></StgValue>
</bind>
</comp>

<comp id="14" class="1000" name="compute_controller_bool_bool_unsigned_int_bool_bool_bool_bool_bool_u_185_out">
<pin_list>
<pin id="15" dir="1" index="0" bw="1" slack="0"/>
</pin_list>
<bind>
<StgValue><ssdm name="compute_controller_bool_bool_unsigned_int_bool_bool_bool_bool_bool_u_185_out"/></StgValue>
</bind>
</comp>

<comp id="16" class="1000" name="compute_controller_bool_bool_unsigned_int_bool_bool_bool_bool_bool_u_186_out">
<pin_list>
<pin id="17" dir="1" index="0" bw="1" slack="0"/>
</pin_list>
<bind>
<StgValue><ssdm name="compute_controller_bool_bool_unsigned_int_bool_bool_bool_bool_bool_u_186_out"/></StgValue>
</bind>
</comp>

<comp id="18" class="1000" name="compute_controller_bool_bool_unsigned_int_bool_bool_bool_bool_bool_u_64">
<pin_list>
<pin id="19" dir="1" index="0" bw="1" slack="0"/>
</pin_list>
<bind>
<StgValue><ssdm name="compute_controller_bool_bool_unsigned_int_bool_bool_bool_bool_bool_u_64"/></StgValue>
</bind>
</comp>

<comp id="20" class="1000" name="compute_controller_bool_bool_unsigned_int_bool_bool_bool_bool_bool_u_63">
<pin_list>
<pin id="21" dir="1" index="0" bw="1" slack="0"/>
</pin_list>
<bind>
<StgValue><ssdm name="compute_controller_bool_bool_unsigned_int_bool_bool_bool_bool_bool_u_63"/></StgValue>
</bind>
</comp>

<comp id="22" class="1000" name="compute_controller_bool_bool_unsigned_int_bool_bool_bool_bool_bool_u_62">
<pin_list>
<pin id="23" dir="1" index="0" bw="1" slack="0"/>
</pin_list>
<bind>
<StgValue><ssdm name="compute_controller_bool_bool_unsigned_int_bool_bool_bool_bool_bool_u_62"/></StgValue>
</bind>
</comp>

<comp id="24" class="1000" name="compute_controller_bool_bool_unsigned_int_bool_bool_bool_bool_bool_u_61">
<pin_list>
<pin id="25" dir="1" index="0" bw="1" slack="0"/>
</pin_list>
<bind>
<StgValue><ssdm name="compute_controller_bool_bool_unsigned_int_bool_bool_bool_bool_bool_u_61"/></StgValue>
</bind>
</comp>

<comp id="26" class="1001" name="const_26">
<pin_list>
<pin id="27" dir="1" index="0" bw="1" slack="0"/>
</pin_list>
<bind>
<StgValue><ssdm name=""/></StgValue>
</bind>
</comp>

<comp id="28" class="1001" name="const_28">
<pin_list>
<pin id="29" dir="1" index="0" bw="1" slack="2147483647"/>
</pin_list>
<bind>
<StgValue><ssdm name="_ssdm_op_SpecInterface"/></StgValue>
</bind>
</comp>

<comp id="30" class="1001" name="const_30">
<pin_list>
<pin id="31" dir="1" index="0" bw="1" slack="2147483647"/>
</pin_list>
<bind>
<StgValue><ssdm name="empty_20"/></StgValue>
</bind>
</comp>

<comp id="32" class="1001" name="const_32">
<pin_list>
<pin id="33" dir="1" index="0" bw="1" slack="2147483647"/>
</pin_list>
<bind>
<StgValue><ssdm name=""/></StgValue>
</bind>
</comp>

<comp id="34" class="1001" name="const_34">
<pin_list>
<pin id="35" dir="1" index="0" bw="1" slack="2147483647"/>
</pin_list>
<bind>
<StgValue><ssdm name="empty_8"/></StgValue>
</bind>
</comp>

<comp id="36" class="1001" name="const_36">
<pin_list>
<pin id="37" dir="1" index="0" bw="1" slack="2147483647"/>
</pin_list>
<bind>
<StgValue><ssdm name=""/></StgValue>
</bind>
</comp>

<comp id="38" class="1001" name="const_38">
<pin_list>
<pin id="39" dir="1" index="0" bw="1" slack="0"/>
</pin_list>
<bind>
<StgValue><ssdm name="_ssdm_op_Read.ap_auto.i16"/></StgValue>
</bind>
</comp>

<comp id="40" class="1001" name="const_40">
<pin_list>
<pin id="41" dir="1" index="0" bw="1" slack="0"/>
</pin_list>
<bind>
<StgValue><ssdm name=""/></StgValue>
</bind>
</comp>

<comp id="42" class="1001" name="const_42">
<pin_list>
<pin id="43" dir="1" index="0" bw="1" slack="0"/>
</pin_list>
<bind>
<StgValue><ssdm name=""/></StgValue>
</bind>
</comp>

<comp id="44" class="1001" name="const_44">
<pin_list>
<pin id="45" dir="1" index="0" bw="1" slack="0"/>
</pin_list>
<bind>
<StgValue><ssdm name=""/></StgValue>
</bind>
</comp>

<comp id="46" class="1001" name="const_46">
<pin_list>
<pin id="47" dir="1" index="0" bw="1" slack="0"/>
</pin_list>
<bind>
<StgValue><ssdm name="_ssdm_op_BitConcatenate.i7.i1.i6"/></StgValue>
</bind>
</comp>

<comp id="48" class="1001" name="const_48">
<pin_list>
<pin id="49" dir="1" index="0" bw="1" slack="0"/>
</pin_list>
<bind>
<StgValue><ssdm name=""/></StgValue>
</bind>
</comp>

<comp id="50" class="1001" name="const_50">
<pin_list>
<pin id="51" dir="1" index="0" bw="1" slack="0"/>
</pin_list>
<bind>
<StgValue><ssdm name=""/></StgValue>
</bind>
</comp>

<comp id="52" class="1001" name="const_52">
<pin_list>
<pin id="53" dir="1" index="0" bw="1" slack="0"/>
</pin_list>
<bind>
<StgValue><ssdm name="_ssdm_op_BitConcatenate.i7.i1.i5.i1"/></StgValue>
</bind>
</comp>

<comp id="54" class="1001" name="const_54">
<pin_list>
<pin id="55" dir="1" index="0" bw="1" slack="0"/>
</pin_list>
<bind>
<StgValue><ssdm name=""/></StgValue>
</bind>
</comp>

<comp id="56" class="1001" name="const_56">
<pin_list>
<pin id="57" dir="1" index="0" bw="1" slack="0"/>
</pin_list>
<bind>
<StgValue><ssdm name=""/></StgValue>
</bind>
</comp>

<comp id="58" class="1001" name="const_58">
<pin_list>
<pin id="59" dir="1" index="0" bw="1" slack="0"/>
</pin_list>
<bind>
<StgValue><ssdm name=""/></StgValue>
</bind>
</comp>

<comp id="60" class="1001" name="const_60">
<pin_list>
<pin id="61" dir="1" index="0" bw="1" slack="2147483647"/>
</pin_list>
<bind>
<StgValue><ssdm name="_ssdm_op_SpecPipeline"/></StgValue>
</bind>
</comp>

<comp id="62" class="1001" name="const_62">
<pin_list>
<pin id="63" dir="1" index="0" bw="1" slack="2147483647"/>
</pin_list>
<bind>
<StgValue><ssdm name="_ssdm_op_SpecLoopTripCount"/></StgValue>
</bind>
</comp>

<comp id="64" class="1001" name="const_64">
<pin_list>
<pin id="65" dir="1" index="0" bw="1" slack="2147483647"/>
</pin_list>
<bind>
<StgValue><ssdm name=""/></StgValue>
</bind>
</comp>

<comp id="66" class="1001" name="const_66">
<pin_list>
<pin id="67" dir="1" index="0" bw="1" slack="2147483647"/>
</pin_list>
<bind>
<StgValue><ssdm name="_ssdm_op_SpecLoopName"/></StgValue>
</bind>
</comp>

<comp id="68" class="1001" name="const_68">
<pin_list>
<pin id="69" dir="1" index="0" bw="1" slack="2147483647"/>
</pin_list>
<bind>
<StgValue><ssdm name="empty_22"/></StgValue>
</bind>
</comp>

<comp id="70" class="1001" name="const_70">
<pin_list>
<pin id="71" dir="1" index="0" bw="1" slack="0"/>
</pin_list>
<bind>
<StgValue><ssdm name="_ssdm_op_BitConcatenate.i16.i8.i8"/></StgValue>
</bind>
</comp>

<comp id="72" class="1001" name="const_72">
<pin_list>
<pin id="73" dir="1" index="0" bw="1" slack="0"/>
</pin_list>
<bind>
<StgValue><ssdm name="_ssdm_op_Write.ap_auto.i16P0A"/></StgValue>
</bind>
</comp>

<comp id="74" class="1004" name="i_fu_74">
<pin_list>
<pin id="75" dir="0" index="0" bw="1" slack="0"/>
<pin id="76" dir="1" index="1" bw="3" slack="0"/>
</pin_list>
<bind>
<opcode="alloca(26) " fcode="alloca"/>
<opset="i/1 "/>
</bind>
</comp>

<comp id="78" class="1004" name="compute_controller_bool_bool_unsigned_int_bool_bool_bool_bool_bool_u_186_fu_78">
<pin_list>
<pin id="79" dir="0" index="0" bw="1" slack="0"/>
<pin id="80" dir="1" index="1" bw="16" slack="0"/>
</pin_list>
<bind>
<opcode="alloca(26) " fcode="alloca"/>
<opset="compute_controller_bool_bool_unsigned_int_bool_bool_bool_bool_bool_u_186/1 "/>
</bind>
</comp>

<comp id="82" class="1004" name="compute_controller_bool_bool_unsigned_int_bool_bool_bool_bool_bool_u_185_fu_82">
<pin_list>
<pin id="83" dir="0" index="0" bw="1" slack="0"/>
<pin id="84" dir="1" index="1" bw="16" slack="0"/>
</pin_list>
<bind>
<opcode="alloca(26) " fcode="alloca"/>
<opset="compute_controller_bool_bool_unsigned_int_bool_bool_bool_bool_bool_u_185/1 "/>
</bind>
</comp>

<comp id="86" class="1004" name="compute_controller_bool_bool_unsigned_int_bool_bool_bool_bool_bool_u_184_fu_86">
<pin_list>
<pin id="87" dir="0" index="0" bw="1" slack="0"/>
<pin id="88" dir="1" index="1" bw="16" slack="0"/>
</pin_list>
<bind>
<opcode="alloca(26) " fcode="alloca"/>
<opset="compute_controller_bool_bool_unsigned_int_bool_bool_bool_bool_bool_u_184/1 "/>
</bind>
</comp>

<comp id="90" class="1004" name="compute_controller_bool_bool_unsigned_int_bool_bool_bool_bool_bool_u_183_fu_90">
<pin_list>
<pin id="91" dir="0" index="0" bw="1" slack="0"/>
<pin id="92" dir="1" index="1" bw="16" slack="0"/>
</pin_list>
<bind>
<opcode="alloca(26) " fcode="alloca"/>
<opset="compute_controller_bool_bool_unsigned_int_bool_bool_bool_bool_bool_u_183/1 "/>
</bind>
</comp>

<comp id="94" class="1004" name="compute_controller_bool_bool_unsigned_int_bool_bool_bool_bool_bool_u_225_read_fu_94">
<pin_list>
<pin id="95" dir="0" index="0" bw="16" slack="0"/>
<pin id="96" dir="0" index="1" bw="16" slack="0"/>
<pin id="97" dir="1" index="2" bw="16" slack="0"/>
</pin_list>
<bind>
<opcode="read(1150) " fcode="read"/>
<opset="compute_controller_bool_bool_unsigned_int_bool_bool_bool_bool_bool_u_225/1 "/>
</bind>
</comp>

<comp id="100" class="1004" name="compute_controller_bool_bool_unsigned_int_bool_bool_bool_bool_bool_u_226_read_fu_100">
<pin_list>
<pin id="101" dir="0" index="0" bw="16" slack="0"/>
<pin id="102" dir="0" index="1" bw="16" slack="0"/>
<pin id="103" dir="1" index="2" bw="16" slack="0"/>
</pin_list>
<bind>
<opcode="read(1150) " fcode="read"/>
<opset="compute_controller_bool_bool_unsigned_int_bool_bool_bool_bool_bool_u_226/1 "/>
</bind>
</comp>

<comp id="106" class="1004" name="compute_controller_bool_bool_unsigned_int_bool_bool_bool_bool_bool_u_227_read_fu_106">
<pin_list>
<pin id="107" dir="0" index="0" bw="16" slack="0"/>
<pin id="108" dir="0" index="1" bw="16" slack="0"/>
<pin id="109" dir="1" index="2" bw="16" slack="0"/>
</pin_list>
<bind>
<opcode="read(1150) " fcode="read"/>
<opset="compute_controller_bool_bool_unsigned_int_bool_bool_bool_bool_bool_u_227/1 "/>
</bind>
</comp>

<comp id="112" class="1004" name="compute_controller_bool_bool_unsigned_int_bool_bool_bool_bool_bool_u_228_read_fu_112">
<pin_list>
<pin id="113" dir="0" index="0" bw="16" slack="0"/>
<pin id="114" dir="0" index="1" bw="16" slack="0"/>
<pin id="115" dir="1" index="2" bw="16" slack="0"/>
</pin_list>
<bind>
<opcode="read(1150) " fcode="read"/>
<opset="compute_controller_bool_bool_unsigned_int_bool_bool_bool_bool_bool_u_228/1 "/>
</bind>
</comp>

<comp id="118" class="1004" name="write_ln0_write_fu_118">
<pin_list>
<pin id="119" dir="0" index="0" bw="0" slack="0"/>
<pin id="120" dir="0" index="1" bw="16" slack="0"/>
<pin id="121" dir="0" index="2" bw="16" slack="0"/>
<pin id="122" dir="1" index="3" bw="0" slack="2147483647"/>
</pin_list>
<bind>
<opcode="write(1151) " fcode="write"/>
<opset="write_ln0/1 "/>
</bind>
</comp>

<comp id="125" class="1004" name="write_ln0_write_fu_125">
<pin_list>
<pin id="126" dir="0" index="0" bw="0" slack="0"/>
<pin id="127" dir="0" index="1" bw="16" slack="0"/>
<pin id="128" dir="0" index="2" bw="16" slack="0"/>
<pin id="129" dir="1" index="3" bw="0" slack="2147483647"/>
</pin_list>
<bind>
<opcode="write(1151) " fcode="write"/>
<opset="write_ln0/1 "/>
</bind>
</comp>

<comp id="132" class="1004" name="write_ln0_write_fu_132">
<pin_list>
<pin id="133" dir="0" index="0" bw="0" slack="0"/>
<pin id="134" dir="0" index="1" bw="16" slack="0"/>
<pin id="135" dir="0" index="2" bw="16" slack="0"/>
<pin id="136" dir="1" index="3" bw="0" slack="2147483647"/>
</pin_list>
<bind>
<opcode="write(1151) " fcode="write"/>
<opset="write_ln0/1 "/>
</bind>
</comp>

<comp id="139" class="1004" name="write_ln0_write_fu_139">
<pin_list>
<pin id="140" dir="0" index="0" bw="0" slack="0"/>
<pin id="141" dir="0" index="1" bw="16" slack="0"/>
<pin id="142" dir="0" index="2" bw="16" slack="0"/>
<pin id="143" dir="1" index="3" bw="0" slack="2147483647"/>
</pin_list>
<bind>
<opcode="write(1151) " fcode="write"/>
<opset="write_ln0/1 "/>
</bind>
</comp>

<comp id="146" class="1004" name="in_buf_addr_gep_fu_146">
<pin_list>
<pin id="147" dir="0" index="0" bw="8" slack="0"/>
<pin id="148" dir="0" index="1" bw="1" slack="0"/>
<pin id="149" dir="0" index="2" bw="7" slack="0"/>
<pin id="150" dir="1" index="3" bw="8" slack="0"/>
</pin_list>
<bind>
<opcode="getelementptr(29) " fcode="getelementptr"/>
<opset="in_buf_addr/1 "/>
</bind>
</comp>

<comp id="153" class="1004" name="grp_access_fu_153">
<pin_list>
<pin id="154" dir="0" index="0" bw="8" slack="0"/>
<pin id="155" dir="0" index="1" bw="8" slack="2147483647"/>
<pin id="156" dir="0" index="2" bw="0" slack="0"/>
<pin id="158" dir="0" index="4" bw="8" slack="2147483647"/>
<pin id="159" dir="0" index="5" bw="8" slack="2147483647"/>
<pin id="160" dir="0" index="6" bw="0" slack="2147483647"/>
<pin id="157" dir="1" index="3" bw="8" slack="0"/>
<pin id="161" dir="1" index="7" bw="8" slack="0"/>
</pin_list>
<bind>
<opcode="load(27) " fcode="load"/>
<opset="in_buf_load/1 in_buf_load_7/1 "/>
</bind>
</comp>

<comp id="163" class="1004" name="in_buf_addr_7_gep_fu_163">
<pin_list>
<pin id="164" dir="0" index="0" bw="8" slack="0"/>
<pin id="165" dir="0" index="1" bw="1" slack="0"/>
<pin id="166" dir="0" index="2" bw="7" slack="0"/>
<pin id="167" dir="1" index="3" bw="8" slack="0"/>
</pin_list>
<bind>
<opcode="getelementptr(29) " fcode="getelementptr"/>
<opset="in_buf_addr_7/1 "/>
</bind>
</comp>

<comp id="171" class="1004" name="store_ln0_store_fu_171">
<pin_list>
<pin id="172" dir="0" index="0" bw="16" slack="0"/>
<pin id="173" dir="0" index="1" bw="16" slack="0"/>
<pin id="174" dir="1" index="2" bw="0" slack="2147483647"/>
</pin_list>
<bind>
<opcode="store(28) " fcode="store"/>
<opset="store_ln0/1 "/>
</bind>
</comp>

<comp id="176" class="1004" name="store_ln0_store_fu_176">
<pin_list>
<pin id="177" dir="0" index="0" bw="16" slack="0"/>
<pin id="178" dir="0" index="1" bw="16" slack="0"/>
<pin id="179" dir="1" index="2" bw="0" slack="2147483647"/>
</pin_list>
<bind>
<opcode="store(28) " fcode="store"/>
<opset="store_ln0/1 "/>
</bind>
</comp>

<comp id="181" class="1004" name="store_ln0_store_fu_181">
<pin_list>
<pin id="182" dir="0" index="0" bw="16" slack="0"/>
<pin id="183" dir="0" index="1" bw="16" slack="0"/>
<pin id="184" dir="1" index="2" bw="0" slack="2147483647"/>
</pin_list>
<bind>
<opcode="store(28) " fcode="store"/>
<opset="store_ln0/1 "/>
</bind>
</comp>

<comp id="186" class="1004" name="store_ln0_store_fu_186">
<pin_list>
<pin id="187" dir="0" index="0" bw="16" slack="0"/>
<pin id="188" dir="0" index="1" bw="16" slack="0"/>
<pin id="189" dir="1" index="2" bw="0" slack="2147483647"/>
</pin_list>
<bind>
<opcode="store(28) " fcode="store"/>
<opset="store_ln0/1 "/>
</bind>
</comp>

<comp id="191" class="1004" name="store_ln601_store_fu_191">
<pin_list>
<pin id="192" dir="0" index="0" bw="1" slack="0"/>
<pin id="193" dir="0" index="1" bw="3" slack="0"/>
<pin id="194" dir="1" index="2" bw="0" slack="2147483647"/>
</pin_list>
<bind>
<opcode="store(28) " fcode="store"/>
<opset="store_ln601/1 "/>
</bind>
</comp>

<comp id="196" class="1004" name="i_6_load_fu_196">
<pin_list>
<pin id="197" dir="0" index="0" bw="3" slack="0"/>
<pin id="198" dir="1" index="1" bw="3" slack="0"/>
</pin_list>
<bind>
<opcode="load(27) " fcode="load"/>
<opset="i_6/1 "/>
</bind>
</comp>

<comp id="199" class="1004" name="icmp_ln601_fu_199">
<pin_list>
<pin id="200" dir="0" index="0" bw="3" slack="0"/>
<pin id="201" dir="0" index="1" bw="3" slack="0"/>
<pin id="202" dir="1" index="2" bw="1" slack="2147483647"/>
</pin_list>
<bind>
<opcode="icmp(45) " fcode="icmp"/>
<opset="icmp_ln601/1 "/>
</bind>
</comp>

<comp id="205" class="1004" name="add_ln601_fu_205">
<pin_list>
<pin id="206" dir="0" index="0" bw="3" slack="0"/>
<pin id="207" dir="0" index="1" bw="1" slack="0"/>
<pin id="208" dir="1" index="2" bw="3" slack="0"/>
</pin_list>
<bind>
<opcode="add(8) " fcode="add"/>
<opset="add_ln601/1 "/>
</bind>
</comp>

<comp id="211" class="1004" name="trunc_ln601_fu_211">
<pin_list>
<pin id="212" dir="0" index="0" bw="3" slack="0"/>
<pin id="213" dir="1" index="1" bw="2" slack="0"/>
</pin_list>
<bind>
<opcode="trunc(33) " fcode="trunc"/>
<opset="trunc_ln601/1 "/>
</bind>
</comp>

<comp id="215" class="1004" name="shl_ln603_fu_215">
<pin_list>
<pin id="216" dir="0" index="0" bw="3" slack="0"/>
<pin id="217" dir="0" index="1" bw="1" slack="0"/>
<pin id="218" dir="1" index="2" bw="3" slack="0"/>
</pin_list>
<bind>
<opcode="shl(20) " fcode="shl"/>
<opset="shl_ln603/1 "/>
</bind>
</comp>

<comp id="221" class="1004" name="zext_ln603_fu_221">
<pin_list>
<pin id="222" dir="0" index="0" bw="3" slack="0"/>
<pin id="223" dir="1" index="1" bw="6" slack="0"/>
</pin_list>
<bind>
<opcode="zext(34) " fcode="zext"/>
<opset="zext_ln603/1 "/>
</bind>
</comp>

<comp id="225" class="1004" name="zext_ln568_3_cast_fu_225">
<pin_list>
<pin id="226" dir="0" index="0" bw="7" slack="0"/>
<pin id="227" dir="0" index="1" bw="1" slack="0"/>
<pin id="228" dir="0" index="2" bw="3" slack="0"/>
<pin id="229" dir="1" index="3" bw="7" slack="0"/>
</pin_list>
<bind>
<opcode="bitconcatenate(1004) " fcode="bitconcatenate"/>
<opset="zext_ln568_3_cast/1 "/>
</bind>
</comp>

<comp id="233" class="1004" name="zext_ln568_fu_233">
<pin_list>
<pin id="234" dir="0" index="0" bw="7" slack="0"/>
<pin id="235" dir="1" index="1" bw="64" slack="0"/>
</pin_list>
<bind>
<opcode="zext(34) " fcode="zext"/>
<opset="zext_ln568/1 "/>
</bind>
</comp>

<comp id="238" class="1004" name="zext_ln569_fu_238">
<pin_list>
<pin id="239" dir="0" index="0" bw="2" slack="0"/>
<pin id="240" dir="1" index="1" bw="5" slack="0"/>
</pin_list>
<bind>
<opcode="zext(34) " fcode="zext"/>
<opset="zext_ln569/1 "/>
</bind>
</comp>

<comp id="242" class="1004" name="zext_ln569_3_cast_fu_242">
<pin_list>
<pin id="243" dir="0" index="0" bw="7" slack="0"/>
<pin id="244" dir="0" index="1" bw="1" slack="0"/>
<pin id="245" dir="0" index="2" bw="2" slack="0"/>
<pin id="246" dir="0" index="3" bw="1" slack="0"/>
<pin id="247" dir="1" index="4" bw="7" slack="0"/>
</pin_list>
<bind>
<opcode="bitconcatenate(1004) " fcode="bitconcatenate"/>
<opset="zext_ln569_3_cast/1 "/>
</bind>
</comp>

<comp id="252" class="1004" name="zext_ln569_1_fu_252">
<pin_list>
<pin id="253" dir="0" index="0" bw="7" slack="0"/>
<pin id="254" dir="1" index="1" bw="64" slack="0"/>
</pin_list>
<bind>
<opcode="zext(34) " fcode="zext"/>
<opset="zext_ln569_1/1 "/>
</bind>
</comp>

<comp id="257" class="1004" name="switch_ln603_fu_257">
<pin_list>
<pin id="258" dir="0" index="0" bw="2" slack="0"/>
<pin id="259" dir="0" index="1" bw="1" slack="0"/>
<pin id="260" dir="0" index="2" bw="1" slack="0"/>
<pin id="261" dir="0" index="3" bw="2" slack="0"/>
<pin id="262" dir="1" index="4" bw="0" slack="2147483647"/>
</pin_list>
<bind>
<opcode="switch(3) " fcode="switch"/>
<opset="switch_ln603/1 "/>
</bind>
</comp>

<comp id="267" class="1004" name="store_ln601_store_fu_267">
<pin_list>
<pin id="268" dir="0" index="0" bw="3" slack="0"/>
<pin id="269" dir="0" index="1" bw="3" slack="0"/>
<pin id="270" dir="1" index="2" bw="0" slack="2147483647"/>
</pin_list>
<bind>
<opcode="store(28) " fcode="store"/>
<opset="store_ln601/1 "/>
</bind>
</comp>

<comp id="272" class="1004" name="v_fu_272">
<pin_list>
<pin id="273" dir="0" index="0" bw="16" slack="0"/>
<pin id="274" dir="0" index="1" bw="8" slack="0"/>
<pin id="275" dir="0" index="2" bw="8" slack="0"/>
<pin id="276" dir="1" index="3" bw="16" slack="0"/>
</pin_list>
<bind>
<opcode="bitconcatenate(1004) " fcode="bitconcatenate"/>
<opset="v/2 "/>
</bind>
</comp>

<comp id="280" class="1004" name="store_ln603_store_fu_280">
<pin_list>
<pin id="281" dir="0" index="0" bw="16" slack="0"/>
<pin id="282" dir="0" index="1" bw="16" slack="0"/>
<pin id="283" dir="1" index="2" bw="0" slack="2147483647"/>
</pin_list>
<bind>
<opcode="store(28) " fcode="store"/>
<opset="store_ln603/2 "/>
</bind>
</comp>

<comp id="286" class="1004" name="store_ln570_store_fu_286">
<pin_list>
<pin id="287" dir="0" index="0" bw="16" slack="0"/>
<pin id="288" dir="0" index="1" bw="16" slack="1"/>
<pin id="289" dir="1" index="2" bw="0" slack="2147483647"/>
</pin_list>
<bind>
<opcode="store(28) " fcode="store"/>
<opset="store_ln570/2 "/>
</bind>
</comp>

<comp id="291" class="1004" name="store_ln603_store_fu_291">
<pin_list>
<pin id="292" dir="0" index="0" bw="16" slack="0"/>
<pin id="293" dir="0" index="1" bw="16" slack="0"/>
<pin id="294" dir="1" index="2" bw="0" slack="2147483647"/>
</pin_list>
<bind>
<opcode="store(28) " fcode="store"/>
<opset="store_ln603/2 "/>
</bind>
</comp>

<comp id="297" class="1004" name="store_ln570_store_fu_297">
<pin_list>
<pin id="298" dir="0" index="0" bw="16" slack="0"/>
<pin id="299" dir="0" index="1" bw="16" slack="1"/>
<pin id="300" dir="1" index="2" bw="0" slack="2147483647"/>
</pin_list>
<bind>
<opcode="store(28) " fcode="store"/>
<opset="store_ln570/2 "/>
</bind>
</comp>

<comp id="302" class="1004" name="store_ln603_store_fu_302">
<pin_list>
<pin id="303" dir="0" index="0" bw="16" slack="0"/>
<pin id="304" dir="0" index="1" bw="16" slack="0"/>
<pin id="305" dir="1" index="2" bw="0" slack="2147483647"/>
</pin_list>
<bind>
<opcode="store(28) " fcode="store"/>
<opset="store_ln603/2 "/>
</bind>
</comp>

<comp id="308" class="1004" name="store_ln570_store_fu_308">
<pin_list>
<pin id="309" dir="0" index="0" bw="16" slack="0"/>
<pin id="310" dir="0" index="1" bw="16" slack="1"/>
<pin id="311" dir="1" index="2" bw="0" slack="2147483647"/>
</pin_list>
<bind>
<opcode="store(28) " fcode="store"/>
<opset="store_ln570/2 "/>
</bind>
</comp>

<comp id="313" class="1004" name="store_ln603_store_fu_313">
<pin_list>
<pin id="314" dir="0" index="0" bw="16" slack="0"/>
<pin id="315" dir="0" index="1" bw="16" slack="0"/>
<pin id="316" dir="1" index="2" bw="0" slack="2147483647"/>
</pin_list>
<bind>
<opcode="store(28) " fcode="store"/>
<opset="store_ln603/2 "/>
</bind>
</comp>

<comp id="319" class="1004" name="store_ln570_store_fu_319">
<pin_list>
<pin id="320" dir="0" index="0" bw="16" slack="0"/>
<pin id="321" dir="0" index="1" bw="16" slack="1"/>
<pin id="322" dir="1" index="2" bw="0" slack="2147483647"/>
</pin_list>
<bind>
<opcode="store(28) " fcode="store"/>
<opset="store_ln570/2 "/>
</bind>
</comp>

<comp id="324" class="1004" name="compute_controller_bool_bool_unsigned_int_bool_bool_bool_bool_bool_u_229_load_fu_324">
<pin_list>
<pin id="325" dir="0" index="0" bw="16" slack="0"/>
<pin id="326" dir="1" index="1" bw="16" slack="0"/>
</pin_list>
<bind>
<opcode="load(27) " fcode="load"/>
<opset="compute_controller_bool_bool_unsigned_int_bool_bool_bool_bool_bool_u_229/1 "/>
</bind>
</comp>

<comp id="328" class="1004" name="compute_controller_bool_bool_unsigned_int_bool_bool_bool_bool_bool_u_230_load_fu_328">
<pin_list>
<pin id="329" dir="0" index="0" bw="16" slack="0"/>
<pin id="330" dir="1" index="1" bw="16" slack="0"/>
</pin_list>
<bind>
<opcode="load(27) " fcode="load"/>
<opset="compute_controller_bool_bool_unsigned_int_bool_bool_bool_bool_bool_u_230/1 "/>
</bind>
</comp>

<comp id="332" class="1004" name="compute_controller_bool_bool_unsigned_int_bool_bool_bool_bool_bool_u_231_load_fu_332">
<pin_list>
<pin id="333" dir="0" index="0" bw="16" slack="0"/>
<pin id="334" dir="1" index="1" bw="16" slack="0"/>
</pin_list>
<bind>
<opcode="load(27) " fcode="load"/>
<opset="compute_controller_bool_bool_unsigned_int_bool_bool_bool_bool_bool_u_231/1 "/>
</bind>
</comp>

<comp id="336" class="1004" name="compute_controller_bool_bool_unsigned_int_bool_bool_bool_bool_bool_u_232_load_fu_336">
<pin_list>
<pin id="337" dir="0" index="0" bw="16" slack="0"/>
<pin id="338" dir="1" index="1" bw="16" slack="0"/>
</pin_list>
<bind>
<opcode="load(27) " fcode="load"/>
<opset="compute_controller_bool_bool_unsigned_int_bool_bool_bool_bool_bool_u_232/1 "/>
</bind>
</comp>

<comp id="340" class="1005" name="i_reg_340">
<pin_list>
<pin id="341" dir="0" index="0" bw="3" slack="0"/>
<pin id="342" dir="1" index="1" bw="3" slack="0"/>
</pin_list>
<bind>
<opset="i "/>
</bind>
</comp>

<comp id="347" class="1005" name="compute_controller_bool_bool_unsigned_int_bool_bool_bool_bool_bool_u_186_reg_347">
<pin_list>
<pin id="348" dir="0" index="0" bw="16" slack="0"/>
<pin id="349" dir="1" index="1" bw="16" slack="0"/>
</pin_list>
<bind>
<opset="compute_controller_bool_bool_unsigned_int_bool_bool_bool_bool_bool_u_186 "/>
</bind>
</comp>

<comp id="354" class="1005" name="compute_controller_bool_bool_unsigned_int_bool_bool_bool_bool_bool_u_185_reg_354">
<pin_list>
<pin id="355" dir="0" index="0" bw="16" slack="0"/>
<pin id="356" dir="1" index="1" bw="16" slack="0"/>
</pin_list>
<bind>
<opset="compute_controller_bool_bool_unsigned_int_bool_bool_bool_bool_bool_u_185 "/>
</bind>
</comp>

<comp id="361" class="1005" name="compute_controller_bool_bool_unsigned_int_bool_bool_bool_bool_bool_u_184_reg_361">
<pin_list>
<pin id="362" dir="0" index="0" bw="16" slack="0"/>
<pin id="363" dir="1" index="1" bw="16" slack="0"/>
</pin_list>
<bind>
<opset="compute_controller_bool_bool_unsigned_int_bool_bool_bool_bool_bool_u_184 "/>
</bind>
</comp>

<comp id="368" class="1005" name="compute_controller_bool_bool_unsigned_int_bool_bool_bool_bool_bool_u_183_reg_368">
<pin_list>
<pin id="369" dir="0" index="0" bw="16" slack="0"/>
<pin id="370" dir="1" index="1" bw="16" slack="0"/>
</pin_list>
<bind>
<opset="compute_controller_bool_bool_unsigned_int_bool_bool_bool_bool_bool_u_183 "/>
</bind>
</comp>

<comp id="378" class="1005" name="trunc_ln601_reg_378">
<pin_list>
<pin id="379" dir="0" index="0" bw="2" slack="1"/>
<pin id="380" dir="1" index="1" bw="2" slack="2147483647"/>
</pin_list>
<bind>
<opset="trunc_ln601 "/>
</bind>
</comp>

<comp id="382" class="1005" name="in_buf_addr_reg_382">
<pin_list>
<pin id="383" dir="0" index="0" bw="8" slack="1"/>
<pin id="384" dir="1" index="1" bw="8" slack="1"/>
</pin_list>
<bind>
<opset="in_buf_addr "/>
</bind>
</comp>

<comp id="387" class="1005" name="in_buf_addr_7_reg_387">
<pin_list>
<pin id="388" dir="0" index="0" bw="8" slack="1"/>
<pin id="389" dir="1" index="1" bw="8" slack="1"/>
</pin_list>
<bind>
<opset="in_buf_addr_7 "/>
</bind>
</comp>

</comp_list>

<net_list>
<net id="77"><net_src comp="26" pin="0"/><net_sink comp="74" pin=0"/></net>

<net id="81"><net_src comp="26" pin="0"/><net_sink comp="78" pin=0"/></net>

<net id="85"><net_src comp="26" pin="0"/><net_sink comp="82" pin=0"/></net>

<net id="89"><net_src comp="26" pin="0"/><net_sink comp="86" pin=0"/></net>

<net id="93"><net_src comp="26" pin="0"/><net_sink comp="90" pin=0"/></net>

<net id="98"><net_src comp="38" pin="0"/><net_sink comp="94" pin=0"/></net>

<net id="99"><net_src comp="6" pin="0"/><net_sink comp="94" pin=1"/></net>

<net id="104"><net_src comp="38" pin="0"/><net_sink comp="100" pin=0"/></net>

<net id="105"><net_src comp="4" pin="0"/><net_sink comp="100" pin=1"/></net>

<net id="110"><net_src comp="38" pin="0"/><net_sink comp="106" pin=0"/></net>

<net id="111"><net_src comp="2" pin="0"/><net_sink comp="106" pin=1"/></net>

<net id="116"><net_src comp="38" pin="0"/><net_sink comp="112" pin=0"/></net>

<net id="117"><net_src comp="0" pin="0"/><net_sink comp="112" pin=1"/></net>

<net id="123"><net_src comp="72" pin="0"/><net_sink comp="118" pin=0"/></net>

<net id="124"><net_src comp="10" pin="0"/><net_sink comp="118" pin=1"/></net>

<net id="130"><net_src comp="72" pin="0"/><net_sink comp="125" pin=0"/></net>

<net id="131"><net_src comp="12" pin="0"/><net_sink comp="125" pin=1"/></net>

<net id="137"><net_src comp="72" pin="0"/><net_sink comp="132" pin=0"/></net>

<net id="138"><net_src comp="14" pin="0"/><net_sink comp="132" pin=1"/></net>

<net id="144"><net_src comp="72" pin="0"/><net_sink comp="139" pin=0"/></net>

<net id="145"><net_src comp="16" pin="0"/><net_sink comp="139" pin=1"/></net>

<net id="151"><net_src comp="8" pin="0"/><net_sink comp="146" pin=0"/></net>

<net id="152"><net_src comp="50" pin="0"/><net_sink comp="146" pin=1"/></net>

<net id="162"><net_src comp="146" pin="3"/><net_sink comp="153" pin=2"/></net>

<net id="168"><net_src comp="8" pin="0"/><net_sink comp="163" pin=0"/></net>

<net id="169"><net_src comp="50" pin="0"/><net_sink comp="163" pin=1"/></net>

<net id="170"><net_src comp="163" pin="3"/><net_sink comp="153" pin=0"/></net>

<net id="175"><net_src comp="112" pin="2"/><net_sink comp="171" pin=0"/></net>

<net id="180"><net_src comp="106" pin="2"/><net_sink comp="176" pin=0"/></net>

<net id="185"><net_src comp="100" pin="2"/><net_sink comp="181" pin=0"/></net>

<net id="190"><net_src comp="94" pin="2"/><net_sink comp="186" pin=0"/></net>

<net id="195"><net_src comp="40" pin="0"/><net_sink comp="191" pin=0"/></net>

<net id="203"><net_src comp="196" pin="1"/><net_sink comp="199" pin=0"/></net>

<net id="204"><net_src comp="42" pin="0"/><net_sink comp="199" pin=1"/></net>

<net id="209"><net_src comp="196" pin="1"/><net_sink comp="205" pin=0"/></net>

<net id="210"><net_src comp="44" pin="0"/><net_sink comp="205" pin=1"/></net>

<net id="214"><net_src comp="196" pin="1"/><net_sink comp="211" pin=0"/></net>

<net id="219"><net_src comp="196" pin="1"/><net_sink comp="215" pin=0"/></net>

<net id="220"><net_src comp="44" pin="0"/><net_sink comp="215" pin=1"/></net>

<net id="224"><net_src comp="215" pin="2"/><net_sink comp="221" pin=0"/></net>

<net id="230"><net_src comp="46" pin="0"/><net_sink comp="225" pin=0"/></net>

<net id="231"><net_src comp="48" pin="0"/><net_sink comp="225" pin=1"/></net>

<net id="232"><net_src comp="221" pin="1"/><net_sink comp="225" pin=2"/></net>

<net id="236"><net_src comp="225" pin="3"/><net_sink comp="233" pin=0"/></net>

<net id="237"><net_src comp="233" pin="1"/><net_sink comp="146" pin=2"/></net>

<net id="241"><net_src comp="211" pin="1"/><net_sink comp="238" pin=0"/></net>

<net id="248"><net_src comp="52" pin="0"/><net_sink comp="242" pin=0"/></net>

<net id="249"><net_src comp="48" pin="0"/><net_sink comp="242" pin=1"/></net>

<net id="250"><net_src comp="238" pin="1"/><net_sink comp="242" pin=2"/></net>

<net id="251"><net_src comp="48" pin="0"/><net_sink comp="242" pin=3"/></net>

<net id="255"><net_src comp="242" pin="4"/><net_sink comp="252" pin=0"/></net>

<net id="256"><net_src comp="252" pin="1"/><net_sink comp="163" pin=2"/></net>

<net id="263"><net_src comp="211" pin="1"/><net_sink comp="257" pin=0"/></net>

<net id="264"><net_src comp="54" pin="0"/><net_sink comp="257" pin=1"/></net>

<net id="265"><net_src comp="56" pin="0"/><net_sink comp="257" pin=2"/></net>

<net id="266"><net_src comp="58" pin="0"/><net_sink comp="257" pin=3"/></net>

<net id="271"><net_src comp="205" pin="2"/><net_sink comp="267" pin=0"/></net>

<net id="277"><net_src comp="70" pin="0"/><net_sink comp="272" pin=0"/></net>

<net id="278"><net_src comp="153" pin="3"/><net_sink comp="272" pin=1"/></net>

<net id="279"><net_src comp="153" pin="7"/><net_sink comp="272" pin=2"/></net>

<net id="284"><net_src comp="272" pin="3"/><net_sink comp="280" pin=0"/></net>

<net id="285"><net_src comp="22" pin="0"/><net_sink comp="280" pin=1"/></net>

<net id="290"><net_src comp="272" pin="3"/><net_sink comp="286" pin=0"/></net>

<net id="295"><net_src comp="272" pin="3"/><net_sink comp="291" pin=0"/></net>

<net id="296"><net_src comp="20" pin="0"/><net_sink comp="291" pin=1"/></net>

<net id="301"><net_src comp="272" pin="3"/><net_sink comp="297" pin=0"/></net>

<net id="306"><net_src comp="272" pin="3"/><net_sink comp="302" pin=0"/></net>

<net id="307"><net_src comp="18" pin="0"/><net_sink comp="302" pin=1"/></net>

<net id="312"><net_src comp="272" pin="3"/><net_sink comp="308" pin=0"/></net>

<net id="317"><net_src comp="272" pin="3"/><net_sink comp="313" pin=0"/></net>

<net id="318"><net_src comp="24" pin="0"/><net_sink comp="313" pin=1"/></net>

<net id="323"><net_src comp="272" pin="3"/><net_sink comp="319" pin=0"/></net>

<net id="327"><net_src comp="324" pin="1"/><net_sink comp="139" pin=2"/></net>

<net id="331"><net_src comp="328" pin="1"/><net_sink comp="132" pin=2"/></net>

<net id="335"><net_src comp="332" pin="1"/><net_sink comp="125" pin=2"/></net>

<net id="339"><net_src comp="336" pin="1"/><net_sink comp="118" pin=2"/></net>

<net id="343"><net_src comp="74" pin="1"/><net_sink comp="340" pin=0"/></net>

<net id="344"><net_src comp="340" pin="1"/><net_sink comp="191" pin=1"/></net>

<net id="345"><net_src comp="340" pin="1"/><net_sink comp="196" pin=0"/></net>

<net id="346"><net_src comp="340" pin="1"/><net_sink comp="267" pin=1"/></net>

<net id="350"><net_src comp="78" pin="1"/><net_sink comp="347" pin=0"/></net>

<net id="351"><net_src comp="347" pin="1"/><net_sink comp="186" pin=1"/></net>

<net id="352"><net_src comp="347" pin="1"/><net_sink comp="319" pin=1"/></net>

<net id="353"><net_src comp="347" pin="1"/><net_sink comp="324" pin=0"/></net>

<net id="357"><net_src comp="82" pin="1"/><net_sink comp="354" pin=0"/></net>

<net id="358"><net_src comp="354" pin="1"/><net_sink comp="181" pin=1"/></net>

<net id="359"><net_src comp="354" pin="1"/><net_sink comp="286" pin=1"/></net>

<net id="360"><net_src comp="354" pin="1"/><net_sink comp="328" pin=0"/></net>

<net id="364"><net_src comp="86" pin="1"/><net_sink comp="361" pin=0"/></net>

<net id="365"><net_src comp="361" pin="1"/><net_sink comp="176" pin=1"/></net>

<net id="366"><net_src comp="361" pin="1"/><net_sink comp="297" pin=1"/></net>

<net id="367"><net_src comp="361" pin="1"/><net_sink comp="332" pin=0"/></net>

<net id="371"><net_src comp="90" pin="1"/><net_sink comp="368" pin=0"/></net>

<net id="372"><net_src comp="368" pin="1"/><net_sink comp="171" pin=1"/></net>

<net id="373"><net_src comp="368" pin="1"/><net_sink comp="308" pin=1"/></net>

<net id="374"><net_src comp="368" pin="1"/><net_sink comp="336" pin=0"/></net>

<net id="381"><net_src comp="211" pin="1"/><net_sink comp="378" pin=0"/></net>

<net id="385"><net_src comp="146" pin="3"/><net_sink comp="382" pin=0"/></net>

<net id="386"><net_src comp="382" pin="1"/><net_sink comp="153" pin=2"/></net>

<net id="390"><net_src comp="163" pin="3"/><net_sink comp="387" pin=0"/></net>

<net id="391"><net_src comp="387" pin="1"/><net_sink comp="153" pin=0"/></net>

</net_list>

</model> 
---------------- Datapath Model END ------------------

* FSMD analyzer results:
  - Output states:
	Port: in_buf | {}
	Port: compute_controller_bool_bool_unsigned_int_bool_bool_bool_bool_bool_u_183_out | {1 }
	Port: compute_controller_bool_bool_unsigned_int_bool_bool_bool_bool_bool_u_184_out | {1 }
	Port: compute_controller_bool_bool_unsigned_int_bool_bool_bool_bool_bool_u_185_out | {1 }
	Port: compute_controller_bool_bool_unsigned_int_bool_bool_bool_bool_bool_u_186_out | {1 }
	Port: compute_controller_bool_bool_unsigned_int_bool_bool_bool_bool_bool_u_64 | {2 }
	Port: compute_controller_bool_bool_unsigned_int_bool_bool_bool_bool_bool_u_63 | {2 }
	Port: compute_controller_bool_bool_unsigned_int_bool_bool_bool_bool_bool_u_62 | {2 }
	Port: compute_controller_bool_bool_unsigned_int_bool_bool_bool_bool_bool_u_61 | {2 }
 - Input state : 
	Port: compute_controller_Pipeline_VITIS_LOOP_601_31 : compute_controller_bool_bool_unsigned_int_bool_bool_bool_bool_bool_u_125 | {1 }
	Port: compute_controller_Pipeline_VITIS_LOOP_601_31 : compute_controller_bool_bool_unsigned_int_bool_bool_bool_bool_bool_u_126 | {1 }
	Port: compute_controller_Pipeline_VITIS_LOOP_601_31 : compute_controller_bool_bool_unsigned_int_bool_bool_bool_bool_bool_u_127 | {1 }
	Port: compute_controller_Pipeline_VITIS_LOOP_601_31 : compute_controller_bool_bool_unsigned_int_bool_bool_bool_bool_bool_u_128 | {1 }
	Port: compute_controller_Pipeline_VITIS_LOOP_601_31 : in_buf | {1 2 }
	Port: compute_controller_Pipeline_VITIS_LOOP_601_31 : compute_controller_bool_bool_unsigned_int_bool_bool_bool_bool_bool_u_64 | {}
	Port: compute_controller_Pipeline_VITIS_LOOP_601_31 : compute_controller_bool_bool_unsigned_int_bool_bool_bool_bool_bool_u_63 | {}
	Port: compute_controller_Pipeline_VITIS_LOOP_601_31 : compute_controller_bool_bool_unsigned_int_bool_bool_bool_bool_bool_u_62 | {}
	Port: compute_controller_Pipeline_VITIS_LOOP_601_31 : compute_controller_bool_bool_unsigned_int_bool_bool_bool_bool_bool_u_61 | {}
  - Chain level:
	State 1
		store_ln601 : 1
		i_6 : 1
		icmp_ln601 : 2
		add_ln601 : 2
		br_ln601 : 3
		trunc_ln601 : 2
		shl_ln603 : 2
		zext_ln603 : 2
		zext_ln568_3_cast : 3
		zext_ln568 : 4
		in_buf_addr : 5
		in_buf_load : 6
		zext_ln569 : 3
		zext_ln569_3_cast : 4
		zext_ln569_1 : 5
		in_buf_addr_7 : 6
		in_buf_load_7 : 7
		switch_ln603 : 3
		store_ln601 : 3
		compute_controller_bool_bool_unsigned_int_bool_bool_bool_bool_bool_u_229 : 1
		compute_controller_bool_bool_unsigned_int_bool_bool_bool_bool_bool_u_230 : 1
		compute_controller_bool_bool_unsigned_int_bool_bool_bool_bool_bool_u_231 : 1
		compute_controller_bool_bool_unsigned_int_bool_bool_bool_bool_bool_u_232 : 1
		write_ln0 : 2
		write_ln0 : 2
		write_ln0 : 2
		write_ln0 : 2
	State 2
		v : 1
		store_ln603 : 2
		store_ln570 : 2
		store_ln603 : 2
		store_ln570 : 2
		store_ln603 : 2
		store_ln570 : 2
		store_ln603 : 2
		store_ln570 : 2


============================================================
+ Verbose Summary: Datapath Resource usage 
============================================================

* Functional unit list:
|----------|--------------------------------------------------------------------------------------|---------|---------|
| Operation|                                    Functional Unit                                   |    FF   |   LUT   |
|----------|--------------------------------------------------------------------------------------|---------|---------|
|   icmp   |                                   icmp_ln601_fu_199                                  |    0    |    10   |
|----------|--------------------------------------------------------------------------------------|---------|---------|
|    add   |                                   add_ln601_fu_205                                   |    0    |    10   |
|----------|--------------------------------------------------------------------------------------|---------|---------|
|          |  compute_controller_bool_bool_unsigned_int_bool_bool_bool_bool_bool_u_225_read_fu_94 |    0    |    0    |
|   read   | compute_controller_bool_bool_unsigned_int_bool_bool_bool_bool_bool_u_226_read_fu_100 |    0    |    0    |
|          | compute_controller_bool_bool_unsigned_int_bool_bool_bool_bool_bool_u_227_read_fu_106 |    0    |    0    |
|          | compute_controller_bool_bool_unsigned_int_bool_bool_bool_bool_bool_u_228_read_fu_112 |    0    |    0    |
|----------|--------------------------------------------------------------------------------------|---------|---------|
|          |                                write_ln0_write_fu_118                                |    0    |    0    |
|   write  |                                write_ln0_write_fu_125                                |    0    |    0    |
|          |                                write_ln0_write_fu_132                                |    0    |    0    |
|          |                                write_ln0_write_fu_139                                |    0    |    0    |
|----------|--------------------------------------------------------------------------------------|---------|---------|
|   trunc  |                                  trunc_ln601_fu_211                                  |    0    |    0    |
|----------|--------------------------------------------------------------------------------------|---------|---------|
|    shl   |                                   shl_ln603_fu_215                                   |    0    |    0    |
|----------|--------------------------------------------------------------------------------------|---------|---------|
|          |                                   zext_ln603_fu_221                                  |    0    |    0    |
|   zext   |                                   zext_ln568_fu_233                                  |    0    |    0    |
|          |                                   zext_ln569_fu_238                                  |    0    |    0    |
|          |                                  zext_ln569_1_fu_252                                 |    0    |    0    |
|----------|--------------------------------------------------------------------------------------|---------|---------|
|          |                               zext_ln568_3_cast_fu_225                               |    0    |    0    |
|bitconcatenate|                               zext_ln569_3_cast_fu_242                               |    0    |    0    |
|          |                                       v_fu_272                                       |    0    |    0    |
|----------|--------------------------------------------------------------------------------------|---------|---------|
|  switch  |                                  switch_ln603_fu_257                                 |    0    |    0    |
|----------|--------------------------------------------------------------------------------------|---------|---------|
|   Total  |                                                                                      |    0    |    20   |
|----------|--------------------------------------------------------------------------------------|---------|---------|

Memories:
N/A

* Register list:
+--------------------------------------------------------------------------------+--------+
|                                                                                |   FF   |
+--------------------------------------------------------------------------------+--------+
|compute_controller_bool_bool_unsigned_int_bool_bool_bool_bool_bool_u_183_reg_368|   16   |
|compute_controller_bool_bool_unsigned_int_bool_bool_bool_bool_bool_u_184_reg_361|   16   |
|compute_controller_bool_bool_unsigned_int_bool_bool_bool_bool_bool_u_185_reg_354|   16   |
|compute_controller_bool_bool_unsigned_int_bool_bool_bool_bool_bool_u_186_reg_347|   16   |
|                                    i_reg_340                                   |    3   |
|                              in_buf_addr_7_reg_387                             |    8   |
|                               in_buf_addr_reg_382                              |    8   |
|                               trunc_ln601_reg_378                              |    2   |
+--------------------------------------------------------------------------------+--------+
|                                      Total                                     |   85   |
+--------------------------------------------------------------------------------+--------+

* Multiplexer (MUX) list: 
|-------------------|------|------|------|--------||---------||---------||---------|
|        Comp       |  Pin | Size |  BW  | S x BW ||  Delay  ||    FF   ||   LUT   |
|-------------------|------|------|------|--------||---------||---------||---------|
| grp_access_fu_153 |  p0  |   2  |   8  |   16   ||    0    ||    9    |
| grp_access_fu_153 |  p2  |   2  |   0  |    0   ||    0    ||    9    |
|-------------------|------|------|------|--------||---------||---------||---------|
|       Total       |      |      |      |   16   ||  0.854  ||    0    ||    18   |
|-------------------|------|------|------|--------||---------||---------||---------|



* Summary:
+-----------+--------+--------+--------+
|           |  Delay |   FF   |   LUT  |
+-----------+--------+--------+--------+
|  Function |    -   |    0   |   20   |
|   Memory  |    -   |    -   |    -   |
|Multiplexer|    0   |    0   |   18   |
|  Register |    -   |   85   |    -   |
+-----------+--------+--------+--------+
|   Total   |    0   |   85   |   38   |
+-----------+--------+--------+--------+
