

================================================================
== Vitis HLS Report for 'compute_controller_Pipeline_VITIS_LOOP_658_42'
================================================================
* Date:           Sat Jan 24 18:00:29 2026

* Version:        2025.1 (Build 6135595 on May 21 2025)
* Project:        compute_controller
* Solution:       hls (Vivado IP Flow Target)
* Product family: zynquplus
* Target device:  xck26-sfvc784-2LV-c


================================================================
== Performance Estimates
================================================================
+ Timing: 
    * Summary: 
    +--------+----------+----------+------------+
    |  Clock |  Target  | Estimated| Uncertainty|
    +--------+----------+----------+------------+
    |ap_clk  |  10.00 ns|  1.901 ns|     2.70 ns|
    +--------+----------+----------+------------+

+ Latency: 
    * Summary: 
    +---------+---------+----------+----------+-----+-----+------------------------------------------------+
    |  Latency (cycles) |  Latency (absolute) |  Interval |                    Pipeline                    |
    |   min   |   max   |    min   |    max   | min | max |                      Type                      |
    +---------+---------+----------+----------+-----+-----+------------------------------------------------+
    |       45|       45|  0.450 us|  0.450 us|   44|   44|  loop auto-rewind stp (delay=0 clock cycles(s))|
    +---------+---------+----------+----------+-----+-----+------------------------------------------------+

    + Detail: 
        * Instance: 
        N/A

        * Loop: 
        +---------------------+---------+---------+----------+-----------+-----------+------+----------+
        |                     |  Latency (cycles) | Iteration|  Initiation Interval  | Trip |          |
        |      Loop Name      |   min   |   max   |  Latency |  achieved |   target  | Count| Pipelined|
        +---------------------+---------+---------+----------+-----------+-----------+------+----------+
        |- VITIS_LOOP_658_42  |       43|       43|         1|          1|          1|    43|       yes|
        +---------------------+---------+---------+----------+-----------+-----------+------+----------+

============================================================
+ Verbose Summary: Synthesis Manager
============================================================
InlineROM: 1
ExposeGlobal: 0
============================================================
+ Verbose Summary: CDFG Model
============================================================
IsTopModel: 0
ResetActiveHigh: 1
IsCombinational: 0
IsDatapathOnly: 0
HasWiredReturn: 1
HasMFsm: 2
HasVarLatency: 1
IsPipeline: 0
IsRtlPipelined: 0
IsInstanceOverlapped: 0
IsDontTouch: 0
HasImplIP: 0
IsGatedGlobalClock: 0

+ Individual pipeline summary: 
  * Pipeline-0: initiation interval (II) = 1, depth = 1


============================================================
+ Verbose Summary: Schedule
============================================================
* Number of FSM states : 1
* Pipeline : 1
  Pipeline-0 : II = 1, D = 1, States = { 1 }
* Dataflow Pipeline: 0

* FSM state transitions: 
1 --> 

* FSM state operations: 

State 1 <SV = 0> <Delay = 1.90>
ST_1 : Operation 4 [1/1] (0.00ns)   --->   "%i = alloca i32 1" [/home/luka/Scripting/ELEC_498-Capstone-LiteLM/HLS-Verilog/Transformer_logic/src-hls/compute_controller.cpp:658]   --->   Operation 4 'alloca' 'i' <Predicate = true> <Delay = 0.00>
ST_1 : Operation 5 [1/1] (0.42ns)   --->   "%store_ln658 = store i6 5, i6 %i" [/home/luka/Scripting/ELEC_498-Capstone-LiteLM/HLS-Verilog/Transformer_logic/src-hls/compute_controller.cpp:658]   --->   Operation 5 'store' 'store_ln658' <Predicate = true> <Delay = 0.42>
ST_1 : Operation 6 [1/1] (0.00ns)   --->   "%br_ln0 = br void %for.inc681"   --->   Operation 6 'br' 'br_ln0' <Predicate = true> <Delay = 0.00>
ST_1 : Operation 7 [1/1] (0.00ns)   --->   "%i_1 = load i6 %i" [/home/luka/Scripting/ELEC_498-Capstone-LiteLM/HLS-Verilog/Transformer_logic/src-hls/compute_controller.cpp:658]   --->   Operation 7 'load' 'i_1' <Predicate = true> <Delay = 0.00>
ST_1 : Operation 8 [1/1] (0.78ns)   --->   "%icmp_ln658 = icmp_eq  i6 %i_1, i6 48" [/home/luka/Scripting/ELEC_498-Capstone-LiteLM/HLS-Verilog/Transformer_logic/src-hls/compute_controller.cpp:658]   --->   Operation 8 'icmp' 'icmp_ln658' <Predicate = true> <Delay = 0.78> <CoreInst = "Cmp">   --->   Core 9 'Cmp' <Latency = 0> <II = 1> <Delay = 0.78> <FuncUnit> <Opcode : 'seteq' 'setne' 'setle' 'setge' 'setlt' 'setgt'> <InPorts = 2> <OutPorts = 1>
ST_1 : Operation 9 [1/1] (0.00ns)   --->   "%br_ln658 = br i1 %icmp_ln658, void %for.inc681.split, void %for.end683.exitStub" [/home/luka/Scripting/ELEC_498-Capstone-LiteLM/HLS-Verilog/Transformer_logic/src-hls/compute_controller.cpp:658]   --->   Operation 9 'br' 'br_ln658' <Predicate = true> <Delay = 0.00>
ST_1 : Operation 10 [1/1] (0.00ns)   --->   "%trunc_ln658 = trunc i6 %i_1" [/home/luka/Scripting/ELEC_498-Capstone-LiteLM/HLS-Verilog/Transformer_logic/src-hls/compute_controller.cpp:658]   --->   Operation 10 'trunc' 'trunc_ln658' <Predicate = (!icmp_ln658)> <Delay = 0.00>
ST_1 : Operation 11 [1/1] (0.00ns)   --->   "%specpipeline_ln659 = specpipeline void @_ssdm_op_SpecPipeline, i32 1, i32 0, i32 0, i32 0, void @empty_15" [/home/luka/Scripting/ELEC_498-Capstone-LiteLM/HLS-Verilog/Transformer_logic/src-hls/compute_controller.cpp:659]   --->   Operation 11 'specpipeline' 'specpipeline_ln659' <Predicate = (!icmp_ln658)> <Delay = 0.00>
ST_1 : Operation 12 [1/1] (0.00ns)   --->   "%speclooptripcount_ln658 = speclooptripcount void @_ssdm_op_SpecLoopTripCount, i64 43, i64 43, i64 43" [/home/luka/Scripting/ELEC_498-Capstone-LiteLM/HLS-Verilog/Transformer_logic/src-hls/compute_controller.cpp:658]   --->   Operation 12 'speclooptripcount' 'speclooptripcount_ln658' <Predicate = (!icmp_ln658)> <Delay = 0.00>
ST_1 : Operation 13 [1/1] (0.00ns)   --->   "%specloopname_ln658 = specloopname void @_ssdm_op_SpecLoopName, void @empty_7" [/home/luka/Scripting/ELEC_498-Capstone-LiteLM/HLS-Verilog/Transformer_logic/src-hls/compute_controller.cpp:658]   --->   Operation 13 'specloopname' 'specloopname_ln658' <Predicate = (!icmp_ln658)> <Delay = 0.00>
ST_1 : Operation 14 [1/1] (0.00ns)   --->   "%lshr_ln = partselect i2 @_ssdm_op_PartSelect.i2.i6.i32.i32, i6 %i_1, i32 4, i32 5" [/home/luka/Scripting/ELEC_498-Capstone-LiteLM/HLS-Verilog/Transformer_logic/src-hls/compute_controller.cpp:658]   --->   Operation 14 'partselect' 'lshr_ln' <Predicate = (!icmp_ln658)> <Delay = 0.00>
ST_1 : Operation 15 [1/1] (0.00ns)   --->   "%zext_ln658 = zext i2 %lshr_ln" [/home/luka/Scripting/ELEC_498-Capstone-LiteLM/HLS-Verilog/Transformer_logic/src-hls/compute_controller.cpp:658]   --->   Operation 15 'zext' 'zext_ln658' <Predicate = (!icmp_ln658)> <Delay = 0.00>
ST_1 : Operation 16 [1/1] (0.00ns)   --->   "%compute_controller_bool_bool_unsigned_int_bool_bool_bool_bool_bool_u_209 = getelementptr i16 %compute_controller_bool_bool_unsigned_int_bool_bool_bool_bool_bool_u_69, i64 0, i64 %zext_ln658" [/home/luka/Scripting/ELEC_498-Capstone-LiteLM/HLS-Verilog/Transformer_logic/src-hls/compute_controller.cpp:660]   --->   Operation 16 'getelementptr' 'compute_controller_bool_bool_unsigned_int_bool_bool_bool_bool_bool_u_209' <Predicate = (!icmp_ln658)> <Delay = 0.00>
ST_1 : Operation 17 [1/1] (0.00ns)   --->   "%compute_controller_bool_bool_unsigned_int_bool_bool_bool_bool_bool_u_210 = getelementptr i16 %compute_controller_bool_bool_unsigned_int_bool_bool_bool_bool_bool_u_68, i64 0, i64 %zext_ln658" [/home/luka/Scripting/ELEC_498-Capstone-LiteLM/HLS-Verilog/Transformer_logic/src-hls/compute_controller.cpp:660]   --->   Operation 17 'getelementptr' 'compute_controller_bool_bool_unsigned_int_bool_bool_bool_bool_bool_u_210' <Predicate = (!icmp_ln658)> <Delay = 0.00>
ST_1 : Operation 18 [1/1] (0.00ns)   --->   "%compute_controller_bool_bool_unsigned_int_bool_bool_bool_bool_bool_u_211 = getelementptr i16 %compute_controller_bool_bool_unsigned_int_bool_bool_bool_bool_bool_u_67, i64 0, i64 %zext_ln658" [/home/luka/Scripting/ELEC_498-Capstone-LiteLM/HLS-Verilog/Transformer_logic/src-hls/compute_controller.cpp:660]   --->   Operation 18 'getelementptr' 'compute_controller_bool_bool_unsigned_int_bool_bool_bool_bool_bool_u_211' <Predicate = (!icmp_ln658)> <Delay = 0.00>
ST_1 : Operation 19 [1/1] (0.00ns)   --->   "%compute_controller_bool_bool_unsigned_int_bool_bool_bool_bool_bool_u_212 = getelementptr i16 %compute_controller_bool_bool_unsigned_int_bool_bool_bool_bool_bool_u_66, i64 0, i64 %zext_ln658" [/home/luka/Scripting/ELEC_498-Capstone-LiteLM/HLS-Verilog/Transformer_logic/src-hls/compute_controller.cpp:660]   --->   Operation 19 'getelementptr' 'compute_controller_bool_bool_unsigned_int_bool_bool_bool_bool_bool_u_212' <Predicate = (!icmp_ln658)> <Delay = 0.00>
ST_1 : Operation 20 [1/1] (0.00ns)   --->   "%compute_controller_bool_bool_unsigned_int_bool_bool_bool_bool_bool_u_213 = getelementptr i16 %compute_controller_bool_bool_unsigned_int_bool_bool_bool_bool_bool_u_65, i64 0, i64 %zext_ln658" [/home/luka/Scripting/ELEC_498-Capstone-LiteLM/HLS-Verilog/Transformer_logic/src-hls/compute_controller.cpp:660]   --->   Operation 20 'getelementptr' 'compute_controller_bool_bool_unsigned_int_bool_bool_bool_bool_bool_u_213' <Predicate = (!icmp_ln658)> <Delay = 0.00>
ST_1 : Operation 21 [1/1] (0.00ns)   --->   "%compute_controller_bool_bool_unsigned_int_bool_bool_bool_bool_bool_u_214 = getelementptr i16 %compute_controller_bool_bool_unsigned_int_bool_bool_bool_bool_bool_u_64, i64 0, i64 %zext_ln658" [/home/luka/Scripting/ELEC_498-Capstone-LiteLM/HLS-Verilog/Transformer_logic/src-hls/compute_controller.cpp:660]   --->   Operation 21 'getelementptr' 'compute_controller_bool_bool_unsigned_int_bool_bool_bool_bool_bool_u_214' <Predicate = (!icmp_ln658)> <Delay = 0.00>
ST_1 : Operation 22 [1/1] (0.00ns)   --->   "%compute_controller_bool_bool_unsigned_int_bool_bool_bool_bool_bool_u_215 = getelementptr i16 %compute_controller_bool_bool_unsigned_int_bool_bool_bool_bool_bool_u_63, i64 0, i64 %zext_ln658" [/home/luka/Scripting/ELEC_498-Capstone-LiteLM/HLS-Verilog/Transformer_logic/src-hls/compute_controller.cpp:660]   --->   Operation 22 'getelementptr' 'compute_controller_bool_bool_unsigned_int_bool_bool_bool_bool_bool_u_215' <Predicate = (!icmp_ln658)> <Delay = 0.00>
ST_1 : Operation 23 [1/1] (0.00ns)   --->   "%compute_controller_bool_bool_unsigned_int_bool_bool_bool_bool_bool_u_216 = getelementptr i16 %compute_controller_bool_bool_unsigned_int_bool_bool_bool_bool_bool_u_62, i64 0, i64 %zext_ln658" [/home/luka/Scripting/ELEC_498-Capstone-LiteLM/HLS-Verilog/Transformer_logic/src-hls/compute_controller.cpp:660]   --->   Operation 23 'getelementptr' 'compute_controller_bool_bool_unsigned_int_bool_bool_bool_bool_bool_u_216' <Predicate = (!icmp_ln658)> <Delay = 0.00>
ST_1 : Operation 24 [1/1] (0.00ns)   --->   "%compute_controller_bool_bool_unsigned_int_bool_bool_bool_bool_bool_u_217 = getelementptr i16 %compute_controller_bool_bool_unsigned_int_bool_bool_bool_bool_bool_u_61, i64 0, i64 %zext_ln658" [/home/luka/Scripting/ELEC_498-Capstone-LiteLM/HLS-Verilog/Transformer_logic/src-hls/compute_controller.cpp:660]   --->   Operation 24 'getelementptr' 'compute_controller_bool_bool_unsigned_int_bool_bool_bool_bool_bool_u_217' <Predicate = (!icmp_ln658)> <Delay = 0.00>
ST_1 : Operation 25 [1/1] (0.00ns)   --->   "%compute_controller_bool_bool_unsigned_int_bool_bool_bool_bool_bool_u_218 = getelementptr i16 %compute_controller_bool_bool_unsigned_int_bool_bool_bool_bool_bool_u_60, i64 0, i64 %zext_ln658" [/home/luka/Scripting/ELEC_498-Capstone-LiteLM/HLS-Verilog/Transformer_logic/src-hls/compute_controller.cpp:660]   --->   Operation 25 'getelementptr' 'compute_controller_bool_bool_unsigned_int_bool_bool_bool_bool_bool_u_218' <Predicate = (!icmp_ln658)> <Delay = 0.00>
ST_1 : Operation 26 [1/1] (0.00ns)   --->   "%p_ZZ18compute_controllerbbjRbS_bS_S_RjPKhPhR12ComputeStateS0_RhS6_S6_S6_S_S_S_S_E_90 = getelementptr i16 %p_ZZ18compute_controllerbbjRbS_bS_S_RjPKhPhR12ComputeStateS0_RhS6_S6_S6_S_S_S_S_E_53, i64 0, i64 %zext_ln658" [/home/luka/Scripting/ELEC_498-Capstone-LiteLM/HLS-Verilog/Transformer_logic/src-hls/compute_controller.cpp:660]   --->   Operation 26 'getelementptr' 'p_ZZ18compute_controllerbbjRbS_bS_S_RjPKhPhR12ComputeStateS0_RhS6_S6_S6_S_S_S_S_E_90' <Predicate = (!icmp_ln658)> <Delay = 0.00>
ST_1 : Operation 27 [1/1] (0.00ns)   --->   "%p_ZZ18compute_controllerbbjRbS_bS_S_RjPKhPhR12ComputeStateS0_RhS6_S6_S6_S_S_S_S_E_91 = getelementptr i16 %p_ZZ18compute_controllerbbjRbS_bS_S_RjPKhPhR12ComputeStateS0_RhS6_S6_S6_S_S_S_S_E_52, i64 0, i64 %zext_ln658" [/home/luka/Scripting/ELEC_498-Capstone-LiteLM/HLS-Verilog/Transformer_logic/src-hls/compute_controller.cpp:660]   --->   Operation 27 'getelementptr' 'p_ZZ18compute_controllerbbjRbS_bS_S_RjPKhPhR12ComputeStateS0_RhS6_S6_S6_S_S_S_S_E_91' <Predicate = (!icmp_ln658)> <Delay = 0.00>
ST_1 : Operation 28 [1/1] (0.00ns)   --->   "%p_ZZ18compute_controllerbbjRbS_bS_S_RjPKhPhR12ComputeStateS0_RhS6_S6_S6_S_S_S_S_E_92 = getelementptr i16 %p_ZZ18compute_controllerbbjRbS_bS_S_RjPKhPhR12ComputeStateS0_RhS6_S6_S6_S_S_S_S_E_51, i64 0, i64 %zext_ln658" [/home/luka/Scripting/ELEC_498-Capstone-LiteLM/HLS-Verilog/Transformer_logic/src-hls/compute_controller.cpp:660]   --->   Operation 28 'getelementptr' 'p_ZZ18compute_controllerbbjRbS_bS_S_RjPKhPhR12ComputeStateS0_RhS6_S6_S6_S_S_S_S_E_92' <Predicate = (!icmp_ln658)> <Delay = 0.00>
ST_1 : Operation 29 [1/1] (0.00ns)   --->   "%p_ZZ18compute_controllerbbjRbS_bS_S_RjPKhPhR12ComputeStateS0_RhS6_S6_S6_S_S_S_S_E_93 = getelementptr i16 %p_ZZ18compute_controllerbbjRbS_bS_S_RjPKhPhR12ComputeStateS0_RhS6_S6_S6_S_S_S_S_E_50, i64 0, i64 %zext_ln658" [/home/luka/Scripting/ELEC_498-Capstone-LiteLM/HLS-Verilog/Transformer_logic/src-hls/compute_controller.cpp:660]   --->   Operation 29 'getelementptr' 'p_ZZ18compute_controllerbbjRbS_bS_S_RjPKhPhR12ComputeStateS0_RhS6_S6_S6_S_S_S_S_E_93' <Predicate = (!icmp_ln658)> <Delay = 0.00>
ST_1 : Operation 30 [1/1] (0.00ns)   --->   "%p_ZZ18compute_controllerbbjRbS_bS_S_RjPKhPhR12ComputeStateS0_RhS6_S6_S6_S_S_S_S_E_94 = getelementptr i16 %p_ZZ18compute_controllerbbjRbS_bS_S_RjPKhPhR12ComputeStateS0_RhS6_S6_S6_S_S_S_S_E_49, i64 0, i64 %zext_ln658" [/home/luka/Scripting/ELEC_498-Capstone-LiteLM/HLS-Verilog/Transformer_logic/src-hls/compute_controller.cpp:660]   --->   Operation 30 'getelementptr' 'p_ZZ18compute_controllerbbjRbS_bS_S_RjPKhPhR12ComputeStateS0_RhS6_S6_S6_S_S_S_S_E_94' <Predicate = (!icmp_ln658)> <Delay = 0.00>
ST_1 : Operation 31 [1/1] (0.00ns)   --->   "%p_ZZ18compute_controllerbbjRbS_bS_S_RjPKhPhR12ComputeStateS0_RhS6_S6_S6_S_S_S_S_E_95 = getelementptr i16 %p_ZZ18compute_controllerbbjRbS_bS_S_RjPKhPhR12ComputeStateS0_RhS6_S6_S6_S_S_S_S_E_48, i64 0, i64 %zext_ln658" [/home/luka/Scripting/ELEC_498-Capstone-LiteLM/HLS-Verilog/Transformer_logic/src-hls/compute_controller.cpp:660]   --->   Operation 31 'getelementptr' 'p_ZZ18compute_controllerbbjRbS_bS_S_RjPKhPhR12ComputeStateS0_RhS6_S6_S6_S_S_S_S_E_95' <Predicate = (!icmp_ln658)> <Delay = 0.00>
ST_1 : Operation 32 [1/1] (0.79ns)   --->   "%switch_ln660 = switch i4 %trunc_ln658, void %arrayidx680.case.15, i4 0, void %arrayidx680.case.0, i4 1, void %arrayidx680.case.1, i4 2, void %arrayidx680.case.2, i4 3, void %arrayidx680.case.3, i4 4, void %arrayidx680.case.4, i4 5, void %arrayidx680.case.5, i4 6, void %arrayidx680.case.6, i4 7, void %arrayidx680.case.7, i4 8, void %arrayidx680.case.8, i4 9, void %arrayidx680.case.9, i4 10, void %arrayidx680.case.10, i4 11, void %arrayidx680.case.11, i4 12, void %arrayidx680.case.12, i4 13, void %arrayidx680.case.13, i4 14, void %arrayidx680.case.14" [/home/luka/Scripting/ELEC_498-Capstone-LiteLM/HLS-Verilog/Transformer_logic/src-hls/compute_controller.cpp:660]   --->   Operation 32 'switch' 'switch_ln660' <Predicate = (!icmp_ln658)> <Delay = 0.79>
ST_1 : Operation 33 [1/1] ( I:0.67ns O:0.67ns )   --->   "%store_ln660 = store i16 0, i2 %p_ZZ18compute_controllerbbjRbS_bS_S_RjPKhPhR12ComputeStateS0_RhS6_S6_S6_S_S_S_S_E_94" [/home/luka/Scripting/ELEC_498-Capstone-LiteLM/HLS-Verilog/Transformer_logic/src-hls/compute_controller.cpp:660]   --->   Operation 33 'store' 'store_ln660' <Predicate = (!icmp_ln658 & trunc_ln658 == 14)> <Delay = 0.67> <CoreInst = "RAM">   --->   Core 82 'RAM' <Latency = 1> <II = 1> <Delay = 0.67> <Storage> <Opcode : 'load' 'store'> <Ports = 2> <Width = 16> <Depth = 3> <RAM>
ST_1 : Operation 34 [1/1] (0.00ns)   --->   "%br_ln660 = br void %arrayidx680.exit" [/home/luka/Scripting/ELEC_498-Capstone-LiteLM/HLS-Verilog/Transformer_logic/src-hls/compute_controller.cpp:660]   --->   Operation 34 'br' 'br_ln660' <Predicate = (!icmp_ln658 & trunc_ln658 == 14)> <Delay = 0.00>
ST_1 : Operation 35 [1/1] ( I:0.67ns O:0.67ns )   --->   "%store_ln660 = store i16 0, i2 %p_ZZ18compute_controllerbbjRbS_bS_S_RjPKhPhR12ComputeStateS0_RhS6_S6_S6_S_S_S_S_E_93" [/home/luka/Scripting/ELEC_498-Capstone-LiteLM/HLS-Verilog/Transformer_logic/src-hls/compute_controller.cpp:660]   --->   Operation 35 'store' 'store_ln660' <Predicate = (!icmp_ln658 & trunc_ln658 == 13)> <Delay = 0.67> <CoreInst = "RAM">   --->   Core 82 'RAM' <Latency = 1> <II = 1> <Delay = 0.67> <Storage> <Opcode : 'load' 'store'> <Ports = 2> <Width = 16> <Depth = 3> <RAM>
ST_1 : Operation 36 [1/1] (0.00ns)   --->   "%br_ln660 = br void %arrayidx680.exit" [/home/luka/Scripting/ELEC_498-Capstone-LiteLM/HLS-Verilog/Transformer_logic/src-hls/compute_controller.cpp:660]   --->   Operation 36 'br' 'br_ln660' <Predicate = (!icmp_ln658 & trunc_ln658 == 13)> <Delay = 0.00>
ST_1 : Operation 37 [1/1] ( I:0.67ns O:0.67ns )   --->   "%store_ln660 = store i16 0, i2 %p_ZZ18compute_controllerbbjRbS_bS_S_RjPKhPhR12ComputeStateS0_RhS6_S6_S6_S_S_S_S_E_92" [/home/luka/Scripting/ELEC_498-Capstone-LiteLM/HLS-Verilog/Transformer_logic/src-hls/compute_controller.cpp:660]   --->   Operation 37 'store' 'store_ln660' <Predicate = (!icmp_ln658 & trunc_ln658 == 12)> <Delay = 0.67> <CoreInst = "RAM">   --->   Core 82 'RAM' <Latency = 1> <II = 1> <Delay = 0.67> <Storage> <Opcode : 'load' 'store'> <Ports = 2> <Width = 16> <Depth = 3> <RAM>
ST_1 : Operation 38 [1/1] (0.00ns)   --->   "%br_ln660 = br void %arrayidx680.exit" [/home/luka/Scripting/ELEC_498-Capstone-LiteLM/HLS-Verilog/Transformer_logic/src-hls/compute_controller.cpp:660]   --->   Operation 38 'br' 'br_ln660' <Predicate = (!icmp_ln658 & trunc_ln658 == 12)> <Delay = 0.00>
ST_1 : Operation 39 [1/1] ( I:0.67ns O:0.67ns )   --->   "%store_ln660 = store i16 0, i2 %p_ZZ18compute_controllerbbjRbS_bS_S_RjPKhPhR12ComputeStateS0_RhS6_S6_S6_S_S_S_S_E_91" [/home/luka/Scripting/ELEC_498-Capstone-LiteLM/HLS-Verilog/Transformer_logic/src-hls/compute_controller.cpp:660]   --->   Operation 39 'store' 'store_ln660' <Predicate = (!icmp_ln658 & trunc_ln658 == 11)> <Delay = 0.67> <CoreInst = "RAM">   --->   Core 82 'RAM' <Latency = 1> <II = 1> <Delay = 0.67> <Storage> <Opcode : 'load' 'store'> <Ports = 2> <Width = 16> <Depth = 3> <RAM>
ST_1 : Operation 40 [1/1] (0.00ns)   --->   "%br_ln660 = br void %arrayidx680.exit" [/home/luka/Scripting/ELEC_498-Capstone-LiteLM/HLS-Verilog/Transformer_logic/src-hls/compute_controller.cpp:660]   --->   Operation 40 'br' 'br_ln660' <Predicate = (!icmp_ln658 & trunc_ln658 == 11)> <Delay = 0.00>
ST_1 : Operation 41 [1/1] ( I:0.67ns O:0.67ns )   --->   "%store_ln660 = store i16 0, i2 %p_ZZ18compute_controllerbbjRbS_bS_S_RjPKhPhR12ComputeStateS0_RhS6_S6_S6_S_S_S_S_E_90" [/home/luka/Scripting/ELEC_498-Capstone-LiteLM/HLS-Verilog/Transformer_logic/src-hls/compute_controller.cpp:660]   --->   Operation 41 'store' 'store_ln660' <Predicate = (!icmp_ln658 & trunc_ln658 == 10)> <Delay = 0.67> <CoreInst = "RAM">   --->   Core 82 'RAM' <Latency = 1> <II = 1> <Delay = 0.67> <Storage> <Opcode : 'load' 'store'> <Ports = 2> <Width = 16> <Depth = 3> <RAM>
ST_1 : Operation 42 [1/1] (0.00ns)   --->   "%br_ln660 = br void %arrayidx680.exit" [/home/luka/Scripting/ELEC_498-Capstone-LiteLM/HLS-Verilog/Transformer_logic/src-hls/compute_controller.cpp:660]   --->   Operation 42 'br' 'br_ln660' <Predicate = (!icmp_ln658 & trunc_ln658 == 10)> <Delay = 0.00>
ST_1 : Operation 43 [1/1] ( I:0.67ns O:0.67ns )   --->   "%store_ln660 = store i16 0, i2 %compute_controller_bool_bool_unsigned_int_bool_bool_bool_bool_bool_u_218" [/home/luka/Scripting/ELEC_498-Capstone-LiteLM/HLS-Verilog/Transformer_logic/src-hls/compute_controller.cpp:660]   --->   Operation 43 'store' 'store_ln660' <Predicate = (!icmp_ln658 & trunc_ln658 == 9)> <Delay = 0.67> <CoreInst = "RAM">   --->   Core 82 'RAM' <Latency = 1> <II = 1> <Delay = 0.67> <Storage> <Opcode : 'load' 'store'> <Ports = 2> <Width = 16> <Depth = 3> <RAM>
ST_1 : Operation 44 [1/1] (0.00ns)   --->   "%br_ln660 = br void %arrayidx680.exit" [/home/luka/Scripting/ELEC_498-Capstone-LiteLM/HLS-Verilog/Transformer_logic/src-hls/compute_controller.cpp:660]   --->   Operation 44 'br' 'br_ln660' <Predicate = (!icmp_ln658 & trunc_ln658 == 9)> <Delay = 0.00>
ST_1 : Operation 45 [1/1] ( I:0.67ns O:0.67ns )   --->   "%store_ln660 = store i16 0, i2 %compute_controller_bool_bool_unsigned_int_bool_bool_bool_bool_bool_u_217" [/home/luka/Scripting/ELEC_498-Capstone-LiteLM/HLS-Verilog/Transformer_logic/src-hls/compute_controller.cpp:660]   --->   Operation 45 'store' 'store_ln660' <Predicate = (!icmp_ln658 & trunc_ln658 == 8)> <Delay = 0.67> <CoreInst = "RAM">   --->   Core 82 'RAM' <Latency = 1> <II = 1> <Delay = 0.67> <Storage> <Opcode : 'load' 'store'> <Ports = 2> <Width = 16> <Depth = 3> <RAM>
ST_1 : Operation 46 [1/1] (0.00ns)   --->   "%br_ln660 = br void %arrayidx680.exit" [/home/luka/Scripting/ELEC_498-Capstone-LiteLM/HLS-Verilog/Transformer_logic/src-hls/compute_controller.cpp:660]   --->   Operation 46 'br' 'br_ln660' <Predicate = (!icmp_ln658 & trunc_ln658 == 8)> <Delay = 0.00>
ST_1 : Operation 47 [1/1] ( I:0.67ns O:0.67ns )   --->   "%store_ln660 = store i16 0, i2 %compute_controller_bool_bool_unsigned_int_bool_bool_bool_bool_bool_u_216" [/home/luka/Scripting/ELEC_498-Capstone-LiteLM/HLS-Verilog/Transformer_logic/src-hls/compute_controller.cpp:660]   --->   Operation 47 'store' 'store_ln660' <Predicate = (!icmp_ln658 & trunc_ln658 == 7)> <Delay = 0.67> <CoreInst = "RAM">   --->   Core 82 'RAM' <Latency = 1> <II = 1> <Delay = 0.67> <Storage> <Opcode : 'load' 'store'> <Ports = 2> <Width = 16> <Depth = 3> <RAM>
ST_1 : Operation 48 [1/1] (0.00ns)   --->   "%br_ln660 = br void %arrayidx680.exit" [/home/luka/Scripting/ELEC_498-Capstone-LiteLM/HLS-Verilog/Transformer_logic/src-hls/compute_controller.cpp:660]   --->   Operation 48 'br' 'br_ln660' <Predicate = (!icmp_ln658 & trunc_ln658 == 7)> <Delay = 0.00>
ST_1 : Operation 49 [1/1] ( I:0.67ns O:0.67ns )   --->   "%store_ln660 = store i16 0, i2 %compute_controller_bool_bool_unsigned_int_bool_bool_bool_bool_bool_u_215" [/home/luka/Scripting/ELEC_498-Capstone-LiteLM/HLS-Verilog/Transformer_logic/src-hls/compute_controller.cpp:660]   --->   Operation 49 'store' 'store_ln660' <Predicate = (!icmp_ln658 & trunc_ln658 == 6)> <Delay = 0.67> <CoreInst = "RAM">   --->   Core 82 'RAM' <Latency = 1> <II = 1> <Delay = 0.67> <Storage> <Opcode : 'load' 'store'> <Ports = 2> <Width = 16> <Depth = 3> <RAM>
ST_1 : Operation 50 [1/1] (0.00ns)   --->   "%br_ln660 = br void %arrayidx680.exit" [/home/luka/Scripting/ELEC_498-Capstone-LiteLM/HLS-Verilog/Transformer_logic/src-hls/compute_controller.cpp:660]   --->   Operation 50 'br' 'br_ln660' <Predicate = (!icmp_ln658 & trunc_ln658 == 6)> <Delay = 0.00>
ST_1 : Operation 51 [1/1] ( I:0.67ns O:0.67ns )   --->   "%store_ln660 = store i16 0, i2 %compute_controller_bool_bool_unsigned_int_bool_bool_bool_bool_bool_u_214" [/home/luka/Scripting/ELEC_498-Capstone-LiteLM/HLS-Verilog/Transformer_logic/src-hls/compute_controller.cpp:660]   --->   Operation 51 'store' 'store_ln660' <Predicate = (!icmp_ln658 & trunc_ln658 == 5)> <Delay = 0.67> <CoreInst = "RAM">   --->   Core 82 'RAM' <Latency = 1> <II = 1> <Delay = 0.67> <Storage> <Opcode : 'load' 'store'> <Ports = 2> <Width = 16> <Depth = 3> <RAM>
ST_1 : Operation 52 [1/1] (0.00ns)   --->   "%br_ln660 = br void %arrayidx680.exit" [/home/luka/Scripting/ELEC_498-Capstone-LiteLM/HLS-Verilog/Transformer_logic/src-hls/compute_controller.cpp:660]   --->   Operation 52 'br' 'br_ln660' <Predicate = (!icmp_ln658 & trunc_ln658 == 5)> <Delay = 0.00>
ST_1 : Operation 53 [1/1] ( I:0.67ns O:0.67ns )   --->   "%store_ln660 = store i16 0, i2 %compute_controller_bool_bool_unsigned_int_bool_bool_bool_bool_bool_u_213" [/home/luka/Scripting/ELEC_498-Capstone-LiteLM/HLS-Verilog/Transformer_logic/src-hls/compute_controller.cpp:660]   --->   Operation 53 'store' 'store_ln660' <Predicate = (!icmp_ln658 & trunc_ln658 == 4)> <Delay = 0.67> <CoreInst = "RAM">   --->   Core 82 'RAM' <Latency = 1> <II = 1> <Delay = 0.67> <Storage> <Opcode : 'load' 'store'> <Ports = 2> <Width = 16> <Depth = 3> <RAM>
ST_1 : Operation 54 [1/1] (0.00ns)   --->   "%br_ln660 = br void %arrayidx680.exit" [/home/luka/Scripting/ELEC_498-Capstone-LiteLM/HLS-Verilog/Transformer_logic/src-hls/compute_controller.cpp:660]   --->   Operation 54 'br' 'br_ln660' <Predicate = (!icmp_ln658 & trunc_ln658 == 4)> <Delay = 0.00>
ST_1 : Operation 55 [1/1] ( I:0.67ns O:0.67ns )   --->   "%store_ln660 = store i16 0, i2 %compute_controller_bool_bool_unsigned_int_bool_bool_bool_bool_bool_u_212" [/home/luka/Scripting/ELEC_498-Capstone-LiteLM/HLS-Verilog/Transformer_logic/src-hls/compute_controller.cpp:660]   --->   Operation 55 'store' 'store_ln660' <Predicate = (!icmp_ln658 & trunc_ln658 == 3)> <Delay = 0.67> <CoreInst = "RAM">   --->   Core 82 'RAM' <Latency = 1> <II = 1> <Delay = 0.67> <Storage> <Opcode : 'load' 'store'> <Ports = 2> <Width = 16> <Depth = 3> <RAM>
ST_1 : Operation 56 [1/1] (0.00ns)   --->   "%br_ln660 = br void %arrayidx680.exit" [/home/luka/Scripting/ELEC_498-Capstone-LiteLM/HLS-Verilog/Transformer_logic/src-hls/compute_controller.cpp:660]   --->   Operation 56 'br' 'br_ln660' <Predicate = (!icmp_ln658 & trunc_ln658 == 3)> <Delay = 0.00>
ST_1 : Operation 57 [1/1] ( I:0.67ns O:0.67ns )   --->   "%store_ln660 = store i16 0, i2 %compute_controller_bool_bool_unsigned_int_bool_bool_bool_bool_bool_u_211" [/home/luka/Scripting/ELEC_498-Capstone-LiteLM/HLS-Verilog/Transformer_logic/src-hls/compute_controller.cpp:660]   --->   Operation 57 'store' 'store_ln660' <Predicate = (!icmp_ln658 & trunc_ln658 == 2)> <Delay = 0.67> <CoreInst = "RAM">   --->   Core 82 'RAM' <Latency = 1> <II = 1> <Delay = 0.67> <Storage> <Opcode : 'load' 'store'> <Ports = 2> <Width = 16> <Depth = 3> <RAM>
ST_1 : Operation 58 [1/1] (0.00ns)   --->   "%br_ln660 = br void %arrayidx680.exit" [/home/luka/Scripting/ELEC_498-Capstone-LiteLM/HLS-Verilog/Transformer_logic/src-hls/compute_controller.cpp:660]   --->   Operation 58 'br' 'br_ln660' <Predicate = (!icmp_ln658 & trunc_ln658 == 2)> <Delay = 0.00>
ST_1 : Operation 59 [1/1] ( I:0.67ns O:0.67ns )   --->   "%store_ln660 = store i16 0, i2 %compute_controller_bool_bool_unsigned_int_bool_bool_bool_bool_bool_u_210" [/home/luka/Scripting/ELEC_498-Capstone-LiteLM/HLS-Verilog/Transformer_logic/src-hls/compute_controller.cpp:660]   --->   Operation 59 'store' 'store_ln660' <Predicate = (!icmp_ln658 & trunc_ln658 == 1)> <Delay = 0.67> <CoreInst = "RAM">   --->   Core 82 'RAM' <Latency = 1> <II = 1> <Delay = 0.67> <Storage> <Opcode : 'load' 'store'> <Ports = 2> <Width = 16> <Depth = 3> <RAM>
ST_1 : Operation 60 [1/1] (0.00ns)   --->   "%br_ln660 = br void %arrayidx680.exit" [/home/luka/Scripting/ELEC_498-Capstone-LiteLM/HLS-Verilog/Transformer_logic/src-hls/compute_controller.cpp:660]   --->   Operation 60 'br' 'br_ln660' <Predicate = (!icmp_ln658 & trunc_ln658 == 1)> <Delay = 0.00>
ST_1 : Operation 61 [1/1] ( I:0.67ns O:0.67ns )   --->   "%store_ln660 = store i16 0, i2 %compute_controller_bool_bool_unsigned_int_bool_bool_bool_bool_bool_u_209" [/home/luka/Scripting/ELEC_498-Capstone-LiteLM/HLS-Verilog/Transformer_logic/src-hls/compute_controller.cpp:660]   --->   Operation 61 'store' 'store_ln660' <Predicate = (!icmp_ln658 & trunc_ln658 == 0)> <Delay = 0.67> <CoreInst = "RAM">   --->   Core 82 'RAM' <Latency = 1> <II = 1> <Delay = 0.67> <Storage> <Opcode : 'load' 'store'> <Ports = 2> <Width = 16> <Depth = 3> <RAM>
ST_1 : Operation 62 [1/1] (0.00ns)   --->   "%br_ln660 = br void %arrayidx680.exit" [/home/luka/Scripting/ELEC_498-Capstone-LiteLM/HLS-Verilog/Transformer_logic/src-hls/compute_controller.cpp:660]   --->   Operation 62 'br' 'br_ln660' <Predicate = (!icmp_ln658 & trunc_ln658 == 0)> <Delay = 0.00>
ST_1 : Operation 63 [1/1] ( I:0.67ns O:0.67ns )   --->   "%store_ln660 = store i16 0, i2 %p_ZZ18compute_controllerbbjRbS_bS_S_RjPKhPhR12ComputeStateS0_RhS6_S6_S6_S_S_S_S_E_95" [/home/luka/Scripting/ELEC_498-Capstone-LiteLM/HLS-Verilog/Transformer_logic/src-hls/compute_controller.cpp:660]   --->   Operation 63 'store' 'store_ln660' <Predicate = (!icmp_ln658 & trunc_ln658 == 15)> <Delay = 0.67> <CoreInst = "RAM">   --->   Core 82 'RAM' <Latency = 1> <II = 1> <Delay = 0.67> <Storage> <Opcode : 'load' 'store'> <Ports = 2> <Width = 16> <Depth = 3> <RAM>
ST_1 : Operation 64 [1/1] (0.00ns)   --->   "%br_ln660 = br void %arrayidx680.exit" [/home/luka/Scripting/ELEC_498-Capstone-LiteLM/HLS-Verilog/Transformer_logic/src-hls/compute_controller.cpp:660]   --->   Operation 64 'br' 'br_ln660' <Predicate = (!icmp_ln658 & trunc_ln658 == 15)> <Delay = 0.00>
ST_1 : Operation 65 [1/1] (0.78ns)   --->   "%add_ln658 = add i6 %i_1, i6 1" [/home/luka/Scripting/ELEC_498-Capstone-LiteLM/HLS-Verilog/Transformer_logic/src-hls/compute_controller.cpp:658]   --->   Operation 65 'add' 'add_ln658' <Predicate = (!icmp_ln658)> <Delay = 0.78> <CoreInst = "Adder">   --->   Core 1 'Adder' <Latency = 0> <II = 1> <Delay = 0.78> <FuncUnit> <Opcode : 'add' 'sub'> <InPorts = 2> <OutPorts = 1>
ST_1 : Operation 66 [1/1] (0.42ns)   --->   "%store_ln658 = store i6 %add_ln658, i6 %i" [/home/luka/Scripting/ELEC_498-Capstone-LiteLM/HLS-Verilog/Transformer_logic/src-hls/compute_controller.cpp:658]   --->   Operation 66 'store' 'store_ln658' <Predicate = (!icmp_ln658)> <Delay = 0.42>
ST_1 : Operation 67 [1/1] (0.00ns)   --->   "%br_ln658 = br void %for.inc681" [/home/luka/Scripting/ELEC_498-Capstone-LiteLM/HLS-Verilog/Transformer_logic/src-hls/compute_controller.cpp:658]   --->   Operation 67 'br' 'br_ln658' <Predicate = (!icmp_ln658)> <Delay = 0.00>
ST_1 : Operation 68 [1/1] (0.42ns)   --->   "%ret_ln0 = ret"   --->   Operation 68 'ret' 'ret_ln0' <Predicate = (icmp_ln658)> <Delay = 0.42>


============================================================
+ Verbose Summary: Timing violations
============================================================
Target clock period: 10.000ns, clock uncertainty: 2.700ns.

 <State 1>: 1.901ns
The critical path consists of the following:
	'store' operation 0 bit ('store_ln658', /home/luka/Scripting/ELEC_498-Capstone-LiteLM/HLS-Verilog/Transformer_logic/src-hls/compute_controller.cpp:658) of constant 5 on local variable 'i', /home/luka/Scripting/ELEC_498-Capstone-LiteLM/HLS-Verilog/Transformer_logic/src-hls/compute_controller.cpp:658 [18]  (0.427 ns)
	'load' operation 6 bit ('i', /home/luka/Scripting/ELEC_498-Capstone-LiteLM/HLS-Verilog/Transformer_logic/src-hls/compute_controller.cpp:658) on local variable 'i', /home/luka/Scripting/ELEC_498-Capstone-LiteLM/HLS-Verilog/Transformer_logic/src-hls/compute_controller.cpp:658 [21]  (0.000 ns)
	'store' operation 0 bit ('store_ln660', /home/luka/Scripting/ELEC_498-Capstone-LiteLM/HLS-Verilog/Transformer_logic/src-hls/compute_controller.cpp:660) of constant 0 on array 'compute_controller_bool_bool_unsigned_int_bool_bool_bool_bool_bool_u_65' [79]  (0.677 ns)
	blocking operation 0.797 ns on control path)


============================================================
+ Verbose Summary: Binding
============================================================
N/A
* FSMD analyzer results:
  - Output states:
 - Input state : 
  - Chain level:
	State 1


============================================================
+ Verbose Summary: Datapath Resource usage 
============================================================
N/A
