

================================================================
== Vitis HLS Report for 'FFN_POST_ACT'
================================================================
* Date:           Sat Jan 17 19:38:45 2026

* Version:        2025.1 (Build 6135595 on May 21 2025)
* Project:        compute_controller
* Solution:       hls (Vivado IP Flow Target)
* Product family: zynquplus
* Target device:  xck26-sfvc784-2LV-c


================================================================
== Performance Estimates
================================================================
+ Timing: 
    * Summary: 
    +--------+----------+----------+------------+
    |  Clock |  Target  | Estimated| Uncertainty|
    +--------+----------+----------+------------+
    |ap_clk  |  10.00 ns|  5.855 ns|     2.70 ns|
    +--------+----------+----------+------------+

+ Latency: 
    * Summary: 
    +---------+---------+----------+----------+-----+-----+---------+
    |  Latency (cycles) |  Latency (absolute) |  Interval | Pipeline|
    |   min   |   max   |    min   |    max   | min | max |   Type  |
    +---------+---------+----------+----------+-----+-----+---------+
    |       77|       77|  0.770 us|  0.770 us|   77|   77|       no|
    +---------+---------+----------+----------+-----+-----+---------+

    + Detail: 
        * Instance: 
        +---------------------------------------------------+----------------------------------------+---------+---------+----------+----------+-----+-----+------------------------------------------------+
        |                                                   |                                        |  Latency (cycles) |  Latency (absolute) |  Interval |                    Pipeline                    |
        |                      Instance                     |                 Module                 |   min   |   max   |    min   |    max   | min | max |                      Type                      |
        +---------------------------------------------------+----------------------------------------+---------+---------+----------+----------+-----+-----+------------------------------------------------+
        |grp_FFN_POST_ACT_Pipeline_VITIS_LOOP_151_1_fu_273  |FFN_POST_ACT_Pipeline_VITIS_LOOP_151_1  |       65|       65|  0.650 us|  0.650 us|   64|   64|  loop auto-rewind stp (delay=0 clock cycles(s))|
        +---------------------------------------------------+----------------------------------------+---------+---------+----------+----------+-----+-----+------------------------------------------------+

        * Loop: 
        N/A



================================================================
== Utilization Estimates
================================================================
* Summary: 
+-----------------+---------+------+--------+--------+-----+
|       Name      | BRAM_18K|  DSP |   FF   |   LUT  | URAM|
+-----------------+---------+------+--------+--------+-----+
|DSP              |        -|     -|       -|       -|    -|
|Expression       |        -|     -|       -|       -|    -|
|FIFO             |        -|     -|       -|       -|    -|
|Instance         |        -|    16|     715|     812|    -|
|Memory           |        -|     -|       -|       -|    -|
|Multiplexer      |        -|     -|       0|     195|    -|
|Register         |        -|     -|     366|       -|    -|
+-----------------+---------+------+--------+--------+-----+
|Total            |        0|    16|    1081|    1007|    0|
+-----------------+---------+------+--------+--------+-----+
|Available        |      288|  1248|  234240|  117120|   64|
+-----------------+---------+------+--------+--------+-----+
|Utilization (%)  |        0|     1|      ~0|      ~0|    0|
+-----------------+---------+------+--------+--------+-----+

+ Detail: 
    * Instance: 
    +---------------------------------------------------+----------------------------------------+---------+----+-----+-----+-----+
    |                      Instance                     |                 Module                 | BRAM_18K| DSP|  FF | LUT | URAM|
    +---------------------------------------------------+----------------------------------------+---------+----+-----+-----+-----+
    |grp_FFN_POST_ACT_Pipeline_VITIS_LOOP_151_1_fu_273  |FFN_POST_ACT_Pipeline_VITIS_LOOP_151_1  |        0|  16|  715|  812|    0|
    +---------------------------------------------------+----------------------------------------+---------+----+-----+-----+-----+
    |Total                                              |                                        |        0|  16|  715|  812|    0|
    +---------------------------------------------------+----------------------------------------+---------+----+-----+-----+-----+

    * DSP: 
    N/A

    * Memory: 
    N/A

    * FIFO: 
    N/A

    * Expression: 
    N/A

    * Multiplexer: 
    +---------------------------+----+-----------+-----+-----------+
    |            Name           | LUT| Input Size| Bits| Total Bits|
    +---------------------------+----+-----------+-----+-----------+
    |FFN2_input_address0_local  |  65|         12|    5|         60|
    |FFN2_input_address1_local  |  65|         12|    5|         60|
    |ap_NS_fsm                  |  65|         14|    1|         14|
    +---------------------------+----+-----------+-----+-----------+
    |Total                      | 195|         38|   11|        134|
    +---------------------------+----+-----------+-----+-----------+

    * Register: 
    +----------------------------------------------------------------+----+----+-----+-----------+
    |                              Name                              | FF | LUT| Bits| Const Bits|
    +----------------------------------------------------------------+----+----+-----+-----------+
    |FFN2_input_load_10_reg_419                                      |  16|   0|   16|          0|
    |FFN2_input_load_11_reg_424                                      |  16|   0|   16|          0|
    |FFN2_input_load_12_reg_439                                      |  16|   0|   16|          0|
    |FFN2_input_load_13_reg_444                                      |  16|   0|   16|          0|
    |FFN2_input_load_14_reg_459                                      |  16|   0|   16|          0|
    |FFN2_input_load_15_reg_464                                      |  16|   0|   16|          0|
    |FFN2_input_load_16_reg_479                                      |  16|   0|   16|          0|
    |FFN2_input_load_17_reg_484                                      |  16|   0|   16|          0|
    |FFN2_input_load_18_reg_499                                      |  16|   0|   16|          0|
    |FFN2_input_load_19_reg_504                                      |  16|   0|   16|          0|
    |FFN2_input_load_1_reg_324                                       |  16|   0|   16|          0|
    |FFN2_input_load_20_reg_519                                      |  16|   0|   16|          0|
    |FFN2_input_load_21_reg_524                                      |  16|   0|   16|          0|
    |FFN2_input_load_2_reg_339                                       |  16|   0|   16|          0|
    |FFN2_input_load_3_reg_344                                       |  16|   0|   16|          0|
    |FFN2_input_load_4_reg_359                                       |  16|   0|   16|          0|
    |FFN2_input_load_5_reg_364                                       |  16|   0|   16|          0|
    |FFN2_input_load_6_reg_379                                       |  16|   0|   16|          0|
    |FFN2_input_load_7_reg_384                                       |  16|   0|   16|          0|
    |FFN2_input_load_8_reg_399                                       |  16|   0|   16|          0|
    |FFN2_input_load_9_reg_404                                       |  16|   0|   16|          0|
    |FFN2_input_load_reg_319                                         |  16|   0|   16|          0|
    |ap_CS_fsm                                                       |  13|   0|   13|          0|
    |grp_FFN_POST_ACT_Pipeline_VITIS_LOOP_151_1_fu_273_ap_start_reg  |   1|   0|    1|          0|
    +----------------------------------------------------------------+----+----+-----+-----------+
    |Total                                                           | 366|   0|  366|          0|
    +----------------------------------------------------------------+----+----+-----+-----------+



================================================================
== Interface
================================================================
* Summary: 
+------------------------+-----+-----+------------+---------------+--------------+
|        RTL Ports       | Dir | Bits|  Protocol  | Source Object |    C Type    |
+------------------------+-----+-----+------------+---------------+--------------+
|ap_clk                  |   in|    1|  ap_ctrl_hs|   FFN_POST_ACT|  return value|
|ap_rst                  |   in|    1|  ap_ctrl_hs|   FFN_POST_ACT|  return value|
|ap_start                |   in|    1|  ap_ctrl_hs|   FFN_POST_ACT|  return value|
|ap_done                 |  out|    1|  ap_ctrl_hs|   FFN_POST_ACT|  return value|
|ap_idle                 |  out|    1|  ap_ctrl_hs|   FFN_POST_ACT|  return value|
|ap_ready                |  out|    1|  ap_ctrl_hs|   FFN_POST_ACT|  return value|
|FFN2_input_address0     |  out|    5|   ap_memory|     FFN2_input|         array|
|FFN2_input_ce0          |  out|    1|   ap_memory|     FFN2_input|         array|
|FFN2_input_q0           |   in|   16|   ap_memory|     FFN2_input|         array|
|FFN2_input_address1     |  out|    5|   ap_memory|     FFN2_input|         array|
|FFN2_input_ce1          |  out|    1|   ap_memory|     FFN2_input|         array|
|FFN2_input_q1           |   in|   16|   ap_memory|     FFN2_input|         array|
|FFN2_weights2_address0  |  out|    7|   ap_memory|  FFN2_weights2|         array|
|FFN2_weights2_ce0       |  out|    1|   ap_memory|  FFN2_weights2|         array|
|FFN2_weights2_q0        |   in|    4|   ap_memory|  FFN2_weights2|         array|
|FFN2_weights2_address1  |  out|    7|   ap_memory|  FFN2_weights2|         array|
|FFN2_weights2_ce1       |  out|    1|   ap_memory|  FFN2_weights2|         array|
|FFN2_weights2_q1        |   in|    4|   ap_memory|  FFN2_weights2|         array|
|FFN2_biases_address0    |  out|    3|   ap_memory|    FFN2_biases|         array|
|FFN2_biases_ce0         |  out|    1|   ap_memory|    FFN2_biases|         array|
|FFN2_biases_q0          |   in|    4|   ap_memory|    FFN2_biases|         array|
|FFN2_scale_address0     |  out|    3|   ap_memory|     FFN2_scale|         array|
|FFN2_scale_ce0          |  out|    1|   ap_memory|     FFN2_scale|         array|
|FFN2_scale_q0           |   in|   16|   ap_memory|     FFN2_scale|         array|
|FFN2_output_address0    |  out|    3|   ap_memory|    FFN2_output|         array|
|FFN2_output_ce0         |  out|    1|   ap_memory|    FFN2_output|         array|
|FFN2_output_we0         |  out|    1|   ap_memory|    FFN2_output|         array|
|FFN2_output_d0          |  out|   32|   ap_memory|    FFN2_output|         array|
+------------------------+-----+-----+------------+---------------+--------------+

============================================================
+ Verbose Summary: Synthesis Manager
============================================================
InlineROM: 1
ExposeGlobal: 0
============================================================
+ Verbose Summary: CDFG Model
============================================================
IsTopModel: 0
ResetActiveHigh: 1
IsCombinational: 2
IsDatapathOnly: 2
HasWiredReturn: 1
HasMFsm: 0
HasVarLatency: 1
IsPipeline: 0
IsRtlPipelined: 0
IsInstanceOverlapped: 0
IsDontTouch: 0
HasImplIP: 0
IsGatedGlobalClock: 0


============================================================
+ Verbose Summary: Schedule
============================================================
* Number of FSM states : 13
* Pipeline : 0
* Dataflow Pipeline: 0

* FSM state transitions: 
1 --> 2 
2 --> 3 
3 --> 4 
4 --> 5 
5 --> 6 
6 --> 7 
7 --> 8 
8 --> 9 
9 --> 10 
10 --> 11 
11 --> 12 
12 --> 13 
13 --> 

* FSM state operations: 

State 1 <SV = 0> <Delay = 0.67>
ST_1 : Operation 14 [1/1] (0.00ns)   --->   "%FFN2_input_addr = getelementptr i16 %FFN2_input, i64 0, i64 0"   --->   Operation 14 'getelementptr' 'FFN2_input_addr' <Predicate = true> <Delay = 0.00>
ST_1 : Operation 15 [2/2] (0.67ns)   --->   "%FFN2_input_load = load i5 %FFN2_input_addr"   --->   Operation 15 'load' 'FFN2_input_load' <Predicate = true> <Delay = 0.67> <CoreInst = "RAM">   --->   Core 82 'RAM' <Latency = 1> <II = 1> <Delay = 0.67> <Storage> <Opcode : 'load' 'store'> <Ports = 2> <Width = 16> <Depth = 22> <RAM>
ST_1 : Operation 16 [1/1] (0.00ns)   --->   "%FFN2_input_addr_1 = getelementptr i16 %FFN2_input, i64 0, i64 1"   --->   Operation 16 'getelementptr' 'FFN2_input_addr_1' <Predicate = true> <Delay = 0.00>
ST_1 : Operation 17 [2/2] (0.67ns)   --->   "%FFN2_input_load_1 = load i5 %FFN2_input_addr_1"   --->   Operation 17 'load' 'FFN2_input_load_1' <Predicate = true> <Delay = 0.67> <CoreInst = "RAM">   --->   Core 82 'RAM' <Latency = 1> <II = 1> <Delay = 0.67> <Storage> <Opcode : 'load' 'store'> <Ports = 2> <Width = 16> <Depth = 22> <RAM>

State 2 <SV = 1> <Delay = 0.67>
ST_2 : Operation 18 [1/2] ( I:0.67ns O:0.67ns )   --->   "%FFN2_input_load = load i5 %FFN2_input_addr"   --->   Operation 18 'load' 'FFN2_input_load' <Predicate = true> <Delay = 0.67> <CoreInst = "RAM">   --->   Core 82 'RAM' <Latency = 1> <II = 1> <Delay = 0.67> <Storage> <Opcode : 'load' 'store'> <Ports = 2> <Width = 16> <Depth = 22> <RAM>
ST_2 : Operation 19 [1/2] ( I:0.67ns O:0.67ns )   --->   "%FFN2_input_load_1 = load i5 %FFN2_input_addr_1"   --->   Operation 19 'load' 'FFN2_input_load_1' <Predicate = true> <Delay = 0.67> <CoreInst = "RAM">   --->   Core 82 'RAM' <Latency = 1> <II = 1> <Delay = 0.67> <Storage> <Opcode : 'load' 'store'> <Ports = 2> <Width = 16> <Depth = 22> <RAM>
ST_2 : Operation 20 [1/1] (0.00ns)   --->   "%FFN2_input_addr_2 = getelementptr i16 %FFN2_input, i64 0, i64 2"   --->   Operation 20 'getelementptr' 'FFN2_input_addr_2' <Predicate = true> <Delay = 0.00>
ST_2 : Operation 21 [2/2] (0.67ns)   --->   "%FFN2_input_load_2 = load i5 %FFN2_input_addr_2"   --->   Operation 21 'load' 'FFN2_input_load_2' <Predicate = true> <Delay = 0.67> <CoreInst = "RAM">   --->   Core 82 'RAM' <Latency = 1> <II = 1> <Delay = 0.67> <Storage> <Opcode : 'load' 'store'> <Ports = 2> <Width = 16> <Depth = 22> <RAM>
ST_2 : Operation 22 [1/1] (0.00ns)   --->   "%FFN2_input_addr_3 = getelementptr i16 %FFN2_input, i64 0, i64 3"   --->   Operation 22 'getelementptr' 'FFN2_input_addr_3' <Predicate = true> <Delay = 0.00>
ST_2 : Operation 23 [2/2] (0.67ns)   --->   "%FFN2_input_load_3 = load i5 %FFN2_input_addr_3"   --->   Operation 23 'load' 'FFN2_input_load_3' <Predicate = true> <Delay = 0.67> <CoreInst = "RAM">   --->   Core 82 'RAM' <Latency = 1> <II = 1> <Delay = 0.67> <Storage> <Opcode : 'load' 'store'> <Ports = 2> <Width = 16> <Depth = 22> <RAM>

State 3 <SV = 2> <Delay = 0.67>
ST_3 : Operation 24 [1/2] ( I:0.67ns O:0.67ns )   --->   "%FFN2_input_load_2 = load i5 %FFN2_input_addr_2"   --->   Operation 24 'load' 'FFN2_input_load_2' <Predicate = true> <Delay = 0.67> <CoreInst = "RAM">   --->   Core 82 'RAM' <Latency = 1> <II = 1> <Delay = 0.67> <Storage> <Opcode : 'load' 'store'> <Ports = 2> <Width = 16> <Depth = 22> <RAM>
ST_3 : Operation 25 [1/2] ( I:0.67ns O:0.67ns )   --->   "%FFN2_input_load_3 = load i5 %FFN2_input_addr_3"   --->   Operation 25 'load' 'FFN2_input_load_3' <Predicate = true> <Delay = 0.67> <CoreInst = "RAM">   --->   Core 82 'RAM' <Latency = 1> <II = 1> <Delay = 0.67> <Storage> <Opcode : 'load' 'store'> <Ports = 2> <Width = 16> <Depth = 22> <RAM>
ST_3 : Operation 26 [1/1] (0.00ns)   --->   "%FFN2_input_addr_4 = getelementptr i16 %FFN2_input, i64 0, i64 4"   --->   Operation 26 'getelementptr' 'FFN2_input_addr_4' <Predicate = true> <Delay = 0.00>
ST_3 : Operation 27 [2/2] (0.67ns)   --->   "%FFN2_input_load_4 = load i5 %FFN2_input_addr_4"   --->   Operation 27 'load' 'FFN2_input_load_4' <Predicate = true> <Delay = 0.67> <CoreInst = "RAM">   --->   Core 82 'RAM' <Latency = 1> <II = 1> <Delay = 0.67> <Storage> <Opcode : 'load' 'store'> <Ports = 2> <Width = 16> <Depth = 22> <RAM>
ST_3 : Operation 28 [1/1] (0.00ns)   --->   "%FFN2_input_addr_5 = getelementptr i16 %FFN2_input, i64 0, i64 5"   --->   Operation 28 'getelementptr' 'FFN2_input_addr_5' <Predicate = true> <Delay = 0.00>
ST_3 : Operation 29 [2/2] (0.67ns)   --->   "%FFN2_input_load_5 = load i5 %FFN2_input_addr_5"   --->   Operation 29 'load' 'FFN2_input_load_5' <Predicate = true> <Delay = 0.67> <CoreInst = "RAM">   --->   Core 82 'RAM' <Latency = 1> <II = 1> <Delay = 0.67> <Storage> <Opcode : 'load' 'store'> <Ports = 2> <Width = 16> <Depth = 22> <RAM>

State 4 <SV = 3> <Delay = 0.67>
ST_4 : Operation 30 [1/2] ( I:0.67ns O:0.67ns )   --->   "%FFN2_input_load_4 = load i5 %FFN2_input_addr_4"   --->   Operation 30 'load' 'FFN2_input_load_4' <Predicate = true> <Delay = 0.67> <CoreInst = "RAM">   --->   Core 82 'RAM' <Latency = 1> <II = 1> <Delay = 0.67> <Storage> <Opcode : 'load' 'store'> <Ports = 2> <Width = 16> <Depth = 22> <RAM>
ST_4 : Operation 31 [1/2] ( I:0.67ns O:0.67ns )   --->   "%FFN2_input_load_5 = load i5 %FFN2_input_addr_5"   --->   Operation 31 'load' 'FFN2_input_load_5' <Predicate = true> <Delay = 0.67> <CoreInst = "RAM">   --->   Core 82 'RAM' <Latency = 1> <II = 1> <Delay = 0.67> <Storage> <Opcode : 'load' 'store'> <Ports = 2> <Width = 16> <Depth = 22> <RAM>
ST_4 : Operation 32 [1/1] (0.00ns)   --->   "%FFN2_input_addr_6 = getelementptr i16 %FFN2_input, i64 0, i64 6"   --->   Operation 32 'getelementptr' 'FFN2_input_addr_6' <Predicate = true> <Delay = 0.00>
ST_4 : Operation 33 [2/2] (0.67ns)   --->   "%FFN2_input_load_6 = load i5 %FFN2_input_addr_6"   --->   Operation 33 'load' 'FFN2_input_load_6' <Predicate = true> <Delay = 0.67> <CoreInst = "RAM">   --->   Core 82 'RAM' <Latency = 1> <II = 1> <Delay = 0.67> <Storage> <Opcode : 'load' 'store'> <Ports = 2> <Width = 16> <Depth = 22> <RAM>
ST_4 : Operation 34 [1/1] (0.00ns)   --->   "%FFN2_input_addr_7 = getelementptr i16 %FFN2_input, i64 0, i64 7"   --->   Operation 34 'getelementptr' 'FFN2_input_addr_7' <Predicate = true> <Delay = 0.00>
ST_4 : Operation 35 [2/2] (0.67ns)   --->   "%FFN2_input_load_7 = load i5 %FFN2_input_addr_7"   --->   Operation 35 'load' 'FFN2_input_load_7' <Predicate = true> <Delay = 0.67> <CoreInst = "RAM">   --->   Core 82 'RAM' <Latency = 1> <II = 1> <Delay = 0.67> <Storage> <Opcode : 'load' 'store'> <Ports = 2> <Width = 16> <Depth = 22> <RAM>

State 5 <SV = 4> <Delay = 0.67>
ST_5 : Operation 36 [1/2] ( I:0.67ns O:0.67ns )   --->   "%FFN2_input_load_6 = load i5 %FFN2_input_addr_6"   --->   Operation 36 'load' 'FFN2_input_load_6' <Predicate = true> <Delay = 0.67> <CoreInst = "RAM">   --->   Core 82 'RAM' <Latency = 1> <II = 1> <Delay = 0.67> <Storage> <Opcode : 'load' 'store'> <Ports = 2> <Width = 16> <Depth = 22> <RAM>
ST_5 : Operation 37 [1/2] ( I:0.67ns O:0.67ns )   --->   "%FFN2_input_load_7 = load i5 %FFN2_input_addr_7"   --->   Operation 37 'load' 'FFN2_input_load_7' <Predicate = true> <Delay = 0.67> <CoreInst = "RAM">   --->   Core 82 'RAM' <Latency = 1> <II = 1> <Delay = 0.67> <Storage> <Opcode : 'load' 'store'> <Ports = 2> <Width = 16> <Depth = 22> <RAM>
ST_5 : Operation 38 [1/1] (0.00ns)   --->   "%FFN2_input_addr_8 = getelementptr i16 %FFN2_input, i64 0, i64 8"   --->   Operation 38 'getelementptr' 'FFN2_input_addr_8' <Predicate = true> <Delay = 0.00>
ST_5 : Operation 39 [2/2] (0.67ns)   --->   "%FFN2_input_load_8 = load i5 %FFN2_input_addr_8"   --->   Operation 39 'load' 'FFN2_input_load_8' <Predicate = true> <Delay = 0.67> <CoreInst = "RAM">   --->   Core 82 'RAM' <Latency = 1> <II = 1> <Delay = 0.67> <Storage> <Opcode : 'load' 'store'> <Ports = 2> <Width = 16> <Depth = 22> <RAM>
ST_5 : Operation 40 [1/1] (0.00ns)   --->   "%FFN2_input_addr_9 = getelementptr i16 %FFN2_input, i64 0, i64 9"   --->   Operation 40 'getelementptr' 'FFN2_input_addr_9' <Predicate = true> <Delay = 0.00>
ST_5 : Operation 41 [2/2] (0.67ns)   --->   "%FFN2_input_load_9 = load i5 %FFN2_input_addr_9"   --->   Operation 41 'load' 'FFN2_input_load_9' <Predicate = true> <Delay = 0.67> <CoreInst = "RAM">   --->   Core 82 'RAM' <Latency = 1> <II = 1> <Delay = 0.67> <Storage> <Opcode : 'load' 'store'> <Ports = 2> <Width = 16> <Depth = 22> <RAM>

State 6 <SV = 5> <Delay = 0.67>
ST_6 : Operation 42 [1/2] ( I:0.67ns O:0.67ns )   --->   "%FFN2_input_load_8 = load i5 %FFN2_input_addr_8"   --->   Operation 42 'load' 'FFN2_input_load_8' <Predicate = true> <Delay = 0.67> <CoreInst = "RAM">   --->   Core 82 'RAM' <Latency = 1> <II = 1> <Delay = 0.67> <Storage> <Opcode : 'load' 'store'> <Ports = 2> <Width = 16> <Depth = 22> <RAM>
ST_6 : Operation 43 [1/2] ( I:0.67ns O:0.67ns )   --->   "%FFN2_input_load_9 = load i5 %FFN2_input_addr_9"   --->   Operation 43 'load' 'FFN2_input_load_9' <Predicate = true> <Delay = 0.67> <CoreInst = "RAM">   --->   Core 82 'RAM' <Latency = 1> <II = 1> <Delay = 0.67> <Storage> <Opcode : 'load' 'store'> <Ports = 2> <Width = 16> <Depth = 22> <RAM>
ST_6 : Operation 44 [1/1] (0.00ns)   --->   "%FFN2_input_addr_10 = getelementptr i16 %FFN2_input, i64 0, i64 10"   --->   Operation 44 'getelementptr' 'FFN2_input_addr_10' <Predicate = true> <Delay = 0.00>
ST_6 : Operation 45 [2/2] (0.67ns)   --->   "%FFN2_input_load_10 = load i5 %FFN2_input_addr_10"   --->   Operation 45 'load' 'FFN2_input_load_10' <Predicate = true> <Delay = 0.67> <CoreInst = "RAM">   --->   Core 82 'RAM' <Latency = 1> <II = 1> <Delay = 0.67> <Storage> <Opcode : 'load' 'store'> <Ports = 2> <Width = 16> <Depth = 22> <RAM>
ST_6 : Operation 46 [1/1] (0.00ns)   --->   "%FFN2_input_addr_11 = getelementptr i16 %FFN2_input, i64 0, i64 11"   --->   Operation 46 'getelementptr' 'FFN2_input_addr_11' <Predicate = true> <Delay = 0.00>
ST_6 : Operation 47 [2/2] (0.67ns)   --->   "%FFN2_input_load_11 = load i5 %FFN2_input_addr_11"   --->   Operation 47 'load' 'FFN2_input_load_11' <Predicate = true> <Delay = 0.67> <CoreInst = "RAM">   --->   Core 82 'RAM' <Latency = 1> <II = 1> <Delay = 0.67> <Storage> <Opcode : 'load' 'store'> <Ports = 2> <Width = 16> <Depth = 22> <RAM>

State 7 <SV = 6> <Delay = 0.67>
ST_7 : Operation 48 [1/2] ( I:0.67ns O:0.67ns )   --->   "%FFN2_input_load_10 = load i5 %FFN2_input_addr_10"   --->   Operation 48 'load' 'FFN2_input_load_10' <Predicate = true> <Delay = 0.67> <CoreInst = "RAM">   --->   Core 82 'RAM' <Latency = 1> <II = 1> <Delay = 0.67> <Storage> <Opcode : 'load' 'store'> <Ports = 2> <Width = 16> <Depth = 22> <RAM>
ST_7 : Operation 49 [1/2] ( I:0.67ns O:0.67ns )   --->   "%FFN2_input_load_11 = load i5 %FFN2_input_addr_11"   --->   Operation 49 'load' 'FFN2_input_load_11' <Predicate = true> <Delay = 0.67> <CoreInst = "RAM">   --->   Core 82 'RAM' <Latency = 1> <II = 1> <Delay = 0.67> <Storage> <Opcode : 'load' 'store'> <Ports = 2> <Width = 16> <Depth = 22> <RAM>
ST_7 : Operation 50 [1/1] (0.00ns)   --->   "%FFN2_input_addr_12 = getelementptr i16 %FFN2_input, i64 0, i64 12"   --->   Operation 50 'getelementptr' 'FFN2_input_addr_12' <Predicate = true> <Delay = 0.00>
ST_7 : Operation 51 [2/2] (0.67ns)   --->   "%FFN2_input_load_12 = load i5 %FFN2_input_addr_12"   --->   Operation 51 'load' 'FFN2_input_load_12' <Predicate = true> <Delay = 0.67> <CoreInst = "RAM">   --->   Core 82 'RAM' <Latency = 1> <II = 1> <Delay = 0.67> <Storage> <Opcode : 'load' 'store'> <Ports = 2> <Width = 16> <Depth = 22> <RAM>
ST_7 : Operation 52 [1/1] (0.00ns)   --->   "%FFN2_input_addr_13 = getelementptr i16 %FFN2_input, i64 0, i64 13"   --->   Operation 52 'getelementptr' 'FFN2_input_addr_13' <Predicate = true> <Delay = 0.00>
ST_7 : Operation 53 [2/2] (0.67ns)   --->   "%FFN2_input_load_13 = load i5 %FFN2_input_addr_13"   --->   Operation 53 'load' 'FFN2_input_load_13' <Predicate = true> <Delay = 0.67> <CoreInst = "RAM">   --->   Core 82 'RAM' <Latency = 1> <II = 1> <Delay = 0.67> <Storage> <Opcode : 'load' 'store'> <Ports = 2> <Width = 16> <Depth = 22> <RAM>

State 8 <SV = 7> <Delay = 0.67>
ST_8 : Operation 54 [1/2] ( I:0.67ns O:0.67ns )   --->   "%FFN2_input_load_12 = load i5 %FFN2_input_addr_12"   --->   Operation 54 'load' 'FFN2_input_load_12' <Predicate = true> <Delay = 0.67> <CoreInst = "RAM">   --->   Core 82 'RAM' <Latency = 1> <II = 1> <Delay = 0.67> <Storage> <Opcode : 'load' 'store'> <Ports = 2> <Width = 16> <Depth = 22> <RAM>
ST_8 : Operation 55 [1/2] ( I:0.67ns O:0.67ns )   --->   "%FFN2_input_load_13 = load i5 %FFN2_input_addr_13"   --->   Operation 55 'load' 'FFN2_input_load_13' <Predicate = true> <Delay = 0.67> <CoreInst = "RAM">   --->   Core 82 'RAM' <Latency = 1> <II = 1> <Delay = 0.67> <Storage> <Opcode : 'load' 'store'> <Ports = 2> <Width = 16> <Depth = 22> <RAM>
ST_8 : Operation 56 [1/1] (0.00ns)   --->   "%FFN2_input_addr_14 = getelementptr i16 %FFN2_input, i64 0, i64 14"   --->   Operation 56 'getelementptr' 'FFN2_input_addr_14' <Predicate = true> <Delay = 0.00>
ST_8 : Operation 57 [2/2] (0.67ns)   --->   "%FFN2_input_load_14 = load i5 %FFN2_input_addr_14"   --->   Operation 57 'load' 'FFN2_input_load_14' <Predicate = true> <Delay = 0.67> <CoreInst = "RAM">   --->   Core 82 'RAM' <Latency = 1> <II = 1> <Delay = 0.67> <Storage> <Opcode : 'load' 'store'> <Ports = 2> <Width = 16> <Depth = 22> <RAM>
ST_8 : Operation 58 [1/1] (0.00ns)   --->   "%FFN2_input_addr_15 = getelementptr i16 %FFN2_input, i64 0, i64 15"   --->   Operation 58 'getelementptr' 'FFN2_input_addr_15' <Predicate = true> <Delay = 0.00>
ST_8 : Operation 59 [2/2] (0.67ns)   --->   "%FFN2_input_load_15 = load i5 %FFN2_input_addr_15"   --->   Operation 59 'load' 'FFN2_input_load_15' <Predicate = true> <Delay = 0.67> <CoreInst = "RAM">   --->   Core 82 'RAM' <Latency = 1> <II = 1> <Delay = 0.67> <Storage> <Opcode : 'load' 'store'> <Ports = 2> <Width = 16> <Depth = 22> <RAM>

State 9 <SV = 8> <Delay = 0.67>
ST_9 : Operation 60 [1/2] ( I:0.67ns O:0.67ns )   --->   "%FFN2_input_load_14 = load i5 %FFN2_input_addr_14"   --->   Operation 60 'load' 'FFN2_input_load_14' <Predicate = true> <Delay = 0.67> <CoreInst = "RAM">   --->   Core 82 'RAM' <Latency = 1> <II = 1> <Delay = 0.67> <Storage> <Opcode : 'load' 'store'> <Ports = 2> <Width = 16> <Depth = 22> <RAM>
ST_9 : Operation 61 [1/2] ( I:0.67ns O:0.67ns )   --->   "%FFN2_input_load_15 = load i5 %FFN2_input_addr_15"   --->   Operation 61 'load' 'FFN2_input_load_15' <Predicate = true> <Delay = 0.67> <CoreInst = "RAM">   --->   Core 82 'RAM' <Latency = 1> <II = 1> <Delay = 0.67> <Storage> <Opcode : 'load' 'store'> <Ports = 2> <Width = 16> <Depth = 22> <RAM>
ST_9 : Operation 62 [1/1] (0.00ns)   --->   "%FFN2_input_addr_16 = getelementptr i16 %FFN2_input, i64 0, i64 16"   --->   Operation 62 'getelementptr' 'FFN2_input_addr_16' <Predicate = true> <Delay = 0.00>
ST_9 : Operation 63 [2/2] (0.67ns)   --->   "%FFN2_input_load_16 = load i5 %FFN2_input_addr_16"   --->   Operation 63 'load' 'FFN2_input_load_16' <Predicate = true> <Delay = 0.67> <CoreInst = "RAM">   --->   Core 82 'RAM' <Latency = 1> <II = 1> <Delay = 0.67> <Storage> <Opcode : 'load' 'store'> <Ports = 2> <Width = 16> <Depth = 22> <RAM>
ST_9 : Operation 64 [1/1] (0.00ns)   --->   "%FFN2_input_addr_17 = getelementptr i16 %FFN2_input, i64 0, i64 17"   --->   Operation 64 'getelementptr' 'FFN2_input_addr_17' <Predicate = true> <Delay = 0.00>
ST_9 : Operation 65 [2/2] (0.67ns)   --->   "%FFN2_input_load_17 = load i5 %FFN2_input_addr_17"   --->   Operation 65 'load' 'FFN2_input_load_17' <Predicate = true> <Delay = 0.67> <CoreInst = "RAM">   --->   Core 82 'RAM' <Latency = 1> <II = 1> <Delay = 0.67> <Storage> <Opcode : 'load' 'store'> <Ports = 2> <Width = 16> <Depth = 22> <RAM>

State 10 <SV = 9> <Delay = 0.67>
ST_10 : Operation 66 [1/2] ( I:0.67ns O:0.67ns )   --->   "%FFN2_input_load_16 = load i5 %FFN2_input_addr_16"   --->   Operation 66 'load' 'FFN2_input_load_16' <Predicate = true> <Delay = 0.67> <CoreInst = "RAM">   --->   Core 82 'RAM' <Latency = 1> <II = 1> <Delay = 0.67> <Storage> <Opcode : 'load' 'store'> <Ports = 2> <Width = 16> <Depth = 22> <RAM>
ST_10 : Operation 67 [1/2] ( I:0.67ns O:0.67ns )   --->   "%FFN2_input_load_17 = load i5 %FFN2_input_addr_17"   --->   Operation 67 'load' 'FFN2_input_load_17' <Predicate = true> <Delay = 0.67> <CoreInst = "RAM">   --->   Core 82 'RAM' <Latency = 1> <II = 1> <Delay = 0.67> <Storage> <Opcode : 'load' 'store'> <Ports = 2> <Width = 16> <Depth = 22> <RAM>
ST_10 : Operation 68 [1/1] (0.00ns)   --->   "%FFN2_input_addr_18 = getelementptr i16 %FFN2_input, i64 0, i64 18"   --->   Operation 68 'getelementptr' 'FFN2_input_addr_18' <Predicate = true> <Delay = 0.00>
ST_10 : Operation 69 [2/2] (0.67ns)   --->   "%FFN2_input_load_18 = load i5 %FFN2_input_addr_18"   --->   Operation 69 'load' 'FFN2_input_load_18' <Predicate = true> <Delay = 0.67> <CoreInst = "RAM">   --->   Core 82 'RAM' <Latency = 1> <II = 1> <Delay = 0.67> <Storage> <Opcode : 'load' 'store'> <Ports = 2> <Width = 16> <Depth = 22> <RAM>
ST_10 : Operation 70 [1/1] (0.00ns)   --->   "%FFN2_input_addr_19 = getelementptr i16 %FFN2_input, i64 0, i64 19"   --->   Operation 70 'getelementptr' 'FFN2_input_addr_19' <Predicate = true> <Delay = 0.00>
ST_10 : Operation 71 [2/2] (0.67ns)   --->   "%FFN2_input_load_19 = load i5 %FFN2_input_addr_19"   --->   Operation 71 'load' 'FFN2_input_load_19' <Predicate = true> <Delay = 0.67> <CoreInst = "RAM">   --->   Core 82 'RAM' <Latency = 1> <II = 1> <Delay = 0.67> <Storage> <Opcode : 'load' 'store'> <Ports = 2> <Width = 16> <Depth = 22> <RAM>

State 11 <SV = 10> <Delay = 0.67>
ST_11 : Operation 72 [1/2] ( I:0.67ns O:0.67ns )   --->   "%FFN2_input_load_18 = load i5 %FFN2_input_addr_18"   --->   Operation 72 'load' 'FFN2_input_load_18' <Predicate = true> <Delay = 0.67> <CoreInst = "RAM">   --->   Core 82 'RAM' <Latency = 1> <II = 1> <Delay = 0.67> <Storage> <Opcode : 'load' 'store'> <Ports = 2> <Width = 16> <Depth = 22> <RAM>
ST_11 : Operation 73 [1/2] ( I:0.67ns O:0.67ns )   --->   "%FFN2_input_load_19 = load i5 %FFN2_input_addr_19"   --->   Operation 73 'load' 'FFN2_input_load_19' <Predicate = true> <Delay = 0.67> <CoreInst = "RAM">   --->   Core 82 'RAM' <Latency = 1> <II = 1> <Delay = 0.67> <Storage> <Opcode : 'load' 'store'> <Ports = 2> <Width = 16> <Depth = 22> <RAM>
ST_11 : Operation 74 [1/1] (0.00ns)   --->   "%FFN2_input_addr_20 = getelementptr i16 %FFN2_input, i64 0, i64 20"   --->   Operation 74 'getelementptr' 'FFN2_input_addr_20' <Predicate = true> <Delay = 0.00>
ST_11 : Operation 75 [2/2] (0.67ns)   --->   "%FFN2_input_load_20 = load i5 %FFN2_input_addr_20"   --->   Operation 75 'load' 'FFN2_input_load_20' <Predicate = true> <Delay = 0.67> <CoreInst = "RAM">   --->   Core 82 'RAM' <Latency = 1> <II = 1> <Delay = 0.67> <Storage> <Opcode : 'load' 'store'> <Ports = 2> <Width = 16> <Depth = 22> <RAM>
ST_11 : Operation 76 [1/1] (0.00ns)   --->   "%FFN2_input_addr_21 = getelementptr i16 %FFN2_input, i64 0, i64 21"   --->   Operation 76 'getelementptr' 'FFN2_input_addr_21' <Predicate = true> <Delay = 0.00>
ST_11 : Operation 77 [2/2] (0.67ns)   --->   "%FFN2_input_load_21 = load i5 %FFN2_input_addr_21"   --->   Operation 77 'load' 'FFN2_input_load_21' <Predicate = true> <Delay = 0.67> <CoreInst = "RAM">   --->   Core 82 'RAM' <Latency = 1> <II = 1> <Delay = 0.67> <Storage> <Opcode : 'load' 'store'> <Ports = 2> <Width = 16> <Depth = 22> <RAM>

State 12 <SV = 11> <Delay = 0.67>
ST_12 : Operation 78 [1/2] ( I:0.67ns O:0.67ns )   --->   "%FFN2_input_load_20 = load i5 %FFN2_input_addr_20"   --->   Operation 78 'load' 'FFN2_input_load_20' <Predicate = true> <Delay = 0.67> <CoreInst = "RAM">   --->   Core 82 'RAM' <Latency = 1> <II = 1> <Delay = 0.67> <Storage> <Opcode : 'load' 'store'> <Ports = 2> <Width = 16> <Depth = 22> <RAM>
ST_12 : Operation 79 [1/2] ( I:0.67ns O:0.67ns )   --->   "%FFN2_input_load_21 = load i5 %FFN2_input_addr_21"   --->   Operation 79 'load' 'FFN2_input_load_21' <Predicate = true> <Delay = 0.67> <CoreInst = "RAM">   --->   Core 82 'RAM' <Latency = 1> <II = 1> <Delay = 0.67> <Storage> <Opcode : 'load' 'store'> <Ports = 2> <Width = 16> <Depth = 22> <RAM>
ST_12 : Operation 80 [2/2] (0.00ns)   --->   "%call_ln0 = call void @FFN_POST_ACT_Pipeline_VITIS_LOOP_151_1, i4 %FFN2_biases, i4 %FFN2_weights2, i16 %FFN2_scale, i16 %FFN2_input_load_12, i16 %FFN2_input_load_11, i16 %FFN2_input_load_10, i16 %FFN2_input_load_9, i16 %FFN2_input_load_8, i16 %FFN2_input_load_7, i16 %FFN2_input_load_6, i16 %FFN2_input_load_5, i16 %FFN2_input_load_4, i16 %FFN2_input_load_3, i16 %FFN2_input_load_2, i16 %FFN2_input_load_1, i16 %FFN2_input_load, i16 %FFN2_input_load_21, i16 %FFN2_input_load_20, i16 %FFN2_input_load_19, i16 %FFN2_input_load_18, i16 %FFN2_input_load_17, i16 %FFN2_input_load_16, i16 %FFN2_input_load_15, i16 %FFN2_input_load_14, i16 %FFN2_input_load_13, i32 %FFN2_output"   --->   Operation 80 'call' 'call_ln0' <Predicate = true> <Delay = 0.00> <CoreType = "Generic">   --->   Generic Core

State 13 <SV = 12> <Delay = 0.00>
ST_13 : Operation 81 [1/1] (0.00ns)   --->   "%specinterface_ln0 = specinterface void @_ssdm_op_SpecInterface, i32 %FFN2_output, void @empty_1, i32 0, i32 0, void @empty_0, i32 4294967295, i32 0, void @empty_0, void @empty_0, void @empty_0, i32 0, i32 0, i32 0, i32 0, void @empty_0, void @empty_0, i32 4294967295, i32 0, i32 0"   --->   Operation 81 'specinterface' 'specinterface_ln0' <Predicate = true> <Delay = 0.00>
ST_13 : Operation 82 [1/1] (0.00ns)   --->   "%specinterface_ln0 = specinterface void @_ssdm_op_SpecInterface, i16 %FFN2_scale, void @empty_1, i32 0, i32 0, void @empty_0, i32 4294967295, i32 0, void @empty_0, void @empty_0, void @empty_0, i32 0, i32 0, i32 0, i32 0, void @empty_0, void @empty_0, i32 4294967295, i32 0, i32 0"   --->   Operation 82 'specinterface' 'specinterface_ln0' <Predicate = true> <Delay = 0.00>
ST_13 : Operation 83 [1/1] (0.00ns)   --->   "%specinterface_ln0 = specinterface void @_ssdm_op_SpecInterface, i4 %FFN2_biases, void @empty_1, i32 0, i32 0, void @empty_0, i32 4294967295, i32 0, void @empty_0, void @empty_0, void @empty_0, i32 0, i32 0, i32 0, i32 0, void @empty_0, void @empty_0, i32 4294967295, i32 0, i32 0"   --->   Operation 83 'specinterface' 'specinterface_ln0' <Predicate = true> <Delay = 0.00>
ST_13 : Operation 84 [1/1] (0.00ns)   --->   "%specinterface_ln0 = specinterface void @_ssdm_op_SpecInterface, i4 %FFN2_weights2, void @empty_1, i32 0, i32 0, void @empty_0, i32 4294967295, i32 0, void @empty_0, void @empty_0, void @empty_0, i32 0, i32 0, i32 0, i32 0, void @empty_0, void @empty_0, i32 4294967295, i32 0, i32 0"   --->   Operation 84 'specinterface' 'specinterface_ln0' <Predicate = true> <Delay = 0.00>
ST_13 : Operation 85 [1/1] (0.00ns)   --->   "%specinterface_ln0 = specinterface void @_ssdm_op_SpecInterface, i16 %FFN2_input, void @empty_1, i32 0, i32 0, void @empty_0, i32 4294967295, i32 0, void @empty_0, void @empty_0, void @empty_0, i32 0, i32 0, i32 0, i32 0, void @empty_0, void @empty_0, i32 4294967295, i32 0, i32 0"   --->   Operation 85 'specinterface' 'specinterface_ln0' <Predicate = true> <Delay = 0.00>
ST_13 : Operation 86 [1/2] (0.00ns)   --->   "%call_ln0 = call void @FFN_POST_ACT_Pipeline_VITIS_LOOP_151_1, i4 %FFN2_biases, i4 %FFN2_weights2, i16 %FFN2_scale, i16 %FFN2_input_load_12, i16 %FFN2_input_load_11, i16 %FFN2_input_load_10, i16 %FFN2_input_load_9, i16 %FFN2_input_load_8, i16 %FFN2_input_load_7, i16 %FFN2_input_load_6, i16 %FFN2_input_load_5, i16 %FFN2_input_load_4, i16 %FFN2_input_load_3, i16 %FFN2_input_load_2, i16 %FFN2_input_load_1, i16 %FFN2_input_load, i16 %FFN2_input_load_21, i16 %FFN2_input_load_20, i16 %FFN2_input_load_19, i16 %FFN2_input_load_18, i16 %FFN2_input_load_17, i16 %FFN2_input_load_16, i16 %FFN2_input_load_15, i16 %FFN2_input_load_14, i16 %FFN2_input_load_13, i32 %FFN2_output"   --->   Operation 86 'call' 'call_ln0' <Predicate = true> <Delay = 0.00> <CoreType = "Generic">   --->   Generic Core
ST_13 : Operation 87 [1/1] (0.00ns)   --->   "%ret_ln164 = ret" [/home/luka/Scripting/ELEC_498-Capstone-LiteLM/HLS-Verilog/Transformer_logic/src-hls/compute_controller.cpp:164]   --->   Operation 87 'ret' 'ret_ln164' <Predicate = true> <Delay = 0.00>


============================================================
+ Verbose Summary: Binding
============================================================
STG Binding: 
---------------- STG Properties BEGIN ----------------
- Is combinational: 0
- Is one-state seq: 0
- Is datapath-only: 0
- Is pipelined: 0
- Is top level: 0
Port [ Return ] is wired: 1; IO mode=ap_ctrl_hs:ce=0
Port [ FFN2_input]:  wired=1; compound=1; hidden=0; nouse=0; global=0; static=0; extern=0; dir=0; type=1; pingpong=0; private_global=0; MemPort=[11]; IO mode=ap_memory:ce=0
Port [ FFN2_weights2]:  wired=1; compound=1; hidden=0; nouse=0; global=0; static=0; extern=0; dir=0; type=1; pingpong=0; private_global=0; MemPort=[11]; IO mode=ap_memory:ce=0
Port [ FFN2_biases]:  wired=1; compound=1; hidden=0; nouse=0; global=0; static=0; extern=0; dir=0; type=1; pingpong=0; private_global=0; MemPort=[13]; IO mode=ap_memory:ce=0
Port [ FFN2_scale]:  wired=1; compound=1; hidden=0; nouse=0; global=0; static=0; extern=0; dir=0; type=1; pingpong=0; private_global=0; MemPort=[13]; IO mode=ap_memory:ce=0
Port [ FFN2_output]:  wired=1; compound=1; hidden=0; nouse=0; global=0; static=0; extern=0; dir=1; type=1; pingpong=0; private_global=0; MemPort=[03]; IO mode=ap_memory:ce=0
---------------- STG Properties END ------------------

---------------- Datapath Model BEGIN ----------------

<LifeTime>
<method=bitvector/>
FFN2_input_addr    (getelementptr) [ 00100000000000]
FFN2_input_addr_1  (getelementptr) [ 00100000000000]
FFN2_input_load    (load         ) [ 00011111111111]
FFN2_input_load_1  (load         ) [ 00011111111111]
FFN2_input_addr_2  (getelementptr) [ 00010000000000]
FFN2_input_addr_3  (getelementptr) [ 00010000000000]
FFN2_input_load_2  (load         ) [ 00001111111111]
FFN2_input_load_3  (load         ) [ 00001111111111]
FFN2_input_addr_4  (getelementptr) [ 00001000000000]
FFN2_input_addr_5  (getelementptr) [ 00001000000000]
FFN2_input_load_4  (load         ) [ 00000111111111]
FFN2_input_load_5  (load         ) [ 00000111111111]
FFN2_input_addr_6  (getelementptr) [ 00000100000000]
FFN2_input_addr_7  (getelementptr) [ 00000100000000]
FFN2_input_load_6  (load         ) [ 00000011111111]
FFN2_input_load_7  (load         ) [ 00000011111111]
FFN2_input_addr_8  (getelementptr) [ 00000010000000]
FFN2_input_addr_9  (getelementptr) [ 00000010000000]
FFN2_input_load_8  (load         ) [ 00000001111111]
FFN2_input_load_9  (load         ) [ 00000001111111]
FFN2_input_addr_10 (getelementptr) [ 00000001000000]
FFN2_input_addr_11 (getelementptr) [ 00000001000000]
FFN2_input_load_10 (load         ) [ 00000000111111]
FFN2_input_load_11 (load         ) [ 00000000111111]
FFN2_input_addr_12 (getelementptr) [ 00000000100000]
FFN2_input_addr_13 (getelementptr) [ 00000000100000]
FFN2_input_load_12 (load         ) [ 00000000011111]
FFN2_input_load_13 (load         ) [ 00000000011111]
FFN2_input_addr_14 (getelementptr) [ 00000000010000]
FFN2_input_addr_15 (getelementptr) [ 00000000010000]
FFN2_input_load_14 (load         ) [ 00000000001111]
FFN2_input_load_15 (load         ) [ 00000000001111]
FFN2_input_addr_16 (getelementptr) [ 00000000001000]
FFN2_input_addr_17 (getelementptr) [ 00000000001000]
FFN2_input_load_16 (load         ) [ 00000000000111]
FFN2_input_load_17 (load         ) [ 00000000000111]
FFN2_input_addr_18 (getelementptr) [ 00000000000100]
FFN2_input_addr_19 (getelementptr) [ 00000000000100]
FFN2_input_load_18 (load         ) [ 00000000000011]
FFN2_input_load_19 (load         ) [ 00000000000011]
FFN2_input_addr_20 (getelementptr) [ 00000000000010]
FFN2_input_addr_21 (getelementptr) [ 00000000000010]
FFN2_input_load_20 (load         ) [ 00000000000001]
FFN2_input_load_21 (load         ) [ 00000000000001]
specinterface_ln0  (specinterface) [ 00000000000000]
specinterface_ln0  (specinterface) [ 00000000000000]
specinterface_ln0  (specinterface) [ 00000000000000]
specinterface_ln0  (specinterface) [ 00000000000000]
specinterface_ln0  (specinterface) [ 00000000000000]
call_ln0           (call         ) [ 00000000000000]
ret_ln164          (ret          ) [ 00000000000000]
</LifeTime>

<model>

<comp_list>
<comp id="0" class="1000" name="FFN2_input">
<pin_list>
<pin id="1" dir="1" index="0" bw="1" slack="0"/>
</pin_list>
<bind>
<StgValue><ssdm name="FFN2_input"/><MemPortTyVec>1 1 </MemPortTyVec>
</StgValue>
</bind>
</comp>

<comp id="2" class="1000" name="FFN2_weights2">
<pin_list>
<pin id="3" dir="1" index="0" bw="1" slack="0"/>
</pin_list>
<bind>
<StgValue><ssdm name="FFN2_weights2"/><MemPortTyVec>1 1 </MemPortTyVec>
</StgValue>
</bind>
</comp>

<comp id="4" class="1000" name="FFN2_biases">
<pin_list>
<pin id="5" dir="1" index="0" bw="1" slack="0"/>
</pin_list>
<bind>
<StgValue><ssdm name="FFN2_biases"/><MemPortTyVec>1 3 </MemPortTyVec>
</StgValue>
</bind>
</comp>

<comp id="6" class="1000" name="FFN2_scale">
<pin_list>
<pin id="7" dir="1" index="0" bw="1" slack="0"/>
</pin_list>
<bind>
<StgValue><ssdm name="FFN2_scale"/><MemPortTyVec>1 3 </MemPortTyVec>
</StgValue>
</bind>
</comp>

<comp id="8" class="1000" name="FFN2_output">
<pin_list>
<pin id="9" dir="1" index="0" bw="1" slack="0"/>
</pin_list>
<bind>
<StgValue><ssdm name="FFN2_output"/><MemPortTyVec>0 3 </MemPortTyVec>
</StgValue>
</bind>
</comp>

<comp id="10" class="1001" name="const_10">
<pin_list>
<pin id="11" dir="1" index="0" bw="1" slack="0"/>
</pin_list>
<bind>
<StgValue><ssdm name=""/></StgValue>
</bind>
</comp>

<comp id="12" class="1001" name="const_12">
<pin_list>
<pin id="13" dir="1" index="0" bw="1" slack="0"/>
</pin_list>
<bind>
<StgValue><ssdm name=""/></StgValue>
</bind>
</comp>

<comp id="14" class="1001" name="const_14">
<pin_list>
<pin id="15" dir="1" index="0" bw="1" slack="0"/>
</pin_list>
<bind>
<StgValue><ssdm name=""/></StgValue>
</bind>
</comp>

<comp id="16" class="1001" name="const_16">
<pin_list>
<pin id="17" dir="1" index="0" bw="1" slack="0"/>
</pin_list>
<bind>
<StgValue><ssdm name=""/></StgValue>
</bind>
</comp>

<comp id="18" class="1001" name="const_18">
<pin_list>
<pin id="19" dir="1" index="0" bw="1" slack="0"/>
</pin_list>
<bind>
<StgValue><ssdm name=""/></StgValue>
</bind>
</comp>

<comp id="20" class="1001" name="const_20">
<pin_list>
<pin id="21" dir="1" index="0" bw="1" slack="0"/>
</pin_list>
<bind>
<StgValue><ssdm name=""/></StgValue>
</bind>
</comp>

<comp id="22" class="1001" name="const_22">
<pin_list>
<pin id="23" dir="1" index="0" bw="1" slack="0"/>
</pin_list>
<bind>
<StgValue><ssdm name=""/></StgValue>
</bind>
</comp>

<comp id="24" class="1001" name="const_24">
<pin_list>
<pin id="25" dir="1" index="0" bw="1" slack="0"/>
</pin_list>
<bind>
<StgValue><ssdm name=""/></StgValue>
</bind>
</comp>

<comp id="26" class="1001" name="const_26">
<pin_list>
<pin id="27" dir="1" index="0" bw="1" slack="0"/>
</pin_list>
<bind>
<StgValue><ssdm name=""/></StgValue>
</bind>
</comp>

<comp id="28" class="1001" name="const_28">
<pin_list>
<pin id="29" dir="1" index="0" bw="1" slack="0"/>
</pin_list>
<bind>
<StgValue><ssdm name=""/></StgValue>
</bind>
</comp>

<comp id="30" class="1001" name="const_30">
<pin_list>
<pin id="31" dir="1" index="0" bw="1" slack="0"/>
</pin_list>
<bind>
<StgValue><ssdm name=""/></StgValue>
</bind>
</comp>

<comp id="32" class="1001" name="const_32">
<pin_list>
<pin id="33" dir="1" index="0" bw="1" slack="0"/>
</pin_list>
<bind>
<StgValue><ssdm name=""/></StgValue>
</bind>
</comp>

<comp id="34" class="1001" name="const_34">
<pin_list>
<pin id="35" dir="1" index="0" bw="1" slack="0"/>
</pin_list>
<bind>
<StgValue><ssdm name=""/></StgValue>
</bind>
</comp>

<comp id="36" class="1001" name="const_36">
<pin_list>
<pin id="37" dir="1" index="0" bw="1" slack="0"/>
</pin_list>
<bind>
<StgValue><ssdm name=""/></StgValue>
</bind>
</comp>

<comp id="38" class="1001" name="const_38">
<pin_list>
<pin id="39" dir="1" index="0" bw="1" slack="0"/>
</pin_list>
<bind>
<StgValue><ssdm name=""/></StgValue>
</bind>
</comp>

<comp id="40" class="1001" name="const_40">
<pin_list>
<pin id="41" dir="1" index="0" bw="1" slack="0"/>
</pin_list>
<bind>
<StgValue><ssdm name=""/></StgValue>
</bind>
</comp>

<comp id="42" class="1001" name="const_42">
<pin_list>
<pin id="43" dir="1" index="0" bw="1" slack="0"/>
</pin_list>
<bind>
<StgValue><ssdm name=""/></StgValue>
</bind>
</comp>

<comp id="44" class="1001" name="const_44">
<pin_list>
<pin id="45" dir="1" index="0" bw="1" slack="0"/>
</pin_list>
<bind>
<StgValue><ssdm name=""/></StgValue>
</bind>
</comp>

<comp id="46" class="1001" name="const_46">
<pin_list>
<pin id="47" dir="1" index="0" bw="1" slack="0"/>
</pin_list>
<bind>
<StgValue><ssdm name=""/></StgValue>
</bind>
</comp>

<comp id="48" class="1001" name="const_48">
<pin_list>
<pin id="49" dir="1" index="0" bw="1" slack="0"/>
</pin_list>
<bind>
<StgValue><ssdm name=""/></StgValue>
</bind>
</comp>

<comp id="50" class="1001" name="const_50">
<pin_list>
<pin id="51" dir="1" index="0" bw="1" slack="0"/>
</pin_list>
<bind>
<StgValue><ssdm name=""/></StgValue>
</bind>
</comp>

<comp id="52" class="1001" name="const_52">
<pin_list>
<pin id="53" dir="1" index="0" bw="1" slack="0"/>
</pin_list>
<bind>
<StgValue><ssdm name=""/></StgValue>
</bind>
</comp>

<comp id="54" class="1001" name="const_54">
<pin_list>
<pin id="55" dir="1" index="0" bw="1" slack="0"/>
</pin_list>
<bind>
<StgValue><ssdm name="FFN_POST_ACT_Pipeline_VITIS_LOOP_151_1"/></StgValue>
</bind>
</comp>

<comp id="56" class="1001" name="const_56">
<pin_list>
<pin id="57" dir="1" index="0" bw="1" slack="2147483647"/>
</pin_list>
<bind>
<StgValue><ssdm name="_ssdm_op_SpecInterface"/></StgValue>
</bind>
</comp>

<comp id="58" class="1001" name="const_58">
<pin_list>
<pin id="59" dir="1" index="0" bw="1" slack="2147483647"/>
</pin_list>
<bind>
<StgValue><ssdm name="empty_1"/></StgValue>
</bind>
</comp>

<comp id="60" class="1001" name="const_60">
<pin_list>
<pin id="61" dir="1" index="0" bw="1" slack="2147483647"/>
</pin_list>
<bind>
<StgValue><ssdm name=""/></StgValue>
</bind>
</comp>

<comp id="62" class="1001" name="const_62">
<pin_list>
<pin id="63" dir="1" index="0" bw="1" slack="2147483647"/>
</pin_list>
<bind>
<StgValue><ssdm name="empty_0"/></StgValue>
</bind>
</comp>

<comp id="64" class="1001" name="const_64">
<pin_list>
<pin id="65" dir="1" index="0" bw="1" slack="2147483647"/>
</pin_list>
<bind>
<StgValue><ssdm name=""/></StgValue>
</bind>
</comp>

<comp id="66" class="1004" name="FFN2_input_addr_gep_fu_66">
<pin_list>
<pin id="67" dir="0" index="0" bw="16" slack="0"/>
<pin id="68" dir="0" index="1" bw="1" slack="0"/>
<pin id="69" dir="0" index="2" bw="1" slack="0"/>
<pin id="70" dir="1" index="3" bw="5" slack="0"/>
</pin_list>
<bind>
<opcode="getelementptr(29) " fcode="getelementptr"/>
<opset="FFN2_input_addr/1 "/>
</bind>
</comp>

<comp id="74" class="1004" name="grp_access_fu_74">
<pin_list>
<pin id="75" dir="0" index="0" bw="5" slack="0"/>
<pin id="76" dir="0" index="1" bw="16" slack="2147483647"/>
<pin id="77" dir="0" index="2" bw="0" slack="0"/>
<pin id="79" dir="0" index="4" bw="5" slack="2147483647"/>
<pin id="80" dir="0" index="5" bw="16" slack="2147483647"/>
<pin id="81" dir="0" index="6" bw="0" slack="2147483647"/>
<pin id="78" dir="1" index="3" bw="16" slack="0"/>
<pin id="82" dir="1" index="7" bw="16" slack="0"/>
</pin_list>
<bind>
<opcode="load(27) " fcode="load"/>
<opset="FFN2_input_load/1 FFN2_input_load_1/1 FFN2_input_load_2/2 FFN2_input_load_3/2 FFN2_input_load_4/3 FFN2_input_load_5/3 FFN2_input_load_6/4 FFN2_input_load_7/4 FFN2_input_load_8/5 FFN2_input_load_9/5 FFN2_input_load_10/6 FFN2_input_load_11/6 FFN2_input_load_12/7 FFN2_input_load_13/7 FFN2_input_load_14/8 FFN2_input_load_15/8 FFN2_input_load_16/9 FFN2_input_load_17/9 FFN2_input_load_18/10 FFN2_input_load_19/10 FFN2_input_load_20/11 FFN2_input_load_21/11 "/>
</bind>
</comp>

<comp id="84" class="1004" name="FFN2_input_addr_1_gep_fu_84">
<pin_list>
<pin id="85" dir="0" index="0" bw="16" slack="0"/>
<pin id="86" dir="0" index="1" bw="1" slack="0"/>
<pin id="87" dir="0" index="2" bw="1" slack="0"/>
<pin id="88" dir="1" index="3" bw="5" slack="0"/>
</pin_list>
<bind>
<opcode="getelementptr(29) " fcode="getelementptr"/>
<opset="FFN2_input_addr_1/1 "/>
</bind>
</comp>

<comp id="93" class="1004" name="FFN2_input_addr_2_gep_fu_93">
<pin_list>
<pin id="94" dir="0" index="0" bw="16" slack="0"/>
<pin id="95" dir="0" index="1" bw="1" slack="0"/>
<pin id="96" dir="0" index="2" bw="3" slack="0"/>
<pin id="97" dir="1" index="3" bw="5" slack="0"/>
</pin_list>
<bind>
<opcode="getelementptr(29) " fcode="getelementptr"/>
<opset="FFN2_input_addr_2/2 "/>
</bind>
</comp>

<comp id="102" class="1004" name="FFN2_input_addr_3_gep_fu_102">
<pin_list>
<pin id="103" dir="0" index="0" bw="16" slack="0"/>
<pin id="104" dir="0" index="1" bw="1" slack="0"/>
<pin id="105" dir="0" index="2" bw="3" slack="0"/>
<pin id="106" dir="1" index="3" bw="5" slack="0"/>
</pin_list>
<bind>
<opcode="getelementptr(29) " fcode="getelementptr"/>
<opset="FFN2_input_addr_3/2 "/>
</bind>
</comp>

<comp id="111" class="1004" name="FFN2_input_addr_4_gep_fu_111">
<pin_list>
<pin id="112" dir="0" index="0" bw="16" slack="0"/>
<pin id="113" dir="0" index="1" bw="1" slack="0"/>
<pin id="114" dir="0" index="2" bw="4" slack="0"/>
<pin id="115" dir="1" index="3" bw="5" slack="0"/>
</pin_list>
<bind>
<opcode="getelementptr(29) " fcode="getelementptr"/>
<opset="FFN2_input_addr_4/3 "/>
</bind>
</comp>

<comp id="120" class="1004" name="FFN2_input_addr_5_gep_fu_120">
<pin_list>
<pin id="121" dir="0" index="0" bw="16" slack="0"/>
<pin id="122" dir="0" index="1" bw="1" slack="0"/>
<pin id="123" dir="0" index="2" bw="4" slack="0"/>
<pin id="124" dir="1" index="3" bw="5" slack="0"/>
</pin_list>
<bind>
<opcode="getelementptr(29) " fcode="getelementptr"/>
<opset="FFN2_input_addr_5/3 "/>
</bind>
</comp>

<comp id="129" class="1004" name="FFN2_input_addr_6_gep_fu_129">
<pin_list>
<pin id="130" dir="0" index="0" bw="16" slack="0"/>
<pin id="131" dir="0" index="1" bw="1" slack="0"/>
<pin id="132" dir="0" index="2" bw="4" slack="0"/>
<pin id="133" dir="1" index="3" bw="5" slack="0"/>
</pin_list>
<bind>
<opcode="getelementptr(29) " fcode="getelementptr"/>
<opset="FFN2_input_addr_6/4 "/>
</bind>
</comp>

<comp id="138" class="1004" name="FFN2_input_addr_7_gep_fu_138">
<pin_list>
<pin id="139" dir="0" index="0" bw="16" slack="0"/>
<pin id="140" dir="0" index="1" bw="1" slack="0"/>
<pin id="141" dir="0" index="2" bw="4" slack="0"/>
<pin id="142" dir="1" index="3" bw="5" slack="0"/>
</pin_list>
<bind>
<opcode="getelementptr(29) " fcode="getelementptr"/>
<opset="FFN2_input_addr_7/4 "/>
</bind>
</comp>

<comp id="147" class="1004" name="FFN2_input_addr_8_gep_fu_147">
<pin_list>
<pin id="148" dir="0" index="0" bw="16" slack="0"/>
<pin id="149" dir="0" index="1" bw="1" slack="0"/>
<pin id="150" dir="0" index="2" bw="5" slack="0"/>
<pin id="151" dir="1" index="3" bw="5" slack="0"/>
</pin_list>
<bind>
<opcode="getelementptr(29) " fcode="getelementptr"/>
<opset="FFN2_input_addr_8/5 "/>
</bind>
</comp>

<comp id="156" class="1004" name="FFN2_input_addr_9_gep_fu_156">
<pin_list>
<pin id="157" dir="0" index="0" bw="16" slack="0"/>
<pin id="158" dir="0" index="1" bw="1" slack="0"/>
<pin id="159" dir="0" index="2" bw="5" slack="0"/>
<pin id="160" dir="1" index="3" bw="5" slack="0"/>
</pin_list>
<bind>
<opcode="getelementptr(29) " fcode="getelementptr"/>
<opset="FFN2_input_addr_9/5 "/>
</bind>
</comp>

<comp id="165" class="1004" name="FFN2_input_addr_10_gep_fu_165">
<pin_list>
<pin id="166" dir="0" index="0" bw="16" slack="0"/>
<pin id="167" dir="0" index="1" bw="1" slack="0"/>
<pin id="168" dir="0" index="2" bw="5" slack="0"/>
<pin id="169" dir="1" index="3" bw="5" slack="0"/>
</pin_list>
<bind>
<opcode="getelementptr(29) " fcode="getelementptr"/>
<opset="FFN2_input_addr_10/6 "/>
</bind>
</comp>

<comp id="174" class="1004" name="FFN2_input_addr_11_gep_fu_174">
<pin_list>
<pin id="175" dir="0" index="0" bw="16" slack="0"/>
<pin id="176" dir="0" index="1" bw="1" slack="0"/>
<pin id="177" dir="0" index="2" bw="5" slack="0"/>
<pin id="178" dir="1" index="3" bw="5" slack="0"/>
</pin_list>
<bind>
<opcode="getelementptr(29) " fcode="getelementptr"/>
<opset="FFN2_input_addr_11/6 "/>
</bind>
</comp>

<comp id="183" class="1004" name="FFN2_input_addr_12_gep_fu_183">
<pin_list>
<pin id="184" dir="0" index="0" bw="16" slack="0"/>
<pin id="185" dir="0" index="1" bw="1" slack="0"/>
<pin id="186" dir="0" index="2" bw="5" slack="0"/>
<pin id="187" dir="1" index="3" bw="5" slack="0"/>
</pin_list>
<bind>
<opcode="getelementptr(29) " fcode="getelementptr"/>
<opset="FFN2_input_addr_12/7 "/>
</bind>
</comp>

<comp id="192" class="1004" name="FFN2_input_addr_13_gep_fu_192">
<pin_list>
<pin id="193" dir="0" index="0" bw="16" slack="0"/>
<pin id="194" dir="0" index="1" bw="1" slack="0"/>
<pin id="195" dir="0" index="2" bw="5" slack="0"/>
<pin id="196" dir="1" index="3" bw="5" slack="0"/>
</pin_list>
<bind>
<opcode="getelementptr(29) " fcode="getelementptr"/>
<opset="FFN2_input_addr_13/7 "/>
</bind>
</comp>

<comp id="201" class="1004" name="FFN2_input_addr_14_gep_fu_201">
<pin_list>
<pin id="202" dir="0" index="0" bw="16" slack="0"/>
<pin id="203" dir="0" index="1" bw="1" slack="0"/>
<pin id="204" dir="0" index="2" bw="5" slack="0"/>
<pin id="205" dir="1" index="3" bw="5" slack="0"/>
</pin_list>
<bind>
<opcode="getelementptr(29) " fcode="getelementptr"/>
<opset="FFN2_input_addr_14/8 "/>
</bind>
</comp>

<comp id="210" class="1004" name="FFN2_input_addr_15_gep_fu_210">
<pin_list>
<pin id="211" dir="0" index="0" bw="16" slack="0"/>
<pin id="212" dir="0" index="1" bw="1" slack="0"/>
<pin id="213" dir="0" index="2" bw="5" slack="0"/>
<pin id="214" dir="1" index="3" bw="5" slack="0"/>
</pin_list>
<bind>
<opcode="getelementptr(29) " fcode="getelementptr"/>
<opset="FFN2_input_addr_15/8 "/>
</bind>
</comp>

<comp id="219" class="1004" name="FFN2_input_addr_16_gep_fu_219">
<pin_list>
<pin id="220" dir="0" index="0" bw="16" slack="0"/>
<pin id="221" dir="0" index="1" bw="1" slack="0"/>
<pin id="222" dir="0" index="2" bw="6" slack="0"/>
<pin id="223" dir="1" index="3" bw="5" slack="0"/>
</pin_list>
<bind>
<opcode="getelementptr(29) " fcode="getelementptr"/>
<opset="FFN2_input_addr_16/9 "/>
</bind>
</comp>

<comp id="228" class="1004" name="FFN2_input_addr_17_gep_fu_228">
<pin_list>
<pin id="229" dir="0" index="0" bw="16" slack="0"/>
<pin id="230" dir="0" index="1" bw="1" slack="0"/>
<pin id="231" dir="0" index="2" bw="6" slack="0"/>
<pin id="232" dir="1" index="3" bw="5" slack="0"/>
</pin_list>
<bind>
<opcode="getelementptr(29) " fcode="getelementptr"/>
<opset="FFN2_input_addr_17/9 "/>
</bind>
</comp>

<comp id="237" class="1004" name="FFN2_input_addr_18_gep_fu_237">
<pin_list>
<pin id="238" dir="0" index="0" bw="16" slack="0"/>
<pin id="239" dir="0" index="1" bw="1" slack="0"/>
<pin id="240" dir="0" index="2" bw="6" slack="0"/>
<pin id="241" dir="1" index="3" bw="5" slack="0"/>
</pin_list>
<bind>
<opcode="getelementptr(29) " fcode="getelementptr"/>
<opset="FFN2_input_addr_18/10 "/>
</bind>
</comp>

<comp id="246" class="1004" name="FFN2_input_addr_19_gep_fu_246">
<pin_list>
<pin id="247" dir="0" index="0" bw="16" slack="0"/>
<pin id="248" dir="0" index="1" bw="1" slack="0"/>
<pin id="249" dir="0" index="2" bw="6" slack="0"/>
<pin id="250" dir="1" index="3" bw="5" slack="0"/>
</pin_list>
<bind>
<opcode="getelementptr(29) " fcode="getelementptr"/>
<opset="FFN2_input_addr_19/10 "/>
</bind>
</comp>

<comp id="255" class="1004" name="FFN2_input_addr_20_gep_fu_255">
<pin_list>
<pin id="256" dir="0" index="0" bw="16" slack="0"/>
<pin id="257" dir="0" index="1" bw="1" slack="0"/>
<pin id="258" dir="0" index="2" bw="6" slack="0"/>
<pin id="259" dir="1" index="3" bw="5" slack="0"/>
</pin_list>
<bind>
<opcode="getelementptr(29) " fcode="getelementptr"/>
<opset="FFN2_input_addr_20/11 "/>
</bind>
</comp>

<comp id="264" class="1004" name="FFN2_input_addr_21_gep_fu_264">
<pin_list>
<pin id="265" dir="0" index="0" bw="16" slack="0"/>
<pin id="266" dir="0" index="1" bw="1" slack="0"/>
<pin id="267" dir="0" index="2" bw="6" slack="0"/>
<pin id="268" dir="1" index="3" bw="5" slack="0"/>
</pin_list>
<bind>
<opcode="getelementptr(29) " fcode="getelementptr"/>
<opset="FFN2_input_addr_21/11 "/>
</bind>
</comp>

<comp id="273" class="1004" name="grp_FFN_POST_ACT_Pipeline_VITIS_LOOP_151_1_fu_273">
<pin_list>
<pin id="274" dir="0" index="0" bw="0" slack="0"/>
<pin id="275" dir="0" index="1" bw="4" slack="0"/>
<pin id="276" dir="0" index="2" bw="4" slack="0"/>
<pin id="277" dir="0" index="3" bw="16" slack="0"/>
<pin id="278" dir="0" index="4" bw="16" slack="4"/>
<pin id="279" dir="0" index="5" bw="16" slack="5"/>
<pin id="280" dir="0" index="6" bw="16" slack="5"/>
<pin id="281" dir="0" index="7" bw="16" slack="6"/>
<pin id="282" dir="0" index="8" bw="16" slack="6"/>
<pin id="283" dir="0" index="9" bw="16" slack="7"/>
<pin id="284" dir="0" index="10" bw="16" slack="7"/>
<pin id="285" dir="0" index="11" bw="16" slack="8"/>
<pin id="286" dir="0" index="12" bw="16" slack="8"/>
<pin id="287" dir="0" index="13" bw="16" slack="9"/>
<pin id="288" dir="0" index="14" bw="16" slack="9"/>
<pin id="289" dir="0" index="15" bw="16" slack="10"/>
<pin id="290" dir="0" index="16" bw="16" slack="10"/>
<pin id="291" dir="0" index="17" bw="16" slack="0"/>
<pin id="292" dir="0" index="18" bw="16" slack="0"/>
<pin id="293" dir="0" index="19" bw="16" slack="1"/>
<pin id="294" dir="0" index="20" bw="16" slack="1"/>
<pin id="295" dir="0" index="21" bw="16" slack="2"/>
<pin id="296" dir="0" index="22" bw="16" slack="2"/>
<pin id="297" dir="0" index="23" bw="16" slack="3"/>
<pin id="298" dir="0" index="24" bw="16" slack="3"/>
<pin id="299" dir="0" index="25" bw="16" slack="4"/>
<pin id="300" dir="0" index="26" bw="32" slack="0"/>
<pin id="301" dir="1" index="27" bw="0" slack="2147483647"/>
</pin_list>
<bind>
<opcode="call(48) " fcode="call"/>
<opset="call_ln0/12 "/>
</bind>
</comp>

<comp id="309" class="1005" name="FFN2_input_addr_reg_309">
<pin_list>
<pin id="310" dir="0" index="0" bw="5" slack="1"/>
<pin id="311" dir="1" index="1" bw="5" slack="1"/>
</pin_list>
<bind>
<opset="FFN2_input_addr "/>
</bind>
</comp>

<comp id="314" class="1005" name="FFN2_input_addr_1_reg_314">
<pin_list>
<pin id="315" dir="0" index="0" bw="5" slack="1"/>
<pin id="316" dir="1" index="1" bw="5" slack="1"/>
</pin_list>
<bind>
<opset="FFN2_input_addr_1 "/>
</bind>
</comp>

<comp id="319" class="1005" name="FFN2_input_load_reg_319">
<pin_list>
<pin id="320" dir="0" index="0" bw="16" slack="10"/>
<pin id="321" dir="1" index="1" bw="16" slack="10"/>
</pin_list>
<bind>
<opset="FFN2_input_load "/>
</bind>
</comp>

<comp id="324" class="1005" name="FFN2_input_load_1_reg_324">
<pin_list>
<pin id="325" dir="0" index="0" bw="16" slack="10"/>
<pin id="326" dir="1" index="1" bw="16" slack="10"/>
</pin_list>
<bind>
<opset="FFN2_input_load_1 "/>
</bind>
</comp>

<comp id="329" class="1005" name="FFN2_input_addr_2_reg_329">
<pin_list>
<pin id="330" dir="0" index="0" bw="5" slack="1"/>
<pin id="331" dir="1" index="1" bw="5" slack="1"/>
</pin_list>
<bind>
<opset="FFN2_input_addr_2 "/>
</bind>
</comp>

<comp id="334" class="1005" name="FFN2_input_addr_3_reg_334">
<pin_list>
<pin id="335" dir="0" index="0" bw="5" slack="1"/>
<pin id="336" dir="1" index="1" bw="5" slack="1"/>
</pin_list>
<bind>
<opset="FFN2_input_addr_3 "/>
</bind>
</comp>

<comp id="339" class="1005" name="FFN2_input_load_2_reg_339">
<pin_list>
<pin id="340" dir="0" index="0" bw="16" slack="9"/>
<pin id="341" dir="1" index="1" bw="16" slack="9"/>
</pin_list>
<bind>
<opset="FFN2_input_load_2 "/>
</bind>
</comp>

<comp id="344" class="1005" name="FFN2_input_load_3_reg_344">
<pin_list>
<pin id="345" dir="0" index="0" bw="16" slack="9"/>
<pin id="346" dir="1" index="1" bw="16" slack="9"/>
</pin_list>
<bind>
<opset="FFN2_input_load_3 "/>
</bind>
</comp>

<comp id="349" class="1005" name="FFN2_input_addr_4_reg_349">
<pin_list>
<pin id="350" dir="0" index="0" bw="5" slack="1"/>
<pin id="351" dir="1" index="1" bw="5" slack="1"/>
</pin_list>
<bind>
<opset="FFN2_input_addr_4 "/>
</bind>
</comp>

<comp id="354" class="1005" name="FFN2_input_addr_5_reg_354">
<pin_list>
<pin id="355" dir="0" index="0" bw="5" slack="1"/>
<pin id="356" dir="1" index="1" bw="5" slack="1"/>
</pin_list>
<bind>
<opset="FFN2_input_addr_5 "/>
</bind>
</comp>

<comp id="359" class="1005" name="FFN2_input_load_4_reg_359">
<pin_list>
<pin id="360" dir="0" index="0" bw="16" slack="8"/>
<pin id="361" dir="1" index="1" bw="16" slack="8"/>
</pin_list>
<bind>
<opset="FFN2_input_load_4 "/>
</bind>
</comp>

<comp id="364" class="1005" name="FFN2_input_load_5_reg_364">
<pin_list>
<pin id="365" dir="0" index="0" bw="16" slack="8"/>
<pin id="366" dir="1" index="1" bw="16" slack="8"/>
</pin_list>
<bind>
<opset="FFN2_input_load_5 "/>
</bind>
</comp>

<comp id="369" class="1005" name="FFN2_input_addr_6_reg_369">
<pin_list>
<pin id="370" dir="0" index="0" bw="5" slack="1"/>
<pin id="371" dir="1" index="1" bw="5" slack="1"/>
</pin_list>
<bind>
<opset="FFN2_input_addr_6 "/>
</bind>
</comp>

<comp id="374" class="1005" name="FFN2_input_addr_7_reg_374">
<pin_list>
<pin id="375" dir="0" index="0" bw="5" slack="1"/>
<pin id="376" dir="1" index="1" bw="5" slack="1"/>
</pin_list>
<bind>
<opset="FFN2_input_addr_7 "/>
</bind>
</comp>

<comp id="379" class="1005" name="FFN2_input_load_6_reg_379">
<pin_list>
<pin id="380" dir="0" index="0" bw="16" slack="7"/>
<pin id="381" dir="1" index="1" bw="16" slack="7"/>
</pin_list>
<bind>
<opset="FFN2_input_load_6 "/>
</bind>
</comp>

<comp id="384" class="1005" name="FFN2_input_load_7_reg_384">
<pin_list>
<pin id="385" dir="0" index="0" bw="16" slack="7"/>
<pin id="386" dir="1" index="1" bw="16" slack="7"/>
</pin_list>
<bind>
<opset="FFN2_input_load_7 "/>
</bind>
</comp>

<comp id="389" class="1005" name="FFN2_input_addr_8_reg_389">
<pin_list>
<pin id="390" dir="0" index="0" bw="5" slack="1"/>
<pin id="391" dir="1" index="1" bw="5" slack="1"/>
</pin_list>
<bind>
<opset="FFN2_input_addr_8 "/>
</bind>
</comp>

<comp id="394" class="1005" name="FFN2_input_addr_9_reg_394">
<pin_list>
<pin id="395" dir="0" index="0" bw="5" slack="1"/>
<pin id="396" dir="1" index="1" bw="5" slack="1"/>
</pin_list>
<bind>
<opset="FFN2_input_addr_9 "/>
</bind>
</comp>

<comp id="399" class="1005" name="FFN2_input_load_8_reg_399">
<pin_list>
<pin id="400" dir="0" index="0" bw="16" slack="6"/>
<pin id="401" dir="1" index="1" bw="16" slack="6"/>
</pin_list>
<bind>
<opset="FFN2_input_load_8 "/>
</bind>
</comp>

<comp id="404" class="1005" name="FFN2_input_load_9_reg_404">
<pin_list>
<pin id="405" dir="0" index="0" bw="16" slack="6"/>
<pin id="406" dir="1" index="1" bw="16" slack="6"/>
</pin_list>
<bind>
<opset="FFN2_input_load_9 "/>
</bind>
</comp>

<comp id="409" class="1005" name="FFN2_input_addr_10_reg_409">
<pin_list>
<pin id="410" dir="0" index="0" bw="5" slack="1"/>
<pin id="411" dir="1" index="1" bw="5" slack="1"/>
</pin_list>
<bind>
<opset="FFN2_input_addr_10 "/>
</bind>
</comp>

<comp id="414" class="1005" name="FFN2_input_addr_11_reg_414">
<pin_list>
<pin id="415" dir="0" index="0" bw="5" slack="1"/>
<pin id="416" dir="1" index="1" bw="5" slack="1"/>
</pin_list>
<bind>
<opset="FFN2_input_addr_11 "/>
</bind>
</comp>

<comp id="419" class="1005" name="FFN2_input_load_10_reg_419">
<pin_list>
<pin id="420" dir="0" index="0" bw="16" slack="5"/>
<pin id="421" dir="1" index="1" bw="16" slack="5"/>
</pin_list>
<bind>
<opset="FFN2_input_load_10 "/>
</bind>
</comp>

<comp id="424" class="1005" name="FFN2_input_load_11_reg_424">
<pin_list>
<pin id="425" dir="0" index="0" bw="16" slack="5"/>
<pin id="426" dir="1" index="1" bw="16" slack="5"/>
</pin_list>
<bind>
<opset="FFN2_input_load_11 "/>
</bind>
</comp>

<comp id="429" class="1005" name="FFN2_input_addr_12_reg_429">
<pin_list>
<pin id="430" dir="0" index="0" bw="5" slack="1"/>
<pin id="431" dir="1" index="1" bw="5" slack="1"/>
</pin_list>
<bind>
<opset="FFN2_input_addr_12 "/>
</bind>
</comp>

<comp id="434" class="1005" name="FFN2_input_addr_13_reg_434">
<pin_list>
<pin id="435" dir="0" index="0" bw="5" slack="1"/>
<pin id="436" dir="1" index="1" bw="5" slack="1"/>
</pin_list>
<bind>
<opset="FFN2_input_addr_13 "/>
</bind>
</comp>

<comp id="439" class="1005" name="FFN2_input_load_12_reg_439">
<pin_list>
<pin id="440" dir="0" index="0" bw="16" slack="4"/>
<pin id="441" dir="1" index="1" bw="16" slack="4"/>
</pin_list>
<bind>
<opset="FFN2_input_load_12 "/>
</bind>
</comp>

<comp id="444" class="1005" name="FFN2_input_load_13_reg_444">
<pin_list>
<pin id="445" dir="0" index="0" bw="16" slack="4"/>
<pin id="446" dir="1" index="1" bw="16" slack="4"/>
</pin_list>
<bind>
<opset="FFN2_input_load_13 "/>
</bind>
</comp>

<comp id="449" class="1005" name="FFN2_input_addr_14_reg_449">
<pin_list>
<pin id="450" dir="0" index="0" bw="5" slack="1"/>
<pin id="451" dir="1" index="1" bw="5" slack="1"/>
</pin_list>
<bind>
<opset="FFN2_input_addr_14 "/>
</bind>
</comp>

<comp id="454" class="1005" name="FFN2_input_addr_15_reg_454">
<pin_list>
<pin id="455" dir="0" index="0" bw="5" slack="1"/>
<pin id="456" dir="1" index="1" bw="5" slack="1"/>
</pin_list>
<bind>
<opset="FFN2_input_addr_15 "/>
</bind>
</comp>

<comp id="459" class="1005" name="FFN2_input_load_14_reg_459">
<pin_list>
<pin id="460" dir="0" index="0" bw="16" slack="3"/>
<pin id="461" dir="1" index="1" bw="16" slack="3"/>
</pin_list>
<bind>
<opset="FFN2_input_load_14 "/>
</bind>
</comp>

<comp id="464" class="1005" name="FFN2_input_load_15_reg_464">
<pin_list>
<pin id="465" dir="0" index="0" bw="16" slack="3"/>
<pin id="466" dir="1" index="1" bw="16" slack="3"/>
</pin_list>
<bind>
<opset="FFN2_input_load_15 "/>
</bind>
</comp>

<comp id="469" class="1005" name="FFN2_input_addr_16_reg_469">
<pin_list>
<pin id="470" dir="0" index="0" bw="5" slack="1"/>
<pin id="471" dir="1" index="1" bw="5" slack="1"/>
</pin_list>
<bind>
<opset="FFN2_input_addr_16 "/>
</bind>
</comp>

<comp id="474" class="1005" name="FFN2_input_addr_17_reg_474">
<pin_list>
<pin id="475" dir="0" index="0" bw="5" slack="1"/>
<pin id="476" dir="1" index="1" bw="5" slack="1"/>
</pin_list>
<bind>
<opset="FFN2_input_addr_17 "/>
</bind>
</comp>

<comp id="479" class="1005" name="FFN2_input_load_16_reg_479">
<pin_list>
<pin id="480" dir="0" index="0" bw="16" slack="2"/>
<pin id="481" dir="1" index="1" bw="16" slack="2"/>
</pin_list>
<bind>
<opset="FFN2_input_load_16 "/>
</bind>
</comp>

<comp id="484" class="1005" name="FFN2_input_load_17_reg_484">
<pin_list>
<pin id="485" dir="0" index="0" bw="16" slack="2"/>
<pin id="486" dir="1" index="1" bw="16" slack="2"/>
</pin_list>
<bind>
<opset="FFN2_input_load_17 "/>
</bind>
</comp>

<comp id="489" class="1005" name="FFN2_input_addr_18_reg_489">
<pin_list>
<pin id="490" dir="0" index="0" bw="5" slack="1"/>
<pin id="491" dir="1" index="1" bw="5" slack="1"/>
</pin_list>
<bind>
<opset="FFN2_input_addr_18 "/>
</bind>
</comp>

<comp id="494" class="1005" name="FFN2_input_addr_19_reg_494">
<pin_list>
<pin id="495" dir="0" index="0" bw="5" slack="1"/>
<pin id="496" dir="1" index="1" bw="5" slack="1"/>
</pin_list>
<bind>
<opset="FFN2_input_addr_19 "/>
</bind>
</comp>

<comp id="499" class="1005" name="FFN2_input_load_18_reg_499">
<pin_list>
<pin id="500" dir="0" index="0" bw="16" slack="1"/>
<pin id="501" dir="1" index="1" bw="16" slack="1"/>
</pin_list>
<bind>
<opset="FFN2_input_load_18 "/>
</bind>
</comp>

<comp id="504" class="1005" name="FFN2_input_load_19_reg_504">
<pin_list>
<pin id="505" dir="0" index="0" bw="16" slack="1"/>
<pin id="506" dir="1" index="1" bw="16" slack="1"/>
</pin_list>
<bind>
<opset="FFN2_input_load_19 "/>
</bind>
</comp>

<comp id="509" class="1005" name="FFN2_input_addr_20_reg_509">
<pin_list>
<pin id="510" dir="0" index="0" bw="5" slack="1"/>
<pin id="511" dir="1" index="1" bw="5" slack="1"/>
</pin_list>
<bind>
<opset="FFN2_input_addr_20 "/>
</bind>
</comp>

<comp id="514" class="1005" name="FFN2_input_addr_21_reg_514">
<pin_list>
<pin id="515" dir="0" index="0" bw="5" slack="1"/>
<pin id="516" dir="1" index="1" bw="5" slack="1"/>
</pin_list>
<bind>
<opset="FFN2_input_addr_21 "/>
</bind>
</comp>

<comp id="519" class="1005" name="FFN2_input_load_20_reg_519">
<pin_list>
<pin id="520" dir="0" index="0" bw="16" slack="1"/>
<pin id="521" dir="1" index="1" bw="16" slack="1"/>
</pin_list>
<bind>
<opset="FFN2_input_load_20 "/>
</bind>
</comp>

<comp id="524" class="1005" name="FFN2_input_load_21_reg_524">
<pin_list>
<pin id="525" dir="0" index="0" bw="16" slack="1"/>
<pin id="526" dir="1" index="1" bw="16" slack="1"/>
</pin_list>
<bind>
<opset="FFN2_input_load_21 "/>
</bind>
</comp>

</comp_list>

<net_list>
<net id="71"><net_src comp="0" pin="0"/><net_sink comp="66" pin=0"/></net>

<net id="72"><net_src comp="10" pin="0"/><net_sink comp="66" pin=1"/></net>

<net id="73"><net_src comp="10" pin="0"/><net_sink comp="66" pin=2"/></net>

<net id="83"><net_src comp="66" pin="3"/><net_sink comp="74" pin=2"/></net>

<net id="89"><net_src comp="0" pin="0"/><net_sink comp="84" pin=0"/></net>

<net id="90"><net_src comp="10" pin="0"/><net_sink comp="84" pin=1"/></net>

<net id="91"><net_src comp="12" pin="0"/><net_sink comp="84" pin=2"/></net>

<net id="92"><net_src comp="84" pin="3"/><net_sink comp="74" pin=0"/></net>

<net id="98"><net_src comp="0" pin="0"/><net_sink comp="93" pin=0"/></net>

<net id="99"><net_src comp="10" pin="0"/><net_sink comp="93" pin=1"/></net>

<net id="100"><net_src comp="14" pin="0"/><net_sink comp="93" pin=2"/></net>

<net id="101"><net_src comp="93" pin="3"/><net_sink comp="74" pin=2"/></net>

<net id="107"><net_src comp="0" pin="0"/><net_sink comp="102" pin=0"/></net>

<net id="108"><net_src comp="10" pin="0"/><net_sink comp="102" pin=1"/></net>

<net id="109"><net_src comp="16" pin="0"/><net_sink comp="102" pin=2"/></net>

<net id="110"><net_src comp="102" pin="3"/><net_sink comp="74" pin=0"/></net>

<net id="116"><net_src comp="0" pin="0"/><net_sink comp="111" pin=0"/></net>

<net id="117"><net_src comp="10" pin="0"/><net_sink comp="111" pin=1"/></net>

<net id="118"><net_src comp="18" pin="0"/><net_sink comp="111" pin=2"/></net>

<net id="119"><net_src comp="111" pin="3"/><net_sink comp="74" pin=2"/></net>

<net id="125"><net_src comp="0" pin="0"/><net_sink comp="120" pin=0"/></net>

<net id="126"><net_src comp="10" pin="0"/><net_sink comp="120" pin=1"/></net>

<net id="127"><net_src comp="20" pin="0"/><net_sink comp="120" pin=2"/></net>

<net id="128"><net_src comp="120" pin="3"/><net_sink comp="74" pin=0"/></net>

<net id="134"><net_src comp="0" pin="0"/><net_sink comp="129" pin=0"/></net>

<net id="135"><net_src comp="10" pin="0"/><net_sink comp="129" pin=1"/></net>

<net id="136"><net_src comp="22" pin="0"/><net_sink comp="129" pin=2"/></net>

<net id="137"><net_src comp="129" pin="3"/><net_sink comp="74" pin=2"/></net>

<net id="143"><net_src comp="0" pin="0"/><net_sink comp="138" pin=0"/></net>

<net id="144"><net_src comp="10" pin="0"/><net_sink comp="138" pin=1"/></net>

<net id="145"><net_src comp="24" pin="0"/><net_sink comp="138" pin=2"/></net>

<net id="146"><net_src comp="138" pin="3"/><net_sink comp="74" pin=0"/></net>

<net id="152"><net_src comp="0" pin="0"/><net_sink comp="147" pin=0"/></net>

<net id="153"><net_src comp="10" pin="0"/><net_sink comp="147" pin=1"/></net>

<net id="154"><net_src comp="26" pin="0"/><net_sink comp="147" pin=2"/></net>

<net id="155"><net_src comp="147" pin="3"/><net_sink comp="74" pin=2"/></net>

<net id="161"><net_src comp="0" pin="0"/><net_sink comp="156" pin=0"/></net>

<net id="162"><net_src comp="10" pin="0"/><net_sink comp="156" pin=1"/></net>

<net id="163"><net_src comp="28" pin="0"/><net_sink comp="156" pin=2"/></net>

<net id="164"><net_src comp="156" pin="3"/><net_sink comp="74" pin=0"/></net>

<net id="170"><net_src comp="0" pin="0"/><net_sink comp="165" pin=0"/></net>

<net id="171"><net_src comp="10" pin="0"/><net_sink comp="165" pin=1"/></net>

<net id="172"><net_src comp="30" pin="0"/><net_sink comp="165" pin=2"/></net>

<net id="173"><net_src comp="165" pin="3"/><net_sink comp="74" pin=2"/></net>

<net id="179"><net_src comp="0" pin="0"/><net_sink comp="174" pin=0"/></net>

<net id="180"><net_src comp="10" pin="0"/><net_sink comp="174" pin=1"/></net>

<net id="181"><net_src comp="32" pin="0"/><net_sink comp="174" pin=2"/></net>

<net id="182"><net_src comp="174" pin="3"/><net_sink comp="74" pin=0"/></net>

<net id="188"><net_src comp="0" pin="0"/><net_sink comp="183" pin=0"/></net>

<net id="189"><net_src comp="10" pin="0"/><net_sink comp="183" pin=1"/></net>

<net id="190"><net_src comp="34" pin="0"/><net_sink comp="183" pin=2"/></net>

<net id="191"><net_src comp="183" pin="3"/><net_sink comp="74" pin=2"/></net>

<net id="197"><net_src comp="0" pin="0"/><net_sink comp="192" pin=0"/></net>

<net id="198"><net_src comp="10" pin="0"/><net_sink comp="192" pin=1"/></net>

<net id="199"><net_src comp="36" pin="0"/><net_sink comp="192" pin=2"/></net>

<net id="200"><net_src comp="192" pin="3"/><net_sink comp="74" pin=0"/></net>

<net id="206"><net_src comp="0" pin="0"/><net_sink comp="201" pin=0"/></net>

<net id="207"><net_src comp="10" pin="0"/><net_sink comp="201" pin=1"/></net>

<net id="208"><net_src comp="38" pin="0"/><net_sink comp="201" pin=2"/></net>

<net id="209"><net_src comp="201" pin="3"/><net_sink comp="74" pin=2"/></net>

<net id="215"><net_src comp="0" pin="0"/><net_sink comp="210" pin=0"/></net>

<net id="216"><net_src comp="10" pin="0"/><net_sink comp="210" pin=1"/></net>

<net id="217"><net_src comp="40" pin="0"/><net_sink comp="210" pin=2"/></net>

<net id="218"><net_src comp="210" pin="3"/><net_sink comp="74" pin=0"/></net>

<net id="224"><net_src comp="0" pin="0"/><net_sink comp="219" pin=0"/></net>

<net id="225"><net_src comp="10" pin="0"/><net_sink comp="219" pin=1"/></net>

<net id="226"><net_src comp="42" pin="0"/><net_sink comp="219" pin=2"/></net>

<net id="227"><net_src comp="219" pin="3"/><net_sink comp="74" pin=2"/></net>

<net id="233"><net_src comp="0" pin="0"/><net_sink comp="228" pin=0"/></net>

<net id="234"><net_src comp="10" pin="0"/><net_sink comp="228" pin=1"/></net>

<net id="235"><net_src comp="44" pin="0"/><net_sink comp="228" pin=2"/></net>

<net id="236"><net_src comp="228" pin="3"/><net_sink comp="74" pin=0"/></net>

<net id="242"><net_src comp="0" pin="0"/><net_sink comp="237" pin=0"/></net>

<net id="243"><net_src comp="10" pin="0"/><net_sink comp="237" pin=1"/></net>

<net id="244"><net_src comp="46" pin="0"/><net_sink comp="237" pin=2"/></net>

<net id="245"><net_src comp="237" pin="3"/><net_sink comp="74" pin=2"/></net>

<net id="251"><net_src comp="0" pin="0"/><net_sink comp="246" pin=0"/></net>

<net id="252"><net_src comp="10" pin="0"/><net_sink comp="246" pin=1"/></net>

<net id="253"><net_src comp="48" pin="0"/><net_sink comp="246" pin=2"/></net>

<net id="254"><net_src comp="246" pin="3"/><net_sink comp="74" pin=0"/></net>

<net id="260"><net_src comp="0" pin="0"/><net_sink comp="255" pin=0"/></net>

<net id="261"><net_src comp="10" pin="0"/><net_sink comp="255" pin=1"/></net>

<net id="262"><net_src comp="50" pin="0"/><net_sink comp="255" pin=2"/></net>

<net id="263"><net_src comp="255" pin="3"/><net_sink comp="74" pin=2"/></net>

<net id="269"><net_src comp="0" pin="0"/><net_sink comp="264" pin=0"/></net>

<net id="270"><net_src comp="10" pin="0"/><net_sink comp="264" pin=1"/></net>

<net id="271"><net_src comp="52" pin="0"/><net_sink comp="264" pin=2"/></net>

<net id="272"><net_src comp="264" pin="3"/><net_sink comp="74" pin=0"/></net>

<net id="302"><net_src comp="54" pin="0"/><net_sink comp="273" pin=0"/></net>

<net id="303"><net_src comp="4" pin="0"/><net_sink comp="273" pin=1"/></net>

<net id="304"><net_src comp="2" pin="0"/><net_sink comp="273" pin=2"/></net>

<net id="305"><net_src comp="6" pin="0"/><net_sink comp="273" pin=3"/></net>

<net id="306"><net_src comp="74" pin="3"/><net_sink comp="273" pin=17"/></net>

<net id="307"><net_src comp="74" pin="7"/><net_sink comp="273" pin=18"/></net>

<net id="308"><net_src comp="8" pin="0"/><net_sink comp="273" pin=26"/></net>

<net id="312"><net_src comp="66" pin="3"/><net_sink comp="309" pin=0"/></net>

<net id="313"><net_src comp="309" pin="1"/><net_sink comp="74" pin=2"/></net>

<net id="317"><net_src comp="84" pin="3"/><net_sink comp="314" pin=0"/></net>

<net id="318"><net_src comp="314" pin="1"/><net_sink comp="74" pin=0"/></net>

<net id="322"><net_src comp="74" pin="7"/><net_sink comp="319" pin=0"/></net>

<net id="323"><net_src comp="319" pin="1"/><net_sink comp="273" pin=16"/></net>

<net id="327"><net_src comp="74" pin="3"/><net_sink comp="324" pin=0"/></net>

<net id="328"><net_src comp="324" pin="1"/><net_sink comp="273" pin=15"/></net>

<net id="332"><net_src comp="93" pin="3"/><net_sink comp="329" pin=0"/></net>

<net id="333"><net_src comp="329" pin="1"/><net_sink comp="74" pin=2"/></net>

<net id="337"><net_src comp="102" pin="3"/><net_sink comp="334" pin=0"/></net>

<net id="338"><net_src comp="334" pin="1"/><net_sink comp="74" pin=0"/></net>

<net id="342"><net_src comp="74" pin="7"/><net_sink comp="339" pin=0"/></net>

<net id="343"><net_src comp="339" pin="1"/><net_sink comp="273" pin=14"/></net>

<net id="347"><net_src comp="74" pin="3"/><net_sink comp="344" pin=0"/></net>

<net id="348"><net_src comp="344" pin="1"/><net_sink comp="273" pin=13"/></net>

<net id="352"><net_src comp="111" pin="3"/><net_sink comp="349" pin=0"/></net>

<net id="353"><net_src comp="349" pin="1"/><net_sink comp="74" pin=2"/></net>

<net id="357"><net_src comp="120" pin="3"/><net_sink comp="354" pin=0"/></net>

<net id="358"><net_src comp="354" pin="1"/><net_sink comp="74" pin=0"/></net>

<net id="362"><net_src comp="74" pin="7"/><net_sink comp="359" pin=0"/></net>

<net id="363"><net_src comp="359" pin="1"/><net_sink comp="273" pin=12"/></net>

<net id="367"><net_src comp="74" pin="3"/><net_sink comp="364" pin=0"/></net>

<net id="368"><net_src comp="364" pin="1"/><net_sink comp="273" pin=11"/></net>

<net id="372"><net_src comp="129" pin="3"/><net_sink comp="369" pin=0"/></net>

<net id="373"><net_src comp="369" pin="1"/><net_sink comp="74" pin=2"/></net>

<net id="377"><net_src comp="138" pin="3"/><net_sink comp="374" pin=0"/></net>

<net id="378"><net_src comp="374" pin="1"/><net_sink comp="74" pin=0"/></net>

<net id="382"><net_src comp="74" pin="7"/><net_sink comp="379" pin=0"/></net>

<net id="383"><net_src comp="379" pin="1"/><net_sink comp="273" pin=10"/></net>

<net id="387"><net_src comp="74" pin="3"/><net_sink comp="384" pin=0"/></net>

<net id="388"><net_src comp="384" pin="1"/><net_sink comp="273" pin=9"/></net>

<net id="392"><net_src comp="147" pin="3"/><net_sink comp="389" pin=0"/></net>

<net id="393"><net_src comp="389" pin="1"/><net_sink comp="74" pin=2"/></net>

<net id="397"><net_src comp="156" pin="3"/><net_sink comp="394" pin=0"/></net>

<net id="398"><net_src comp="394" pin="1"/><net_sink comp="74" pin=0"/></net>

<net id="402"><net_src comp="74" pin="7"/><net_sink comp="399" pin=0"/></net>

<net id="403"><net_src comp="399" pin="1"/><net_sink comp="273" pin=8"/></net>

<net id="407"><net_src comp="74" pin="3"/><net_sink comp="404" pin=0"/></net>

<net id="408"><net_src comp="404" pin="1"/><net_sink comp="273" pin=7"/></net>

<net id="412"><net_src comp="165" pin="3"/><net_sink comp="409" pin=0"/></net>

<net id="413"><net_src comp="409" pin="1"/><net_sink comp="74" pin=2"/></net>

<net id="417"><net_src comp="174" pin="3"/><net_sink comp="414" pin=0"/></net>

<net id="418"><net_src comp="414" pin="1"/><net_sink comp="74" pin=0"/></net>

<net id="422"><net_src comp="74" pin="7"/><net_sink comp="419" pin=0"/></net>

<net id="423"><net_src comp="419" pin="1"/><net_sink comp="273" pin=6"/></net>

<net id="427"><net_src comp="74" pin="3"/><net_sink comp="424" pin=0"/></net>

<net id="428"><net_src comp="424" pin="1"/><net_sink comp="273" pin=5"/></net>

<net id="432"><net_src comp="183" pin="3"/><net_sink comp="429" pin=0"/></net>

<net id="433"><net_src comp="429" pin="1"/><net_sink comp="74" pin=2"/></net>

<net id="437"><net_src comp="192" pin="3"/><net_sink comp="434" pin=0"/></net>

<net id="438"><net_src comp="434" pin="1"/><net_sink comp="74" pin=0"/></net>

<net id="442"><net_src comp="74" pin="7"/><net_sink comp="439" pin=0"/></net>

<net id="443"><net_src comp="439" pin="1"/><net_sink comp="273" pin=4"/></net>

<net id="447"><net_src comp="74" pin="3"/><net_sink comp="444" pin=0"/></net>

<net id="448"><net_src comp="444" pin="1"/><net_sink comp="273" pin=25"/></net>

<net id="452"><net_src comp="201" pin="3"/><net_sink comp="449" pin=0"/></net>

<net id="453"><net_src comp="449" pin="1"/><net_sink comp="74" pin=2"/></net>

<net id="457"><net_src comp="210" pin="3"/><net_sink comp="454" pin=0"/></net>

<net id="458"><net_src comp="454" pin="1"/><net_sink comp="74" pin=0"/></net>

<net id="462"><net_src comp="74" pin="7"/><net_sink comp="459" pin=0"/></net>

<net id="463"><net_src comp="459" pin="1"/><net_sink comp="273" pin=24"/></net>

<net id="467"><net_src comp="74" pin="3"/><net_sink comp="464" pin=0"/></net>

<net id="468"><net_src comp="464" pin="1"/><net_sink comp="273" pin=23"/></net>

<net id="472"><net_src comp="219" pin="3"/><net_sink comp="469" pin=0"/></net>

<net id="473"><net_src comp="469" pin="1"/><net_sink comp="74" pin=2"/></net>

<net id="477"><net_src comp="228" pin="3"/><net_sink comp="474" pin=0"/></net>

<net id="478"><net_src comp="474" pin="1"/><net_sink comp="74" pin=0"/></net>

<net id="482"><net_src comp="74" pin="7"/><net_sink comp="479" pin=0"/></net>

<net id="483"><net_src comp="479" pin="1"/><net_sink comp="273" pin=22"/></net>

<net id="487"><net_src comp="74" pin="3"/><net_sink comp="484" pin=0"/></net>

<net id="488"><net_src comp="484" pin="1"/><net_sink comp="273" pin=21"/></net>

<net id="492"><net_src comp="237" pin="3"/><net_sink comp="489" pin=0"/></net>

<net id="493"><net_src comp="489" pin="1"/><net_sink comp="74" pin=2"/></net>

<net id="497"><net_src comp="246" pin="3"/><net_sink comp="494" pin=0"/></net>

<net id="498"><net_src comp="494" pin="1"/><net_sink comp="74" pin=0"/></net>

<net id="502"><net_src comp="74" pin="7"/><net_sink comp="499" pin=0"/></net>

<net id="503"><net_src comp="499" pin="1"/><net_sink comp="273" pin=20"/></net>

<net id="507"><net_src comp="74" pin="3"/><net_sink comp="504" pin=0"/></net>

<net id="508"><net_src comp="504" pin="1"/><net_sink comp="273" pin=19"/></net>

<net id="512"><net_src comp="255" pin="3"/><net_sink comp="509" pin=0"/></net>

<net id="513"><net_src comp="509" pin="1"/><net_sink comp="74" pin=2"/></net>

<net id="517"><net_src comp="264" pin="3"/><net_sink comp="514" pin=0"/></net>

<net id="518"><net_src comp="514" pin="1"/><net_sink comp="74" pin=0"/></net>

<net id="522"><net_src comp="74" pin="7"/><net_sink comp="519" pin=0"/></net>

<net id="523"><net_src comp="519" pin="1"/><net_sink comp="273" pin=18"/></net>

<net id="527"><net_src comp="74" pin="3"/><net_sink comp="524" pin=0"/></net>

<net id="528"><net_src comp="524" pin="1"/><net_sink comp="273" pin=17"/></net>

</net_list>

</model> 
---------------- Datapath Model END ------------------

* FSMD analyzer results:
  - Output states:
	Port: FFN2_input | {}
	Port: FFN2_weights2 | {}
	Port: FFN2_biases | {}
	Port: FFN2_scale | {}
	Port: FFN2_output | {12 13 }
 - Input state : 
	Port: FFN_POST_ACT : FFN2_input | {1 2 3 4 5 6 7 8 9 10 11 12 }
	Port: FFN_POST_ACT : FFN2_weights2 | {12 13 }
	Port: FFN_POST_ACT : FFN2_biases | {12 13 }
	Port: FFN_POST_ACT : FFN2_scale | {12 13 }
	Port: FFN_POST_ACT : FFN2_output | {}
  - Chain level:
	State 1
		FFN2_input_load : 1
		FFN2_input_load_1 : 1
	State 2
		FFN2_input_load_2 : 1
		FFN2_input_load_3 : 1
	State 3
		FFN2_input_load_4 : 1
		FFN2_input_load_5 : 1
	State 4
		FFN2_input_load_6 : 1
		FFN2_input_load_7 : 1
	State 5
		FFN2_input_load_8 : 1
		FFN2_input_load_9 : 1
	State 6
		FFN2_input_load_10 : 1
		FFN2_input_load_11 : 1
	State 7
		FFN2_input_load_12 : 1
		FFN2_input_load_13 : 1
	State 8
		FFN2_input_load_14 : 1
		FFN2_input_load_15 : 1
	State 9
		FFN2_input_load_16 : 1
		FFN2_input_load_17 : 1
	State 10
		FFN2_input_load_18 : 1
		FFN2_input_load_19 : 1
	State 11
		FFN2_input_load_20 : 1
		FFN2_input_load_21 : 1
	State 12
		call_ln0 : 1
	State 13


============================================================
+ Verbose Summary: Datapath Resource usage 
============================================================

* Functional unit list:
|----------|---------------------------------------------------|---------|---------|---------|---------|
| Operation|                  Functional Unit                  |   DSP   |  Delay  |    FF   |   LUT   |
|----------|---------------------------------------------------|---------|---------|---------|---------|
|   call   | grp_FFN_POST_ACT_Pipeline_VITIS_LOOP_151_1_fu_273 |    16   | 16.1544 |   1565  |   1052  |
|----------|---------------------------------------------------|---------|---------|---------|---------|
|   Total  |                                                   |    16   | 16.1544 |   1565  |   1052  |
|----------|---------------------------------------------------|---------|---------|---------|---------|

Memories:
N/A

* Register list:
+--------------------------+--------+
|                          |   FF   |
+--------------------------+--------+
|FFN2_input_addr_10_reg_409|    5   |
|FFN2_input_addr_11_reg_414|    5   |
|FFN2_input_addr_12_reg_429|    5   |
|FFN2_input_addr_13_reg_434|    5   |
|FFN2_input_addr_14_reg_449|    5   |
|FFN2_input_addr_15_reg_454|    5   |
|FFN2_input_addr_16_reg_469|    5   |
|FFN2_input_addr_17_reg_474|    5   |
|FFN2_input_addr_18_reg_489|    5   |
|FFN2_input_addr_19_reg_494|    5   |
| FFN2_input_addr_1_reg_314|    5   |
|FFN2_input_addr_20_reg_509|    5   |
|FFN2_input_addr_21_reg_514|    5   |
| FFN2_input_addr_2_reg_329|    5   |
| FFN2_input_addr_3_reg_334|    5   |
| FFN2_input_addr_4_reg_349|    5   |
| FFN2_input_addr_5_reg_354|    5   |
| FFN2_input_addr_6_reg_369|    5   |
| FFN2_input_addr_7_reg_374|    5   |
| FFN2_input_addr_8_reg_389|    5   |
| FFN2_input_addr_9_reg_394|    5   |
|  FFN2_input_addr_reg_309 |    5   |
|FFN2_input_load_10_reg_419|   16   |
|FFN2_input_load_11_reg_424|   16   |
|FFN2_input_load_12_reg_439|   16   |
|FFN2_input_load_13_reg_444|   16   |
|FFN2_input_load_14_reg_459|   16   |
|FFN2_input_load_15_reg_464|   16   |
|FFN2_input_load_16_reg_479|   16   |
|FFN2_input_load_17_reg_484|   16   |
|FFN2_input_load_18_reg_499|   16   |
|FFN2_input_load_19_reg_504|   16   |
| FFN2_input_load_1_reg_324|   16   |
|FFN2_input_load_20_reg_519|   16   |
|FFN2_input_load_21_reg_524|   16   |
| FFN2_input_load_2_reg_339|   16   |
| FFN2_input_load_3_reg_344|   16   |
| FFN2_input_load_4_reg_359|   16   |
| FFN2_input_load_5_reg_364|   16   |
| FFN2_input_load_6_reg_379|   16   |
| FFN2_input_load_7_reg_384|   16   |
| FFN2_input_load_8_reg_399|   16   |
| FFN2_input_load_9_reg_404|   16   |
|  FFN2_input_load_reg_319 |   16   |
+--------------------------+--------+
|           Total          |   462  |
+--------------------------+--------+

* Multiplexer (MUX) list: 
|---------------------------------------------------|------|------|------|--------||---------||---------||---------|
|                        Comp                       |  Pin | Size |  BW  | S x BW ||  Delay  ||    FF   ||   LUT   |
|---------------------------------------------------|------|------|------|--------||---------||---------||---------|
|                  grp_access_fu_74                 |  p0  |  22  |   5  |   110  ||    0    ||   111   |
|                  grp_access_fu_74                 |  p2  |  22  |   0  |    0   ||    0    ||   111   |
| grp_FFN_POST_ACT_Pipeline_VITIS_LOOP_151_1_fu_273 |  p17 |   2  |  16  |   32   ||    0    ||    9    |
| grp_FFN_POST_ACT_Pipeline_VITIS_LOOP_151_1_fu_273 |  p18 |   2  |  16  |   32   ||    0    ||    9    |
|---------------------------------------------------|------|------|------|--------||---------||---------||---------|
|                       Total                       |      |      |      |   174  ||  2.4414 ||    0    ||   240   |
|---------------------------------------------------|------|------|------|--------||---------||---------||---------|



* Summary:
+-----------+--------+--------+--------+--------+
|           |   DSP  |  Delay |   FF   |   LUT  |
+-----------+--------+--------+--------+--------+
|  Function |   16   |   16   |  1565  |  1052  |
|   Memory  |    -   |    -   |    -   |    -   |
|Multiplexer|    -   |    2   |    0   |   240  |
|  Register |    -   |    -   |   462  |    -   |
+-----------+--------+--------+--------+--------+
|   Total   |   16   |   18   |  2027  |  1292  |
+-----------+--------+--------+--------+--------+
