

================================================================
== Vitis HLS Report for 'LAYER_NORM_Pipeline_VITIS_LOOP_79_1'
================================================================
* Date:           Sat Jan 17 19:38:43 2026

* Version:        2025.1 (Build 6135595 on May 21 2025)
* Project:        compute_controller
* Solution:       hls (Vivado IP Flow Target)
* Product family: zynquplus
* Target device:  xck26-sfvc784-2LV-c


================================================================
== Performance Estimates
================================================================
+ Timing: 
    * Summary: 
    +--------+----------+----------+------------+
    |  Clock |  Target  | Estimated| Uncertainty|
    +--------+----------+----------+------------+
    |ap_clk  |  10.00 ns|  1.902 ns|     2.70 ns|
    +--------+----------+----------+------------+

+ Latency: 
    * Summary: 
    +---------+---------+----------+----------+-----+-----+------------------------------------------------+
    |  Latency (cycles) |  Latency (absolute) |  Interval |                    Pipeline                    |
    |   min   |   max   |    min   |    max   | min | max |                      Type                      |
    +---------+---------+----------+----------+-----+-----+------------------------------------------------+
    |       13|       13|  0.130 us|  0.130 us|    9|    9|  loop auto-rewind stp (delay=0 clock cycles(s))|
    +---------+---------+----------+----------+-----+-----+------------------------------------------------+

    + Detail: 
        * Instance: 
        N/A

        * Loop: 
        +-------------------+---------+---------+----------+-----------+-----------+------+----------+
        |                   |  Latency (cycles) | Iteration|  Initiation Interval  | Trip |          |
        |     Loop Name     |   min   |   max   |  Latency |  achieved |   target  | Count| Pipelined|
        +-------------------+---------+---------+----------+-----------+-----------+------+----------+
        |- VITIS_LOOP_79_1  |       11|       11|         5|          1|          1|     8|       yes|
        +-------------------+---------+---------+----------+-----------+-----------+------+----------+

============================================================
+ Verbose Summary: Synthesis Manager
============================================================
InlineROM: 1
ExposeGlobal: 0
============================================================
+ Verbose Summary: CDFG Model
============================================================
IsTopModel: 0
ResetActiveHigh: 1
IsCombinational: 0
IsDatapathOnly: 0
HasWiredReturn: 1
HasMFsm: 2
HasVarLatency: 1
IsPipeline: 0
IsRtlPipelined: 0
IsInstanceOverlapped: 0
IsDontTouch: 0
HasImplIP: 0
IsGatedGlobalClock: 0

+ Individual pipeline summary: 
  * Pipeline-0: initiation interval (II) = 1, depth = 5


============================================================
+ Verbose Summary: Schedule
============================================================
* Number of FSM states : 5
* Pipeline : 1
  Pipeline-0 : II = 1, D = 5, States = { 1 2 3 4 5 }
* Dataflow Pipeline: 0

* FSM state transitions: 
1 --> 2 
2 --> 3 
3 --> 4 
4 --> 5 
5 --> 

* FSM state operations: 

State 1 <SV = 0> <Delay = 1.65>
ST_1 : Operation 8 [1/1] (0.00ns)   --->   "%sum = alloca i32 1" [/home/luka/Scripting/ELEC_498-Capstone-LiteLM/HLS-Verilog/Transformer_logic/src-hls/compute_controller.cpp:76]   --->   Operation 8 'alloca' 'sum' <Predicate = true> <Delay = 0.00>
ST_1 : Operation 9 [1/1] (0.00ns)   --->   "%square = alloca i32 1" [/home/luka/Scripting/ELEC_498-Capstone-LiteLM/HLS-Verilog/Transformer_logic/src-hls/compute_controller.cpp:77]   --->   Operation 9 'alloca' 'square' <Predicate = true> <Delay = 0.00>
ST_1 : Operation 10 [1/1] (0.00ns)   --->   "%i = alloca i32 1" [/home/luka/Scripting/ELEC_498-Capstone-LiteLM/HLS-Verilog/Transformer_logic/src-hls/compute_controller.cpp:79]   --->   Operation 10 'alloca' 'i' <Predicate = true> <Delay = 0.00>
ST_1 : Operation 11 [1/1] (0.00ns)   --->   "%specinterface_ln0 = specinterface void @_ssdm_op_SpecInterface, i8 %int8_activation, void @empty_1, i32 0, i32 0, void @empty_0, i32 4294967295, i32 0, void @empty_0, void @empty_0, void @empty_0, i32 0, i32 0, i32 0, i32 0, void @empty_0, void @empty_0, i32 4294967295, i32 0, i32 0"   --->   Operation 11 'specinterface' 'specinterface_ln0' <Predicate = true> <Delay = 0.00>
ST_1 : Operation 12 [1/1] (0.42ns)   --->   "%store_ln79 = store i4 0, i4 %i" [/home/luka/Scripting/ELEC_498-Capstone-LiteLM/HLS-Verilog/Transformer_logic/src-hls/compute_controller.cpp:79]   --->   Operation 12 'store' 'store_ln79' <Predicate = true> <Delay = 0.42>
ST_1 : Operation 13 [1/1] (0.42ns)   --->   "%store_ln77 = store i19 0, i19 %square" [/home/luka/Scripting/ELEC_498-Capstone-LiteLM/HLS-Verilog/Transformer_logic/src-hls/compute_controller.cpp:77]   --->   Operation 13 'store' 'store_ln77' <Predicate = true> <Delay = 0.42>
ST_1 : Operation 14 [1/1] (0.42ns)   --->   "%store_ln76 = store i11 0, i11 %sum" [/home/luka/Scripting/ELEC_498-Capstone-LiteLM/HLS-Verilog/Transformer_logic/src-hls/compute_controller.cpp:76]   --->   Operation 14 'store' 'store_ln76' <Predicate = true> <Delay = 0.42>
ST_1 : Operation 15 [1/1] (0.00ns)   --->   "%br_ln0 = br void %for.inc"   --->   Operation 15 'br' 'br_ln0' <Predicate = true> <Delay = 0.00>
ST_1 : Operation 16 [1/1] (0.00ns)   --->   "%i_3 = load i4 %i" [/home/luka/Scripting/ELEC_498-Capstone-LiteLM/HLS-Verilog/Transformer_logic/src-hls/compute_controller.cpp:79]   --->   Operation 16 'load' 'i_3' <Predicate = true> <Delay = 0.00>
ST_1 : Operation 17 [1/1] (0.79ns)   --->   "%icmp_ln79 = icmp_eq  i4 %i_3, i4 8" [/home/luka/Scripting/ELEC_498-Capstone-LiteLM/HLS-Verilog/Transformer_logic/src-hls/compute_controller.cpp:79]   --->   Operation 17 'icmp' 'icmp_ln79' <Predicate = true> <Delay = 0.79> <CoreInst = "Cmp">   --->   Core 9 'Cmp' <Latency = 0> <II = 1> <Delay = 0.79> <FuncUnit> <Opcode : 'seteq' 'setne' 'setle' 'setge' 'setlt' 'setgt'> <InPorts = 2> <OutPorts = 1>
ST_1 : Operation 18 [1/1] (0.79ns)   --->   "%add_ln79 = add i4 %i_3, i4 1" [/home/luka/Scripting/ELEC_498-Capstone-LiteLM/HLS-Verilog/Transformer_logic/src-hls/compute_controller.cpp:79]   --->   Operation 18 'add' 'add_ln79' <Predicate = true> <Delay = 0.79> <CoreInst = "Adder">   --->   Core 1 'Adder' <Latency = 0> <II = 1> <Delay = 0.79> <FuncUnit> <Opcode : 'add' 'sub'> <InPorts = 2> <OutPorts = 1>
ST_1 : Operation 19 [1/1] (0.00ns)   --->   "%br_ln79 = br i1 %icmp_ln79, void %for.inc.split, void %for.end_ifconv.exitStub" [/home/luka/Scripting/ELEC_498-Capstone-LiteLM/HLS-Verilog/Transformer_logic/src-hls/compute_controller.cpp:79]   --->   Operation 19 'br' 'br_ln79' <Predicate = true> <Delay = 0.00>
ST_1 : Operation 20 [1/1] (0.00ns)   --->   "%zext_ln79 = zext i4 %i_3" [/home/luka/Scripting/ELEC_498-Capstone-LiteLM/HLS-Verilog/Transformer_logic/src-hls/compute_controller.cpp:79]   --->   Operation 20 'zext' 'zext_ln79' <Predicate = (!icmp_ln79)> <Delay = 0.00>
ST_1 : Operation 21 [1/1] (0.00ns)   --->   "%int8_activation_addr = getelementptr i8 %int8_activation, i64 0, i64 %zext_ln79" [/home/luka/Scripting/ELEC_498-Capstone-LiteLM/HLS-Verilog/Transformer_logic/src-hls/compute_controller.cpp:80]   --->   Operation 21 'getelementptr' 'int8_activation_addr' <Predicate = (!icmp_ln79)> <Delay = 0.00>
ST_1 : Operation 22 [2/2] (0.67ns)   --->   "%int8_activation_load = load i3 %int8_activation_addr" [/home/luka/Scripting/ELEC_498-Capstone-LiteLM/HLS-Verilog/Transformer_logic/src-hls/compute_controller.cpp:80]   --->   Operation 22 'load' 'int8_activation_load' <Predicate = (!icmp_ln79)> <Delay = 0.67> <CoreInst = "RAM">   --->   Core 82 'RAM' <Latency = 1> <II = 1> <Delay = 0.67> <Storage> <Opcode : 'load' 'store'> <Ports = 2> <Width = 8> <Depth = 8> <RAM>
ST_1 : Operation 23 [1/1] (0.42ns)   --->   "%store_ln79 = store i4 %add_ln79, i4 %i" [/home/luka/Scripting/ELEC_498-Capstone-LiteLM/HLS-Verilog/Transformer_logic/src-hls/compute_controller.cpp:79]   --->   Operation 23 'store' 'store_ln79' <Predicate = (!icmp_ln79)> <Delay = 0.42>

State 2 <SV = 1> <Delay = 1.90>
ST_2 : Operation 24 [1/1] (0.00ns)   --->   "%sum_load = load i11 %sum" [/home/luka/Scripting/ELEC_498-Capstone-LiteLM/HLS-Verilog/Transformer_logic/src-hls/compute_controller.cpp:80]   --->   Operation 24 'load' 'sum_load' <Predicate = (!icmp_ln79)> <Delay = 0.00>
ST_2 : Operation 25 [1/2] ( I:0.67ns O:0.67ns )   --->   "%int8_activation_load = load i3 %int8_activation_addr" [/home/luka/Scripting/ELEC_498-Capstone-LiteLM/HLS-Verilog/Transformer_logic/src-hls/compute_controller.cpp:80]   --->   Operation 25 'load' 'int8_activation_load' <Predicate = (!icmp_ln79)> <Delay = 0.67> <CoreInst = "RAM">   --->   Core 82 'RAM' <Latency = 1> <II = 1> <Delay = 0.67> <Storage> <Opcode : 'load' 'store'> <Ports = 2> <Width = 8> <Depth = 8> <RAM>
ST_2 : Operation 26 [1/1] (0.00ns)   --->   "%sext_ln80 = sext i8 %int8_activation_load" [/home/luka/Scripting/ELEC_498-Capstone-LiteLM/HLS-Verilog/Transformer_logic/src-hls/compute_controller.cpp:80]   --->   Operation 26 'sext' 'sext_ln80' <Predicate = (!icmp_ln79)> <Delay = 0.00>
ST_2 : Operation 27 [1/1] (0.00ns)   --->   "%sext_ln80_1 = sext i8 %int8_activation_load" [/home/luka/Scripting/ELEC_498-Capstone-LiteLM/HLS-Verilog/Transformer_logic/src-hls/compute_controller.cpp:80]   --->   Operation 27 'sext' 'sext_ln80_1' <Predicate = (!icmp_ln79)> <Delay = 0.00>
ST_2 : Operation 28 [1/1] (0.79ns)   --->   "%sum_1 = add i11 %sext_ln80_1, i11 %sum_load" [/home/luka/Scripting/ELEC_498-Capstone-LiteLM/HLS-Verilog/Transformer_logic/src-hls/compute_controller.cpp:80]   --->   Operation 28 'add' 'sum_1' <Predicate = (!icmp_ln79)> <Delay = 0.79> <CoreInst = "Adder">   --->   Core 1 'Adder' <Latency = 0> <II = 1> <Delay = 0.79> <FuncUnit> <Opcode : 'add' 'sub'> <InPorts = 2> <OutPorts = 1>
ST_2 : Operation 29 [3/3] (0.99ns) (grouped into DSP with root node square_3)   --->   "%mul_ln81 = mul i16 %sext_ln80, i16 %sext_ln80" [/home/luka/Scripting/ELEC_498-Capstone-LiteLM/HLS-Verilog/Transformer_logic/src-hls/compute_controller.cpp:81]   --->   Operation 29 'mul' 'mul_ln81' <Predicate = (!icmp_ln79)> <Delay = 0.99> <CoreInst = "DSP48">   --->   Core 124 'DSP48' <Latency = 3> <II = 1> <Delay = 0.53> <IPBlock> <Opcode : 'add' 'sub' 'mul' 'select'> <InPorts = 0> <OutPorts = 1> <Sync> <CReg>
ST_2 : Operation 30 [1/1] (0.42ns)   --->   "%store_ln76 = store i11 %sum_1, i11 %sum" [/home/luka/Scripting/ELEC_498-Capstone-LiteLM/HLS-Verilog/Transformer_logic/src-hls/compute_controller.cpp:76]   --->   Operation 30 'store' 'store_ln76' <Predicate = (!icmp_ln79)> <Delay = 0.42>

State 3 <SV = 2> <Delay = 0.99>
ST_3 : Operation 31 [2/3] (0.99ns) (grouped into DSP with root node square_3)   --->   "%mul_ln81 = mul i16 %sext_ln80, i16 %sext_ln80" [/home/luka/Scripting/ELEC_498-Capstone-LiteLM/HLS-Verilog/Transformer_logic/src-hls/compute_controller.cpp:81]   --->   Operation 31 'mul' 'mul_ln81' <Predicate = (!icmp_ln79)> <Delay = 0.99> <CoreInst = "DSP48">   --->   Core 124 'DSP48' <Latency = 3> <II = 1> <Delay = 0.53> <IPBlock> <Opcode : 'add' 'sub' 'mul' 'select'> <InPorts = 0> <OutPorts = 1> <Sync> <CReg>

State 4 <SV = 3> <Delay = 0.64>
ST_4 : Operation 32 [1/1] (0.00ns)   --->   "%square_2 = load i19 %square" [/home/luka/Scripting/ELEC_498-Capstone-LiteLM/HLS-Verilog/Transformer_logic/src-hls/compute_controller.cpp:81]   --->   Operation 32 'load' 'square_2' <Predicate = true> <Delay = 0.00>
ST_4 : Operation 33 [1/1] (0.00ns)   --->   "%trunc_ln79 = trunc i19 %square_2" [/home/luka/Scripting/ELEC_498-Capstone-LiteLM/HLS-Verilog/Transformer_logic/src-hls/compute_controller.cpp:79]   --->   Operation 33 'trunc' 'trunc_ln79' <Predicate = true> <Delay = 0.00>
ST_4 : Operation 34 [1/3] (0.00ns) (grouped into DSP with root node square_3)   --->   "%mul_ln81 = mul i16 %sext_ln80, i16 %sext_ln80" [/home/luka/Scripting/ELEC_498-Capstone-LiteLM/HLS-Verilog/Transformer_logic/src-hls/compute_controller.cpp:81]   --->   Operation 34 'mul' 'mul_ln81' <Predicate = (!icmp_ln79)> <Delay = 0.00> <CoreInst = "DSP48">   --->   Core 124 'DSP48' <Latency = 3> <II = 1> <Delay = 0.53> <IPBlock> <Opcode : 'add' 'sub' 'mul' 'select'> <InPorts = 0> <OutPorts = 1> <Sync> <CReg>
ST_4 : Operation 35 [1/1] (0.00ns) (grouped into DSP with root node square_3)   --->   "%sext_ln81 = sext i16 %mul_ln81" [/home/luka/Scripting/ELEC_498-Capstone-LiteLM/HLS-Verilog/Transformer_logic/src-hls/compute_controller.cpp:81]   --->   Operation 35 'sext' 'sext_ln81' <Predicate = (!icmp_ln79)> <Delay = 0.00>
ST_4 : Operation 36 [2/2] (0.64ns) (root node of the DSP)   --->   "%square_3 = add i19 %sext_ln81, i19 %square_2" [/home/luka/Scripting/ELEC_498-Capstone-LiteLM/HLS-Verilog/Transformer_logic/src-hls/compute_controller.cpp:81]   --->   Operation 36 'add' 'square_3' <Predicate = (!icmp_ln79)> <Delay = 0.64> <CoreInst = "DSP48">   --->   Core 124 'DSP48' <Latency = 3> <II = 1> <Delay = 0.53> <IPBlock> <Opcode : 'add' 'sub' 'mul' 'select'> <InPorts = 0> <OutPorts = 1> <Sync> <CReg>
ST_4 : Operation 43 [1/1] (0.00ns)   --->   "%sum_load_1 = load i11 %sum"   --->   Operation 43 'load' 'sum_load_1' <Predicate = (icmp_ln79)> <Delay = 0.00>
ST_4 : Operation 44 [1/1] (0.00ns)   --->   "%write_ln79 = write void @_ssdm_op_Write.ap_auto.i16P0A, i16 %square_out, i16 %trunc_ln79" [/home/luka/Scripting/ELEC_498-Capstone-LiteLM/HLS-Verilog/Transformer_logic/src-hls/compute_controller.cpp:79]   --->   Operation 44 'write' 'write_ln79' <Predicate = (icmp_ln79)> <Delay = 0.00>
ST_4 : Operation 45 [1/1] (0.00ns)   --->   "%write_ln0 = write void @_ssdm_op_Write.ap_auto.i11P0A, i11 %sum_out, i11 %sum_load_1"   --->   Operation 45 'write' 'write_ln0' <Predicate = (icmp_ln79)> <Delay = 0.00>
ST_4 : Operation 46 [1/1] (0.42ns)   --->   "%ret_ln0 = ret"   --->   Operation 46 'ret' 'ret_ln0' <Predicate = (icmp_ln79)> <Delay = 0.42>

State 5 <SV = 4> <Delay = 1.07>
ST_5 : Operation 37 [1/1] (0.00ns)   --->   "%specpipeline_ln76 = specpipeline void @_ssdm_op_SpecPipeline, i32 4294967295, i32 0, i32 0, i32 0, void @empty_0" [/home/luka/Scripting/ELEC_498-Capstone-LiteLM/HLS-Verilog/Transformer_logic/src-hls/compute_controller.cpp:76]   --->   Operation 37 'specpipeline' 'specpipeline_ln76' <Predicate = true> <Delay = 0.00>
ST_5 : Operation 38 [1/1] (0.00ns)   --->   "%speclooptripcount_ln76 = speclooptripcount void @_ssdm_op_SpecLoopTripCount, i64 8, i64 8, i64 8" [/home/luka/Scripting/ELEC_498-Capstone-LiteLM/HLS-Verilog/Transformer_logic/src-hls/compute_controller.cpp:76]   --->   Operation 38 'speclooptripcount' 'speclooptripcount_ln76' <Predicate = true> <Delay = 0.00>
ST_5 : Operation 39 [1/1] (0.00ns)   --->   "%specloopname_ln79 = specloopname void @_ssdm_op_SpecLoopName, void @empty_5" [/home/luka/Scripting/ELEC_498-Capstone-LiteLM/HLS-Verilog/Transformer_logic/src-hls/compute_controller.cpp:79]   --->   Operation 39 'specloopname' 'specloopname_ln79' <Predicate = true> <Delay = 0.00>
ST_5 : Operation 40 [1/2] (0.64ns) (root node of the DSP)   --->   "%square_3 = add i19 %sext_ln81, i19 %square_2" [/home/luka/Scripting/ELEC_498-Capstone-LiteLM/HLS-Verilog/Transformer_logic/src-hls/compute_controller.cpp:81]   --->   Operation 40 'add' 'square_3' <Predicate = true> <Delay = 0.64> <CoreInst = "DSP48">   --->   Core 124 'DSP48' <Latency = 3> <II = 1> <Delay = 0.53> <IPBlock> <Opcode : 'add' 'sub' 'mul' 'select'> <InPorts = 0> <OutPorts = 1> <Sync> <CReg>
ST_5 : Operation 41 [1/1] (0.42ns)   --->   "%store_ln77 = store i19 %square_3, i19 %square" [/home/luka/Scripting/ELEC_498-Capstone-LiteLM/HLS-Verilog/Transformer_logic/src-hls/compute_controller.cpp:77]   --->   Operation 41 'store' 'store_ln77' <Predicate = true> <Delay = 0.42>
ST_5 : Operation 42 [1/1] (0.00ns)   --->   "%br_ln79 = br void %for.inc" [/home/luka/Scripting/ELEC_498-Capstone-LiteLM/HLS-Verilog/Transformer_logic/src-hls/compute_controller.cpp:79]   --->   Operation 42 'br' 'br_ln79' <Predicate = true> <Delay = 0.00>


============================================================
+ Verbose Summary: Timing violations
============================================================
Target clock period: 10.000ns, clock uncertainty: 2.700ns.

 <State 1>: 1.651ns
The critical path consists of the following:
	'store' operation 0 bit ('store_ln79', /home/luka/Scripting/ELEC_498-Capstone-LiteLM/HLS-Verilog/Transformer_logic/src-hls/compute_controller.cpp:79) of constant 0 on local variable 'i', /home/luka/Scripting/ELEC_498-Capstone-LiteLM/HLS-Verilog/Transformer_logic/src-hls/compute_controller.cpp:79 [8]  (0.427 ns)
	'load' operation 4 bit ('i', /home/luka/Scripting/ELEC_498-Capstone-LiteLM/HLS-Verilog/Transformer_logic/src-hls/compute_controller.cpp:79) on local variable 'i', /home/luka/Scripting/ELEC_498-Capstone-LiteLM/HLS-Verilog/Transformer_logic/src-hls/compute_controller.cpp:79 [14]  (0.000 ns)
	'icmp' operation 1 bit ('icmp_ln79', /home/luka/Scripting/ELEC_498-Capstone-LiteLM/HLS-Verilog/Transformer_logic/src-hls/compute_controller.cpp:79) [16]  (0.797 ns)
	'store' operation 0 bit ('store_ln79', /home/luka/Scripting/ELEC_498-Capstone-LiteLM/HLS-Verilog/Transformer_logic/src-hls/compute_controller.cpp:79) of variable 'add_ln79', /home/luka/Scripting/ELEC_498-Capstone-LiteLM/HLS-Verilog/Transformer_logic/src-hls/compute_controller.cpp:79 on local variable 'i', /home/luka/Scripting/ELEC_498-Capstone-LiteLM/HLS-Verilog/Transformer_logic/src-hls/compute_controller.cpp:79 [33]  (0.427 ns)

 <State 2>: 1.902ns
The critical path consists of the following:
	'load' operation 8 bit ('int8_activation_load', /home/luka/Scripting/ELEC_498-Capstone-LiteLM/HLS-Verilog/Transformer_logic/src-hls/compute_controller.cpp:80) on array 'int8_activation' [26]  (0.677 ns)
	'add' operation 11 bit ('sum', /home/luka/Scripting/ELEC_498-Capstone-LiteLM/HLS-Verilog/Transformer_logic/src-hls/compute_controller.cpp:80) [29]  (0.798 ns)
	'store' operation 0 bit ('store_ln76', /home/luka/Scripting/ELEC_498-Capstone-LiteLM/HLS-Verilog/Transformer_logic/src-hls/compute_controller.cpp:76) of variable 'sum', /home/luka/Scripting/ELEC_498-Capstone-LiteLM/HLS-Verilog/Transformer_logic/src-hls/compute_controller.cpp:80 on local variable 'sum', /home/luka/Scripting/ELEC_498-Capstone-LiteLM/HLS-Verilog/Transformer_logic/src-hls/compute_controller.cpp:76 [35]  (0.427 ns)

 <State 3>: 0.996ns
The critical path consists of the following:
	'mul' operation 16 bit of DSP[32] ('mul_ln81', /home/luka/Scripting/ELEC_498-Capstone-LiteLM/HLS-Verilog/Transformer_logic/src-hls/compute_controller.cpp:81) [30]  (0.996 ns)

 <State 4>: 0.645ns
The critical path consists of the following:
	'load' operation 19 bit ('square', /home/luka/Scripting/ELEC_498-Capstone-LiteLM/HLS-Verilog/Transformer_logic/src-hls/compute_controller.cpp:81) on local variable 'square', /home/luka/Scripting/ELEC_498-Capstone-LiteLM/HLS-Verilog/Transformer_logic/src-hls/compute_controller.cpp:77 [13]  (0.000 ns)
	'add' operation 19 bit of DSP[32] ('square', /home/luka/Scripting/ELEC_498-Capstone-LiteLM/HLS-Verilog/Transformer_logic/src-hls/compute_controller.cpp:81) [32]  (0.645 ns)

 <State 5>: 1.072ns
The critical path consists of the following:
	'add' operation 19 bit of DSP[32] ('square', /home/luka/Scripting/ELEC_498-Capstone-LiteLM/HLS-Verilog/Transformer_logic/src-hls/compute_controller.cpp:81) [32]  (0.645 ns)
	'store' operation 0 bit ('store_ln77', /home/luka/Scripting/ELEC_498-Capstone-LiteLM/HLS-Verilog/Transformer_logic/src-hls/compute_controller.cpp:77) of variable 'square', /home/luka/Scripting/ELEC_498-Capstone-LiteLM/HLS-Verilog/Transformer_logic/src-hls/compute_controller.cpp:81 on local variable 'square', /home/luka/Scripting/ELEC_498-Capstone-LiteLM/HLS-Verilog/Transformer_logic/src-hls/compute_controller.cpp:77 [34]  (0.427 ns)


============================================================
+ Verbose Summary: Binding
============================================================
N/A
* FSMD analyzer results:
  - Output states:
 - Input state : 
  - Chain level:
	State 1
	State 2
	State 3
	State 4
	State 5


============================================================
+ Verbose Summary: Datapath Resource usage 
============================================================
N/A
