

================================================================
== Vitis HLS Report for 'OUT_PROJ'
================================================================
* Date:           Wed Jan 14 14:32:36 2026

* Version:        2025.1 (Build 6135595 on May 21 2025)
* Project:        compute_controller
* Solution:       hls (Vivado IP Flow Target)
* Product family: zynquplus
* Target device:  xck26-sfvc784-2LV-c


================================================================
== Performance Estimates
================================================================
+ Timing: 
    * Summary: 
    +--------+----------+----------+------------+
    |  Clock |  Target  | Estimated| Uncertainty|
    +--------+----------+----------+------------+
    |ap_clk  |  10.00 ns|  2.973 ns|     2.70 ns|
    +--------+----------+----------+------------+

+ Latency: 
    * Summary: 
    +---------+---------+-----------+-----------+-----+-----+---------+
    |  Latency (cycles) |   Latency (absolute)  |  Interval | Pipeline|
    |   min   |   max   |    min    |    max    | min | max |   Type  |
    +---------+---------+-----------+-----------+-----+-----+---------+
    |        9|        9|  90.000 ns|  90.000 ns|    9|    9|       no|
    +---------+---------+-----------+-----------+-----+-----+---------+

    + Detail: 
        * Instance: 
        N/A

        * Loop: 
        N/A

============================================================
+ Verbose Summary: Synthesis Manager
============================================================
InlineROM: 1
ExposeGlobal: 0
============================================================
+ Verbose Summary: CDFG Model
============================================================
IsTopModel: 0
ResetActiveHigh: 1
IsCombinational: 0
IsDatapathOnly: 0
HasWiredReturn: 1
HasMFsm: 0
HasVarLatency: 1
IsPipeline: 0
IsRtlPipelined: 0
IsInstanceOverlapped: 0
IsDontTouch: 0
HasImplIP: 0
IsGatedGlobalClock: 0


============================================================
+ Verbose Summary: Schedule
============================================================
* Number of FSM states : 10
* Pipeline : 0
* Dataflow Pipeline: 0

* FSM state transitions: 
1 --> 2 
2 --> 3 
3 --> 4 
4 --> 5 
5 --> 6 
6 --> 7 
7 --> 8 
8 --> 9 
9 --> 10 
10 --> 

* FSM state operations: 

State 1 <SV = 0> <Delay = 0.67>
ST_1 : Operation 11 [1/1] (0.00ns)   --->   "%OUT_PROJ_valueB_addr = getelementptr i4 %OUT_PROJ_valueB, i64 0, i64 0" [/home/luka/Scripting/ELEC_498-Capstone-LiteLM/HLS-Verilog/Transformer_logic/src-hls/compute_controller.cpp:36]   --->   Operation 11 'getelementptr' 'OUT_PROJ_valueB_addr' <Predicate = true> <Delay = 0.00>
ST_1 : Operation 12 [2/2] (0.67ns)   --->   "%w = load i4 %OUT_PROJ_valueB_addr" [/home/luka/Scripting/ELEC_498-Capstone-LiteLM/HLS-Verilog/Transformer_logic/src-hls/compute_controller.cpp:36]   --->   Operation 12 'load' 'w' <Predicate = true> <Delay = 0.67> <CoreInst = "RAM">   --->   Core 82 'RAM' <Latency = 1> <II = 1> <Delay = 0.67> <Storage> <Opcode : 'load' 'store'> <Ports = 2> <Width = 4> <Depth = 16> <RAM>
ST_1 : Operation 13 [1/1] (0.00ns)   --->   "%OUT_PROJ_valueB_addr_3 = getelementptr i4 %OUT_PROJ_valueB, i64 0, i64 3" [/home/luka/Scripting/ELEC_498-Capstone-LiteLM/HLS-Verilog/Transformer_logic/src-hls/compute_controller.cpp:36]   --->   Operation 13 'getelementptr' 'OUT_PROJ_valueB_addr_3' <Predicate = true> <Delay = 0.00>
ST_1 : Operation 14 [2/2] (0.67ns)   --->   "%w_3 = load i4 %OUT_PROJ_valueB_addr_3" [/home/luka/Scripting/ELEC_498-Capstone-LiteLM/HLS-Verilog/Transformer_logic/src-hls/compute_controller.cpp:36]   --->   Operation 14 'load' 'w_3' <Predicate = true> <Delay = 0.67> <CoreInst = "RAM">   --->   Core 82 'RAM' <Latency = 1> <II = 1> <Delay = 0.67> <Storage> <Opcode : 'load' 'store'> <Ports = 2> <Width = 4> <Depth = 16> <RAM>

State 2 <SV = 1> <Delay = 0.67>
ST_2 : Operation 15 [1/2] ( I:0.67ns O:0.67ns )   --->   "%w = load i4 %OUT_PROJ_valueB_addr" [/home/luka/Scripting/ELEC_498-Capstone-LiteLM/HLS-Verilog/Transformer_logic/src-hls/compute_controller.cpp:36]   --->   Operation 15 'load' 'w' <Predicate = true> <Delay = 0.67> <CoreInst = "RAM">   --->   Core 82 'RAM' <Latency = 1> <II = 1> <Delay = 0.67> <Storage> <Opcode : 'load' 'store'> <Ports = 2> <Width = 4> <Depth = 16> <RAM>
ST_2 : Operation 16 [1/2] ( I:0.67ns O:0.67ns )   --->   "%w_3 = load i4 %OUT_PROJ_valueB_addr_3" [/home/luka/Scripting/ELEC_498-Capstone-LiteLM/HLS-Verilog/Transformer_logic/src-hls/compute_controller.cpp:36]   --->   Operation 16 'load' 'w_3' <Predicate = true> <Delay = 0.67> <CoreInst = "RAM">   --->   Core 82 'RAM' <Latency = 1> <II = 1> <Delay = 0.67> <Storage> <Opcode : 'load' 'store'> <Ports = 2> <Width = 4> <Depth = 16> <RAM>
ST_2 : Operation 17 [1/1] (0.00ns)   --->   "%OUT_PROJ_valueB_addr_5 = getelementptr i4 %OUT_PROJ_valueB, i64 0, i64 5" [/home/luka/Scripting/ELEC_498-Capstone-LiteLM/HLS-Verilog/Transformer_logic/src-hls/compute_controller.cpp:36]   --->   Operation 17 'getelementptr' 'OUT_PROJ_valueB_addr_5' <Predicate = true> <Delay = 0.00>
ST_2 : Operation 18 [2/2] (0.67ns)   --->   "%w_5 = load i4 %OUT_PROJ_valueB_addr_5" [/home/luka/Scripting/ELEC_498-Capstone-LiteLM/HLS-Verilog/Transformer_logic/src-hls/compute_controller.cpp:36]   --->   Operation 18 'load' 'w_5' <Predicate = true> <Delay = 0.67> <CoreInst = "RAM">   --->   Core 82 'RAM' <Latency = 1> <II = 1> <Delay = 0.67> <Storage> <Opcode : 'load' 'store'> <Ports = 2> <Width = 4> <Depth = 16> <RAM>
ST_2 : Operation 19 [1/1] (0.00ns)   --->   "%OUT_PROJ_valueB_addr_7 = getelementptr i4 %OUT_PROJ_valueB, i64 0, i64 7" [/home/luka/Scripting/ELEC_498-Capstone-LiteLM/HLS-Verilog/Transformer_logic/src-hls/compute_controller.cpp:36]   --->   Operation 19 'getelementptr' 'OUT_PROJ_valueB_addr_7' <Predicate = true> <Delay = 0.00>
ST_2 : Operation 20 [2/2] (0.67ns)   --->   "%w_7 = load i4 %OUT_PROJ_valueB_addr_7" [/home/luka/Scripting/ELEC_498-Capstone-LiteLM/HLS-Verilog/Transformer_logic/src-hls/compute_controller.cpp:36]   --->   Operation 20 'load' 'w_7' <Predicate = true> <Delay = 0.67> <CoreInst = "RAM">   --->   Core 82 'RAM' <Latency = 1> <II = 1> <Delay = 0.67> <Storage> <Opcode : 'load' 'store'> <Ports = 2> <Width = 4> <Depth = 16> <RAM>

State 3 <SV = 2> <Delay = 0.67>
ST_3 : Operation 21 [1/2] ( I:0.67ns O:0.67ns )   --->   "%w_5 = load i4 %OUT_PROJ_valueB_addr_5" [/home/luka/Scripting/ELEC_498-Capstone-LiteLM/HLS-Verilog/Transformer_logic/src-hls/compute_controller.cpp:36]   --->   Operation 21 'load' 'w_5' <Predicate = true> <Delay = 0.67> <CoreInst = "RAM">   --->   Core 82 'RAM' <Latency = 1> <II = 1> <Delay = 0.67> <Storage> <Opcode : 'load' 'store'> <Ports = 2> <Width = 4> <Depth = 16> <RAM>
ST_3 : Operation 22 [1/2] ( I:0.67ns O:0.67ns )   --->   "%w_7 = load i4 %OUT_PROJ_valueB_addr_7" [/home/luka/Scripting/ELEC_498-Capstone-LiteLM/HLS-Verilog/Transformer_logic/src-hls/compute_controller.cpp:36]   --->   Operation 22 'load' 'w_7' <Predicate = true> <Delay = 0.67> <CoreInst = "RAM">   --->   Core 82 'RAM' <Latency = 1> <II = 1> <Delay = 0.67> <Storage> <Opcode : 'load' 'store'> <Ports = 2> <Width = 4> <Depth = 16> <RAM>
ST_3 : Operation 23 [1/1] (0.00ns)   --->   "%OUT_PROJ_valueB_addr_8 = getelementptr i4 %OUT_PROJ_valueB, i64 0, i64 8" [/home/luka/Scripting/ELEC_498-Capstone-LiteLM/HLS-Verilog/Transformer_logic/src-hls/compute_controller.cpp:36]   --->   Operation 23 'getelementptr' 'OUT_PROJ_valueB_addr_8' <Predicate = true> <Delay = 0.00>
ST_3 : Operation 24 [2/2] (0.67ns)   --->   "%w_8 = load i4 %OUT_PROJ_valueB_addr_8" [/home/luka/Scripting/ELEC_498-Capstone-LiteLM/HLS-Verilog/Transformer_logic/src-hls/compute_controller.cpp:36]   --->   Operation 24 'load' 'w_8' <Predicate = true> <Delay = 0.67> <CoreInst = "RAM">   --->   Core 82 'RAM' <Latency = 1> <II = 1> <Delay = 0.67> <Storage> <Opcode : 'load' 'store'> <Ports = 2> <Width = 4> <Depth = 16> <RAM>
ST_3 : Operation 25 [1/1] (0.00ns)   --->   "%OUT_PROJ_valueB_addr_11 = getelementptr i4 %OUT_PROJ_valueB, i64 0, i64 11" [/home/luka/Scripting/ELEC_498-Capstone-LiteLM/HLS-Verilog/Transformer_logic/src-hls/compute_controller.cpp:36]   --->   Operation 25 'getelementptr' 'OUT_PROJ_valueB_addr_11' <Predicate = true> <Delay = 0.00>
ST_3 : Operation 26 [2/2] (0.67ns)   --->   "%w_11 = load i4 %OUT_PROJ_valueB_addr_11" [/home/luka/Scripting/ELEC_498-Capstone-LiteLM/HLS-Verilog/Transformer_logic/src-hls/compute_controller.cpp:36]   --->   Operation 26 'load' 'w_11' <Predicate = true> <Delay = 0.67> <CoreInst = "RAM">   --->   Core 82 'RAM' <Latency = 1> <II = 1> <Delay = 0.67> <Storage> <Opcode : 'load' 'store'> <Ports = 2> <Width = 4> <Depth = 16> <RAM>

State 4 <SV = 3> <Delay = 0.67>
ST_4 : Operation 27 [1/2] ( I:0.67ns O:0.67ns )   --->   "%w_8 = load i4 %OUT_PROJ_valueB_addr_8" [/home/luka/Scripting/ELEC_498-Capstone-LiteLM/HLS-Verilog/Transformer_logic/src-hls/compute_controller.cpp:36]   --->   Operation 27 'load' 'w_8' <Predicate = true> <Delay = 0.67> <CoreInst = "RAM">   --->   Core 82 'RAM' <Latency = 1> <II = 1> <Delay = 0.67> <Storage> <Opcode : 'load' 'store'> <Ports = 2> <Width = 4> <Depth = 16> <RAM>
ST_4 : Operation 28 [1/2] ( I:0.67ns O:0.67ns )   --->   "%w_11 = load i4 %OUT_PROJ_valueB_addr_11" [/home/luka/Scripting/ELEC_498-Capstone-LiteLM/HLS-Verilog/Transformer_logic/src-hls/compute_controller.cpp:36]   --->   Operation 28 'load' 'w_11' <Predicate = true> <Delay = 0.67> <CoreInst = "RAM">   --->   Core 82 'RAM' <Latency = 1> <II = 1> <Delay = 0.67> <Storage> <Opcode : 'load' 'store'> <Ports = 2> <Width = 4> <Depth = 16> <RAM>
ST_4 : Operation 29 [1/1] (0.00ns)   --->   "%OUT_PROJ_valueB_addr_13 = getelementptr i4 %OUT_PROJ_valueB, i64 0, i64 13" [/home/luka/Scripting/ELEC_498-Capstone-LiteLM/HLS-Verilog/Transformer_logic/src-hls/compute_controller.cpp:36]   --->   Operation 29 'getelementptr' 'OUT_PROJ_valueB_addr_13' <Predicate = true> <Delay = 0.00>
ST_4 : Operation 30 [2/2] (0.67ns)   --->   "%w_13 = load i4 %OUT_PROJ_valueB_addr_13" [/home/luka/Scripting/ELEC_498-Capstone-LiteLM/HLS-Verilog/Transformer_logic/src-hls/compute_controller.cpp:36]   --->   Operation 30 'load' 'w_13' <Predicate = true> <Delay = 0.67> <CoreInst = "RAM">   --->   Core 82 'RAM' <Latency = 1> <II = 1> <Delay = 0.67> <Storage> <Opcode : 'load' 'store'> <Ports = 2> <Width = 4> <Depth = 16> <RAM>
ST_4 : Operation 31 [1/1] (0.00ns)   --->   "%OUT_PROJ_valueB_addr_15 = getelementptr i4 %OUT_PROJ_valueB, i64 0, i64 15" [/home/luka/Scripting/ELEC_498-Capstone-LiteLM/HLS-Verilog/Transformer_logic/src-hls/compute_controller.cpp:36]   --->   Operation 31 'getelementptr' 'OUT_PROJ_valueB_addr_15' <Predicate = true> <Delay = 0.00>
ST_4 : Operation 32 [2/2] (0.67ns)   --->   "%w_15 = load i4 %OUT_PROJ_valueB_addr_15" [/home/luka/Scripting/ELEC_498-Capstone-LiteLM/HLS-Verilog/Transformer_logic/src-hls/compute_controller.cpp:36]   --->   Operation 32 'load' 'w_15' <Predicate = true> <Delay = 0.67> <CoreInst = "RAM">   --->   Core 82 'RAM' <Latency = 1> <II = 1> <Delay = 0.67> <Storage> <Opcode : 'load' 'store'> <Ports = 2> <Width = 4> <Depth = 16> <RAM>

State 5 <SV = 4> <Delay = 0.67>
ST_5 : Operation 33 [1/1] (0.00ns)   --->   "%OUT_PROJ_valueA_addr = getelementptr i8 %OUT_PROJ_valueA, i64 0, i64 0" [/home/luka/Scripting/ELEC_498-Capstone-LiteLM/HLS-Verilog/Transformer_logic/src-hls/compute_controller.cpp:37]   --->   Operation 33 'getelementptr' 'OUT_PROJ_valueA_addr' <Predicate = true> <Delay = 0.00>
ST_5 : Operation 34 [2/2] (0.67ns)   --->   "%OUT_PROJ_valueA_load = load i3 %OUT_PROJ_valueA_addr" [/home/luka/Scripting/ELEC_498-Capstone-LiteLM/HLS-Verilog/Transformer_logic/src-hls/compute_controller.cpp:37]   --->   Operation 34 'load' 'OUT_PROJ_valueA_load' <Predicate = true> <Delay = 0.67> <CoreInst = "RAM">   --->   Core 82 'RAM' <Latency = 1> <II = 1> <Delay = 0.67> <Storage> <Opcode : 'load' 'store'> <Ports = 2> <Width = 8> <Depth = 8> <RAM>
ST_5 : Operation 35 [1/1] (0.00ns)   --->   "%OUT_PROJ_valueB_addr_1 = getelementptr i4 %OUT_PROJ_valueB, i64 0, i64 1" [/home/luka/Scripting/ELEC_498-Capstone-LiteLM/HLS-Verilog/Transformer_logic/src-hls/compute_controller.cpp:36]   --->   Operation 35 'getelementptr' 'OUT_PROJ_valueB_addr_1' <Predicate = true> <Delay = 0.00>
ST_5 : Operation 36 [2/2] (0.67ns)   --->   "%w_1 = load i4 %OUT_PROJ_valueB_addr_1" [/home/luka/Scripting/ELEC_498-Capstone-LiteLM/HLS-Verilog/Transformer_logic/src-hls/compute_controller.cpp:36]   --->   Operation 36 'load' 'w_1' <Predicate = true> <Delay = 0.67> <CoreInst = "RAM">   --->   Core 82 'RAM' <Latency = 1> <II = 1> <Delay = 0.67> <Storage> <Opcode : 'load' 'store'> <Ports = 2> <Width = 4> <Depth = 16> <RAM>
ST_5 : Operation 37 [1/1] (0.00ns)   --->   "%OUT_PROJ_valueB_addr_2 = getelementptr i4 %OUT_PROJ_valueB, i64 0, i64 2" [/home/luka/Scripting/ELEC_498-Capstone-LiteLM/HLS-Verilog/Transformer_logic/src-hls/compute_controller.cpp:36]   --->   Operation 37 'getelementptr' 'OUT_PROJ_valueB_addr_2' <Predicate = true> <Delay = 0.00>
ST_5 : Operation 38 [2/2] (0.67ns)   --->   "%w_2 = load i4 %OUT_PROJ_valueB_addr_2" [/home/luka/Scripting/ELEC_498-Capstone-LiteLM/HLS-Verilog/Transformer_logic/src-hls/compute_controller.cpp:36]   --->   Operation 38 'load' 'w_2' <Predicate = true> <Delay = 0.67> <CoreInst = "RAM">   --->   Core 82 'RAM' <Latency = 1> <II = 1> <Delay = 0.67> <Storage> <Opcode : 'load' 'store'> <Ports = 2> <Width = 4> <Depth = 16> <RAM>
ST_5 : Operation 39 [1/1] (0.00ns)   --->   "%OUT_PROJ_valueA_addr_3 = getelementptr i8 %OUT_PROJ_valueA, i64 0, i64 3" [/home/luka/Scripting/ELEC_498-Capstone-LiteLM/HLS-Verilog/Transformer_logic/src-hls/compute_controller.cpp:37]   --->   Operation 39 'getelementptr' 'OUT_PROJ_valueA_addr_3' <Predicate = true> <Delay = 0.00>
ST_5 : Operation 40 [2/2] (0.67ns)   --->   "%OUT_PROJ_valueA_load_3 = load i3 %OUT_PROJ_valueA_addr_3" [/home/luka/Scripting/ELEC_498-Capstone-LiteLM/HLS-Verilog/Transformer_logic/src-hls/compute_controller.cpp:37]   --->   Operation 40 'load' 'OUT_PROJ_valueA_load_3' <Predicate = true> <Delay = 0.67> <CoreInst = "RAM">   --->   Core 82 'RAM' <Latency = 1> <II = 1> <Delay = 0.67> <Storage> <Opcode : 'load' 'store'> <Ports = 2> <Width = 8> <Depth = 8> <RAM>
ST_5 : Operation 41 [1/2] ( I:0.67ns O:0.67ns )   --->   "%w_13 = load i4 %OUT_PROJ_valueB_addr_13" [/home/luka/Scripting/ELEC_498-Capstone-LiteLM/HLS-Verilog/Transformer_logic/src-hls/compute_controller.cpp:36]   --->   Operation 41 'load' 'w_13' <Predicate = true> <Delay = 0.67> <CoreInst = "RAM">   --->   Core 82 'RAM' <Latency = 1> <II = 1> <Delay = 0.67> <Storage> <Opcode : 'load' 'store'> <Ports = 2> <Width = 4> <Depth = 16> <RAM>
ST_5 : Operation 42 [1/2] ( I:0.67ns O:0.67ns )   --->   "%w_15 = load i4 %OUT_PROJ_valueB_addr_15" [/home/luka/Scripting/ELEC_498-Capstone-LiteLM/HLS-Verilog/Transformer_logic/src-hls/compute_controller.cpp:36]   --->   Operation 42 'load' 'w_15' <Predicate = true> <Delay = 0.67> <CoreInst = "RAM">   --->   Core 82 'RAM' <Latency = 1> <II = 1> <Delay = 0.67> <Storage> <Opcode : 'load' 'store'> <Ports = 2> <Width = 4> <Depth = 16> <RAM>

State 6 <SV = 5> <Delay = 1.67>
ST_6 : Operation 43 [1/2] ( I:0.67ns O:0.67ns )   --->   "%OUT_PROJ_valueA_load = load i3 %OUT_PROJ_valueA_addr" [/home/luka/Scripting/ELEC_498-Capstone-LiteLM/HLS-Verilog/Transformer_logic/src-hls/compute_controller.cpp:37]   --->   Operation 43 'load' 'OUT_PROJ_valueA_load' <Predicate = true> <Delay = 0.67> <CoreInst = "RAM">   --->   Core 82 'RAM' <Latency = 1> <II = 1> <Delay = 0.67> <Storage> <Opcode : 'load' 'store'> <Ports = 2> <Width = 8> <Depth = 8> <RAM>
ST_6 : Operation 44 [1/1] (0.00ns)   --->   "%sext_ln37 = sext i8 %OUT_PROJ_valueA_load" [/home/luka/Scripting/ELEC_498-Capstone-LiteLM/HLS-Verilog/Transformer_logic/src-hls/compute_controller.cpp:37]   --->   Operation 44 'sext' 'sext_ln37' <Predicate = true> <Delay = 0.00>
ST_6 : Operation 45 [1/1] (0.00ns)   --->   "%sext_ln36 = sext i4 %w" [/home/luka/Scripting/ELEC_498-Capstone-LiteLM/HLS-Verilog/Transformer_logic/src-hls/compute_controller.cpp:36]   --->   Operation 45 'sext' 'sext_ln36' <Predicate = true> <Delay = 0.00>
ST_6 : Operation 46 [1/2] ( I:0.67ns O:0.67ns )   --->   "%w_1 = load i4 %OUT_PROJ_valueB_addr_1" [/home/luka/Scripting/ELEC_498-Capstone-LiteLM/HLS-Verilog/Transformer_logic/src-hls/compute_controller.cpp:36]   --->   Operation 46 'load' 'w_1' <Predicate = true> <Delay = 0.67> <CoreInst = "RAM">   --->   Core 82 'RAM' <Latency = 1> <II = 1> <Delay = 0.67> <Storage> <Opcode : 'load' 'store'> <Ports = 2> <Width = 4> <Depth = 16> <RAM>
ST_6 : Operation 47 [1/2] ( I:0.67ns O:0.67ns )   --->   "%w_2 = load i4 %OUT_PROJ_valueB_addr_2" [/home/luka/Scripting/ELEC_498-Capstone-LiteLM/HLS-Verilog/Transformer_logic/src-hls/compute_controller.cpp:36]   --->   Operation 47 'load' 'w_2' <Predicate = true> <Delay = 0.67> <CoreInst = "RAM">   --->   Core 82 'RAM' <Latency = 1> <II = 1> <Delay = 0.67> <Storage> <Opcode : 'load' 'store'> <Ports = 2> <Width = 4> <Depth = 16> <RAM>
ST_6 : Operation 48 [1/2] ( I:0.67ns O:0.67ns )   --->   "%OUT_PROJ_valueA_load_3 = load i3 %OUT_PROJ_valueA_addr_3" [/home/luka/Scripting/ELEC_498-Capstone-LiteLM/HLS-Verilog/Transformer_logic/src-hls/compute_controller.cpp:37]   --->   Operation 48 'load' 'OUT_PROJ_valueA_load_3' <Predicate = true> <Delay = 0.67> <CoreInst = "RAM">   --->   Core 82 'RAM' <Latency = 1> <II = 1> <Delay = 0.67> <Storage> <Opcode : 'load' 'store'> <Ports = 2> <Width = 8> <Depth = 8> <RAM>
ST_6 : Operation 49 [1/1] (0.00ns)   --->   "%sext_ln37_3 = sext i8 %OUT_PROJ_valueA_load_3" [/home/luka/Scripting/ELEC_498-Capstone-LiteLM/HLS-Verilog/Transformer_logic/src-hls/compute_controller.cpp:37]   --->   Operation 49 'sext' 'sext_ln37_3' <Predicate = true> <Delay = 0.00>
ST_6 : Operation 50 [1/1] (0.00ns)   --->   "%sext_ln36_3 = sext i4 %w_3" [/home/luka/Scripting/ELEC_498-Capstone-LiteLM/HLS-Verilog/Transformer_logic/src-hls/compute_controller.cpp:36]   --->   Operation 50 'sext' 'sext_ln36_3' <Predicate = true> <Delay = 0.00>
ST_6 : Operation 51 [1/1] (0.00ns)   --->   "%OUT_PROJ_valueB_addr_4 = getelementptr i4 %OUT_PROJ_valueB, i64 0, i64 4" [/home/luka/Scripting/ELEC_498-Capstone-LiteLM/HLS-Verilog/Transformer_logic/src-hls/compute_controller.cpp:36]   --->   Operation 51 'getelementptr' 'OUT_PROJ_valueB_addr_4' <Predicate = true> <Delay = 0.00>
ST_6 : Operation 52 [2/2] (0.67ns)   --->   "%w_4 = load i4 %OUT_PROJ_valueB_addr_4" [/home/luka/Scripting/ELEC_498-Capstone-LiteLM/HLS-Verilog/Transformer_logic/src-hls/compute_controller.cpp:36]   --->   Operation 52 'load' 'w_4' <Predicate = true> <Delay = 0.67> <CoreInst = "RAM">   --->   Core 82 'RAM' <Latency = 1> <II = 1> <Delay = 0.67> <Storage> <Opcode : 'load' 'store'> <Ports = 2> <Width = 4> <Depth = 16> <RAM>
ST_6 : Operation 53 [1/1] (0.00ns)   --->   "%OUT_PROJ_valueA_addr_5 = getelementptr i8 %OUT_PROJ_valueA, i64 0, i64 5" [/home/luka/Scripting/ELEC_498-Capstone-LiteLM/HLS-Verilog/Transformer_logic/src-hls/compute_controller.cpp:37]   --->   Operation 53 'getelementptr' 'OUT_PROJ_valueA_addr_5' <Predicate = true> <Delay = 0.00>
ST_6 : Operation 54 [2/2] (0.67ns)   --->   "%OUT_PROJ_valueA_load_5 = load i3 %OUT_PROJ_valueA_addr_5" [/home/luka/Scripting/ELEC_498-Capstone-LiteLM/HLS-Verilog/Transformer_logic/src-hls/compute_controller.cpp:37]   --->   Operation 54 'load' 'OUT_PROJ_valueA_load_5' <Predicate = true> <Delay = 0.67> <CoreInst = "RAM">   --->   Core 82 'RAM' <Latency = 1> <II = 1> <Delay = 0.67> <Storage> <Opcode : 'load' 'store'> <Ports = 2> <Width = 8> <Depth = 8> <RAM>
ST_6 : Operation 55 [1/1] (0.00ns)   --->   "%OUT_PROJ_valueB_addr_6 = getelementptr i4 %OUT_PROJ_valueB, i64 0, i64 6" [/home/luka/Scripting/ELEC_498-Capstone-LiteLM/HLS-Verilog/Transformer_logic/src-hls/compute_controller.cpp:36]   --->   Operation 55 'getelementptr' 'OUT_PROJ_valueB_addr_6' <Predicate = true> <Delay = 0.00>
ST_6 : Operation 56 [2/2] (0.67ns)   --->   "%w_6 = load i4 %OUT_PROJ_valueB_addr_6" [/home/luka/Scripting/ELEC_498-Capstone-LiteLM/HLS-Verilog/Transformer_logic/src-hls/compute_controller.cpp:36]   --->   Operation 56 'load' 'w_6' <Predicate = true> <Delay = 0.67> <CoreInst = "RAM">   --->   Core 82 'RAM' <Latency = 1> <II = 1> <Delay = 0.67> <Storage> <Opcode : 'load' 'store'> <Ports = 2> <Width = 4> <Depth = 16> <RAM>
ST_6 : Operation 57 [1/1] (0.00ns)   --->   "%OUT_PROJ_valueA_addr_7 = getelementptr i8 %OUT_PROJ_valueA, i64 0, i64 7" [/home/luka/Scripting/ELEC_498-Capstone-LiteLM/HLS-Verilog/Transformer_logic/src-hls/compute_controller.cpp:37]   --->   Operation 57 'getelementptr' 'OUT_PROJ_valueA_addr_7' <Predicate = true> <Delay = 0.00>
ST_6 : Operation 58 [2/2] (0.67ns)   --->   "%OUT_PROJ_valueA_load_7 = load i3 %OUT_PROJ_valueA_addr_7" [/home/luka/Scripting/ELEC_498-Capstone-LiteLM/HLS-Verilog/Transformer_logic/src-hls/compute_controller.cpp:37]   --->   Operation 58 'load' 'OUT_PROJ_valueA_load_7' <Predicate = true> <Delay = 0.67> <CoreInst = "RAM">   --->   Core 82 'RAM' <Latency = 1> <II = 1> <Delay = 0.67> <Storage> <Opcode : 'load' 'store'> <Ports = 2> <Width = 8> <Depth = 8> <RAM>
ST_6 : Operation 59 [3/3] (0.99ns) (grouped into DSP with root node add_ln37_1)   --->   "%mul_ln37_4 = mul i12 %sext_ln37_3, i12 %sext_ln36_3" [/home/luka/Scripting/ELEC_498-Capstone-LiteLM/HLS-Verilog/Transformer_logic/src-hls/compute_controller.cpp:37]   --->   Operation 59 'mul' 'mul_ln37_4' <Predicate = true> <Delay = 0.99> <CoreInst = "DSP48">   --->   Core 124 'DSP48' <Latency = 3> <II = 1> <Delay = 0.53> <IPBlock> <Opcode : 'add' 'sub' 'mul' 'select'> <InPorts = 0> <OutPorts = 1> <Sync> <CReg>
ST_6 : Operation 60 [3/3] (0.99ns) (grouped into DSP with root node add_ln37)   --->   "%mul_ln37_6 = mul i12 %sext_ln37, i12 %sext_ln36" [/home/luka/Scripting/ELEC_498-Capstone-LiteLM/HLS-Verilog/Transformer_logic/src-hls/compute_controller.cpp:37]   --->   Operation 60 'mul' 'mul_ln37_6' <Predicate = true> <Delay = 0.99> <CoreInst = "DSP48">   --->   Core 124 'DSP48' <Latency = 3> <II = 1> <Delay = 0.53> <IPBlock> <Opcode : 'add' 'sub' 'mul' 'select'> <InPorts = 0> <OutPorts = 1> <Sync> <CReg>
ST_6 : Operation 61 [1/1] (0.00ns)   --->   "%sext_ln36_7 = sext i4 %w_8" [/home/luka/Scripting/ELEC_498-Capstone-LiteLM/HLS-Verilog/Transformer_logic/src-hls/compute_controller.cpp:36]   --->   Operation 61 'sext' 'sext_ln36_7' <Predicate = true> <Delay = 0.00>
ST_6 : Operation 62 [1/1] (0.00ns)   --->   "%sext_ln36_10 = sext i4 %w_11" [/home/luka/Scripting/ELEC_498-Capstone-LiteLM/HLS-Verilog/Transformer_logic/src-hls/compute_controller.cpp:36]   --->   Operation 62 'sext' 'sext_ln36_10' <Predicate = true> <Delay = 0.00>
ST_6 : Operation 63 [3/3] (0.99ns) (grouped into DSP with root node add_ln37_8)   --->   "%mul_ln37_12 = mul i12 %sext_ln37_3, i12 %sext_ln36_10" [/home/luka/Scripting/ELEC_498-Capstone-LiteLM/HLS-Verilog/Transformer_logic/src-hls/compute_controller.cpp:37]   --->   Operation 63 'mul' 'mul_ln37_12' <Predicate = true> <Delay = 0.99> <CoreInst = "DSP48">   --->   Core 124 'DSP48' <Latency = 3> <II = 1> <Delay = 0.53> <IPBlock> <Opcode : 'add' 'sub' 'mul' 'select'> <InPorts = 0> <OutPorts = 1> <Sync> <CReg>
ST_6 : Operation 64 [3/3] (0.99ns) (grouped into DSP with root node add_ln37_7)   --->   "%mul_ln37_14 = mul i12 %sext_ln37, i12 %sext_ln36_7" [/home/luka/Scripting/ELEC_498-Capstone-LiteLM/HLS-Verilog/Transformer_logic/src-hls/compute_controller.cpp:37]   --->   Operation 64 'mul' 'mul_ln37_14' <Predicate = true> <Delay = 0.99> <CoreInst = "DSP48">   --->   Core 124 'DSP48' <Latency = 3> <II = 1> <Delay = 0.53> <IPBlock> <Opcode : 'add' 'sub' 'mul' 'select'> <InPorts = 0> <OutPorts = 1> <Sync> <CReg>

State 7 <SV = 6> <Delay = 1.67>
ST_7 : Operation 65 [1/1] (0.00ns)   --->   "%OUT_PROJ_valueA_addr_1 = getelementptr i8 %OUT_PROJ_valueA, i64 0, i64 1" [/home/luka/Scripting/ELEC_498-Capstone-LiteLM/HLS-Verilog/Transformer_logic/src-hls/compute_controller.cpp:37]   --->   Operation 65 'getelementptr' 'OUT_PROJ_valueA_addr_1' <Predicate = true> <Delay = 0.00>
ST_7 : Operation 66 [2/2] (0.67ns)   --->   "%OUT_PROJ_valueA_load_1 = load i3 %OUT_PROJ_valueA_addr_1" [/home/luka/Scripting/ELEC_498-Capstone-LiteLM/HLS-Verilog/Transformer_logic/src-hls/compute_controller.cpp:37]   --->   Operation 66 'load' 'OUT_PROJ_valueA_load_1' <Predicate = true> <Delay = 0.67> <CoreInst = "RAM">   --->   Core 82 'RAM' <Latency = 1> <II = 1> <Delay = 0.67> <Storage> <Opcode : 'load' 'store'> <Ports = 2> <Width = 8> <Depth = 8> <RAM>
ST_7 : Operation 67 [1/1] (0.00ns)   --->   "%OUT_PROJ_valueA_addr_2 = getelementptr i8 %OUT_PROJ_valueA, i64 0, i64 2" [/home/luka/Scripting/ELEC_498-Capstone-LiteLM/HLS-Verilog/Transformer_logic/src-hls/compute_controller.cpp:37]   --->   Operation 67 'getelementptr' 'OUT_PROJ_valueA_addr_2' <Predicate = true> <Delay = 0.00>
ST_7 : Operation 68 [2/2] (0.67ns)   --->   "%OUT_PROJ_valueA_load_2 = load i3 %OUT_PROJ_valueA_addr_2" [/home/luka/Scripting/ELEC_498-Capstone-LiteLM/HLS-Verilog/Transformer_logic/src-hls/compute_controller.cpp:37]   --->   Operation 68 'load' 'OUT_PROJ_valueA_load_2' <Predicate = true> <Delay = 0.67> <CoreInst = "RAM">   --->   Core 82 'RAM' <Latency = 1> <II = 1> <Delay = 0.67> <Storage> <Opcode : 'load' 'store'> <Ports = 2> <Width = 8> <Depth = 8> <RAM>
ST_7 : Operation 69 [1/2] ( I:0.67ns O:0.67ns )   --->   "%w_4 = load i4 %OUT_PROJ_valueB_addr_4" [/home/luka/Scripting/ELEC_498-Capstone-LiteLM/HLS-Verilog/Transformer_logic/src-hls/compute_controller.cpp:36]   --->   Operation 69 'load' 'w_4' <Predicate = true> <Delay = 0.67> <CoreInst = "RAM">   --->   Core 82 'RAM' <Latency = 1> <II = 1> <Delay = 0.67> <Storage> <Opcode : 'load' 'store'> <Ports = 2> <Width = 4> <Depth = 16> <RAM>
ST_7 : Operation 70 [1/2] ( I:0.67ns O:0.67ns )   --->   "%OUT_PROJ_valueA_load_5 = load i3 %OUT_PROJ_valueA_addr_5" [/home/luka/Scripting/ELEC_498-Capstone-LiteLM/HLS-Verilog/Transformer_logic/src-hls/compute_controller.cpp:37]   --->   Operation 70 'load' 'OUT_PROJ_valueA_load_5' <Predicate = true> <Delay = 0.67> <CoreInst = "RAM">   --->   Core 82 'RAM' <Latency = 1> <II = 1> <Delay = 0.67> <Storage> <Opcode : 'load' 'store'> <Ports = 2> <Width = 8> <Depth = 8> <RAM>
ST_7 : Operation 71 [1/1] (0.00ns)   --->   "%sext_ln37_5 = sext i8 %OUT_PROJ_valueA_load_5" [/home/luka/Scripting/ELEC_498-Capstone-LiteLM/HLS-Verilog/Transformer_logic/src-hls/compute_controller.cpp:37]   --->   Operation 71 'sext' 'sext_ln37_5' <Predicate = true> <Delay = 0.00>
ST_7 : Operation 72 [1/1] (0.00ns)   --->   "%sext_ln36_5 = sext i4 %w_5" [/home/luka/Scripting/ELEC_498-Capstone-LiteLM/HLS-Verilog/Transformer_logic/src-hls/compute_controller.cpp:36]   --->   Operation 72 'sext' 'sext_ln36_5' <Predicate = true> <Delay = 0.00>
ST_7 : Operation 73 [1/2] ( I:0.67ns O:0.67ns )   --->   "%w_6 = load i4 %OUT_PROJ_valueB_addr_6" [/home/luka/Scripting/ELEC_498-Capstone-LiteLM/HLS-Verilog/Transformer_logic/src-hls/compute_controller.cpp:36]   --->   Operation 73 'load' 'w_6' <Predicate = true> <Delay = 0.67> <CoreInst = "RAM">   --->   Core 82 'RAM' <Latency = 1> <II = 1> <Delay = 0.67> <Storage> <Opcode : 'load' 'store'> <Ports = 2> <Width = 4> <Depth = 16> <RAM>
ST_7 : Operation 74 [1/2] ( I:0.67ns O:0.67ns )   --->   "%OUT_PROJ_valueA_load_7 = load i3 %OUT_PROJ_valueA_addr_7" [/home/luka/Scripting/ELEC_498-Capstone-LiteLM/HLS-Verilog/Transformer_logic/src-hls/compute_controller.cpp:37]   --->   Operation 74 'load' 'OUT_PROJ_valueA_load_7' <Predicate = true> <Delay = 0.67> <CoreInst = "RAM">   --->   Core 82 'RAM' <Latency = 1> <II = 1> <Delay = 0.67> <Storage> <Opcode : 'load' 'store'> <Ports = 2> <Width = 8> <Depth = 8> <RAM>
ST_7 : Operation 75 [1/1] (0.00ns)   --->   "%sext_ln37_7 = sext i8 %OUT_PROJ_valueA_load_7" [/home/luka/Scripting/ELEC_498-Capstone-LiteLM/HLS-Verilog/Transformer_logic/src-hls/compute_controller.cpp:37]   --->   Operation 75 'sext' 'sext_ln37_7' <Predicate = true> <Delay = 0.00>
ST_7 : Operation 76 [1/1] (0.00ns)   --->   "%sext_ln37_8 = sext i4 %w_7" [/home/luka/Scripting/ELEC_498-Capstone-LiteLM/HLS-Verilog/Transformer_logic/src-hls/compute_controller.cpp:37]   --->   Operation 76 'sext' 'sext_ln37_8' <Predicate = true> <Delay = 0.00>
ST_7 : Operation 77 [3/3] (0.99ns) (grouped into DSP with root node add_ln37_4)   --->   "%mul_ln37 = mul i12 %sext_ln37_7, i12 %sext_ln37_8" [/home/luka/Scripting/ELEC_498-Capstone-LiteLM/HLS-Verilog/Transformer_logic/src-hls/compute_controller.cpp:37]   --->   Operation 77 'mul' 'mul_ln37' <Predicate = true> <Delay = 0.99> <CoreInst = "DSP48">   --->   Core 124 'DSP48' <Latency = 3> <II = 1> <Delay = 0.53> <IPBlock> <Opcode : 'add' 'sub' 'mul' 'select'> <InPorts = 0> <OutPorts = 1> <Sync> <CReg>
ST_7 : Operation 78 [3/3] (0.99ns) (grouped into DSP with root node add_ln37_3)   --->   "%mul_ln37_2 = mul i12 %sext_ln37_5, i12 %sext_ln36_5" [/home/luka/Scripting/ELEC_498-Capstone-LiteLM/HLS-Verilog/Transformer_logic/src-hls/compute_controller.cpp:37]   --->   Operation 78 'mul' 'mul_ln37_2' <Predicate = true> <Delay = 0.99> <CoreInst = "DSP48">   --->   Core 124 'DSP48' <Latency = 3> <II = 1> <Delay = 0.53> <IPBlock> <Opcode : 'add' 'sub' 'mul' 'select'> <InPorts = 0> <OutPorts = 1> <Sync> <CReg>
ST_7 : Operation 79 [2/3] (0.99ns) (grouped into DSP with root node add_ln37_1)   --->   "%mul_ln37_4 = mul i12 %sext_ln37_3, i12 %sext_ln36_3" [/home/luka/Scripting/ELEC_498-Capstone-LiteLM/HLS-Verilog/Transformer_logic/src-hls/compute_controller.cpp:37]   --->   Operation 79 'mul' 'mul_ln37_4' <Predicate = true> <Delay = 0.99> <CoreInst = "DSP48">   --->   Core 124 'DSP48' <Latency = 3> <II = 1> <Delay = 0.53> <IPBlock> <Opcode : 'add' 'sub' 'mul' 'select'> <InPorts = 0> <OutPorts = 1> <Sync> <CReg>
ST_7 : Operation 80 [2/3] (0.99ns) (grouped into DSP with root node add_ln37)   --->   "%mul_ln37_6 = mul i12 %sext_ln37, i12 %sext_ln36" [/home/luka/Scripting/ELEC_498-Capstone-LiteLM/HLS-Verilog/Transformer_logic/src-hls/compute_controller.cpp:37]   --->   Operation 80 'mul' 'mul_ln37_6' <Predicate = true> <Delay = 0.99> <CoreInst = "DSP48">   --->   Core 124 'DSP48' <Latency = 3> <II = 1> <Delay = 0.53> <IPBlock> <Opcode : 'add' 'sub' 'mul' 'select'> <InPorts = 0> <OutPorts = 1> <Sync> <CReg>
ST_7 : Operation 81 [1/1] (0.00ns)   --->   "%OUT_PROJ_valueB_addr_9 = getelementptr i4 %OUT_PROJ_valueB, i64 0, i64 9" [/home/luka/Scripting/ELEC_498-Capstone-LiteLM/HLS-Verilog/Transformer_logic/src-hls/compute_controller.cpp:36]   --->   Operation 81 'getelementptr' 'OUT_PROJ_valueB_addr_9' <Predicate = true> <Delay = 0.00>
ST_7 : Operation 82 [2/2] (0.67ns)   --->   "%w_9 = load i4 %OUT_PROJ_valueB_addr_9" [/home/luka/Scripting/ELEC_498-Capstone-LiteLM/HLS-Verilog/Transformer_logic/src-hls/compute_controller.cpp:36]   --->   Operation 82 'load' 'w_9' <Predicate = true> <Delay = 0.67> <CoreInst = "RAM">   --->   Core 82 'RAM' <Latency = 1> <II = 1> <Delay = 0.67> <Storage> <Opcode : 'load' 'store'> <Ports = 2> <Width = 4> <Depth = 16> <RAM>
ST_7 : Operation 83 [1/1] (0.00ns)   --->   "%OUT_PROJ_valueB_addr_10 = getelementptr i4 %OUT_PROJ_valueB, i64 0, i64 10" [/home/luka/Scripting/ELEC_498-Capstone-LiteLM/HLS-Verilog/Transformer_logic/src-hls/compute_controller.cpp:36]   --->   Operation 83 'getelementptr' 'OUT_PROJ_valueB_addr_10' <Predicate = true> <Delay = 0.00>
ST_7 : Operation 84 [2/2] (0.67ns)   --->   "%w_10 = load i4 %OUT_PROJ_valueB_addr_10" [/home/luka/Scripting/ELEC_498-Capstone-LiteLM/HLS-Verilog/Transformer_logic/src-hls/compute_controller.cpp:36]   --->   Operation 84 'load' 'w_10' <Predicate = true> <Delay = 0.67> <CoreInst = "RAM">   --->   Core 82 'RAM' <Latency = 1> <II = 1> <Delay = 0.67> <Storage> <Opcode : 'load' 'store'> <Ports = 2> <Width = 4> <Depth = 16> <RAM>
ST_7 : Operation 85 [1/1] (0.00ns)   --->   "%sext_ln36_12 = sext i4 %w_13" [/home/luka/Scripting/ELEC_498-Capstone-LiteLM/HLS-Verilog/Transformer_logic/src-hls/compute_controller.cpp:36]   --->   Operation 85 'sext' 'sext_ln36_12' <Predicate = true> <Delay = 0.00>
ST_7 : Operation 86 [1/1] (0.00ns)   --->   "%sext_ln37_23 = sext i4 %w_15" [/home/luka/Scripting/ELEC_498-Capstone-LiteLM/HLS-Verilog/Transformer_logic/src-hls/compute_controller.cpp:37]   --->   Operation 86 'sext' 'sext_ln37_23' <Predicate = true> <Delay = 0.00>
ST_7 : Operation 87 [3/3] (0.99ns) (grouped into DSP with root node add_ln37_11)   --->   "%mul_ln37_8 = mul i12 %sext_ln37_7, i12 %sext_ln37_23" [/home/luka/Scripting/ELEC_498-Capstone-LiteLM/HLS-Verilog/Transformer_logic/src-hls/compute_controller.cpp:37]   --->   Operation 87 'mul' 'mul_ln37_8' <Predicate = true> <Delay = 0.99> <CoreInst = "DSP48">   --->   Core 124 'DSP48' <Latency = 3> <II = 1> <Delay = 0.53> <IPBlock> <Opcode : 'add' 'sub' 'mul' 'select'> <InPorts = 0> <OutPorts = 1> <Sync> <CReg>
ST_7 : Operation 88 [3/3] (0.99ns) (grouped into DSP with root node add_ln37_10)   --->   "%mul_ln37_10 = mul i12 %sext_ln37_5, i12 %sext_ln36_12" [/home/luka/Scripting/ELEC_498-Capstone-LiteLM/HLS-Verilog/Transformer_logic/src-hls/compute_controller.cpp:37]   --->   Operation 88 'mul' 'mul_ln37_10' <Predicate = true> <Delay = 0.99> <CoreInst = "DSP48">   --->   Core 124 'DSP48' <Latency = 3> <II = 1> <Delay = 0.53> <IPBlock> <Opcode : 'add' 'sub' 'mul' 'select'> <InPorts = 0> <OutPorts = 1> <Sync> <CReg>
ST_7 : Operation 89 [2/3] (0.99ns) (grouped into DSP with root node add_ln37_8)   --->   "%mul_ln37_12 = mul i12 %sext_ln37_3, i12 %sext_ln36_10" [/home/luka/Scripting/ELEC_498-Capstone-LiteLM/HLS-Verilog/Transformer_logic/src-hls/compute_controller.cpp:37]   --->   Operation 89 'mul' 'mul_ln37_12' <Predicate = true> <Delay = 0.99> <CoreInst = "DSP48">   --->   Core 124 'DSP48' <Latency = 3> <II = 1> <Delay = 0.53> <IPBlock> <Opcode : 'add' 'sub' 'mul' 'select'> <InPorts = 0> <OutPorts = 1> <Sync> <CReg>
ST_7 : Operation 90 [2/3] (0.99ns) (grouped into DSP with root node add_ln37_7)   --->   "%mul_ln37_14 = mul i12 %sext_ln37, i12 %sext_ln36_7" [/home/luka/Scripting/ELEC_498-Capstone-LiteLM/HLS-Verilog/Transformer_logic/src-hls/compute_controller.cpp:37]   --->   Operation 90 'mul' 'mul_ln37_14' <Predicate = true> <Delay = 0.99> <CoreInst = "DSP48">   --->   Core 124 'DSP48' <Latency = 3> <II = 1> <Delay = 0.53> <IPBlock> <Opcode : 'add' 'sub' 'mul' 'select'> <InPorts = 0> <OutPorts = 1> <Sync> <CReg>

State 8 <SV = 7> <Delay = 2.97>
ST_8 : Operation 91 [1/2] ( I:0.67ns O:0.67ns )   --->   "%OUT_PROJ_valueA_load_1 = load i3 %OUT_PROJ_valueA_addr_1" [/home/luka/Scripting/ELEC_498-Capstone-LiteLM/HLS-Verilog/Transformer_logic/src-hls/compute_controller.cpp:37]   --->   Operation 91 'load' 'OUT_PROJ_valueA_load_1' <Predicate = true> <Delay = 0.67> <CoreInst = "RAM">   --->   Core 82 'RAM' <Latency = 1> <II = 1> <Delay = 0.67> <Storage> <Opcode : 'load' 'store'> <Ports = 2> <Width = 8> <Depth = 8> <RAM>
ST_8 : Operation 92 [1/1] (0.00ns)   --->   "%sext_ln37_1 = sext i8 %OUT_PROJ_valueA_load_1" [/home/luka/Scripting/ELEC_498-Capstone-LiteLM/HLS-Verilog/Transformer_logic/src-hls/compute_controller.cpp:37]   --->   Operation 92 'sext' 'sext_ln37_1' <Predicate = true> <Delay = 0.00>
ST_8 : Operation 93 [1/1] (0.00ns)   --->   "%sext_ln36_1 = sext i4 %w_1" [/home/luka/Scripting/ELEC_498-Capstone-LiteLM/HLS-Verilog/Transformer_logic/src-hls/compute_controller.cpp:36]   --->   Operation 93 'sext' 'sext_ln36_1' <Predicate = true> <Delay = 0.00>
ST_8 : Operation 94 [1/2] ( I:0.67ns O:0.67ns )   --->   "%OUT_PROJ_valueA_load_2 = load i3 %OUT_PROJ_valueA_addr_2" [/home/luka/Scripting/ELEC_498-Capstone-LiteLM/HLS-Verilog/Transformer_logic/src-hls/compute_controller.cpp:37]   --->   Operation 94 'load' 'OUT_PROJ_valueA_load_2' <Predicate = true> <Delay = 0.67> <CoreInst = "RAM">   --->   Core 82 'RAM' <Latency = 1> <II = 1> <Delay = 0.67> <Storage> <Opcode : 'load' 'store'> <Ports = 2> <Width = 8> <Depth = 8> <RAM>
ST_8 : Operation 95 [1/1] (0.00ns)   --->   "%sext_ln37_2 = sext i8 %OUT_PROJ_valueA_load_2" [/home/luka/Scripting/ELEC_498-Capstone-LiteLM/HLS-Verilog/Transformer_logic/src-hls/compute_controller.cpp:37]   --->   Operation 95 'sext' 'sext_ln37_2' <Predicate = true> <Delay = 0.00>
ST_8 : Operation 96 [1/1] (0.00ns)   --->   "%sext_ln36_2 = sext i4 %w_2" [/home/luka/Scripting/ELEC_498-Capstone-LiteLM/HLS-Verilog/Transformer_logic/src-hls/compute_controller.cpp:36]   --->   Operation 96 'sext' 'sext_ln36_2' <Predicate = true> <Delay = 0.00>
ST_8 : Operation 97 [1/1] (0.00ns)   --->   "%OUT_PROJ_valueA_addr_4 = getelementptr i8 %OUT_PROJ_valueA, i64 0, i64 4" [/home/luka/Scripting/ELEC_498-Capstone-LiteLM/HLS-Verilog/Transformer_logic/src-hls/compute_controller.cpp:37]   --->   Operation 97 'getelementptr' 'OUT_PROJ_valueA_addr_4' <Predicate = true> <Delay = 0.00>
ST_8 : Operation 98 [2/2] (0.67ns)   --->   "%OUT_PROJ_valueA_load_4 = load i3 %OUT_PROJ_valueA_addr_4" [/home/luka/Scripting/ELEC_498-Capstone-LiteLM/HLS-Verilog/Transformer_logic/src-hls/compute_controller.cpp:37]   --->   Operation 98 'load' 'OUT_PROJ_valueA_load_4' <Predicate = true> <Delay = 0.67> <CoreInst = "RAM">   --->   Core 82 'RAM' <Latency = 1> <II = 1> <Delay = 0.67> <Storage> <Opcode : 'load' 'store'> <Ports = 2> <Width = 8> <Depth = 8> <RAM>
ST_8 : Operation 99 [1/1] (0.00ns)   --->   "%OUT_PROJ_valueA_addr_6 = getelementptr i8 %OUT_PROJ_valueA, i64 0, i64 6" [/home/luka/Scripting/ELEC_498-Capstone-LiteLM/HLS-Verilog/Transformer_logic/src-hls/compute_controller.cpp:37]   --->   Operation 99 'getelementptr' 'OUT_PROJ_valueA_addr_6' <Predicate = true> <Delay = 0.00>
ST_8 : Operation 100 [2/2] (0.67ns)   --->   "%OUT_PROJ_valueA_load_6 = load i3 %OUT_PROJ_valueA_addr_6" [/home/luka/Scripting/ELEC_498-Capstone-LiteLM/HLS-Verilog/Transformer_logic/src-hls/compute_controller.cpp:37]   --->   Operation 100 'load' 'OUT_PROJ_valueA_load_6' <Predicate = true> <Delay = 0.67> <CoreInst = "RAM">   --->   Core 82 'RAM' <Latency = 1> <II = 1> <Delay = 0.67> <Storage> <Opcode : 'load' 'store'> <Ports = 2> <Width = 8> <Depth = 8> <RAM>
ST_8 : Operation 101 [2/3] (0.99ns) (grouped into DSP with root node add_ln37_4)   --->   "%mul_ln37 = mul i12 %sext_ln37_7, i12 %sext_ln37_8" [/home/luka/Scripting/ELEC_498-Capstone-LiteLM/HLS-Verilog/Transformer_logic/src-hls/compute_controller.cpp:37]   --->   Operation 101 'mul' 'mul_ln37' <Predicate = true> <Delay = 0.99> <CoreInst = "DSP48">   --->   Core 124 'DSP48' <Latency = 3> <II = 1> <Delay = 0.53> <IPBlock> <Opcode : 'add' 'sub' 'mul' 'select'> <InPorts = 0> <OutPorts = 1> <Sync> <CReg>
ST_8 : Operation 102 [2/3] (0.99ns) (grouped into DSP with root node add_ln37_3)   --->   "%mul_ln37_2 = mul i12 %sext_ln37_5, i12 %sext_ln36_5" [/home/luka/Scripting/ELEC_498-Capstone-LiteLM/HLS-Verilog/Transformer_logic/src-hls/compute_controller.cpp:37]   --->   Operation 102 'mul' 'mul_ln37_2' <Predicate = true> <Delay = 0.99> <CoreInst = "DSP48">   --->   Core 124 'DSP48' <Latency = 3> <II = 1> <Delay = 0.53> <IPBlock> <Opcode : 'add' 'sub' 'mul' 'select'> <InPorts = 0> <OutPorts = 1> <Sync> <CReg>
ST_8 : Operation 103 [1/3] (0.00ns) (grouped into DSP with root node add_ln37_1)   --->   "%mul_ln37_4 = mul i12 %sext_ln37_3, i12 %sext_ln36_3" [/home/luka/Scripting/ELEC_498-Capstone-LiteLM/HLS-Verilog/Transformer_logic/src-hls/compute_controller.cpp:37]   --->   Operation 103 'mul' 'mul_ln37_4' <Predicate = true> <Delay = 0.00> <CoreInst = "DSP48">   --->   Core 124 'DSP48' <Latency = 3> <II = 1> <Delay = 0.53> <IPBlock> <Opcode : 'add' 'sub' 'mul' 'select'> <InPorts = 0> <OutPorts = 1> <Sync> <CReg>
ST_8 : Operation 104 [1/1] (0.00ns) (grouped into DSP with root node add_ln37_1)   --->   "%sext_ln37_13 = sext i12 %mul_ln37_4" [/home/luka/Scripting/ELEC_498-Capstone-LiteLM/HLS-Verilog/Transformer_logic/src-hls/compute_controller.cpp:37]   --->   Operation 104 'sext' 'sext_ln37_13' <Predicate = true> <Delay = 0.00>
ST_8 : Operation 105 [1/1] (1.65ns)   --->   "%mul_ln37_5 = mul i12 %sext_ln37_2, i12 %sext_ln36_2" [/home/luka/Scripting/ELEC_498-Capstone-LiteLM/HLS-Verilog/Transformer_logic/src-hls/compute_controller.cpp:37]   --->   Operation 105 'mul' 'mul_ln37_5' <Predicate = true> <Delay = 1.65> <CoreInst = "Multiplier">   --->   Core 3 'Multiplier' <Latency = 0> <II = 1> <Delay = 1.65> <FuncUnit> <Opcode : 'mul'> <InPorts = 2> <OutPorts = 1>
ST_8 : Operation 106 [1/1] (0.00ns)   --->   "%sext_ln37_14 = sext i12 %mul_ln37_5" [/home/luka/Scripting/ELEC_498-Capstone-LiteLM/HLS-Verilog/Transformer_logic/src-hls/compute_controller.cpp:37]   --->   Operation 106 'sext' 'sext_ln37_14' <Predicate = true> <Delay = 0.00>
ST_8 : Operation 107 [1/3] (0.00ns) (grouped into DSP with root node add_ln37)   --->   "%mul_ln37_6 = mul i12 %sext_ln37, i12 %sext_ln36" [/home/luka/Scripting/ELEC_498-Capstone-LiteLM/HLS-Verilog/Transformer_logic/src-hls/compute_controller.cpp:37]   --->   Operation 107 'mul' 'mul_ln37_6' <Predicate = true> <Delay = 0.00> <CoreInst = "DSP48">   --->   Core 124 'DSP48' <Latency = 3> <II = 1> <Delay = 0.53> <IPBlock> <Opcode : 'add' 'sub' 'mul' 'select'> <InPorts = 0> <OutPorts = 1> <Sync> <CReg>
ST_8 : Operation 108 [1/1] (0.00ns) (grouped into DSP with root node add_ln37)   --->   "%sext_ln37_15 = sext i12 %mul_ln37_6" [/home/luka/Scripting/ELEC_498-Capstone-LiteLM/HLS-Verilog/Transformer_logic/src-hls/compute_controller.cpp:37]   --->   Operation 108 'sext' 'sext_ln37_15' <Predicate = true> <Delay = 0.00>
ST_8 : Operation 109 [1/1] (1.65ns)   --->   "%mul_ln37_7 = mul i12 %sext_ln37_1, i12 %sext_ln36_1" [/home/luka/Scripting/ELEC_498-Capstone-LiteLM/HLS-Verilog/Transformer_logic/src-hls/compute_controller.cpp:37]   --->   Operation 109 'mul' 'mul_ln37_7' <Predicate = true> <Delay = 1.65> <CoreInst = "Multiplier">   --->   Core 3 'Multiplier' <Latency = 0> <II = 1> <Delay = 1.65> <FuncUnit> <Opcode : 'mul'> <InPorts = 2> <OutPorts = 1>
ST_8 : Operation 110 [1/1] (0.00ns)   --->   "%sext_ln37_16 = sext i12 %mul_ln37_7" [/home/luka/Scripting/ELEC_498-Capstone-LiteLM/HLS-Verilog/Transformer_logic/src-hls/compute_controller.cpp:37]   --->   Operation 110 'sext' 'sext_ln37_16' <Predicate = true> <Delay = 0.00>
ST_8 : Operation 111 [2/2] (0.64ns) (root node of the DSP)   --->   "%add_ln37 = add i13 %sext_ln37_16, i13 %sext_ln37_15" [/home/luka/Scripting/ELEC_498-Capstone-LiteLM/HLS-Verilog/Transformer_logic/src-hls/compute_controller.cpp:37]   --->   Operation 111 'add' 'add_ln37' <Predicate = true> <Delay = 0.64> <CoreInst = "DSP48">   --->   Core 124 'DSP48' <Latency = 3> <II = 1> <Delay = 0.53> <IPBlock> <Opcode : 'add' 'sub' 'mul' 'select'> <InPorts = 0> <OutPorts = 1> <Sync> <CReg>
ST_8 : Operation 112 [2/2] (0.64ns) (root node of the DSP)   --->   "%add_ln37_1 = add i13 %sext_ln37_14, i13 %sext_ln37_13" [/home/luka/Scripting/ELEC_498-Capstone-LiteLM/HLS-Verilog/Transformer_logic/src-hls/compute_controller.cpp:37]   --->   Operation 112 'add' 'add_ln37_1' <Predicate = true> <Delay = 0.64> <CoreInst = "DSP48">   --->   Core 124 'DSP48' <Latency = 3> <II = 1> <Delay = 0.53> <IPBlock> <Opcode : 'add' 'sub' 'mul' 'select'> <InPorts = 0> <OutPorts = 1> <Sync> <CReg>
ST_8 : Operation 113 [1/2] ( I:0.67ns O:0.67ns )   --->   "%w_9 = load i4 %OUT_PROJ_valueB_addr_9" [/home/luka/Scripting/ELEC_498-Capstone-LiteLM/HLS-Verilog/Transformer_logic/src-hls/compute_controller.cpp:36]   --->   Operation 113 'load' 'w_9' <Predicate = true> <Delay = 0.67> <CoreInst = "RAM">   --->   Core 82 'RAM' <Latency = 1> <II = 1> <Delay = 0.67> <Storage> <Opcode : 'load' 'store'> <Ports = 2> <Width = 4> <Depth = 16> <RAM>
ST_8 : Operation 114 [1/1] (0.00ns)   --->   "%sext_ln36_8 = sext i4 %w_9" [/home/luka/Scripting/ELEC_498-Capstone-LiteLM/HLS-Verilog/Transformer_logic/src-hls/compute_controller.cpp:36]   --->   Operation 114 'sext' 'sext_ln36_8' <Predicate = true> <Delay = 0.00>
ST_8 : Operation 115 [1/2] ( I:0.67ns O:0.67ns )   --->   "%w_10 = load i4 %OUT_PROJ_valueB_addr_10" [/home/luka/Scripting/ELEC_498-Capstone-LiteLM/HLS-Verilog/Transformer_logic/src-hls/compute_controller.cpp:36]   --->   Operation 115 'load' 'w_10' <Predicate = true> <Delay = 0.67> <CoreInst = "RAM">   --->   Core 82 'RAM' <Latency = 1> <II = 1> <Delay = 0.67> <Storage> <Opcode : 'load' 'store'> <Ports = 2> <Width = 4> <Depth = 16> <RAM>
ST_8 : Operation 116 [1/1] (0.00ns)   --->   "%sext_ln36_9 = sext i4 %w_10" [/home/luka/Scripting/ELEC_498-Capstone-LiteLM/HLS-Verilog/Transformer_logic/src-hls/compute_controller.cpp:36]   --->   Operation 116 'sext' 'sext_ln36_9' <Predicate = true> <Delay = 0.00>
ST_8 : Operation 117 [1/1] (0.00ns)   --->   "%OUT_PROJ_valueB_addr_12 = getelementptr i4 %OUT_PROJ_valueB, i64 0, i64 12" [/home/luka/Scripting/ELEC_498-Capstone-LiteLM/HLS-Verilog/Transformer_logic/src-hls/compute_controller.cpp:36]   --->   Operation 117 'getelementptr' 'OUT_PROJ_valueB_addr_12' <Predicate = true> <Delay = 0.00>
ST_8 : Operation 118 [2/2] (0.67ns)   --->   "%w_12 = load i4 %OUT_PROJ_valueB_addr_12" [/home/luka/Scripting/ELEC_498-Capstone-LiteLM/HLS-Verilog/Transformer_logic/src-hls/compute_controller.cpp:36]   --->   Operation 118 'load' 'w_12' <Predicate = true> <Delay = 0.67> <CoreInst = "RAM">   --->   Core 82 'RAM' <Latency = 1> <II = 1> <Delay = 0.67> <Storage> <Opcode : 'load' 'store'> <Ports = 2> <Width = 4> <Depth = 16> <RAM>
ST_8 : Operation 119 [1/1] (0.00ns)   --->   "%OUT_PROJ_valueB_addr_14 = getelementptr i4 %OUT_PROJ_valueB, i64 0, i64 14" [/home/luka/Scripting/ELEC_498-Capstone-LiteLM/HLS-Verilog/Transformer_logic/src-hls/compute_controller.cpp:36]   --->   Operation 119 'getelementptr' 'OUT_PROJ_valueB_addr_14' <Predicate = true> <Delay = 0.00>
ST_8 : Operation 120 [2/2] (0.67ns)   --->   "%w_14 = load i4 %OUT_PROJ_valueB_addr_14" [/home/luka/Scripting/ELEC_498-Capstone-LiteLM/HLS-Verilog/Transformer_logic/src-hls/compute_controller.cpp:36]   --->   Operation 120 'load' 'w_14' <Predicate = true> <Delay = 0.67> <CoreInst = "RAM">   --->   Core 82 'RAM' <Latency = 1> <II = 1> <Delay = 0.67> <Storage> <Opcode : 'load' 'store'> <Ports = 2> <Width = 4> <Depth = 16> <RAM>
ST_8 : Operation 121 [2/3] (0.99ns) (grouped into DSP with root node add_ln37_11)   --->   "%mul_ln37_8 = mul i12 %sext_ln37_7, i12 %sext_ln37_23" [/home/luka/Scripting/ELEC_498-Capstone-LiteLM/HLS-Verilog/Transformer_logic/src-hls/compute_controller.cpp:37]   --->   Operation 121 'mul' 'mul_ln37_8' <Predicate = true> <Delay = 0.99> <CoreInst = "DSP48">   --->   Core 124 'DSP48' <Latency = 3> <II = 1> <Delay = 0.53> <IPBlock> <Opcode : 'add' 'sub' 'mul' 'select'> <InPorts = 0> <OutPorts = 1> <Sync> <CReg>
ST_8 : Operation 122 [2/3] (0.99ns) (grouped into DSP with root node add_ln37_10)   --->   "%mul_ln37_10 = mul i12 %sext_ln37_5, i12 %sext_ln36_12" [/home/luka/Scripting/ELEC_498-Capstone-LiteLM/HLS-Verilog/Transformer_logic/src-hls/compute_controller.cpp:37]   --->   Operation 122 'mul' 'mul_ln37_10' <Predicate = true> <Delay = 0.99> <CoreInst = "DSP48">   --->   Core 124 'DSP48' <Latency = 3> <II = 1> <Delay = 0.53> <IPBlock> <Opcode : 'add' 'sub' 'mul' 'select'> <InPorts = 0> <OutPorts = 1> <Sync> <CReg>
ST_8 : Operation 123 [1/3] (0.00ns) (grouped into DSP with root node add_ln37_8)   --->   "%mul_ln37_12 = mul i12 %sext_ln37_3, i12 %sext_ln36_10" [/home/luka/Scripting/ELEC_498-Capstone-LiteLM/HLS-Verilog/Transformer_logic/src-hls/compute_controller.cpp:37]   --->   Operation 123 'mul' 'mul_ln37_12' <Predicate = true> <Delay = 0.00> <CoreInst = "DSP48">   --->   Core 124 'DSP48' <Latency = 3> <II = 1> <Delay = 0.53> <IPBlock> <Opcode : 'add' 'sub' 'mul' 'select'> <InPorts = 0> <OutPorts = 1> <Sync> <CReg>
ST_8 : Operation 124 [1/1] (0.00ns) (grouped into DSP with root node add_ln37_8)   --->   "%sext_ln37_28 = sext i12 %mul_ln37_12" [/home/luka/Scripting/ELEC_498-Capstone-LiteLM/HLS-Verilog/Transformer_logic/src-hls/compute_controller.cpp:37]   --->   Operation 124 'sext' 'sext_ln37_28' <Predicate = true> <Delay = 0.00>
ST_8 : Operation 125 [1/1] (1.65ns)   --->   "%mul_ln37_13 = mul i12 %sext_ln37_2, i12 %sext_ln36_9" [/home/luka/Scripting/ELEC_498-Capstone-LiteLM/HLS-Verilog/Transformer_logic/src-hls/compute_controller.cpp:37]   --->   Operation 125 'mul' 'mul_ln37_13' <Predicate = true> <Delay = 1.65> <CoreInst = "Multiplier">   --->   Core 3 'Multiplier' <Latency = 0> <II = 1> <Delay = 1.65> <FuncUnit> <Opcode : 'mul'> <InPorts = 2> <OutPorts = 1>
ST_8 : Operation 126 [1/1] (0.00ns)   --->   "%sext_ln37_29 = sext i12 %mul_ln37_13" [/home/luka/Scripting/ELEC_498-Capstone-LiteLM/HLS-Verilog/Transformer_logic/src-hls/compute_controller.cpp:37]   --->   Operation 126 'sext' 'sext_ln37_29' <Predicate = true> <Delay = 0.00>
ST_8 : Operation 127 [1/3] (0.00ns) (grouped into DSP with root node add_ln37_7)   --->   "%mul_ln37_14 = mul i12 %sext_ln37, i12 %sext_ln36_7" [/home/luka/Scripting/ELEC_498-Capstone-LiteLM/HLS-Verilog/Transformer_logic/src-hls/compute_controller.cpp:37]   --->   Operation 127 'mul' 'mul_ln37_14' <Predicate = true> <Delay = 0.00> <CoreInst = "DSP48">   --->   Core 124 'DSP48' <Latency = 3> <II = 1> <Delay = 0.53> <IPBlock> <Opcode : 'add' 'sub' 'mul' 'select'> <InPorts = 0> <OutPorts = 1> <Sync> <CReg>
ST_8 : Operation 128 [1/1] (0.00ns) (grouped into DSP with root node add_ln37_7)   --->   "%sext_ln37_30 = sext i12 %mul_ln37_14" [/home/luka/Scripting/ELEC_498-Capstone-LiteLM/HLS-Verilog/Transformer_logic/src-hls/compute_controller.cpp:37]   --->   Operation 128 'sext' 'sext_ln37_30' <Predicate = true> <Delay = 0.00>
ST_8 : Operation 129 [1/1] (1.65ns)   --->   "%mul_ln37_15 = mul i12 %sext_ln37_1, i12 %sext_ln36_8" [/home/luka/Scripting/ELEC_498-Capstone-LiteLM/HLS-Verilog/Transformer_logic/src-hls/compute_controller.cpp:37]   --->   Operation 129 'mul' 'mul_ln37_15' <Predicate = true> <Delay = 1.65> <CoreInst = "Multiplier">   --->   Core 3 'Multiplier' <Latency = 0> <II = 1> <Delay = 1.65> <FuncUnit> <Opcode : 'mul'> <InPorts = 2> <OutPorts = 1>
ST_8 : Operation 130 [1/1] (0.00ns)   --->   "%sext_ln37_31 = sext i12 %mul_ln37_15" [/home/luka/Scripting/ELEC_498-Capstone-LiteLM/HLS-Verilog/Transformer_logic/src-hls/compute_controller.cpp:37]   --->   Operation 130 'sext' 'sext_ln37_31' <Predicate = true> <Delay = 0.00>
ST_8 : Operation 131 [2/2] (0.64ns) (root node of the DSP)   --->   "%add_ln37_7 = add i13 %sext_ln37_31, i13 %sext_ln37_30" [/home/luka/Scripting/ELEC_498-Capstone-LiteLM/HLS-Verilog/Transformer_logic/src-hls/compute_controller.cpp:37]   --->   Operation 131 'add' 'add_ln37_7' <Predicate = true> <Delay = 0.64> <CoreInst = "DSP48">   --->   Core 124 'DSP48' <Latency = 3> <II = 1> <Delay = 0.53> <IPBlock> <Opcode : 'add' 'sub' 'mul' 'select'> <InPorts = 0> <OutPorts = 1> <Sync> <CReg>
ST_8 : Operation 132 [2/2] (0.64ns) (root node of the DSP)   --->   "%add_ln37_8 = add i13 %sext_ln37_29, i13 %sext_ln37_28" [/home/luka/Scripting/ELEC_498-Capstone-LiteLM/HLS-Verilog/Transformer_logic/src-hls/compute_controller.cpp:37]   --->   Operation 132 'add' 'add_ln37_8' <Predicate = true> <Delay = 0.64> <CoreInst = "DSP48">   --->   Core 124 'DSP48' <Latency = 3> <II = 1> <Delay = 0.53> <IPBlock> <Opcode : 'add' 'sub' 'mul' 'select'> <InPorts = 0> <OutPorts = 1> <Sync> <CReg>

State 9 <SV = 8> <Delay = 2.97>
ST_9 : Operation 133 [1/2] ( I:0.67ns O:0.67ns )   --->   "%OUT_PROJ_valueA_load_4 = load i3 %OUT_PROJ_valueA_addr_4" [/home/luka/Scripting/ELEC_498-Capstone-LiteLM/HLS-Verilog/Transformer_logic/src-hls/compute_controller.cpp:37]   --->   Operation 133 'load' 'OUT_PROJ_valueA_load_4' <Predicate = true> <Delay = 0.67> <CoreInst = "RAM">   --->   Core 82 'RAM' <Latency = 1> <II = 1> <Delay = 0.67> <Storage> <Opcode : 'load' 'store'> <Ports = 2> <Width = 8> <Depth = 8> <RAM>
ST_9 : Operation 134 [1/1] (0.00ns)   --->   "%sext_ln37_4 = sext i8 %OUT_PROJ_valueA_load_4" [/home/luka/Scripting/ELEC_498-Capstone-LiteLM/HLS-Verilog/Transformer_logic/src-hls/compute_controller.cpp:37]   --->   Operation 134 'sext' 'sext_ln37_4' <Predicate = true> <Delay = 0.00>
ST_9 : Operation 135 [1/1] (0.00ns)   --->   "%sext_ln36_4 = sext i4 %w_4" [/home/luka/Scripting/ELEC_498-Capstone-LiteLM/HLS-Verilog/Transformer_logic/src-hls/compute_controller.cpp:36]   --->   Operation 135 'sext' 'sext_ln36_4' <Predicate = true> <Delay = 0.00>
ST_9 : Operation 136 [1/2] ( I:0.67ns O:0.67ns )   --->   "%OUT_PROJ_valueA_load_6 = load i3 %OUT_PROJ_valueA_addr_6" [/home/luka/Scripting/ELEC_498-Capstone-LiteLM/HLS-Verilog/Transformer_logic/src-hls/compute_controller.cpp:37]   --->   Operation 136 'load' 'OUT_PROJ_valueA_load_6' <Predicate = true> <Delay = 0.67> <CoreInst = "RAM">   --->   Core 82 'RAM' <Latency = 1> <II = 1> <Delay = 0.67> <Storage> <Opcode : 'load' 'store'> <Ports = 2> <Width = 8> <Depth = 8> <RAM>
ST_9 : Operation 137 [1/1] (0.00ns)   --->   "%sext_ln37_6 = sext i8 %OUT_PROJ_valueA_load_6" [/home/luka/Scripting/ELEC_498-Capstone-LiteLM/HLS-Verilog/Transformer_logic/src-hls/compute_controller.cpp:37]   --->   Operation 137 'sext' 'sext_ln37_6' <Predicate = true> <Delay = 0.00>
ST_9 : Operation 138 [1/1] (0.00ns)   --->   "%sext_ln36_6 = sext i4 %w_6" [/home/luka/Scripting/ELEC_498-Capstone-LiteLM/HLS-Verilog/Transformer_logic/src-hls/compute_controller.cpp:36]   --->   Operation 138 'sext' 'sext_ln36_6' <Predicate = true> <Delay = 0.00>
ST_9 : Operation 139 [1/3] (0.00ns) (grouped into DSP with root node add_ln37_4)   --->   "%mul_ln37 = mul i12 %sext_ln37_7, i12 %sext_ln37_8" [/home/luka/Scripting/ELEC_498-Capstone-LiteLM/HLS-Verilog/Transformer_logic/src-hls/compute_controller.cpp:37]   --->   Operation 139 'mul' 'mul_ln37' <Predicate = true> <Delay = 0.00> <CoreInst = "DSP48">   --->   Core 124 'DSP48' <Latency = 3> <II = 1> <Delay = 0.53> <IPBlock> <Opcode : 'add' 'sub' 'mul' 'select'> <InPorts = 0> <OutPorts = 1> <Sync> <CReg>
ST_9 : Operation 140 [1/1] (0.00ns) (grouped into DSP with root node add_ln37_4)   --->   "%sext_ln37_9 = sext i12 %mul_ln37" [/home/luka/Scripting/ELEC_498-Capstone-LiteLM/HLS-Verilog/Transformer_logic/src-hls/compute_controller.cpp:37]   --->   Operation 140 'sext' 'sext_ln37_9' <Predicate = true> <Delay = 0.00>
ST_9 : Operation 141 [1/1] (1.65ns)   --->   "%mul_ln37_1 = mul i12 %sext_ln37_6, i12 %sext_ln36_6" [/home/luka/Scripting/ELEC_498-Capstone-LiteLM/HLS-Verilog/Transformer_logic/src-hls/compute_controller.cpp:37]   --->   Operation 141 'mul' 'mul_ln37_1' <Predicate = true> <Delay = 1.65> <CoreInst = "Multiplier">   --->   Core 3 'Multiplier' <Latency = 0> <II = 1> <Delay = 1.65> <FuncUnit> <Opcode : 'mul'> <InPorts = 2> <OutPorts = 1>
ST_9 : Operation 142 [1/1] (0.00ns)   --->   "%sext_ln37_10 = sext i12 %mul_ln37_1" [/home/luka/Scripting/ELEC_498-Capstone-LiteLM/HLS-Verilog/Transformer_logic/src-hls/compute_controller.cpp:37]   --->   Operation 142 'sext' 'sext_ln37_10' <Predicate = true> <Delay = 0.00>
ST_9 : Operation 143 [1/3] (0.00ns) (grouped into DSP with root node add_ln37_3)   --->   "%mul_ln37_2 = mul i12 %sext_ln37_5, i12 %sext_ln36_5" [/home/luka/Scripting/ELEC_498-Capstone-LiteLM/HLS-Verilog/Transformer_logic/src-hls/compute_controller.cpp:37]   --->   Operation 143 'mul' 'mul_ln37_2' <Predicate = true> <Delay = 0.00> <CoreInst = "DSP48">   --->   Core 124 'DSP48' <Latency = 3> <II = 1> <Delay = 0.53> <IPBlock> <Opcode : 'add' 'sub' 'mul' 'select'> <InPorts = 0> <OutPorts = 1> <Sync> <CReg>
ST_9 : Operation 144 [1/1] (0.00ns) (grouped into DSP with root node add_ln37_3)   --->   "%sext_ln37_11 = sext i12 %mul_ln37_2" [/home/luka/Scripting/ELEC_498-Capstone-LiteLM/HLS-Verilog/Transformer_logic/src-hls/compute_controller.cpp:37]   --->   Operation 144 'sext' 'sext_ln37_11' <Predicate = true> <Delay = 0.00>
ST_9 : Operation 145 [1/1] (1.65ns)   --->   "%mul_ln37_3 = mul i12 %sext_ln37_4, i12 %sext_ln36_4" [/home/luka/Scripting/ELEC_498-Capstone-LiteLM/HLS-Verilog/Transformer_logic/src-hls/compute_controller.cpp:37]   --->   Operation 145 'mul' 'mul_ln37_3' <Predicate = true> <Delay = 1.65> <CoreInst = "Multiplier">   --->   Core 3 'Multiplier' <Latency = 0> <II = 1> <Delay = 1.65> <FuncUnit> <Opcode : 'mul'> <InPorts = 2> <OutPorts = 1>
ST_9 : Operation 146 [1/1] (0.00ns)   --->   "%sext_ln37_12 = sext i12 %mul_ln37_3" [/home/luka/Scripting/ELEC_498-Capstone-LiteLM/HLS-Verilog/Transformer_logic/src-hls/compute_controller.cpp:37]   --->   Operation 146 'sext' 'sext_ln37_12' <Predicate = true> <Delay = 0.00>
ST_9 : Operation 147 [1/2] (0.64ns) (root node of the DSP)   --->   "%add_ln37 = add i13 %sext_ln37_16, i13 %sext_ln37_15" [/home/luka/Scripting/ELEC_498-Capstone-LiteLM/HLS-Verilog/Transformer_logic/src-hls/compute_controller.cpp:37]   --->   Operation 147 'add' 'add_ln37' <Predicate = true> <Delay = 0.64> <CoreInst = "DSP48">   --->   Core 124 'DSP48' <Latency = 3> <II = 1> <Delay = 0.53> <IPBlock> <Opcode : 'add' 'sub' 'mul' 'select'> <InPorts = 0> <OutPorts = 1> <Sync> <CReg>
ST_9 : Operation 148 [1/1] (0.00ns)   --->   "%sext_ln37_17 = sext i13 %add_ln37" [/home/luka/Scripting/ELEC_498-Capstone-LiteLM/HLS-Verilog/Transformer_logic/src-hls/compute_controller.cpp:37]   --->   Operation 148 'sext' 'sext_ln37_17' <Predicate = true> <Delay = 0.00>
ST_9 : Operation 149 [1/2] (0.64ns) (root node of the DSP)   --->   "%add_ln37_1 = add i13 %sext_ln37_14, i13 %sext_ln37_13" [/home/luka/Scripting/ELEC_498-Capstone-LiteLM/HLS-Verilog/Transformer_logic/src-hls/compute_controller.cpp:37]   --->   Operation 149 'add' 'add_ln37_1' <Predicate = true> <Delay = 0.64> <CoreInst = "DSP48">   --->   Core 124 'DSP48' <Latency = 3> <II = 1> <Delay = 0.53> <IPBlock> <Opcode : 'add' 'sub' 'mul' 'select'> <InPorts = 0> <OutPorts = 1> <Sync> <CReg>
ST_9 : Operation 150 [1/1] (0.00ns)   --->   "%sext_ln37_18 = sext i13 %add_ln37_1" [/home/luka/Scripting/ELEC_498-Capstone-LiteLM/HLS-Verilog/Transformer_logic/src-hls/compute_controller.cpp:37]   --->   Operation 150 'sext' 'sext_ln37_18' <Predicate = true> <Delay = 0.00>
ST_9 : Operation 151 [1/1] (0.82ns)   --->   "%add_ln37_2 = add i14 %sext_ln37_18, i14 %sext_ln37_17" [/home/luka/Scripting/ELEC_498-Capstone-LiteLM/HLS-Verilog/Transformer_logic/src-hls/compute_controller.cpp:37]   --->   Operation 151 'add' 'add_ln37_2' <Predicate = true> <Delay = 0.82> <CoreInst = "Adder">   --->   Core 1 'Adder' <Latency = 0> <II = 1> <Delay = 0.82> <FuncUnit> <Opcode : 'add' 'sub'> <InPorts = 2> <OutPorts = 1>
ST_9 : Operation 152 [2/2] (0.64ns) (root node of the DSP)   --->   "%add_ln37_3 = add i13 %sext_ln37_12, i13 %sext_ln37_11" [/home/luka/Scripting/ELEC_498-Capstone-LiteLM/HLS-Verilog/Transformer_logic/src-hls/compute_controller.cpp:37]   --->   Operation 152 'add' 'add_ln37_3' <Predicate = true> <Delay = 0.64> <CoreInst = "DSP48">   --->   Core 124 'DSP48' <Latency = 3> <II = 1> <Delay = 0.53> <IPBlock> <Opcode : 'add' 'sub' 'mul' 'select'> <InPorts = 0> <OutPorts = 1> <Sync> <CReg>
ST_9 : Operation 153 [2/2] (0.64ns) (root node of the DSP)   --->   "%add_ln37_4 = add i13 %sext_ln37_10, i13 %sext_ln37_9" [/home/luka/Scripting/ELEC_498-Capstone-LiteLM/HLS-Verilog/Transformer_logic/src-hls/compute_controller.cpp:37]   --->   Operation 153 'add' 'add_ln37_4' <Predicate = true> <Delay = 0.64> <CoreInst = "DSP48">   --->   Core 124 'DSP48' <Latency = 3> <II = 1> <Delay = 0.53> <IPBlock> <Opcode : 'add' 'sub' 'mul' 'select'> <InPorts = 0> <OutPorts = 1> <Sync> <CReg>
ST_9 : Operation 154 [1/2] ( I:0.67ns O:0.67ns )   --->   "%w_12 = load i4 %OUT_PROJ_valueB_addr_12" [/home/luka/Scripting/ELEC_498-Capstone-LiteLM/HLS-Verilog/Transformer_logic/src-hls/compute_controller.cpp:36]   --->   Operation 154 'load' 'w_12' <Predicate = true> <Delay = 0.67> <CoreInst = "RAM">   --->   Core 82 'RAM' <Latency = 1> <II = 1> <Delay = 0.67> <Storage> <Opcode : 'load' 'store'> <Ports = 2> <Width = 4> <Depth = 16> <RAM>
ST_9 : Operation 155 [1/1] (0.00ns)   --->   "%sext_ln36_11 = sext i4 %w_12" [/home/luka/Scripting/ELEC_498-Capstone-LiteLM/HLS-Verilog/Transformer_logic/src-hls/compute_controller.cpp:36]   --->   Operation 155 'sext' 'sext_ln36_11' <Predicate = true> <Delay = 0.00>
ST_9 : Operation 156 [1/2] ( I:0.67ns O:0.67ns )   --->   "%w_14 = load i4 %OUT_PROJ_valueB_addr_14" [/home/luka/Scripting/ELEC_498-Capstone-LiteLM/HLS-Verilog/Transformer_logic/src-hls/compute_controller.cpp:36]   --->   Operation 156 'load' 'w_14' <Predicate = true> <Delay = 0.67> <CoreInst = "RAM">   --->   Core 82 'RAM' <Latency = 1> <II = 1> <Delay = 0.67> <Storage> <Opcode : 'load' 'store'> <Ports = 2> <Width = 4> <Depth = 16> <RAM>
ST_9 : Operation 157 [1/1] (0.00ns)   --->   "%sext_ln36_13 = sext i4 %w_14" [/home/luka/Scripting/ELEC_498-Capstone-LiteLM/HLS-Verilog/Transformer_logic/src-hls/compute_controller.cpp:36]   --->   Operation 157 'sext' 'sext_ln36_13' <Predicate = true> <Delay = 0.00>
ST_9 : Operation 158 [1/3] (0.00ns) (grouped into DSP with root node add_ln37_11)   --->   "%mul_ln37_8 = mul i12 %sext_ln37_7, i12 %sext_ln37_23" [/home/luka/Scripting/ELEC_498-Capstone-LiteLM/HLS-Verilog/Transformer_logic/src-hls/compute_controller.cpp:37]   --->   Operation 158 'mul' 'mul_ln37_8' <Predicate = true> <Delay = 0.00> <CoreInst = "DSP48">   --->   Core 124 'DSP48' <Latency = 3> <II = 1> <Delay = 0.53> <IPBlock> <Opcode : 'add' 'sub' 'mul' 'select'> <InPorts = 0> <OutPorts = 1> <Sync> <CReg>
ST_9 : Operation 159 [1/1] (0.00ns) (grouped into DSP with root node add_ln37_11)   --->   "%sext_ln37_24 = sext i12 %mul_ln37_8" [/home/luka/Scripting/ELEC_498-Capstone-LiteLM/HLS-Verilog/Transformer_logic/src-hls/compute_controller.cpp:37]   --->   Operation 159 'sext' 'sext_ln37_24' <Predicate = true> <Delay = 0.00>
ST_9 : Operation 160 [1/1] (1.65ns)   --->   "%mul_ln37_9 = mul i12 %sext_ln37_6, i12 %sext_ln36_13" [/home/luka/Scripting/ELEC_498-Capstone-LiteLM/HLS-Verilog/Transformer_logic/src-hls/compute_controller.cpp:37]   --->   Operation 160 'mul' 'mul_ln37_9' <Predicate = true> <Delay = 1.65> <CoreInst = "Multiplier">   --->   Core 3 'Multiplier' <Latency = 0> <II = 1> <Delay = 1.65> <FuncUnit> <Opcode : 'mul'> <InPorts = 2> <OutPorts = 1>
ST_9 : Operation 161 [1/1] (0.00ns)   --->   "%sext_ln37_25 = sext i12 %mul_ln37_9" [/home/luka/Scripting/ELEC_498-Capstone-LiteLM/HLS-Verilog/Transformer_logic/src-hls/compute_controller.cpp:37]   --->   Operation 161 'sext' 'sext_ln37_25' <Predicate = true> <Delay = 0.00>
ST_9 : Operation 162 [1/3] (0.00ns) (grouped into DSP with root node add_ln37_10)   --->   "%mul_ln37_10 = mul i12 %sext_ln37_5, i12 %sext_ln36_12" [/home/luka/Scripting/ELEC_498-Capstone-LiteLM/HLS-Verilog/Transformer_logic/src-hls/compute_controller.cpp:37]   --->   Operation 162 'mul' 'mul_ln37_10' <Predicate = true> <Delay = 0.00> <CoreInst = "DSP48">   --->   Core 124 'DSP48' <Latency = 3> <II = 1> <Delay = 0.53> <IPBlock> <Opcode : 'add' 'sub' 'mul' 'select'> <InPorts = 0> <OutPorts = 1> <Sync> <CReg>
ST_9 : Operation 163 [1/1] (0.00ns) (grouped into DSP with root node add_ln37_10)   --->   "%sext_ln37_26 = sext i12 %mul_ln37_10" [/home/luka/Scripting/ELEC_498-Capstone-LiteLM/HLS-Verilog/Transformer_logic/src-hls/compute_controller.cpp:37]   --->   Operation 163 'sext' 'sext_ln37_26' <Predicate = true> <Delay = 0.00>
ST_9 : Operation 164 [1/1] (1.65ns)   --->   "%mul_ln37_11 = mul i12 %sext_ln37_4, i12 %sext_ln36_11" [/home/luka/Scripting/ELEC_498-Capstone-LiteLM/HLS-Verilog/Transformer_logic/src-hls/compute_controller.cpp:37]   --->   Operation 164 'mul' 'mul_ln37_11' <Predicate = true> <Delay = 1.65> <CoreInst = "Multiplier">   --->   Core 3 'Multiplier' <Latency = 0> <II = 1> <Delay = 1.65> <FuncUnit> <Opcode : 'mul'> <InPorts = 2> <OutPorts = 1>
ST_9 : Operation 165 [1/1] (0.00ns)   --->   "%sext_ln37_27 = sext i12 %mul_ln37_11" [/home/luka/Scripting/ELEC_498-Capstone-LiteLM/HLS-Verilog/Transformer_logic/src-hls/compute_controller.cpp:37]   --->   Operation 165 'sext' 'sext_ln37_27' <Predicate = true> <Delay = 0.00>
ST_9 : Operation 166 [1/2] (0.64ns) (root node of the DSP)   --->   "%add_ln37_7 = add i13 %sext_ln37_31, i13 %sext_ln37_30" [/home/luka/Scripting/ELEC_498-Capstone-LiteLM/HLS-Verilog/Transformer_logic/src-hls/compute_controller.cpp:37]   --->   Operation 166 'add' 'add_ln37_7' <Predicate = true> <Delay = 0.64> <CoreInst = "DSP48">   --->   Core 124 'DSP48' <Latency = 3> <II = 1> <Delay = 0.53> <IPBlock> <Opcode : 'add' 'sub' 'mul' 'select'> <InPorts = 0> <OutPorts = 1> <Sync> <CReg>
ST_9 : Operation 167 [1/1] (0.00ns)   --->   "%sext_ln37_32 = sext i13 %add_ln37_7" [/home/luka/Scripting/ELEC_498-Capstone-LiteLM/HLS-Verilog/Transformer_logic/src-hls/compute_controller.cpp:37]   --->   Operation 167 'sext' 'sext_ln37_32' <Predicate = true> <Delay = 0.00>
ST_9 : Operation 168 [1/2] (0.64ns) (root node of the DSP)   --->   "%add_ln37_8 = add i13 %sext_ln37_29, i13 %sext_ln37_28" [/home/luka/Scripting/ELEC_498-Capstone-LiteLM/HLS-Verilog/Transformer_logic/src-hls/compute_controller.cpp:37]   --->   Operation 168 'add' 'add_ln37_8' <Predicate = true> <Delay = 0.64> <CoreInst = "DSP48">   --->   Core 124 'DSP48' <Latency = 3> <II = 1> <Delay = 0.53> <IPBlock> <Opcode : 'add' 'sub' 'mul' 'select'> <InPorts = 0> <OutPorts = 1> <Sync> <CReg>
ST_9 : Operation 169 [1/1] (0.00ns)   --->   "%sext_ln37_33 = sext i13 %add_ln37_8" [/home/luka/Scripting/ELEC_498-Capstone-LiteLM/HLS-Verilog/Transformer_logic/src-hls/compute_controller.cpp:37]   --->   Operation 169 'sext' 'sext_ln37_33' <Predicate = true> <Delay = 0.00>
ST_9 : Operation 170 [1/1] (0.82ns)   --->   "%add_ln37_9 = add i14 %sext_ln37_33, i14 %sext_ln37_32" [/home/luka/Scripting/ELEC_498-Capstone-LiteLM/HLS-Verilog/Transformer_logic/src-hls/compute_controller.cpp:37]   --->   Operation 170 'add' 'add_ln37_9' <Predicate = true> <Delay = 0.82> <CoreInst = "Adder">   --->   Core 1 'Adder' <Latency = 0> <II = 1> <Delay = 0.82> <FuncUnit> <Opcode : 'add' 'sub'> <InPorts = 2> <OutPorts = 1>
ST_9 : Operation 171 [2/2] (0.64ns) (root node of the DSP)   --->   "%add_ln37_10 = add i13 %sext_ln37_27, i13 %sext_ln37_26" [/home/luka/Scripting/ELEC_498-Capstone-LiteLM/HLS-Verilog/Transformer_logic/src-hls/compute_controller.cpp:37]   --->   Operation 171 'add' 'add_ln37_10' <Predicate = true> <Delay = 0.64> <CoreInst = "DSP48">   --->   Core 124 'DSP48' <Latency = 3> <II = 1> <Delay = 0.53> <IPBlock> <Opcode : 'add' 'sub' 'mul' 'select'> <InPorts = 0> <OutPorts = 1> <Sync> <CReg>
ST_9 : Operation 172 [2/2] (0.64ns) (root node of the DSP)   --->   "%add_ln37_11 = add i13 %sext_ln37_25, i13 %sext_ln37_24" [/home/luka/Scripting/ELEC_498-Capstone-LiteLM/HLS-Verilog/Transformer_logic/src-hls/compute_controller.cpp:37]   --->   Operation 172 'add' 'add_ln37_11' <Predicate = true> <Delay = 0.64> <CoreInst = "DSP48">   --->   Core 124 'DSP48' <Latency = 3> <II = 1> <Delay = 0.53> <IPBlock> <Opcode : 'add' 'sub' 'mul' 'select'> <InPorts = 0> <OutPorts = 1> <Sync> <CReg>

State 10 <SV = 9> <Delay = 2.97>
ST_10 : Operation 173 [1/1] (0.00ns)   --->   "%specinterface_ln0 = specinterface void @_ssdm_op_SpecInterface, i32 %OUT_PROJ_accum, void @empty_1, i32 0, i32 0, void @empty_0, i32 4294967295, i32 0, void @empty_0, void @empty_0, void @empty_0, i32 0, i32 0, i32 0, i32 0, void @empty_0, void @empty_0, i32 4294967295, i32 0, i32 0"   --->   Operation 173 'specinterface' 'specinterface_ln0' <Predicate = true> <Delay = 0.00>
ST_10 : Operation 174 [1/1] (0.00ns)   --->   "%specinterface_ln0 = specinterface void @_ssdm_op_SpecInterface, i4 %OUT_PROJ_valueB, void @empty_1, i32 0, i32 0, void @empty_0, i32 4294967295, i32 0, void @empty_0, void @empty_0, void @empty_0, i32 0, i32 0, i32 0, i32 0, void @empty_0, void @empty_0, i32 4294967295, i32 0, i32 0"   --->   Operation 174 'specinterface' 'specinterface_ln0' <Predicate = true> <Delay = 0.00>
ST_10 : Operation 175 [1/1] (0.00ns)   --->   "%specinterface_ln0 = specinterface void @_ssdm_op_SpecInterface, i8 %OUT_PROJ_valueA, void @empty_1, i32 0, i32 0, void @empty_0, i32 4294967295, i32 0, void @empty_0, void @empty_0, void @empty_0, i32 0, i32 0, i32 0, i32 0, void @empty_0, void @empty_0, i32 4294967295, i32 0, i32 0"   --->   Operation 175 'specinterface' 'specinterface_ln0' <Predicate = true> <Delay = 0.00>
ST_10 : Operation 176 [1/1] (0.00ns)   --->   "%sext_ln37_19 = sext i14 %add_ln37_2" [/home/luka/Scripting/ELEC_498-Capstone-LiteLM/HLS-Verilog/Transformer_logic/src-hls/compute_controller.cpp:37]   --->   Operation 176 'sext' 'sext_ln37_19' <Predicate = true> <Delay = 0.00>
ST_10 : Operation 177 [1/2] (0.64ns) (root node of the DSP)   --->   "%add_ln37_3 = add i13 %sext_ln37_12, i13 %sext_ln37_11" [/home/luka/Scripting/ELEC_498-Capstone-LiteLM/HLS-Verilog/Transformer_logic/src-hls/compute_controller.cpp:37]   --->   Operation 177 'add' 'add_ln37_3' <Predicate = true> <Delay = 0.64> <CoreInst = "DSP48">   --->   Core 124 'DSP48' <Latency = 3> <II = 1> <Delay = 0.53> <IPBlock> <Opcode : 'add' 'sub' 'mul' 'select'> <InPorts = 0> <OutPorts = 1> <Sync> <CReg>
ST_10 : Operation 178 [1/1] (0.00ns)   --->   "%sext_ln37_20 = sext i13 %add_ln37_3" [/home/luka/Scripting/ELEC_498-Capstone-LiteLM/HLS-Verilog/Transformer_logic/src-hls/compute_controller.cpp:37]   --->   Operation 178 'sext' 'sext_ln37_20' <Predicate = true> <Delay = 0.00>
ST_10 : Operation 179 [1/2] (0.64ns) (root node of the DSP)   --->   "%add_ln37_4 = add i13 %sext_ln37_10, i13 %sext_ln37_9" [/home/luka/Scripting/ELEC_498-Capstone-LiteLM/HLS-Verilog/Transformer_logic/src-hls/compute_controller.cpp:37]   --->   Operation 179 'add' 'add_ln37_4' <Predicate = true> <Delay = 0.64> <CoreInst = "DSP48">   --->   Core 124 'DSP48' <Latency = 3> <II = 1> <Delay = 0.53> <IPBlock> <Opcode : 'add' 'sub' 'mul' 'select'> <InPorts = 0> <OutPorts = 1> <Sync> <CReg>
ST_10 : Operation 180 [1/1] (0.00ns)   --->   "%sext_ln37_21 = sext i13 %add_ln37_4" [/home/luka/Scripting/ELEC_498-Capstone-LiteLM/HLS-Verilog/Transformer_logic/src-hls/compute_controller.cpp:37]   --->   Operation 180 'sext' 'sext_ln37_21' <Predicate = true> <Delay = 0.00>
ST_10 : Operation 181 [1/1] (0.82ns)   --->   "%add_ln37_5 = add i14 %sext_ln37_21, i14 %sext_ln37_20" [/home/luka/Scripting/ELEC_498-Capstone-LiteLM/HLS-Verilog/Transformer_logic/src-hls/compute_controller.cpp:37]   --->   Operation 181 'add' 'add_ln37_5' <Predicate = true> <Delay = 0.82> <CoreInst = "Adder">   --->   Core 1 'Adder' <Latency = 0> <II = 1> <Delay = 0.82> <FuncUnit> <Opcode : 'add' 'sub'> <InPorts = 2> <OutPorts = 1>
ST_10 : Operation 182 [1/1] (0.00ns)   --->   "%sext_ln37_22 = sext i14 %add_ln37_5" [/home/luka/Scripting/ELEC_498-Capstone-LiteLM/HLS-Verilog/Transformer_logic/src-hls/compute_controller.cpp:37]   --->   Operation 182 'sext' 'sext_ln37_22' <Predicate = true> <Delay = 0.00>
ST_10 : Operation 183 [1/1] (0.83ns)   --->   "%acc = add i15 %sext_ln37_22, i15 %sext_ln37_19" [/home/luka/Scripting/ELEC_498-Capstone-LiteLM/HLS-Verilog/Transformer_logic/src-hls/compute_controller.cpp:37]   --->   Operation 183 'add' 'acc' <Predicate = true> <Delay = 0.83> <CoreInst = "Adder">   --->   Core 1 'Adder' <Latency = 0> <II = 1> <Delay = 0.83> <FuncUnit> <Opcode : 'add' 'sub'> <InPorts = 2> <OutPorts = 1>
ST_10 : Operation 184 [1/1] (0.00ns)   --->   "%sext_ln33 = sext i15 %acc" [/home/luka/Scripting/ELEC_498-Capstone-LiteLM/HLS-Verilog/Transformer_logic/src-hls/compute_controller.cpp:33]   --->   Operation 184 'sext' 'sext_ln33' <Predicate = true> <Delay = 0.00>
ST_10 : Operation 185 [1/1] (0.00ns)   --->   "%OUT_PROJ_accum_addr = getelementptr i32 %OUT_PROJ_accum, i64 0, i64 0" [/home/luka/Scripting/ELEC_498-Capstone-LiteLM/HLS-Verilog/Transformer_logic/src-hls/compute_controller.cpp:39]   --->   Operation 185 'getelementptr' 'OUT_PROJ_accum_addr' <Predicate = true> <Delay = 0.00>
ST_10 : Operation 186 [1/1] ( I:0.67ns O:0.67ns )   --->   "%store_ln39 = store i32 %sext_ln33, i1 %OUT_PROJ_accum_addr" [/home/luka/Scripting/ELEC_498-Capstone-LiteLM/HLS-Verilog/Transformer_logic/src-hls/compute_controller.cpp:39]   --->   Operation 186 'store' 'store_ln39' <Predicate = true> <Delay = 0.67> <CoreInst = "RAM">   --->   Core 82 'RAM' <Latency = 1> <II = 1> <Delay = 0.67> <Storage> <Opcode : 'load' 'store'> <Ports = 2> <Width = 32> <Depth = 2> <RAM>
ST_10 : Operation 187 [1/1] (0.00ns)   --->   "%sext_ln37_34 = sext i14 %add_ln37_9" [/home/luka/Scripting/ELEC_498-Capstone-LiteLM/HLS-Verilog/Transformer_logic/src-hls/compute_controller.cpp:37]   --->   Operation 187 'sext' 'sext_ln37_34' <Predicate = true> <Delay = 0.00>
ST_10 : Operation 188 [1/2] (0.64ns) (root node of the DSP)   --->   "%add_ln37_10 = add i13 %sext_ln37_27, i13 %sext_ln37_26" [/home/luka/Scripting/ELEC_498-Capstone-LiteLM/HLS-Verilog/Transformer_logic/src-hls/compute_controller.cpp:37]   --->   Operation 188 'add' 'add_ln37_10' <Predicate = true> <Delay = 0.64> <CoreInst = "DSP48">   --->   Core 124 'DSP48' <Latency = 3> <II = 1> <Delay = 0.53> <IPBlock> <Opcode : 'add' 'sub' 'mul' 'select'> <InPorts = 0> <OutPorts = 1> <Sync> <CReg>
ST_10 : Operation 189 [1/1] (0.00ns)   --->   "%sext_ln37_35 = sext i13 %add_ln37_10" [/home/luka/Scripting/ELEC_498-Capstone-LiteLM/HLS-Verilog/Transformer_logic/src-hls/compute_controller.cpp:37]   --->   Operation 189 'sext' 'sext_ln37_35' <Predicate = true> <Delay = 0.00>
ST_10 : Operation 190 [1/2] (0.64ns) (root node of the DSP)   --->   "%add_ln37_11 = add i13 %sext_ln37_25, i13 %sext_ln37_24" [/home/luka/Scripting/ELEC_498-Capstone-LiteLM/HLS-Verilog/Transformer_logic/src-hls/compute_controller.cpp:37]   --->   Operation 190 'add' 'add_ln37_11' <Predicate = true> <Delay = 0.64> <CoreInst = "DSP48">   --->   Core 124 'DSP48' <Latency = 3> <II = 1> <Delay = 0.53> <IPBlock> <Opcode : 'add' 'sub' 'mul' 'select'> <InPorts = 0> <OutPorts = 1> <Sync> <CReg>
ST_10 : Operation 191 [1/1] (0.00ns)   --->   "%sext_ln37_36 = sext i13 %add_ln37_11" [/home/luka/Scripting/ELEC_498-Capstone-LiteLM/HLS-Verilog/Transformer_logic/src-hls/compute_controller.cpp:37]   --->   Operation 191 'sext' 'sext_ln37_36' <Predicate = true> <Delay = 0.00>
ST_10 : Operation 192 [1/1] (0.82ns)   --->   "%add_ln37_12 = add i14 %sext_ln37_36, i14 %sext_ln37_35" [/home/luka/Scripting/ELEC_498-Capstone-LiteLM/HLS-Verilog/Transformer_logic/src-hls/compute_controller.cpp:37]   --->   Operation 192 'add' 'add_ln37_12' <Predicate = true> <Delay = 0.82> <CoreInst = "Adder">   --->   Core 1 'Adder' <Latency = 0> <II = 1> <Delay = 0.82> <FuncUnit> <Opcode : 'add' 'sub'> <InPorts = 2> <OutPorts = 1>
ST_10 : Operation 193 [1/1] (0.00ns)   --->   "%sext_ln37_37 = sext i14 %add_ln37_12" [/home/luka/Scripting/ELEC_498-Capstone-LiteLM/HLS-Verilog/Transformer_logic/src-hls/compute_controller.cpp:37]   --->   Operation 193 'sext' 'sext_ln37_37' <Predicate = true> <Delay = 0.00>
ST_10 : Operation 194 [1/1] (0.83ns)   --->   "%acc_1 = add i15 %sext_ln37_37, i15 %sext_ln37_34" [/home/luka/Scripting/ELEC_498-Capstone-LiteLM/HLS-Verilog/Transformer_logic/src-hls/compute_controller.cpp:37]   --->   Operation 194 'add' 'acc_1' <Predicate = true> <Delay = 0.83> <CoreInst = "Adder">   --->   Core 1 'Adder' <Latency = 0> <II = 1> <Delay = 0.83> <FuncUnit> <Opcode : 'add' 'sub'> <InPorts = 2> <OutPorts = 1>
ST_10 : Operation 195 [1/1] (0.00ns)   --->   "%sext_ln33_1 = sext i15 %acc_1" [/home/luka/Scripting/ELEC_498-Capstone-LiteLM/HLS-Verilog/Transformer_logic/src-hls/compute_controller.cpp:33]   --->   Operation 195 'sext' 'sext_ln33_1' <Predicate = true> <Delay = 0.00>
ST_10 : Operation 196 [1/1] (0.00ns)   --->   "%OUT_PROJ_accum_addr_1 = getelementptr i32 %OUT_PROJ_accum, i64 0, i64 1" [/home/luka/Scripting/ELEC_498-Capstone-LiteLM/HLS-Verilog/Transformer_logic/src-hls/compute_controller.cpp:39]   --->   Operation 196 'getelementptr' 'OUT_PROJ_accum_addr_1' <Predicate = true> <Delay = 0.00>
ST_10 : Operation 197 [1/1] ( I:0.67ns O:0.67ns )   --->   "%store_ln39 = store i32 %sext_ln33_1, i1 %OUT_PROJ_accum_addr_1" [/home/luka/Scripting/ELEC_498-Capstone-LiteLM/HLS-Verilog/Transformer_logic/src-hls/compute_controller.cpp:39]   --->   Operation 197 'store' 'store_ln39' <Predicate = true> <Delay = 0.67> <CoreInst = "RAM">   --->   Core 82 'RAM' <Latency = 1> <II = 1> <Delay = 0.67> <Storage> <Opcode : 'load' 'store'> <Ports = 2> <Width = 32> <Depth = 2> <RAM>
ST_10 : Operation 198 [1/1] (0.00ns)   --->   "%ret_ln41 = ret" [/home/luka/Scripting/ELEC_498-Capstone-LiteLM/HLS-Verilog/Transformer_logic/src-hls/compute_controller.cpp:41]   --->   Operation 198 'ret' 'ret_ln41' <Predicate = true> <Delay = 0.00>


============================================================
+ Verbose Summary: Timing violations
============================================================
Target clock period: 10.000ns, clock uncertainty: 2.700ns.

 <State 1>: 0.677ns
The critical path consists of the following:
	'getelementptr' operation 4 bit ('OUT_PROJ_valueB_addr', /home/luka/Scripting/ELEC_498-Capstone-LiteLM/HLS-Verilog/Transformer_logic/src-hls/compute_controller.cpp:36) [7]  (0.000 ns)
	'load' operation 4 bit ('w', /home/luka/Scripting/ELEC_498-Capstone-LiteLM/HLS-Verilog/Transformer_logic/src-hls/compute_controller.cpp:36) on array 'OUT_PROJ_valueB' [8]  (0.677 ns)

 <State 2>: 0.677ns
The critical path consists of the following:
	'load' operation 4 bit ('w', /home/luka/Scripting/ELEC_498-Capstone-LiteLM/HLS-Verilog/Transformer_logic/src-hls/compute_controller.cpp:36) on array 'OUT_PROJ_valueB' [8]  (0.677 ns)

 <State 3>: 0.677ns
The critical path consists of the following:
	'load' operation 4 bit ('w', /home/luka/Scripting/ELEC_498-Capstone-LiteLM/HLS-Verilog/Transformer_logic/src-hls/compute_controller.cpp:36) on array 'OUT_PROJ_valueB' [38]  (0.677 ns)

 <State 4>: 0.677ns
The critical path consists of the following:
	'load' operation 4 bit ('w', /home/luka/Scripting/ELEC_498-Capstone-LiteLM/HLS-Verilog/Transformer_logic/src-hls/compute_controller.cpp:36) on array 'OUT_PROJ_valueB' [88]  (0.677 ns)

 <State 5>: 0.677ns
The critical path consists of the following:
	'getelementptr' operation 3 bit ('OUT_PROJ_valueA_addr', /home/luka/Scripting/ELEC_498-Capstone-LiteLM/HLS-Verilog/Transformer_logic/src-hls/compute_controller.cpp:37) [9]  (0.000 ns)
	'load' operation 8 bit ('OUT_PROJ_valueA_load', /home/luka/Scripting/ELEC_498-Capstone-LiteLM/HLS-Verilog/Transformer_logic/src-hls/compute_controller.cpp:37) on array 'OUT_PROJ_valueA' [10]  (0.677 ns)

 <State 6>: 1.673ns
The critical path consists of the following:
	'load' operation 8 bit ('OUT_PROJ_valueA_load_3', /home/luka/Scripting/ELEC_498-Capstone-LiteLM/HLS-Verilog/Transformer_logic/src-hls/compute_controller.cpp:37) on array 'OUT_PROJ_valueA' [28]  (0.677 ns)
	'mul' operation 12 bit of DSP[73] ('mul_ln37_4', /home/luka/Scripting/ELEC_498-Capstone-LiteLM/HLS-Verilog/Transformer_logic/src-hls/compute_controller.cpp:37) [63]  (0.996 ns)

 <State 7>: 1.673ns
The critical path consists of the following:
	'load' operation 8 bit ('OUT_PROJ_valueA_load_7', /home/luka/Scripting/ELEC_498-Capstone-LiteLM/HLS-Verilog/Transformer_logic/src-hls/compute_controller.cpp:37) on array 'OUT_PROJ_valueA' [52]  (0.677 ns)
	'mul' operation 12 bit of DSP[79] ('mul_ln37', /home/luka/Scripting/ELEC_498-Capstone-LiteLM/HLS-Verilog/Transformer_logic/src-hls/compute_controller.cpp:37) [55]  (0.996 ns)

 <State 8>: 2.972ns
The critical path consists of the following:
	'load' operation 8 bit ('OUT_PROJ_valueA_load_1', /home/luka/Scripting/ELEC_498-Capstone-LiteLM/HLS-Verilog/Transformer_logic/src-hls/compute_controller.cpp:37) on array 'OUT_PROJ_valueA' [16]  (0.677 ns)
	'mul' operation 12 bit ('mul_ln37_7', /home/luka/Scripting/ELEC_498-Capstone-LiteLM/HLS-Verilog/Transformer_logic/src-hls/compute_controller.cpp:37) [69]  (1.650 ns)
	'add' operation 13 bit of DSP[71] ('add_ln37', /home/luka/Scripting/ELEC_498-Capstone-LiteLM/HLS-Verilog/Transformer_logic/src-hls/compute_controller.cpp:37) [71]  (0.645 ns)

 <State 9>: 2.972ns
The critical path consists of the following:
	'load' operation 8 bit ('OUT_PROJ_valueA_load_4', /home/luka/Scripting/ELEC_498-Capstone-LiteLM/HLS-Verilog/Transformer_logic/src-hls/compute_controller.cpp:37) on array 'OUT_PROJ_valueA' [34]  (0.677 ns)
	'mul' operation 12 bit ('mul_ln37_3', /home/luka/Scripting/ELEC_498-Capstone-LiteLM/HLS-Verilog/Transformer_logic/src-hls/compute_controller.cpp:37) [61]  (1.650 ns)
	'add' operation 13 bit of DSP[77] ('add_ln37_3', /home/luka/Scripting/ELEC_498-Capstone-LiteLM/HLS-Verilog/Transformer_logic/src-hls/compute_controller.cpp:37) [77]  (0.645 ns)

 <State 10>: 2.973ns
The critical path consists of the following:
	'add' operation 13 bit of DSP[77] ('add_ln37_3', /home/luka/Scripting/ELEC_498-Capstone-LiteLM/HLS-Verilog/Transformer_logic/src-hls/compute_controller.cpp:37) [77]  (0.645 ns)
	'add' operation 14 bit ('add_ln37_5', /home/luka/Scripting/ELEC_498-Capstone-LiteLM/HLS-Verilog/Transformer_logic/src-hls/compute_controller.cpp:37) [81]  (0.820 ns)
	'add' operation 15 bit ('acc', /home/luka/Scripting/ELEC_498-Capstone-LiteLM/HLS-Verilog/Transformer_logic/src-hls/compute_controller.cpp:37) [83]  (0.831 ns)
	'store' operation 0 bit ('store_ln39', /home/luka/Scripting/ELEC_498-Capstone-LiteLM/HLS-Verilog/Transformer_logic/src-hls/compute_controller.cpp:39) of variable 'sext_ln33', /home/luka/Scripting/ELEC_498-Capstone-LiteLM/HLS-Verilog/Transformer_logic/src-hls/compute_controller.cpp:33 on array 'OUT_PROJ_accum' [86]  (0.677 ns)


============================================================
+ Verbose Summary: Binding
============================================================
N/A
* FSMD analyzer results:
  - Output states:
 - Input state : 
  - Chain level:
	State 1
	State 2
	State 3
	State 4
	State 5
	State 6
	State 7
	State 8
	State 9
	State 10


============================================================
+ Verbose Summary: Datapath Resource usage 
============================================================
N/A
