

================================================================
== Vitis HLS Report for 'REQUANT_D_MODEL_int32_to_int8'
================================================================
* Date:           Sat Jan 17 19:38:43 2026

* Version:        2025.1 (Build 6135595 on May 21 2025)
* Project:        compute_controller
* Solution:       hls (Vivado IP Flow Target)
* Product family: zynquplus
* Target device:  xck26-sfvc784-2LV-c


================================================================
== Performance Estimates
================================================================
+ Timing: 
    * Summary: 
    +--------+----------+----------+------------+
    |  Clock |  Target  | Estimated| Uncertainty|
    +--------+----------+----------+------------+
    |ap_clk  |  10.00 ns|  6.718 ns|     2.70 ns|
    +--------+----------+----------+------------+

+ Latency: 
    * Summary: 
    +---------+---------+-----------+-----------+-----+-----+---------+
    |  Latency (cycles) |   Latency (absolute)  |  Interval | Pipeline|
    |   min   |   max   |    min    |    max    | min | max |   Type  |
    +---------+---------+-----------+-----------+-----+-----+---------+
    |        5|        5|  50.000 ns|  50.000 ns|    5|    5|       no|
    +---------+---------+-----------+-----------+-----+-----+---------+

    + Detail: 
        * Instance: 
        N/A

        * Loop: 
        N/A

============================================================
+ Verbose Summary: Synthesis Manager
============================================================
InlineROM: 1
ExposeGlobal: 0
============================================================
+ Verbose Summary: CDFG Model
============================================================
IsTopModel: 0
ResetActiveHigh: 1
IsCombinational: 0
IsDatapathOnly: 0
HasWiredReturn: 1
HasMFsm: 0
HasVarLatency: 1
IsPipeline: 0
IsRtlPipelined: 0
IsInstanceOverlapped: 0
IsDontTouch: 0
HasImplIP: 0
IsGatedGlobalClock: 0


============================================================
+ Verbose Summary: Schedule
============================================================
* Number of FSM states : 6
* Pipeline : 0
* Dataflow Pipeline: 0

* FSM state transitions: 
1 --> 2 
2 --> 3 
3 --> 4 
4 --> 5 
5 --> 6 
6 --> 

* FSM state operations: 

State 1 <SV = 0> <Delay = 0.67>
ST_1 : Operation 7 [1/1] (0.00ns)   --->   "%requant_activation_addr = getelementptr i32 %requant_activation, i64 0, i64 0" [/home/luka/Scripting/ELEC_498-Capstone-LiteLM/HLS-Verilog/Transformer_logic/src-hls/compute_controller.cpp:51]   --->   Operation 7 'getelementptr' 'requant_activation_addr' <Predicate = true> <Delay = 0.00>
ST_1 : Operation 8 [2/2] (0.67ns)   --->   "%requant_activation_load = load i3 %requant_activation_addr" [/home/luka/Scripting/ELEC_498-Capstone-LiteLM/HLS-Verilog/Transformer_logic/src-hls/compute_controller.cpp:51]   --->   Operation 8 'load' 'requant_activation_load' <Predicate = true> <Delay = 0.67> <CoreInst = "RAM">   --->   Core 82 'RAM' <Latency = 1> <II = 1> <Delay = 0.67> <Storage> <Opcode : 'load' 'store'> <Ports = 2> <Width = 32> <Depth = 8> <RAM>
ST_1 : Operation 9 [1/1] (0.00ns)   --->   "%requant_activation_addr_1 = getelementptr i32 %requant_activation, i64 0, i64 1" [/home/luka/Scripting/ELEC_498-Capstone-LiteLM/HLS-Verilog/Transformer_logic/src-hls/compute_controller.cpp:51]   --->   Operation 9 'getelementptr' 'requant_activation_addr_1' <Predicate = true> <Delay = 0.00>
ST_1 : Operation 10 [2/2] (0.67ns)   --->   "%requant_activation_load_1 = load i3 %requant_activation_addr_1" [/home/luka/Scripting/ELEC_498-Capstone-LiteLM/HLS-Verilog/Transformer_logic/src-hls/compute_controller.cpp:51]   --->   Operation 10 'load' 'requant_activation_load_1' <Predicate = true> <Delay = 0.67> <CoreInst = "RAM">   --->   Core 82 'RAM' <Latency = 1> <II = 1> <Delay = 0.67> <Storage> <Opcode : 'load' 'store'> <Ports = 2> <Width = 32> <Depth = 8> <RAM>

State 2 <SV = 1> <Delay = 6.71>
ST_2 : Operation 11 [1/1] (0.00ns)   --->   "%n_read = read i32 @_ssdm_op_Read.ap_auto.i32, i32 %n" [/home/luka/Scripting/ELEC_498-Capstone-LiteLM/HLS-Verilog/Transformer_logic/src-hls/compute_controller.cpp:38]   --->   Operation 11 'read' 'n_read' <Predicate = true> <Delay = 0.00>
ST_2 : Operation 12 [1/1] (0.00ns)   --->   "%M_read = read i32 @_ssdm_op_Read.ap_auto.i32, i32 %M" [/home/luka/Scripting/ELEC_498-Capstone-LiteLM/HLS-Verilog/Transformer_logic/src-hls/compute_controller.cpp:38]   --->   Operation 12 'read' 'M_read' <Predicate = true> <Delay = 0.00>
ST_2 : Operation 13 [1/1] (0.00ns)   --->   "%conv1 = sext i32 %M_read" [/home/luka/Scripting/ELEC_498-Capstone-LiteLM/HLS-Verilog/Transformer_logic/src-hls/compute_controller.cpp:38]   --->   Operation 13 'sext' 'conv1' <Predicate = true> <Delay = 0.00>
ST_2 : Operation 14 [1/1] (1.01ns)   --->   "%sub = add i32 %n_read, i32 4294967295" [/home/luka/Scripting/ELEC_498-Capstone-LiteLM/HLS-Verilog/Transformer_logic/src-hls/compute_controller.cpp:38]   --->   Operation 14 'add' 'sub' <Predicate = true> <Delay = 1.01> <CoreInst = "Adder">   --->   Core 1 'Adder' <Latency = 0> <II = 1> <Delay = 1.01> <FuncUnit> <Opcode : 'add' 'sub'> <InPorts = 2> <OutPorts = 1>
ST_2 : Operation 15 [1/1] (0.00ns)   --->   "%sh_prom = zext i32 %sub" [/home/luka/Scripting/ELEC_498-Capstone-LiteLM/HLS-Verilog/Transformer_logic/src-hls/compute_controller.cpp:38]   --->   Operation 15 'zext' 'sh_prom' <Predicate = true> <Delay = 0.00>
ST_2 : Operation 16 [1/1] (1.38ns)   --->   "%rounded = shl i64 1, i64 %sh_prom" [/home/luka/Scripting/ELEC_498-Capstone-LiteLM/HLS-Verilog/Transformer_logic/src-hls/compute_controller.cpp:38]   --->   Operation 16 'shl' 'rounded' <Predicate = true> <Delay = 1.38> <CoreInst = "Shifter">   --->   Core 75 'Shifter' <Latency = 0> <II = 1> <Delay = 1.38> <FuncUnit> <Opcode : 'shl' 'lshr' 'ashr'> <InPorts = 2> <OutPorts = 1>
ST_2 : Operation 17 [1/1] (0.00ns)   --->   "%sh_prom2 = zext i32 %n_read" [/home/luka/Scripting/ELEC_498-Capstone-LiteLM/HLS-Verilog/Transformer_logic/src-hls/compute_controller.cpp:38]   --->   Operation 17 'zext' 'sh_prom2' <Predicate = true> <Delay = 0.00>
ST_2 : Operation 18 [1/2] ( I:0.67ns O:0.67ns )   --->   "%requant_activation_load = load i3 %requant_activation_addr" [/home/luka/Scripting/ELEC_498-Capstone-LiteLM/HLS-Verilog/Transformer_logic/src-hls/compute_controller.cpp:51]   --->   Operation 18 'load' 'requant_activation_load' <Predicate = true> <Delay = 0.67> <CoreInst = "RAM">   --->   Core 82 'RAM' <Latency = 1> <II = 1> <Delay = 0.67> <Storage> <Opcode : 'load' 'store'> <Ports = 2> <Width = 32> <Depth = 8> <RAM>
ST_2 : Operation 19 [1/1] (0.00ns)   --->   "%sext_ln51 = sext i32 %requant_activation_load" [/home/luka/Scripting/ELEC_498-Capstone-LiteLM/HLS-Verilog/Transformer_logic/src-hls/compute_controller.cpp:51]   --->   Operation 19 'sext' 'sext_ln51' <Predicate = true> <Delay = 0.00>
ST_2 : Operation 20 [1/1] (3.42ns)   --->   "%product = mul i64 %sext_ln51, i64 %conv1" [/home/luka/Scripting/ELEC_498-Capstone-LiteLM/HLS-Verilog/Transformer_logic/src-hls/compute_controller.cpp:51]   --->   Operation 20 'mul' 'product' <Predicate = true> <Delay = 3.42> <CoreInst = "Multiplier">   --->   Core 3 'Multiplier' <Latency = 0> <II = 1> <Delay = 3.42> <FuncUnit> <Opcode : 'mul'> <InPorts = 2> <OutPorts = 1>
ST_2 : Operation 21 [1/1] (1.08ns)   --->   "%add_ln53 = add i64 %product, i64 %rounded" [/home/luka/Scripting/ELEC_498-Capstone-LiteLM/HLS-Verilog/Transformer_logic/src-hls/compute_controller.cpp:53]   --->   Operation 21 'add' 'add_ln53' <Predicate = true> <Delay = 1.08> <CoreInst = "Adder">   --->   Core 1 'Adder' <Latency = 0> <II = 1> <Delay = 1.08> <FuncUnit> <Opcode : 'add' 'sub'> <InPorts = 2> <OutPorts = 1>
ST_2 : Operation 22 [1/1] (1.53ns)   --->   "%ashr_ln53 = ashr i64 %add_ln53, i64 %sh_prom2" [/home/luka/Scripting/ELEC_498-Capstone-LiteLM/HLS-Verilog/Transformer_logic/src-hls/compute_controller.cpp:53]   --->   Operation 22 'ashr' 'ashr_ln53' <Predicate = true> <Delay = 1.53> <CoreInst = "Shifter">   --->   Core 75 'Shifter' <Latency = 0> <II = 1> <Delay = 1.53> <FuncUnit> <Opcode : 'shl' 'lshr' 'ashr'> <InPorts = 2> <OutPorts = 1>
ST_2 : Operation 23 [1/1] (0.00ns)   --->   "%scaled = trunc i64 %ashr_ln53" [/home/luka/Scripting/ELEC_498-Capstone-LiteLM/HLS-Verilog/Transformer_logic/src-hls/compute_controller.cpp:53]   --->   Operation 23 'trunc' 'scaled' <Predicate = true> <Delay = 0.00>
ST_2 : Operation 24 [1/2] ( I:0.67ns O:0.67ns )   --->   "%requant_activation_load_1 = load i3 %requant_activation_addr_1" [/home/luka/Scripting/ELEC_498-Capstone-LiteLM/HLS-Verilog/Transformer_logic/src-hls/compute_controller.cpp:51]   --->   Operation 24 'load' 'requant_activation_load_1' <Predicate = true> <Delay = 0.67> <CoreInst = "RAM">   --->   Core 82 'RAM' <Latency = 1> <II = 1> <Delay = 0.67> <Storage> <Opcode : 'load' 'store'> <Ports = 2> <Width = 32> <Depth = 8> <RAM>
ST_2 : Operation 25 [1/1] (0.00ns)   --->   "%sext_ln51_1 = sext i32 %requant_activation_load_1" [/home/luka/Scripting/ELEC_498-Capstone-LiteLM/HLS-Verilog/Transformer_logic/src-hls/compute_controller.cpp:51]   --->   Operation 25 'sext' 'sext_ln51_1' <Predicate = true> <Delay = 0.00>
ST_2 : Operation 26 [1/1] (3.42ns)   --->   "%product_1 = mul i64 %sext_ln51_1, i64 %conv1" [/home/luka/Scripting/ELEC_498-Capstone-LiteLM/HLS-Verilog/Transformer_logic/src-hls/compute_controller.cpp:51]   --->   Operation 26 'mul' 'product_1' <Predicate = true> <Delay = 3.42> <CoreInst = "Multiplier">   --->   Core 3 'Multiplier' <Latency = 0> <II = 1> <Delay = 3.42> <FuncUnit> <Opcode : 'mul'> <InPorts = 2> <OutPorts = 1>
ST_2 : Operation 27 [1/1] (1.08ns)   --->   "%add_ln53_1 = add i64 %product_1, i64 %rounded" [/home/luka/Scripting/ELEC_498-Capstone-LiteLM/HLS-Verilog/Transformer_logic/src-hls/compute_controller.cpp:53]   --->   Operation 27 'add' 'add_ln53_1' <Predicate = true> <Delay = 1.08> <CoreInst = "Adder">   --->   Core 1 'Adder' <Latency = 0> <II = 1> <Delay = 1.08> <FuncUnit> <Opcode : 'add' 'sub'> <InPorts = 2> <OutPorts = 1>
ST_2 : Operation 28 [1/1] (1.53ns)   --->   "%ashr_ln53_1 = ashr i64 %add_ln53_1, i64 %sh_prom2" [/home/luka/Scripting/ELEC_498-Capstone-LiteLM/HLS-Verilog/Transformer_logic/src-hls/compute_controller.cpp:53]   --->   Operation 28 'ashr' 'ashr_ln53_1' <Predicate = true> <Delay = 1.53> <CoreInst = "Shifter">   --->   Core 75 'Shifter' <Latency = 0> <II = 1> <Delay = 1.53> <FuncUnit> <Opcode : 'shl' 'lshr' 'ashr'> <InPorts = 2> <OutPorts = 1>
ST_2 : Operation 29 [1/1] (0.00ns)   --->   "%scaled_1 = trunc i64 %ashr_ln53_1" [/home/luka/Scripting/ELEC_498-Capstone-LiteLM/HLS-Verilog/Transformer_logic/src-hls/compute_controller.cpp:53]   --->   Operation 29 'trunc' 'scaled_1' <Predicate = true> <Delay = 0.00>
ST_2 : Operation 30 [1/1] (0.00ns)   --->   "%requant_activation_addr_2 = getelementptr i32 %requant_activation, i64 0, i64 2" [/home/luka/Scripting/ELEC_498-Capstone-LiteLM/HLS-Verilog/Transformer_logic/src-hls/compute_controller.cpp:51]   --->   Operation 30 'getelementptr' 'requant_activation_addr_2' <Predicate = true> <Delay = 0.00>
ST_2 : Operation 31 [2/2] (0.67ns)   --->   "%requant_activation_load_2 = load i3 %requant_activation_addr_2" [/home/luka/Scripting/ELEC_498-Capstone-LiteLM/HLS-Verilog/Transformer_logic/src-hls/compute_controller.cpp:51]   --->   Operation 31 'load' 'requant_activation_load_2' <Predicate = true> <Delay = 0.67> <CoreInst = "RAM">   --->   Core 82 'RAM' <Latency = 1> <II = 1> <Delay = 0.67> <Storage> <Opcode : 'load' 'store'> <Ports = 2> <Width = 32> <Depth = 8> <RAM>
ST_2 : Operation 32 [1/1] (0.00ns)   --->   "%requant_activation_addr_3 = getelementptr i32 %requant_activation, i64 0, i64 3" [/home/luka/Scripting/ELEC_498-Capstone-LiteLM/HLS-Verilog/Transformer_logic/src-hls/compute_controller.cpp:51]   --->   Operation 32 'getelementptr' 'requant_activation_addr_3' <Predicate = true> <Delay = 0.00>
ST_2 : Operation 33 [2/2] (0.67ns)   --->   "%requant_activation_load_3 = load i3 %requant_activation_addr_3" [/home/luka/Scripting/ELEC_498-Capstone-LiteLM/HLS-Verilog/Transformer_logic/src-hls/compute_controller.cpp:51]   --->   Operation 33 'load' 'requant_activation_load_3' <Predicate = true> <Delay = 0.67> <CoreInst = "RAM">   --->   Core 82 'RAM' <Latency = 1> <II = 1> <Delay = 0.67> <Storage> <Opcode : 'load' 'store'> <Ports = 2> <Width = 32> <Depth = 8> <RAM>

State 3 <SV = 2> <Delay = 6.71>
ST_3 : Operation 34 [1/1] (0.00ns)   --->   "%z_out_read = read i32 @_ssdm_op_Read.ap_auto.i32, i32 %z_out" [/home/luka/Scripting/ELEC_498-Capstone-LiteLM/HLS-Verilog/Transformer_logic/src-hls/compute_controller.cpp:38]   --->   Operation 34 'read' 'z_out_read' <Predicate = true> <Delay = 0.00>
ST_3 : Operation 35 [1/1] (1.01ns)   --->   "%shifted = add i32 %scaled, i32 %z_out_read" [/home/luka/Scripting/ELEC_498-Capstone-LiteLM/HLS-Verilog/Transformer_logic/src-hls/compute_controller.cpp:54]   --->   Operation 35 'add' 'shifted' <Predicate = true> <Delay = 1.01> <CoreInst = "Adder">   --->   Core 1 'Adder' <Latency = 0> <II = 1> <Delay = 1.01> <FuncUnit> <Opcode : 'add' 'sub'> <InPorts = 2> <OutPorts = 1>
ST_3 : Operation 36 [1/1] (0.00ns)   --->   "%tmp = partselect i25 @_ssdm_op_PartSelect.i25.i32.i32.i32, i32 %shifted, i32 7, i32 31" [/home/luka/Scripting/ELEC_498-Capstone-LiteLM/HLS-Verilog/Transformer_logic/src-hls/compute_controller.cpp:56]   --->   Operation 36 'partselect' 'tmp' <Predicate = true> <Delay = 0.00>
ST_3 : Operation 37 [1/1] (0.94ns)   --->   "%icmp_ln56 = icmp_sgt  i25 %tmp, i25 0" [/home/luka/Scripting/ELEC_498-Capstone-LiteLM/HLS-Verilog/Transformer_logic/src-hls/compute_controller.cpp:56]   --->   Operation 37 'icmp' 'icmp_ln56' <Predicate = true> <Delay = 0.94> <CoreInst = "Cmp">   --->   Core 9 'Cmp' <Latency = 0> <II = 1> <Delay = 0.94> <FuncUnit> <Opcode : 'seteq' 'setne' 'setle' 'setge' 'setlt' 'setgt'> <InPorts = 2> <OutPorts = 1>
ST_3 : Operation 38 [1/1] (1.01ns)   --->   "%icmp_ln58 = icmp_slt  i32 %shifted, i32 4294967168" [/home/luka/Scripting/ELEC_498-Capstone-LiteLM/HLS-Verilog/Transformer_logic/src-hls/compute_controller.cpp:58]   --->   Operation 38 'icmp' 'icmp_ln58' <Predicate = true> <Delay = 1.01> <CoreInst = "Cmp">   --->   Core 9 'Cmp' <Latency = 0> <II = 1> <Delay = 1.01> <FuncUnit> <Opcode : 'seteq' 'setne' 'setle' 'setge' 'setlt' 'setgt'> <InPorts = 2> <OutPorts = 1>
ST_3 : Operation 39 [1/1] (0.00ns) (grouped into LUT with out node select_ln56)   --->   "%trunc_ln61 = trunc i32 %shifted" [/home/luka/Scripting/ELEC_498-Capstone-LiteLM/HLS-Verilog/Transformer_logic/src-hls/compute_controller.cpp:61]   --->   Operation 39 'trunc' 'trunc_ln61' <Predicate = true> <Delay = 0.00>
ST_3 : Operation 40 [1/1] (0.00ns) (grouped into LUT with out node select_ln56)   --->   "%select_ln56_8 = select i1 %icmp_ln56, i8 127, i8 128" [/home/luka/Scripting/ELEC_498-Capstone-LiteLM/HLS-Verilog/Transformer_logic/src-hls/compute_controller.cpp:56]   --->   Operation 40 'select' 'select_ln56_8' <Predicate = true> <Delay = 0.00> <CoreInst = "Sel">   --->   Core 73 'Sel' <Latency = 0> <II = 1> <Delay = 0.39> <FuncUnit> <Opcode : 'select'> <InPorts = 3> <OutPorts = 1>
ST_3 : Operation 41 [1/1] (0.00ns) (grouped into LUT with out node select_ln56)   --->   "%or_ln56 = or i1 %icmp_ln56, i1 %icmp_ln58" [/home/luka/Scripting/ELEC_498-Capstone-LiteLM/HLS-Verilog/Transformer_logic/src-hls/compute_controller.cpp:56]   --->   Operation 41 'or' 'or_ln56' <Predicate = true> <Delay = 0.00> <CoreInst = "LogicGate">   --->   Core 74 'LogicGate' <Latency = 0> <II = 1> <Delay = 0.28> <FuncUnit> <Opcode : 'and' 'or' 'xor'> <InPorts = 2> <OutPorts = 1>
ST_3 : Operation 42 [1/1] (0.39ns) (out node of the LUT)   --->   "%select_ln56 = select i1 %or_ln56, i8 %select_ln56_8, i8 %trunc_ln61" [/home/luka/Scripting/ELEC_498-Capstone-LiteLM/HLS-Verilog/Transformer_logic/src-hls/compute_controller.cpp:56]   --->   Operation 42 'select' 'select_ln56' <Predicate = true> <Delay = 0.39> <CoreInst = "Sel">   --->   Core 73 'Sel' <Latency = 0> <II = 1> <Delay = 0.39> <FuncUnit> <Opcode : 'select'> <InPorts = 3> <OutPorts = 1>
ST_3 : Operation 43 [1/1] (0.00ns)   --->   "%requant_output_addr = getelementptr i8 %requant_output, i64 0, i64 0"   --->   Operation 43 'getelementptr' 'requant_output_addr' <Predicate = true> <Delay = 0.00>
ST_3 : Operation 44 [1/1] ( I:0.67ns O:0.67ns )   --->   "%store_ln56 = store i8 %select_ln56, i3 %requant_output_addr" [/home/luka/Scripting/ELEC_498-Capstone-LiteLM/HLS-Verilog/Transformer_logic/src-hls/compute_controller.cpp:56]   --->   Operation 44 'store' 'store_ln56' <Predicate = true> <Delay = 0.67> <CoreInst = "RAM">   --->   Core 82 'RAM' <Latency = 1> <II = 1> <Delay = 0.67> <Storage> <Opcode : 'load' 'store'> <Ports = 2> <Width = 8> <Depth = 8> <RAM>
ST_3 : Operation 45 [1/1] (1.01ns)   --->   "%shifted_1 = add i32 %scaled_1, i32 %z_out_read" [/home/luka/Scripting/ELEC_498-Capstone-LiteLM/HLS-Verilog/Transformer_logic/src-hls/compute_controller.cpp:54]   --->   Operation 45 'add' 'shifted_1' <Predicate = true> <Delay = 1.01> <CoreInst = "Adder">   --->   Core 1 'Adder' <Latency = 0> <II = 1> <Delay = 1.01> <FuncUnit> <Opcode : 'add' 'sub'> <InPorts = 2> <OutPorts = 1>
ST_3 : Operation 46 [1/1] (0.00ns)   --->   "%tmp_77 = partselect i25 @_ssdm_op_PartSelect.i25.i32.i32.i32, i32 %shifted_1, i32 7, i32 31" [/home/luka/Scripting/ELEC_498-Capstone-LiteLM/HLS-Verilog/Transformer_logic/src-hls/compute_controller.cpp:56]   --->   Operation 46 'partselect' 'tmp_77' <Predicate = true> <Delay = 0.00>
ST_3 : Operation 47 [1/1] (0.94ns)   --->   "%icmp_ln56_1 = icmp_sgt  i25 %tmp_77, i25 0" [/home/luka/Scripting/ELEC_498-Capstone-LiteLM/HLS-Verilog/Transformer_logic/src-hls/compute_controller.cpp:56]   --->   Operation 47 'icmp' 'icmp_ln56_1' <Predicate = true> <Delay = 0.94> <CoreInst = "Cmp">   --->   Core 9 'Cmp' <Latency = 0> <II = 1> <Delay = 0.94> <FuncUnit> <Opcode : 'seteq' 'setne' 'setle' 'setge' 'setlt' 'setgt'> <InPorts = 2> <OutPorts = 1>
ST_3 : Operation 48 [1/1] (1.01ns)   --->   "%icmp_ln58_1 = icmp_slt  i32 %shifted_1, i32 4294967168" [/home/luka/Scripting/ELEC_498-Capstone-LiteLM/HLS-Verilog/Transformer_logic/src-hls/compute_controller.cpp:58]   --->   Operation 48 'icmp' 'icmp_ln58_1' <Predicate = true> <Delay = 1.01> <CoreInst = "Cmp">   --->   Core 9 'Cmp' <Latency = 0> <II = 1> <Delay = 1.01> <FuncUnit> <Opcode : 'seteq' 'setne' 'setle' 'setge' 'setlt' 'setgt'> <InPorts = 2> <OutPorts = 1>
ST_3 : Operation 49 [1/1] (0.00ns) (grouped into LUT with out node select_ln56_1)   --->   "%trunc_ln61_1 = trunc i32 %shifted_1" [/home/luka/Scripting/ELEC_498-Capstone-LiteLM/HLS-Verilog/Transformer_logic/src-hls/compute_controller.cpp:61]   --->   Operation 49 'trunc' 'trunc_ln61_1' <Predicate = true> <Delay = 0.00>
ST_3 : Operation 50 [1/1] (0.00ns) (grouped into LUT with out node select_ln56_1)   --->   "%select_ln56_9 = select i1 %icmp_ln56_1, i8 127, i8 128" [/home/luka/Scripting/ELEC_498-Capstone-LiteLM/HLS-Verilog/Transformer_logic/src-hls/compute_controller.cpp:56]   --->   Operation 50 'select' 'select_ln56_9' <Predicate = true> <Delay = 0.00> <CoreInst = "Sel">   --->   Core 73 'Sel' <Latency = 0> <II = 1> <Delay = 0.39> <FuncUnit> <Opcode : 'select'> <InPorts = 3> <OutPorts = 1>
ST_3 : Operation 51 [1/1] (0.00ns) (grouped into LUT with out node select_ln56_1)   --->   "%or_ln56_1 = or i1 %icmp_ln56_1, i1 %icmp_ln58_1" [/home/luka/Scripting/ELEC_498-Capstone-LiteLM/HLS-Verilog/Transformer_logic/src-hls/compute_controller.cpp:56]   --->   Operation 51 'or' 'or_ln56_1' <Predicate = true> <Delay = 0.00> <CoreInst = "LogicGate">   --->   Core 74 'LogicGate' <Latency = 0> <II = 1> <Delay = 0.28> <FuncUnit> <Opcode : 'and' 'or' 'xor'> <InPorts = 2> <OutPorts = 1>
ST_3 : Operation 52 [1/1] (0.39ns) (out node of the LUT)   --->   "%select_ln56_1 = select i1 %or_ln56_1, i8 %select_ln56_9, i8 %trunc_ln61_1" [/home/luka/Scripting/ELEC_498-Capstone-LiteLM/HLS-Verilog/Transformer_logic/src-hls/compute_controller.cpp:56]   --->   Operation 52 'select' 'select_ln56_1' <Predicate = true> <Delay = 0.39> <CoreInst = "Sel">   --->   Core 73 'Sel' <Latency = 0> <II = 1> <Delay = 0.39> <FuncUnit> <Opcode : 'select'> <InPorts = 3> <OutPorts = 1>
ST_3 : Operation 53 [1/1] (0.00ns)   --->   "%requant_output_addr_1 = getelementptr i8 %requant_output, i64 0, i64 1"   --->   Operation 53 'getelementptr' 'requant_output_addr_1' <Predicate = true> <Delay = 0.00>
ST_3 : Operation 54 [1/1] ( I:0.67ns O:0.67ns )   --->   "%store_ln56 = store i8 %select_ln56_1, i3 %requant_output_addr_1" [/home/luka/Scripting/ELEC_498-Capstone-LiteLM/HLS-Verilog/Transformer_logic/src-hls/compute_controller.cpp:56]   --->   Operation 54 'store' 'store_ln56' <Predicate = true> <Delay = 0.67> <CoreInst = "RAM">   --->   Core 82 'RAM' <Latency = 1> <II = 1> <Delay = 0.67> <Storage> <Opcode : 'load' 'store'> <Ports = 2> <Width = 8> <Depth = 8> <RAM>
ST_3 : Operation 55 [1/2] ( I:0.67ns O:0.67ns )   --->   "%requant_activation_load_2 = load i3 %requant_activation_addr_2" [/home/luka/Scripting/ELEC_498-Capstone-LiteLM/HLS-Verilog/Transformer_logic/src-hls/compute_controller.cpp:51]   --->   Operation 55 'load' 'requant_activation_load_2' <Predicate = true> <Delay = 0.67> <CoreInst = "RAM">   --->   Core 82 'RAM' <Latency = 1> <II = 1> <Delay = 0.67> <Storage> <Opcode : 'load' 'store'> <Ports = 2> <Width = 32> <Depth = 8> <RAM>
ST_3 : Operation 56 [1/1] (0.00ns)   --->   "%sext_ln51_2 = sext i32 %requant_activation_load_2" [/home/luka/Scripting/ELEC_498-Capstone-LiteLM/HLS-Verilog/Transformer_logic/src-hls/compute_controller.cpp:51]   --->   Operation 56 'sext' 'sext_ln51_2' <Predicate = true> <Delay = 0.00>
ST_3 : Operation 57 [1/1] (3.42ns)   --->   "%product_2 = mul i64 %sext_ln51_2, i64 %conv1" [/home/luka/Scripting/ELEC_498-Capstone-LiteLM/HLS-Verilog/Transformer_logic/src-hls/compute_controller.cpp:51]   --->   Operation 57 'mul' 'product_2' <Predicate = true> <Delay = 3.42> <CoreInst = "Multiplier">   --->   Core 3 'Multiplier' <Latency = 0> <II = 1> <Delay = 3.42> <FuncUnit> <Opcode : 'mul'> <InPorts = 2> <OutPorts = 1>
ST_3 : Operation 58 [1/1] (1.08ns)   --->   "%add_ln53_2 = add i64 %product_2, i64 %rounded" [/home/luka/Scripting/ELEC_498-Capstone-LiteLM/HLS-Verilog/Transformer_logic/src-hls/compute_controller.cpp:53]   --->   Operation 58 'add' 'add_ln53_2' <Predicate = true> <Delay = 1.08> <CoreInst = "Adder">   --->   Core 1 'Adder' <Latency = 0> <II = 1> <Delay = 1.08> <FuncUnit> <Opcode : 'add' 'sub'> <InPorts = 2> <OutPorts = 1>
ST_3 : Operation 59 [1/1] (1.53ns)   --->   "%ashr_ln53_2 = ashr i64 %add_ln53_2, i64 %sh_prom2" [/home/luka/Scripting/ELEC_498-Capstone-LiteLM/HLS-Verilog/Transformer_logic/src-hls/compute_controller.cpp:53]   --->   Operation 59 'ashr' 'ashr_ln53_2' <Predicate = true> <Delay = 1.53> <CoreInst = "Shifter">   --->   Core 75 'Shifter' <Latency = 0> <II = 1> <Delay = 1.53> <FuncUnit> <Opcode : 'shl' 'lshr' 'ashr'> <InPorts = 2> <OutPorts = 1>
ST_3 : Operation 60 [1/1] (0.00ns)   --->   "%scaled_2 = trunc i64 %ashr_ln53_2" [/home/luka/Scripting/ELEC_498-Capstone-LiteLM/HLS-Verilog/Transformer_logic/src-hls/compute_controller.cpp:53]   --->   Operation 60 'trunc' 'scaled_2' <Predicate = true> <Delay = 0.00>
ST_3 : Operation 61 [1/2] ( I:0.67ns O:0.67ns )   --->   "%requant_activation_load_3 = load i3 %requant_activation_addr_3" [/home/luka/Scripting/ELEC_498-Capstone-LiteLM/HLS-Verilog/Transformer_logic/src-hls/compute_controller.cpp:51]   --->   Operation 61 'load' 'requant_activation_load_3' <Predicate = true> <Delay = 0.67> <CoreInst = "RAM">   --->   Core 82 'RAM' <Latency = 1> <II = 1> <Delay = 0.67> <Storage> <Opcode : 'load' 'store'> <Ports = 2> <Width = 32> <Depth = 8> <RAM>
ST_3 : Operation 62 [1/1] (0.00ns)   --->   "%sext_ln51_3 = sext i32 %requant_activation_load_3" [/home/luka/Scripting/ELEC_498-Capstone-LiteLM/HLS-Verilog/Transformer_logic/src-hls/compute_controller.cpp:51]   --->   Operation 62 'sext' 'sext_ln51_3' <Predicate = true> <Delay = 0.00>
ST_3 : Operation 63 [1/1] (3.42ns)   --->   "%product_3 = mul i64 %sext_ln51_3, i64 %conv1" [/home/luka/Scripting/ELEC_498-Capstone-LiteLM/HLS-Verilog/Transformer_logic/src-hls/compute_controller.cpp:51]   --->   Operation 63 'mul' 'product_3' <Predicate = true> <Delay = 3.42> <CoreInst = "Multiplier">   --->   Core 3 'Multiplier' <Latency = 0> <II = 1> <Delay = 3.42> <FuncUnit> <Opcode : 'mul'> <InPorts = 2> <OutPorts = 1>
ST_3 : Operation 64 [1/1] (1.08ns)   --->   "%add_ln53_3 = add i64 %product_3, i64 %rounded" [/home/luka/Scripting/ELEC_498-Capstone-LiteLM/HLS-Verilog/Transformer_logic/src-hls/compute_controller.cpp:53]   --->   Operation 64 'add' 'add_ln53_3' <Predicate = true> <Delay = 1.08> <CoreInst = "Adder">   --->   Core 1 'Adder' <Latency = 0> <II = 1> <Delay = 1.08> <FuncUnit> <Opcode : 'add' 'sub'> <InPorts = 2> <OutPorts = 1>
ST_3 : Operation 65 [1/1] (1.53ns)   --->   "%ashr_ln53_3 = ashr i64 %add_ln53_3, i64 %sh_prom2" [/home/luka/Scripting/ELEC_498-Capstone-LiteLM/HLS-Verilog/Transformer_logic/src-hls/compute_controller.cpp:53]   --->   Operation 65 'ashr' 'ashr_ln53_3' <Predicate = true> <Delay = 1.53> <CoreInst = "Shifter">   --->   Core 75 'Shifter' <Latency = 0> <II = 1> <Delay = 1.53> <FuncUnit> <Opcode : 'shl' 'lshr' 'ashr'> <InPorts = 2> <OutPorts = 1>
ST_3 : Operation 66 [1/1] (0.00ns)   --->   "%scaled_3 = trunc i64 %ashr_ln53_3" [/home/luka/Scripting/ELEC_498-Capstone-LiteLM/HLS-Verilog/Transformer_logic/src-hls/compute_controller.cpp:53]   --->   Operation 66 'trunc' 'scaled_3' <Predicate = true> <Delay = 0.00>
ST_3 : Operation 67 [1/1] (0.00ns)   --->   "%requant_activation_addr_4 = getelementptr i32 %requant_activation, i64 0, i64 4" [/home/luka/Scripting/ELEC_498-Capstone-LiteLM/HLS-Verilog/Transformer_logic/src-hls/compute_controller.cpp:51]   --->   Operation 67 'getelementptr' 'requant_activation_addr_4' <Predicate = true> <Delay = 0.00>
ST_3 : Operation 68 [2/2] (0.67ns)   --->   "%requant_activation_load_4 = load i3 %requant_activation_addr_4" [/home/luka/Scripting/ELEC_498-Capstone-LiteLM/HLS-Verilog/Transformer_logic/src-hls/compute_controller.cpp:51]   --->   Operation 68 'load' 'requant_activation_load_4' <Predicate = true> <Delay = 0.67> <CoreInst = "RAM">   --->   Core 82 'RAM' <Latency = 1> <II = 1> <Delay = 0.67> <Storage> <Opcode : 'load' 'store'> <Ports = 2> <Width = 32> <Depth = 8> <RAM>
ST_3 : Operation 69 [1/1] (0.00ns)   --->   "%requant_activation_addr_5 = getelementptr i32 %requant_activation, i64 0, i64 5" [/home/luka/Scripting/ELEC_498-Capstone-LiteLM/HLS-Verilog/Transformer_logic/src-hls/compute_controller.cpp:51]   --->   Operation 69 'getelementptr' 'requant_activation_addr_5' <Predicate = true> <Delay = 0.00>
ST_3 : Operation 70 [2/2] (0.67ns)   --->   "%requant_activation_load_5 = load i3 %requant_activation_addr_5" [/home/luka/Scripting/ELEC_498-Capstone-LiteLM/HLS-Verilog/Transformer_logic/src-hls/compute_controller.cpp:51]   --->   Operation 70 'load' 'requant_activation_load_5' <Predicate = true> <Delay = 0.67> <CoreInst = "RAM">   --->   Core 82 'RAM' <Latency = 1> <II = 1> <Delay = 0.67> <Storage> <Opcode : 'load' 'store'> <Ports = 2> <Width = 32> <Depth = 8> <RAM>

State 4 <SV = 3> <Delay = 6.71>
ST_4 : Operation 71 [1/1] (1.01ns)   --->   "%shifted_2 = add i32 %scaled_2, i32 %z_out_read" [/home/luka/Scripting/ELEC_498-Capstone-LiteLM/HLS-Verilog/Transformer_logic/src-hls/compute_controller.cpp:54]   --->   Operation 71 'add' 'shifted_2' <Predicate = true> <Delay = 1.01> <CoreInst = "Adder">   --->   Core 1 'Adder' <Latency = 0> <II = 1> <Delay = 1.01> <FuncUnit> <Opcode : 'add' 'sub'> <InPorts = 2> <OutPorts = 1>
ST_4 : Operation 72 [1/1] (0.00ns)   --->   "%tmp_78 = partselect i25 @_ssdm_op_PartSelect.i25.i32.i32.i32, i32 %shifted_2, i32 7, i32 31" [/home/luka/Scripting/ELEC_498-Capstone-LiteLM/HLS-Verilog/Transformer_logic/src-hls/compute_controller.cpp:56]   --->   Operation 72 'partselect' 'tmp_78' <Predicate = true> <Delay = 0.00>
ST_4 : Operation 73 [1/1] (0.94ns)   --->   "%icmp_ln56_2 = icmp_sgt  i25 %tmp_78, i25 0" [/home/luka/Scripting/ELEC_498-Capstone-LiteLM/HLS-Verilog/Transformer_logic/src-hls/compute_controller.cpp:56]   --->   Operation 73 'icmp' 'icmp_ln56_2' <Predicate = true> <Delay = 0.94> <CoreInst = "Cmp">   --->   Core 9 'Cmp' <Latency = 0> <II = 1> <Delay = 0.94> <FuncUnit> <Opcode : 'seteq' 'setne' 'setle' 'setge' 'setlt' 'setgt'> <InPorts = 2> <OutPorts = 1>
ST_4 : Operation 74 [1/1] (1.01ns)   --->   "%icmp_ln58_2 = icmp_slt  i32 %shifted_2, i32 4294967168" [/home/luka/Scripting/ELEC_498-Capstone-LiteLM/HLS-Verilog/Transformer_logic/src-hls/compute_controller.cpp:58]   --->   Operation 74 'icmp' 'icmp_ln58_2' <Predicate = true> <Delay = 1.01> <CoreInst = "Cmp">   --->   Core 9 'Cmp' <Latency = 0> <II = 1> <Delay = 1.01> <FuncUnit> <Opcode : 'seteq' 'setne' 'setle' 'setge' 'setlt' 'setgt'> <InPorts = 2> <OutPorts = 1>
ST_4 : Operation 75 [1/1] (0.00ns) (grouped into LUT with out node select_ln56_2)   --->   "%trunc_ln61_2 = trunc i32 %shifted_2" [/home/luka/Scripting/ELEC_498-Capstone-LiteLM/HLS-Verilog/Transformer_logic/src-hls/compute_controller.cpp:61]   --->   Operation 75 'trunc' 'trunc_ln61_2' <Predicate = true> <Delay = 0.00>
ST_4 : Operation 76 [1/1] (0.00ns) (grouped into LUT with out node select_ln56_2)   --->   "%select_ln56_10 = select i1 %icmp_ln56_2, i8 127, i8 128" [/home/luka/Scripting/ELEC_498-Capstone-LiteLM/HLS-Verilog/Transformer_logic/src-hls/compute_controller.cpp:56]   --->   Operation 76 'select' 'select_ln56_10' <Predicate = true> <Delay = 0.00> <CoreInst = "Sel">   --->   Core 73 'Sel' <Latency = 0> <II = 1> <Delay = 0.39> <FuncUnit> <Opcode : 'select'> <InPorts = 3> <OutPorts = 1>
ST_4 : Operation 77 [1/1] (0.00ns) (grouped into LUT with out node select_ln56_2)   --->   "%or_ln56_2 = or i1 %icmp_ln56_2, i1 %icmp_ln58_2" [/home/luka/Scripting/ELEC_498-Capstone-LiteLM/HLS-Verilog/Transformer_logic/src-hls/compute_controller.cpp:56]   --->   Operation 77 'or' 'or_ln56_2' <Predicate = true> <Delay = 0.00> <CoreInst = "LogicGate">   --->   Core 74 'LogicGate' <Latency = 0> <II = 1> <Delay = 0.28> <FuncUnit> <Opcode : 'and' 'or' 'xor'> <InPorts = 2> <OutPorts = 1>
ST_4 : Operation 78 [1/1] (0.39ns) (out node of the LUT)   --->   "%select_ln56_2 = select i1 %or_ln56_2, i8 %select_ln56_10, i8 %trunc_ln61_2" [/home/luka/Scripting/ELEC_498-Capstone-LiteLM/HLS-Verilog/Transformer_logic/src-hls/compute_controller.cpp:56]   --->   Operation 78 'select' 'select_ln56_2' <Predicate = true> <Delay = 0.39> <CoreInst = "Sel">   --->   Core 73 'Sel' <Latency = 0> <II = 1> <Delay = 0.39> <FuncUnit> <Opcode : 'select'> <InPorts = 3> <OutPorts = 1>
ST_4 : Operation 79 [1/1] (0.00ns)   --->   "%requant_output_addr_2 = getelementptr i8 %requant_output, i64 0, i64 2"   --->   Operation 79 'getelementptr' 'requant_output_addr_2' <Predicate = true> <Delay = 0.00>
ST_4 : Operation 80 [1/1] ( I:0.67ns O:0.67ns )   --->   "%store_ln56 = store i8 %select_ln56_2, i3 %requant_output_addr_2" [/home/luka/Scripting/ELEC_498-Capstone-LiteLM/HLS-Verilog/Transformer_logic/src-hls/compute_controller.cpp:56]   --->   Operation 80 'store' 'store_ln56' <Predicate = true> <Delay = 0.67> <CoreInst = "RAM">   --->   Core 82 'RAM' <Latency = 1> <II = 1> <Delay = 0.67> <Storage> <Opcode : 'load' 'store'> <Ports = 2> <Width = 8> <Depth = 8> <RAM>
ST_4 : Operation 81 [1/1] (1.01ns)   --->   "%shifted_3 = add i32 %scaled_3, i32 %z_out_read" [/home/luka/Scripting/ELEC_498-Capstone-LiteLM/HLS-Verilog/Transformer_logic/src-hls/compute_controller.cpp:54]   --->   Operation 81 'add' 'shifted_3' <Predicate = true> <Delay = 1.01> <CoreInst = "Adder">   --->   Core 1 'Adder' <Latency = 0> <II = 1> <Delay = 1.01> <FuncUnit> <Opcode : 'add' 'sub'> <InPorts = 2> <OutPorts = 1>
ST_4 : Operation 82 [1/1] (0.00ns)   --->   "%tmp_79 = partselect i25 @_ssdm_op_PartSelect.i25.i32.i32.i32, i32 %shifted_3, i32 7, i32 31" [/home/luka/Scripting/ELEC_498-Capstone-LiteLM/HLS-Verilog/Transformer_logic/src-hls/compute_controller.cpp:56]   --->   Operation 82 'partselect' 'tmp_79' <Predicate = true> <Delay = 0.00>
ST_4 : Operation 83 [1/1] (0.94ns)   --->   "%icmp_ln56_3 = icmp_sgt  i25 %tmp_79, i25 0" [/home/luka/Scripting/ELEC_498-Capstone-LiteLM/HLS-Verilog/Transformer_logic/src-hls/compute_controller.cpp:56]   --->   Operation 83 'icmp' 'icmp_ln56_3' <Predicate = true> <Delay = 0.94> <CoreInst = "Cmp">   --->   Core 9 'Cmp' <Latency = 0> <II = 1> <Delay = 0.94> <FuncUnit> <Opcode : 'seteq' 'setne' 'setle' 'setge' 'setlt' 'setgt'> <InPorts = 2> <OutPorts = 1>
ST_4 : Operation 84 [1/1] (1.01ns)   --->   "%icmp_ln58_3 = icmp_slt  i32 %shifted_3, i32 4294967168" [/home/luka/Scripting/ELEC_498-Capstone-LiteLM/HLS-Verilog/Transformer_logic/src-hls/compute_controller.cpp:58]   --->   Operation 84 'icmp' 'icmp_ln58_3' <Predicate = true> <Delay = 1.01> <CoreInst = "Cmp">   --->   Core 9 'Cmp' <Latency = 0> <II = 1> <Delay = 1.01> <FuncUnit> <Opcode : 'seteq' 'setne' 'setle' 'setge' 'setlt' 'setgt'> <InPorts = 2> <OutPorts = 1>
ST_4 : Operation 85 [1/1] (0.00ns) (grouped into LUT with out node select_ln56_3)   --->   "%trunc_ln61_3 = trunc i32 %shifted_3" [/home/luka/Scripting/ELEC_498-Capstone-LiteLM/HLS-Verilog/Transformer_logic/src-hls/compute_controller.cpp:61]   --->   Operation 85 'trunc' 'trunc_ln61_3' <Predicate = true> <Delay = 0.00>
ST_4 : Operation 86 [1/1] (0.00ns) (grouped into LUT with out node select_ln56_3)   --->   "%select_ln56_11 = select i1 %icmp_ln56_3, i8 127, i8 128" [/home/luka/Scripting/ELEC_498-Capstone-LiteLM/HLS-Verilog/Transformer_logic/src-hls/compute_controller.cpp:56]   --->   Operation 86 'select' 'select_ln56_11' <Predicate = true> <Delay = 0.00> <CoreInst = "Sel">   --->   Core 73 'Sel' <Latency = 0> <II = 1> <Delay = 0.39> <FuncUnit> <Opcode : 'select'> <InPorts = 3> <OutPorts = 1>
ST_4 : Operation 87 [1/1] (0.00ns) (grouped into LUT with out node select_ln56_3)   --->   "%or_ln56_3 = or i1 %icmp_ln56_3, i1 %icmp_ln58_3" [/home/luka/Scripting/ELEC_498-Capstone-LiteLM/HLS-Verilog/Transformer_logic/src-hls/compute_controller.cpp:56]   --->   Operation 87 'or' 'or_ln56_3' <Predicate = true> <Delay = 0.00> <CoreInst = "LogicGate">   --->   Core 74 'LogicGate' <Latency = 0> <II = 1> <Delay = 0.28> <FuncUnit> <Opcode : 'and' 'or' 'xor'> <InPorts = 2> <OutPorts = 1>
ST_4 : Operation 88 [1/1] (0.39ns) (out node of the LUT)   --->   "%select_ln56_3 = select i1 %or_ln56_3, i8 %select_ln56_11, i8 %trunc_ln61_3" [/home/luka/Scripting/ELEC_498-Capstone-LiteLM/HLS-Verilog/Transformer_logic/src-hls/compute_controller.cpp:56]   --->   Operation 88 'select' 'select_ln56_3' <Predicate = true> <Delay = 0.39> <CoreInst = "Sel">   --->   Core 73 'Sel' <Latency = 0> <II = 1> <Delay = 0.39> <FuncUnit> <Opcode : 'select'> <InPorts = 3> <OutPorts = 1>
ST_4 : Operation 89 [1/1] (0.00ns)   --->   "%requant_output_addr_3 = getelementptr i8 %requant_output, i64 0, i64 3"   --->   Operation 89 'getelementptr' 'requant_output_addr_3' <Predicate = true> <Delay = 0.00>
ST_4 : Operation 90 [1/1] ( I:0.67ns O:0.67ns )   --->   "%store_ln56 = store i8 %select_ln56_3, i3 %requant_output_addr_3" [/home/luka/Scripting/ELEC_498-Capstone-LiteLM/HLS-Verilog/Transformer_logic/src-hls/compute_controller.cpp:56]   --->   Operation 90 'store' 'store_ln56' <Predicate = true> <Delay = 0.67> <CoreInst = "RAM">   --->   Core 82 'RAM' <Latency = 1> <II = 1> <Delay = 0.67> <Storage> <Opcode : 'load' 'store'> <Ports = 2> <Width = 8> <Depth = 8> <RAM>
ST_4 : Operation 91 [1/2] ( I:0.67ns O:0.67ns )   --->   "%requant_activation_load_4 = load i3 %requant_activation_addr_4" [/home/luka/Scripting/ELEC_498-Capstone-LiteLM/HLS-Verilog/Transformer_logic/src-hls/compute_controller.cpp:51]   --->   Operation 91 'load' 'requant_activation_load_4' <Predicate = true> <Delay = 0.67> <CoreInst = "RAM">   --->   Core 82 'RAM' <Latency = 1> <II = 1> <Delay = 0.67> <Storage> <Opcode : 'load' 'store'> <Ports = 2> <Width = 32> <Depth = 8> <RAM>
ST_4 : Operation 92 [1/1] (0.00ns)   --->   "%sext_ln51_4 = sext i32 %requant_activation_load_4" [/home/luka/Scripting/ELEC_498-Capstone-LiteLM/HLS-Verilog/Transformer_logic/src-hls/compute_controller.cpp:51]   --->   Operation 92 'sext' 'sext_ln51_4' <Predicate = true> <Delay = 0.00>
ST_4 : Operation 93 [1/1] (3.42ns)   --->   "%product_4 = mul i64 %sext_ln51_4, i64 %conv1" [/home/luka/Scripting/ELEC_498-Capstone-LiteLM/HLS-Verilog/Transformer_logic/src-hls/compute_controller.cpp:51]   --->   Operation 93 'mul' 'product_4' <Predicate = true> <Delay = 3.42> <CoreInst = "Multiplier">   --->   Core 3 'Multiplier' <Latency = 0> <II = 1> <Delay = 3.42> <FuncUnit> <Opcode : 'mul'> <InPorts = 2> <OutPorts = 1>
ST_4 : Operation 94 [1/1] (1.08ns)   --->   "%add_ln53_4 = add i64 %product_4, i64 %rounded" [/home/luka/Scripting/ELEC_498-Capstone-LiteLM/HLS-Verilog/Transformer_logic/src-hls/compute_controller.cpp:53]   --->   Operation 94 'add' 'add_ln53_4' <Predicate = true> <Delay = 1.08> <CoreInst = "Adder">   --->   Core 1 'Adder' <Latency = 0> <II = 1> <Delay = 1.08> <FuncUnit> <Opcode : 'add' 'sub'> <InPorts = 2> <OutPorts = 1>
ST_4 : Operation 95 [1/1] (1.53ns)   --->   "%ashr_ln53_4 = ashr i64 %add_ln53_4, i64 %sh_prom2" [/home/luka/Scripting/ELEC_498-Capstone-LiteLM/HLS-Verilog/Transformer_logic/src-hls/compute_controller.cpp:53]   --->   Operation 95 'ashr' 'ashr_ln53_4' <Predicate = true> <Delay = 1.53> <CoreInst = "Shifter">   --->   Core 75 'Shifter' <Latency = 0> <II = 1> <Delay = 1.53> <FuncUnit> <Opcode : 'shl' 'lshr' 'ashr'> <InPorts = 2> <OutPorts = 1>
ST_4 : Operation 96 [1/1] (0.00ns)   --->   "%scaled_4 = trunc i64 %ashr_ln53_4" [/home/luka/Scripting/ELEC_498-Capstone-LiteLM/HLS-Verilog/Transformer_logic/src-hls/compute_controller.cpp:53]   --->   Operation 96 'trunc' 'scaled_4' <Predicate = true> <Delay = 0.00>
ST_4 : Operation 97 [1/2] ( I:0.67ns O:0.67ns )   --->   "%requant_activation_load_5 = load i3 %requant_activation_addr_5" [/home/luka/Scripting/ELEC_498-Capstone-LiteLM/HLS-Verilog/Transformer_logic/src-hls/compute_controller.cpp:51]   --->   Operation 97 'load' 'requant_activation_load_5' <Predicate = true> <Delay = 0.67> <CoreInst = "RAM">   --->   Core 82 'RAM' <Latency = 1> <II = 1> <Delay = 0.67> <Storage> <Opcode : 'load' 'store'> <Ports = 2> <Width = 32> <Depth = 8> <RAM>
ST_4 : Operation 98 [1/1] (0.00ns)   --->   "%sext_ln51_5 = sext i32 %requant_activation_load_5" [/home/luka/Scripting/ELEC_498-Capstone-LiteLM/HLS-Verilog/Transformer_logic/src-hls/compute_controller.cpp:51]   --->   Operation 98 'sext' 'sext_ln51_5' <Predicate = true> <Delay = 0.00>
ST_4 : Operation 99 [1/1] (3.42ns)   --->   "%product_5 = mul i64 %sext_ln51_5, i64 %conv1" [/home/luka/Scripting/ELEC_498-Capstone-LiteLM/HLS-Verilog/Transformer_logic/src-hls/compute_controller.cpp:51]   --->   Operation 99 'mul' 'product_5' <Predicate = true> <Delay = 3.42> <CoreInst = "Multiplier">   --->   Core 3 'Multiplier' <Latency = 0> <II = 1> <Delay = 3.42> <FuncUnit> <Opcode : 'mul'> <InPorts = 2> <OutPorts = 1>
ST_4 : Operation 100 [1/1] (1.08ns)   --->   "%add_ln53_5 = add i64 %product_5, i64 %rounded" [/home/luka/Scripting/ELEC_498-Capstone-LiteLM/HLS-Verilog/Transformer_logic/src-hls/compute_controller.cpp:53]   --->   Operation 100 'add' 'add_ln53_5' <Predicate = true> <Delay = 1.08> <CoreInst = "Adder">   --->   Core 1 'Adder' <Latency = 0> <II = 1> <Delay = 1.08> <FuncUnit> <Opcode : 'add' 'sub'> <InPorts = 2> <OutPorts = 1>
ST_4 : Operation 101 [1/1] (1.53ns)   --->   "%ashr_ln53_5 = ashr i64 %add_ln53_5, i64 %sh_prom2" [/home/luka/Scripting/ELEC_498-Capstone-LiteLM/HLS-Verilog/Transformer_logic/src-hls/compute_controller.cpp:53]   --->   Operation 101 'ashr' 'ashr_ln53_5' <Predicate = true> <Delay = 1.53> <CoreInst = "Shifter">   --->   Core 75 'Shifter' <Latency = 0> <II = 1> <Delay = 1.53> <FuncUnit> <Opcode : 'shl' 'lshr' 'ashr'> <InPorts = 2> <OutPorts = 1>
ST_4 : Operation 102 [1/1] (0.00ns)   --->   "%scaled_5 = trunc i64 %ashr_ln53_5" [/home/luka/Scripting/ELEC_498-Capstone-LiteLM/HLS-Verilog/Transformer_logic/src-hls/compute_controller.cpp:53]   --->   Operation 102 'trunc' 'scaled_5' <Predicate = true> <Delay = 0.00>
ST_4 : Operation 103 [1/1] (0.00ns)   --->   "%requant_activation_addr_6 = getelementptr i32 %requant_activation, i64 0, i64 6" [/home/luka/Scripting/ELEC_498-Capstone-LiteLM/HLS-Verilog/Transformer_logic/src-hls/compute_controller.cpp:51]   --->   Operation 103 'getelementptr' 'requant_activation_addr_6' <Predicate = true> <Delay = 0.00>
ST_4 : Operation 104 [2/2] (0.67ns)   --->   "%requant_activation_load_6 = load i3 %requant_activation_addr_6" [/home/luka/Scripting/ELEC_498-Capstone-LiteLM/HLS-Verilog/Transformer_logic/src-hls/compute_controller.cpp:51]   --->   Operation 104 'load' 'requant_activation_load_6' <Predicate = true> <Delay = 0.67> <CoreInst = "RAM">   --->   Core 82 'RAM' <Latency = 1> <II = 1> <Delay = 0.67> <Storage> <Opcode : 'load' 'store'> <Ports = 2> <Width = 32> <Depth = 8> <RAM>
ST_4 : Operation 105 [1/1] (0.00ns)   --->   "%requant_activation_addr_7 = getelementptr i32 %requant_activation, i64 0, i64 7" [/home/luka/Scripting/ELEC_498-Capstone-LiteLM/HLS-Verilog/Transformer_logic/src-hls/compute_controller.cpp:51]   --->   Operation 105 'getelementptr' 'requant_activation_addr_7' <Predicate = true> <Delay = 0.00>
ST_4 : Operation 106 [2/2] (0.67ns)   --->   "%requant_activation_load_7 = load i3 %requant_activation_addr_7" [/home/luka/Scripting/ELEC_498-Capstone-LiteLM/HLS-Verilog/Transformer_logic/src-hls/compute_controller.cpp:51]   --->   Operation 106 'load' 'requant_activation_load_7' <Predicate = true> <Delay = 0.67> <CoreInst = "RAM">   --->   Core 82 'RAM' <Latency = 1> <II = 1> <Delay = 0.67> <Storage> <Opcode : 'load' 'store'> <Ports = 2> <Width = 32> <Depth = 8> <RAM>

State 5 <SV = 4> <Delay = 6.71>
ST_5 : Operation 107 [1/1] (1.01ns)   --->   "%shifted_4 = add i32 %scaled_4, i32 %z_out_read" [/home/luka/Scripting/ELEC_498-Capstone-LiteLM/HLS-Verilog/Transformer_logic/src-hls/compute_controller.cpp:54]   --->   Operation 107 'add' 'shifted_4' <Predicate = true> <Delay = 1.01> <CoreInst = "Adder">   --->   Core 1 'Adder' <Latency = 0> <II = 1> <Delay = 1.01> <FuncUnit> <Opcode : 'add' 'sub'> <InPorts = 2> <OutPorts = 1>
ST_5 : Operation 108 [1/1] (0.00ns)   --->   "%tmp_80 = partselect i25 @_ssdm_op_PartSelect.i25.i32.i32.i32, i32 %shifted_4, i32 7, i32 31" [/home/luka/Scripting/ELEC_498-Capstone-LiteLM/HLS-Verilog/Transformer_logic/src-hls/compute_controller.cpp:56]   --->   Operation 108 'partselect' 'tmp_80' <Predicate = true> <Delay = 0.00>
ST_5 : Operation 109 [1/1] (0.94ns)   --->   "%icmp_ln56_4 = icmp_sgt  i25 %tmp_80, i25 0" [/home/luka/Scripting/ELEC_498-Capstone-LiteLM/HLS-Verilog/Transformer_logic/src-hls/compute_controller.cpp:56]   --->   Operation 109 'icmp' 'icmp_ln56_4' <Predicate = true> <Delay = 0.94> <CoreInst = "Cmp">   --->   Core 9 'Cmp' <Latency = 0> <II = 1> <Delay = 0.94> <FuncUnit> <Opcode : 'seteq' 'setne' 'setle' 'setge' 'setlt' 'setgt'> <InPorts = 2> <OutPorts = 1>
ST_5 : Operation 110 [1/1] (1.01ns)   --->   "%icmp_ln58_4 = icmp_slt  i32 %shifted_4, i32 4294967168" [/home/luka/Scripting/ELEC_498-Capstone-LiteLM/HLS-Verilog/Transformer_logic/src-hls/compute_controller.cpp:58]   --->   Operation 110 'icmp' 'icmp_ln58_4' <Predicate = true> <Delay = 1.01> <CoreInst = "Cmp">   --->   Core 9 'Cmp' <Latency = 0> <II = 1> <Delay = 1.01> <FuncUnit> <Opcode : 'seteq' 'setne' 'setle' 'setge' 'setlt' 'setgt'> <InPorts = 2> <OutPorts = 1>
ST_5 : Operation 111 [1/1] (0.00ns) (grouped into LUT with out node select_ln56_4)   --->   "%trunc_ln61_4 = trunc i32 %shifted_4" [/home/luka/Scripting/ELEC_498-Capstone-LiteLM/HLS-Verilog/Transformer_logic/src-hls/compute_controller.cpp:61]   --->   Operation 111 'trunc' 'trunc_ln61_4' <Predicate = true> <Delay = 0.00>
ST_5 : Operation 112 [1/1] (0.00ns) (grouped into LUT with out node select_ln56_4)   --->   "%select_ln56_12 = select i1 %icmp_ln56_4, i8 127, i8 128" [/home/luka/Scripting/ELEC_498-Capstone-LiteLM/HLS-Verilog/Transformer_logic/src-hls/compute_controller.cpp:56]   --->   Operation 112 'select' 'select_ln56_12' <Predicate = true> <Delay = 0.00> <CoreInst = "Sel">   --->   Core 73 'Sel' <Latency = 0> <II = 1> <Delay = 0.39> <FuncUnit> <Opcode : 'select'> <InPorts = 3> <OutPorts = 1>
ST_5 : Operation 113 [1/1] (0.00ns) (grouped into LUT with out node select_ln56_4)   --->   "%or_ln56_4 = or i1 %icmp_ln56_4, i1 %icmp_ln58_4" [/home/luka/Scripting/ELEC_498-Capstone-LiteLM/HLS-Verilog/Transformer_logic/src-hls/compute_controller.cpp:56]   --->   Operation 113 'or' 'or_ln56_4' <Predicate = true> <Delay = 0.00> <CoreInst = "LogicGate">   --->   Core 74 'LogicGate' <Latency = 0> <II = 1> <Delay = 0.28> <FuncUnit> <Opcode : 'and' 'or' 'xor'> <InPorts = 2> <OutPorts = 1>
ST_5 : Operation 114 [1/1] (0.39ns) (out node of the LUT)   --->   "%select_ln56_4 = select i1 %or_ln56_4, i8 %select_ln56_12, i8 %trunc_ln61_4" [/home/luka/Scripting/ELEC_498-Capstone-LiteLM/HLS-Verilog/Transformer_logic/src-hls/compute_controller.cpp:56]   --->   Operation 114 'select' 'select_ln56_4' <Predicate = true> <Delay = 0.39> <CoreInst = "Sel">   --->   Core 73 'Sel' <Latency = 0> <II = 1> <Delay = 0.39> <FuncUnit> <Opcode : 'select'> <InPorts = 3> <OutPorts = 1>
ST_5 : Operation 115 [1/1] (0.00ns)   --->   "%requant_output_addr_4 = getelementptr i8 %requant_output, i64 0, i64 4"   --->   Operation 115 'getelementptr' 'requant_output_addr_4' <Predicate = true> <Delay = 0.00>
ST_5 : Operation 116 [1/1] ( I:0.67ns O:0.67ns )   --->   "%store_ln56 = store i8 %select_ln56_4, i3 %requant_output_addr_4" [/home/luka/Scripting/ELEC_498-Capstone-LiteLM/HLS-Verilog/Transformer_logic/src-hls/compute_controller.cpp:56]   --->   Operation 116 'store' 'store_ln56' <Predicate = true> <Delay = 0.67> <CoreInst = "RAM">   --->   Core 82 'RAM' <Latency = 1> <II = 1> <Delay = 0.67> <Storage> <Opcode : 'load' 'store'> <Ports = 2> <Width = 8> <Depth = 8> <RAM>
ST_5 : Operation 117 [1/1] (1.01ns)   --->   "%shifted_5 = add i32 %scaled_5, i32 %z_out_read" [/home/luka/Scripting/ELEC_498-Capstone-LiteLM/HLS-Verilog/Transformer_logic/src-hls/compute_controller.cpp:54]   --->   Operation 117 'add' 'shifted_5' <Predicate = true> <Delay = 1.01> <CoreInst = "Adder">   --->   Core 1 'Adder' <Latency = 0> <II = 1> <Delay = 1.01> <FuncUnit> <Opcode : 'add' 'sub'> <InPorts = 2> <OutPorts = 1>
ST_5 : Operation 118 [1/1] (0.00ns)   --->   "%tmp_81 = partselect i25 @_ssdm_op_PartSelect.i25.i32.i32.i32, i32 %shifted_5, i32 7, i32 31" [/home/luka/Scripting/ELEC_498-Capstone-LiteLM/HLS-Verilog/Transformer_logic/src-hls/compute_controller.cpp:56]   --->   Operation 118 'partselect' 'tmp_81' <Predicate = true> <Delay = 0.00>
ST_5 : Operation 119 [1/1] (0.94ns)   --->   "%icmp_ln56_5 = icmp_sgt  i25 %tmp_81, i25 0" [/home/luka/Scripting/ELEC_498-Capstone-LiteLM/HLS-Verilog/Transformer_logic/src-hls/compute_controller.cpp:56]   --->   Operation 119 'icmp' 'icmp_ln56_5' <Predicate = true> <Delay = 0.94> <CoreInst = "Cmp">   --->   Core 9 'Cmp' <Latency = 0> <II = 1> <Delay = 0.94> <FuncUnit> <Opcode : 'seteq' 'setne' 'setle' 'setge' 'setlt' 'setgt'> <InPorts = 2> <OutPorts = 1>
ST_5 : Operation 120 [1/1] (1.01ns)   --->   "%icmp_ln58_5 = icmp_slt  i32 %shifted_5, i32 4294967168" [/home/luka/Scripting/ELEC_498-Capstone-LiteLM/HLS-Verilog/Transformer_logic/src-hls/compute_controller.cpp:58]   --->   Operation 120 'icmp' 'icmp_ln58_5' <Predicate = true> <Delay = 1.01> <CoreInst = "Cmp">   --->   Core 9 'Cmp' <Latency = 0> <II = 1> <Delay = 1.01> <FuncUnit> <Opcode : 'seteq' 'setne' 'setle' 'setge' 'setlt' 'setgt'> <InPorts = 2> <OutPorts = 1>
ST_5 : Operation 121 [1/1] (0.00ns) (grouped into LUT with out node select_ln56_5)   --->   "%trunc_ln61_5 = trunc i32 %shifted_5" [/home/luka/Scripting/ELEC_498-Capstone-LiteLM/HLS-Verilog/Transformer_logic/src-hls/compute_controller.cpp:61]   --->   Operation 121 'trunc' 'trunc_ln61_5' <Predicate = true> <Delay = 0.00>
ST_5 : Operation 122 [1/1] (0.00ns) (grouped into LUT with out node select_ln56_5)   --->   "%select_ln56_13 = select i1 %icmp_ln56_5, i8 127, i8 128" [/home/luka/Scripting/ELEC_498-Capstone-LiteLM/HLS-Verilog/Transformer_logic/src-hls/compute_controller.cpp:56]   --->   Operation 122 'select' 'select_ln56_13' <Predicate = true> <Delay = 0.00> <CoreInst = "Sel">   --->   Core 73 'Sel' <Latency = 0> <II = 1> <Delay = 0.39> <FuncUnit> <Opcode : 'select'> <InPorts = 3> <OutPorts = 1>
ST_5 : Operation 123 [1/1] (0.00ns) (grouped into LUT with out node select_ln56_5)   --->   "%or_ln56_5 = or i1 %icmp_ln56_5, i1 %icmp_ln58_5" [/home/luka/Scripting/ELEC_498-Capstone-LiteLM/HLS-Verilog/Transformer_logic/src-hls/compute_controller.cpp:56]   --->   Operation 123 'or' 'or_ln56_5' <Predicate = true> <Delay = 0.00> <CoreInst = "LogicGate">   --->   Core 74 'LogicGate' <Latency = 0> <II = 1> <Delay = 0.28> <FuncUnit> <Opcode : 'and' 'or' 'xor'> <InPorts = 2> <OutPorts = 1>
ST_5 : Operation 124 [1/1] (0.39ns) (out node of the LUT)   --->   "%select_ln56_5 = select i1 %or_ln56_5, i8 %select_ln56_13, i8 %trunc_ln61_5" [/home/luka/Scripting/ELEC_498-Capstone-LiteLM/HLS-Verilog/Transformer_logic/src-hls/compute_controller.cpp:56]   --->   Operation 124 'select' 'select_ln56_5' <Predicate = true> <Delay = 0.39> <CoreInst = "Sel">   --->   Core 73 'Sel' <Latency = 0> <II = 1> <Delay = 0.39> <FuncUnit> <Opcode : 'select'> <InPorts = 3> <OutPorts = 1>
ST_5 : Operation 125 [1/1] (0.00ns)   --->   "%requant_output_addr_5 = getelementptr i8 %requant_output, i64 0, i64 5"   --->   Operation 125 'getelementptr' 'requant_output_addr_5' <Predicate = true> <Delay = 0.00>
ST_5 : Operation 126 [1/1] ( I:0.67ns O:0.67ns )   --->   "%store_ln56 = store i8 %select_ln56_5, i3 %requant_output_addr_5" [/home/luka/Scripting/ELEC_498-Capstone-LiteLM/HLS-Verilog/Transformer_logic/src-hls/compute_controller.cpp:56]   --->   Operation 126 'store' 'store_ln56' <Predicate = true> <Delay = 0.67> <CoreInst = "RAM">   --->   Core 82 'RAM' <Latency = 1> <II = 1> <Delay = 0.67> <Storage> <Opcode : 'load' 'store'> <Ports = 2> <Width = 8> <Depth = 8> <RAM>
ST_5 : Operation 127 [1/2] ( I:0.67ns O:0.67ns )   --->   "%requant_activation_load_6 = load i3 %requant_activation_addr_6" [/home/luka/Scripting/ELEC_498-Capstone-LiteLM/HLS-Verilog/Transformer_logic/src-hls/compute_controller.cpp:51]   --->   Operation 127 'load' 'requant_activation_load_6' <Predicate = true> <Delay = 0.67> <CoreInst = "RAM">   --->   Core 82 'RAM' <Latency = 1> <II = 1> <Delay = 0.67> <Storage> <Opcode : 'load' 'store'> <Ports = 2> <Width = 32> <Depth = 8> <RAM>
ST_5 : Operation 128 [1/1] (0.00ns)   --->   "%sext_ln51_6 = sext i32 %requant_activation_load_6" [/home/luka/Scripting/ELEC_498-Capstone-LiteLM/HLS-Verilog/Transformer_logic/src-hls/compute_controller.cpp:51]   --->   Operation 128 'sext' 'sext_ln51_6' <Predicate = true> <Delay = 0.00>
ST_5 : Operation 129 [1/1] (3.42ns)   --->   "%product_6 = mul i64 %sext_ln51_6, i64 %conv1" [/home/luka/Scripting/ELEC_498-Capstone-LiteLM/HLS-Verilog/Transformer_logic/src-hls/compute_controller.cpp:51]   --->   Operation 129 'mul' 'product_6' <Predicate = true> <Delay = 3.42> <CoreInst = "Multiplier">   --->   Core 3 'Multiplier' <Latency = 0> <II = 1> <Delay = 3.42> <FuncUnit> <Opcode : 'mul'> <InPorts = 2> <OutPorts = 1>
ST_5 : Operation 130 [1/1] (1.08ns)   --->   "%add_ln53_6 = add i64 %product_6, i64 %rounded" [/home/luka/Scripting/ELEC_498-Capstone-LiteLM/HLS-Verilog/Transformer_logic/src-hls/compute_controller.cpp:53]   --->   Operation 130 'add' 'add_ln53_6' <Predicate = true> <Delay = 1.08> <CoreInst = "Adder">   --->   Core 1 'Adder' <Latency = 0> <II = 1> <Delay = 1.08> <FuncUnit> <Opcode : 'add' 'sub'> <InPorts = 2> <OutPorts = 1>
ST_5 : Operation 131 [1/1] (1.53ns)   --->   "%ashr_ln53_6 = ashr i64 %add_ln53_6, i64 %sh_prom2" [/home/luka/Scripting/ELEC_498-Capstone-LiteLM/HLS-Verilog/Transformer_logic/src-hls/compute_controller.cpp:53]   --->   Operation 131 'ashr' 'ashr_ln53_6' <Predicate = true> <Delay = 1.53> <CoreInst = "Shifter">   --->   Core 75 'Shifter' <Latency = 0> <II = 1> <Delay = 1.53> <FuncUnit> <Opcode : 'shl' 'lshr' 'ashr'> <InPorts = 2> <OutPorts = 1>
ST_5 : Operation 132 [1/1] (0.00ns)   --->   "%scaled_6 = trunc i64 %ashr_ln53_6" [/home/luka/Scripting/ELEC_498-Capstone-LiteLM/HLS-Verilog/Transformer_logic/src-hls/compute_controller.cpp:53]   --->   Operation 132 'trunc' 'scaled_6' <Predicate = true> <Delay = 0.00>
ST_5 : Operation 133 [1/2] ( I:0.67ns O:0.67ns )   --->   "%requant_activation_load_7 = load i3 %requant_activation_addr_7" [/home/luka/Scripting/ELEC_498-Capstone-LiteLM/HLS-Verilog/Transformer_logic/src-hls/compute_controller.cpp:51]   --->   Operation 133 'load' 'requant_activation_load_7' <Predicate = true> <Delay = 0.67> <CoreInst = "RAM">   --->   Core 82 'RAM' <Latency = 1> <II = 1> <Delay = 0.67> <Storage> <Opcode : 'load' 'store'> <Ports = 2> <Width = 32> <Depth = 8> <RAM>
ST_5 : Operation 134 [1/1] (0.00ns)   --->   "%sext_ln51_7 = sext i32 %requant_activation_load_7" [/home/luka/Scripting/ELEC_498-Capstone-LiteLM/HLS-Verilog/Transformer_logic/src-hls/compute_controller.cpp:51]   --->   Operation 134 'sext' 'sext_ln51_7' <Predicate = true> <Delay = 0.00>
ST_5 : Operation 135 [1/1] (3.42ns)   --->   "%product_7 = mul i64 %sext_ln51_7, i64 %conv1" [/home/luka/Scripting/ELEC_498-Capstone-LiteLM/HLS-Verilog/Transformer_logic/src-hls/compute_controller.cpp:51]   --->   Operation 135 'mul' 'product_7' <Predicate = true> <Delay = 3.42> <CoreInst = "Multiplier">   --->   Core 3 'Multiplier' <Latency = 0> <II = 1> <Delay = 3.42> <FuncUnit> <Opcode : 'mul'> <InPorts = 2> <OutPorts = 1>
ST_5 : Operation 136 [1/1] (1.08ns)   --->   "%add_ln53_7 = add i64 %product_7, i64 %rounded" [/home/luka/Scripting/ELEC_498-Capstone-LiteLM/HLS-Verilog/Transformer_logic/src-hls/compute_controller.cpp:53]   --->   Operation 136 'add' 'add_ln53_7' <Predicate = true> <Delay = 1.08> <CoreInst = "Adder">   --->   Core 1 'Adder' <Latency = 0> <II = 1> <Delay = 1.08> <FuncUnit> <Opcode : 'add' 'sub'> <InPorts = 2> <OutPorts = 1>
ST_5 : Operation 137 [1/1] (1.53ns)   --->   "%ashr_ln53_7 = ashr i64 %add_ln53_7, i64 %sh_prom2" [/home/luka/Scripting/ELEC_498-Capstone-LiteLM/HLS-Verilog/Transformer_logic/src-hls/compute_controller.cpp:53]   --->   Operation 137 'ashr' 'ashr_ln53_7' <Predicate = true> <Delay = 1.53> <CoreInst = "Shifter">   --->   Core 75 'Shifter' <Latency = 0> <II = 1> <Delay = 1.53> <FuncUnit> <Opcode : 'shl' 'lshr' 'ashr'> <InPorts = 2> <OutPorts = 1>
ST_5 : Operation 138 [1/1] (0.00ns)   --->   "%scaled_7 = trunc i64 %ashr_ln53_7" [/home/luka/Scripting/ELEC_498-Capstone-LiteLM/HLS-Verilog/Transformer_logic/src-hls/compute_controller.cpp:53]   --->   Operation 138 'trunc' 'scaled_7' <Predicate = true> <Delay = 0.00>

State 6 <SV = 5> <Delay = 3.10>
ST_6 : Operation 139 [1/1] (0.00ns)   --->   "%specinterface_ln0 = specinterface void @_ssdm_op_SpecInterface, i8 %requant_output, void @empty_1, i32 0, i32 0, void @empty_0, i32 4294967295, i32 0, void @empty_0, void @empty_0, void @empty_0, i32 0, i32 0, i32 0, i32 0, void @empty_0, void @empty_0, i32 4294967295, i32 0, i32 0"   --->   Operation 139 'specinterface' 'specinterface_ln0' <Predicate = true> <Delay = 0.00>
ST_6 : Operation 140 [1/1] (0.00ns)   --->   "%specinterface_ln0 = specinterface void @_ssdm_op_SpecInterface, i32 %requant_activation, void @empty_1, i32 0, i32 0, void @empty_0, i32 4294967295, i32 0, void @empty_0, void @empty_0, void @empty_0, i32 0, i32 0, i32 0, i32 0, void @empty_0, void @empty_0, i32 4294967295, i32 0, i32 0"   --->   Operation 140 'specinterface' 'specinterface_ln0' <Predicate = true> <Delay = 0.00>
ST_6 : Operation 141 [1/1] (1.01ns)   --->   "%shifted_6 = add i32 %scaled_6, i32 %z_out_read" [/home/luka/Scripting/ELEC_498-Capstone-LiteLM/HLS-Verilog/Transformer_logic/src-hls/compute_controller.cpp:54]   --->   Operation 141 'add' 'shifted_6' <Predicate = true> <Delay = 1.01> <CoreInst = "Adder">   --->   Core 1 'Adder' <Latency = 0> <II = 1> <Delay = 1.01> <FuncUnit> <Opcode : 'add' 'sub'> <InPorts = 2> <OutPorts = 1>
ST_6 : Operation 142 [1/1] (0.00ns)   --->   "%tmp_82 = partselect i25 @_ssdm_op_PartSelect.i25.i32.i32.i32, i32 %shifted_6, i32 7, i32 31" [/home/luka/Scripting/ELEC_498-Capstone-LiteLM/HLS-Verilog/Transformer_logic/src-hls/compute_controller.cpp:56]   --->   Operation 142 'partselect' 'tmp_82' <Predicate = true> <Delay = 0.00>
ST_6 : Operation 143 [1/1] (0.94ns)   --->   "%icmp_ln56_6 = icmp_sgt  i25 %tmp_82, i25 0" [/home/luka/Scripting/ELEC_498-Capstone-LiteLM/HLS-Verilog/Transformer_logic/src-hls/compute_controller.cpp:56]   --->   Operation 143 'icmp' 'icmp_ln56_6' <Predicate = true> <Delay = 0.94> <CoreInst = "Cmp">   --->   Core 9 'Cmp' <Latency = 0> <II = 1> <Delay = 0.94> <FuncUnit> <Opcode : 'seteq' 'setne' 'setle' 'setge' 'setlt' 'setgt'> <InPorts = 2> <OutPorts = 1>
ST_6 : Operation 144 [1/1] (1.01ns)   --->   "%icmp_ln58_6 = icmp_slt  i32 %shifted_6, i32 4294967168" [/home/luka/Scripting/ELEC_498-Capstone-LiteLM/HLS-Verilog/Transformer_logic/src-hls/compute_controller.cpp:58]   --->   Operation 144 'icmp' 'icmp_ln58_6' <Predicate = true> <Delay = 1.01> <CoreInst = "Cmp">   --->   Core 9 'Cmp' <Latency = 0> <II = 1> <Delay = 1.01> <FuncUnit> <Opcode : 'seteq' 'setne' 'setle' 'setge' 'setlt' 'setgt'> <InPorts = 2> <OutPorts = 1>
ST_6 : Operation 145 [1/1] (0.00ns) (grouped into LUT with out node select_ln56_6)   --->   "%trunc_ln61_6 = trunc i32 %shifted_6" [/home/luka/Scripting/ELEC_498-Capstone-LiteLM/HLS-Verilog/Transformer_logic/src-hls/compute_controller.cpp:61]   --->   Operation 145 'trunc' 'trunc_ln61_6' <Predicate = true> <Delay = 0.00>
ST_6 : Operation 146 [1/1] (0.00ns) (grouped into LUT with out node select_ln56_6)   --->   "%select_ln56_14 = select i1 %icmp_ln56_6, i8 127, i8 128" [/home/luka/Scripting/ELEC_498-Capstone-LiteLM/HLS-Verilog/Transformer_logic/src-hls/compute_controller.cpp:56]   --->   Operation 146 'select' 'select_ln56_14' <Predicate = true> <Delay = 0.00> <CoreInst = "Sel">   --->   Core 73 'Sel' <Latency = 0> <II = 1> <Delay = 0.39> <FuncUnit> <Opcode : 'select'> <InPorts = 3> <OutPorts = 1>
ST_6 : Operation 147 [1/1] (0.00ns) (grouped into LUT with out node select_ln56_6)   --->   "%or_ln56_6 = or i1 %icmp_ln56_6, i1 %icmp_ln58_6" [/home/luka/Scripting/ELEC_498-Capstone-LiteLM/HLS-Verilog/Transformer_logic/src-hls/compute_controller.cpp:56]   --->   Operation 147 'or' 'or_ln56_6' <Predicate = true> <Delay = 0.00> <CoreInst = "LogicGate">   --->   Core 74 'LogicGate' <Latency = 0> <II = 1> <Delay = 0.28> <FuncUnit> <Opcode : 'and' 'or' 'xor'> <InPorts = 2> <OutPorts = 1>
ST_6 : Operation 148 [1/1] (0.39ns) (out node of the LUT)   --->   "%select_ln56_6 = select i1 %or_ln56_6, i8 %select_ln56_14, i8 %trunc_ln61_6" [/home/luka/Scripting/ELEC_498-Capstone-LiteLM/HLS-Verilog/Transformer_logic/src-hls/compute_controller.cpp:56]   --->   Operation 148 'select' 'select_ln56_6' <Predicate = true> <Delay = 0.39> <CoreInst = "Sel">   --->   Core 73 'Sel' <Latency = 0> <II = 1> <Delay = 0.39> <FuncUnit> <Opcode : 'select'> <InPorts = 3> <OutPorts = 1>
ST_6 : Operation 149 [1/1] (0.00ns)   --->   "%requant_output_addr_6 = getelementptr i8 %requant_output, i64 0, i64 6"   --->   Operation 149 'getelementptr' 'requant_output_addr_6' <Predicate = true> <Delay = 0.00>
ST_6 : Operation 150 [1/1] ( I:0.67ns O:0.67ns )   --->   "%store_ln56 = store i8 %select_ln56_6, i3 %requant_output_addr_6" [/home/luka/Scripting/ELEC_498-Capstone-LiteLM/HLS-Verilog/Transformer_logic/src-hls/compute_controller.cpp:56]   --->   Operation 150 'store' 'store_ln56' <Predicate = true> <Delay = 0.67> <CoreInst = "RAM">   --->   Core 82 'RAM' <Latency = 1> <II = 1> <Delay = 0.67> <Storage> <Opcode : 'load' 'store'> <Ports = 2> <Width = 8> <Depth = 8> <RAM>
ST_6 : Operation 151 [1/1] (1.01ns)   --->   "%shifted_7 = add i32 %scaled_7, i32 %z_out_read" [/home/luka/Scripting/ELEC_498-Capstone-LiteLM/HLS-Verilog/Transformer_logic/src-hls/compute_controller.cpp:54]   --->   Operation 151 'add' 'shifted_7' <Predicate = true> <Delay = 1.01> <CoreInst = "Adder">   --->   Core 1 'Adder' <Latency = 0> <II = 1> <Delay = 1.01> <FuncUnit> <Opcode : 'add' 'sub'> <InPorts = 2> <OutPorts = 1>
ST_6 : Operation 152 [1/1] (0.00ns)   --->   "%tmp_83 = partselect i25 @_ssdm_op_PartSelect.i25.i32.i32.i32, i32 %shifted_7, i32 7, i32 31" [/home/luka/Scripting/ELEC_498-Capstone-LiteLM/HLS-Verilog/Transformer_logic/src-hls/compute_controller.cpp:56]   --->   Operation 152 'partselect' 'tmp_83' <Predicate = true> <Delay = 0.00>
ST_6 : Operation 153 [1/1] (0.94ns)   --->   "%icmp_ln56_7 = icmp_sgt  i25 %tmp_83, i25 0" [/home/luka/Scripting/ELEC_498-Capstone-LiteLM/HLS-Verilog/Transformer_logic/src-hls/compute_controller.cpp:56]   --->   Operation 153 'icmp' 'icmp_ln56_7' <Predicate = true> <Delay = 0.94> <CoreInst = "Cmp">   --->   Core 9 'Cmp' <Latency = 0> <II = 1> <Delay = 0.94> <FuncUnit> <Opcode : 'seteq' 'setne' 'setle' 'setge' 'setlt' 'setgt'> <InPorts = 2> <OutPorts = 1>
ST_6 : Operation 154 [1/1] (1.01ns)   --->   "%icmp_ln58_7 = icmp_slt  i32 %shifted_7, i32 4294967168" [/home/luka/Scripting/ELEC_498-Capstone-LiteLM/HLS-Verilog/Transformer_logic/src-hls/compute_controller.cpp:58]   --->   Operation 154 'icmp' 'icmp_ln58_7' <Predicate = true> <Delay = 1.01> <CoreInst = "Cmp">   --->   Core 9 'Cmp' <Latency = 0> <II = 1> <Delay = 1.01> <FuncUnit> <Opcode : 'seteq' 'setne' 'setle' 'setge' 'setlt' 'setgt'> <InPorts = 2> <OutPorts = 1>
ST_6 : Operation 155 [1/1] (0.00ns) (grouped into LUT with out node select_ln56_7)   --->   "%trunc_ln61_7 = trunc i32 %shifted_7" [/home/luka/Scripting/ELEC_498-Capstone-LiteLM/HLS-Verilog/Transformer_logic/src-hls/compute_controller.cpp:61]   --->   Operation 155 'trunc' 'trunc_ln61_7' <Predicate = true> <Delay = 0.00>
ST_6 : Operation 156 [1/1] (0.00ns) (grouped into LUT with out node select_ln56_7)   --->   "%select_ln56_15 = select i1 %icmp_ln56_7, i8 127, i8 128" [/home/luka/Scripting/ELEC_498-Capstone-LiteLM/HLS-Verilog/Transformer_logic/src-hls/compute_controller.cpp:56]   --->   Operation 156 'select' 'select_ln56_15' <Predicate = true> <Delay = 0.00> <CoreInst = "Sel">   --->   Core 73 'Sel' <Latency = 0> <II = 1> <Delay = 0.39> <FuncUnit> <Opcode : 'select'> <InPorts = 3> <OutPorts = 1>
ST_6 : Operation 157 [1/1] (0.00ns) (grouped into LUT with out node select_ln56_7)   --->   "%or_ln56_7 = or i1 %icmp_ln56_7, i1 %icmp_ln58_7" [/home/luka/Scripting/ELEC_498-Capstone-LiteLM/HLS-Verilog/Transformer_logic/src-hls/compute_controller.cpp:56]   --->   Operation 157 'or' 'or_ln56_7' <Predicate = true> <Delay = 0.00> <CoreInst = "LogicGate">   --->   Core 74 'LogicGate' <Latency = 0> <II = 1> <Delay = 0.28> <FuncUnit> <Opcode : 'and' 'or' 'xor'> <InPorts = 2> <OutPorts = 1>
ST_6 : Operation 158 [1/1] (0.39ns) (out node of the LUT)   --->   "%select_ln56_7 = select i1 %or_ln56_7, i8 %select_ln56_15, i8 %trunc_ln61_7" [/home/luka/Scripting/ELEC_498-Capstone-LiteLM/HLS-Verilog/Transformer_logic/src-hls/compute_controller.cpp:56]   --->   Operation 158 'select' 'select_ln56_7' <Predicate = true> <Delay = 0.39> <CoreInst = "Sel">   --->   Core 73 'Sel' <Latency = 0> <II = 1> <Delay = 0.39> <FuncUnit> <Opcode : 'select'> <InPorts = 3> <OutPorts = 1>
ST_6 : Operation 159 [1/1] (0.00ns)   --->   "%requant_output_addr_7 = getelementptr i8 %requant_output, i64 0, i64 7"   --->   Operation 159 'getelementptr' 'requant_output_addr_7' <Predicate = true> <Delay = 0.00>
ST_6 : Operation 160 [1/1] ( I:0.67ns O:0.67ns )   --->   "%store_ln56 = store i8 %select_ln56_7, i3 %requant_output_addr_7" [/home/luka/Scripting/ELEC_498-Capstone-LiteLM/HLS-Verilog/Transformer_logic/src-hls/compute_controller.cpp:56]   --->   Operation 160 'store' 'store_ln56' <Predicate = true> <Delay = 0.67> <CoreInst = "RAM">   --->   Core 82 'RAM' <Latency = 1> <II = 1> <Delay = 0.67> <Storage> <Opcode : 'load' 'store'> <Ports = 2> <Width = 8> <Depth = 8> <RAM>
ST_6 : Operation 161 [1/1] (0.00ns)   --->   "%ret_ln64 = ret" [/home/luka/Scripting/ELEC_498-Capstone-LiteLM/HLS-Verilog/Transformer_logic/src-hls/compute_controller.cpp:64]   --->   Operation 161 'ret' 'ret_ln64' <Predicate = true> <Delay = 0.00>


============================================================
+ Verbose Summary: Timing violations
============================================================
Target clock period: 10.000ns, clock uncertainty: 2.700ns.

 <State 1>: 0.677ns
The critical path consists of the following:
	'getelementptr' operation 3 bit ('requant_activation_addr', /home/luka/Scripting/ELEC_498-Capstone-LiteLM/HLS-Verilog/Transformer_logic/src-hls/compute_controller.cpp:51) [16]  (0.000 ns)
	'load' operation 32 bit ('requant_activation_load', /home/luka/Scripting/ELEC_498-Capstone-LiteLM/HLS-Verilog/Transformer_logic/src-hls/compute_controller.cpp:51) on array 'requant_activation' [17]  (0.677 ns)

 <State 2>: 6.718ns
The critical path consists of the following:
	'load' operation 32 bit ('requant_activation_load', /home/luka/Scripting/ELEC_498-Capstone-LiteLM/HLS-Verilog/Transformer_logic/src-hls/compute_controller.cpp:51) on array 'requant_activation' [17]  (0.677 ns)
	'mul' operation 64 bit ('product', /home/luka/Scripting/ELEC_498-Capstone-LiteLM/HLS-Verilog/Transformer_logic/src-hls/compute_controller.cpp:51) [19]  (3.420 ns)
	'add' operation 64 bit ('add_ln53', /home/luka/Scripting/ELEC_498-Capstone-LiteLM/HLS-Verilog/Transformer_logic/src-hls/compute_controller.cpp:53) [20]  (1.085 ns)
	'ashr' operation 64 bit ('ashr_ln53', /home/luka/Scripting/ELEC_498-Capstone-LiteLM/HLS-Verilog/Transformer_logic/src-hls/compute_controller.cpp:53) [21]  (1.536 ns)

 <State 3>: 6.718ns
The critical path consists of the following:
	'load' operation 32 bit ('requant_activation_load_2', /home/luka/Scripting/ELEC_498-Capstone-LiteLM/HLS-Verilog/Transformer_logic/src-hls/compute_controller.cpp:51) on array 'requant_activation' [51]  (0.677 ns)
	'mul' operation 64 bit ('product', /home/luka/Scripting/ELEC_498-Capstone-LiteLM/HLS-Verilog/Transformer_logic/src-hls/compute_controller.cpp:51) [53]  (3.420 ns)
	'add' operation 64 bit ('add_ln53_2', /home/luka/Scripting/ELEC_498-Capstone-LiteLM/HLS-Verilog/Transformer_logic/src-hls/compute_controller.cpp:53) [54]  (1.085 ns)
	'ashr' operation 64 bit ('ashr_ln53_2', /home/luka/Scripting/ELEC_498-Capstone-LiteLM/HLS-Verilog/Transformer_logic/src-hls/compute_controller.cpp:53) [55]  (1.536 ns)

 <State 4>: 6.718ns
The critical path consists of the following:
	'load' operation 32 bit ('requant_activation_load_4', /home/luka/Scripting/ELEC_498-Capstone-LiteLM/HLS-Verilog/Transformer_logic/src-hls/compute_controller.cpp:51) on array 'requant_activation' [85]  (0.677 ns)
	'mul' operation 64 bit ('product', /home/luka/Scripting/ELEC_498-Capstone-LiteLM/HLS-Verilog/Transformer_logic/src-hls/compute_controller.cpp:51) [87]  (3.420 ns)
	'add' operation 64 bit ('add_ln53_4', /home/luka/Scripting/ELEC_498-Capstone-LiteLM/HLS-Verilog/Transformer_logic/src-hls/compute_controller.cpp:53) [88]  (1.085 ns)
	'ashr' operation 64 bit ('ashr_ln53_4', /home/luka/Scripting/ELEC_498-Capstone-LiteLM/HLS-Verilog/Transformer_logic/src-hls/compute_controller.cpp:53) [89]  (1.536 ns)

 <State 5>: 6.718ns
The critical path consists of the following:
	'load' operation 32 bit ('requant_activation_load_6', /home/luka/Scripting/ELEC_498-Capstone-LiteLM/HLS-Verilog/Transformer_logic/src-hls/compute_controller.cpp:51) on array 'requant_activation' [119]  (0.677 ns)
	'mul' operation 64 bit ('product', /home/luka/Scripting/ELEC_498-Capstone-LiteLM/HLS-Verilog/Transformer_logic/src-hls/compute_controller.cpp:51) [121]  (3.420 ns)
	'add' operation 64 bit ('add_ln53_6', /home/luka/Scripting/ELEC_498-Capstone-LiteLM/HLS-Verilog/Transformer_logic/src-hls/compute_controller.cpp:53) [122]  (1.085 ns)
	'ashr' operation 64 bit ('ashr_ln53_6', /home/luka/Scripting/ELEC_498-Capstone-LiteLM/HLS-Verilog/Transformer_logic/src-hls/compute_controller.cpp:53) [123]  (1.536 ns)

 <State 6>: 3.102ns
The critical path consists of the following:
	'add' operation 32 bit ('shifted', /home/luka/Scripting/ELEC_498-Capstone-LiteLM/HLS-Verilog/Transformer_logic/src-hls/compute_controller.cpp:54) [125]  (1.016 ns)
	'icmp' operation 1 bit ('icmp_ln58_6', /home/luka/Scripting/ELEC_498-Capstone-LiteLM/HLS-Verilog/Transformer_logic/src-hls/compute_controller.cpp:58) [128]  (1.016 ns)
	'or' operation 1 bit ('or_ln56_6', /home/luka/Scripting/ELEC_498-Capstone-LiteLM/HLS-Verilog/Transformer_logic/src-hls/compute_controller.cpp:56) [131]  (0.000 ns)
	'select' operation 8 bit ('select_ln56_6', /home/luka/Scripting/ELEC_498-Capstone-LiteLM/HLS-Verilog/Transformer_logic/src-hls/compute_controller.cpp:56) [132]  (0.393 ns)
	'store' operation 0 bit ('store_ln56', /home/luka/Scripting/ELEC_498-Capstone-LiteLM/HLS-Verilog/Transformer_logic/src-hls/compute_controller.cpp:56) of variable 'select_ln56_6', /home/luka/Scripting/ELEC_498-Capstone-LiteLM/HLS-Verilog/Transformer_logic/src-hls/compute_controller.cpp:56 on array 'requant_output' [134]  (0.677 ns)


============================================================
+ Verbose Summary: Binding
============================================================
N/A
* FSMD analyzer results:
  - Output states:
 - Input state : 
  - Chain level:
	State 1
	State 2
	State 3
	State 4
	State 5
	State 6


============================================================
+ Verbose Summary: Datapath Resource usage 
============================================================
N/A
