

================================================================
== Vitis HLS Report for 'RMS_NORM_Pipeline_VITIS_LOOP_123_1'
================================================================
* Date:           Wed Jan 28 19:35:27 2026

* Version:        2025.1 (Build 6135595 on May 21 2025)
* Project:        compute_controller
* Solution:       hls (Vivado IP Flow Target)
* Product family: zynquplus
* Target device:  xck26-sfvc784-2LV-c


================================================================
== Performance Estimates
================================================================
+ Timing: 
    * Summary: 
    +--------+----------+----------+------------+
    |  Clock |  Target  | Estimated| Uncertainty|
    +--------+----------+----------+------------+
    |ap_clk  |  10.00 ns|  1.912 ns|     2.70 ns|
    +--------+----------+----------+------------+

+ Latency: 
    * Summary: 
    +---------+---------+----------+----------+-----+-----+------------------------------------------------+
    |  Latency (cycles) |  Latency (absolute) |  Interval |                    Pipeline                    |
    |   min   |   max   |    min   |    max   | min | max |                      Type                      |
    +---------+---------+----------+----------+-----+-----+------------------------------------------------+
    |       20|       20|  0.200 us|  0.200 us|   17|   17|  loop auto-rewind stp (delay=0 clock cycles(s))|
    +---------+---------+----------+----------+-----+-----+------------------------------------------------+

    + Detail: 
        * Instance: 
        N/A

        * Loop: 
        +--------------------+---------+---------+----------+-----------+-----------+------+----------+
        |                    |  Latency (cycles) | Iteration|  Initiation Interval  | Trip |          |
        |      Loop Name     |   min   |   max   |  Latency |  achieved |   target  | Count| Pipelined|
        +--------------------+---------+---------+----------+-----------+-----------+------+----------+
        |- VITIS_LOOP_123_1  |       18|       18|         4|          1|          1|    16|       yes|
        +--------------------+---------+---------+----------+-----------+-----------+------+----------+

============================================================
+ Verbose Summary: Synthesis Manager
============================================================
InlineROM: 1
ExposeGlobal: 0
============================================================
+ Verbose Summary: CDFG Model
============================================================
IsTopModel: 0
ResetActiveHigh: 1
IsCombinational: 0
IsDatapathOnly: 0
HasWiredReturn: 1
HasMFsm: 2
HasVarLatency: 1
IsPipeline: 0
IsRtlPipelined: 0
IsInstanceOverlapped: 0
IsDontTouch: 0
HasImplIP: 0
IsGatedGlobalClock: 0

+ Individual pipeline summary: 
  * Pipeline-0: initiation interval (II) = 1, depth = 4


============================================================
+ Verbose Summary: Schedule
============================================================
* Number of FSM states : 4
* Pipeline : 1
  Pipeline-0 : II = 1, D = 4, States = { 1 2 3 4 }
* Dataflow Pipeline: 0

* FSM state transitions: 
1 --> 2 
2 --> 3 
3 --> 4 
4 --> 

* FSM state operations: 

State 1 <SV = 0> <Delay = 1.91>
ST_1 : Operation 7 [1/1] (0.00ns)   --->   "%square = alloca i32 1" [/home/luka/Scripting/ELEC_498-Capstone-LiteLM/HLS-Verilog/Transformer_logic/src-hls/compute_controller.cpp:121]   --->   Operation 7 'alloca' 'square' <Predicate = true> <Delay = 0.00>
ST_1 : Operation 8 [1/1] (0.00ns)   --->   "%i = alloca i32 1" [/home/luka/Scripting/ELEC_498-Capstone-LiteLM/HLS-Verilog/Transformer_logic/src-hls/compute_controller.cpp:123]   --->   Operation 8 'alloca' 'i' <Predicate = true> <Delay = 0.00>
ST_1 : Operation 9 [1/1] (0.00ns)   --->   "%p_ZZ18compute_controllerbbjRbS_bS_S_RjPKhPhR12ComputeStateS0_RhS6_S6_S6_S_S_S_S_E_252 = read i8 @_ssdm_op_Read.ap_auto.i8, i8 %p_ZZ18compute_controllerbbjRbS_bS_S_RjPKhPhR12ComputeStateS0_RhS6_S6_S6_S_S_S_S_E_239"   --->   Operation 9 'read' 'p_ZZ18compute_controllerbbjRbS_bS_S_RjPKhPhR12ComputeStateS0_RhS6_S6_S6_S_S_S_S_E_252' <Predicate = true> <Delay = 0.00>
ST_1 : Operation 10 [1/1] (0.00ns)   --->   "%p_ZZ18compute_controllerbbjRbS_bS_S_RjPKhPhR12ComputeStateS0_RhS6_S6_S6_S_S_S_S_E_253 = read i8 @_ssdm_op_Read.ap_auto.i8, i8 %p_ZZ18compute_controllerbbjRbS_bS_S_RjPKhPhR12ComputeStateS0_RhS6_S6_S6_S_S_S_S_E_238"   --->   Operation 10 'read' 'p_ZZ18compute_controllerbbjRbS_bS_S_RjPKhPhR12ComputeStateS0_RhS6_S6_S6_S_S_S_S_E_253' <Predicate = true> <Delay = 0.00>
ST_1 : Operation 11 [1/1] (0.00ns)   --->   "%p_ZZ18compute_controllerbbjRbS_bS_S_RjPKhPhR12ComputeStateS0_RhS6_S6_S6_S_S_S_S_E_254 = read i8 @_ssdm_op_Read.ap_auto.i8, i8 %p_ZZ18compute_controllerbbjRbS_bS_S_RjPKhPhR12ComputeStateS0_RhS6_S6_S6_S_S_S_S_E_237"   --->   Operation 11 'read' 'p_ZZ18compute_controllerbbjRbS_bS_S_RjPKhPhR12ComputeStateS0_RhS6_S6_S6_S_S_S_S_E_254' <Predicate = true> <Delay = 0.00>
ST_1 : Operation 12 [1/1] (0.00ns)   --->   "%p_ZZ18compute_controllerbbjRbS_bS_S_RjPKhPhR12ComputeStateS0_RhS6_S6_S6_S_S_S_S_E_255 = read i8 @_ssdm_op_Read.ap_auto.i8, i8 %p_ZZ18compute_controllerbbjRbS_bS_S_RjPKhPhR12ComputeStateS0_RhS6_S6_S6_S_S_S_S_E_236"   --->   Operation 12 'read' 'p_ZZ18compute_controllerbbjRbS_bS_S_RjPKhPhR12ComputeStateS0_RhS6_S6_S6_S_S_S_S_E_255' <Predicate = true> <Delay = 0.00>
ST_1 : Operation 13 [1/1] (0.00ns)   --->   "%p_ZZ18compute_controllerbbjRbS_bS_S_RjPKhPhR12ComputeStateS0_RhS6_S6_S6_S_S_S_S_E_256 = read i8 @_ssdm_op_Read.ap_auto.i8, i8 %p_ZZ18compute_controllerbbjRbS_bS_S_RjPKhPhR12ComputeStateS0_RhS6_S6_S6_S_S_S_S_E_235"   --->   Operation 13 'read' 'p_ZZ18compute_controllerbbjRbS_bS_S_RjPKhPhR12ComputeStateS0_RhS6_S6_S6_S_S_S_S_E_256' <Predicate = true> <Delay = 0.00>
ST_1 : Operation 14 [1/1] (0.00ns)   --->   "%p_ZZ18compute_controllerbbjRbS_bS_S_RjPKhPhR12ComputeStateS0_RhS6_S6_S6_S_S_S_S_E_257 = read i8 @_ssdm_op_Read.ap_auto.i8, i8 %p_ZZ18compute_controllerbbjRbS_bS_S_RjPKhPhR12ComputeStateS0_RhS6_S6_S6_S_S_S_S_E_234"   --->   Operation 14 'read' 'p_ZZ18compute_controllerbbjRbS_bS_S_RjPKhPhR12ComputeStateS0_RhS6_S6_S6_S_S_S_S_E_257' <Predicate = true> <Delay = 0.00>
ST_1 : Operation 15 [1/1] (0.00ns)   --->   "%compute_controller_bool_bool_unsigned_int_bool_bool_bool_bool_bool_u_523 = read i8 @_ssdm_op_Read.ap_auto.i8, i8 %compute_controller_bool_bool_unsigned_int_bool_bool_bool_bool_bool_u_440"   --->   Operation 15 'read' 'compute_controller_bool_bool_unsigned_int_bool_bool_bool_bool_bool_u_523' <Predicate = true> <Delay = 0.00>
ST_1 : Operation 16 [1/1] (0.00ns)   --->   "%compute_controller_bool_bool_unsigned_int_bool_bool_bool_bool_bool_u_524 = read i8 @_ssdm_op_Read.ap_auto.i8, i8 %compute_controller_bool_bool_unsigned_int_bool_bool_bool_bool_bool_u_439"   --->   Operation 16 'read' 'compute_controller_bool_bool_unsigned_int_bool_bool_bool_bool_bool_u_524' <Predicate = true> <Delay = 0.00>
ST_1 : Operation 17 [1/1] (0.00ns)   --->   "%compute_controller_bool_bool_unsigned_int_bool_bool_bool_bool_bool_u_525 = read i8 @_ssdm_op_Read.ap_auto.i8, i8 %compute_controller_bool_bool_unsigned_int_bool_bool_bool_bool_bool_u_438"   --->   Operation 17 'read' 'compute_controller_bool_bool_unsigned_int_bool_bool_bool_bool_bool_u_525' <Predicate = true> <Delay = 0.00>
ST_1 : Operation 18 [1/1] (0.00ns)   --->   "%compute_controller_bool_bool_unsigned_int_bool_bool_bool_bool_bool_u_526 = read i8 @_ssdm_op_Read.ap_auto.i8, i8 %compute_controller_bool_bool_unsigned_int_bool_bool_bool_bool_bool_u_437"   --->   Operation 18 'read' 'compute_controller_bool_bool_unsigned_int_bool_bool_bool_bool_bool_u_526' <Predicate = true> <Delay = 0.00>
ST_1 : Operation 19 [1/1] (0.00ns)   --->   "%compute_controller_bool_bool_unsigned_int_bool_bool_bool_bool_bool_u_527 = read i8 @_ssdm_op_Read.ap_auto.i8, i8 %compute_controller_bool_bool_unsigned_int_bool_bool_bool_bool_bool_u_436"   --->   Operation 19 'read' 'compute_controller_bool_bool_unsigned_int_bool_bool_bool_bool_bool_u_527' <Predicate = true> <Delay = 0.00>
ST_1 : Operation 20 [1/1] (0.00ns)   --->   "%compute_controller_bool_bool_unsigned_int_bool_bool_bool_bool_bool_u_528 = read i8 @_ssdm_op_Read.ap_auto.i8, i8 %compute_controller_bool_bool_unsigned_int_bool_bool_bool_bool_bool_u_435"   --->   Operation 20 'read' 'compute_controller_bool_bool_unsigned_int_bool_bool_bool_bool_bool_u_528' <Predicate = true> <Delay = 0.00>
ST_1 : Operation 21 [1/1] (0.00ns)   --->   "%compute_controller_bool_bool_unsigned_int_bool_bool_bool_bool_bool_u_529 = read i8 @_ssdm_op_Read.ap_auto.i8, i8 %compute_controller_bool_bool_unsigned_int_bool_bool_bool_bool_bool_u_434"   --->   Operation 21 'read' 'compute_controller_bool_bool_unsigned_int_bool_bool_bool_bool_bool_u_529' <Predicate = true> <Delay = 0.00>
ST_1 : Operation 22 [1/1] (0.00ns)   --->   "%compute_controller_bool_bool_unsigned_int_bool_bool_bool_bool_bool_u_530 = read i8 @_ssdm_op_Read.ap_auto.i8, i8 %compute_controller_bool_bool_unsigned_int_bool_bool_bool_bool_bool_u_433"   --->   Operation 22 'read' 'compute_controller_bool_bool_unsigned_int_bool_bool_bool_bool_bool_u_530' <Predicate = true> <Delay = 0.00>
ST_1 : Operation 23 [1/1] (0.00ns)   --->   "%compute_controller_bool_bool_unsigned_int_bool_bool_bool_bool_bool_u_531 = read i8 @_ssdm_op_Read.ap_auto.i8, i8 %compute_controller_bool_bool_unsigned_int_bool_bool_bool_bool_bool_u_432"   --->   Operation 23 'read' 'compute_controller_bool_bool_unsigned_int_bool_bool_bool_bool_bool_u_531' <Predicate = true> <Delay = 0.00>
ST_1 : Operation 24 [1/1] (0.00ns)   --->   "%compute_controller_bool_bool_unsigned_int_bool_bool_bool_bool_bool_u_532 = read i8 @_ssdm_op_Read.ap_auto.i8, i8 %compute_controller_bool_bool_unsigned_int_bool_bool_bool_bool_bool_u_431"   --->   Operation 24 'read' 'compute_controller_bool_bool_unsigned_int_bool_bool_bool_bool_bool_u_532' <Predicate = true> <Delay = 0.00>
ST_1 : Operation 25 [1/1] (0.42ns)   --->   "%store_ln123 = store i5 0, i5 %i" [/home/luka/Scripting/ELEC_498-Capstone-LiteLM/HLS-Verilog/Transformer_logic/src-hls/compute_controller.cpp:123]   --->   Operation 25 'store' 'store_ln123' <Predicate = true> <Delay = 0.42>
ST_1 : Operation 26 [1/1] (0.42ns)   --->   "%store_ln121 = store i20 0, i20 %square" [/home/luka/Scripting/ELEC_498-Capstone-LiteLM/HLS-Verilog/Transformer_logic/src-hls/compute_controller.cpp:121]   --->   Operation 26 'store' 'store_ln121' <Predicate = true> <Delay = 0.42>
ST_1 : Operation 27 [1/1] (0.00ns)   --->   "%br_ln0 = br void %for.inc"   --->   Operation 27 'br' 'br_ln0' <Predicate = true> <Delay = 0.00>
ST_1 : Operation 28 [1/1] (0.00ns)   --->   "%i_18 = load i5 %i" [/home/luka/Scripting/ELEC_498-Capstone-LiteLM/HLS-Verilog/Transformer_logic/src-hls/compute_controller.cpp:123]   --->   Operation 28 'load' 'i_18' <Predicate = true> <Delay = 0.00>
ST_1 : Operation 29 [1/1] (0.78ns)   --->   "%icmp_ln123 = icmp_eq  i5 %i_18, i5 16" [/home/luka/Scripting/ELEC_498-Capstone-LiteLM/HLS-Verilog/Transformer_logic/src-hls/compute_controller.cpp:123]   --->   Operation 29 'icmp' 'icmp_ln123' <Predicate = true> <Delay = 0.78> <CoreInst = "Cmp">   --->   Core 9 'Cmp' <Latency = 0> <II = 1> <Delay = 0.78> <FuncUnit> <Opcode : 'seteq' 'setne' 'setle' 'setge' 'setlt' 'setgt'> <InPorts = 2> <OutPorts = 1>
ST_1 : Operation 30 [1/1] (0.78ns)   --->   "%add_ln123 = add i5 %i_18, i5 1" [/home/luka/Scripting/ELEC_498-Capstone-LiteLM/HLS-Verilog/Transformer_logic/src-hls/compute_controller.cpp:123]   --->   Operation 30 'add' 'add_ln123' <Predicate = true> <Delay = 0.78> <CoreInst = "Adder">   --->   Core 1 'Adder' <Latency = 0> <II = 1> <Delay = 0.78> <FuncUnit> <Opcode : 'add' 'sub'> <InPorts = 2> <OutPorts = 1>
ST_1 : Operation 31 [1/1] (0.00ns)   --->   "%br_ln123 = br i1 %icmp_ln123, void %for.inc.split, void %for.end.exitStub" [/home/luka/Scripting/ELEC_498-Capstone-LiteLM/HLS-Verilog/Transformer_logic/src-hls/compute_controller.cpp:123]   --->   Operation 31 'br' 'br_ln123' <Predicate = true> <Delay = 0.00>
ST_1 : Operation 32 [1/1] (0.00ns)   --->   "%trunc_ln123_1 = trunc i5 %i_18" [/home/luka/Scripting/ELEC_498-Capstone-LiteLM/HLS-Verilog/Transformer_logic/src-hls/compute_controller.cpp:123]   --->   Operation 32 'trunc' 'trunc_ln123_1' <Predicate = (!icmp_ln123)> <Delay = 0.00>
ST_1 : Operation 33 [1/1] (0.48ns)   --->   "%tmp = sparsemux i8 @_ssdm_op_SparseMux.ap_auto.16i8.i8.i4, i4 0, i8 %compute_controller_bool_bool_unsigned_int_bool_bool_bool_bool_bool_u_532, i4 1, i8 %compute_controller_bool_bool_unsigned_int_bool_bool_bool_bool_bool_u_531, i4 2, i8 %compute_controller_bool_bool_unsigned_int_bool_bool_bool_bool_bool_u_530, i4 3, i8 %compute_controller_bool_bool_unsigned_int_bool_bool_bool_bool_bool_u_529, i4 4, i8 %compute_controller_bool_bool_unsigned_int_bool_bool_bool_bool_bool_u_528, i4 5, i8 %compute_controller_bool_bool_unsigned_int_bool_bool_bool_bool_bool_u_527, i4 6, i8 %compute_controller_bool_bool_unsigned_int_bool_bool_bool_bool_bool_u_526, i4 7, i8 %compute_controller_bool_bool_unsigned_int_bool_bool_bool_bool_bool_u_525, i4 8, i8 %compute_controller_bool_bool_unsigned_int_bool_bool_bool_bool_bool_u_524, i4 9, i8 %compute_controller_bool_bool_unsigned_int_bool_bool_bool_bool_bool_u_523, i4 10, i8 %p_ZZ18compute_controllerbbjRbS_bS_S_RjPKhPhR12ComputeStateS0_RhS6_S6_S6_S_S_S_S_E_257, i4 11, i8 %p_ZZ18compute_controllerbbjRbS_bS_S_RjPKhPhR12ComputeStateS0_RhS6_S6_S6_S_S_S_S_E_256, i4 12, i8 %p_ZZ18compute_controllerbbjRbS_bS_S_RjPKhPhR12ComputeStateS0_RhS6_S6_S6_S_S_S_S_E_255, i4 13, i8 %p_ZZ18compute_controllerbbjRbS_bS_S_RjPKhPhR12ComputeStateS0_RhS6_S6_S6_S_S_S_S_E_254, i4 14, i8 %p_ZZ18compute_controllerbbjRbS_bS_S_RjPKhPhR12ComputeStateS0_RhS6_S6_S6_S_S_S_S_E_253, i4 15, i8 %p_ZZ18compute_controllerbbjRbS_bS_S_RjPKhPhR12ComputeStateS0_RhS6_S6_S6_S_S_S_S_E_252, i8 0, i4 %trunc_ln123_1" [/home/luka/Scripting/ELEC_498-Capstone-LiteLM/HLS-Verilog/Transformer_logic/src-hls/compute_controller.cpp:124]   --->   Operation 33 'sparsemux' 'tmp' <Predicate = (!icmp_ln123)> <Delay = 0.48> <CoreInst = "BinarySparseMux_DontCare">   --->   Core 149 'BinarySparseMux_DontCare' <Latency = 0> <II = 1> <Delay = 0.48> <FuncUnit> <Opcode : 'sparsemux'> <InPorts = 2> <OutPorts = 1>
ST_1 : Operation 34 [1/1] (0.00ns)   --->   "%sext_ln124 = sext i8 %tmp" [/home/luka/Scripting/ELEC_498-Capstone-LiteLM/HLS-Verilog/Transformer_logic/src-hls/compute_controller.cpp:124]   --->   Operation 34 'sext' 'sext_ln124' <Predicate = (!icmp_ln123)> <Delay = 0.00>
ST_1 : Operation 35 [3/3] (0.99ns) (grouped into DSP with root node square_3)   --->   "%mul_ln124 = mul i16 %sext_ln124, i16 %sext_ln124" [/home/luka/Scripting/ELEC_498-Capstone-LiteLM/HLS-Verilog/Transformer_logic/src-hls/compute_controller.cpp:124]   --->   Operation 35 'mul' 'mul_ln124' <Predicate = (!icmp_ln123)> <Delay = 0.99> <CoreInst = "DSP48">   --->   Core 124 'DSP48' <Latency = 3> <II = 1> <Delay = 0.53> <IPBlock> <Opcode : 'add' 'sub' 'mul' 'select'> <InPorts = 0> <OutPorts = 1> <Sync> <CReg>
ST_1 : Operation 36 [1/1] (0.42ns)   --->   "%store_ln123 = store i5 %add_ln123, i5 %i" [/home/luka/Scripting/ELEC_498-Capstone-LiteLM/HLS-Verilog/Transformer_logic/src-hls/compute_controller.cpp:123]   --->   Operation 36 'store' 'store_ln123' <Predicate = (!icmp_ln123)> <Delay = 0.42>

State 2 <SV = 1> <Delay = 0.99>
ST_2 : Operation 37 [2/3] (0.99ns) (grouped into DSP with root node square_3)   --->   "%mul_ln124 = mul i16 %sext_ln124, i16 %sext_ln124" [/home/luka/Scripting/ELEC_498-Capstone-LiteLM/HLS-Verilog/Transformer_logic/src-hls/compute_controller.cpp:124]   --->   Operation 37 'mul' 'mul_ln124' <Predicate = (!icmp_ln123)> <Delay = 0.99> <CoreInst = "DSP48">   --->   Core 124 'DSP48' <Latency = 3> <II = 1> <Delay = 0.53> <IPBlock> <Opcode : 'add' 'sub' 'mul' 'select'> <InPorts = 0> <OutPorts = 1> <Sync> <CReg>

State 3 <SV = 2> <Delay = 0.64>
ST_3 : Operation 38 [1/1] (0.00ns)   --->   "%square_2 = load i20 %square" [/home/luka/Scripting/ELEC_498-Capstone-LiteLM/HLS-Verilog/Transformer_logic/src-hls/compute_controller.cpp:124]   --->   Operation 38 'load' 'square_2' <Predicate = true> <Delay = 0.00>
ST_3 : Operation 39 [1/1] (0.00ns)   --->   "%trunc_ln123 = trunc i20 %square_2" [/home/luka/Scripting/ELEC_498-Capstone-LiteLM/HLS-Verilog/Transformer_logic/src-hls/compute_controller.cpp:123]   --->   Operation 39 'trunc' 'trunc_ln123' <Predicate = true> <Delay = 0.00>
ST_3 : Operation 40 [1/3] (0.00ns) (grouped into DSP with root node square_3)   --->   "%mul_ln124 = mul i16 %sext_ln124, i16 %sext_ln124" [/home/luka/Scripting/ELEC_498-Capstone-LiteLM/HLS-Verilog/Transformer_logic/src-hls/compute_controller.cpp:124]   --->   Operation 40 'mul' 'mul_ln124' <Predicate = (!icmp_ln123)> <Delay = 0.00> <CoreInst = "DSP48">   --->   Core 124 'DSP48' <Latency = 3> <II = 1> <Delay = 0.53> <IPBlock> <Opcode : 'add' 'sub' 'mul' 'select'> <InPorts = 0> <OutPorts = 1> <Sync> <CReg>
ST_3 : Operation 41 [1/1] (0.00ns) (grouped into DSP with root node square_3)   --->   "%sext_ln124_1 = sext i16 %mul_ln124" [/home/luka/Scripting/ELEC_498-Capstone-LiteLM/HLS-Verilog/Transformer_logic/src-hls/compute_controller.cpp:124]   --->   Operation 41 'sext' 'sext_ln124_1' <Predicate = (!icmp_ln123)> <Delay = 0.00>
ST_3 : Operation 42 [2/2] (0.64ns) (root node of the DSP)   --->   "%square_3 = add i20 %sext_ln124_1, i20 %square_2" [/home/luka/Scripting/ELEC_498-Capstone-LiteLM/HLS-Verilog/Transformer_logic/src-hls/compute_controller.cpp:124]   --->   Operation 42 'add' 'square_3' <Predicate = (!icmp_ln123)> <Delay = 0.64> <CoreInst = "DSP48">   --->   Core 124 'DSP48' <Latency = 3> <II = 1> <Delay = 0.53> <IPBlock> <Opcode : 'add' 'sub' 'mul' 'select'> <InPorts = 0> <OutPorts = 1> <Sync> <CReg>
ST_3 : Operation 49 [1/1] (0.00ns)   --->   "%write_ln123 = write void @_ssdm_op_Write.ap_auto.i19P0A, i19 %square_out, i19 %trunc_ln123" [/home/luka/Scripting/ELEC_498-Capstone-LiteLM/HLS-Verilog/Transformer_logic/src-hls/compute_controller.cpp:123]   --->   Operation 49 'write' 'write_ln123' <Predicate = (icmp_ln123)> <Delay = 0.00>
ST_3 : Operation 50 [1/1] (0.42ns)   --->   "%ret_ln0 = ret"   --->   Operation 50 'ret' 'ret_ln0' <Predicate = (icmp_ln123)> <Delay = 0.42>

State 4 <SV = 3> <Delay = 1.07>
ST_4 : Operation 43 [1/1] (0.00ns)   --->   "%specpipeline_ln121 = specpipeline void @_ssdm_op_SpecPipeline, i32 4294967295, i32 0, i32 0, i32 0, void @empty_8" [/home/luka/Scripting/ELEC_498-Capstone-LiteLM/HLS-Verilog/Transformer_logic/src-hls/compute_controller.cpp:121]   --->   Operation 43 'specpipeline' 'specpipeline_ln121' <Predicate = true> <Delay = 0.00>
ST_4 : Operation 44 [1/1] (0.00ns)   --->   "%speclooptripcount_ln121 = speclooptripcount void @_ssdm_op_SpecLoopTripCount, i64 16, i64 16, i64 16" [/home/luka/Scripting/ELEC_498-Capstone-LiteLM/HLS-Verilog/Transformer_logic/src-hls/compute_controller.cpp:121]   --->   Operation 44 'speclooptripcount' 'speclooptripcount_ln121' <Predicate = true> <Delay = 0.00>
ST_4 : Operation 45 [1/1] (0.00ns)   --->   "%specloopname_ln123 = specloopname void @_ssdm_op_SpecLoopName, void @empty_12" [/home/luka/Scripting/ELEC_498-Capstone-LiteLM/HLS-Verilog/Transformer_logic/src-hls/compute_controller.cpp:123]   --->   Operation 45 'specloopname' 'specloopname_ln123' <Predicate = true> <Delay = 0.00>
ST_4 : Operation 46 [1/2] (0.64ns) (root node of the DSP)   --->   "%square_3 = add i20 %sext_ln124_1, i20 %square_2" [/home/luka/Scripting/ELEC_498-Capstone-LiteLM/HLS-Verilog/Transformer_logic/src-hls/compute_controller.cpp:124]   --->   Operation 46 'add' 'square_3' <Predicate = true> <Delay = 0.64> <CoreInst = "DSP48">   --->   Core 124 'DSP48' <Latency = 3> <II = 1> <Delay = 0.53> <IPBlock> <Opcode : 'add' 'sub' 'mul' 'select'> <InPorts = 0> <OutPorts = 1> <Sync> <CReg>
ST_4 : Operation 47 [1/1] (0.42ns)   --->   "%store_ln121 = store i20 %square_3, i20 %square" [/home/luka/Scripting/ELEC_498-Capstone-LiteLM/HLS-Verilog/Transformer_logic/src-hls/compute_controller.cpp:121]   --->   Operation 47 'store' 'store_ln121' <Predicate = true> <Delay = 0.42>
ST_4 : Operation 48 [1/1] (0.00ns)   --->   "%br_ln123 = br void %for.inc" [/home/luka/Scripting/ELEC_498-Capstone-LiteLM/HLS-Verilog/Transformer_logic/src-hls/compute_controller.cpp:123]   --->   Operation 48 'br' 'br_ln123' <Predicate = true> <Delay = 0.00>


============================================================
+ Verbose Summary: Timing violations
============================================================
Target clock period: 10.000ns, clock uncertainty: 2.700ns.

 <State 1>: 1.912ns
The critical path consists of the following:
	'store' operation 0 bit ('store_ln123', /home/luka/Scripting/ELEC_498-Capstone-LiteLM/HLS-Verilog/Transformer_logic/src-hls/compute_controller.cpp:123) of constant 0 on local variable 'i', /home/luka/Scripting/ELEC_498-Capstone-LiteLM/HLS-Verilog/Transformer_logic/src-hls/compute_controller.cpp:123 [36]  (0.427 ns)
	'load' operation 5 bit ('i', /home/luka/Scripting/ELEC_498-Capstone-LiteLM/HLS-Verilog/Transformer_logic/src-hls/compute_controller.cpp:123) on local variable 'i', /home/luka/Scripting/ELEC_498-Capstone-LiteLM/HLS-Verilog/Transformer_logic/src-hls/compute_controller.cpp:123 [41]  (0.000 ns)
	'sparsemux' operation 8 bit ('tmp', /home/luka/Scripting/ELEC_498-Capstone-LiteLM/HLS-Verilog/Transformer_logic/src-hls/compute_controller.cpp:124) [51]  (0.489 ns)
	'mul' operation 16 bit of DSP[55] ('mul_ln124', /home/luka/Scripting/ELEC_498-Capstone-LiteLM/HLS-Verilog/Transformer_logic/src-hls/compute_controller.cpp:124) [53]  (0.996 ns)

 <State 2>: 0.996ns
The critical path consists of the following:
	'mul' operation 16 bit of DSP[55] ('mul_ln124', /home/luka/Scripting/ELEC_498-Capstone-LiteLM/HLS-Verilog/Transformer_logic/src-hls/compute_controller.cpp:124) [53]  (0.996 ns)

 <State 3>: 0.645ns
The critical path consists of the following:
	'load' operation 20 bit ('square', /home/luka/Scripting/ELEC_498-Capstone-LiteLM/HLS-Verilog/Transformer_logic/src-hls/compute_controller.cpp:124) on local variable 'square', /home/luka/Scripting/ELEC_498-Capstone-LiteLM/HLS-Verilog/Transformer_logic/src-hls/compute_controller.cpp:121 [40]  (0.000 ns)
	'add' operation 20 bit of DSP[55] ('square', /home/luka/Scripting/ELEC_498-Capstone-LiteLM/HLS-Verilog/Transformer_logic/src-hls/compute_controller.cpp:124) [55]  (0.645 ns)

 <State 4>: 1.072ns
The critical path consists of the following:
	'add' operation 20 bit of DSP[55] ('square', /home/luka/Scripting/ELEC_498-Capstone-LiteLM/HLS-Verilog/Transformer_logic/src-hls/compute_controller.cpp:124) [55]  (0.645 ns)
	'store' operation 0 bit ('store_ln121', /home/luka/Scripting/ELEC_498-Capstone-LiteLM/HLS-Verilog/Transformer_logic/src-hls/compute_controller.cpp:121) of variable 'square', /home/luka/Scripting/ELEC_498-Capstone-LiteLM/HLS-Verilog/Transformer_logic/src-hls/compute_controller.cpp:124 on local variable 'square', /home/luka/Scripting/ELEC_498-Capstone-LiteLM/HLS-Verilog/Transformer_logic/src-hls/compute_controller.cpp:121 [57]  (0.427 ns)


============================================================
+ Verbose Summary: Binding
============================================================
N/A
* FSMD analyzer results:
  - Output states:
 - Input state : 
  - Chain level:
	State 1
	State 2
	State 3
	State 4


============================================================
+ Verbose Summary: Datapath Resource usage 
============================================================
N/A
