Copyright 1986-2022 Xilinx, Inc. All Rights Reserved. Copyright 2022-2025 Advanced Micro Devices, Inc. All Rights Reserved.
---------------------------------------------------------------------------------------------------------------------------------------------
| Tool Version : Vivado v.2025.1 (lin64) Build 6140274 Wed May 21 22:58:25 MDT 2025
| Date         : Thu Jan 22 19:45:14 2026
| Host         : luka-B550-UD-AC-Y1 running 64-bit Ubuntu 24.04.3 LTS
| Command      : report_drc -file compute_controller_drc_opted.rpt -pb compute_controller_drc_opted.pb -rpx compute_controller_drc_opted.rpx
| Design       : compute_controller
| Device       : xck26-sfvc784-2LV-c
| Speed File   : -2LV
| Design State : Synthesized
---------------------------------------------------------------------------------------------------------------------------------------------

Report DRC

Table of Contents
-----------------
1. REPORT SUMMARY
2. REPORT DETAILS

1. REPORT SUMMARY
-----------------
            Netlist: netlist
          Floorplan: checkpoint_compute_controller
      Design limits: <entire design considered>
           Ruledeck: default
             Max checks: <unlimited>
             Checks found: 3
+---------+------------------+----------------------------+--------+
| Rule    | Severity         | Description                | Checks |
+---------+------------------+----------------------------+--------+
| NSTD-1  | Critical Warning | Unspecified I/O Standard   | 1      |
| UCIO-1  | Critical Warning | Unconstrained Logical Port | 1      |
| IOCNT-1 | Warning          | Number of IOs              | 1      |
+---------+------------------+----------------------------+--------+

2. REPORT DETAILS
-----------------
NSTD-1#1 Critical Warning
Unspecified I/O Standard  
230 out of 230 logical ports use I/O standard (IOSTANDARD) value 'DEFAULT', instead of a user assigned specific value. This may cause I/O contention or incompatibility with the board power or connectivity affecting performance, signal integrity or in extreme cases cause damage to the device or the components to which it is connected. To correct this violation, specify all I/O standards. This design will fail to generate a bitstream unless all logical ports have a user specified I/O standard value defined. To allow bitstream creation with unspecified I/O standard values (not recommended), use this command: set_property SEVERITY {Warning} [get_drc_checks NSTD-1].  NOTE: When using the Vivado Runs infrastructure (e.g. launch_runs Tcl command), add this command to a .tcl file and add that file as a pre-hook for write_bitstream step for the implementation run. Problem ports: compute_done[0], compute_instruction[31:0], compute_ready[0],
compute_start[0], dbg_mac_complete[0], dbg_mac_ready[0], dbg_mac_start[0],
dbg_req_head[7:0], dbg_req_instruction[31:0], dbg_req_layer[7:0],
dbg_req_op[7:0], dbg_req_tile[7:0], dbg_state[7:0], error[0],
in_buf_address0[12:0] (the first 15 of 51 listed).
Related violations: <none>

UCIO-1#1 Critical Warning
Unconstrained Logical Port  
230 out of 230 logical ports have no user assigned specific location constraint (LOC). This may cause I/O contention or incompatibility with the board power or connectivity affecting performance, signal integrity or in extreme cases cause damage to the device or the components to which it is connected. To correct this violation, specify all pin locations. This design will fail to generate a bitstream unless all logical ports have a user specified site LOC constraint defined.  To allow bitstream creation with unspecified pin locations (not recommended), use this command: set_property SEVERITY {Warning} [get_drc_checks UCIO-1].  NOTE: When using the Vivado Runs infrastructure (e.g. launch_runs Tcl command), add this command to a .tcl file and add that file as a pre-hook for write_bitstream step for the implementation run.  Problem ports: compute_done[0], compute_instruction[31:0], compute_ready[0],
compute_start[0], dbg_mac_complete[0], dbg_mac_ready[0], dbg_mac_start[0],
dbg_req_head[7:0], dbg_req_instruction[31:0], dbg_req_layer[7:0],
dbg_req_op[7:0], dbg_req_tile[7:0], dbg_state[7:0], error[0],
in_buf_address0[12:0] (the first 15 of 51 listed).
Related violations: <none>

IOCNT-1#1 Warning
Number of IOs  
The design contains 230 unplaced I/O ports while the target device, xck26-sfvc784-2LV-c, has 189 remaining available user I/O pins. This DRC assumes that all ports which do not drive MGT pins should be placed on user I/O pins. To correct this issue:
1. Ensure you are targeting the correct device and package. Select a larger device or different package if necessary.
2. Check the top-level ports of the design to ensure the correct number of ports are specified.
3. Consider design changes to reduce the number of user I/O pins needed.

Related violations: <none>


