================================================================
== Design Size Report
================================================================

* Total Instructions per Compilation Phase
+---------------+-----------------------------+--------------+----------------------------------------------------------------------------------------+
| Phase         | Step                        | Instructions | Description                                                                            |
+---------------+-----------------------------+--------------+----------------------------------------------------------------------------------------+
| Compile/Link  |                             |   573        | After all functions are compiled and linked into a single design                       |
|               |                             |              |                                                                                        |
| Unroll/Inline |                             |              | After user unroll and inline pragmas are applied                                       |
|               | (1) unroll                  | 1,114        | user unroll pragmas are applied                                                        |
|               | (2) simplification          |   935        | simplification of applied user unroll pragmas                                          |
|               | (3) inline                  |   935        | user inline pragmas are applied                                                        |
|               | (4) simplification          |   919        | simplification of applied user inline pragmas                                          |
|               |                             |              |                                                                                        |
| Array/Struct  |                             |              | After user array partition and struct aggregate/disaggregate pragmas are applied       |
|               | (1) array partition         | 1,123        | user array partition pragmas are applied                                               |
|               | (2) simplification          |   913        | simplification of applied user array partition & struct aggregate/disaggregate pragmas |
|               | (3) aggregate/disaggregate  | 2,856        | user struct aggregate/disaggregate pragmas are applied                                 |
|               | (4) array reshape           | 1,795        | apply array reshape pragmas                                                            |
|               | (5) access patterns         | 1,813        | array access pattern optmizations                                                      |
|               |                             |              |                                                                                        |
| Performance   |                             |              | After transformations are applied to meet performance pragma targets                   |
|               | (1) loop simplification     |   823        | loop and instruction simplification                                                    |
|               | (2) parallelization         |   753        | loops are unrolled or pipelined to meet performance targets                            |
|               | (3) array partition         |   753        | arrays are partitioned to meet performance targets                                     |
|               | (4) simplification          |   753        | simplification of design after performance transformations                             |
|               |                             |              |                                                                                        |
| HW Transforms |                             |              | After hardware transfomations                                                          |
|               | (1) lowering                |   763        | initial conversion to HW specific instructions                                         |
|               | (2) optimizations           |   764        | high level synthesis optimizations                                                     |
+---------------+-----------------------------+--------------+----------------------------------------------------------------------------------------+

* Instructions per Function for each Compilation Phase
+--------------------------+----------------------+--------------+---------------+----------------+---------------+---------------+
| Function                 | Location             | Compile/Link | Unroll/Inline | Array/Struct   | Performance   | HW Transforms |
+--------------------------+----------------------+--------------+---------------+----------------+---------------+---------------+
| + drive_group_head_phase | head_helpers.cpp:259 | 573          | 919           | 1,813          | 753           | 764           |
|  + run_single_head       | head_helpers.cpp:52  | 538          |               |                |               |               |
|     init_head_ctx        | head_helpers.cpp:5   |  69          |               |                |               |               |
|    init_head_ctx         | head_helpers.cpp:5   |              | 138 (2 calls) |  166 (2 calls) |  14 (2 calls) |  14 (2 calls) |
+--------------------------+----------------------+--------------+---------------+----------------+---------------+---------------+

* Design Size Message Settings
+---------------------------------------------+--------+------------------------------------------------------------------+
| Message Setting                             | Value  | Description                                                      |
+---------------------------------------------+--------+------------------------------------------------------------------+
| config_compile -design_size_maximum_warning | 100000 | Show a warning when total design instructions exceeds this value |
+---------------------------------------------+--------+------------------------------------------------------------------+


