

================================================================
== Vitis HLS Report for 'drive_group_head_phase'
================================================================
* Date:           Sun Dec  7 18:24:31 2025

* Version:        2025.1 (Build 6135595 on May 21 2025)
* Project:        drive_group_head_phase
* Solution:       hls (Vivado IP Flow Target)
* Product family: zynquplus
* Target device:  xck26-sfvc784-2LV-c


================================================================
== Performance Estimates
================================================================
+ Timing: 
    * Summary: 
    +--------+----------+----------+------------+
    |  Clock |  Target  | Estimated| Uncertainty|
    +--------+----------+----------+------------+
    |ap_clk  |  10.00 ns|  6.647 ns|     2.70 ns|
    +--------+----------+----------+------------+

+ Latency: 
    * Summary: 
    +---------+---------+-----------+-----------+-----+-----+---------+
    |  Latency (cycles) |   Latency (absolute)  |  Interval | Pipeline|
    |   min   |   max   |    min    |    max    | min | max |   Type  |
    +---------+---------+-----------+-----------+-----+-----+---------+
    |        2|        2|  20.000 ns|  20.000 ns|    3|    3|       no|
    +---------+---------+-----------+-----------+-----+-----+---------+

    + Detail: 
        * Instance: 
        N/A

        * Loop: 
        N/A



================================================================
== Utilization Estimates
================================================================
* Summary: 
+-----------------+---------+------+--------+--------+-----+
|       Name      | BRAM_18K|  DSP |   FF   |   LUT  | URAM|
+-----------------+---------+------+--------+--------+-----+
|DSP              |        -|     -|       -|       -|    -|
|Expression       |        -|     -|       0|    7210|    -|
|FIFO             |        -|     -|       -|       -|    -|
|Instance         |        -|     -|       0|      92|    -|
|Memory           |        -|     -|       -|       -|    -|
|Multiplexer      |        -|     -|       0|     534|    -|
|Register         |        -|     -|    1476|       -|    -|
+-----------------+---------+------+--------+--------+-----+
|Total            |        0|     0|    1476|    7836|    0|
+-----------------+---------+------+--------+--------+-----+
|Available        |      288|  1248|  234240|  117120|   64|
+-----------------+---------+------+--------+--------+-----+
|Utilization (%)  |        0|     0|      ~0|       6|    0|
+-----------------+---------+------+--------+--------+-----+

+ Detail: 
    * Instance: 
    +--------------------------+-----------------------+---------+----+---+----+-----+
    |         Instance         |         Module        | BRAM_18K| DSP| FF| LUT| URAM|
    +--------------------------+-----------------------+---------+----+---+----+-----+
    |sparsemux_7_2_179_1_1_U1  |sparsemux_7_2_179_1_1  |        0|   0|  0|   9|    0|
    |sparsemux_7_2_179_1_1_U2  |sparsemux_7_2_179_1_1  |        0|   0|  0|   9|    0|
    |sparsemux_7_2_179_1_1_U5  |sparsemux_7_2_179_1_1  |        0|   0|  0|   9|    0|
    |sparsemux_7_2_179_1_1_U6  |sparsemux_7_2_179_1_1  |        0|   0|  0|   9|    0|
    |sparsemux_9_3_179_1_1_U3  |sparsemux_9_3_179_1_1  |        0|   0|  0|  14|    0|
    |sparsemux_9_3_179_1_1_U4  |sparsemux_9_3_179_1_1  |        0|   0|  0|  14|    0|
    |sparsemux_9_3_179_1_1_U7  |sparsemux_9_3_179_1_1  |        0|   0|  0|  14|    0|
    |sparsemux_9_3_179_1_1_U8  |sparsemux_9_3_179_1_1  |        0|   0|  0|  14|    0|
    +--------------------------+-----------------------+---------+----+---+----+-----+
    |Total                     |                       |        0|   0|  0|  92|    0|
    +--------------------------+-----------------------+---------+----+---+----+-----+

    * DSP: 
    N/A

    * Memory: 
    N/A

    * FIFO: 
    N/A

    * Expression: 
    +---------------------------------+----------+----+---+-----+------------+------------+
    |          Variable Name          | Operation| DSP| FF| LUT | Bitwidth P0| Bitwidth P1|
    +---------------------------------+----------+----+---+-----+------------+------------+
    |and_ln144_1_fu_5013_p2           |       and|   0|  0|    2|           1|           1|
    |and_ln144_fu_2928_p2             |       and|   0|  0|    2|           1|           1|
    |and_ln160_1_fu_4899_p2           |       and|   0|  0|    2|           1|           1|
    |and_ln160_fu_2814_p2             |       and|   0|  0|    2|           1|           1|
    |and_ln181_1_fu_4754_p2           |       and|   0|  0|    2|           1|           1|
    |and_ln181_fu_2669_p2             |       and|   0|  0|    2|           1|           1|
    |and_ln205_1_fu_4594_p2           |       and|   0|  0|    2|           1|           1|
    |and_ln205_fu_2509_p2             |       and|   0|  0|    2|           1|           1|
    |and_ln215_1_fu_4494_p2           |       and|   0|  0|    2|           1|           1|
    |and_ln215_fu_2409_p2             |       and|   0|  0|    2|           1|           1|
    |and_ln240_1_fu_4305_p2           |       and|   0|  0|    2|           1|           1|
    |and_ln240_fu_2220_p2             |       and|   0|  0|    2|           1|           1|
    |and_ln280_1_fu_3056_p2           |       and|   0|  0|    2|           1|           1|
    |and_ln280_fu_968_p2              |       and|   0|  0|    2|           1|           1|
    |and_ln287_fu_5124_p2             |       and|   0|  0|    2|           1|           1|
    |and_ln77_1_fu_3503_p2            |       and|   0|  0|    2|           1|           1|
    |and_ln77_fu_1418_p2              |       and|   0|  0|    2|           1|           1|
    |and_ln87_1_fu_1967_p2            |       and|   0|  0|    2|           1|           1|
    |and_ln87_2_fu_4041_p2            |       and|   0|  0|    2|           1|           1|
    |and_ln87_3_fu_4052_p2            |       and|   0|  0|    2|           1|           1|
    |and_ln87_fu_1956_p2              |       and|   0|  0|    2|           1|           1|
    |and_ln94_1_fu_4062_p2            |       and|   0|  0|    2|           1|           1|
    |and_ln94_fu_1977_p2              |       and|   0|  0|    2|           1|           1|
    |head_done_1_fu_5118_p2           |      icmp|   0|  0|   15|           8|           4|
    |head_done_fu_3033_p2             |      icmp|   0|  0|   15|           8|           4|
    |icmp_ln280_1_fu_3050_p2          |      icmp|   0|  0|   15|           8|           1|
    |icmp_ln280_fu_962_p2             |      icmp|   0|  0|   15|           8|           1|
    |icmp_ln282_1_fu_3085_p2          |      icmp|   0|  0|   15|           8|           4|
    |icmp_ln282_fu_998_p2             |      icmp|   0|  0|   15|           8|           4|
    |icmp_ln65_1_fu_3135_p2           |      icmp|   0|  0|   39|          32|          32|
    |icmp_ln65_fu_1048_p2             |      icmp|   0|  0|   39|          32|          32|
    |empty_15_fu_4174_p2              |        or|   0|  0|    2|           1|           1|
    |empty_9_fu_2089_p2               |        or|   0|  0|    2|           1|           1|
    |or_ln134_1_fu_4963_p2            |        or|   0|  0|    2|           1|           1|
    |or_ln134_fu_2878_p2              |        or|   0|  0|    2|           1|           1|
    |or_ln150_1_fu_4848_p2            |        or|   0|  0|    2|           1|           1|
    |or_ln150_fu_2763_p2              |        or|   0|  0|    2|           1|           1|
    |or_ln171_1_fu_4703_p2            |        or|   0|  0|    2|           1|           1|
    |or_ln171_fu_2618_p2              |        or|   0|  0|    2|           1|           1|
    |or_ln196_1_fu_4543_p2            |        or|   0|  0|    2|           1|           1|
    |or_ln196_fu_2458_p2              |        or|   0|  0|    2|           1|           1|
    |or_ln211_1_fu_4451_p2            |        or|   0|  0|    2|           1|           1|
    |or_ln211_fu_2366_p2              |        or|   0|  0|    2|           1|           1|
    |or_ln231_1_fu_4254_p2            |        or|   0|  0|    2|           1|           1|
    |or_ln231_fu_2169_p2              |        or|   0|  0|    2|           1|           1|
    |or_ln77_10_fu_3451_p2            |        or|   0|  0|    2|           1|           1|
    |or_ln77_11_fu_3457_p2            |        or|   0|  0|    2|           1|           1|
    |or_ln77_1_fu_1354_p2             |        or|   0|  0|    2|           1|           1|
    |or_ln77_2_fu_1360_p2             |        or|   0|  0|    2|           1|           1|
    |or_ln77_3_fu_1366_p2             |        or|   0|  0|    2|           1|           1|
    |or_ln77_5_fu_1372_p2             |        or|   0|  0|    2|           1|           1|
    |or_ln77_6_fu_3433_p2             |        or|   0|  0|    2|           1|           1|
    |or_ln77_7_fu_3439_p2             |        or|   0|  0|    2|           1|           1|
    |or_ln77_8_fu_3445_p2             |        or|   0|  0|    2|           1|           1|
    |or_ln77_fu_1348_p2               |        or|   0|  0|    2|           1|           1|
    |or_ln87_1_fu_1678_p2             |        or|   0|  0|    2|           1|           1|
    |or_ln87_2_fu_1692_p2             |        or|   0|  0|    2|           1|           1|
    |or_ln87_3_fu_1697_p2             |        or|   0|  0|    2|           1|           1|
    |or_ln87_5_fu_3757_p2             |        or|   0|  0|    2|           1|           1|
    |or_ln87_6_fu_3763_p2             |        or|   0|  0|    2|           1|           1|
    |or_ln87_7_fu_3777_p2             |        or|   0|  0|    2|           1|           1|
    |or_ln87_8_fu_3782_p2             |        or|   0|  0|    2|           1|           1|
    |or_ln87_fu_1672_p2               |        or|   0|  0|    2|           1|           1|
    |or_ln94_1_fu_1900_p2             |        or|   0|  0|    2|           1|           1|
    |or_ln94_2_fu_1914_p2             |        or|   0|  0|    2|           1|           1|
    |or_ln94_3_fu_1919_p2             |        or|   0|  0|    2|           1|           1|
    |or_ln94_4_fu_3979_p2             |        or|   0|  0|    2|           1|           1|
    |or_ln94_5_fu_3985_p2             |        or|   0|  0|    2|           1|           1|
    |or_ln94_6_fu_3999_p2             |        or|   0|  0|    2|           1|           1|
    |or_ln94_7_fu_4004_p2             |        or|   0|  0|    2|           1|           1|
    |or_ln94_fu_1894_p2               |        or|   0|  0|    2|           1|           1|
    |empty_11_fu_4146_p3              |    select|   0|  0|    2|           1|           1|
    |empty_12_fu_4153_p3              |    select|   0|  0|    2|           1|           1|
    |empty_13_fu_4160_p3              |    select|   0|  0|    2|           1|           1|
    |empty_14_fu_4167_p3              |    select|   0|  0|    2|           1|           1|
    |empty_6_fu_2068_p3               |    select|   0|  0|    2|           1|           1|
    |empty_7_fu_2075_p3               |    select|   0|  0|    2|           1|           1|
    |empty_8_fu_2082_p3               |    select|   0|  0|    2|           1|           1|
    |empty_fu_2061_p3                 |    select|   0|  0|    2|           1|           1|
    |head_ctx_ref_0_new_0_fu_1092_p3  |    select|   0|  0|  156|           1|         179|
    |head_ctx_ref_0_new_2_fu_1438_p6  |    select|   0|  0|  156|           1|         179|
    |head_ctx_ref_0_new_5_fu_1993_p4  |    select|   0|  0|  156|           1|         179|
    |head_ctx_ref_0_new_5_fu_1993_p8  |    select|   0|  0|  156|           1|         179|
    |head_ctx_ref_1_new_1_fu_3177_p3  |    select|   0|  0|  156|           1|         179|
    |head_ctx_ref_1_new_3_fu_3523_p6  |    select|   0|  0|  156|           1|         179|
    |head_ctx_ref_1_new_6_fu_4078_p4  |    select|   0|  0|  156|           1|         179|
    |head_ctx_ref_1_new_6_fu_4078_p8  |    select|   0|  0|  156|           1|         179|
    |select_ln71_1_fu_3225_p3         |    select|   0|  0|  156|           1|         179|
    |select_ln71_fu_1140_p3           |    select|   0|  0|  156|           1|         179|
    |select_ln72_1_fu_3265_p3         |    select|   0|  0|  156|           1|         179|
    |select_ln72_fu_1180_p3           |    select|   0|  0|  156|           1|         179|
    |select_ln73_1_fu_3305_p3         |    select|   0|  0|  156|           1|         179|
    |select_ln73_fu_1220_p3           |    select|   0|  0|  156|           1|         179|
    |select_ln74_1_fu_3345_p3         |    select|   0|  0|  156|           1|         179|
    |select_ln74_fu_1260_p3           |    select|   0|  0|  156|           1|         179|
    |select_ln75_1_fu_3385_p3         |    select|   0|  0|  156|           1|         179|
    |select_ln75_fu_1300_p3           |    select|   0|  0|  156|           1|         179|
    |select_ln76_1_fu_3425_p3         |    select|   0|  0|  156|           1|         179|
    |select_ln76_fu_1340_p3           |    select|   0|  0|  156|           1|         179|
    |select_ln82_1_fu_3593_p3         |    select|   0|  0|  156|           1|         179|
    |select_ln82_fu_1508_p3           |    select|   0|  0|  156|           1|         179|
    |select_ln83_1_fu_3631_p3         |    select|   0|  0|  156|           1|         179|
    |select_ln83_fu_1546_p3           |    select|   0|  0|  156|           1|         179|
    |select_ln84_1_fu_3671_p3         |    select|   0|  0|  156|           1|         179|
    |select_ln84_fu_1586_p3           |    select|   0|  0|  156|           1|         179|
    |select_ln85_1_fu_3711_p3         |    select|   0|  0|  156|           1|         179|
    |select_ln85_fu_1626_p3           |    select|   0|  0|  156|           1|         179|
    |select_ln86_1_fu_3749_p3         |    select|   0|  0|  156|           1|         179|
    |select_ln86_fu_1664_p3           |    select|   0|  0|  156|           1|         179|
    |select_ln87_1_fu_3769_p3         |    select|   0|  0|  156|           1|         179|
    |select_ln87_fu_1684_p3           |    select|   0|  0|  156|           1|         179|
    |select_ln89_1_fu_3811_p3         |    select|   0|  0|  156|           1|         179|
    |select_ln89_fu_1726_p3           |    select|   0|  0|  156|           1|         179|
    |select_ln90_1_fu_3849_p3         |    select|   0|  0|  156|           1|         179|
    |select_ln90_fu_1764_p3           |    select|   0|  0|  156|           1|         179|
    |select_ln91_1_fu_3889_p3         |    select|   0|  0|  156|           1|         179|
    |select_ln91_fu_1804_p3           |    select|   0|  0|  156|           1|         179|
    |select_ln92_1_fu_3929_p3         |    select|   0|  0|  156|           1|         179|
    |select_ln92_fu_1844_p3           |    select|   0|  0|  156|           1|         179|
    |select_ln93_1_fu_3967_p3         |    select|   0|  0|  156|           1|         179|
    |select_ln93_fu_1882_p3           |    select|   0|  0|  156|           1|         179|
    |select_ln94_1_fu_3991_p3         |    select|   0|  0|  156|           1|         179|
    |select_ln94_fu_1906_p3           |    select|   0|  0|  156|           1|         179|
    |xor_ln134_1_fu_4957_p2           |       xor|   0|  0|    2|           1|           2|
    |xor_ln134_fu_2872_p2             |       xor|   0|  0|    2|           1|           2|
    |xor_ln150_1_fu_4842_p2           |       xor|   0|  0|    2|           1|           2|
    |xor_ln150_fu_2757_p2             |       xor|   0|  0|    2|           1|           2|
    |xor_ln171_1_fu_4697_p2           |       xor|   0|  0|    2|           1|           2|
    |xor_ln171_fu_2612_p2             |       xor|   0|  0|    2|           1|           2|
    |xor_ln196_1_fu_4537_p2           |       xor|   0|  0|    2|           1|           2|
    |xor_ln196_fu_2452_p2             |       xor|   0|  0|    2|           1|           2|
    |xor_ln211_1_fu_4445_p2           |       xor|   0|  0|    2|           1|           2|
    |xor_ln211_fu_2360_p2             |       xor|   0|  0|    2|           1|           2|
    |xor_ln231_1_fu_4248_p2           |       xor|   0|  0|    2|           1|           2|
    |xor_ln231_fu_2163_p2             |       xor|   0|  0|    2|           1|           2|
    |xor_ln70_1_fu_3509_p2            |       xor|   0|  0|    2|           1|           2|
    |xor_ln70_fu_1424_p2              |       xor|   0|  0|    2|           1|           2|
    |xor_ln81_1_fu_4057_p2            |       xor|   0|  0|    2|           1|           2|
    |xor_ln81_fu_1972_p2              |       xor|   0|  0|    2|           1|           2|
    |xor_ln87_1_fu_4046_p2            |       xor|   0|  0|    2|           1|           2|
    |xor_ln87_fu_1961_p2              |       xor|   0|  0|    2|           1|           2|
    +---------------------------------+----------+----+---+-----+------------+------------+
    |Total                            |          |   0|  0| 7210|         245|        8065|
    +---------------------------------+----------+----+---+-----+------------+------------+

    * Multiplexer: 
    +------------------------------------------------+-----+-----------+-----+-----------+
    |                      Name                      | LUT | Input Size| Bits| Total Bits|
    +------------------------------------------------+-----+-----------+-----+-----------+
    |ap_NS_fsm                                       |   20|          4|    1|          4|
    |ap_phi_mux_empty_10_phi_fu_434_p72              |   81|         17|    8|        136|
    |ap_phi_mux_empty_16_phi_fu_646_p72              |   81|         17|    8|        136|
    |ap_phi_mux_group_finished_1_phi_fu_769_p4       |    9|          2|    1|          2|
    |ap_phi_mux_group_finished_phi_fu_558_p4         |    9|          2|    1|          2|
    |ap_phi_mux_head_ctx_ref_0_new_6_phi_fu_357_p72  |  140|         28|  179|       5012|
    |ap_phi_mux_head_ctx_ref_0_new_7_phi_fu_546_p4   |    9|          2|  179|        358|
    |ap_phi_mux_head_ctx_ref_1_new_0_phi_fu_758_p4   |    9|          2|  179|        358|
    |ap_phi_mux_head_ctx_ref_1_new_7_phi_fu_569_p72  |  140|         28|  179|       5012|
    |group_finished_1_reg_766                        |    9|          2|    1|          2|
    |group_finished_reg_554                          |    9|          2|    1|          2|
    |head_ctx_ref_0_new_7_reg_543                    |    9|          2|  179|        358|
    |head_ctx_ref_1_new_0_reg_755                    |    9|          2|  179|        358|
    +------------------------------------------------+-----+-----------+-----+-----------+
    |Total                                           |  534|        110| 1095|      11740|
    +------------------------------------------------+-----+-----------+-----+-----------+

    * Register: 
    +-------------------------------+-----+----+-----+-----------+
    |              Name             |  FF | LUT| Bits| Const Bits|
    +-------------------------------+-----+----+-----+-----------+
    |and_ln280_1_reg_5283           |    1|   0|    1|          0|
    |and_ln280_reg_5144             |    1|   0|    1|          0|
    |ap_CS_fsm                      |    3|   0|    3|          0|
    |group_finished_1_reg_766       |    1|   0|    1|          0|
    |group_finished_reg_554         |    1|   0|    1|          0|
    |head_ctx_ref_0_new_2_reg_5167  |  179|   0|  179|          0|
    |head_ctx_ref_0_new_7_reg_543   |  179|   0|  179|          0|
    |head_ctx_ref_1_new_0_reg_755   |  179|   0|  179|          0|
    |head_ctx_ref_1_new_3_reg_5306  |  179|   0|  179|          0|
    |icmp_ln282_1_reg_5292          |    1|   0|    1|          0|
    |icmp_ln282_reg_5153            |    1|   0|    1|          0|
    |layer_idx_read_reg_5136        |   32|   0|   32|          0|
    |start_r_read_reg_5131          |    1|   0|    1|          0|
    |tmp_113_reg_5296               |    1|   0|    1|          0|
    |tmp_127_reg_5318               |    1|   0|    1|          0|
    |tmp_128_reg_5329               |    5|   0|    5|          0|
    |tmp_21_reg_5179                |    1|   0|    1|          0|
    |tmp_22_reg_5190                |    5|   0|    5|          0|
    |tmp_6_reg_5157                 |    1|   0|    1|          0|
    |tmp_8_reg_5312                 |  179|   0|  179|          0|
    |tmp_reg_5173                   |  179|   0|  179|          0|
    |trunc_ln82_1_reg_5335          |  173|   0|  173|          0|
    |trunc_ln82_reg_5196            |  173|   0|  173|          0|
    +-------------------------------+-----+----+-----+-----------+
    |Total                          | 1476|   0| 1476|          0|
    +-------------------------------+-----+----+-----+-----------+



================================================================
== Interface
================================================================
* Summary: 
+-------------------------+-----+-----+------------+------------------------+--------------+
|        RTL Ports        | Dir | Bits|  Protocol  |      Source Object     |    C Type    |
+-------------------------+-----+-----+------------+------------------------+--------------+
|ap_clk                   |   in|    1|  ap_ctrl_hs|  drive_group_head_phase|  return value|
|ap_rst                   |   in|    1|  ap_ctrl_hs|  drive_group_head_phase|  return value|
|ap_start                 |   in|    1|  ap_ctrl_hs|  drive_group_head_phase|  return value|
|ap_done                  |  out|    1|  ap_ctrl_hs|  drive_group_head_phase|  return value|
|ap_idle                  |  out|    1|  ap_ctrl_hs|  drive_group_head_phase|  return value|
|ap_ready                 |  out|    1|  ap_ctrl_hs|  drive_group_head_phase|  return value|
|ap_return                |  out|    1|  ap_ctrl_hs|  drive_group_head_phase|  return value|
|head_ctx_ref_0_i         |   in|  179|     ap_ovld|          head_ctx_ref_0|       pointer|
|head_ctx_ref_0_o         |  out|  179|     ap_ovld|          head_ctx_ref_0|       pointer|
|head_ctx_ref_0_o_ap_vld  |  out|    1|     ap_ovld|          head_ctx_ref_0|       pointer|
|head_ctx_ref_1_i         |   in|  179|     ap_ovld|          head_ctx_ref_1|       pointer|
|head_ctx_ref_1_o         |  out|  179|     ap_ovld|          head_ctx_ref_1|       pointer|
|head_ctx_ref_1_o_ap_vld  |  out|    1|     ap_ovld|          head_ctx_ref_1|       pointer|
|base_head_idx            |   in|   32|     ap_none|           base_head_idx|        scalar|
|layer_idx                |   in|   32|     ap_none|               layer_idx|        scalar|
|start_r                  |   in|    1|     ap_none|                 start_r|        scalar|
+-------------------------+-----+-----+------------+------------------------+--------------+

