

================================================================
== Vitis HLS Report for 'run_single_head'
================================================================
* Date:           Sun Dec  7 15:48:23 2025

* Version:        2025.1 (Build 6135595 on May 21 2025)
* Project:        drive_group_head_phase
* Solution:       hls (Vivado IP Flow Target)
* Product family: zynquplus
* Target device:  xck26-sfvc784-2LV-c


================================================================
== Performance Estimates
================================================================
+ Timing: 
    * Summary: 
    +--------+----------+----------+------------+
    |  Clock |  Target  | Estimated| Uncertainty|
    +--------+----------+----------+------------+
    |ap_clk  |  10.00 ns|  5.884 ns|     2.70 ns|
    +--------+----------+----------+------------+

+ Latency: 
    * Summary: 
    +---------+---------+-----------+-----------+-----+-----+---------+
    |  Latency (cycles) |   Latency (absolute)  |  Interval | Pipeline|
    |   min   |   max   |    min    |    max    | min | max |   Type  |
    +---------+---------+-----------+-----------+-----+-----+---------+
    |        1|        1|  10.000 ns|  10.000 ns|    1|    1|       no|
    +---------+---------+-----------+-----------+-----+-----+---------+

    + Detail: 
        * Instance: 
        N/A

        * Loop: 
        N/A



================================================================
== Utilization Estimates
================================================================
* Summary: 
+-----------------+---------+------+--------+--------+-----+
|       Name      | BRAM_18K|  DSP |   FF   |   LUT  | URAM|
+-----------------+---------+------+--------+--------+-----+
|DSP              |        -|     -|       -|       -|    -|
|Expression       |        -|     -|       0|    4000|    -|
|FIFO             |        -|     -|       -|       -|    -|
|Instance         |        -|     -|       0|      36|    -|
|Memory           |        -|     -|       -|       -|    -|
|Multiplexer      |        -|     -|       0|     253|    -|
|Register         |        -|     -|     720|       -|    -|
+-----------------+---------+------+--------+--------+-----+
|Total            |        0|     0|     720|    4289|    0|
+-----------------+---------+------+--------+--------+-----+
|Available        |      288|  1248|  234240|  117120|   64|
+-----------------+---------+------+--------+--------+-----+
|Utilization (%)  |        0|     0|      ~0|       3|    0|
+-----------------+---------+------+--------+--------+-----+

+ Detail: 
    * Instance: 
    +--------------------------+-----------------------+---------+----+---+----+-----+
    |         Instance         |         Module        | BRAM_18K| DSP| FF| LUT| URAM|
    +--------------------------+-----------------------+---------+----+---+----+-----+
    |sparsemux_7_2_179_1_1_U1  |sparsemux_7_2_179_1_1  |        0|   0|  0|   9|    0|
    |sparsemux_7_2_179_1_1_U2  |sparsemux_7_2_179_1_1  |        0|   0|  0|   9|    0|
    |sparsemux_7_2_179_1_1_U3  |sparsemux_7_2_179_1_1  |        0|   0|  0|   9|    0|
    |sparsemux_7_2_179_1_1_U4  |sparsemux_7_2_179_1_1  |        0|   0|  0|   9|    0|
    +--------------------------+-----------------------+---------+----+---+----+-----+
    |Total                     |                       |        0|   0|  0|  36|    0|
    +--------------------------+-----------------------+---------+----+---+----+-----+

    * DSP: 
    N/A

    * Memory: 
    N/A

    * FIFO: 
    N/A

    * Expression: 
    +---------------------------+----------+----+---+-----+------------+------------+
    |       Variable Name       | Operation| DSP| FF| LUT | Bitwidth P0| Bitwidth P1|
    +---------------------------+----------+----+---+-----+------------+------------+
    |and_ln77_fu_936_p2         |       and|   0|  0|    2|           1|           1|
    |and_ln87_fu_1256_p2        |       and|   0|  0|    2|           1|           1|
    |icmp_ln247_fu_2577_p2      |      icmp|   0|  0|   15|           8|           4|
    |icmp_ln65_fu_566_p2        |      icmp|   0|  0|   39|          32|          32|
    |or_ln127_fu_2401_p2        |        or|   0|  0|    2|           1|           1|
    |or_ln143_fu_2221_p2        |        or|   0|  0|    2|           1|           1|
    |or_ln164_fu_2011_p2        |        or|   0|  0|    2|           1|           1|
    |or_ln189_fu_1786_p2        |        or|   0|  0|    2|           1|           1|
    |or_ln224_fu_1442_p2        |        or|   0|  0|    2|           1|           1|
    |or_ln77_1_fu_872_p2        |        or|   0|  0|    2|           1|           1|
    |or_ln77_2_fu_878_p2        |        or|   0|  0|    2|           1|           1|
    |or_ln77_3_fu_884_p2        |        or|   0|  0|    2|           1|           1|
    |or_ln77_5_fu_890_p2        |        or|   0|  0|    2|           1|           1|
    |or_ln77_fu_866_p2          |        or|   0|  0|    2|           1|           1|
    |or_ln87_1_fu_1204_p2       |        or|   0|  0|    2|           1|           1|
    |or_ln87_2_fu_1218_p2       |        or|   0|  0|    2|           1|           1|
    |or_ln87_3_fu_1223_p2       |        or|   0|  0|    2|           1|           1|
    |or_ln87_fu_1198_p2         |        or|   0|  0|    2|           1|           1|
    |empty_6_fu_2237_p3         |    select|   0|  0|  156|           1|         179|
    |empty_7_fu_2027_p3         |    select|   0|  0|  156|           1|         179|
    |empty_8_fu_1802_p3         |    select|   0|  0|  156|           1|         179|
    |empty_9_fu_1458_p3         |    select|   0|  0|  156|           1|         179|
    |empty_fu_2417_p3           |    select|   0|  0|  156|           1|         179|
    |head_ctx_ref_1_fu_956_p6   |    select|   0|  0|  156|           1|         179|
    |head_ctx_ref_3_fu_1274_p6  |    select|   0|  0|  156|           1|         179|
    |head_ctx_ref_4_fu_2407_p3  |    select|   0|  0|  156|           1|         179|
    |head_ctx_ref_5_fu_2227_p3  |    select|   0|  0|  156|           1|         179|
    |head_ctx_ref_6_fu_2017_p3  |    select|   0|  0|  156|           1|         179|
    |head_ctx_ref_7_fu_1792_p3  |    select|   0|  0|  156|           1|         179|
    |head_ctx_ref_8_fu_1448_p3  |    select|   0|  0|  156|           1|         179|
    |select_ln65_fu_610_p3      |    select|   0|  0|  156|           1|         179|
    |select_ln71_fu_658_p3      |    select|   0|  0|  156|           1|         179|
    |select_ln72_fu_698_p3      |    select|   0|  0|  156|           1|         179|
    |select_ln73_fu_738_p3      |    select|   0|  0|  156|           1|         179|
    |select_ln74_fu_778_p3      |    select|   0|  0|  156|           1|         179|
    |select_ln75_fu_818_p3      |    select|   0|  0|  156|           1|         179|
    |select_ln76_fu_858_p3      |    select|   0|  0|  156|           1|         179|
    |select_ln82_fu_1034_p3     |    select|   0|  0|  156|           1|         179|
    |select_ln83_fu_1072_p3     |    select|   0|  0|  156|           1|         179|
    |select_ln84_fu_1112_p3     |    select|   0|  0|  156|           1|         179|
    |select_ln85_fu_1152_p3     |    select|   0|  0|  156|           1|         179|
    |select_ln86_fu_1190_p3     |    select|   0|  0|  156|           1|         179|
    |select_ln87_fu_1210_p3     |    select|   0|  0|  156|           1|         179|
    |xor_ln127_fu_2395_p2       |       xor|   0|  0|    2|           1|           2|
    |xor_ln143_fu_2215_p2       |       xor|   0|  0|    2|           1|           2|
    |xor_ln164_fu_2005_p2       |       xor|   0|  0|    2|           1|           2|
    |xor_ln189_fu_1780_p2       |       xor|   0|  0|    2|           1|           2|
    |xor_ln224_fu_1436_p2       |       xor|   0|  0|    2|           1|           2|
    |xor_ln70_fu_942_p2         |       xor|   0|  0|    2|           1|           2|
    |xor_ln81_fu_1261_p2        |       xor|   0|  0|    2|           1|           2|
    +---------------------------+----------+----+---+-----+------------+------------+
    |Total                      |          |   0|  0| 4000|          88|        4541|
    +---------------------------+----------+----+---+-----+------------+------------+

    * Multiplexer: 
    +------------------------------------------+-----+-----------+-----+-----------+
    |                   Name                   | LUT | Input Size| Bits| Total Bits|
    +------------------------------------------+-----+-----------+-----+-----------+
    |ap_NS_fsm                                 |   14|          3|    1|          3|
    |ap_phi_mux_empty_10_phi_fu_380_p74        |   81|         17|    8|        136|
    |ap_phi_mux_head_ctx_ref_9_phi_fu_301_p74  |  140|         28|  179|       5012|
    |ap_return_0                               |    9|          2|    1|          2|
    |ap_return_1                               |    9|          2|  179|        358|
    +------------------------------------------+-----+-----------+-----+-----------+
    |Total                                     |  253|         52|  368|       5511|
    +------------------------------------------+-----+-----------+-----+-----------+

    * Register: 
    +-------------------------+-----+----+-----+-----------+
    |           Name          |  FF | LUT| Bits| Const Bits|
    +-------------------------+-----+----+-----+-----------+
    |ap_CS_fsm                |    2|   0|    2|          0|
    |ap_return_0_preg         |    1|   0|    1|          0|
    |ap_return_1_preg         |  179|   0|  179|          0|
    |head_ctx_ref_1_reg_2600  |  179|   0|  179|          0|
    |tmp_19_reg_2624          |    5|   0|    5|          0|
    |tmp_22_reg_2612          |    1|   0|    1|          0|
    |tmp_24_reg_2618          |    1|   0|    1|          0|
    |tmp_2_reg_2606           |  179|   0|  179|          0|
    |trunc_ln82_reg_2629      |  173|   0|  173|          0|
    +-------------------------+-----+----+-----+-----------+
    |Total                    |  720|   0|  720|          0|
    +-------------------------+-----+----+-----+-----------+



================================================================
== Interface
================================================================
* Summary: 
+-------------+-----+-----+------------+-----------------+--------------+
|  RTL Ports  | Dir | Bits|  Protocol  |  Source Object  |    C Type    |
+-------------+-----+-----+------------+-----------------+--------------+
|ap_clk       |   in|    1|  ap_ctrl_hs|  run_single_head|  return value|
|ap_rst       |   in|    1|  ap_ctrl_hs|  run_single_head|  return value|
|ap_start     |   in|    1|  ap_ctrl_hs|  run_single_head|  return value|
|ap_done      |  out|    1|  ap_ctrl_hs|  run_single_head|  return value|
|ap_idle      |  out|    1|  ap_ctrl_hs|  run_single_head|  return value|
|ap_ready     |  out|    1|  ap_ctrl_hs|  run_single_head|  return value|
|ap_return_0  |  out|    1|  ap_ctrl_hs|  run_single_head|  return value|
|ap_return_1  |  out|  179|  ap_ctrl_hs|  run_single_head|  return value|
|p_read       |   in|  179|     ap_none|           p_read|        scalar|
|layer_idx    |   in|   32|     ap_none|        layer_idx|        scalar|
|start_r      |   in|    1|     ap_none|          start_r|        scalar|
+-------------+-----+-----+------------+-----------------+--------------+

