

================================================================
== Synthesis Summary Report of 'headed_compute_controller'
================================================================
+ General Information: 
    * Date:           Tue Feb  3 14:27:13 2026
    * Version:        2025.1 (Build 6135595 on May 21 2025)
    * Project:        headed_compute_controller
    * Solution:       hls (Vivado IP Flow Target)
    * Product family: zynquplus
    * Target device:  xck26-sfvc784-2LV-c
    

+ Performance & Resource Estimates: 
    
    PS: '+' for module; 'o' for loop; '*' for dataflow
    +---------------------------------------------------------+------+------+---------+-----------+----------+---------+------+----------+---------+---------+-----------+-------------+-----+
    |                         Modules                         | Issue|      |       Latency       | Iteration|         | Trip |          |         |         |           |             |     |
    |                         & Loops                         | Type | Slack| (cycles)|    (ns)   |  Latency | Interval| Count| Pipelined|  BRAM   |   DSP   |     FF    |     LUT     | URAM|
    +---------------------------------------------------------+------+------+---------+-----------+----------+---------+------+----------+---------+---------+-----------+-------------+-----+
    |+ headed_compute_controller                              |     -|  0.19|      363|  3.630e+03|         -|      364|     -|        no|  1 (~0%)|  27 (2%)|  3589 (1%)|  13046 (11%)|    -|
    | + headed_compute_controller_Pipeline_VITIS_LOOP_622_26  |     -|  5.66|       18|    180.000|         -|       17|     -|    rewind|        -|        -|   13 (~0%)|     63 (~0%)|    -|
    |  o VITIS_LOOP_622_26                                    |     -|  7.30|       16|    160.000|         2|        1|    16|       yes|        -|        -|          -|            -|    -|
    | + headed_compute_controller_Pipeline_VITIS_LOOP_610_24  |     -|  5.66|       34|    340.000|         -|       33|     -|    rewind|        -|        -|   35 (~0%)|    123 (~0%)|    -|
    |  o VITIS_LOOP_610_24                                    |    II|  7.30|       32|    320.000|         3|        2|    16|       yes|        -|        -|          -|            -|    -|
    | + headed_compute_controller_Pipeline_VITIS_LOOP_548_15  |     -|  5.77|       10|    100.000|         -|        9|     -|    rewind|        -|        -|   26 (~0%)|    120 (~0%)|    -|
    |  o VITIS_LOOP_548_15                                    |    II|  7.30|        8|     80.000|         3|        2|     4|       yes|        -|        -|          -|            -|    -|
    | + headed_compute_controller_Pipeline_VITIS_LOOP_496_7   |     -|  5.66|       18|    180.000|         -|       17|     -|    rewind|        -|        -|    7 (~0%)|     52 (~0%)|    -|
    |  o VITIS_LOOP_496_7                                     |     -|  7.30|       16|    160.000|         1|        1|    16|       yes|        -|        -|          -|            -|    -|
    | + headed_compute_controller_Pipeline_VITIS_LOOP_506_9   |     -|  5.40|      258|  2.580e+03|         -|      257|     -|    rewind|        -|        -|   11 (~0%)|     60 (~0%)|    -|
    |  o VITIS_LOOP_506_9                                     |     -|  7.30|      256|  2.560e+03|         1|        1|   256|       yes|        -|        -|          -|            -|    -|
    | + headed_compute_controller_Pipeline_VITIS_LOOP_636_28  |     -|  5.66|       18|    180.000|         -|       17|     -|    rewind|        -|        -|    7 (~0%)|     52 (~0%)|    -|
    |  o VITIS_LOOP_636_28                                    |     -|  7.30|       16|    160.000|         1|        1|    16|       yes|        -|        -|          -|            -|    -|
    | + headed_compute_controller_Pipeline_VITIS_LOOP_646_30  |     -|  5.40|      258|  2.580e+03|         -|      257|     -|    rewind|        -|        -|   11 (~0%)|     60 (~0%)|    -|
    |  o VITIS_LOOP_646_30                                    |     -|  7.30|      256|  2.560e+03|         1|        1|   256|       yes|        -|        -|          -|            -|    -|
    | + headed_compute_controller_Pipeline_VITIS_LOOP_661_33  |     -|  5.66|       18|    180.000|         -|       17|     -|    rewind|        -|        -|    7 (~0%)|     52 (~0%)|    -|
    |  o VITIS_LOOP_661_33                                    |     -|  7.30|       16|    160.000|         1|        1|    16|       yes|        -|        -|          -|            -|    -|
    | + headed_compute_controller_Pipeline_VITIS_LOOP_640_29  |     -|  5.66|       18|    180.000|         -|       17|     -|    rewind|        -|        -|   12 (~0%)|     63 (~0%)|    -|
    |  o VITIS_LOOP_640_29                                    |     -|  7.30|       16|    160.000|         2|        1|    16|       yes|        -|        -|          -|            -|    -|
    | + headed_compute_controller_Pipeline_VITIS_LOOP_650_31  |     -|  5.42|       34|    340.000|         -|       33|     -|    rewind|        -|        -|   23 (~0%)|    449 (~0%)|    -|
    |  o VITIS_LOOP_650_31                                    |    II|  7.30|       32|    320.000|         9|        8|     4|       yes|        -|        -|          -|            -|    -|
    | + headed_compute_controller_Pipeline_VITIS_LOOP_672_34  |     -|  5.52|       10|    100.000|         -|        9|     -|    rewind|        -|        -|   13 (~0%)|    141 (~0%)|    -|
    |  o VITIS_LOOP_672_34                                    |    II|  7.30|        8|     80.000|         2|        2|     4|       yes|        -|        -|          -|            -|    -|
    | + SOFTMAX                                               |     -|  0.57|       95|    950.000|         -|       95|     -|        no|  1 (~0%)|  2 (~0%)|  786 (~0%)|    908 (~0%)|    -|
    |  + SOFTMAX_Pipeline_VITIS_LOOP_232_1                    |     -|  4.99|       17|    170.000|         -|       16|     -|    rewind|        -|        -|   24 (~0%)|    111 (~0%)|    -|
    |   o VITIS_LOOP_232_1                                    |     -|  7.30|       15|    150.000|         2|        1|    15|       yes|        -|        -|          -|            -|    -|
    |  + SOFTMAX_Pipeline_VITIS_LOOP_245_2                    |     -|  4.25|       19|    190.000|         -|       17|     -|    rewind|  1 (~0%)|        -|  280 (~0%)|    158 (~0%)|    -|
    |   o VITIS_LOOP_245_2                                    |     -|  7.30|       17|    170.000|         3|        1|    16|       yes|        -|        -|          -|            -|    -|
    |  + SOFTMAX_Pipeline_VITIS_LOOP_266_3                    |     -|  2.04|       18|    180.000|         -|       17|     -|    rewind|        -|  2 (~0%)|    7 (~0%)|    152 (~0%)|    -|
    |   o VITIS_LOOP_266_3                                    |     -|  7.30|       16|    160.000|         1|        1|    16|       yes|        -|        -|          -|            -|    -|
    | + headed_compute_controller_Pipeline_VITIS_LOOP_160_1   |     -|  3.50|       18|    180.000|         -|       17|     -|    rewind|        -|        -|   13 (~0%)|    230 (~0%)|    -|
    |  o VITIS_LOOP_160_1                                     |     -|  7.30|       16|    160.000|         2|        1|    16|       yes|        -|        -|          -|            -|    -|
    | + headed_compute_controller_Pipeline_VITIS_LOOP_627_27  |     -|  5.66|       18|    180.000|         -|       17|     -|    rewind|        -|        -|   13 (~0%)|     63 (~0%)|    -|
    |  o VITIS_LOOP_627_27                                    |     -|  7.30|       16|    160.000|         2|        1|    16|       yes|        -|        -|          -|            -|    -|
    | + headed_compute_controller_Pipeline_VITIS_LOOP_615_25  |     -|  5.66|       18|    180.000|         -|       17|     -|    rewind|        -|        -|   13 (~0%)|     63 (~0%)|    -|
    |  o VITIS_LOOP_615_25                                    |     -|  7.30|       16|    160.000|         2|        1|    16|       yes|        -|        -|          -|            -|    -|
    | + headed_compute_controller_Pipeline_VITIS_LOOP_564_17  |     -|  5.66|       18|    180.000|         -|       17|     -|    rewind|        -|        -|    7 (~0%)|     52 (~0%)|    -|
    |  o VITIS_LOOP_564_17                                    |     -|  7.30|       16|    160.000|         1|        1|    16|       yes|        -|        -|          -|            -|    -|
    | + headed_compute_controller_Pipeline_VITIS_LOOP_574_19  |     -|  5.40|      258|  2.580e+03|         -|      257|     -|    rewind|        -|        -|   11 (~0%)|     60 (~0%)|    -|
    |  o VITIS_LOOP_574_19                                    |     -|  7.30|      256|  2.560e+03|         1|        1|   256|       yes|        -|        -|          -|            -|    -|
    | + headed_compute_controller_Pipeline_VITIS_LOOP_589_22  |     -|  5.66|       18|    180.000|         -|       17|     -|    rewind|        -|        -|    7 (~0%)|     52 (~0%)|    -|
    |  o VITIS_LOOP_589_22                                    |     -|  7.30|       16|    160.000|         1|        1|    16|       yes|        -|        -|          -|            -|    -|
    | + headed_compute_controller_Pipeline_VITIS_LOOP_568_18  |     -|  5.77|        6|     60.000|         -|        5|     -|    rewind|        -|        -|    8 (~0%)|     60 (~0%)|    -|
    |  o VITIS_LOOP_568_18                                    |     -|  7.30|        4|     40.000|         2|        1|     4|       yes|        -|        -|          -|            -|    -|
    | + headed_compute_controller_Pipeline_VITIS_LOOP_578_20  |     -|  5.42|       34|    340.000|         -|       33|     -|    rewind|        -|        -|   25 (~0%)|    179 (~0%)|    -|
    |  o VITIS_LOOP_578_20                                    |    II|  7.30|       32|    320.000|         3|        2|    16|       yes|        -|        -|          -|            -|    -|
    | + headed_compute_controller_Pipeline_VITIS_LOOP_599_23  |     -|  5.41|       34|    340.000|         -|       33|     -|    rewind|        -|        -|   17 (~0%)|    189 (~0%)|    -|
    |  o VITIS_LOOP_599_23                                    |    II|  7.30|       32|    320.000|         2|        2|    16|       yes|        -|        -|          -|            -|    -|
    | + headed_compute_controller_Pipeline_VITIS_LOOP_555_16  |     -|  5.52|        6|     60.000|         -|        5|     -|    rewind|        -|        -|    5 (~0%)|     69 (~0%)|    -|
    |  o VITIS_LOOP_555_16                                    |     -|  7.30|        4|     40.000|         1|        1|     4|       yes|        -|        -|          -|            -|    -|
    | + headed_compute_controller_Pipeline_VITIS_LOOP_139_1   |     -|  4.03|       22|    220.000|         -|       17|     -|    rewind|        -|  9 (~0%)|  477 (~0%)|    683 (~0%)|    -|
    |  o VITIS_LOOP_139_1                                     |     -|  7.30|       20|    200.000|         6|        1|    16|       yes|        -|        -|          -|            -|    -|
    | + headed_compute_controller_Pipeline_VITIS_LOOP_500_8   |     -|  5.66|       18|    180.000|         -|       17|     -|    rewind|        -|        -|   12 (~0%)|     63 (~0%)|    -|
    |  o VITIS_LOOP_500_8                                     |     -|  7.30|       16|    160.000|         2|        1|    16|       yes|        -|        -|          -|            -|    -|
    | + headed_compute_controller_Pipeline_VITIS_LOOP_510_10  |     -|  5.42|       34|    340.000|         -|       33|     -|    rewind|        -|        -|   23 (~0%)|    449 (~0%)|    -|
    |  o VITIS_LOOP_510_10                                    |    II|  7.30|       32|    320.000|         9|        8|     4|       yes|        -|        -|          -|            -|    -|
    | + headed_compute_controller_Pipeline_VITIS_LOOP_520_12  |     -|  5.77|        6|     60.000|         -|        5|     -|    rewind|        -|        -|    9 (~0%)|     64 (~0%)|    -|
    |  o VITIS_LOOP_520_12                                    |     -|  7.30|        4|     40.000|         2|        1|     4|       yes|        -|        -|          -|            -|    -|
    | + headed_compute_controller_Pipeline_VITIS_LOOP_534_14  |     -|  5.52|       10|    100.000|         -|        9|     -|    rewind|        -|        -|   13 (~0%)|    141 (~0%)|    -|
    |  o VITIS_LOOP_534_14                                    |    II|  7.30|        8|     80.000|         2|        2|     4|       yes|        -|        -|          -|            -|    -|
    | + headed_compute_controller_Pipeline_VITIS_LOOP_440_6   |     -|  5.42|       66|    660.000|         -|       65|     -|    rewind|        -|        -|    9 (~0%)|     56 (~0%)|    -|
    |  o VITIS_LOOP_440_6                                     |     -|  7.30|       64|    640.000|         1|        1|    64|       yes|        -|        -|          -|            -|    -|
    +---------------------------------------------------------+------+------+---------+-----------+----------+---------+------+----------+---------+---------+-----------+-------------+-----+


================================================================
== HW Interfaces
================================================================
* AP_MEMORY
+------------------+-----------+----------+
| Port             | Direction | Bitwidth |
+------------------+-----------+----------+
| in_buf_address0  | out       | 7        |
| in_buf_address1  | out       | 7        |
| in_buf_q0        | in        | 8        |
| in_buf_q1        | in        | 8        |
| out_buf_address0 | out       | 6        |
| out_buf_address1 | out       | 6        |
| out_buf_d0       | out       | 8        |
| out_buf_d1       | out       | 8        |
+------------------+-----------+----------+

* Other Ports
+---------------------+---------+-----------+----------+
| Port                | Mode    | Direction | Bitwidth |
+---------------------+---------+-----------+----------+
| compute_done        |         | out       | 1        |
| compute_instruction | ap_none | in        | 32       |
| compute_ready       | ap_vld  | out       | 1        |
| compute_start       | ap_none | in        | 1        |
| dbg_req_head        | ap_vld  | out       | 8        |
| dbg_req_instruction | ap_vld  | out       | 32       |
| dbg_req_layer       | ap_vld  | out       | 8        |
| dbg_req_op          | ap_vld  | out       | 8        |
| dbg_req_tile        | ap_vld  | out       | 8        |
| dbg_state           | ap_vld  | out       | 8        |
| error               | ap_vld  | out       | 1        |
| mem_op              | ap_vld  | out       | 32       |
| mem_read_request    | ap_vld  | out       | 1        |
| mem_transfer_done   | ap_none | in        | 1        |
| mem_write_request   | ap_vld  | out       | 1        |
| reset               | ap_none | in        | 1        |
+---------------------+---------+-----------+----------+

* TOP LEVEL CONTROL
+-----------+------------+-----------------------------------+
| Interface | Type       | Ports                             |
+-----------+------------+-----------------------------------+
| ap_clk    | clock      | ap_clk                            |
| ap_rst    | reset      | ap_rst                            |
| ap_ctrl   | ap_ctrl_hs | ap_done ap_idle ap_ready ap_start |
+-----------+------------+-----------------------------------+


================================================================
== SW I/O Information
================================================================
* Top Function Arguments
+---------------------+-----------+-----------------------+
| Argument            | Direction | Datatype              |
+---------------------+-----------+-----------------------+
| reset               | in        | bool                  |
| compute_start       | in        | bool                  |
| compute_instruction | in        | unsigned int          |
| compute_ready       | out       | bool&                 |
| compute_done        | out       | bool&                 |
| mem_transfer_done   | in        | bool                  |
| mem_read_request    | out       | bool&                 |
| mem_write_request   | out       | bool&                 |
| mem_op              | out       | unsigned int&         |
| in_buf              | in        | unsigned char const * |
| out_buf             | out       | unsigned char*        |
| dbg_state           | out       | ComputeState&         |
| dbg_req_instruction | out       | unsigned int&         |
| dbg_req_op          | out       | unsigned char&        |
| dbg_req_layer       | out       | unsigned char&        |
| dbg_req_head        | out       | unsigned char&        |
| dbg_req_tile        | out       | unsigned char&        |
| error               | out       | bool&                 |
+---------------------+-----------+-----------------------+

* SW-to-HW Mapping
+---------------------+----------------------------+---------+----------+
| Argument            | HW Interface               | HW Type | HW Usage |
+---------------------+----------------------------+---------+----------+
| reset               | reset                      | port    |          |
| compute_start       | compute_start              | port    |          |
| compute_instruction | compute_instruction        | port    |          |
| compute_ready       | compute_ready              | port    |          |
| compute_ready       | compute_ready_ap_vld       | port    |          |
| compute_done        | N/A                        | N/A     |          |
| mem_transfer_done   | mem_transfer_done          | port    |          |
| mem_read_request    | mem_read_request           | port    |          |
| mem_read_request    | mem_read_request_ap_vld    | port    |          |
| mem_write_request   | mem_write_request          | port    |          |
| mem_write_request   | mem_write_request_ap_vld   | port    |          |
| mem_op              | mem_op                     | port    |          |
| mem_op              | mem_op_ap_vld              | port    |          |
| in_buf              | in_buf_address0            | port    | offset   |
| in_buf              | in_buf_ce0                 | port    |          |
| in_buf              | in_buf_q0                  | port    |          |
| in_buf              | in_buf_address1            | port    | offset   |
| in_buf              | in_buf_ce1                 | port    |          |
| in_buf              | in_buf_q1                  | port    |          |
| out_buf             | out_buf_address0           | port    | offset   |
| out_buf             | out_buf_ce0                | port    |          |
| out_buf             | out_buf_we0                | port    |          |
| out_buf             | out_buf_d0                 | port    |          |
| out_buf             | out_buf_address1           | port    | offset   |
| out_buf             | out_buf_ce1                | port    |          |
| out_buf             | out_buf_we1                | port    |          |
| out_buf             | out_buf_d1                 | port    |          |
| dbg_state           | dbg_state                  | port    |          |
| dbg_state           | dbg_state_ap_vld           | port    |          |
| dbg_req_instruction | dbg_req_instruction        | port    |          |
| dbg_req_instruction | dbg_req_instruction_ap_vld | port    |          |
| dbg_req_op          | dbg_req_op                 | port    |          |
| dbg_req_op          | dbg_req_op_ap_vld          | port    |          |
| dbg_req_layer       | dbg_req_layer              | port    |          |
| dbg_req_layer       | dbg_req_layer_ap_vld       | port    |          |
| dbg_req_head        | dbg_req_head               | port    |          |
| dbg_req_head        | dbg_req_head_ap_vld        | port    |          |
| dbg_req_tile        | dbg_req_tile               | port    |          |
| dbg_req_tile        | dbg_req_tile_ap_vld        | port    |          |
| error               | error                      | port    |          |
| error               | error_ap_vld               | port    |          |
+---------------------+----------------------------+---------+----------+


================================================================
== Bind Op Report
================================================================
+---------------------------------------------------------+-----+--------+------------------------+-----------+--------------------------+---------+
| Name                                                    | DSP | Pragma | Variable               | Op        | Impl                     | Latency |
+---------------------------------------------------------+-----+--------+------------------------+-----------+--------------------------+---------+
| + headed_compute_controller                             | 27  |        |                        |           |                          |         |
|   icmp_ln340_fu_2892_p2                                 |     |        | icmp_ln340             | seteq     | auto                     | 0       |
|   icmp_ln341_fu_2898_p2                                 |     |        | icmp_ln341             | seteq     | auto                     | 0       |
|   xor_ln667_fu_3020_p2                                  |     |        | xor_ln667              | xor       | auto                     | 0       |
|   mac_start_2_fu_3025_p2                                |     |        | mac_start_2            | and       | auto                     | 0       |
|   xor_ln594_fu_3030_p2                                  |     |        | xor_ln594              | xor       | auto                     | 0       |
|   mac_start_fu_3035_p2                                  |     |        | mac_start              | and       | auto                     | 0       |
|   sub_i_fu_3166_p2                                      |     |        | sub_i                  | add       | fabric                   | 0       |
|   rounded_fu_3176_p2                                    |     |        | rounded                | shl       | auto_pipe                | 0       |
|   mul_32s_32s_64_1_1_U367                               | 4   |        | product                | mul       | auto                     | 0       |
|   add_ln291_fu_3186_p2                                  |     |        | add_ln291              | add       | fabric                   | 0       |
|   ashr_ln291_fu_3191_p2                                 |     |        | ashr_ln291             | ashr      | auto_pipe                | 0       |
|   icmp_ln293_fu_3211_p2                                 |     |        | icmp_ln293             | setgt     | auto                     | 0       |
|   icmp_ln295_fu_3217_p2                                 |     |        | icmp_ln295             | setlt     | auto                     | 0       |
|   select_ln293_4_fu_3227_p3                             |     |        | select_ln293_4         | select    | auto_sel                 | 0       |
|   or_ln293_fu_3235_p2                                   |     |        | or_ln293               | or        | auto                     | 0       |
|   select_ln293_fu_3241_p3                               |     |        | select_ln293           | select    | auto_sel                 | 0       |
|   mul_32s_32s_64_1_1_U368                               | 4   |        | product_4              | mul       | auto                     | 0       |
|   add_ln291_1_fu_3249_p2                                |     |        | add_ln291_1            | add       | fabric                   | 0       |
|   ashr_ln291_1_fu_3254_p2                               |     |        | ashr_ln291_1           | ashr      | auto_pipe                | 0       |
|   icmp_ln293_1_fu_3274_p2                               |     |        | icmp_ln293_1           | setgt     | auto                     | 0       |
|   icmp_ln295_1_fu_3280_p2                               |     |        | icmp_ln295_1           | setlt     | auto                     | 0       |
|   select_ln293_5_fu_3290_p3                             |     |        | select_ln293_5         | select    | auto_sel                 | 0       |
|   or_ln293_1_fu_3298_p2                                 |     |        | or_ln293_1             | or        | auto                     | 0       |
|   select_ln293_1_fu_3304_p3                             |     |        | select_ln293_1         | select    | auto_sel                 | 0       |
|   mul_32s_32s_64_1_1_U369                               | 4   |        | product_5              | mul       | auto                     | 0       |
|   add_ln291_2_fu_3312_p2                                |     |        | add_ln291_2            | add       | fabric                   | 0       |
|   ashr_ln291_2_fu_3317_p2                               |     |        | ashr_ln291_2           | ashr      | auto_pipe                | 0       |
|   icmp_ln293_2_fu_3337_p2                               |     |        | icmp_ln293_2           | setgt     | auto                     | 0       |
|   icmp_ln295_2_fu_3343_p2                               |     |        | icmp_ln295_2           | setlt     | auto                     | 0       |
|   select_ln293_6_fu_3353_p3                             |     |        | select_ln293_6         | select    | auto_sel                 | 0       |
|   or_ln293_2_fu_3361_p2                                 |     |        | or_ln293_2             | or        | auto                     | 0       |
|   select_ln293_2_fu_3367_p3                             |     |        | select_ln293_2         | select    | auto_sel                 | 0       |
|   mul_32s_32s_64_1_1_U370                               | 4   |        | product_3              | mul       | auto                     | 0       |
|   add_ln291_3_fu_3375_p2                                |     |        | add_ln291_3            | add       | fabric                   | 0       |
|   ashr_ln291_3_fu_3380_p2                               |     |        | ashr_ln291_3           | ashr      | auto_pipe                | 0       |
|   icmp_ln293_3_fu_3400_p2                               |     |        | icmp_ln293_3           | setgt     | auto                     | 0       |
|   icmp_ln295_3_fu_3406_p2                               |     |        | icmp_ln295_3           | setlt     | auto                     | 0       |
|   select_ln293_7_fu_3416_p3                             |     |        | select_ln293_7         | select    | auto_sel                 | 0       |
|   or_ln293_3_fu_3424_p2                                 |     |        | or_ln293_3             | or        | auto                     | 0       |
|   select_ln293_3_fu_3430_p3                             |     |        | select_ln293_3         | select    | auto_sel                 | 0       |
|   xor_ln529_fu_3598_p2                                  |     |        | xor_ln529              | xor       | auto                     | 0       |
|   mac_start_1_fu_3603_p2                                |     |        | mac_start_1            | and       | auto                     | 0       |
|   or_ln130_fu_3446_p2                                   |     |        | or_ln130               | or        | auto                     | 0       |
|   xor_ln130_fu_3452_p2                                  |     |        | xor_ln130              | xor       | auto                     | 0       |
|   xor_ln133_fu_3474_p2                                  |     |        | xor_ln133              | xor       | auto                     | 0       |
|   do_compute_fu_3480_p2                                 |     |        | do_compute             | and       | auto                     | 0       |
|   xor_ln482_fu_3641_p2                                  |     |        | xor_ln482              | xor       | auto                     | 0       |
|   select_ln482_fu_3646_p3                               |     |        | select_ln482           | select    | auto_sel                 | 0       |
|   icmp_ln449_fu_3008_p2                                 |     |        | icmp_ln449             | seteq     | auto                     | 0       |
|   or_ln449_fu_3014_p2                                   |     |        | or_ln449               | or        | auto                     | 0       |
|   add_ln460_fu_3697_p2                                  |     |        | add_ln460              | add       | fabric                   | 0       |
|   icmp_ln460_fu_3702_p2                                 |     |        | icmp_ln460             | setlt     | auto                     | 0       |
|   xor_ln460_fu_3708_p2                                  |     |        | xor_ln460              | xor       | auto                     | 0       |
|   next_state_2_cast_cast_fu_3715_p3                     |     |        | next_state_2_cast_cast | select    | auto_sel                 | 0       |
|   xor_ln439_fu_3769_p2                                  |     |        | xor_ln439              | xor       | auto                     | 0       |
|   or_ln439_fu_3775_p2                                   |     |        | or_ln439               | or        | auto                     | 0       |
|  + headed_compute_controller_Pipeline_VITIS_LOOP_622_26 | 0   |        |                        |           |                          |         |
|    icmp_ln622_fu_90_p2                                  |     |        | icmp_ln622             | seteq     | auto                     | 0       |
|    add_ln622_fu_96_p2                                   |     |        | add_ln622              | add       | fabric                   | 0       |
|  + headed_compute_controller_Pipeline_VITIS_LOOP_610_24 | 0   |        |                        |           |                          |         |
|    icmp_ln610_fu_112_p2                                 |     |        | icmp_ln610             | seteq     | auto                     | 0       |
|    add_ln610_fu_118_p2                                  |     |        | add_ln610              | add       | fabric                   | 0       |
|  + headed_compute_controller_Pipeline_VITIS_LOOP_548_15 | 0   |        |                        |           |                          |         |
|    icmp_ln548_fu_105_p2                                 |     |        | icmp_ln548             | seteq     | auto                     | 0       |
|    add_ln548_fu_111_p2                                  |     |        | add_ln548              | add       | fabric                   | 0       |
|  + headed_compute_controller_Pipeline_VITIS_LOOP_496_7  | 0   |        |                        |           |                          |         |
|    icmp_ln496_fu_98_p2                                  |     |        | icmp_ln496             | seteq     | auto                     | 0       |
|    add_ln496_fu_104_p2                                  |     |        | add_ln496              | add       | fabric                   | 0       |
|  + headed_compute_controller_Pipeline_VITIS_LOOP_506_9  | 0   |        |                        |           |                          |         |
|    icmp_ln506_fu_330_p2                                 |     |        | icmp_ln506             | seteq     | auto                     | 0       |
|    add_ln506_fu_336_p2                                  |     |        | add_ln506              | add       | fabric                   | 0       |
|  + headed_compute_controller_Pipeline_VITIS_LOOP_636_28 | 0   |        |                        |           |                          |         |
|    icmp_ln636_fu_98_p2                                  |     |        | icmp_ln636             | seteq     | auto                     | 0       |
|    add_ln636_fu_104_p2                                  |     |        | add_ln636              | add       | fabric                   | 0       |
|  + headed_compute_controller_Pipeline_VITIS_LOOP_646_30 | 0   |        |                        |           |                          |         |
|    icmp_ln646_fu_330_p2                                 |     |        | icmp_ln646             | seteq     | auto                     | 0       |
|    add_ln646_fu_336_p2                                  |     |        | add_ln646              | add       | fabric                   | 0       |
|  + headed_compute_controller_Pipeline_VITIS_LOOP_661_33 | 0   |        |                        |           |                          |         |
|    icmp_ln661_fu_72_p2                                  |     |        | icmp_ln661             | seteq     | auto                     | 0       |
|    add_ln661_fu_78_p2                                   |     |        | add_ln661              | add       | fabric                   | 0       |
|  + headed_compute_controller_Pipeline_VITIS_LOOP_640_29 | 0   |        |                        |           |                          |         |
|    icmp_ln640_fu_119_p2                                 |     |        | icmp_ln640             | seteq     | auto                     | 0       |
|    add_ln640_fu_125_p2                                  |     |        | add_ln640              | add       | fabric                   | 0       |
|  + headed_compute_controller_Pipeline_VITIS_LOOP_650_31 | 0   |        |                        |           |                          |         |
|    icmp_ln650_fu_473_p2                                 |     |        | icmp_ln650             | seteq     | auto                     | 0       |
|    add_ln650_fu_479_p2                                  |     |        | add_ln650              | add       | fabric                   | 0       |
|    add_ln656_fu_501_p2                                  |     |        | add_ln656              | add       | fabric                   | 0       |
|    add_ln656_1_fu_512_p2                                |     |        | add_ln656_1            | add       | fabric                   | 0       |
|    add_ln656_2_fu_533_p2                                |     |        | add_ln656_2            | add       | fabric                   | 0       |
|    add_ln656_3_fu_543_p2                                |     |        | add_ln656_3            | add       | fabric                   | 0       |
|    add_ln656_4_fu_553_p2                                |     |        | add_ln656_4            | add       | fabric                   | 0       |
|    add_ln656_5_fu_563_p2                                |     |        | add_ln656_5            | add       | fabric                   | 0       |
|    add_ln656_6_fu_573_p2                                |     |        | add_ln656_6            | add       | fabric                   | 0       |
|    add_ln656_7_fu_583_p2                                |     |        | add_ln656_7            | add       | fabric                   | 0       |
|    add_ln656_8_fu_593_p2                                |     |        | add_ln656_8            | add       | fabric                   | 0       |
|    add_ln656_9_fu_603_p2                                |     |        | add_ln656_9            | add       | fabric                   | 0       |
|    add_ln656_10_fu_613_p2                               |     |        | add_ln656_10           | add       | fabric                   | 0       |
|    add_ln656_11_fu_623_p2                               |     |        | add_ln656_11           | add       | fabric                   | 0       |
|    add_ln656_12_fu_633_p2                               |     |        | add_ln656_12           | add       | fabric                   | 0       |
|    add_ln656_13_fu_643_p2                               |     |        | add_ln656_13           | add       | fabric                   | 0       |
|    add_ln656_14_fu_653_p2                               |     |        | add_ln656_14           | add       | fabric                   | 0       |
|    add_ln656_15_fu_663_p2                               |     |        | add_ln656_15           | add       | fabric                   | 0       |
|  + headed_compute_controller_Pipeline_VITIS_LOOP_672_34 | 0   |        |                        |           |                          |         |
|    icmp_ln672_fu_151_p2                                 |     |        | icmp_ln672             | seteq     | auto                     | 0       |
|    add_ln672_fu_157_p2                                  |     |        | add_ln672              | add       | fabric                   | 0       |
|    sparsemux_9_2_20_1_1_U71                             |     |        | v                      | sparsemux | compactencoding_dontcare | 0       |
|    select_ln616_fu_272_p3                               |     |        | select_ln616           | select    | auto_sel                 | 0       |
|  + SOFTMAX                                              | 2   |        |                        |           |                          |         |
|    icmp_ln258_fu_237_p2                                 |     |        | icmp_ln258             | seteq     | auto                     | 0       |
|    udiv_31ns_19ns_31_35_seq_1_U127                      |     |        | inv_sum_q15            | udiv      | auto_seq                 | 34      |
|   + SOFTMAX_Pipeline_VITIS_LOOP_232_1                   | 0   |        |                        |           |                          |         |
|     icmp_ln232_fu_79_p2                                 |     |        | icmp_ln232             | seteq     | auto                     | 0       |
|     icmp_ln234_fu_104_p2                                |     |        | icmp_ln234             | setgt     | auto                     | 0       |
|     max_val_2_fu_110_p3                                 |     |        | max_val_2              | select    | auto_sel                 | 0       |
|     add_ln232_fu_90_p2                                  |     |        | add_ln232              | add       | fabric                   | 0       |
|   + SOFTMAX_Pipeline_VITIS_LOOP_245_2                   | 0   |        |                        |           |                          |         |
|     icmp_ln245_fu_370_p2                                |     |        | icmp_ln245             | seteq     | auto                     | 0       |
|     add_ln245_fu_376_p2                                 |     |        | add_ln245              | add       | fabric                   | 0       |
|     diff_fu_430_p2                                      |     |        | diff                   | sub       | fabric                   | 0       |
|     xor_ln211_fu_443_p2                                 |     |        | xor_ln211              | xor       | auto                     | 0       |
|     icmp_ln214_fu_449_p2                                |     |        | icmp_ln214             | seteq     | auto                     | 0       |
|     and_ln214_fu_478_p2                                 |     |        | and_ln214              | and       | auto                     | 0       |
|     sparsemux_7_2_15_1_1_U83                            |     |        | e_q15                  | sparsemux | onehotencoding_realdef   | 0       |
|     sum_exp_1_fu_601_p2                                 |     |        | sum_exp_1              | add       | fabric                   | 0       |
|   + SOFTMAX_Pipeline_VITIS_LOOP_266_3                   | 2   |        |                        |           |                          |         |
|     icmp_ln266_fu_244_p2                                |     |        | icmp_ln266             | seteq     | auto                     | 0       |
|     add_ln266_fu_250_p2                                 |     |        | add_ln266              | add       | fabric                   | 0       |
|     sparsemux_33_4_16_1_1_U106                          |     |        | tmp                    | sparsemux | compactencoding_dontcare | 0       |
|     mul_31s_16ns_31_1_1_U105                            | 2   |        | mul_ln268              | mul       | auto                     | 0       |
|     prob_q15_fu_360_p3                                  |     |        | prob_q15               | select    | auto_sel                 | 0       |
|  + headed_compute_controller_Pipeline_VITIS_LOOP_160_1  | 0   |        |                        |           |                          |         |
|    icmp_ln160_fu_98_p2                                  |     |        | icmp_ln160             | seteq     | auto                     | 0       |
|    add_ln160_fu_104_p2                                  |     |        | add_ln160              | add       | fabric                   | 0       |
|    select_ln163_fu_140_p3                               |     |        | select_ln163           | select    | auto_sel                 | 0       |
|    rounded_fu_148_p2                                    |     |        | rounded                | add       | fabric                   | 0       |
|    icmp_ln165_fu_174_p2                                 |     |        | icmp_ln165             | setgt     | auto                     | 0       |
|    icmp_ln167_fu_180_p2                                 |     |        | icmp_ln167             | setlt     | auto                     | 0       |
|    select_ln170_fu_196_p3                               |     |        | select_ln170           | select    | auto_sel                 | 0       |
|    or_ln170_fu_204_p2                                   |     |        | or_ln170               | or        | auto                     | 0       |
|    select_ln170_1_fu_210_p3                             |     |        | select_ln170_1         | select    | auto_sel                 | 0       |
|  + headed_compute_controller_Pipeline_VITIS_LOOP_627_27 | 0   |        |                        |           |                          |         |
|    icmp_ln627_fu_94_p2                                  |     |        | icmp_ln627             | seteq     | auto                     | 0       |
|    add_ln627_fu_100_p2                                  |     |        | add_ln627              | add       | fabric                   | 0       |
|  + headed_compute_controller_Pipeline_VITIS_LOOP_615_25 | 0   |        |                        |           |                          |         |
|    icmp_ln615_fu_94_p2                                  |     |        | icmp_ln615             | seteq     | auto                     | 0       |
|    add_ln615_fu_100_p2                                  |     |        | add_ln615              | add       | fabric                   | 0       |
|  + headed_compute_controller_Pipeline_VITIS_LOOP_564_17 | 0   |        |                        |           |                          |         |
|    icmp_ln564_fu_98_p2                                  |     |        | icmp_ln564             | seteq     | auto                     | 0       |
|    add_ln564_fu_104_p2                                  |     |        | add_ln564              | add       | fabric                   | 0       |
|  + headed_compute_controller_Pipeline_VITIS_LOOP_574_19 | 0   |        |                        |           |                          |         |
|    icmp_ln574_fu_330_p2                                 |     |        | icmp_ln574             | seteq     | auto                     | 0       |
|    add_ln574_fu_336_p2                                  |     |        | add_ln574              | add       | fabric                   | 0       |
|  + headed_compute_controller_Pipeline_VITIS_LOOP_589_22 | 0   |        |                        |           |                          |         |
|    icmp_ln589_fu_72_p2                                  |     |        | icmp_ln589             | seteq     | auto                     | 0       |
|    add_ln589_fu_78_p2                                   |     |        | add_ln589              | add       | fabric                   | 0       |
|  + headed_compute_controller_Pipeline_VITIS_LOOP_568_18 | 0   |        |                        |           |                          |         |
|    icmp_ln568_fu_71_p2                                  |     |        | icmp_ln568             | seteq     | auto                     | 0       |
|    add_ln568_fu_77_p2                                   |     |        | add_ln568              | add       | fabric                   | 0       |
|  + headed_compute_controller_Pipeline_VITIS_LOOP_578_20 | 0   |        |                        |           |                          |         |
|    icmp_ln578_fu_161_p2                                 |     |        | icmp_ln578             | seteq     | auto                     | 0       |
|    add_ln578_fu_167_p2                                  |     |        | add_ln578              | add       | fabric                   | 0       |
|    add_ln584_fu_189_p2                                  |     |        | add_ln584              | add       | fabric                   | 0       |
|    add_ln584_1_fu_200_p2                                |     |        | add_ln584_1            | add       | fabric                   | 0       |
|    add_ln584_2_fu_221_p2                                |     |        | add_ln584_2            | add       | fabric                   | 0       |
|    add_ln584_3_fu_231_p2                                |     |        | add_ln584_3            | add       | fabric                   | 0       |
|  + headed_compute_controller_Pipeline_VITIS_LOOP_599_23 | 0   |        |                        |           |                          |         |
|    icmp_ln599_fu_279_p2                                 |     |        | icmp_ln599             | seteq     | auto                     | 0       |
|    add_ln599_fu_285_p2                                  |     |        | add_ln599              | add       | fabric                   | 0       |
|    sparsemux_33_4_20_1_1_U185                           |     |        | v                      | sparsemux | compactencoding_dontcare | 0       |
|    select_ln616_fu_448_p3                               |     |        | select_ln616           | select    | auto_sel                 | 0       |
|  + headed_compute_controller_Pipeline_VITIS_LOOP_555_16 | 0   |        |                        |           |                          |         |
|    icmp_ln555_fu_103_p2                                 |     |        | icmp_ln555             | seteq     | auto                     | 0       |
|    add_ln555_fu_109_p2                                  |     |        | add_ln555              | add       | fabric                   | 0       |
|    sparsemux_9_2_8_1_1_U209                             |     |        | value_assign           | sparsemux | compactencoding_dontcare | 0       |
|  + headed_compute_controller_Pipeline_VITIS_LOOP_139_1  | 9   |        |                        |           |                          |         |
|    icmp_ln139_fu_574_p2                                 |     |        | icmp_ln139             | seteq     | auto                     | 0       |
|    add_ln139_fu_580_p2                                  |     |        | add_ln139              | add       | fabric                   | 0       |
|    sparsemux_33_4_4_1_1_U293                            |     |        | acc                    | sparsemux | compactencoding_dontcare | 0       |
|    mac_muladd_8s_8s_4s_16_4_1_U301                      | 1   |        | mul_ln143              | mul       | dsp_slice                | 3       |
|    mul_8s_8s_16_1_1_U294                                |     |        | mul_ln143_1            | mul       | auto                     | 0       |
|    mac_muladd_8s_8s_16s_17_4_1_U302                     | 1   |        | mul_ln143_2            | mul       | dsp_slice                | 3       |
|    mac_muladd_8s_8s_16s_17_4_1_U302                     | 1   |        | sext_ln143_2           | sext      | dsp_slice                | 3       |
|    mul_8s_8s_16_1_1_U295                                |     |        | mul_ln143_3            | mul       | auto                     | 0       |
|    mac_muladd_8s_8s_16s_17_4_1_U303                     | 1   |        | mul_ln143_4            | mul       | dsp_slice                | 3       |
|    mac_muladd_8s_8s_16s_17_4_1_U303                     | 1   |        | sext_ln143_4           | sext      | dsp_slice                | 3       |
|    mul_8s_8s_16_1_1_U296                                |     |        | mul_ln143_5            | mul       | auto                     | 0       |
|    mac_muladd_8s_8s_16s_17_4_1_U304                     | 1   |        | mul_ln143_6            | mul       | dsp_slice                | 3       |
|    mac_muladd_8s_8s_16s_17_4_1_U304                     | 1   |        | sext_ln143_6           | sext      | dsp_slice                | 3       |
|    mac_muladd_8s_8s_16s_17_4_1_U305                     | 1   |        | mul_ln143_7            | mul       | dsp_slice                | 3       |
|    mac_muladd_8s_8s_16s_17_4_1_U305                     | 1   |        | sext_ln143_7           | sext      | dsp_slice                | 3       |
|    mac_muladd_8s_8s_16s_17_4_1_U306                     | 1   |        | mul_ln143_8            | mul       | dsp_slice                | 3       |
|    mac_muladd_8s_8s_16s_17_4_1_U306                     | 1   |        | sext_ln143_8           | sext      | dsp_slice                | 3       |
|    mul_8s_8s_16_1_1_U297                                |     |        | mul_ln143_9            | mul       | auto                     | 0       |
|    mac_muladd_8s_8s_16s_17_4_1_U307                     | 1   |        | mul_ln143_10           | mul       | dsp_slice                | 3       |
|    mac_muladd_8s_8s_16s_17_4_1_U307                     | 1   |        | sext_ln143_10          | sext      | dsp_slice                | 3       |
|    mul_8s_8s_16_1_1_U298                                |     |        | mul_ln143_11           | mul       | auto                     | 0       |
|    mac_muladd_8s_8s_16s_17_4_1_U308                     | 1   |        | mul_ln143_12           | mul       | dsp_slice                | 3       |
|    mac_muladd_8s_8s_16s_17_4_1_U308                     | 1   |        | sext_ln143_12          | sext      | dsp_slice                | 3       |
|    mul_8s_8s_16_1_1_U299                                |     |        | mul_ln143_13           | mul       | auto                     | 0       |
|    mac_muladd_8s_8s_16s_17_4_1_U309                     | 1   |        | mul_ln143_14           | mul       | dsp_slice                | 3       |
|    mac_muladd_8s_8s_16s_17_4_1_U309                     | 1   |        | sext_ln143_14          | sext      | dsp_slice                | 3       |
|    mul_8s_8s_16_1_1_U300                                |     |        | mul_ln143_15           | mul       | auto                     | 0       |
|    mac_muladd_8s_8s_16s_17_4_1_U309                     | 1   |        | add_ln143              | add       | dsp_slice                | 3       |
|    mac_muladd_8s_8s_16s_17_4_1_U307                     | 1   |        | add_ln143_1            | add       | dsp_slice                | 3       |
|    add_ln143_2_fu_845_p2                                |     |        | add_ln143_2            | add       | fabric                   | 0       |
|    mac_muladd_8s_8s_16s_17_4_1_U308                     | 1   |        | add_ln143_3            | add       | dsp_slice                | 3       |
|    mac_muladd_8s_8s_16s_17_4_1_U302                     | 1   |        | add_ln143_4            | add       | dsp_slice                | 3       |
|    add_ln143_5_fu_861_p2                                |     |        | add_ln143_5            | add       | fabric                   | 0       |
|    add_ln143_6_fu_871_p2                                |     |        | add_ln143_6            | add       | fabric                   | 0       |
|    mac_muladd_8s_8s_16s_17_4_1_U303                     | 1   |        | add_ln143_7            | add       | dsp_slice                | 3       |
|    mac_muladd_8s_8s_16s_17_4_1_U304                     | 1   |        | add_ln143_8            | add       | dsp_slice                | 3       |
|    add_ln143_9_fu_887_p2                                |     |        | add_ln143_9            | add       | fabric                   | 0       |
|    mac_muladd_8s_8s_16s_17_4_1_U306                     | 1   |        | add_ln143_10           | add       | dsp_slice                | 3       |
|    mac_muladd_8s_8s_4s_16_4_1_U301                      | 1   |        | add_ln143_11           | add       | dsp_slice                | 3       |
|    mac_muladd_8s_8s_16s_17_4_1_U305                     | 1   |        | add_ln143_12           | add       | dsp_slice                | 3       |
|    add_ln143_13_fu_903_p2                               |     |        | add_ln143_13           | add       | fabric                   | 0       |
|    add_ln143_14_fu_913_p2                               |     |        | add_ln143_14           | add       | fabric                   | 0       |
|    acc_1_fu_923_p2                                      |     |        | acc_1                  | add       | fabric                   | 0       |
|  + headed_compute_controller_Pipeline_VITIS_LOOP_500_8  | 0   |        |                        |           |                          |         |
|    icmp_ln500_fu_119_p2                                 |     |        | icmp_ln500             | seteq     | auto                     | 0       |
|    add_ln500_fu_125_p2                                  |     |        | add_ln500              | add       | fabric                   | 0       |
|  + headed_compute_controller_Pipeline_VITIS_LOOP_510_10 | 0   |        |                        |           |                          |         |
|    icmp_ln510_fu_477_p2                                 |     |        | icmp_ln510             | seteq     | auto                     | 0       |
|    add_ln510_fu_483_p2                                  |     |        | add_ln510              | add       | fabric                   | 0       |
|    add_ln565_fu_505_p2                                  |     |        | add_ln565              | add       | fabric                   | 0       |
|    add_ln565_1_fu_526_p2                                |     |        | add_ln565_1            | add       | fabric                   | 0       |
|    add_ln565_2_fu_571_p2                                |     |        | add_ln565_2            | add       | fabric                   | 0       |
|    add_ln565_3_fu_591_p2                                |     |        | add_ln565_3            | add       | fabric                   | 0       |
|    add_ln565_4_fu_625_p2                                |     |        | add_ln565_4            | add       | fabric                   | 0       |
|    add_ln565_5_fu_645_p2                                |     |        | add_ln565_5            | add       | fabric                   | 0       |
|    add_ln565_6_fu_679_p2                                |     |        | add_ln565_6            | add       | fabric                   | 0       |
|    add_ln565_7_fu_699_p2                                |     |        | add_ln565_7            | add       | fabric                   | 0       |
|    add_ln565_8_fu_733_p2                                |     |        | add_ln565_8            | add       | fabric                   | 0       |
|    add_ln565_9_fu_753_p2                                |     |        | add_ln565_9            | add       | fabric                   | 0       |
|    add_ln565_10_fu_787_p2                               |     |        | add_ln565_10           | add       | fabric                   | 0       |
|    add_ln565_11_fu_807_p2                               |     |        | add_ln565_11           | add       | fabric                   | 0       |
|    add_ln565_12_fu_841_p2                               |     |        | add_ln565_12           | add       | fabric                   | 0       |
|    add_ln565_13_fu_861_p2                               |     |        | add_ln565_13           | add       | fabric                   | 0       |
|    add_ln565_14_fu_895_p2                               |     |        | add_ln565_14           | add       | fabric                   | 0       |
|    add_ln565_15_fu_915_p2                               |     |        | add_ln565_15           | add       | fabric                   | 0       |
|  + headed_compute_controller_Pipeline_VITIS_LOOP_520_12 | 0   |        |                        |           |                          |         |
|    icmp_ln520_fu_83_p2                                  |     |        | icmp_ln520             | seteq     | auto                     | 0       |
|    add_ln520_fu_89_p2                                   |     |        | add_ln520              | add       | fabric                   | 0       |
|    nibble_fu_161_p3                                     |     |        | nibble                 | select    | auto_sel                 | 0       |
|  + headed_compute_controller_Pipeline_VITIS_LOOP_534_14 | 0   |        |                        |           |                          |         |
|    icmp_ln534_fu_151_p2                                 |     |        | icmp_ln534             | seteq     | auto                     | 0       |
|    add_ln534_fu_157_p2                                  |     |        | add_ln534              | add       | fabric                   | 0       |
|    sparsemux_9_2_20_1_1_U287                            |     |        | v                      | sparsemux | compactencoding_dontcare | 0       |
|    select_ln616_fu_272_p3                               |     |        | select_ln616           | select    | auto_sel                 | 0       |
|  + headed_compute_controller_Pipeline_VITIS_LOOP_440_6  | 0   |        |                        |           |                          |         |
|    icmp_ln440_fu_60_p2                                  |     |        | icmp_ln440             | seteq     | auto                     | 0       |
|    add_ln440_fu_66_p2                                   |     |        | add_ln440              | add       | fabric                   | 0       |
+---------------------------------------------------------+-----+--------+------------------------+-----------+--------------------------+---------+


================================================================
== Storage Report
================================================================
+-----------------------------------------------------------------------------------------+---------+------+------+------+--------+-------------------------------------------------------------------------------------+------+---------+------------------+
| Name                                                                                    | Usage   | Type | BRAM | URAM | Pragma | Variable                                                                            | Impl | Latency | Bitwidth, Depth, |
|                                                                                         |         |      |      |      |        |                                                                                     |      |         | Banks            |
+-----------------------------------------------------------------------------------------+---------+------+------+------+--------+-------------------------------------------------------------------------------------+------+---------+------------------+
| + headed_compute_controller                                                             |         |      | 1    | 0    |        |                                                                                     |      |         |                  |
|   headed_compute_controller_bool_bool_unsigned_int_bool_bool_bool_bool_b_33_U           | ram_t2p |      |      |      |        | headed_compute_controller_bool_bool_unsigned_int_bool_bool_bool_bool_b_33           | auto | 1       | 8, 16, 1         |
|   headed_compute_controller_bool_bool_unsigned_int_bool_bool_bool_bool_b_32_U           | ram_t2p |      |      |      |        | headed_compute_controller_bool_bool_unsigned_int_bool_bool_bool_bool_b_32           | auto | 1       | 8, 16, 1         |
|   headed_compute_controller_bool_bool_unsigned_int_bool_bool_bool_bool_b_31_U           | ram_t2p |      |      |      |        | headed_compute_controller_bool_bool_unsigned_int_bool_bool_bool_bool_b_31           | auto | 1       | 8, 16, 1         |
|   headed_compute_controller_bool_bool_unsigned_int_bool_bool_bool_bool_b_30_U           | ram_t2p |      |      |      |        | headed_compute_controller_bool_bool_unsigned_int_bool_bool_bool_bool_b_30           | auto | 1       | 8, 16, 1         |
|   headed_compute_controller_bool_bool_unsigned_int_bool_bool_bool_bool_b_29_U           | ram_t2p |      |      |      |        | headed_compute_controller_bool_bool_unsigned_int_bool_bool_bool_bool_b_29           | auto | 1       | 8, 16, 1         |
|   headed_compute_controller_bool_bool_unsigned_int_bool_bool_bool_bool_b_28_U           | ram_t2p |      |      |      |        | headed_compute_controller_bool_bool_unsigned_int_bool_bool_bool_bool_b_28           | auto | 1       | 8, 16, 1         |
|   headed_compute_controller_bool_bool_unsigned_int_bool_bool_bool_bool_b_27_U           | ram_t2p |      |      |      |        | headed_compute_controller_bool_bool_unsigned_int_bool_bool_bool_bool_b_27           | auto | 1       | 8, 16, 1         |
|   headed_compute_controller_bool_bool_unsigned_int_bool_bool_bool_bool_b_26_U           | ram_t2p |      |      |      |        | headed_compute_controller_bool_bool_unsigned_int_bool_bool_bool_bool_b_26           | auto | 1       | 8, 16, 1         |
|   headed_compute_controller_bool_bool_unsigned_int_bool_bool_bool_bool_b_25_U           | ram_t2p |      |      |      |        | headed_compute_controller_bool_bool_unsigned_int_bool_bool_bool_bool_b_25           | auto | 1       | 8, 16, 1         |
|   headed_compute_controller_bool_bool_unsigned_int_bool_bool_bool_bool_b_24_U           | ram_t2p |      |      |      |        | headed_compute_controller_bool_bool_unsigned_int_bool_bool_bool_bool_b_24           | auto | 1       | 8, 16, 1         |
|   p_ZZ25headed_compute_controllerbbjRbS_bS_S_RjPKhPhR12ComputeStateS0_RhS6_S6_S6_S_17_U | ram_t2p |      |      |      |        | p_ZZ25headed_compute_controllerbbjRbS_bS_S_RjPKhPhR12ComputeStateS0_RhS6_S6_S6_S_17 | auto | 1       | 8, 16, 1         |
|   p_ZZ25headed_compute_controllerbbjRbS_bS_S_RjPKhPhR12ComputeStateS0_RhS6_S6_S6_S_16_U | ram_t2p |      |      |      |        | p_ZZ25headed_compute_controllerbbjRbS_bS_S_RjPKhPhR12ComputeStateS0_RhS6_S6_S6_S_16 | auto | 1       | 8, 16, 1         |
|   p_ZZ25headed_compute_controllerbbjRbS_bS_S_RjPKhPhR12ComputeStateS0_RhS6_S6_S6_S_15_U | ram_t2p |      |      |      |        | p_ZZ25headed_compute_controllerbbjRbS_bS_S_RjPKhPhR12ComputeStateS0_RhS6_S6_S6_S_15 | auto | 1       | 8, 16, 1         |
|   p_ZZ25headed_compute_controllerbbjRbS_bS_S_RjPKhPhR12ComputeStateS0_RhS6_S6_S6_S_14_U | ram_t2p |      |      |      |        | p_ZZ25headed_compute_controllerbbjRbS_bS_S_RjPKhPhR12ComputeStateS0_RhS6_S6_S6_S_14 | auto | 1       | 8, 16, 1         |
|   p_ZZ25headed_compute_controllerbbjRbS_bS_S_RjPKhPhR12ComputeStateS0_RhS6_S6_S6_S_13_U | ram_t2p |      |      |      |        | p_ZZ25headed_compute_controllerbbjRbS_bS_S_RjPKhPhR12ComputeStateS0_RhS6_S6_S6_S_13 | auto | 1       | 8, 16, 1         |
|   p_ZZ25headed_compute_controllerbbjRbS_bS_S_RjPKhPhR12ComputeStateS0_RhS6_S6_S6_S_12_U | ram_t2p |      |      |      |        | p_ZZ25headed_compute_controllerbbjRbS_bS_S_RjPKhPhR12ComputeStateS0_RhS6_S6_S6_S_12 | auto | 1       | 8, 16, 1         |
|   val_in_U                                                                              | ram_t2p |      |      |      |        | val_in                                                                              | auto | 1       | 32, 16, 1        |
|   val_scaled_U                                                                          | ram_t2p |      |      |      |        | val_scaled                                                                          | auto | 1       | 16, 16, 1        |
|   soft_in_U                                                                             | ram_t2p |      |      |      |        | soft_in                                                                             | auto | 1       | 16, 16, 1        |
|   soft_out_U                                                                            | ram_t2p |      |      |      |        | soft_out                                                                            | auto | 1       | 15, 16, 1        |
|  + SOFTMAX                                                                              |         |      | 1    | 0    |        |                                                                                     |      |         |                  |
|   + SOFTMAX_Pipeline_VITIS_LOOP_245_2                                                   |         |      | 1    | 0    |        |                                                                                     |      |         |                  |
|     exp_lut_q15_U                                                                       | rom_1p  |      | 1    |      |        | exp_lut_q15                                                                         | auto | 1       | 15, 257, 1       |
+-----------------------------------------------------------------------------------------+---------+------+------+------+--------+-------------------------------------------------------------------------------------+------+---------+------------------+


================================================================
== Pragma Report
================================================================
* Valid Pragma Syntax
+-----------------+------------------------------------------------------------+--------------------------------------------------------------------------------------------------------------------------+
| Type            | Options                                                    | Location                                                                                                                 |
+-----------------+------------------------------------------------------------+--------------------------------------------------------------------------------------------------------------------------+
| INLINE          |                                                            | ../../../HLS-Verilog/Transformer_logic/src-hls/headed_compute_controller.cpp:12 in mac_qkv                               |
| UNROLL          |                                                            | ../../../HLS-Verilog/Transformer_logic/src-hls/headed_compute_controller.cpp:22 in mac_qkv                               |
| UNROLL          |                                                            | ../../../HLS-Verilog/Transformer_logic/src-hls/headed_compute_controller.cpp:25 in mac_qkv                               |
| PIPELINE        | ii=1                                                       | ../../../HLS-Verilog/Transformer_logic/src-hls/headed_compute_controller.cpp:53 in att_scores                            |
| PIPELINE        | ii=1                                                       | ../../../HLS-Verilog/Transformer_logic/src-hls/headed_compute_controller.cpp:70 in att_values                            |
| INLINE          |                                                            | ../../../HLS-Verilog/Transformer_logic/src-hls/headed_compute_controller.cpp:119 in mac_head_architecture                |
| ARRAY_PARTITION | variable=vectorA cyclic factor=HEAD_MAC_VEC_UNROLL dim=1   | ../../../HLS-Verilog/Transformer_logic/src-hls/headed_compute_controller.cpp:120 in mac_head_architecture, vectorA       |
| ARRAY_PARTITION | variable=matrixB cyclic factor=HEAD_MAC_VEC_UNROLL dim=1   | ../../../HLS-Verilog/Transformer_logic/src-hls/headed_compute_controller.cpp:121 in mac_head_architecture, matrixB       |
| ARRAY_PARTITION | variable=bias cyclic factor=HEAD_MAC_OUT_UNROLL dim=1      | ../../../HLS-Verilog/Transformer_logic/src-hls/headed_compute_controller.cpp:122 in mac_head_architecture, bias          |
| ARRAY_PARTITION | variable=accum_out cyclic factor=HEAD_MAC_OUT_UNROLL dim=1 | ../../../HLS-Verilog/Transformer_logic/src-hls/headed_compute_controller.cpp:123 in mac_head_architecture, accum_out     |
| RESET           | variable = busy                                            | ../../../HLS-Verilog/Transformer_logic/src-hls/headed_compute_controller.cpp:127 in mac_head_architecture                |
| RESET           | variable = compute_done                                    | ../../../HLS-Verilog/Transformer_logic/src-hls/headed_compute_controller.cpp:128 in mac_head_architecture                |
| INLINE          |                                                            | ../../../HLS-Verilog/Transformer_logic/src-hls/headed_compute_controller.cpp:159 in value_scale_clamp                    |
| PIPELINE        | ii=1                                                       | ../../../HLS-Verilog/Transformer_logic/src-hls/headed_compute_controller.cpp:161 in value_scale_clamp                    |
| INLINE          | off                                                        | ../../../HLS-Verilog/Transformer_logic/src-hls/headed_compute_controller.cpp:225 in softmax                              |
| PIPELINE        | ii=1                                                       | ../../../HLS-Verilog/Transformer_logic/src-hls/headed_compute_controller.cpp:233 in softmax                              |
| ARRAY_PARTITION | variable=exp_buf complete dim=1                            | ../../../HLS-Verilog/Transformer_logic/src-hls/headed_compute_controller.cpp:242 in softmax, exp_buf                     |
| PIPELINE        | ii=1                                                       | ../../../HLS-Verilog/Transformer_logic/src-hls/headed_compute_controller.cpp:246 in softmax                              |
| PIPELINE        | ii=1                                                       | ../../../HLS-Verilog/Transformer_logic/src-hls/headed_compute_controller.cpp:267 in softmax                              |
| INLINE          |                                                            | ../../../HLS-Verilog/Transformer_logic/src-hls/headed_compute_controller.cpp:283 in requant_d_heads_int32_to_int8        |
| ARRAY_PARTITION | variable=x32 cyclic factor=D_HEADS dim=1                   | ../../../HLS-Verilog/Transformer_logic/src-hls/headed_compute_controller.cpp:284 in requant_d_heads_int32_to_int8, x32   |
| ARRAY_PARTITION | variable=y8 cyclic factor=D_HEADS dim=1                    | ../../../HLS-Verilog/Transformer_logic/src-hls/headed_compute_controller.cpp:285 in requant_d_heads_int32_to_int8, y8    |
| UNROLL          |                                                            | ../../../HLS-Verilog/Transformer_logic/src-hls/headed_compute_controller.cpp:288 in requant_d_heads_int32_to_int8        |
| INLINE          | off                                                        | ../../../HLS-Verilog/Transformer_logic/src-hls/headed_compute_controller.cpp:333 in headed_compute_controller            |
| RESET           | variable = state                                           | ../../../HLS-Verilog/Transformer_logic/src-hls/headed_compute_controller.cpp:336 in headed_compute_controller            |
| ARRAY_PARTITION | variable=head_vec cyclic factor=HEAD_MAC_VEC_UNROLL dim=1  | ../../../HLS-Verilog/Transformer_logic/src-hls/headed_compute_controller.cpp:349 in headed_compute_controller, head_vec  |
| ARRAY_PARTITION | variable=head_mat cyclic factor=HEAD_MAC_VEC_UNROLL dim=1  | ../../../HLS-Verilog/Transformer_logic/src-hls/headed_compute_controller.cpp:350 in headed_compute_controller, head_mat  |
| ARRAY_PARTITION | variable=head_bias cyclic factor=HEAD_MAC_OUT_UNROLL dim=1 | ../../../HLS-Verilog/Transformer_logic/src-hls/headed_compute_controller.cpp:351 in headed_compute_controller, head_bias |
| ARRAY_PARTITION | variable=head_out cyclic factor=HEAD_MAC_OUT_UNROLL dim=1  | ../../../HLS-Verilog/Transformer_logic/src-hls/headed_compute_controller.cpp:352 in headed_compute_controller, head_out  |
| ARRAY_PARTITION | variable=head_x32 cyclic factor=D_HEADS dim=1              | ../../../HLS-Verilog/Transformer_logic/src-hls/headed_compute_controller.cpp:364 in headed_compute_controller, head_x32  |
| ARRAY_PARTITION | variable=head_y8 cyclic factor=D_HEADS dim=1               | ../../../HLS-Verilog/Transformer_logic/src-hls/headed_compute_controller.cpp:365 in headed_compute_controller, head_y8   |
| UNROLL          |                                                            | ../../../HLS-Verilog/Transformer_logic/src-hls/headed_compute_controller.cpp:396 in headed_compute_controller            |
| UNROLL          |                                                            | ../../../HLS-Verilog/Transformer_logic/src-hls/headed_compute_controller.cpp:400 in headed_compute_controller            |
| UNROLL          |                                                            | ../../../HLS-Verilog/Transformer_logic/src-hls/headed_compute_controller.cpp:404 in headed_compute_controller            |
| UNROLL          |                                                            | ../../../HLS-Verilog/Transformer_logic/src-hls/headed_compute_controller.cpp:409 in headed_compute_controller            |
| UNROLL          |                                                            | ../../../HLS-Verilog/Transformer_logic/src-hls/headed_compute_controller.cpp:414 in headed_compute_controller            |
| PIPELINE        | ii=1                                                       | ../../../HLS-Verilog/Transformer_logic/src-hls/headed_compute_controller.cpp:441 in headed_compute_controller            |
| PIPELINE        | ii=1                                                       | ../../../HLS-Verilog/Transformer_logic/src-hls/headed_compute_controller.cpp:497 in headed_compute_controller            |
| PIPELINE        | ii=1                                                       | ../../../HLS-Verilog/Transformer_logic/src-hls/headed_compute_controller.cpp:501 in headed_compute_controller            |
| PIPELINE        | ii=1                                                       | ../../../HLS-Verilog/Transformer_logic/src-hls/headed_compute_controller.cpp:507 in headed_compute_controller            |
| PIPELINE        | ii=1                                                       | ../../../HLS-Verilog/Transformer_logic/src-hls/headed_compute_controller.cpp:511 in headed_compute_controller            |
| PIPELINE        | ii=1                                                       | ../../../HLS-Verilog/Transformer_logic/src-hls/headed_compute_controller.cpp:513 in headed_compute_controller            |
| PIPELINE        | ii=1                                                       | ../../../HLS-Verilog/Transformer_logic/src-hls/headed_compute_controller.cpp:521 in headed_compute_controller            |
| PIPELINE        | ii=1                                                       | ../../../HLS-Verilog/Transformer_logic/src-hls/headed_compute_controller.cpp:525 in headed_compute_controller            |
| PIPELINE        | ii=1                                                       | ../../../HLS-Verilog/Transformer_logic/src-hls/headed_compute_controller.cpp:535 in headed_compute_controller            |
| PIPELINE        | ii=1                                                       | ../../../HLS-Verilog/Transformer_logic/src-hls/headed_compute_controller.cpp:549 in headed_compute_controller            |
| PIPELINE        | ii=1                                                       | ../../../HLS-Verilog/Transformer_logic/src-hls/headed_compute_controller.cpp:556 in headed_compute_controller            |
| PIPELINE        | ii=1                                                       | ../../../HLS-Verilog/Transformer_logic/src-hls/headed_compute_controller.cpp:565 in headed_compute_controller            |
| PIPELINE        | ii=1                                                       | ../../../HLS-Verilog/Transformer_logic/src-hls/headed_compute_controller.cpp:569 in headed_compute_controller            |
| PIPELINE        | ii=1                                                       | ../../../HLS-Verilog/Transformer_logic/src-hls/headed_compute_controller.cpp:575 in headed_compute_controller            |
| PIPELINE        | ii=1                                                       | ../../../HLS-Verilog/Transformer_logic/src-hls/headed_compute_controller.cpp:579 in headed_compute_controller            |
| PIPELINE        | ii=1                                                       | ../../../HLS-Verilog/Transformer_logic/src-hls/headed_compute_controller.cpp:581 in headed_compute_controller            |
| PIPELINE        | ii=1                                                       | ../../../HLS-Verilog/Transformer_logic/src-hls/headed_compute_controller.cpp:590 in headed_compute_controller            |
| PIPELINE        | ii=1                                                       | ../../../HLS-Verilog/Transformer_logic/src-hls/headed_compute_controller.cpp:600 in headed_compute_controller            |
| PIPELINE        | ii=1                                                       | ../../../HLS-Verilog/Transformer_logic/src-hls/headed_compute_controller.cpp:611 in headed_compute_controller            |
| PIPELINE        | ii=1                                                       | ../../../HLS-Verilog/Transformer_logic/src-hls/headed_compute_controller.cpp:616 in headed_compute_controller            |
| PIPELINE        | ii=1                                                       | ../../../HLS-Verilog/Transformer_logic/src-hls/headed_compute_controller.cpp:623 in headed_compute_controller            |
| PIPELINE        | ii=1                                                       | ../../../HLS-Verilog/Transformer_logic/src-hls/headed_compute_controller.cpp:628 in headed_compute_controller            |
| PIPELINE        | ii=1                                                       | ../../../HLS-Verilog/Transformer_logic/src-hls/headed_compute_controller.cpp:637 in headed_compute_controller            |
| PIPELINE        | ii=1                                                       | ../../../HLS-Verilog/Transformer_logic/src-hls/headed_compute_controller.cpp:641 in headed_compute_controller            |
| PIPELINE        | ii=1                                                       | ../../../HLS-Verilog/Transformer_logic/src-hls/headed_compute_controller.cpp:647 in headed_compute_controller            |
| PIPELINE        | ii=1                                                       | ../../../HLS-Verilog/Transformer_logic/src-hls/headed_compute_controller.cpp:651 in headed_compute_controller            |
| PIPELINE        | ii=1                                                       | ../../../HLS-Verilog/Transformer_logic/src-hls/headed_compute_controller.cpp:653 in headed_compute_controller            |
| PIPELINE        | ii=1                                                       | ../../../HLS-Verilog/Transformer_logic/src-hls/headed_compute_controller.cpp:662 in headed_compute_controller            |
| PIPELINE        | ii=1                                                       | ../../../HLS-Verilog/Transformer_logic/src-hls/headed_compute_controller.cpp:673 in headed_compute_controller            |
+-----------------+------------------------------------------------------------+--------------------------------------------------------------------------------------------------------------------------+


