

================================================================
== Vitis HLS Report for 'headed_compute_controller_Pipeline_VITIS_LOOP_599_23'
================================================================
* Date:           Tue Feb  3 14:27:12 2026

* Version:        2025.1 (Build 6135595 on May 21 2025)
* Project:        headed_compute_controller
* Solution:       hls (Vivado IP Flow Target)
* Product family: zynquplus
* Target device:  xck26-sfvc784-2LV-c


================================================================
== Performance Estimates
================================================================
+ Timing: 
    * Summary: 
    +--------+----------+----------+------------+
    |  Clock |  Target  | Estimated| Uncertainty|
    +--------+----------+----------+------------+
    |ap_clk  |  10.00 ns|  1.893 ns|     2.70 ns|
    +--------+----------+----------+------------+

+ Latency: 
    * Summary: 
    +---------+---------+----------+----------+-----+-----+------------------------------------------------+
    |  Latency (cycles) |  Latency (absolute) |  Interval |                    Pipeline                    |
    |   min   |   max   |    min   |    max   | min | max |                      Type                      |
    +---------+---------+----------+----------+-----+-----+------------------------------------------------+
    |       34|       34|  0.340 us|  0.340 us|   33|   33|  loop auto-rewind stp (delay=0 clock cycles(s))|
    +---------+---------+----------+----------+-----+-----+------------------------------------------------+

    + Detail: 
        * Instance: 
        N/A

        * Loop: 
        +---------------------+---------+---------+----------+-----------+-----------+------+----------+
        |                     |  Latency (cycles) | Iteration|  Initiation Interval  | Trip |          |
        |      Loop Name      |   min   |   max   |  Latency |  achieved |   target  | Count| Pipelined|
        +---------------------+---------+---------+----------+-----------+-----------+------+----------+
        |- VITIS_LOOP_599_23  |       32|       32|         2|          2|          1|    16|       yes|
        +---------------------+---------+---------+----------+-----------+-----------+------+----------+



================================================================
== Utilization Estimates
================================================================
* Summary: 
+-----------------+---------+------+--------+--------+-----+
|       Name      | BRAM_18K|  DSP |   FF   |   LUT  | URAM|
+-----------------+---------+------+--------+--------+-----+
|DSP              |        -|     -|       -|       -|    -|
|Expression       |        -|     -|       0|      27|    -|
|FIFO             |        -|     -|       -|       -|    -|
|Instance         |        -|     -|       0|      65|    -|
|Memory           |        -|     -|       -|       -|    -|
|Multiplexer      |        -|     -|       0|      97|    -|
|Register         |        -|     -|      17|       -|    -|
+-----------------+---------+------+--------+--------+-----+
|Total            |        0|     0|      17|     189|    0|
+-----------------+---------+------+--------+--------+-----+
|Available        |      288|  1248|  234240|  117120|   64|
+-----------------+---------+------+--------+--------+-----+
|Utilization (%)  |        0|     0|      ~0|      ~0|    0|
+-----------------+---------+------+--------+--------+-----+

+ Detail: 
    * Instance: 
    +----------------------------+-----------------------+---------+----+---+----+-----+
    |          Instance          |         Module        | BRAM_18K| DSP| FF| LUT| URAM|
    +----------------------------+-----------------------+---------+----+---+----+-----+
    |sparsemux_33_4_20_1_1_U185  |sparsemux_33_4_20_1_1  |        0|   0|  0|  65|    0|
    +----------------------------+-----------------------+---------+----+---+----+-----+
    |Total                       |                       |        0|   0|  0|  65|    0|
    +----------------------------+-----------------------+---------+----+---+----+-----+

    * DSP: 
    N/A

    * Memory: 
    N/A

    * FIFO: 
    N/A

    * Expression: 
    +------------------------+----------+----+---+----+------------+------------+
    |      Variable Name     | Operation| DSP| FF| LUT| Bitwidth P0| Bitwidth P1|
    +------------------------+----------+----+---+----+------------+------------+
    |add_ln599_fu_285_p2     |         +|   0|  0|  12|           5|           1|
    |icmp_ln599_fu_279_p2    |      icmp|   0|  0|  13|           5|           6|
    |select_ln616_fu_448_p3  |    select|   0|  0|   2|           1|           2|
    +------------------------+----------+----+---+----+------------+------------+
    |Total                   |          |   0|  0|  27|          11|           9|
    +------------------------+----------+----+---+----+------------+------------+

    * Multiplexer: 
    +------------------------+----+-----------+-----+-----------+
    |          Name          | LUT| Input Size| Bits| Total Bits|
    +------------------------+----+-----------+-----+-----------+
    |ap_NS_fsm               |  14|          3|    1|          3|
    |ap_done_int             |   9|          2|    1|          2|
    |ap_sig_allocacmp_t_5    |   9|          2|    5|         10|
    |out_buf_address0_local  |  14|          3|    6|         18|
    |out_buf_address1_local  |  14|          3|    6|         18|
    |out_buf_d0_local        |  14|          3|    8|         24|
    |out_buf_d1_local        |  14|          3|    8|         24|
    |t_fu_130                |   9|          2|    5|         10|
    +------------------------+----+-----------+-----+-----------+
    |Total                   |  97|         21|   40|        109|
    +------------------------+----+-----------+-----+-----------+

    * Register: 
    +-----------------------+---+----+-----+-----------+
    |          Name         | FF| LUT| Bits| Const Bits|
    +-----------------------+---+----+-----+-----------+
    |ap_CS_fsm              |  2|   0|    2|          0|
    |ap_done_reg            |  1|   0|    1|          0|
    |t_fu_130               |  5|   0|    5|          0|
    |tmp_reg_489            |  1|   0|    1|          0|
    |trunc_ln599_reg_478    |  4|   0|    4|          0|
    |trunc_ln615_1_reg_484  |  4|   0|    4|          0|
    +-----------------------+---+----+-----+-----------+
    |Total                  | 17|   0|   17|          0|
    +-----------------------+---+----+-----+-----------+



================================================================
== Interface
================================================================
* Summary: 
+-------------------------------------------------------------------------------------+-----+-----+------------+-------------------------------------------------------------------------------------+--------------+
|                                      RTL Ports                                      | Dir | Bits|  Protocol  |                                    Source Object                                    |    C Type    |
+-------------------------------------------------------------------------------------+-----+-----+------------+-------------------------------------------------------------------------------------+--------------+
|ap_clk                                                                               |   in|    1|  ap_ctrl_hs|                                 headed_compute_controller_Pipeline_VITIS_LOOP_599_23|  return value|
|ap_rst                                                                               |   in|    1|  ap_ctrl_hs|                                 headed_compute_controller_Pipeline_VITIS_LOOP_599_23|  return value|
|ap_start                                                                             |   in|    1|  ap_ctrl_hs|                                 headed_compute_controller_Pipeline_VITIS_LOOP_599_23|  return value|
|ap_done                                                                              |  out|    1|  ap_ctrl_hs|                                 headed_compute_controller_Pipeline_VITIS_LOOP_599_23|  return value|
|ap_idle                                                                              |  out|    1|  ap_ctrl_hs|                                 headed_compute_controller_Pipeline_VITIS_LOOP_599_23|  return value|
|ap_ready                                                                             |  out|    1|  ap_ctrl_hs|                                 headed_compute_controller_Pipeline_VITIS_LOOP_599_23|  return value|
|headed_compute_controller_bool_bool_unsigned_int_bool_bool_bool_bool_b_80            |   in|   20|     ap_none|            headed_compute_controller_bool_bool_unsigned_int_bool_bool_bool_bool_b_80|        scalar|
|headed_compute_controller_bool_bool_unsigned_int_bool_bool_bool_bool_b_81            |   in|   20|     ap_none|            headed_compute_controller_bool_bool_unsigned_int_bool_bool_bool_bool_b_81|        scalar|
|headed_compute_controller_bool_bool_unsigned_int_bool_bool_bool_bool_b_82            |   in|   20|     ap_none|            headed_compute_controller_bool_bool_unsigned_int_bool_bool_bool_bool_b_82|        scalar|
|headed_compute_controller_bool_bool_unsigned_int_bool_bool_bool_bool_b_83            |   in|   20|     ap_none|            headed_compute_controller_bool_bool_unsigned_int_bool_bool_bool_bool_b_83|        scalar|
|headed_compute_controller_bool_bool_unsigned_int_bool_bool_bool_bool_b_84            |   in|   20|     ap_none|            headed_compute_controller_bool_bool_unsigned_int_bool_bool_bool_bool_b_84|        scalar|
|headed_compute_controller_bool_bool_unsigned_int_bool_bool_bool_bool_b_85            |   in|   20|     ap_none|            headed_compute_controller_bool_bool_unsigned_int_bool_bool_bool_bool_b_85|        scalar|
|headed_compute_controller_bool_bool_unsigned_int_bool_bool_bool_bool_b_86            |   in|   20|     ap_none|            headed_compute_controller_bool_bool_unsigned_int_bool_bool_bool_bool_b_86|        scalar|
|headed_compute_controller_bool_bool_unsigned_int_bool_bool_bool_bool_b_87            |   in|   20|     ap_none|            headed_compute_controller_bool_bool_unsigned_int_bool_bool_bool_bool_b_87|        scalar|
|headed_compute_controller_bool_bool_unsigned_int_bool_bool_bool_bool_b_88            |   in|   20|     ap_none|            headed_compute_controller_bool_bool_unsigned_int_bool_bool_bool_bool_b_88|        scalar|
|headed_compute_controller_bool_bool_unsigned_int_bool_bool_bool_bool_b_89            |   in|   20|     ap_none|            headed_compute_controller_bool_bool_unsigned_int_bool_bool_bool_bool_b_89|        scalar|
|p_ZZ25headed_compute_controllerbbjRbS_bS_S_RjPKhPhR12ComputeStateS0_RhS6_S6_S6_S_36  |   in|   20|     ap_none|  p_ZZ25headed_compute_controllerbbjRbS_bS_S_RjPKhPhR12ComputeStateS0_RhS6_S6_S6_S_36|        scalar|
|p_ZZ25headed_compute_controllerbbjRbS_bS_S_RjPKhPhR12ComputeStateS0_RhS6_S6_S6_S_37  |   in|   20|     ap_none|  p_ZZ25headed_compute_controllerbbjRbS_bS_S_RjPKhPhR12ComputeStateS0_RhS6_S6_S6_S_37|        scalar|
|p_ZZ25headed_compute_controllerbbjRbS_bS_S_RjPKhPhR12ComputeStateS0_RhS6_S6_S6_S_38  |   in|   20|     ap_none|  p_ZZ25headed_compute_controllerbbjRbS_bS_S_RjPKhPhR12ComputeStateS0_RhS6_S6_S6_S_38|        scalar|
|p_ZZ25headed_compute_controllerbbjRbS_bS_S_RjPKhPhR12ComputeStateS0_RhS6_S6_S6_S_39  |   in|   20|     ap_none|  p_ZZ25headed_compute_controllerbbjRbS_bS_S_RjPKhPhR12ComputeStateS0_RhS6_S6_S6_S_39|        scalar|
|p_ZZ25headed_compute_controllerbbjRbS_bS_S_RjPKhPhR12ComputeStateS0_RhS6_S6_S6_S_40  |   in|   20|     ap_none|  p_ZZ25headed_compute_controllerbbjRbS_bS_S_RjPKhPhR12ComputeStateS0_RhS6_S6_S6_S_40|        scalar|
|p_ZZ25headed_compute_controllerbbjRbS_bS_S_RjPKhPhR12ComputeStateS0_RhS6_S6_S6_S_41  |   in|   20|     ap_none|  p_ZZ25headed_compute_controllerbbjRbS_bS_S_RjPKhPhR12ComputeStateS0_RhS6_S6_S6_S_41|        scalar|
|out_buf_address0                                                                     |  out|    6|   ap_memory|                                                                              out_buf|         array|
|out_buf_ce0                                                                          |  out|    1|   ap_memory|                                                                              out_buf|         array|
|out_buf_we0                                                                          |  out|    1|   ap_memory|                                                                              out_buf|         array|
|out_buf_d0                                                                           |  out|    8|   ap_memory|                                                                              out_buf|         array|
|out_buf_address1                                                                     |  out|    6|   ap_memory|                                                                              out_buf|         array|
|out_buf_ce1                                                                          |  out|    1|   ap_memory|                                                                              out_buf|         array|
|out_buf_we1                                                                          |  out|    1|   ap_memory|                                                                              out_buf|         array|
|out_buf_d1                                                                           |  out|    8|   ap_memory|                                                                              out_buf|         array|
+-------------------------------------------------------------------------------------+-----+-----+------------+-------------------------------------------------------------------------------------+--------------+

