

================================================================
== Vitis HLS Report for 'headed_compute_controller_Pipeline_VITIS_LOOP_610_24'
================================================================
* Date:           Tue Feb  3 14:27:11 2026

* Version:        2025.1 (Build 6135595 on May 21 2025)
* Project:        headed_compute_controller
* Solution:       hls (Vivado IP Flow Target)
* Product family: zynquplus
* Target device:  xck26-sfvc784-2LV-c


================================================================
== Performance Estimates
================================================================
+ Timing: 
    * Summary: 
    +--------+----------+----------+------------+
    |  Clock |  Target  | Estimated| Uncertainty|
    +--------+----------+----------+------------+
    |ap_clk  |  10.00 ns|  1.643 ns|     2.70 ns|
    +--------+----------+----------+------------+

+ Latency: 
    * Summary: 
    +---------+---------+----------+----------+-----+-----+------------------------------------------------+
    |  Latency (cycles) |  Latency (absolute) |  Interval |                    Pipeline                    |
    |   min   |   max   |    min   |    max   | min | max |                      Type                      |
    +---------+---------+----------+----------+-----+-----+------------------------------------------------+
    |       34|       34|  0.340 us|  0.340 us|   33|   33|  loop auto-rewind stp (delay=0 clock cycles(s))|
    +---------+---------+----------+----------+-----+-----+------------------------------------------------+

    + Detail: 
        * Instance: 
        N/A

        * Loop: 
        +---------------------+---------+---------+----------+-----------+-----------+------+----------+
        |                     |  Latency (cycles) | Iteration|  Initiation Interval  | Trip |          |
        |      Loop Name      |   min   |   max   |  Latency |  achieved |   target  | Count| Pipelined|
        +---------------------+---------+---------+----------+-----------+-----------+------+----------+
        |- VITIS_LOOP_610_24  |       32|       32|         3|          2|          1|    16|       yes|
        +---------------------+---------+---------+----------+-----------+-----------+------+----------+



================================================================
== Utilization Estimates
================================================================
* Summary: 
+-----------------+---------+------+--------+--------+-----+
|       Name      | BRAM_18K|  DSP |   FF   |   LUT  | URAM|
+-----------------+---------+------+--------+--------+-----+
|DSP              |        -|     -|       -|       -|    -|
|Expression       |        -|     -|       0|      27|    -|
|FIFO             |        -|     -|       -|       -|    -|
|Instance         |        -|     -|       -|       -|    -|
|Memory           |        -|     -|       -|       -|    -|
|Multiplexer      |        -|     -|       0|      96|    -|
|Register         |        -|     -|      35|       -|    -|
+-----------------+---------+------+--------+--------+-----+
|Total            |        0|     0|      35|     123|    0|
+-----------------+---------+------+--------+--------+-----+
|Available        |      288|  1248|  234240|  117120|   64|
+-----------------+---------+------+--------+--------+-----+
|Utilization (%)  |        0|     0|      ~0|      ~0|    0|
+-----------------+---------+------+--------+--------+-----+

+ Detail: 
    * Instance: 
    N/A

    * DSP: 
    N/A

    * Memory: 
    N/A

    * FIFO: 
    N/A

    * Expression: 
    +----------------------+----------+----+---+----+------------+------------+
    |     Variable Name    | Operation| DSP| FF| LUT| Bitwidth P0| Bitwidth P1|
    +----------------------+----------+----+---+----+------------+------------+
    |add_ln610_fu_118_p2   |         +|   0|  0|  12|           5|           1|
    |icmp_ln610_fu_112_p2  |      icmp|   0|  0|  13|           5|           6|
    |ap_enable_pp0         |       xor|   0|  0|   2|           1|           2|
    +----------------------+----------+----+---+----+------------+------------+
    |Total                 |          |   0|  0|  27|          11|           9|
    +----------------------+----------+----+---+----+------------+------------+

    * Multiplexer: 
    +-----------------------------+----+-----------+-----+-----------+
    |             Name            | LUT| Input Size| Bits| Total Bits|
    +-----------------------------+----+-----------+-----+-----------+
    |ap_NS_fsm                    |  14|          3|    1|          3|
    |ap_done_int                  |   9|          2|    1|          2|
    |ap_enable_reg_pp0_iter0      |   9|          2|    1|          2|
    |ap_enable_reg_pp0_iter0_reg  |   9|          2|    1|          2|
    |ap_enable_reg_pp0_iter1      |   9|          2|    1|          2|
    |ap_sig_allocacmp_t_4         |   9|          2|    5|         10|
    |in_buf_address0_local        |  14|          3|    7|         21|
    |in_buf_address1_local        |  14|          3|    7|         21|
    |t_fu_46                      |   9|          2|    5|         10|
    +-----------------------------+----+-----------+-----+-----------+
    |Total                        |  96|         21|   29|         73|
    +-----------------------------+----+-----------+-----+-----------+

    * Register: 
    +-----------------------------+---+----+-----+-----------+
    |             Name            | FF| LUT| Bits| Const Bits|
    +-----------------------------+---+----+-----+-----------+
    |ap_CS_fsm                    |  2|   0|    2|          0|
    |ap_done_reg                  |  1|   0|    1|          0|
    |ap_enable_reg_pp0_iter0_reg  |  1|   0|    1|          0|
    |ap_enable_reg_pp0_iter1      |  1|   0|    1|          0|
    |in_buf_load_12_reg_230       |  8|   0|    8|          0|
    |in_buf_load_13_reg_235       |  8|   0|    8|          0|
    |t_4_reg_205                  |  5|   0|    5|          0|
    |t_fu_46                      |  5|   0|    5|          0|
    |trunc_ln612_reg_214          |  4|   0|    4|          0|
    +-----------------------------+---+----+-----+-----------+
    |Total                        | 35|   0|   35|          0|
    +-----------------------------+---+----+-----+-----------+



================================================================
== Interface
================================================================
* Summary: 
+-----------------+-----+-----+------------+------------------------------------------------------+--------------+
|    RTL Ports    | Dir | Bits|  Protocol  |                     Source Object                    |    C Type    |
+-----------------+-----+-----+------------+------------------------------------------------------+--------------+
|ap_clk           |   in|    1|  ap_ctrl_hs|  headed_compute_controller_Pipeline_VITIS_LOOP_610_24|  return value|
|ap_rst           |   in|    1|  ap_ctrl_hs|  headed_compute_controller_Pipeline_VITIS_LOOP_610_24|  return value|
|ap_start         |   in|    1|  ap_ctrl_hs|  headed_compute_controller_Pipeline_VITIS_LOOP_610_24|  return value|
|ap_done          |  out|    1|  ap_ctrl_hs|  headed_compute_controller_Pipeline_VITIS_LOOP_610_24|  return value|
|ap_idle          |  out|    1|  ap_ctrl_hs|  headed_compute_controller_Pipeline_VITIS_LOOP_610_24|  return value|
|ap_ready         |  out|    1|  ap_ctrl_hs|  headed_compute_controller_Pipeline_VITIS_LOOP_610_24|  return value|
|in_buf_address0  |  out|    7|   ap_memory|                                                in_buf|         array|
|in_buf_ce0       |  out|    1|   ap_memory|                                                in_buf|         array|
|in_buf_q0        |   in|    8|   ap_memory|                                                in_buf|         array|
|in_buf_address1  |  out|    7|   ap_memory|                                                in_buf|         array|
|in_buf_ce1       |  out|    1|   ap_memory|                                                in_buf|         array|
|in_buf_q1        |   in|    8|   ap_memory|                                                in_buf|         array|
|val_in_address0  |  out|    4|   ap_memory|                                                val_in|         array|
|val_in_ce0       |  out|    1|   ap_memory|                                                val_in|         array|
|val_in_we0       |  out|    1|   ap_memory|                                                val_in|         array|
|val_in_d0        |  out|   32|   ap_memory|                                                val_in|         array|
+-----------------+-----+-----+------------+------------------------------------------------------+--------------+

