

================================================================
== Vitis HLS Report for 'headed_compute_controller_Pipeline_VITIS_LOOP_650_31'
================================================================
* Date:           Fri Jan 30 15:25:11 2026

* Version:        2025.1 (Build 6135595 on May 21 2025)
* Project:        headed_compute_controller
* Solution:       hls (Vivado IP Flow Target)
* Product family: zynquplus
* Target device:  xck26-sfvc784-2LV-c


================================================================
== Performance Estimates
================================================================
+ Timing: 
    * Summary: 
    +--------+----------+----------+------------+
    |  Clock |  Target  | Estimated| Uncertainty|
    +--------+----------+----------+------------+
    |ap_clk  |  10.00 ns|  1.885 ns|     2.70 ns|
    +--------+----------+----------+------------+

+ Latency: 
    * Summary: 
    +---------+---------+----------+----------+-----+-----+------------------------------------------------+
    |  Latency (cycles) |  Latency (absolute) |  Interval |                    Pipeline                    |
    |   min   |   max   |    min   |    max   | min | max |                      Type                      |
    +---------+---------+----------+----------+-----+-----+------------------------------------------------+
    |       34|       34|  0.340 us|  0.340 us|   33|   33|  loop auto-rewind stp (delay=0 clock cycles(s))|
    +---------+---------+----------+----------+-----+-----+------------------------------------------------+

    + Detail: 
        * Instance: 
        N/A

        * Loop: 
        +---------------------+---------+---------+----------+-----------+-----------+------+----------+
        |                     |  Latency (cycles) | Iteration|  Initiation Interval  | Trip |          |
        |      Loop Name      |   min   |   max   |  Latency |  achieved |   target  | Count| Pipelined|
        +---------------------+---------+---------+----------+-----------+-----------+------+----------+
        |- VITIS_LOOP_650_31  |       32|       32|         9|          8|          1|     4|       yes|
        +---------------------+---------+---------+----------+-----------+-----------+------+----------+



================================================================
== Utilization Estimates
================================================================
* Summary: 
+-----------------+---------+------+--------+--------+-----+
|       Name      | BRAM_18K|  DSP |   FF   |   LUT  | URAM|
+-----------------+---------+------+--------+--------+-----+
|DSP              |        -|     -|       -|       -|    -|
|Expression       |        -|     -|       0|     248|    -|
|FIFO             |        -|     -|       -|       -|    -|
|Instance         |        -|     -|       -|       -|    -|
|Memory           |        -|     -|       -|       -|    -|
|Multiplexer      |        -|     -|       0|     201|    -|
|Register         |        -|     -|      23|       -|    -|
+-----------------+---------+------+--------+--------+-----+
|Total            |        0|     0|      23|     449|    0|
+-----------------+---------+------+--------+--------+-----+
|Available        |      288|  1248|  234240|  117120|   64|
+-----------------+---------+------+--------+--------+-----+
|Utilization (%)  |        0|     0|      ~0|      ~0|    0|
+-----------------+---------+------+--------+--------+-----+

+ Detail: 
    * Instance: 
    N/A

    * DSP: 
    N/A

    * Memory: 
    N/A

    * FIFO: 
    N/A

    * Expression: 
    +------------------------+----------+----+---+----+------------+------------+
    |      Variable Name     | Operation| DSP| FF| LUT| Bitwidth P0| Bitwidth P1|
    +------------------------+----------+----+---+----+------------+------------+
    |add_ln650_fu_479_p2     |         +|   0|  0|  10|           3|           1|
    |add_ln656_10_fu_613_p2  |         +|   0|  0|  14|           7|           5|
    |add_ln656_11_fu_623_p2  |         +|   0|  0|  14|           7|           5|
    |add_ln656_12_fu_633_p2  |         +|   0|  0|  14|           7|           5|
    |add_ln656_13_fu_643_p2  |         +|   0|  0|  14|           7|           5|
    |add_ln656_14_fu_653_p2  |         +|   0|  0|  14|           7|           5|
    |add_ln656_15_fu_663_p2  |         +|   0|  0|  14|           7|           5|
    |add_ln656_1_fu_512_p2   |         +|   0|  0|  14|           7|           5|
    |add_ln656_2_fu_533_p2   |         +|   0|  0|  14|           7|           5|
    |add_ln656_3_fu_543_p2   |         +|   0|  0|  14|           7|           5|
    |add_ln656_4_fu_553_p2   |         +|   0|  0|  14|           7|           5|
    |add_ln656_5_fu_563_p2   |         +|   0|  0|  14|           7|           5|
    |add_ln656_6_fu_573_p2   |         +|   0|  0|  14|           7|           5|
    |add_ln656_7_fu_583_p2   |         +|   0|  0|  14|           7|           5|
    |add_ln656_8_fu_593_p2   |         +|   0|  0|  14|           7|           5|
    |add_ln656_9_fu_603_p2   |         +|   0|  0|  14|           7|           5|
    |add_ln656_fu_501_p2     |         +|   0|  0|  14|           7|           5|
    |icmp_ln650_fu_473_p2    |      icmp|   0|  0|  12|           3|           4|
    |ap_enable_pp0           |       xor|   0|  0|   2|           1|           2|
    +------------------------+----------+----+---+----+------------+------------+
    |Total                   |          |   0|  0| 248|         119|          87|
    +------------------------+----------+----+---+----+------------+------------+

    * Multiplexer: 
    +-----------------------------+----+-----------+-----+-----------+
    |             Name            | LUT| Input Size| Bits| Total Bits|
    +-----------------------------+----+-----------+-----+-----------+
    |ap_NS_fsm                    |  49|          9|    1|          9|
    |ap_done_int                  |   9|          2|    1|          2|
    |ap_enable_reg_pp0_iter0      |   9|          2|    1|          2|
    |ap_enable_reg_pp0_iter0_reg  |   9|          2|    1|          2|
    |ap_enable_reg_pp0_iter1      |   9|          2|    1|          2|
    |ap_sig_allocacmp_h_3         |   9|          2|    3|          6|
    |h_fu_100                     |   9|          2|    3|          6|
    |in_buf_address0_local        |  49|          9|    7|         63|
    |in_buf_address1_local        |  49|          9|    7|         63|
    +-----------------------------+----+-----------+-----+-----------+
    |Total                        | 201|         39|   25|        155|
    +-----------------------------+----+-----------+-----+-----------+

    * Register: 
    +-----------------------------+---+----+-----+-----------+
    |             Name            | FF| LUT| Bits| Const Bits|
    +-----------------------------+---+----+-----+-----------+
    |ap_CS_fsm                    |  8|   0|    8|          0|
    |ap_done_reg                  |  1|   0|    1|          0|
    |ap_enable_reg_pp0_iter0_reg  |  1|   0|    1|          0|
    |ap_enable_reg_pp0_iter1      |  1|   0|    1|          0|
    |h_3_reg_680                  |  3|   0|    3|          0|
    |h_fu_100                     |  3|   0|    3|          0|
    |icmp_ln650_reg_685           |  1|   0|    1|          0|
    |zext_ln650_reg_717           |  3|   0|   64|         61|
    |zext_ln656_reg_689           |  2|   0|    7|          5|
    +-----------------------------+---+----+-----+-----------+
    |Total                        | 23|   0|   89|         66|
    +-----------------------------+---+----+-----+-----------+



================================================================
== Interface
================================================================
* Summary: 
+----------------------------------------------------------------------------------------------+-----+-----+------------+-------------------------------------------------------------------------------------+--------------+
|                                           RTL Ports                                          | Dir | Bits|  Protocol  |                                    Source Object                                    |    C Type    |
+----------------------------------------------------------------------------------------------+-----+-----+------------+-------------------------------------------------------------------------------------+--------------+
|ap_clk                                                                                        |   in|    1|  ap_ctrl_hs|                                 headed_compute_controller_Pipeline_VITIS_LOOP_650_31|  return value|
|ap_rst                                                                                        |   in|    1|  ap_ctrl_hs|                                 headed_compute_controller_Pipeline_VITIS_LOOP_650_31|  return value|
|ap_start                                                                                      |   in|    1|  ap_ctrl_hs|                                 headed_compute_controller_Pipeline_VITIS_LOOP_650_31|  return value|
|ap_done                                                                                       |  out|    1|  ap_ctrl_hs|                                 headed_compute_controller_Pipeline_VITIS_LOOP_650_31|  return value|
|ap_idle                                                                                       |  out|    1|  ap_ctrl_hs|                                 headed_compute_controller_Pipeline_VITIS_LOOP_650_31|  return value|
|ap_ready                                                                                      |  out|    1|  ap_ctrl_hs|                                 headed_compute_controller_Pipeline_VITIS_LOOP_650_31|  return value|
|in_buf_address0                                                                               |  out|    7|   ap_memory|                                                                               in_buf|         array|
|in_buf_ce0                                                                                    |  out|    1|   ap_memory|                                                                               in_buf|         array|
|in_buf_q0                                                                                     |   in|    8|   ap_memory|                                                                               in_buf|         array|
|in_buf_address1                                                                               |  out|    7|   ap_memory|                                                                               in_buf|         array|
|in_buf_ce1                                                                                    |  out|    1|   ap_memory|                                                                               in_buf|         array|
|in_buf_q1                                                                                     |   in|    8|   ap_memory|                                                                               in_buf|         array|
|headed_compute_controller_bool_bool_unsigned_int_bool_bool_bool_bool_b_33_address0            |  out|    4|   ap_memory|            headed_compute_controller_bool_bool_unsigned_int_bool_bool_bool_bool_b_33|         array|
|headed_compute_controller_bool_bool_unsigned_int_bool_bool_bool_bool_b_33_ce0                 |  out|    1|   ap_memory|            headed_compute_controller_bool_bool_unsigned_int_bool_bool_bool_bool_b_33|         array|
|headed_compute_controller_bool_bool_unsigned_int_bool_bool_bool_bool_b_33_we0                 |  out|    1|   ap_memory|            headed_compute_controller_bool_bool_unsigned_int_bool_bool_bool_bool_b_33|         array|
|headed_compute_controller_bool_bool_unsigned_int_bool_bool_bool_bool_b_33_d0                  |  out|    8|   ap_memory|            headed_compute_controller_bool_bool_unsigned_int_bool_bool_bool_bool_b_33|         array|
|headed_compute_controller_bool_bool_unsigned_int_bool_bool_bool_bool_b_32_address0            |  out|    4|   ap_memory|            headed_compute_controller_bool_bool_unsigned_int_bool_bool_bool_bool_b_32|         array|
|headed_compute_controller_bool_bool_unsigned_int_bool_bool_bool_bool_b_32_ce0                 |  out|    1|   ap_memory|            headed_compute_controller_bool_bool_unsigned_int_bool_bool_bool_bool_b_32|         array|
|headed_compute_controller_bool_bool_unsigned_int_bool_bool_bool_bool_b_32_we0                 |  out|    1|   ap_memory|            headed_compute_controller_bool_bool_unsigned_int_bool_bool_bool_bool_b_32|         array|
|headed_compute_controller_bool_bool_unsigned_int_bool_bool_bool_bool_b_32_d0                  |  out|    8|   ap_memory|            headed_compute_controller_bool_bool_unsigned_int_bool_bool_bool_bool_b_32|         array|
|headed_compute_controller_bool_bool_unsigned_int_bool_bool_bool_bool_b_31_address0            |  out|    4|   ap_memory|            headed_compute_controller_bool_bool_unsigned_int_bool_bool_bool_bool_b_31|         array|
|headed_compute_controller_bool_bool_unsigned_int_bool_bool_bool_bool_b_31_ce0                 |  out|    1|   ap_memory|            headed_compute_controller_bool_bool_unsigned_int_bool_bool_bool_bool_b_31|         array|
|headed_compute_controller_bool_bool_unsigned_int_bool_bool_bool_bool_b_31_we0                 |  out|    1|   ap_memory|            headed_compute_controller_bool_bool_unsigned_int_bool_bool_bool_bool_b_31|         array|
|headed_compute_controller_bool_bool_unsigned_int_bool_bool_bool_bool_b_31_d0                  |  out|    8|   ap_memory|            headed_compute_controller_bool_bool_unsigned_int_bool_bool_bool_bool_b_31|         array|
|headed_compute_controller_bool_bool_unsigned_int_bool_bool_bool_bool_b_30_address0            |  out|    4|   ap_memory|            headed_compute_controller_bool_bool_unsigned_int_bool_bool_bool_bool_b_30|         array|
|headed_compute_controller_bool_bool_unsigned_int_bool_bool_bool_bool_b_30_ce0                 |  out|    1|   ap_memory|            headed_compute_controller_bool_bool_unsigned_int_bool_bool_bool_bool_b_30|         array|
|headed_compute_controller_bool_bool_unsigned_int_bool_bool_bool_bool_b_30_we0                 |  out|    1|   ap_memory|            headed_compute_controller_bool_bool_unsigned_int_bool_bool_bool_bool_b_30|         array|
|headed_compute_controller_bool_bool_unsigned_int_bool_bool_bool_bool_b_30_d0                  |  out|    8|   ap_memory|            headed_compute_controller_bool_bool_unsigned_int_bool_bool_bool_bool_b_30|         array|
|headed_compute_controller_bool_bool_unsigned_int_bool_bool_bool_bool_b_29_address0            |  out|    4|   ap_memory|            headed_compute_controller_bool_bool_unsigned_int_bool_bool_bool_bool_b_29|         array|
|headed_compute_controller_bool_bool_unsigned_int_bool_bool_bool_bool_b_29_ce0                 |  out|    1|   ap_memory|            headed_compute_controller_bool_bool_unsigned_int_bool_bool_bool_bool_b_29|         array|
|headed_compute_controller_bool_bool_unsigned_int_bool_bool_bool_bool_b_29_we0                 |  out|    1|   ap_memory|            headed_compute_controller_bool_bool_unsigned_int_bool_bool_bool_bool_b_29|         array|
|headed_compute_controller_bool_bool_unsigned_int_bool_bool_bool_bool_b_29_d0                  |  out|    8|   ap_memory|            headed_compute_controller_bool_bool_unsigned_int_bool_bool_bool_bool_b_29|         array|
|headed_compute_controller_bool_bool_unsigned_int_bool_bool_bool_bool_b_28_address0            |  out|    4|   ap_memory|            headed_compute_controller_bool_bool_unsigned_int_bool_bool_bool_bool_b_28|         array|
|headed_compute_controller_bool_bool_unsigned_int_bool_bool_bool_bool_b_28_ce0                 |  out|    1|   ap_memory|            headed_compute_controller_bool_bool_unsigned_int_bool_bool_bool_bool_b_28|         array|
|headed_compute_controller_bool_bool_unsigned_int_bool_bool_bool_bool_b_28_we0                 |  out|    1|   ap_memory|            headed_compute_controller_bool_bool_unsigned_int_bool_bool_bool_bool_b_28|         array|
|headed_compute_controller_bool_bool_unsigned_int_bool_bool_bool_bool_b_28_d0                  |  out|    8|   ap_memory|            headed_compute_controller_bool_bool_unsigned_int_bool_bool_bool_bool_b_28|         array|
|headed_compute_controller_bool_bool_unsigned_int_bool_bool_bool_bool_b_27_address0            |  out|    4|   ap_memory|            headed_compute_controller_bool_bool_unsigned_int_bool_bool_bool_bool_b_27|         array|
|headed_compute_controller_bool_bool_unsigned_int_bool_bool_bool_bool_b_27_ce0                 |  out|    1|   ap_memory|            headed_compute_controller_bool_bool_unsigned_int_bool_bool_bool_bool_b_27|         array|
|headed_compute_controller_bool_bool_unsigned_int_bool_bool_bool_bool_b_27_we0                 |  out|    1|   ap_memory|            headed_compute_controller_bool_bool_unsigned_int_bool_bool_bool_bool_b_27|         array|
|headed_compute_controller_bool_bool_unsigned_int_bool_bool_bool_bool_b_27_d0                  |  out|    8|   ap_memory|            headed_compute_controller_bool_bool_unsigned_int_bool_bool_bool_bool_b_27|         array|
|headed_compute_controller_bool_bool_unsigned_int_bool_bool_bool_bool_b_26_address0            |  out|    4|   ap_memory|            headed_compute_controller_bool_bool_unsigned_int_bool_bool_bool_bool_b_26|         array|
|headed_compute_controller_bool_bool_unsigned_int_bool_bool_bool_bool_b_26_ce0                 |  out|    1|   ap_memory|            headed_compute_controller_bool_bool_unsigned_int_bool_bool_bool_bool_b_26|         array|
|headed_compute_controller_bool_bool_unsigned_int_bool_bool_bool_bool_b_26_we0                 |  out|    1|   ap_memory|            headed_compute_controller_bool_bool_unsigned_int_bool_bool_bool_bool_b_26|         array|
|headed_compute_controller_bool_bool_unsigned_int_bool_bool_bool_bool_b_26_d0                  |  out|    8|   ap_memory|            headed_compute_controller_bool_bool_unsigned_int_bool_bool_bool_bool_b_26|         array|
|headed_compute_controller_bool_bool_unsigned_int_bool_bool_bool_bool_b_25_address0            |  out|    4|   ap_memory|            headed_compute_controller_bool_bool_unsigned_int_bool_bool_bool_bool_b_25|         array|
|headed_compute_controller_bool_bool_unsigned_int_bool_bool_bool_bool_b_25_ce0                 |  out|    1|   ap_memory|            headed_compute_controller_bool_bool_unsigned_int_bool_bool_bool_bool_b_25|         array|
|headed_compute_controller_bool_bool_unsigned_int_bool_bool_bool_bool_b_25_we0                 |  out|    1|   ap_memory|            headed_compute_controller_bool_bool_unsigned_int_bool_bool_bool_bool_b_25|         array|
|headed_compute_controller_bool_bool_unsigned_int_bool_bool_bool_bool_b_25_d0                  |  out|    8|   ap_memory|            headed_compute_controller_bool_bool_unsigned_int_bool_bool_bool_bool_b_25|         array|
|headed_compute_controller_bool_bool_unsigned_int_bool_bool_bool_bool_b_24_address0            |  out|    4|   ap_memory|            headed_compute_controller_bool_bool_unsigned_int_bool_bool_bool_bool_b_24|         array|
|headed_compute_controller_bool_bool_unsigned_int_bool_bool_bool_bool_b_24_ce0                 |  out|    1|   ap_memory|            headed_compute_controller_bool_bool_unsigned_int_bool_bool_bool_bool_b_24|         array|
|headed_compute_controller_bool_bool_unsigned_int_bool_bool_bool_bool_b_24_we0                 |  out|    1|   ap_memory|            headed_compute_controller_bool_bool_unsigned_int_bool_bool_bool_bool_b_24|         array|
|headed_compute_controller_bool_bool_unsigned_int_bool_bool_bool_bool_b_24_d0                  |  out|    8|   ap_memory|            headed_compute_controller_bool_bool_unsigned_int_bool_bool_bool_bool_b_24|         array|
|p_ZZ25headed_compute_controllerbbjRbS_bS_S_RjPKhPhR12ComputeStateS0_RhS6_S6_S6_S_17_address0  |  out|    4|   ap_memory|  p_ZZ25headed_compute_controllerbbjRbS_bS_S_RjPKhPhR12ComputeStateS0_RhS6_S6_S6_S_17|         array|
|p_ZZ25headed_compute_controllerbbjRbS_bS_S_RjPKhPhR12ComputeStateS0_RhS6_S6_S6_S_17_ce0       |  out|    1|   ap_memory|  p_ZZ25headed_compute_controllerbbjRbS_bS_S_RjPKhPhR12ComputeStateS0_RhS6_S6_S6_S_17|         array|
|p_ZZ25headed_compute_controllerbbjRbS_bS_S_RjPKhPhR12ComputeStateS0_RhS6_S6_S6_S_17_we0       |  out|    1|   ap_memory|  p_ZZ25headed_compute_controllerbbjRbS_bS_S_RjPKhPhR12ComputeStateS0_RhS6_S6_S6_S_17|         array|
|p_ZZ25headed_compute_controllerbbjRbS_bS_S_RjPKhPhR12ComputeStateS0_RhS6_S6_S6_S_17_d0        |  out|    8|   ap_memory|  p_ZZ25headed_compute_controllerbbjRbS_bS_S_RjPKhPhR12ComputeStateS0_RhS6_S6_S6_S_17|         array|
|p_ZZ25headed_compute_controllerbbjRbS_bS_S_RjPKhPhR12ComputeStateS0_RhS6_S6_S6_S_16_address0  |  out|    4|   ap_memory|  p_ZZ25headed_compute_controllerbbjRbS_bS_S_RjPKhPhR12ComputeStateS0_RhS6_S6_S6_S_16|         array|
|p_ZZ25headed_compute_controllerbbjRbS_bS_S_RjPKhPhR12ComputeStateS0_RhS6_S6_S6_S_16_ce0       |  out|    1|   ap_memory|  p_ZZ25headed_compute_controllerbbjRbS_bS_S_RjPKhPhR12ComputeStateS0_RhS6_S6_S6_S_16|         array|
|p_ZZ25headed_compute_controllerbbjRbS_bS_S_RjPKhPhR12ComputeStateS0_RhS6_S6_S6_S_16_we0       |  out|    1|   ap_memory|  p_ZZ25headed_compute_controllerbbjRbS_bS_S_RjPKhPhR12ComputeStateS0_RhS6_S6_S6_S_16|         array|
|p_ZZ25headed_compute_controllerbbjRbS_bS_S_RjPKhPhR12ComputeStateS0_RhS6_S6_S6_S_16_d0        |  out|    8|   ap_memory|  p_ZZ25headed_compute_controllerbbjRbS_bS_S_RjPKhPhR12ComputeStateS0_RhS6_S6_S6_S_16|         array|
|p_ZZ25headed_compute_controllerbbjRbS_bS_S_RjPKhPhR12ComputeStateS0_RhS6_S6_S6_S_15_address0  |  out|    4|   ap_memory|  p_ZZ25headed_compute_controllerbbjRbS_bS_S_RjPKhPhR12ComputeStateS0_RhS6_S6_S6_S_15|         array|
|p_ZZ25headed_compute_controllerbbjRbS_bS_S_RjPKhPhR12ComputeStateS0_RhS6_S6_S6_S_15_ce0       |  out|    1|   ap_memory|  p_ZZ25headed_compute_controllerbbjRbS_bS_S_RjPKhPhR12ComputeStateS0_RhS6_S6_S6_S_15|         array|
|p_ZZ25headed_compute_controllerbbjRbS_bS_S_RjPKhPhR12ComputeStateS0_RhS6_S6_S6_S_15_we0       |  out|    1|   ap_memory|  p_ZZ25headed_compute_controllerbbjRbS_bS_S_RjPKhPhR12ComputeStateS0_RhS6_S6_S6_S_15|         array|
|p_ZZ25headed_compute_controllerbbjRbS_bS_S_RjPKhPhR12ComputeStateS0_RhS6_S6_S6_S_15_d0        |  out|    8|   ap_memory|  p_ZZ25headed_compute_controllerbbjRbS_bS_S_RjPKhPhR12ComputeStateS0_RhS6_S6_S6_S_15|         array|
|p_ZZ25headed_compute_controllerbbjRbS_bS_S_RjPKhPhR12ComputeStateS0_RhS6_S6_S6_S_14_address0  |  out|    4|   ap_memory|  p_ZZ25headed_compute_controllerbbjRbS_bS_S_RjPKhPhR12ComputeStateS0_RhS6_S6_S6_S_14|         array|
|p_ZZ25headed_compute_controllerbbjRbS_bS_S_RjPKhPhR12ComputeStateS0_RhS6_S6_S6_S_14_ce0       |  out|    1|   ap_memory|  p_ZZ25headed_compute_controllerbbjRbS_bS_S_RjPKhPhR12ComputeStateS0_RhS6_S6_S6_S_14|         array|
|p_ZZ25headed_compute_controllerbbjRbS_bS_S_RjPKhPhR12ComputeStateS0_RhS6_S6_S6_S_14_we0       |  out|    1|   ap_memory|  p_ZZ25headed_compute_controllerbbjRbS_bS_S_RjPKhPhR12ComputeStateS0_RhS6_S6_S6_S_14|         array|
|p_ZZ25headed_compute_controllerbbjRbS_bS_S_RjPKhPhR12ComputeStateS0_RhS6_S6_S6_S_14_d0        |  out|    8|   ap_memory|  p_ZZ25headed_compute_controllerbbjRbS_bS_S_RjPKhPhR12ComputeStateS0_RhS6_S6_S6_S_14|         array|
|p_ZZ25headed_compute_controllerbbjRbS_bS_S_RjPKhPhR12ComputeStateS0_RhS6_S6_S6_S_13_address0  |  out|    4|   ap_memory|  p_ZZ25headed_compute_controllerbbjRbS_bS_S_RjPKhPhR12ComputeStateS0_RhS6_S6_S6_S_13|         array|
|p_ZZ25headed_compute_controllerbbjRbS_bS_S_RjPKhPhR12ComputeStateS0_RhS6_S6_S6_S_13_ce0       |  out|    1|   ap_memory|  p_ZZ25headed_compute_controllerbbjRbS_bS_S_RjPKhPhR12ComputeStateS0_RhS6_S6_S6_S_13|         array|
|p_ZZ25headed_compute_controllerbbjRbS_bS_S_RjPKhPhR12ComputeStateS0_RhS6_S6_S6_S_13_we0       |  out|    1|   ap_memory|  p_ZZ25headed_compute_controllerbbjRbS_bS_S_RjPKhPhR12ComputeStateS0_RhS6_S6_S6_S_13|         array|
|p_ZZ25headed_compute_controllerbbjRbS_bS_S_RjPKhPhR12ComputeStateS0_RhS6_S6_S6_S_13_d0        |  out|    8|   ap_memory|  p_ZZ25headed_compute_controllerbbjRbS_bS_S_RjPKhPhR12ComputeStateS0_RhS6_S6_S6_S_13|         array|
|p_ZZ25headed_compute_controllerbbjRbS_bS_S_RjPKhPhR12ComputeStateS0_RhS6_S6_S6_S_12_address0  |  out|    4|   ap_memory|  p_ZZ25headed_compute_controllerbbjRbS_bS_S_RjPKhPhR12ComputeStateS0_RhS6_S6_S6_S_12|         array|
|p_ZZ25headed_compute_controllerbbjRbS_bS_S_RjPKhPhR12ComputeStateS0_RhS6_S6_S6_S_12_ce0       |  out|    1|   ap_memory|  p_ZZ25headed_compute_controllerbbjRbS_bS_S_RjPKhPhR12ComputeStateS0_RhS6_S6_S6_S_12|         array|
|p_ZZ25headed_compute_controllerbbjRbS_bS_S_RjPKhPhR12ComputeStateS0_RhS6_S6_S6_S_12_we0       |  out|    1|   ap_memory|  p_ZZ25headed_compute_controllerbbjRbS_bS_S_RjPKhPhR12ComputeStateS0_RhS6_S6_S6_S_12|         array|
|p_ZZ25headed_compute_controllerbbjRbS_bS_S_RjPKhPhR12ComputeStateS0_RhS6_S6_S6_S_12_d0        |  out|    8|   ap_memory|  p_ZZ25headed_compute_controllerbbjRbS_bS_S_RjPKhPhR12ComputeStateS0_RhS6_S6_S6_S_12|         array|
+----------------------------------------------------------------------------------------------+-----+-----+------------+-------------------------------------------------------------------------------------+--------------+

