

================================================================
== Vitis HLS Report for 'headed_compute_controller_Pipeline_VITIS_LOOP_160_1'
================================================================
* Date:           Fri Jan 30 15:25:12 2026

* Version:        2025.1 (Build 6135595 on May 21 2025)
* Project:        headed_compute_controller
* Solution:       hls (Vivado IP Flow Target)
* Product family: zynquplus
* Target device:  xck26-sfvc784-2LV-c


================================================================
== Performance Estimates
================================================================
+ Timing: 
    * Summary: 
    +--------+----------+----------+------------+
    |  Clock |  Target  | Estimated| Uncertainty|
    +--------+----------+----------+------------+
    |ap_clk  |  10.00 ns|  3.803 ns|     2.70 ns|
    +--------+----------+----------+------------+

+ Latency: 
    * Summary: 
    +---------+---------+----------+----------+-----+-----+------------------------------------------------+
    |  Latency (cycles) |  Latency (absolute) |  Interval |                    Pipeline                    |
    |   min   |   max   |    min   |    max   | min | max |                      Type                      |
    +---------+---------+----------+----------+-----+-----+------------------------------------------------+
    |       18|       18|  0.180 us|  0.180 us|   17|   17|  loop auto-rewind stp (delay=0 clock cycles(s))|
    +---------+---------+----------+----------+-----+-----+------------------------------------------------+

    + Detail: 
        * Instance: 
        N/A

        * Loop: 
        +--------------------+---------+---------+----------+-----------+-----------+------+----------+
        |                    |  Latency (cycles) | Iteration|  Initiation Interval  | Trip |          |
        |      Loop Name     |   min   |   max   |  Latency |  achieved |   target  | Count| Pipelined|
        +--------------------+---------+---------+----------+-----------+-----------+------+----------+
        |- VITIS_LOOP_160_1  |       16|       16|         2|          1|          1|    16|       yes|
        +--------------------+---------+---------+----------+-----------+-----------+------+----------+



================================================================
== Utilization Estimates
================================================================
* Summary: 
+-----------------+---------+------+--------+--------+-----+
|       Name      | BRAM_18K|  DSP |   FF   |   LUT  | URAM|
+-----------------+---------+------+--------+--------+-----+
|DSP              |        -|     -|       -|       -|    -|
|Expression       |        -|     -|       0|     194|    -|
|FIFO             |        -|     -|       -|       -|    -|
|Instance         |        -|     -|       -|       -|    -|
|Memory           |        -|     -|       -|       -|    -|
|Multiplexer      |        -|     -|       0|      36|    -|
|Register         |        -|     -|      13|       -|    -|
+-----------------+---------+------+--------+--------+-----+
|Total            |        0|     0|      13|     230|    0|
+-----------------+---------+------+--------+--------+-----+
|Available        |      288|  1248|  234240|  117120|   64|
+-----------------+---------+------+--------+--------+-----+
|Utilization (%)  |        0|     0|      ~0|      ~0|    0|
+-----------------+---------+------+--------+--------+-----+

+ Detail: 
    * Instance: 
    N/A

    * DSP: 
    N/A

    * Memory: 
    N/A

    * FIFO: 
    N/A

    * Expression: 
    +--------------------------+----------+----+---+----+------------+------------+
    |       Variable Name      | Operation| DSP| FF| LUT| Bitwidth P0| Bitwidth P1|
    +--------------------------+----------+----+---+----+------------+------------+
    |add_ln160_fu_104_p2       |         +|   0|  0|  12|           5|           1|
    |rounded_fu_148_p2         |         +|   0|  0|  54|          47|          47|
    |icmp_ln160_fu_98_p2       |      icmp|   0|  0|  13|           5|           6|
    |icmp_ln165_fu_174_p2      |      icmp|   0|  0|  24|          17|           1|
    |icmp_ln167_fu_180_p2      |      icmp|   0|  0|  39|          32|          17|
    |or_ln170_fu_204_p2        |        or|   0|  0|   2|           1|           1|
    |select_ln163_fu_140_p3    |    select|   0|  0|  16|           1|          16|
    |select_ln170_1_fu_210_p3  |    select|   0|  0|  16|           1|          16|
    |select_ln170_fu_196_p3    |    select|   0|  0|  16|           1|          15|
    |ap_enable_pp0             |       xor|   0|  0|   2|           1|           2|
    +--------------------------+----------+----+---+----+------------+------------+
    |Total                     |          |   0|  0| 194|         111|         122|
    +--------------------------+----------+----+---+----+------------+------------+

    * Multiplexer: 
    +-------------------------+----+-----------+-----+-----------+
    |           Name          | LUT| Input Size| Bits| Total Bits|
    +-------------------------+----+-----------+-----+-----------+
    |ap_done_int              |   9|          2|    1|          2|
    |ap_enable_reg_pp0_iter1  |   9|          2|    1|          2|
    |ap_sig_allocacmp_i       |   9|          2|    5|         10|
    |i_5_fu_60                |   9|          2|    5|         10|
    +-------------------------+----+-----------+-----+-----------+
    |Total                    |  36|          8|   12|         24|
    +-------------------------+----+-----------+-----+-----------+

    * Register: 
    +-------------------------+---+----+-----+-----------+
    |           Name          | FF| LUT| Bits| Const Bits|
    +-------------------------+---+----+-----+-----------+
    |ap_CS_fsm                |  1|   0|    1|          0|
    |ap_done_reg              |  1|   0|    1|          0|
    |ap_enable_reg_pp0_iter1  |  1|   0|    1|          0|
    |i_5_fu_60                |  5|   0|    5|          0|
    |zext_ln160_reg_229       |  5|   0|   64|         59|
    +-------------------------+---+----+-----+-----------+
    |Total                    | 13|   0|   72|         59|
    +-------------------------+---+----+-----+-----------+



================================================================
== Interface
================================================================
* Summary: 
+---------------------+-----+-----+------------+-----------------------------------------------------+--------------+
|      RTL Ports      | Dir | Bits|  Protocol  |                    Source Object                    |    C Type    |
+---------------------+-----+-----+------------+-----------------------------------------------------+--------------+
|ap_clk               |   in|    1|  ap_ctrl_hs|  headed_compute_controller_Pipeline_VITIS_LOOP_160_1|  return value|
|ap_rst               |   in|    1|  ap_ctrl_hs|  headed_compute_controller_Pipeline_VITIS_LOOP_160_1|  return value|
|ap_start             |   in|    1|  ap_ctrl_hs|  headed_compute_controller_Pipeline_VITIS_LOOP_160_1|  return value|
|ap_done              |  out|    1|  ap_ctrl_hs|  headed_compute_controller_Pipeline_VITIS_LOOP_160_1|  return value|
|ap_idle              |  out|    1|  ap_ctrl_hs|  headed_compute_controller_Pipeline_VITIS_LOOP_160_1|  return value|
|ap_ready             |  out|    1|  ap_ctrl_hs|  headed_compute_controller_Pipeline_VITIS_LOOP_160_1|  return value|
|val_in_address0      |  out|    4|   ap_memory|                                               val_in|         array|
|val_in_ce0           |  out|    1|   ap_memory|                                               val_in|         array|
|val_in_q0            |   in|   32|   ap_memory|                                               val_in|         array|
|val_scaled_address0  |  out|    4|   ap_memory|                                           val_scaled|         array|
|val_scaled_ce0       |  out|    1|   ap_memory|                                           val_scaled|         array|
|val_scaled_we0       |  out|    1|   ap_memory|                                           val_scaled|         array|
|val_scaled_d0        |  out|   16|   ap_memory|                                           val_scaled|         array|
+---------------------+-----+-----+------------+-----------------------------------------------------+--------------+

