

================================================================
== Vitis HLS Report for 'headed_compute_controller_Pipeline_VITIS_LOOP_534_14'
================================================================
* Date:           Tue Feb  3 14:27:12 2026

* Version:        2025.1 (Build 6135595 on May 21 2025)
* Project:        headed_compute_controller
* Solution:       hls (Vivado IP Flow Target)
* Product family: zynquplus
* Target device:  xck26-sfvc784-2LV-c


================================================================
== Performance Estimates
================================================================
+ Timing: 
    * Summary: 
    +--------+----------+----------+------------+
    |  Clock |  Target  | Estimated| Uncertainty|
    +--------+----------+----------+------------+
    |ap_clk  |  10.00 ns|  1.777 ns|     2.70 ns|
    +--------+----------+----------+------------+

+ Latency: 
    * Summary: 
    +---------+---------+----------+----------+-----+-----+------------------------------------------------+
    |  Latency (cycles) |  Latency (absolute) |  Interval |                    Pipeline                    |
    |   min   |   max   |    min   |    max   | min | max |                      Type                      |
    +---------+---------+----------+----------+-----+-----+------------------------------------------------+
    |       10|       10|  0.100 us|  0.100 us|    9|    9|  loop auto-rewind stp (delay=0 clock cycles(s))|
    +---------+---------+----------+----------+-----+-----+------------------------------------------------+

    + Detail: 
        * Instance: 
        N/A

        * Loop: 
        +---------------------+---------+---------+----------+-----------+-----------+------+----------+
        |                     |  Latency (cycles) | Iteration|  Initiation Interval  | Trip |          |
        |      Loop Name      |   min   |   max   |  Latency |  achieved |   target  | Count| Pipelined|
        +---------------------+---------+---------+----------+-----------+-----------+------+----------+
        |- VITIS_LOOP_534_14  |        8|        8|         2|          2|          1|     4|       yes|
        +---------------------+---------+---------+----------+-----------+-----------+------+----------+



================================================================
== Utilization Estimates
================================================================
* Summary: 
+-----------------+---------+------+--------+--------+-----+
|       Name      | BRAM_18K|  DSP |   FF   |   LUT  | URAM|
+-----------------+---------+------+--------+--------+-----+
|DSP              |        -|     -|       -|       -|    -|
|Expression       |        -|     -|       0|      24|    -|
|FIFO             |        -|     -|       -|       -|    -|
|Instance         |        -|     -|       0|      20|    -|
|Memory           |        -|     -|       -|       -|    -|
|Multiplexer      |        -|     -|       0|      97|    -|
|Register         |        -|     -|      13|       -|    -|
+-----------------+---------+------+--------+--------+-----+
|Total            |        0|     0|      13|     141|    0|
+-----------------+---------+------+--------+--------+-----+
|Available        |      288|  1248|  234240|  117120|   64|
+-----------------+---------+------+--------+--------+-----+
|Utilization (%)  |        0|     0|      ~0|      ~0|    0|
+-----------------+---------+------+--------+--------+-----+

+ Detail: 
    * Instance: 
    +---------------------------+----------------------+---------+----+---+----+-----+
    |          Instance         |        Module        | BRAM_18K| DSP| FF| LUT| URAM|
    +---------------------------+----------------------+---------+----+---+----+-----+
    |sparsemux_9_2_20_1_1_U287  |sparsemux_9_2_20_1_1  |        0|   0|  0|  20|    0|
    +---------------------------+----------------------+---------+----+---+----+-----+
    |Total                      |                      |        0|   0|  0|  20|    0|
    +---------------------------+----------------------+---------+----+---+----+-----+

    * DSP: 
    N/A

    * Memory: 
    N/A

    * FIFO: 
    N/A

    * Expression: 
    +------------------------+----------+----+---+----+------------+------------+
    |      Variable Name     | Operation| DSP| FF| LUT| Bitwidth P0| Bitwidth P1|
    +------------------------+----------+----+---+----+------------+------------+
    |add_ln534_fu_157_p2     |         +|   0|  0|  10|           3|           1|
    |icmp_ln534_fu_151_p2    |      icmp|   0|  0|  12|           3|           4|
    |select_ln616_fu_272_p3  |    select|   0|  0|   2|           1|           2|
    +------------------------+----------+----+---+----+------------+------------+
    |Total                   |          |   0|  0|  24|           7|           7|
    +------------------------+----------+----+---+----+------------+------------+

    * Multiplexer: 
    +------------------------+----+-----------+-----+-----------+
    |          Name          | LUT| Input Size| Bits| Total Bits|
    +------------------------+----+-----------+-----+-----------+
    |ap_NS_fsm               |  14|          3|    1|          3|
    |ap_done_int             |   9|          2|    1|          2|
    |ap_sig_allocacmp_h_6    |   9|          2|    3|          6|
    |h_fu_74                 |   9|          2|    3|          6|
    |out_buf_address0_local  |  14|          3|    6|         18|
    |out_buf_address1_local  |  14|          3|    6|         18|
    |out_buf_d0_local        |  14|          3|    8|         24|
    |out_buf_d1_local        |  14|          3|    8|         24|
    +------------------------+----+-----------+-----+-----------+
    |Total                   |  97|         21|   36|        101|
    +------------------------+----+-----------+-----+-----------+

    * Register: 
    +---------------------+---+----+-----+-----------+
    |         Name        | FF| LUT| Bits| Const Bits|
    +---------------------+---+----+-----+-----------+
    |ap_CS_fsm            |  2|   0|    2|          0|
    |ap_done_reg          |  1|   0|    1|          0|
    |h_fu_74              |  3|   0|    3|          0|
    |tmp_reg_313          |  1|   0|    1|          0|
    |trunc_ln534_reg_302  |  2|   0|    2|          0|
    |trunc_ln_reg_308     |  4|   0|    4|          0|
    +---------------------+---+----+-----+-----------+
    |Total                | 13|   0|   13|          0|
    +---------------------+---+----+-----+-----------+



================================================================
== Interface
================================================================
* Summary: 
+---------------------------------------------------------------------------+-----+-----+------------+---------------------------------------------------------------------------+--------------+
|                                 RTL Ports                                 | Dir | Bits|  Protocol  |                               Source Object                               |    C Type    |
+---------------------------------------------------------------------------+-----+-----+------------+---------------------------------------------------------------------------+--------------+
|ap_clk                                                                     |   in|    1|  ap_ctrl_hs|                       headed_compute_controller_Pipeline_VITIS_LOOP_534_14|  return value|
|ap_rst                                                                     |   in|    1|  ap_ctrl_hs|                       headed_compute_controller_Pipeline_VITIS_LOOP_534_14|  return value|
|ap_start                                                                   |   in|    1|  ap_ctrl_hs|                       headed_compute_controller_Pipeline_VITIS_LOOP_534_14|  return value|
|ap_done                                                                    |  out|    1|  ap_ctrl_hs|                       headed_compute_controller_Pipeline_VITIS_LOOP_534_14|  return value|
|ap_idle                                                                    |  out|    1|  ap_ctrl_hs|                       headed_compute_controller_Pipeline_VITIS_LOOP_534_14|  return value|
|ap_ready                                                                   |  out|    1|  ap_ctrl_hs|                       headed_compute_controller_Pipeline_VITIS_LOOP_534_14|  return value|
|headed_compute_controller_bool_bool_unsigned_int_bool_bool_bool_bool_b_58  |   in|   20|     ap_none|  headed_compute_controller_bool_bool_unsigned_int_bool_bool_bool_bool_b_58|        scalar|
|headed_compute_controller_bool_bool_unsigned_int_bool_bool_bool_bool_b_59  |   in|   20|     ap_none|  headed_compute_controller_bool_bool_unsigned_int_bool_bool_bool_bool_b_59|        scalar|
|headed_compute_controller_bool_bool_unsigned_int_bool_bool_bool_bool_b_60  |   in|   20|     ap_none|  headed_compute_controller_bool_bool_unsigned_int_bool_bool_bool_bool_b_60|        scalar|
|headed_compute_controller_bool_bool_unsigned_int_bool_bool_bool_bool_b_61  |   in|   20|     ap_none|  headed_compute_controller_bool_bool_unsigned_int_bool_bool_bool_bool_b_61|        scalar|
|out_buf_address0                                                           |  out|    6|   ap_memory|                                                                    out_buf|         array|
|out_buf_ce0                                                                |  out|    1|   ap_memory|                                                                    out_buf|         array|
|out_buf_we0                                                                |  out|    1|   ap_memory|                                                                    out_buf|         array|
|out_buf_d0                                                                 |  out|    8|   ap_memory|                                                                    out_buf|         array|
|out_buf_address1                                                           |  out|    6|   ap_memory|                                                                    out_buf|         array|
|out_buf_ce1                                                                |  out|    1|   ap_memory|                                                                    out_buf|         array|
|out_buf_we1                                                                |  out|    1|   ap_memory|                                                                    out_buf|         array|
|out_buf_d1                                                                 |  out|    8|   ap_memory|                                                                    out_buf|         array|
+---------------------------------------------------------------------------+-----+-----+------------+---------------------------------------------------------------------------+--------------+

