

================================================================
== Vitis HLS Report for 'SOFTMAX_Pipeline_VITIS_LOOP_266_3'
================================================================
* Date:           Fri Jan 30 15:25:12 2026

* Version:        2025.1 (Build 6135595 on May 21 2025)
* Project:        headed_compute_controller
* Solution:       hls (Vivado IP Flow Target)
* Product family: zynquplus
* Target device:  xck26-sfvc784-2LV-c


================================================================
== Performance Estimates
================================================================
+ Timing: 
    * Summary: 
    +--------+----------+----------+------------+
    |  Clock |  Target  | Estimated| Uncertainty|
    +--------+----------+----------+------------+
    |ap_clk  |  10.00 ns|  5.261 ns|     2.70 ns|
    +--------+----------+----------+------------+

+ Latency: 
    * Summary: 
    +---------+---------+----------+----------+-----+-----+------------------------------------------------+
    |  Latency (cycles) |  Latency (absolute) |  Interval |                    Pipeline                    |
    |   min   |   max   |    min   |    max   | min | max |                      Type                      |
    +---------+---------+----------+----------+-----+-----+------------------------------------------------+
    |       18|       18|  0.180 us|  0.180 us|   17|   17|  loop auto-rewind stp (delay=0 clock cycles(s))|
    +---------+---------+----------+----------+-----+-----+------------------------------------------------+

    + Detail: 
        * Instance: 
        N/A

        * Loop: 
        +--------------------+---------+---------+----------+-----------+-----------+------+----------+
        |                    |  Latency (cycles) | Iteration|  Initiation Interval  | Trip |          |
        |      Loop Name     |   min   |   max   |  Latency |  achieved |   target  | Count| Pipelined|
        +--------------------+---------+---------+----------+-----------+-----------+------+----------+
        |- VITIS_LOOP_266_3  |       16|       16|         1|          1|          1|    16|       yes|
        +--------------------+---------+---------+----------+-----------+-----------+------+----------+



================================================================
== Utilization Estimates
================================================================
* Summary: 
+-----------------+---------+------+--------+--------+-----+
|       Name      | BRAM_18K|  DSP |   FF   |   LUT  | URAM|
+-----------------+---------+------+--------+--------+-----+
|DSP              |        -|     -|       -|       -|    -|
|Expression       |        -|     -|       0|      40|    -|
|FIFO             |        -|     -|       -|       -|    -|
|Instance         |        -|     2|       0|      85|    -|
|Memory           |        -|     -|       -|       -|    -|
|Multiplexer      |        -|     -|       0|      27|    -|
|Register         |        -|     -|       7|       -|    -|
+-----------------+---------+------+--------+--------+-----+
|Total            |        0|     2|       7|     152|    0|
+-----------------+---------+------+--------+--------+-----+
|Available        |      288|  1248|  234240|  117120|   64|
+-----------------+---------+------+--------+--------+-----+
|Utilization (%)  |        0|    ~0|      ~0|      ~0|    0|
+-----------------+---------+------+--------+--------+-----+

+ Detail: 
    * Instance: 
    +----------------------------+-----------------------+---------+----+---+----+-----+
    |          Instance          |         Module        | BRAM_18K| DSP| FF| LUT| URAM|
    +----------------------------+-----------------------+---------+----+---+----+-----+
    |mul_31s_16ns_31_1_1_U105    |mul_31s_16ns_31_1_1    |        0|   2|  0|  20|    0|
    |sparsemux_33_4_16_1_1_U106  |sparsemux_33_4_16_1_1  |        0|   0|  0|  65|    0|
    +----------------------------+-----------------------+---------+----+---+----+-----+
    |Total                       |                       |        0|   2|  0|  85|    0|
    +----------------------------+-----------------------+---------+----+---+----+-----+

    * DSP: 
    N/A

    * Memory: 
    N/A

    * FIFO: 
    N/A

    * Expression: 
    +----------------------+----------+----+---+----+------------+------------+
    |     Variable Name    | Operation| DSP| FF| LUT| Bitwidth P0| Bitwidth P1|
    +----------------------+----------+----+---+----+------------+------------+
    |add_ln266_fu_250_p2   |         +|   0|  0|  12|           5|           1|
    |icmp_ln266_fu_244_p2  |      icmp|   0|  0|  13|           5|           6|
    |prob_q15_fu_360_p3    |    select|   0|  0|  15|           1|           2|
    +----------------------+----------+----+---+----+------------+------------+
    |Total                 |          |   0|  0|  40|          11|           9|
    +----------------------+----------+----+---+----+------------+------------+

    * Multiplexer: 
    +----------------------+----+-----------+-----+-----------+
    |         Name         | LUT| Input Size| Bits| Total Bits|
    +----------------------+----+-----------+-----+-----------+
    |ap_done_int           |   9|          2|    1|          2|
    |ap_sig_allocacmp_i_6  |   9|          2|    5|         10|
    |i_fu_112              |   9|          2|    5|         10|
    +----------------------+----+-----------+-----+-----------+
    |Total                 |  27|          6|   11|         22|
    +----------------------+----+-----------+-----+-----------+

    * Register: 
    +-------------+---+----+-----+-----------+
    |     Name    | FF| LUT| Bits| Const Bits|
    +-------------+---+----+-----+-----------+
    |ap_CS_fsm    |  1|   0|    1|          0|
    |ap_done_reg  |  1|   0|    1|          0|
    |i_fu_112     |  5|   0|    5|          0|
    +-------------+---+----+-----+-----------+
    |Total        |  7|   0|    7|          0|
    +-------------+---+----+-----+-----------+



================================================================
== Interface
================================================================
* Summary: 
+-------------------+-----+-----+------------+-----------------------------------+--------------+
|     RTL Ports     | Dir | Bits|  Protocol  |           Source Object           |    C Type    |
+-------------------+-----+-----+------------+-----------------------------------+--------------+
|ap_clk             |   in|    1|  ap_ctrl_hs|  SOFTMAX_Pipeline_VITIS_LOOP_266_3|  return value|
|ap_rst             |   in|    1|  ap_ctrl_hs|  SOFTMAX_Pipeline_VITIS_LOOP_266_3|  return value|
|ap_start           |   in|    1|  ap_ctrl_hs|  SOFTMAX_Pipeline_VITIS_LOOP_266_3|  return value|
|ap_done            |  out|    1|  ap_ctrl_hs|  SOFTMAX_Pipeline_VITIS_LOOP_266_3|  return value|
|ap_idle            |  out|    1|  ap_ctrl_hs|  SOFTMAX_Pipeline_VITIS_LOOP_266_3|  return value|
|ap_ready           |  out|    1|  ap_ctrl_hs|  SOFTMAX_Pipeline_VITIS_LOOP_266_3|  return value|
|exp_buf_reload     |   in|   16|     ap_none|                     exp_buf_reload|        scalar|
|exp_buf_1_reload   |   in|   16|     ap_none|                   exp_buf_1_reload|        scalar|
|exp_buf_2_reload   |   in|   16|     ap_none|                   exp_buf_2_reload|        scalar|
|exp_buf_3_reload   |   in|   16|     ap_none|                   exp_buf_3_reload|        scalar|
|exp_buf_4_reload   |   in|   16|     ap_none|                   exp_buf_4_reload|        scalar|
|exp_buf_5_reload   |   in|   16|     ap_none|                   exp_buf_5_reload|        scalar|
|exp_buf_6_reload   |   in|   16|     ap_none|                   exp_buf_6_reload|        scalar|
|exp_buf_7_reload   |   in|   16|     ap_none|                   exp_buf_7_reload|        scalar|
|exp_buf_8_reload   |   in|   16|     ap_none|                   exp_buf_8_reload|        scalar|
|exp_buf_9_reload   |   in|   16|     ap_none|                   exp_buf_9_reload|        scalar|
|exp_buf_10_reload  |   in|   16|     ap_none|                  exp_buf_10_reload|        scalar|
|exp_buf_11_reload  |   in|   16|     ap_none|                  exp_buf_11_reload|        scalar|
|exp_buf_12_reload  |   in|   16|     ap_none|                  exp_buf_12_reload|        scalar|
|exp_buf_13_reload  |   in|   16|     ap_none|                  exp_buf_13_reload|        scalar|
|exp_buf_14_reload  |   in|   16|     ap_none|                  exp_buf_14_reload|        scalar|
|exp_buf_15_reload  |   in|   16|     ap_none|                  exp_buf_15_reload|        scalar|
|inv_sum_q15_1      |   in|   31|     ap_none|                      inv_sum_q15_1|        scalar|
|soft_out_address0  |  out|    4|   ap_memory|                           soft_out|         array|
|soft_out_ce0       |  out|    1|   ap_memory|                           soft_out|         array|
|soft_out_we0       |  out|    1|   ap_memory|                           soft_out|         array|
|soft_out_d0        |  out|   15|   ap_memory|                           soft_out|         array|
+-------------------+-----+-----+------------+-----------------------------------+--------------+

