Sun Jan 25 13:32:47 2026: Running xcd server. This server was built by gradle.
Sun Jan 25 13:32:47 2026: Server was asked to start on port: '43997'
Sun Jan 25 13:32:47 2026: Server is using token UUID: '6dbf123d-bc65-4cf6-b621-4fa02bd0e1ce'
Sun Jan 25 13:32:47 2026: SESSION_MGR: creating session with session uuid: '6d04a3e9-ade5-4ab9-8d63-1f78fcd2ec76' and name 'default'
Sun Jan 25 13:32:47 2026: Attempting to start server on port '43997'
Sun Jan 25 13:32:47 2026: XCD main fifo: created main fifo '/tmp/xcdmain6dbf123d-bc65-4cf6-b621-4fa02bd0e1ce', fd read = 12
Sun Jan 25 13:32:47 2026: Running Dispatch Server
Sun Jan 25 13:32:47 2026: Version 2.2.0
Sun Jan 25 13:32:48 2026: Dispatch Server: Accepted socket connection from client
Sun Jan 25 13:32:48 2026: Starting Socket connection
Sun Jan 25 13:32:48 2026: EXCHANGE_TOKEN received, server token: 6dbf123d-bc65-4cf6-b621-4fa02bd0e1ce, passed token: 6dbf123d-bc65-4cf6-b621-4fa02bd0e1ce
Sun Jan 25 13:32:48 2026: DISPATCH_HANDLER: Adding handler from function makeHandler in library libxv_system_diagram failed with exception: Could not dynamically load libxv_system_diagram.so
Sun Jan 25 13:32:48 2026: SESSION_MGR: creating session with session uuid: 'c21fffdf-c398-47f2-8671-778ae22704bb' and name 'vitis-run_compile_compute_controller'
Sun Jan 25 13:32:48 2026: KERNEL_SVC: creating session with uuid: 'c21fffdf-c398-47f2-8671-778ae22704bb' and name 'vitis-run_compile_compute_controller'
Sun Jan 25 13:32:48 2026: GUIDANCE_SMGR: creating guidance session with uuid: 'c21fffdf-c398-47f2-8671-778ae22704bb' and name 'vitis-run_compile_compute_controller'
Sun Jan 25 13:32:52 2026: Dispatch Server: Accepted socket connection from client
Sun Jan 25 13:32:52 2026: Starting Socket connection
Sun Jan 25 13:33:03 2026: SESSION_MGR: closing session for UUID 'c21fffdf-c398-47f2-8671-778ae22704bb' with name 'vitis-run_compile_compute_controller'
Sun Jan 25 13:33:03 2026: KERNEL_SVC: closing session for UUID 'c21fffdf-c398-47f2-8671-778ae22704bb' with name 'vitis-run_compile_compute_controller'
Sun Jan 25 13:33:03 2026: GUIDANCE_SMGR: closing session for UUID 'c21fffdf-c398-47f2-8671-778ae22704bb' with name 'vitis-run_compile_compute_controller'
Sun Jan 25 13:33:03 2026: STOP_SERVER received, server token: 6dbf123d-bc65-4cf6-b621-4fa02bd0e1ce, passed token: 6dbf123d-bc65-4cf6-b621-4fa02bd0e1ce
Sun Jan 25 13:33:03 2026: Socket received request to stop server.
Sun Jan 25 13:33:03 2026: Dispatch Server: do_await_stop
Sun Jan 25 13:33:03 2026: Dispatch Server: stopping mainFifo_
Sun Jan 25 13:33:03 2026: XCD main fifo: Stopping
Sun Jan 25 13:33:03 2026: XCD main fifo: do_read error code: Operation canceled
Sun Jan 25 13:33:03 2026: XCD main fifo: bytes_transferred: 0
Sun Jan 25 13:33:03 2026: SERVER: destructor for server bound to port 43997
Sun Jan 25 13:33:03 2026: XCD main fifo: Good unlink of /tmp/xcdmain6dbf123d-bc65-4cf6-b621-4fa02bd0e1ce
Sun Jan 25 13:33:03 2026: Server exiting with status 0.
Sun Jan 25 13:33:03 2026: Closing log file.
Sun Jan 25 13:52:11 2026: Running xcd server. This server was built by gradle.
Sun Jan 25 13:52:11 2026: Server was asked to start on port: '42791'
Sun Jan 25 13:52:11 2026: Server is using token UUID: '35001c5b-39dc-4816-8204-77ba4115fd3f'
Sun Jan 25 13:52:11 2026: SESSION_MGR: creating session with session uuid: '6d04a3e9-ade5-4ab9-8d63-1f78fcd2ec76' and name 'default'
Sun Jan 25 13:52:11 2026: Attempting to start server on port '42791'
Sun Jan 25 13:52:11 2026: XCD main fifo: created main fifo '/tmp/xcdmain35001c5b-39dc-4816-8204-77ba4115fd3f', fd read = 12
Sun Jan 25 13:52:11 2026: Running Dispatch Server
Sun Jan 25 13:52:11 2026: Version 2.2.0
Sun Jan 25 13:52:12 2026: Dispatch Server: Accepted socket connection from client
Sun Jan 25 13:52:12 2026: Starting Socket connection
Sun Jan 25 13:52:12 2026: EXCHANGE_TOKEN received, server token: 35001c5b-39dc-4816-8204-77ba4115fd3f, passed token: 35001c5b-39dc-4816-8204-77ba4115fd3f
Sun Jan 25 13:52:12 2026: DISPATCH_HANDLER: Adding handler from function makeHandler in library libxv_system_diagram failed with exception: Could not dynamically load libxv_system_diagram.so
Sun Jan 25 13:52:12 2026: SESSION_MGR: creating session with session uuid: '84e841db-dd72-4074-b0a5-3b6353db1fd9' and name 'vitis-run_compile_compute_controller'
Sun Jan 25 13:52:12 2026: KERNEL_SVC: creating session with uuid: '84e841db-dd72-4074-b0a5-3b6353db1fd9' and name 'vitis-run_compile_compute_controller'
Sun Jan 25 13:52:12 2026: GUIDANCE_SMGR: creating guidance session with uuid: '84e841db-dd72-4074-b0a5-3b6353db1fd9' and name 'vitis-run_compile_compute_controller'
Sun Jan 25 13:52:16 2026: Dispatch Server: Accepted socket connection from client
Sun Jan 25 13:52:16 2026: Starting Socket connection
Sun Jan 25 13:52:16 2026: SESSION_MGR: closing session for UUID '84e841db-dd72-4074-b0a5-3b6353db1fd9' with name 'vitis-run_compile_compute_controller'
Sun Jan 25 13:52:16 2026: KERNEL_SVC: closing session for UUID '84e841db-dd72-4074-b0a5-3b6353db1fd9' with name 'vitis-run_compile_compute_controller'
Sun Jan 25 13:52:16 2026: GUIDANCE_SMGR: closing session for UUID '84e841db-dd72-4074-b0a5-3b6353db1fd9' with name 'vitis-run_compile_compute_controller'
Sun Jan 25 13:52:16 2026: STOP_SERVER received, server token: 35001c5b-39dc-4816-8204-77ba4115fd3f, passed token: 35001c5b-39dc-4816-8204-77ba4115fd3f
Sun Jan 25 13:52:16 2026: Socket received request to stop server.
Sun Jan 25 13:52:16 2026: Dispatch Server: do_await_stop
Sun Jan 25 13:52:16 2026: Dispatch Server: stopping mainFifo_
Sun Jan 25 13:52:16 2026: XCD main fifo: Stopping
Sun Jan 25 13:52:16 2026: XCD main fifo: do_read error code: Operation canceled
Sun Jan 25 13:52:16 2026: XCD main fifo: bytes_transferred: 0
Sun Jan 25 13:52:16 2026: SERVER: destructor for server bound to port 42791
Sun Jan 25 13:52:16 2026: XCD main fifo: Good unlink of /tmp/xcdmain35001c5b-39dc-4816-8204-77ba4115fd3f
Sun Jan 25 13:52:16 2026: Server exiting with status 0.
Sun Jan 25 13:52:16 2026: Closing log file.
Sun Jan 25 13:55:38 2026: Running xcd server. This server was built by gradle.
Sun Jan 25 13:55:38 2026: Server was asked to start on port: '38791'
Sun Jan 25 13:55:38 2026: Server is using token UUID: '82b5dee3-73b3-4385-a3d7-491e8d7ad036'
Sun Jan 25 13:55:38 2026: SESSION_MGR: creating session with session uuid: '6d04a3e9-ade5-4ab9-8d63-1f78fcd2ec76' and name 'default'
Sun Jan 25 13:55:38 2026: Attempting to start server on port '38791'
Sun Jan 25 13:55:38 2026: XCD main fifo: created main fifo '/tmp/xcdmain82b5dee3-73b3-4385-a3d7-491e8d7ad036', fd read = 12
Sun Jan 25 13:55:38 2026: Running Dispatch Server
Sun Jan 25 13:55:38 2026: Version 2.2.0
Sun Jan 25 13:55:39 2026: Dispatch Server: Accepted socket connection from client
Sun Jan 25 13:55:39 2026: Starting Socket connection
Sun Jan 25 13:55:39 2026: EXCHANGE_TOKEN received, server token: 82b5dee3-73b3-4385-a3d7-491e8d7ad036, passed token: 82b5dee3-73b3-4385-a3d7-491e8d7ad036
Sun Jan 25 13:55:39 2026: DISPATCH_HANDLER: Adding handler from function makeHandler in library libxv_system_diagram failed with exception: Could not dynamically load libxv_system_diagram.so
Sun Jan 25 13:55:39 2026: SESSION_MGR: creating session with session uuid: '7b321457-1325-4dd4-a4d4-36b868ce7e79' and name 'vitis-run_compile_compute_controller'
Sun Jan 25 13:55:39 2026: KERNEL_SVC: creating session with uuid: '7b321457-1325-4dd4-a4d4-36b868ce7e79' and name 'vitis-run_compile_compute_controller'
Sun Jan 25 13:55:39 2026: GUIDANCE_SMGR: creating guidance session with uuid: '7b321457-1325-4dd4-a4d4-36b868ce7e79' and name 'vitis-run_compile_compute_controller'
Sun Jan 25 13:55:43 2026: Dispatch Server: Accepted socket connection from client
Sun Jan 25 13:55:43 2026: Starting Socket connection
Sun Jan 25 13:55:46 2026: SESSION_MGR: closing session for UUID '7b321457-1325-4dd4-a4d4-36b868ce7e79' with name 'vitis-run_compile_compute_controller'
Sun Jan 25 13:55:46 2026: KERNEL_SVC: closing session for UUID '7b321457-1325-4dd4-a4d4-36b868ce7e79' with name 'vitis-run_compile_compute_controller'
Sun Jan 25 13:55:46 2026: GUIDANCE_SMGR: closing session for UUID '7b321457-1325-4dd4-a4d4-36b868ce7e79' with name 'vitis-run_compile_compute_controller'
Sun Jan 25 13:55:46 2026: STOP_SERVER received, server token: 82b5dee3-73b3-4385-a3d7-491e8d7ad036, passed token: 82b5dee3-73b3-4385-a3d7-491e8d7ad036
Sun Jan 25 13:55:46 2026: Socket received request to stop server.
Sun Jan 25 13:55:46 2026: Dispatch Server: do_await_stop
Sun Jan 25 13:55:46 2026: Dispatch Server: stopping mainFifo_
Sun Jan 25 13:55:46 2026: XCD main fifo: Stopping
Sun Jan 25 13:55:46 2026: XCD main fifo: do_read error code: Operation canceled
Sun Jan 25 13:55:46 2026: XCD main fifo: bytes_transferred: 0
Sun Jan 25 13:55:46 2026: SERVER: destructor for server bound to port 38791
Sun Jan 25 13:55:46 2026: XCD main fifo: Good unlink of /tmp/xcdmain82b5dee3-73b3-4385-a3d7-491e8d7ad036
Sun Jan 25 13:55:46 2026: Server exiting with status 0.
Sun Jan 25 13:55:46 2026: Closing log file.
Sun Jan 25 13:58:36 2026: Running xcd server. This server was built by gradle.
Sun Jan 25 13:58:36 2026: Server was asked to start on port: '44893'
Sun Jan 25 13:58:36 2026: Server is using token UUID: '2208296f-1938-43c5-b639-0a8b3b19cf3f'
Sun Jan 25 13:58:36 2026: SESSION_MGR: creating session with session uuid: '6d04a3e9-ade5-4ab9-8d63-1f78fcd2ec76' and name 'default'
Sun Jan 25 13:58:36 2026: Attempting to start server on port '44893'
Sun Jan 25 13:58:36 2026: XCD main fifo: created main fifo '/tmp/xcdmain2208296f-1938-43c5-b639-0a8b3b19cf3f', fd read = 12
Sun Jan 25 13:58:36 2026: Running Dispatch Server
Sun Jan 25 13:58:36 2026: Version 2.2.0
Sun Jan 25 13:58:37 2026: Dispatch Server: Accepted socket connection from client
Sun Jan 25 13:58:37 2026: Starting Socket connection
Sun Jan 25 13:58:37 2026: EXCHANGE_TOKEN received, server token: 2208296f-1938-43c5-b639-0a8b3b19cf3f, passed token: 2208296f-1938-43c5-b639-0a8b3b19cf3f
Sun Jan 25 13:58:37 2026: DISPATCH_HANDLER: Adding handler from function makeHandler in library libxv_system_diagram failed with exception: Could not dynamically load libxv_system_diagram.so
Sun Jan 25 13:58:37 2026: SESSION_MGR: creating session with session uuid: 'd50ae6c8-017b-4183-ac2a-8359986ffdb3' and name 'vitis-run_compile_compute_controller'
Sun Jan 25 13:58:37 2026: KERNEL_SVC: creating session with uuid: 'd50ae6c8-017b-4183-ac2a-8359986ffdb3' and name 'vitis-run_compile_compute_controller'
Sun Jan 25 13:58:37 2026: GUIDANCE_SMGR: creating guidance session with uuid: 'd50ae6c8-017b-4183-ac2a-8359986ffdb3' and name 'vitis-run_compile_compute_controller'
Sun Jan 25 13:58:41 2026: Dispatch Server: Accepted socket connection from client
Sun Jan 25 13:58:41 2026: Starting Socket connection
Sun Jan 25 13:58:52 2026: SESSION_MGR: closing session for UUID 'd50ae6c8-017b-4183-ac2a-8359986ffdb3' with name 'vitis-run_compile_compute_controller'
Sun Jan 25 13:58:52 2026: KERNEL_SVC: closing session for UUID 'd50ae6c8-017b-4183-ac2a-8359986ffdb3' with name 'vitis-run_compile_compute_controller'
Sun Jan 25 13:58:52 2026: GUIDANCE_SMGR: closing session for UUID 'd50ae6c8-017b-4183-ac2a-8359986ffdb3' with name 'vitis-run_compile_compute_controller'
Sun Jan 25 13:58:52 2026: STOP_SERVER received, server token: 2208296f-1938-43c5-b639-0a8b3b19cf3f, passed token: 2208296f-1938-43c5-b639-0a8b3b19cf3f
Sun Jan 25 13:58:52 2026: Socket received request to stop server.
Sun Jan 25 13:58:52 2026: Dispatch Server: do_await_stop
Sun Jan 25 13:58:52 2026: Dispatch Server: stopping mainFifo_
Sun Jan 25 13:58:52 2026: XCD main fifo: Stopping
Sun Jan 25 13:58:52 2026: XCD main fifo: do_read error code: Operation canceled
Sun Jan 25 13:58:52 2026: XCD main fifo: bytes_transferred: 0
Sun Jan 25 13:58:52 2026: SERVER: destructor for server bound to port 44893
Sun Jan 25 13:58:52 2026: XCD main fifo: Good unlink of /tmp/xcdmain2208296f-1938-43c5-b639-0a8b3b19cf3f
Sun Jan 25 13:58:52 2026: Server exiting with status 0.
Sun Jan 25 13:58:52 2026: Closing log file.
Sun Jan 25 14:07:00 2026: Running xcd server. This server was built by gradle.
Sun Jan 25 14:07:00 2026: Server was asked to start on port: '44445'
Sun Jan 25 14:07:00 2026: Server is using token UUID: '6310e4bc-8852-4482-ba43-f99d993cee74'
Sun Jan 25 14:07:00 2026: SESSION_MGR: creating session with session uuid: '6d04a3e9-ade5-4ab9-8d63-1f78fcd2ec76' and name 'default'
Sun Jan 25 14:07:00 2026: Attempting to start server on port '44445'
Sun Jan 25 14:07:00 2026: XCD main fifo: created main fifo '/tmp/xcdmain6310e4bc-8852-4482-ba43-f99d993cee74', fd read = 12
Sun Jan 25 14:07:00 2026: Running Dispatch Server
Sun Jan 25 14:07:00 2026: Version 2.2.0
Sun Jan 25 14:07:01 2026: Dispatch Server: Accepted socket connection from client
Sun Jan 25 14:07:01 2026: Starting Socket connection
Sun Jan 25 14:07:01 2026: EXCHANGE_TOKEN received, server token: 6310e4bc-8852-4482-ba43-f99d993cee74, passed token: 6310e4bc-8852-4482-ba43-f99d993cee74
Sun Jan 25 14:07:01 2026: DISPATCH_HANDLER: Adding handler from function makeHandler in library libxv_system_diagram failed with exception: Could not dynamically load libxv_system_diagram.so
Sun Jan 25 14:07:01 2026: SESSION_MGR: creating session with session uuid: 'a91f3917-c101-4c6c-bdb2-56a531a67c54' and name 'vitis-run_compile_compute_controller'
Sun Jan 25 14:07:01 2026: KERNEL_SVC: creating session with uuid: 'a91f3917-c101-4c6c-bdb2-56a531a67c54' and name 'vitis-run_compile_compute_controller'
Sun Jan 25 14:07:01 2026: GUIDANCE_SMGR: creating guidance session with uuid: 'a91f3917-c101-4c6c-bdb2-56a531a67c54' and name 'vitis-run_compile_compute_controller'
Sun Jan 25 14:07:05 2026: Dispatch Server: Accepted socket connection from client
Sun Jan 25 14:07:05 2026: Starting Socket connection
Sun Jan 25 14:07:14 2026: SESSION_MGR: closing session for UUID 'a91f3917-c101-4c6c-bdb2-56a531a67c54' with name 'vitis-run_compile_compute_controller'
Sun Jan 25 14:07:14 2026: KERNEL_SVC: closing session for UUID 'a91f3917-c101-4c6c-bdb2-56a531a67c54' with name 'vitis-run_compile_compute_controller'
Sun Jan 25 14:07:14 2026: GUIDANCE_SMGR: closing session for UUID 'a91f3917-c101-4c6c-bdb2-56a531a67c54' with name 'vitis-run_compile_compute_controller'
Sun Jan 25 14:07:14 2026: STOP_SERVER received, server token: 6310e4bc-8852-4482-ba43-f99d993cee74, passed token: 6310e4bc-8852-4482-ba43-f99d993cee74
Sun Jan 25 14:07:14 2026: Socket received request to stop server.
Sun Jan 25 14:07:14 2026: Dispatch Server: do_await_stop
Sun Jan 25 14:07:14 2026: Dispatch Server: stopping mainFifo_
Sun Jan 25 14:07:14 2026: XCD main fifo: Stopping
Sun Jan 25 14:07:14 2026: XCD main fifo: do_read error code: Operation canceled
Sun Jan 25 14:07:14 2026: XCD main fifo: bytes_transferred: 0
Sun Jan 25 14:07:14 2026: SERVER: destructor for server bound to port 44445
Sun Jan 25 14:07:14 2026: XCD main fifo: Good unlink of /tmp/xcdmain6310e4bc-8852-4482-ba43-f99d993cee74
Sun Jan 25 14:07:14 2026: Server exiting with status 0.
Sun Jan 25 14:07:14 2026: Closing log file.
Sun Jan 25 14:10:02 2026: Running xcd server. This server was built by gradle.
Sun Jan 25 14:10:02 2026: Server was asked to start on port: '37605'
Sun Jan 25 14:10:02 2026: Server is using token UUID: 'c4a3616f-6d56-4e6d-b7a4-b130af0297ab'
Sun Jan 25 14:10:02 2026: SESSION_MGR: creating session with session uuid: '6d04a3e9-ade5-4ab9-8d63-1f78fcd2ec76' and name 'default'
Sun Jan 25 14:10:02 2026: Attempting to start server on port '37605'
Sun Jan 25 14:10:02 2026: XCD main fifo: created main fifo '/tmp/xcdmainc4a3616f-6d56-4e6d-b7a4-b130af0297ab', fd read = 12
Sun Jan 25 14:10:02 2026: Running Dispatch Server
Sun Jan 25 14:10:02 2026: Version 2.2.0
Sun Jan 25 14:10:04 2026: Dispatch Server: Accepted socket connection from client
Sun Jan 25 14:10:04 2026: Starting Socket connection
Sun Jan 25 14:10:04 2026: EXCHANGE_TOKEN received, server token: c4a3616f-6d56-4e6d-b7a4-b130af0297ab, passed token: c4a3616f-6d56-4e6d-b7a4-b130af0297ab
Sun Jan 25 14:10:04 2026: DISPATCH_HANDLER: Adding handler from function makeHandler in library libxv_system_diagram failed with exception: Could not dynamically load libxv_system_diagram.so
Sun Jan 25 14:10:04 2026: SESSION_MGR: creating session with session uuid: 'd2e1c522-c23a-4f6e-a8ca-84ff6664ba5f' and name 'vitis-run_compile_compute_controller'
Sun Jan 25 14:10:04 2026: KERNEL_SVC: creating session with uuid: 'd2e1c522-c23a-4f6e-a8ca-84ff6664ba5f' and name 'vitis-run_compile_compute_controller'
Sun Jan 25 14:10:04 2026: GUIDANCE_SMGR: creating guidance session with uuid: 'd2e1c522-c23a-4f6e-a8ca-84ff6664ba5f' and name 'vitis-run_compile_compute_controller'
Sun Jan 25 14:10:08 2026: Dispatch Server: Accepted socket connection from client
Sun Jan 25 14:10:08 2026: Starting Socket connection
Sun Jan 25 14:10:17 2026: SESSION_MGR: closing session for UUID 'd2e1c522-c23a-4f6e-a8ca-84ff6664ba5f' with name 'vitis-run_compile_compute_controller'
Sun Jan 25 14:10:17 2026: KERNEL_SVC: closing session for UUID 'd2e1c522-c23a-4f6e-a8ca-84ff6664ba5f' with name 'vitis-run_compile_compute_controller'
Sun Jan 25 14:10:17 2026: GUIDANCE_SMGR: closing session for UUID 'd2e1c522-c23a-4f6e-a8ca-84ff6664ba5f' with name 'vitis-run_compile_compute_controller'
Sun Jan 25 14:10:17 2026: STOP_SERVER received, server token: c4a3616f-6d56-4e6d-b7a4-b130af0297ab, passed token: c4a3616f-6d56-4e6d-b7a4-b130af0297ab
Sun Jan 25 14:10:17 2026: Socket received request to stop server.
Sun Jan 25 14:10:17 2026: Dispatch Server: do_await_stop
Sun Jan 25 14:10:17 2026: Dispatch Server: stopping mainFifo_
Sun Jan 25 14:10:17 2026: XCD main fifo: Stopping
Sun Jan 25 14:10:17 2026: XCD main fifo: do_read error code: Operation canceled
Sun Jan 25 14:10:17 2026: XCD main fifo: bytes_transferred: 0
Sun Jan 25 14:10:17 2026: SERVER: destructor for server bound to port 37605
Sun Jan 25 14:10:17 2026: XCD main fifo: Good unlink of /tmp/xcdmainc4a3616f-6d56-4e6d-b7a4-b130af0297ab
Sun Jan 25 14:10:17 2026: Server exiting with status 0.
Sun Jan 25 14:10:17 2026: Closing log file.
Sun Jan 25 14:16:23 2026: Running xcd server. This server was built by gradle.
Sun Jan 25 14:16:23 2026: Server was asked to start on port: '43783'
Sun Jan 25 14:16:23 2026: Server is using token UUID: 'b00f743d-b313-414b-96f2-784290f084df'
Sun Jan 25 14:16:23 2026: SESSION_MGR: creating session with session uuid: '6d04a3e9-ade5-4ab9-8d63-1f78fcd2ec76' and name 'default'
Sun Jan 25 14:16:23 2026: Attempting to start server on port '43783'
Sun Jan 25 14:16:23 2026: XCD main fifo: created main fifo '/tmp/xcdmainb00f743d-b313-414b-96f2-784290f084df', fd read = 12
Sun Jan 25 14:16:23 2026: Running Dispatch Server
Sun Jan 25 14:16:23 2026: Version 2.2.0
Sun Jan 25 14:16:25 2026: Dispatch Server: Accepted socket connection from client
Sun Jan 25 14:16:25 2026: Starting Socket connection
Sun Jan 25 14:16:25 2026: EXCHANGE_TOKEN received, server token: b00f743d-b313-414b-96f2-784290f084df, passed token: b00f743d-b313-414b-96f2-784290f084df
Sun Jan 25 14:16:25 2026: DISPATCH_HANDLER: Adding handler from function makeHandler in library libxv_system_diagram failed with exception: Could not dynamically load libxv_system_diagram.so
Sun Jan 25 14:16:25 2026: SESSION_MGR: creating session with session uuid: '59f75420-b7a7-4b77-a6fe-73e3f81ab3ed' and name 'vitis-run_compile_compute_controller'
Sun Jan 25 14:16:25 2026: KERNEL_SVC: creating session with uuid: '59f75420-b7a7-4b77-a6fe-73e3f81ab3ed' and name 'vitis-run_compile_compute_controller'
Sun Jan 25 14:16:25 2026: GUIDANCE_SMGR: creating guidance session with uuid: '59f75420-b7a7-4b77-a6fe-73e3f81ab3ed' and name 'vitis-run_compile_compute_controller'
Sun Jan 25 14:16:28 2026: Dispatch Server: Accepted socket connection from client
Sun Jan 25 14:16:28 2026: Starting Socket connection
Sun Jan 25 14:16:38 2026: SESSION_MGR: closing session for UUID '59f75420-b7a7-4b77-a6fe-73e3f81ab3ed' with name 'vitis-run_compile_compute_controller'
Sun Jan 25 14:16:38 2026: KERNEL_SVC: closing session for UUID '59f75420-b7a7-4b77-a6fe-73e3f81ab3ed' with name 'vitis-run_compile_compute_controller'
Sun Jan 25 14:16:38 2026: GUIDANCE_SMGR: closing session for UUID '59f75420-b7a7-4b77-a6fe-73e3f81ab3ed' with name 'vitis-run_compile_compute_controller'
Sun Jan 25 14:16:38 2026: STOP_SERVER received, server token: b00f743d-b313-414b-96f2-784290f084df, passed token: b00f743d-b313-414b-96f2-784290f084df
Sun Jan 25 14:16:38 2026: Socket received request to stop server.
Sun Jan 25 14:16:38 2026: Dispatch Server: do_await_stop
Sun Jan 25 14:16:38 2026: Dispatch Server: stopping mainFifo_
Sun Jan 25 14:16:38 2026: XCD main fifo: Stopping
Sun Jan 25 14:16:38 2026: XCD main fifo: do_read error code: Operation canceled
Sun Jan 25 14:16:38 2026: XCD main fifo: bytes_transferred: 0
Sun Jan 25 14:16:38 2026: SERVER: destructor for server bound to port 43783
Sun Jan 25 14:16:38 2026: XCD main fifo: Good unlink of /tmp/xcdmainb00f743d-b313-414b-96f2-784290f084df
Sun Jan 25 14:16:38 2026: Server exiting with status 0.
Sun Jan 25 14:16:38 2026: Closing log file.
Sun Jan 25 14:23:32 2026: Running xcd server. This server was built by gradle.
Sun Jan 25 14:23:32 2026: Server was asked to start on port: '37477'
Sun Jan 25 14:23:32 2026: Server is using token UUID: '6d7c9db0-4da0-440f-b0e1-d3650a276350'
Sun Jan 25 14:23:32 2026: SESSION_MGR: creating session with session uuid: '6d04a3e9-ade5-4ab9-8d63-1f78fcd2ec76' and name 'default'
Sun Jan 25 14:23:32 2026: Attempting to start server on port '37477'
Sun Jan 25 14:23:32 2026: XCD main fifo: created main fifo '/tmp/xcdmain6d7c9db0-4da0-440f-b0e1-d3650a276350', fd read = 12
Sun Jan 25 14:23:32 2026: Running Dispatch Server
Sun Jan 25 14:23:32 2026: Version 2.2.0
Sun Jan 25 14:23:33 2026: Dispatch Server: Accepted socket connection from client
Sun Jan 25 14:23:33 2026: Starting Socket connection
Sun Jan 25 14:23:33 2026: EXCHANGE_TOKEN received, server token: 6d7c9db0-4da0-440f-b0e1-d3650a276350, passed token: 6d7c9db0-4da0-440f-b0e1-d3650a276350
Sun Jan 25 14:23:33 2026: DISPATCH_HANDLER: Adding handler from function makeHandler in library libxv_system_diagram failed with exception: Could not dynamically load libxv_system_diagram.so
Sun Jan 25 14:23:33 2026: SESSION_MGR: creating session with session uuid: '5aba6f17-7a5f-46f8-acdc-27167daefed2' and name 'vitis-run_compile_compute_controller'
Sun Jan 25 14:23:33 2026: KERNEL_SVC: creating session with uuid: '5aba6f17-7a5f-46f8-acdc-27167daefed2' and name 'vitis-run_compile_compute_controller'
Sun Jan 25 14:23:33 2026: GUIDANCE_SMGR: creating guidance session with uuid: '5aba6f17-7a5f-46f8-acdc-27167daefed2' and name 'vitis-run_compile_compute_controller'
Sun Jan 25 14:23:37 2026: Dispatch Server: Accepted socket connection from client
Sun Jan 25 14:23:37 2026: Starting Socket connection
Sun Jan 25 14:23:46 2026: SESSION_MGR: closing session for UUID '5aba6f17-7a5f-46f8-acdc-27167daefed2' with name 'vitis-run_compile_compute_controller'
Sun Jan 25 14:23:46 2026: KERNEL_SVC: closing session for UUID '5aba6f17-7a5f-46f8-acdc-27167daefed2' with name 'vitis-run_compile_compute_controller'
Sun Jan 25 14:23:46 2026: GUIDANCE_SMGR: closing session for UUID '5aba6f17-7a5f-46f8-acdc-27167daefed2' with name 'vitis-run_compile_compute_controller'
Sun Jan 25 14:23:46 2026: STOP_SERVER received, server token: 6d7c9db0-4da0-440f-b0e1-d3650a276350, passed token: 6d7c9db0-4da0-440f-b0e1-d3650a276350
Sun Jan 25 14:23:46 2026: Socket received request to stop server.
Sun Jan 25 14:23:46 2026: Dispatch Server: do_await_stop
Sun Jan 25 14:23:46 2026: Dispatch Server: stopping mainFifo_
Sun Jan 25 14:23:46 2026: XCD main fifo: Stopping
Sun Jan 25 14:23:46 2026: XCD main fifo: do_read error code: Operation canceled
Sun Jan 25 14:23:46 2026: XCD main fifo: bytes_transferred: 0
Sun Jan 25 14:23:46 2026: SERVER: destructor for server bound to port 37477
Sun Jan 25 14:23:46 2026: XCD main fifo: Good unlink of /tmp/xcdmain6d7c9db0-4da0-440f-b0e1-d3650a276350
Sun Jan 25 14:23:46 2026: Server exiting with status 0.
Sun Jan 25 14:23:46 2026: Closing log file.
Sun Jan 25 14:27:49 2026: Running xcd server. This server was built by gradle.
Sun Jan 25 14:27:49 2026: Server was asked to start on port: '43337'
Sun Jan 25 14:27:49 2026: Server is using token UUID: 'd094855c-fad9-4d25-87d9-49aa54f31613'
Sun Jan 25 14:27:49 2026: SESSION_MGR: creating session with session uuid: '6d04a3e9-ade5-4ab9-8d63-1f78fcd2ec76' and name 'default'
Sun Jan 25 14:27:49 2026: Attempting to start server on port '43337'
Sun Jan 25 14:27:49 2026: XCD main fifo: created main fifo '/tmp/xcdmaind094855c-fad9-4d25-87d9-49aa54f31613', fd read = 12
Sun Jan 25 14:27:49 2026: Running Dispatch Server
Sun Jan 25 14:27:49 2026: Version 2.2.0
Sun Jan 25 14:27:50 2026: Dispatch Server: Accepted socket connection from client
Sun Jan 25 14:27:50 2026: Starting Socket connection
Sun Jan 25 14:27:50 2026: EXCHANGE_TOKEN received, server token: d094855c-fad9-4d25-87d9-49aa54f31613, passed token: d094855c-fad9-4d25-87d9-49aa54f31613
Sun Jan 25 14:27:50 2026: DISPATCH_HANDLER: Adding handler from function makeHandler in library libxv_system_diagram failed with exception: Could not dynamically load libxv_system_diagram.so
Sun Jan 25 14:27:50 2026: SESSION_MGR: creating session with session uuid: 'e93bd5cc-4ec7-4266-b69f-61166ae873f4' and name 'vitis-run_compile_compute_controller'
Sun Jan 25 14:27:50 2026: KERNEL_SVC: creating session with uuid: 'e93bd5cc-4ec7-4266-b69f-61166ae873f4' and name 'vitis-run_compile_compute_controller'
Sun Jan 25 14:27:50 2026: GUIDANCE_SMGR: creating guidance session with uuid: 'e93bd5cc-4ec7-4266-b69f-61166ae873f4' and name 'vitis-run_compile_compute_controller'
Sun Jan 25 14:27:54 2026: Dispatch Server: Accepted socket connection from client
Sun Jan 25 14:27:54 2026: Starting Socket connection
Sun Jan 25 14:28:04 2026: SESSION_MGR: closing session for UUID 'e93bd5cc-4ec7-4266-b69f-61166ae873f4' with name 'vitis-run_compile_compute_controller'
Sun Jan 25 14:28:04 2026: KERNEL_SVC: closing session for UUID 'e93bd5cc-4ec7-4266-b69f-61166ae873f4' with name 'vitis-run_compile_compute_controller'
Sun Jan 25 14:28:04 2026: GUIDANCE_SMGR: closing session for UUID 'e93bd5cc-4ec7-4266-b69f-61166ae873f4' with name 'vitis-run_compile_compute_controller'
Sun Jan 25 14:28:04 2026: STOP_SERVER received, server token: d094855c-fad9-4d25-87d9-49aa54f31613, passed token: d094855c-fad9-4d25-87d9-49aa54f31613
Sun Jan 25 14:28:04 2026: Socket received request to stop server.
Sun Jan 25 14:28:04 2026: Dispatch Server: do_await_stop
Sun Jan 25 14:28:04 2026: Dispatch Server: stopping mainFifo_
Sun Jan 25 14:28:04 2026: XCD main fifo: Stopping
Sun Jan 25 14:28:04 2026: XCD main fifo: do_read error code: Operation canceled
Sun Jan 25 14:28:04 2026: XCD main fifo: bytes_transferred: 0
Sun Jan 25 14:28:04 2026: SERVER: destructor for server bound to port 43337
Sun Jan 25 14:28:04 2026: XCD main fifo: Good unlink of /tmp/xcdmaind094855c-fad9-4d25-87d9-49aa54f31613
Sun Jan 25 14:28:04 2026: Server exiting with status 0.
Sun Jan 25 14:28:04 2026: Closing log file.
Sun Jan 25 14:29:01 2026: Running xcd server. This server was built by gradle.
Sun Jan 25 14:29:01 2026: Server was asked to start on port: '43029'
Sun Jan 25 14:29:01 2026: Server is using token UUID: 'b79e7af5-ad3f-491d-8bb4-25371de11e88'
Sun Jan 25 14:29:01 2026: SESSION_MGR: creating session with session uuid: '6d04a3e9-ade5-4ab9-8d63-1f78fcd2ec76' and name 'default'
Sun Jan 25 14:29:01 2026: Attempting to start server on port '43029'
Sun Jan 25 14:29:01 2026: XCD main fifo: created main fifo '/tmp/xcdmainb79e7af5-ad3f-491d-8bb4-25371de11e88', fd read = 12
Sun Jan 25 14:29:01 2026: Running Dispatch Server
Sun Jan 25 14:29:01 2026: Version 2.2.0
Sun Jan 25 14:29:02 2026: Dispatch Server: Accepted socket connection from client
Sun Jan 25 14:29:02 2026: Starting Socket connection
Sun Jan 25 14:29:02 2026: EXCHANGE_TOKEN received, server token: b79e7af5-ad3f-491d-8bb4-25371de11e88, passed token: b79e7af5-ad3f-491d-8bb4-25371de11e88
Sun Jan 25 14:29:02 2026: DISPATCH_HANDLER: Adding handler from function makeHandler in library libxv_system_diagram failed with exception: Could not dynamically load libxv_system_diagram.so
Sun Jan 25 14:29:02 2026: SESSION_MGR: creating session with session uuid: '5ce0411d-ca3c-4770-b963-6cdd73ea7d25' and name 'vitis-run_compile_compute_controller'
Sun Jan 25 14:29:02 2026: KERNEL_SVC: creating session with uuid: '5ce0411d-ca3c-4770-b963-6cdd73ea7d25' and name 'vitis-run_compile_compute_controller'
Sun Jan 25 14:29:02 2026: GUIDANCE_SMGR: creating guidance session with uuid: '5ce0411d-ca3c-4770-b963-6cdd73ea7d25' and name 'vitis-run_compile_compute_controller'
Sun Jan 25 14:29:06 2026: Dispatch Server: Accepted socket connection from client
Sun Jan 25 14:29:06 2026: Starting Socket connection
Sun Jan 25 14:29:16 2026: SESSION_MGR: closing session for UUID '5ce0411d-ca3c-4770-b963-6cdd73ea7d25' with name 'vitis-run_compile_compute_controller'
Sun Jan 25 14:29:16 2026: KERNEL_SVC: closing session for UUID '5ce0411d-ca3c-4770-b963-6cdd73ea7d25' with name 'vitis-run_compile_compute_controller'
Sun Jan 25 14:29:16 2026: GUIDANCE_SMGR: closing session for UUID '5ce0411d-ca3c-4770-b963-6cdd73ea7d25' with name 'vitis-run_compile_compute_controller'
Sun Jan 25 14:29:16 2026: STOP_SERVER received, server token: b79e7af5-ad3f-491d-8bb4-25371de11e88, passed token: b79e7af5-ad3f-491d-8bb4-25371de11e88
Sun Jan 25 14:29:16 2026: Socket received request to stop server.
Sun Jan 25 14:29:16 2026: Dispatch Server: do_await_stop
Sun Jan 25 14:29:16 2026: Dispatch Server: stopping mainFifo_
Sun Jan 25 14:29:16 2026: XCD main fifo: Stopping
Sun Jan 25 14:29:16 2026: XCD main fifo: do_read error code: Operation canceled
Sun Jan 25 14:29:16 2026: XCD main fifo: bytes_transferred: 0
Sun Jan 25 14:29:16 2026: SERVER: destructor for server bound to port 43029
Sun Jan 25 14:29:16 2026: XCD main fifo: Good unlink of /tmp/xcdmainb79e7af5-ad3f-491d-8bb4-25371de11e88
Sun Jan 25 14:29:16 2026: Server exiting with status 0.
Sun Jan 25 14:29:16 2026: Closing log file.
Sun Jan 25 14:33:34 2026: Running xcd server. This server was built by gradle.
Sun Jan 25 14:33:34 2026: Server was asked to start on port: '45157'
Sun Jan 25 14:33:34 2026: Server is using token UUID: '8297d01f-4705-4995-9f79-fb3aaaf0318d'
Sun Jan 25 14:33:34 2026: SESSION_MGR: creating session with session uuid: '6d04a3e9-ade5-4ab9-8d63-1f78fcd2ec76' and name 'default'
Sun Jan 25 14:33:34 2026: Attempting to start server on port '45157'
Sun Jan 25 14:33:34 2026: XCD main fifo: created main fifo '/tmp/xcdmain8297d01f-4705-4995-9f79-fb3aaaf0318d', fd read = 12
Sun Jan 25 14:33:34 2026: Running Dispatch Server
Sun Jan 25 14:33:34 2026: Version 2.2.0
Sun Jan 25 14:33:36 2026: Dispatch Server: Accepted socket connection from client
Sun Jan 25 14:33:36 2026: Starting Socket connection
Sun Jan 25 14:33:36 2026: EXCHANGE_TOKEN received, server token: 8297d01f-4705-4995-9f79-fb3aaaf0318d, passed token: 8297d01f-4705-4995-9f79-fb3aaaf0318d
Sun Jan 25 14:33:36 2026: DISPATCH_HANDLER: Adding handler from function makeHandler in library libxv_system_diagram failed with exception: Could not dynamically load libxv_system_diagram.so
Sun Jan 25 14:33:36 2026: SESSION_MGR: creating session with session uuid: '6da2f894-245d-4650-8439-18e849ae7585' and name 'vitis-run_compile_compute_controller'
Sun Jan 25 14:33:36 2026: KERNEL_SVC: creating session with uuid: '6da2f894-245d-4650-8439-18e849ae7585' and name 'vitis-run_compile_compute_controller'
Sun Jan 25 14:33:36 2026: GUIDANCE_SMGR: creating guidance session with uuid: '6da2f894-245d-4650-8439-18e849ae7585' and name 'vitis-run_compile_compute_controller'
Sun Jan 25 14:33:40 2026: Dispatch Server: Accepted socket connection from client
Sun Jan 25 14:33:40 2026: Starting Socket connection
Sun Jan 25 14:33:42 2026: SESSION_MGR: closing session for UUID '6da2f894-245d-4650-8439-18e849ae7585' with name 'vitis-run_compile_compute_controller'
Sun Jan 25 14:33:42 2026: KERNEL_SVC: closing session for UUID '6da2f894-245d-4650-8439-18e849ae7585' with name 'vitis-run_compile_compute_controller'
Sun Jan 25 14:33:42 2026: GUIDANCE_SMGR: closing session for UUID '6da2f894-245d-4650-8439-18e849ae7585' with name 'vitis-run_compile_compute_controller'
Sun Jan 25 14:33:42 2026: STOP_SERVER received, server token: 8297d01f-4705-4995-9f79-fb3aaaf0318d, passed token: 8297d01f-4705-4995-9f79-fb3aaaf0318d
Sun Jan 25 14:33:42 2026: Socket received request to stop server.
Sun Jan 25 14:33:42 2026: Dispatch Server: do_await_stop
Sun Jan 25 14:33:42 2026: Dispatch Server: stopping mainFifo_
Sun Jan 25 14:33:42 2026: XCD main fifo: Stopping
Sun Jan 25 14:33:42 2026: XCD main fifo: do_read error code: Operation canceled
Sun Jan 25 14:33:42 2026: XCD main fifo: bytes_transferred: 0
Sun Jan 25 14:33:42 2026: SERVER: destructor for server bound to port 45157
Sun Jan 25 14:33:42 2026: XCD main fifo: Good unlink of /tmp/xcdmain8297d01f-4705-4995-9f79-fb3aaaf0318d
Sun Jan 25 14:33:42 2026: Server exiting with status 0.
Sun Jan 25 14:33:42 2026: Closing log file.
Sun Jan 25 18:51:10 2026: Running xcd server. This server was built by gradle.
Sun Jan 25 18:51:10 2026: Server was asked to start on port: '42821'
Sun Jan 25 18:51:10 2026: Server is using token UUID: 'a96f7918-33f4-4290-b76a-7c3f3576c671'
Sun Jan 25 18:51:10 2026: SESSION_MGR: creating session with session uuid: '6d04a3e9-ade5-4ab9-8d63-1f78fcd2ec76' and name 'default'
Sun Jan 25 18:51:10 2026: Attempting to start server on port '42821'
Sun Jan 25 18:51:10 2026: XCD main fifo: created main fifo '/tmp/xcdmaina96f7918-33f4-4290-b76a-7c3f3576c671', fd read = 12
Sun Jan 25 18:51:10 2026: Running Dispatch Server
Sun Jan 25 18:51:10 2026: Version 2.2.0
Sun Jan 25 18:51:11 2026: Dispatch Server: Accepted socket connection from client
Sun Jan 25 18:51:11 2026: Starting Socket connection
Sun Jan 25 18:51:11 2026: EXCHANGE_TOKEN received, server token: a96f7918-33f4-4290-b76a-7c3f3576c671, passed token: a96f7918-33f4-4290-b76a-7c3f3576c671
Sun Jan 25 18:51:11 2026: DISPATCH_HANDLER: Adding handler from function makeHandler in library libxv_system_diagram failed with exception: Could not dynamically load libxv_system_diagram.so
Sun Jan 25 18:51:11 2026: SESSION_MGR: creating session with session uuid: 'b202451f-420e-4326-ac80-039e9809fe21' and name 'vitis-run_compile_compute_controller'
Sun Jan 25 18:51:11 2026: KERNEL_SVC: creating session with uuid: 'b202451f-420e-4326-ac80-039e9809fe21' and name 'vitis-run_compile_compute_controller'
Sun Jan 25 18:51:11 2026: GUIDANCE_SMGR: creating guidance session with uuid: 'b202451f-420e-4326-ac80-039e9809fe21' and name 'vitis-run_compile_compute_controller'
Sun Jan 25 18:51:15 2026: Dispatch Server: Accepted socket connection from client
Sun Jan 25 18:51:15 2026: Starting Socket connection
Sun Jan 25 18:51:15 2026: SESSION_MGR: closing session for UUID 'b202451f-420e-4326-ac80-039e9809fe21' with name 'vitis-run_compile_compute_controller'
Sun Jan 25 18:51:15 2026: KERNEL_SVC: closing session for UUID 'b202451f-420e-4326-ac80-039e9809fe21' with name 'vitis-run_compile_compute_controller'
Sun Jan 25 18:51:15 2026: GUIDANCE_SMGR: closing session for UUID 'b202451f-420e-4326-ac80-039e9809fe21' with name 'vitis-run_compile_compute_controller'
Sun Jan 25 18:51:15 2026: STOP_SERVER received, server token: a96f7918-33f4-4290-b76a-7c3f3576c671, passed token: a96f7918-33f4-4290-b76a-7c3f3576c671
Sun Jan 25 18:51:15 2026: Socket received request to stop server.
Sun Jan 25 18:51:15 2026: Dispatch Server: do_await_stop
Sun Jan 25 18:51:15 2026: Dispatch Server: stopping mainFifo_
Sun Jan 25 18:51:15 2026: XCD main fifo: Stopping
Sun Jan 25 18:51:15 2026: XCD main fifo: do_read error code: Operation canceled
Sun Jan 25 18:51:15 2026: XCD main fifo: bytes_transferred: 0
Sun Jan 25 18:51:15 2026: SERVER: destructor for server bound to port 42821
Sun Jan 25 18:51:15 2026: XCD main fifo: Good unlink of /tmp/xcdmaina96f7918-33f4-4290-b76a-7c3f3576c671
Sun Jan 25 18:51:15 2026: Server exiting with status 0.
Sun Jan 25 18:51:15 2026: Closing log file.
Sun Jan 25 18:58:23 2026: Running xcd server. This server was built by gradle.
Sun Jan 25 18:58:23 2026: Server was asked to start on port: '45999'
Sun Jan 25 18:58:23 2026: Server is using token UUID: 'b4592ff8-4c99-4269-b3b5-f447092cbe96'
Sun Jan 25 18:58:23 2026: SESSION_MGR: creating session with session uuid: '6d04a3e9-ade5-4ab9-8d63-1f78fcd2ec76' and name 'default'
Sun Jan 25 18:58:23 2026: Attempting to start server on port '45999'
Sun Jan 25 18:58:23 2026: XCD main fifo: created main fifo '/tmp/xcdmainb4592ff8-4c99-4269-b3b5-f447092cbe96', fd read = 12
Sun Jan 25 18:58:23 2026: Running Dispatch Server
Sun Jan 25 18:58:23 2026: Version 2.2.0
Sun Jan 25 18:58:24 2026: Dispatch Server: Accepted socket connection from client
Sun Jan 25 18:58:24 2026: Starting Socket connection
Sun Jan 25 18:58:24 2026: EXCHANGE_TOKEN received, server token: b4592ff8-4c99-4269-b3b5-f447092cbe96, passed token: b4592ff8-4c99-4269-b3b5-f447092cbe96
Sun Jan 25 18:58:24 2026: DISPATCH_HANDLER: Adding handler from function makeHandler in library libxv_system_diagram failed with exception: Could not dynamically load libxv_system_diagram.so
Sun Jan 25 18:58:24 2026: SESSION_MGR: creating session with session uuid: 'edfaefcb-8d8e-487b-bcc3-db1d0eed14cd' and name 'vitis-run_compile_compute_controller'
Sun Jan 25 18:58:24 2026: KERNEL_SVC: creating session with uuid: 'edfaefcb-8d8e-487b-bcc3-db1d0eed14cd' and name 'vitis-run_compile_compute_controller'
Sun Jan 25 18:58:24 2026: GUIDANCE_SMGR: creating guidance session with uuid: 'edfaefcb-8d8e-487b-bcc3-db1d0eed14cd' and name 'vitis-run_compile_compute_controller'
Sun Jan 25 18:58:28 2026: Dispatch Server: Accepted socket connection from client
Sun Jan 25 18:58:28 2026: Starting Socket connection
Sun Jan 25 18:58:38 2026: SESSION_MGR: closing session for UUID 'edfaefcb-8d8e-487b-bcc3-db1d0eed14cd' with name 'vitis-run_compile_compute_controller'
Sun Jan 25 18:58:38 2026: KERNEL_SVC: closing session for UUID 'edfaefcb-8d8e-487b-bcc3-db1d0eed14cd' with name 'vitis-run_compile_compute_controller'
Sun Jan 25 18:58:38 2026: GUIDANCE_SMGR: closing session for UUID 'edfaefcb-8d8e-487b-bcc3-db1d0eed14cd' with name 'vitis-run_compile_compute_controller'
Sun Jan 25 18:58:38 2026: STOP_SERVER received, server token: b4592ff8-4c99-4269-b3b5-f447092cbe96, passed token: b4592ff8-4c99-4269-b3b5-f447092cbe96
Sun Jan 25 18:58:38 2026: Socket received request to stop server.
Sun Jan 25 18:58:38 2026: Dispatch Server: do_await_stop
Sun Jan 25 18:58:38 2026: Dispatch Server: stopping mainFifo_
Sun Jan 25 18:58:38 2026: XCD main fifo: Stopping
Sun Jan 25 18:58:38 2026: XCD main fifo: do_read error code: Operation canceled
Sun Jan 25 18:58:38 2026: XCD main fifo: bytes_transferred: 0
Sun Jan 25 18:58:38 2026: SERVER: destructor for server bound to port 45999
Sun Jan 25 18:58:38 2026: XCD main fifo: Good unlink of /tmp/xcdmainb4592ff8-4c99-4269-b3b5-f447092cbe96
Sun Jan 25 18:58:38 2026: Server exiting with status 0.
Sun Jan 25 18:58:38 2026: Closing log file.
Tue Jan 27 20:48:24 2026: Running xcd server. This server was built by gradle.
Tue Jan 27 20:48:24 2026: Server was asked to start on port: '36571'
Tue Jan 27 20:48:24 2026: Server is using token UUID: '1c97d048-198b-4030-a690-2876becc936f'
Tue Jan 27 20:48:24 2026: SESSION_MGR: creating session with session uuid: '6d04a3e9-ade5-4ab9-8d63-1f78fcd2ec76' and name 'default'
Tue Jan 27 20:48:24 2026: Attempting to start server on port '36571'
Tue Jan 27 20:48:24 2026: XCD main fifo: created main fifo '/tmp/xcdmain1c97d048-198b-4030-a690-2876becc936f', fd read = 12
Tue Jan 27 20:48:24 2026: Running Dispatch Server
Tue Jan 27 20:48:24 2026: Version 2.2.0
Tue Jan 27 20:48:25 2026: Dispatch Server: Accepted socket connection from client
Tue Jan 27 20:48:25 2026: Starting Socket connection
Tue Jan 27 20:48:25 2026: EXCHANGE_TOKEN received, server token: 1c97d048-198b-4030-a690-2876becc936f, passed token: 1c97d048-198b-4030-a690-2876becc936f
Tue Jan 27 20:48:25 2026: DISPATCH_HANDLER: Adding handler from function makeHandler in library libxv_system_diagram failed with exception: Could not dynamically load libxv_system_diagram.so
Tue Jan 27 20:48:25 2026: SESSION_MGR: creating session with session uuid: '1e79dcaa-d08b-48a1-b1b5-8469ae5e3438' and name 'vitis-run_compile_compute_controller'
Tue Jan 27 20:48:25 2026: KERNEL_SVC: creating session with uuid: '1e79dcaa-d08b-48a1-b1b5-8469ae5e3438' and name 'vitis-run_compile_compute_controller'
Tue Jan 27 20:48:25 2026: GUIDANCE_SMGR: creating guidance session with uuid: '1e79dcaa-d08b-48a1-b1b5-8469ae5e3438' and name 'vitis-run_compile_compute_controller'
Tue Jan 27 20:48:29 2026: Dispatch Server: Accepted socket connection from client
Tue Jan 27 20:48:29 2026: Starting Socket connection
Tue Jan 27 20:48:39 2026: SESSION_MGR: closing session for UUID '1e79dcaa-d08b-48a1-b1b5-8469ae5e3438' with name 'vitis-run_compile_compute_controller'
Tue Jan 27 20:48:39 2026: KERNEL_SVC: closing session for UUID '1e79dcaa-d08b-48a1-b1b5-8469ae5e3438' with name 'vitis-run_compile_compute_controller'
Tue Jan 27 20:48:39 2026: GUIDANCE_SMGR: closing session for UUID '1e79dcaa-d08b-48a1-b1b5-8469ae5e3438' with name 'vitis-run_compile_compute_controller'
Tue Jan 27 20:48:39 2026: STOP_SERVER received, server token: 1c97d048-198b-4030-a690-2876becc936f, passed token: 1c97d048-198b-4030-a690-2876becc936f
Tue Jan 27 20:48:39 2026: Socket received request to stop server.
Tue Jan 27 20:48:39 2026: Dispatch Server: do_await_stop
Tue Jan 27 20:48:39 2026: Dispatch Server: stopping mainFifo_
Tue Jan 27 20:48:39 2026: XCD main fifo: Stopping
Tue Jan 27 20:48:39 2026: XCD main fifo: do_read error code: Operation canceled
Tue Jan 27 20:48:39 2026: XCD main fifo: bytes_transferred: 0
Tue Jan 27 20:48:39 2026: SERVER: destructor for server bound to port 36571
Tue Jan 27 20:48:39 2026: XCD main fifo: Good unlink of /tmp/xcdmain1c97d048-198b-4030-a690-2876becc936f
Tue Jan 27 20:48:39 2026: Server exiting with status 0.
Tue Jan 27 20:48:39 2026: Closing log file.
Tue Jan 27 21:00:59 2026: Running xcd server. This server was built by gradle.
Tue Jan 27 21:00:59 2026: Server was asked to start on port: '42261'
Tue Jan 27 21:00:59 2026: Server is using token UUID: '28471586-007a-49c0-9c36-dad5aa6fa8ba'
Tue Jan 27 21:00:59 2026: SESSION_MGR: creating session with session uuid: '6d04a3e9-ade5-4ab9-8d63-1f78fcd2ec76' and name 'default'
Tue Jan 27 21:00:59 2026: Attempting to start server on port '42261'
Tue Jan 27 21:00:59 2026: XCD main fifo: created main fifo '/tmp/xcdmain28471586-007a-49c0-9c36-dad5aa6fa8ba', fd read = 12
Tue Jan 27 21:00:59 2026: Running Dispatch Server
Tue Jan 27 21:00:59 2026: Version 2.2.0
Tue Jan 27 21:01:00 2026: Dispatch Server: Accepted socket connection from client
Tue Jan 27 21:01:00 2026: Starting Socket connection
Tue Jan 27 21:01:00 2026: EXCHANGE_TOKEN received, server token: 28471586-007a-49c0-9c36-dad5aa6fa8ba, passed token: 28471586-007a-49c0-9c36-dad5aa6fa8ba
Tue Jan 27 21:01:00 2026: DISPATCH_HANDLER: Adding handler from function makeHandler in library libxv_system_diagram failed with exception: Could not dynamically load libxv_system_diagram.so
Tue Jan 27 21:01:00 2026: SESSION_MGR: creating session with session uuid: 'cdb4dcc2-216f-46a6-b4ac-8b0b0d9f06b6' and name 'vitis-run_compile_compute_controller'
Tue Jan 27 21:01:00 2026: KERNEL_SVC: creating session with uuid: 'cdb4dcc2-216f-46a6-b4ac-8b0b0d9f06b6' and name 'vitis-run_compile_compute_controller'
Tue Jan 27 21:01:00 2026: GUIDANCE_SMGR: creating guidance session with uuid: 'cdb4dcc2-216f-46a6-b4ac-8b0b0d9f06b6' and name 'vitis-run_compile_compute_controller'
Tue Jan 27 21:01:04 2026: Dispatch Server: Accepted socket connection from client
Tue Jan 27 21:01:04 2026: Starting Socket connection
Tue Jan 27 21:01:14 2026: SESSION_MGR: closing session for UUID 'cdb4dcc2-216f-46a6-b4ac-8b0b0d9f06b6' with name 'vitis-run_compile_compute_controller'
Tue Jan 27 21:01:14 2026: KERNEL_SVC: closing session for UUID 'cdb4dcc2-216f-46a6-b4ac-8b0b0d9f06b6' with name 'vitis-run_compile_compute_controller'
Tue Jan 27 21:01:14 2026: GUIDANCE_SMGR: closing session for UUID 'cdb4dcc2-216f-46a6-b4ac-8b0b0d9f06b6' with name 'vitis-run_compile_compute_controller'
Tue Jan 27 21:01:14 2026: STOP_SERVER received, server token: 28471586-007a-49c0-9c36-dad5aa6fa8ba, passed token: 28471586-007a-49c0-9c36-dad5aa6fa8ba
Tue Jan 27 21:01:14 2026: Socket received request to stop server.
Tue Jan 27 21:01:14 2026: Dispatch Server: do_await_stop
Tue Jan 27 21:01:14 2026: Dispatch Server: stopping mainFifo_
Tue Jan 27 21:01:14 2026: XCD main fifo: Stopping
Tue Jan 27 21:01:14 2026: XCD main fifo: do_read error code: Operation canceled
Tue Jan 27 21:01:14 2026: XCD main fifo: bytes_transferred: 0
Tue Jan 27 21:01:14 2026: SERVER: destructor for server bound to port 42261
Tue Jan 27 21:01:14 2026: XCD main fifo: Good unlink of /tmp/xcdmain28471586-007a-49c0-9c36-dad5aa6fa8ba
Tue Jan 27 21:01:14 2026: Server exiting with status 0.
Tue Jan 27 21:01:14 2026: Closing log file.
Tue Jan 27 21:04:40 2026: Running xcd server. This server was built by gradle.
Tue Jan 27 21:04:40 2026: Server was asked to start on port: '37407'
Tue Jan 27 21:04:40 2026: Server is using token UUID: 'fc917df3-ee41-4d7a-b342-02791540ba0a'
Tue Jan 27 21:04:40 2026: SESSION_MGR: creating session with session uuid: '6d04a3e9-ade5-4ab9-8d63-1f78fcd2ec76' and name 'default'
Tue Jan 27 21:04:40 2026: Attempting to start server on port '37407'
Tue Jan 27 21:04:40 2026: XCD main fifo: created main fifo '/tmp/xcdmainfc917df3-ee41-4d7a-b342-02791540ba0a', fd read = 12
Tue Jan 27 21:04:40 2026: Running Dispatch Server
Tue Jan 27 21:04:40 2026: Version 2.2.0
Tue Jan 27 21:04:41 2026: Dispatch Server: Accepted socket connection from client
Tue Jan 27 21:04:41 2026: Starting Socket connection
Tue Jan 27 21:04:41 2026: EXCHANGE_TOKEN received, server token: fc917df3-ee41-4d7a-b342-02791540ba0a, passed token: fc917df3-ee41-4d7a-b342-02791540ba0a
Tue Jan 27 21:04:41 2026: DISPATCH_HANDLER: Adding handler from function makeHandler in library libxv_system_diagram failed with exception: Could not dynamically load libxv_system_diagram.so
Tue Jan 27 21:04:41 2026: SESSION_MGR: creating session with session uuid: 'a0c1b716-19cd-41de-b8c3-26b8ff8e5c51' and name 'vitis-run_compile_compute_controller'
Tue Jan 27 21:04:41 2026: KERNEL_SVC: creating session with uuid: 'a0c1b716-19cd-41de-b8c3-26b8ff8e5c51' and name 'vitis-run_compile_compute_controller'
Tue Jan 27 21:04:41 2026: GUIDANCE_SMGR: creating guidance session with uuid: 'a0c1b716-19cd-41de-b8c3-26b8ff8e5c51' and name 'vitis-run_compile_compute_controller'
Tue Jan 27 21:04:45 2026: Dispatch Server: Accepted socket connection from client
Tue Jan 27 21:04:45 2026: Starting Socket connection
Tue Jan 27 21:04:54 2026: SESSION_MGR: closing session for UUID 'a0c1b716-19cd-41de-b8c3-26b8ff8e5c51' with name 'vitis-run_compile_compute_controller'
Tue Jan 27 21:04:54 2026: KERNEL_SVC: closing session for UUID 'a0c1b716-19cd-41de-b8c3-26b8ff8e5c51' with name 'vitis-run_compile_compute_controller'
Tue Jan 27 21:04:54 2026: GUIDANCE_SMGR: closing session for UUID 'a0c1b716-19cd-41de-b8c3-26b8ff8e5c51' with name 'vitis-run_compile_compute_controller'
Tue Jan 27 21:04:54 2026: STOP_SERVER received, server token: fc917df3-ee41-4d7a-b342-02791540ba0a, passed token: fc917df3-ee41-4d7a-b342-02791540ba0a
Tue Jan 27 21:04:54 2026: Socket received request to stop server.
Tue Jan 27 21:04:54 2026: Dispatch Server: do_await_stop
Tue Jan 27 21:04:54 2026: Dispatch Server: stopping mainFifo_
Tue Jan 27 21:04:54 2026: XCD main fifo: Stopping
Tue Jan 27 21:04:54 2026: XCD main fifo: do_read error code: Operation canceled
Tue Jan 27 21:04:54 2026: XCD main fifo: bytes_transferred: 0
Tue Jan 27 21:04:54 2026: SERVER: destructor for server bound to port 37407
Tue Jan 27 21:04:54 2026: XCD main fifo: Good unlink of /tmp/xcdmainfc917df3-ee41-4d7a-b342-02791540ba0a
Tue Jan 27 21:04:54 2026: Server exiting with status 0.
Tue Jan 27 21:04:54 2026: Closing log file.
