WARNING: [v++ 60-2507] Dispatch failed to load the system diagram library librdi_system_diagram. Diagrams will not be produced.
  **** HLS Build v2025.1 6135595
INFO: [HLS 200-2005] Using work_dir /home/luka/Scripting/ELEC_498-Capstone-LiteLM/vitis_simulations/Top_Module/Top_Module/transformer_top 
INFO: [HLS 200-2176] Writing Vitis IDE component file /home/luka/Scripting/ELEC_498-Capstone-LiteLM/vitis_simulations/Top_Module/Top_Module/transformer_top/vitis-comp.json
INFO: [HLS 200-10] Creating and opening component '/home/luka/Scripting/ELEC_498-Capstone-LiteLM/vitis_simulations/Top_Module/Top_Module/transformer_top'.
INFO: [HLS 200-1505] Using default flow_target 'vivado'
Resolution: For help on HLS 200-1505 see docs.xilinx.com/access/sources/dita/topic?Doc_Version=2025.1%20English&url=ug1448-hls-guidance&resourceid=200-1505.html
INFO: [HLS 200-2174] Applying component config ini file /home/luka/Scripting/ELEC_498-Capstone-LiteLM/vitis_simulations/Top_Module/Top_Module/hls_config.cfg
INFO: [HLS 200-1465] Applying config ini 'syn.file=/home/luka/Scripting/ELEC_498-Capstone-LiteLM/HLS-Verilog/top_params.hpp' from /home/luka/Scripting/ELEC_498-Capstone-LiteLM/vitis_simulations/Top_Module/Top_Module/hls_config.cfg(8)
INFO: [HLS 200-10] Adding design file '/home/luka/Scripting/ELEC_498-Capstone-LiteLM/HLS-Verilog/top_params.hpp' to the project
INFO: [HLS 200-1465] Applying config ini 'syn.file=/home/luka/Scripting/ELEC_498-Capstone-LiteLM/HLS-Verilog/top.hpp' from /home/luka/Scripting/ELEC_498-Capstone-LiteLM/vitis_simulations/Top_Module/Top_Module/hls_config.cfg(9)
INFO: [HLS 200-10] Adding design file '/home/luka/Scripting/ELEC_498-Capstone-LiteLM/HLS-Verilog/top.hpp' to the project
INFO: [HLS 200-1465] Applying config ini 'syn.file=/home/luka/Scripting/ELEC_498-Capstone-LiteLM/HLS-Verilog/top.cpp' from /home/luka/Scripting/ELEC_498-Capstone-LiteLM/vitis_simulations/Top_Module/Top_Module/hls_config.cfg(10)
INFO: [HLS 200-10] Adding design file '/home/luka/Scripting/ELEC_498-Capstone-LiteLM/HLS-Verilog/top.cpp' to the project
INFO: [HLS 200-1465] Applying config ini 'syn.file=/home/luka/Scripting/ELEC_498-Capstone-LiteLM/HLS-Verilog/Scheduler_FSM/src-hls/Scheduler_FSM.hpp' from /home/luka/Scripting/ELEC_498-Capstone-LiteLM/vitis_simulations/Top_Module/Top_Module/hls_config.cfg(11)
INFO: [HLS 200-10] Adding design file '/home/luka/Scripting/ELEC_498-Capstone-LiteLM/HLS-Verilog/Scheduler_FSM/src-hls/Scheduler_FSM.hpp' to the project
INFO: [HLS 200-1465] Applying config ini 'syn.file=/home/luka/Scripting/ELEC_498-Capstone-LiteLM/HLS-Verilog/Scheduler_FSM/src-hls/Scheduler_FSM.cpp' from /home/luka/Scripting/ELEC_498-Capstone-LiteLM/vitis_simulations/Top_Module/Top_Module/hls_config.cfg(12)
INFO: [HLS 200-10] Adding design file '/home/luka/Scripting/ELEC_498-Capstone-LiteLM/HLS-Verilog/Scheduler_FSM/src-hls/Scheduler_FSM.cpp' to the project
INFO: [HLS 200-1465] Applying config ini 'syn.file=/home/luka/Scripting/ELEC_498-Capstone-LiteLM/HLS-Verilog/Scheduler_FSM/src-hls/Head_Helpers/head_helpers.hpp' from /home/luka/Scripting/ELEC_498-Capstone-LiteLM/vitis_simulations/Top_Module/Top_Module/hls_config.cfg(13)
INFO: [HLS 200-10] Adding design file '/home/luka/Scripting/ELEC_498-Capstone-LiteLM/HLS-Verilog/Scheduler_FSM/src-hls/Head_Helpers/head_helpers.hpp' to the project
INFO: [HLS 200-1465] Applying config ini 'syn.file=/home/luka/Scripting/ELEC_498-Capstone-LiteLM/HLS-Verilog/Scheduler_FSM/src-hls/Head_Helpers/head_helpers.cpp' from /home/luka/Scripting/ELEC_498-Capstone-LiteLM/vitis_simulations/Top_Module/Top_Module/hls_config.cfg(14)
INFO: [HLS 200-10] Adding design file '/home/luka/Scripting/ELEC_498-Capstone-LiteLM/HLS-Verilog/Scheduler_FSM/src-hls/Head_Helpers/head_helpers.cpp' to the project
INFO: [HLS 200-1465] Applying config ini 'syn.file=/home/luka/Scripting/ELEC_498-Capstone-LiteLM/HLS-Verilog/IRQ_Wizard/IRQ_Wizard.hpp' from /home/luka/Scripting/ELEC_498-Capstone-LiteLM/vitis_simulations/Top_Module/Top_Module/hls_config.cfg(15)
INFO: [HLS 200-10] Adding design file '/home/luka/Scripting/ELEC_498-Capstone-LiteLM/HLS-Verilog/IRQ_Wizard/IRQ_Wizard.hpp' to the project
INFO: [HLS 200-1465] Applying config ini 'syn.file=/home/luka/Scripting/ELEC_498-Capstone-LiteLM/HLS-Verilog/IRQ_Wizard/IRQ_Wizard.cpp' from /home/luka/Scripting/ELEC_498-Capstone-LiteLM/vitis_simulations/Top_Module/Top_Module/hls_config.cfg(16)
INFO: [HLS 200-10] Adding design file '/home/luka/Scripting/ELEC_498-Capstone-LiteLM/HLS-Verilog/IRQ_Wizard/IRQ_Wizard.cpp' to the project
INFO: [HLS 200-1465] Applying config ini 'syn.file=/home/luka/Scripting/ELEC_498-Capstone-LiteLM/HLS-Verilog/ControlMemInterface/ControlMemInterface.hpp' from /home/luka/Scripting/ELEC_498-Capstone-LiteLM/vitis_simulations/Top_Module/Top_Module/hls_config.cfg(17)
INFO: [HLS 200-10] Adding design file '/home/luka/Scripting/ELEC_498-Capstone-LiteLM/HLS-Verilog/ControlMemInterface/ControlMemInterface.hpp' to the project
INFO: [HLS 200-1465] Applying config ini 'syn.file=/home/luka/Scripting/ELEC_498-Capstone-LiteLM/HLS-Verilog/ControlMemInterface/ControlMemInterface.cpp' from /home/luka/Scripting/ELEC_498-Capstone-LiteLM/vitis_simulations/Top_Module/Top_Module/hls_config.cfg(18)
INFO: [HLS 200-10] Adding design file '/home/luka/Scripting/ELEC_498-Capstone-LiteLM/HLS-Verilog/ControlMemInterface/ControlMemInterface.cpp' to the project
INFO: [HLS 200-1465] Applying config ini 'tb.file=/home/luka/Scripting/ELEC_498-Capstone-LiteLM/HLS-Verilog/top_DEBUG_tb.cpp' from /home/luka/Scripting/ELEC_498-Capstone-LiteLM/vitis_simulations/Top_Module/Top_Module/hls_config.cfg(19)
INFO: [HLS 200-10] Adding test bench file '/home/luka/Scripting/ELEC_498-Capstone-LiteLM/HLS-Verilog/top_DEBUG_tb.cpp' to the project
INFO: [HLS 200-1465] Applying config ini 'syn.top=transformer_top' from /home/luka/Scripting/ELEC_498-Capstone-LiteLM/vitis_simulations/Top_Module/Top_Module/hls_config.cfg(7)
INFO: [HLS 200-1465] Applying config ini 'flow_target=vivado' from /home/luka/Scripting/ELEC_498-Capstone-LiteLM/vitis_simulations/Top_Module/Top_Module/hls_config.cfg(4)
INFO: [HLS 200-1505] Using flow_target 'vivado'
Resolution: For help on HLS 200-1505 see docs.xilinx.com/access/sources/dita/topic?Doc_Version=2025.1%20English&url=ug1448-hls-guidance&resourceid=200-1505.html
INFO: [HLS 200-1465] Applying config ini 'part=xck26-sfvc784-2LV-c' from /home/luka/Scripting/ELEC_498-Capstone-LiteLM/vitis_simulations/Top_Module/Top_Module/hls_config.cfg(1)
INFO: [HLS 200-1611] Setting target device to 'xck26-sfvc784-2LV-c'
INFO: [HLS 200-1465] Applying config ini 'clock=10ns' from /home/luka/Scripting/ELEC_498-Capstone-LiteLM/vitis_simulations/Top_Module/Top_Module/hls_config.cfg(20)
INFO: [SYN 201-201] Setting up clock 'default' with a period of 10ns.
INFO: [HLS 200-1465] Applying config ini 'package.output.format=ip_catalog' from /home/luka/Scripting/ELEC_498-Capstone-LiteLM/vitis_simulations/Top_Module/Top_Module/hls_config.cfg(5)
INFO: [HLS 200-2176] Writing Vitis IDE component file /home/luka/Scripting/ELEC_498-Capstone-LiteLM/vitis_simulations/Top_Module/Top_Module/transformer_top/vitis-comp.json
INFO: [HLS 200-111] Finished File checks and directory preparation: CPU user time: 3.94 seconds. CPU system time: 0.78 seconds. Elapsed time: 4.75 seconds; current allocated memory: 445.191 MB.
INFO: [HLS 200-10] Analyzing design file '/home/luka/Scripting/ELEC_498-Capstone-LiteLM/HLS-Verilog/ControlMemInterface/ControlMemInterface.cpp' ... 
INFO: [HLS 200-10] Analyzing design file '/home/luka/Scripting/ELEC_498-Capstone-LiteLM/HLS-Verilog/IRQ_Wizard/IRQ_Wizard.cpp' ... 
INFO: [HLS 200-10] Analyzing design file '/home/luka/Scripting/ELEC_498-Capstone-LiteLM/HLS-Verilog/Scheduler_FSM/src-hls/Head_Helpers/head_helpers.cpp' ... 
WARNING: [HLS 207-5292] unused parameter 'ctrl_mem' (/home/luka/Scripting/ELEC_498-Capstone-LiteLM/HLS-Verilog/Scheduler_FSM/src-hls/Head_Helpers/head_helpers.cpp:84:21)
WARNING: [HLS 207-5292] unused parameter 'error' (/home/luka/Scripting/ELEC_498-Capstone-LiteLM/HLS-Verilog/Scheduler_FSM/src-hls/Head_Helpers/head_helpers.cpp:85:11)
INFO: [HLS 200-10] Analyzing design file '/home/luka/Scripting/ELEC_498-Capstone-LiteLM/HLS-Verilog/Scheduler_FSM/src-hls/Scheduler_FSM.cpp' ... 
INFO: [HLS 200-10] Analyzing design file '/home/luka/Scripting/ELEC_498-Capstone-LiteLM/HLS-Verilog/top.cpp' ... 
WARNING: [HLS 207-5292] unused parameter 'dbg_ctrl_mem' (/home/luka/Scripting/ELEC_498-Capstone-LiteLM/HLS-Verilog/top.cpp:60:22)
INFO: [HLS 200-111] Finished Source Code Analysis and Preprocessing: CPU user time: 10.61 seconds. CPU system time: 2.89 seconds. Elapsed time: 13.67 seconds; current allocated memory: 448.074 MB.
INFO: [HLS 200-777] Using interface defaults for 'Vivado' flow target.
INFO: [HLS 200-1995] There were 3,361 instructions in the design after the 'Compile/Link' phase of compilation. See the Design Size Report for more details (/home/luka/Scripting/ELEC_498-Capstone-LiteLM/vitis_simulations/Top_Module/Top_Module/transformer_top/hls/syn/report/csynth_design_size.rpt:2)
INFO: [HLS 200-1995] There were 5,668 instructions in the design after the 'Unroll/Inline (step 1)' phase of compilation. See the Design Size Report for more details (/home/luka/Scripting/ELEC_498-Capstone-LiteLM/vitis_simulations/Top_Module/Top_Module/transformer_top/hls/syn/report/csynth_design_size.rpt:2)
INFO: [HLS 200-1995] There were 4,544 instructions in the design after the 'Unroll/Inline (step 2)' phase of compilation. See the Design Size Report for more details (/home/luka/Scripting/ELEC_498-Capstone-LiteLM/vitis_simulations/Top_Module/Top_Module/transformer_top/hls/syn/report/csynth_design_size.rpt:2)
INFO: [HLS 200-1995] There were 4,507 instructions in the design after the 'Unroll/Inline (step 3)' phase of compilation. See the Design Size Report for more details (/home/luka/Scripting/ELEC_498-Capstone-LiteLM/vitis_simulations/Top_Module/Top_Module/transformer_top/hls/syn/report/csynth_design_size.rpt:2)
INFO: [HLS 200-1995] There were 4,320 instructions in the design after the 'Unroll/Inline (step 4)' phase of compilation. See the Design Size Report for more details (/home/luka/Scripting/ELEC_498-Capstone-LiteLM/vitis_simulations/Top_Module/Top_Module/transformer_top/hls/syn/report/csynth_design_size.rpt:2)
INFO: [HLS 200-1995] There were 5,725 instructions in the design after the 'Array/Struct (step 1)' phase of compilation. See the Design Size Report for more details (/home/luka/Scripting/ELEC_498-Capstone-LiteLM/vitis_simulations/Top_Module/Top_Module/transformer_top/hls/syn/report/csynth_design_size.rpt:2)
INFO: [HLS 200-1995] There were 4,922 instructions in the design after the 'Array/Struct (step 2)' phase of compilation. See the Design Size Report for more details (/home/luka/Scripting/ELEC_498-Capstone-LiteLM/vitis_simulations/Top_Module/Top_Module/transformer_top/hls/syn/report/csynth_design_size.rpt:2)
INFO: [HLS 200-1995] There were 8,870 instructions in the design after the 'Array/Struct (step 3)' phase of compilation. See the Design Size Report for more details (/home/luka/Scripting/ELEC_498-Capstone-LiteLM/vitis_simulations/Top_Module/Top_Module/transformer_top/hls/syn/report/csynth_design_size.rpt:2)
INFO: [HLS 200-1995] There were 6,590 instructions in the design after the 'Array/Struct (step 4)' phase of compilation. See the Design Size Report for more details (/home/luka/Scripting/ELEC_498-Capstone-LiteLM/vitis_simulations/Top_Module/Top_Module/transformer_top/hls/syn/report/csynth_design_size.rpt:2)
INFO: [HLS 200-1995] There were 6,926 instructions in the design after the 'Array/Struct (step 5)' phase of compilation. See the Design Size Report for more details (/home/luka/Scripting/ELEC_498-Capstone-LiteLM/vitis_simulations/Top_Module/Top_Module/transformer_top/hls/syn/report/csynth_design_size.rpt:2)
INFO: [HLS 200-1995] There were 5,006 instructions in the design after the 'Performance (step 1)' phase of compilation. See the Design Size Report for more details (/home/luka/Scripting/ELEC_498-Capstone-LiteLM/vitis_simulations/Top_Module/Top_Module/transformer_top/hls/syn/report/csynth_design_size.rpt:2)
INFO: [HLS 200-1995] There were 5,006 instructions in the design after the 'Performance (step 2)' phase of compilation. See the Design Size Report for more details (/home/luka/Scripting/ELEC_498-Capstone-LiteLM/vitis_simulations/Top_Module/Top_Module/transformer_top/hls/syn/report/csynth_design_size.rpt:2)
INFO: [HLS 200-1995] There were 5,006 instructions in the design after the 'Performance (step 3)' phase of compilation. See the Design Size Report for more details (/home/luka/Scripting/ELEC_498-Capstone-LiteLM/vitis_simulations/Top_Module/Top_Module/transformer_top/hls/syn/report/csynth_design_size.rpt:2)
INFO: [HLS 200-1995] There were 4,214 instructions in the design after the 'Performance (step 4)' phase of compilation. See the Design Size Report for more details (/home/luka/Scripting/ELEC_498-Capstone-LiteLM/vitis_simulations/Top_Module/Top_Module/transformer_top/hls/syn/report/csynth_design_size.rpt:2)
INFO: [HLS 200-1995] There were 4,310 instructions in the design after the 'HW Transforms (step 1)' phase of compilation. See the Design Size Report for more details (/home/luka/Scripting/ELEC_498-Capstone-LiteLM/vitis_simulations/Top_Module/Top_Module/transformer_top/hls/syn/report/csynth_design_size.rpt:2)
INFO: [HLS 200-1995] There were 4,038 instructions in the design after the 'HW Transforms (step 2)' phase of compilation. See the Design Size Report for more details (/home/luka/Scripting/ELEC_498-Capstone-LiteLM/vitis_simulations/Top_Module/Top_Module/transformer_top/hls/syn/report/csynth_design_size.rpt:2)
INFO: [HLS 214-131] Inlining function 'init_mem_space(ControlMemSpace&)' into 'ControlMemInterface(ControlMemSpace&, ControlReg, unsigned int, unsigned int&, bool, bool, bool, bool)' (/home/luka/Scripting/ELEC_498-Capstone-LiteLM/HLS-Verilog/ControlMemInterface/ControlMemInterface.cpp:163:16)
INFO: [HLS 214-131] Inlining function 'ctrl_write(ControlMemSpace&, ControlReg, unsigned int)' into 'ControlMemInterface(ControlMemSpace&, ControlReg, unsigned int, unsigned int&, bool, bool, bool, bool)' (/home/luka/Scripting/ELEC_498-Capstone-LiteLM/HLS-Verilog/ControlMemInterface/ControlMemInterface.cpp:180:9)
INFO: [HLS 214-131] Inlining function 'ctrl_read(ControlMemSpace const&, ControlReg)' into 'ControlMemInterface(ControlMemSpace&, ControlReg, unsigned int, unsigned int&, bool, bool, bool, bool)' (/home/luka/Scripting/ELEC_498-Capstone-LiteLM/HLS-Verilog/ControlMemInterface/ControlMemInterface.cpp:177:20)
INFO: [HLS 214-131] Inlining function 'pack_compute_op(ComputeOp, int, int, int)' into 'init_head_ctx(HeadCtx&, int, int)' (/home/luka/Scripting/ELEC_498-Capstone-LiteLM/HLS-Verilog/Scheduler_FSM/src-hls/Head_Helpers/head_helpers.cpp:27:22)
INFO: [HLS 214-131] Inlining function 'pack_compute_op(ComputeOp, int, int, int)' into 'run_single_head(HeadCtx&, int, bool, ControlMemSpace, bool&)' (/home/luka/Scripting/ELEC_498-Capstone-LiteLM/HLS-Verilog/Scheduler_FSM/src-hls/Head_Helpers/head_helpers.cpp:100:26)
INFO: [HLS 214-131] Inlining function 'unpack_compute_op(unsigned int)' into 'run_single_head(HeadCtx&, int, bool, ControlMemSpace, bool&)' (/home/luka/Scripting/ELEC_498-Capstone-LiteLM/HLS-Verilog/Scheduler_FSM/src-hls/Head_Helpers/head_helpers.cpp:125:35)
INFO: [HLS 214-131] Inlining function 'run_single_head(HeadCtx&, int, bool, ControlMemSpace, bool&)' into 'drive_group_head_phase(HeadCtx (&) [2], int, bool, ControlMemSpace, bool&)' (/home/luka/Scripting/ELEC_498-Capstone-LiteLM/HLS-Verilog/Scheduler_FSM/src-hls/Head_Helpers/head_helpers.cpp:413:36)
INFO: [HLS 214-131] Inlining function 'pack_compute_op(ComputeOp, int, int, int) (.1)' into 'scheduler_hls(ControlMemSpace, bool, bool, bool&, bool, bool, bool&, DmaSel&, int&, int&, int&, bool, bool, HeadCtx (&) [4], bool&, unsigned int&, bool, bool&, bool, bool&, bool&, SchedState&)' (/home/luka/Scripting/ELEC_498-Capstone-LiteLM/HLS-Verilog/Scheduler_FSM/src-hls/Scheduler_FSM.cpp:290:18)
INFO: [HLS 214-131] Inlining function 'ControlMemInterface(ControlMemSpace&, ControlReg, unsigned int, unsigned int&, bool, bool, bool, bool)' into 'transformer_top(bool, bool, bool&, bool, bool, bool&, DmaSel&, int&, int&, int&, bool, bool, bool&, unsigned int&, HeadCtx (&) [4], bool, bool&, bool, ControlReg, unsigned int, unsigned int&, bool, bool, bool, bool, bool&, SchedState&, ControlMemSpace&, unsigned int&, unsigned int&, unsigned int&, unsigned int&, unsigned int&, unsigned int&, unsigned int&, unsigned int&, unsigned int&, unsigned int&, unsigned int&, unsigned int&, unsigned int&, unsigned int&, unsigned int&, bool&, bool&)' (/home/luka/Scripting/ELEC_498-Capstone-LiteLM/HLS-Verilog/top.cpp:112:5)
INFO: [HLS 214-131] Inlining function 'irq_wizard(ControlMemSpace&, bool, bool)' into 'transformer_top(bool, bool, bool&, bool, bool, bool&, DmaSel&, int&, int&, int&, bool, bool, bool&, unsigned int&, HeadCtx (&) [4], bool, bool&, bool, ControlReg, unsigned int, unsigned int&, bool, bool, bool, bool, bool&, SchedState&, ControlMemSpace&, unsigned int&, unsigned int&, unsigned int&, unsigned int&, unsigned int&, unsigned int&, unsigned int&, unsigned int&, unsigned int&, unsigned int&, unsigned int&, unsigned int&, unsigned int&, unsigned int&, unsigned int&, bool&, bool&)' (/home/luka/Scripting/ELEC_498-Capstone-LiteLM/HLS-Verilog/top.cpp:153:14)
INFO: [HLS 214-186] Unrolling loop 'VITIS_LOOP_476_2' (/home/luka/Scripting/ELEC_498-Capstone-LiteLM/HLS-Verilog/Scheduler_FSM/src-hls/Scheduler_FSM.cpp:476:25) in function 'scheduler_hls' completely with a factor of 4 (/home/luka/Scripting/ELEC_498-Capstone-LiteLM/HLS-Verilog/Scheduler_FSM/src-hls/Scheduler_FSM.cpp:87:0)
INFO: [HLS 214-186] Unrolling loop 'VITIS_LOOP_565_4' (/home/luka/Scripting/ELEC_498-Capstone-LiteLM/HLS-Verilog/Scheduler_FSM/src-hls/Scheduler_FSM.cpp:565:25) in function 'scheduler_hls' completely with a factor of 2 (/home/luka/Scripting/ELEC_498-Capstone-LiteLM/HLS-Verilog/Scheduler_FSM/src-hls/Scheduler_FSM.cpp:87:0)
INFO: [HLS 214-186] Unrolling loop 'VITIS_LOOP_549_3' (/home/luka/Scripting/ELEC_498-Capstone-LiteLM/HLS-Verilog/Scheduler_FSM/src-hls/Scheduler_FSM.cpp:549:20) in function 'scheduler_hls' completely with a factor of 2 (/home/luka/Scripting/ELEC_498-Capstone-LiteLM/HLS-Verilog/Scheduler_FSM/src-hls/Scheduler_FSM.cpp:87:0)
INFO: [HLS 214-186] Unrolling loop 'VITIS_LOOP_227_1' (/home/luka/Scripting/ELEC_498-Capstone-LiteLM/HLS-Verilog/Scheduler_FSM/src-hls/Scheduler_FSM.cpp:227:23) in function 'scheduler_hls' completely with a factor of 4 (/home/luka/Scripting/ELEC_498-Capstone-LiteLM/HLS-Verilog/Scheduler_FSM/src-hls/Scheduler_FSM.cpp:87:0)
INFO: [HLS 214-186] Unrolling loop 'VITIS_LOOP_400_1' (/home/luka/Scripting/ELEC_498-Capstone-LiteLM/HLS-Verilog/Scheduler_FSM/src-hls/Head_Helpers/head_helpers.cpp:400:23) in function 'drive_group_head_phase' completely with a factor of 2 (/home/luka/Scripting/ELEC_498-Capstone-LiteLM/HLS-Verilog/Scheduler_FSM/src-hls/Head_Helpers/head_helpers.cpp:395:0)
INFO: [HLS 214-178] Inlining function 'HeadCtx::HeadCtx()' into 'scheduler_hls(ControlMemSpace, bool, bool, bool&, bool, bool, bool&, DmaSel&, int&, int&, int&, bool, bool, HeadCtx (&) [4], bool&, unsigned int&, bool, bool&, bool, bool&, bool&, SchedState&)' (/home/luka/Scripting/ELEC_498-Capstone-LiteLM/HLS-Verilog/Scheduler_FSM/src-hls/Scheduler_FSM.cpp:87:0)
INFO: [HLS 214-178] Inlining function '(anonymous namespace)::is_valid_address(unsigned int)' into 'transformer_top(bool, bool, bool&, bool, bool, bool&, DmaSel&, int&, int&, int&, bool, bool, bool&, unsigned int&, HeadCtx (&) [4], bool, bool&, bool, ControlReg, unsigned int, unsigned int&, bool, bool, bool, bool, bool&, SchedState&, ControlMemSpace&, unsigned int&, unsigned int&, unsigned int&, unsigned int&, unsigned int&, unsigned int&, unsigned int&, unsigned int&, unsigned int&, unsigned int&, unsigned int&, unsigned int&, unsigned int&, unsigned int&, unsigned int&, bool&, bool&)' (/home/luka/Scripting/ELEC_498-Capstone-LiteLM/HLS-Verilog/top.cpp:79:0)
INFO: [HLS 214-178] Inlining function '(anonymous namespace)::evaluate_irq(ControlMemSpace const&)' into 'transformer_top(bool, bool, bool&, bool, bool, bool&, DmaSel&, int&, int&, int&, bool, bool, bool&, unsigned int&, HeadCtx (&) [4], bool, bool&, bool, ControlReg, unsigned int, unsigned int&, bool, bool, bool, bool, bool&, SchedState&, ControlMemSpace&, unsigned int&, unsigned int&, unsigned int&, unsigned int&, unsigned int&, unsigned int&, unsigned int&, unsigned int&, unsigned int&, unsigned int&, unsigned int&, unsigned int&, unsigned int&, unsigned int&, unsigned int&, bool&, bool&)' (/home/luka/Scripting/ELEC_498-Capstone-LiteLM/HLS-Verilog/top.cpp:79:0)
INFO: [HLS 214-248] Applying array_partition to 'head_group.layer_stamp': Complete partitioning on dimension 1. (/home/luka/Scripting/ELEC_498-Capstone-LiteLM/HLS-Verilog/Scheduler_FSM/src-hls/Scheduler_FSM.cpp:545:15)
INFO: [HLS 214-248] Applying array_partition to 'head_group.head_idx': Complete partitioning on dimension 1. (/home/luka/Scripting/ELEC_498-Capstone-LiteLM/HLS-Verilog/Scheduler_FSM/src-hls/Scheduler_FSM.cpp:545:15)
INFO: [HLS 214-248] Applying array_partition to 'head_group.phase': Complete partitioning on dimension 1. (/home/luka/Scripting/ELEC_498-Capstone-LiteLM/HLS-Verilog/Scheduler_FSM/src-hls/Scheduler_FSM.cpp:545:15)
INFO: [HLS 214-248] Applying array_partition to 'head_group.compute_ready': Complete partitioning on dimension 1. (/home/luka/Scripting/ELEC_498-Capstone-LiteLM/HLS-Verilog/Scheduler_FSM/src-hls/Scheduler_FSM.cpp:545:15)
INFO: [HLS 214-248] Applying array_partition to 'head_group.compute_done': Complete partitioning on dimension 1. (/home/luka/Scripting/ELEC_498-Capstone-LiteLM/HLS-Verilog/Scheduler_FSM/src-hls/Scheduler_FSM.cpp:545:15)
INFO: [HLS 214-248] Applying array_partition to 'head_group.compute_start': Complete partitioning on dimension 1. (/home/luka/Scripting/ELEC_498-Capstone-LiteLM/HLS-Verilog/Scheduler_FSM/src-hls/Scheduler_FSM.cpp:545:15)
INFO: [HLS 214-248] Applying array_partition to 'head_group.compute_op': Complete partitioning on dimension 1. (/home/luka/Scripting/ELEC_498-Capstone-LiteLM/HLS-Verilog/Scheduler_FSM/src-hls/Scheduler_FSM.cpp:545:15)
INFO: [HLS 214-248] Applying array_partition to 'head_group.last_compute_op': Complete partitioning on dimension 1. (/home/luka/Scripting/ELEC_498-Capstone-LiteLM/HLS-Verilog/Scheduler_FSM/src-hls/Scheduler_FSM.cpp:545:15)
INFO: [HLS 214-248] Applying array_partition to 'head_group.last_wl_addr': Complete partitioning on dimension 1. (/home/luka/Scripting/ELEC_498-Capstone-LiteLM/HLS-Verilog/Scheduler_FSM/src-hls/Scheduler_FSM.cpp:545:15)
INFO: [HLS 214-248] Applying array_partition to 'head_group.wl_ready': Complete partitioning on dimension 1. (/home/luka/Scripting/ELEC_498-Capstone-LiteLM/HLS-Verilog/Scheduler_FSM/src-hls/Scheduler_FSM.cpp:545:15)
INFO: [HLS 214-248] Applying array_partition to 'head_group.wl_start': Complete partitioning on dimension 1. (/home/luka/Scripting/ELEC_498-Capstone-LiteLM/HLS-Verilog/Scheduler_FSM/src-hls/Scheduler_FSM.cpp:545:15)
INFO: [HLS 214-248] Applying array_partition to 'head_group.wl_addr_sel': Complete partitioning on dimension 1. (/home/luka/Scripting/ELEC_498-Capstone-LiteLM/HLS-Verilog/Scheduler_FSM/src-hls/Scheduler_FSM.cpp:545:15)
INFO: [HLS 214-248] Applying array_partition to 'head_group.wl_layer': Complete partitioning on dimension 1. (/home/luka/Scripting/ELEC_498-Capstone-LiteLM/HLS-Verilog/Scheduler_FSM/src-hls/Scheduler_FSM.cpp:545:15)
INFO: [HLS 214-248] Applying array_partition to 'head_group.wl_head': Complete partitioning on dimension 1. (/home/luka/Scripting/ELEC_498-Capstone-LiteLM/HLS-Verilog/Scheduler_FSM/src-hls/Scheduler_FSM.cpp:545:15)
INFO: [HLS 214-248] Applying array_partition to 'head_group.dma_done': Complete partitioning on dimension 1. (/home/luka/Scripting/ELEC_498-Capstone-LiteLM/HLS-Verilog/Scheduler_FSM/src-hls/Scheduler_FSM.cpp:545:15)
INFO: [HLS 214-248] Applying array_partition to 'head_group.start_head': Complete partitioning on dimension 1. (/home/luka/Scripting/ELEC_498-Capstone-LiteLM/HLS-Verilog/Scheduler_FSM/src-hls/Scheduler_FSM.cpp:545:15)
INFO: [HLS 214-248] Applying array_partition to 'head_group.q_started': Complete partitioning on dimension 1. (/home/luka/Scripting/ELEC_498-Capstone-LiteLM/HLS-Verilog/Scheduler_FSM/src-hls/Scheduler_FSM.cpp:545:15)
INFO: [HLS 214-248] Applying array_partition to 'head_group.k_started': Complete partitioning on dimension 1. (/home/luka/Scripting/ELEC_498-Capstone-LiteLM/HLS-Verilog/Scheduler_FSM/src-hls/Scheduler_FSM.cpp:545:15)
INFO: [HLS 214-248] Applying array_partition to 'head_group.k_requant_started': Complete partitioning on dimension 1. (/home/luka/Scripting/ELEC_498-Capstone-LiteLM/HLS-Verilog/Scheduler_FSM/src-hls/Scheduler_FSM.cpp:545:15)
INFO: [HLS 214-248] Applying array_partition to 'head_group.k_writeback_started': Complete partitioning on dimension 1. (/home/luka/Scripting/ELEC_498-Capstone-LiteLM/HLS-Verilog/Scheduler_FSM/src-hls/Scheduler_FSM.cpp:545:15)
INFO: [HLS 214-248] Applying array_partition to 'head_group.v_started': Complete partitioning on dimension 1. (/home/luka/Scripting/ELEC_498-Capstone-LiteLM/HLS-Verilog/Scheduler_FSM/src-hls/Scheduler_FSM.cpp:545:15)
INFO: [HLS 214-248] Applying array_partition to 'head_group.v_requant_started': Complete partitioning on dimension 1. (/home/luka/Scripting/ELEC_498-Capstone-LiteLM/HLS-Verilog/Scheduler_FSM/src-hls/Scheduler_FSM.cpp:545:15)
INFO: [HLS 214-248] Applying array_partition to 'head_group.v_writeback_started': Complete partitioning on dimension 1. (/home/luka/Scripting/ELEC_498-Capstone-LiteLM/HLS-Verilog/Scheduler_FSM/src-hls/Scheduler_FSM.cpp:545:15)
INFO: [HLS 214-248] Applying array_partition to 'head_group.requant_q_started': Complete partitioning on dimension 1. (/home/luka/Scripting/ELEC_498-Capstone-LiteLM/HLS-Verilog/Scheduler_FSM/src-hls/Scheduler_FSM.cpp:545:15)
INFO: [HLS 214-248] Applying array_partition to 'head_group.att_scores_started': Complete partitioning on dimension 1. (/home/luka/Scripting/ELEC_498-Capstone-LiteLM/HLS-Verilog/Scheduler_FSM/src-hls/Scheduler_FSM.cpp:545:15)
INFO: [HLS 214-248] Applying array_partition to 'head_group.val_scale_started': Complete partitioning on dimension 1. (/home/luka/Scripting/ELEC_498-Capstone-LiteLM/HLS-Verilog/Scheduler_FSM/src-hls/Scheduler_FSM.cpp:545:15)
INFO: [HLS 214-248] Applying array_partition to 'head_group.softmax_started': Complete partitioning on dimension 1. (/home/luka/Scripting/ELEC_498-Capstone-LiteLM/HLS-Verilog/Scheduler_FSM/src-hls/Scheduler_FSM.cpp:545:15)
INFO: [HLS 214-248] Applying array_partition to 'head_group.att_value_started': Complete partitioning on dimension 1. (/home/luka/Scripting/ELEC_498-Capstone-LiteLM/HLS-Verilog/Scheduler_FSM/src-hls/Scheduler_FSM.cpp:545:15)
INFO: [HLS 214-248] Applying array_partition to 'head_group.head_requant_started': Complete partitioning on dimension 1. (/home/luka/Scripting/ELEC_498-Capstone-LiteLM/HLS-Verilog/Scheduler_FSM/src-hls/Scheduler_FSM.cpp:545:15)
INFO: [HLS 214-248] Applying array_partition to 'head_group.q_compute_done': Complete partitioning on dimension 1. (/home/luka/Scripting/ELEC_498-Capstone-LiteLM/HLS-Verilog/Scheduler_FSM/src-hls/Scheduler_FSM.cpp:545:15)
INFO: [HLS 214-248] Applying array_partition to 'head_group.k_compute_done': Complete partitioning on dimension 1. (/home/luka/Scripting/ELEC_498-Capstone-LiteLM/HLS-Verilog/Scheduler_FSM/src-hls/Scheduler_FSM.cpp:545:15)
INFO: [HLS 214-248] Applying array_partition to 'head_group.k_requant_compute_done': Complete partitioning on dimension 1. (/home/luka/Scripting/ELEC_498-Capstone-LiteLM/HLS-Verilog/Scheduler_FSM/src-hls/Scheduler_FSM.cpp:545:15)
INFO: [HLS 214-248] Applying array_partition to 'head_group.v_compute_done': Complete partitioning on dimension 1. (/home/luka/Scripting/ELEC_498-Capstone-LiteLM/HLS-Verilog/Scheduler_FSM/src-hls/Scheduler_FSM.cpp:545:15)
INFO: [HLS 214-248] Applying array_partition to 'head_group.v_requant_compute_done': Complete partitioning on dimension 1. (/home/luka/Scripting/ELEC_498-Capstone-LiteLM/HLS-Verilog/Scheduler_FSM/src-hls/Scheduler_FSM.cpp:545:15)
INFO: [HLS 214-248] Applying array_partition to 'head_group.requant_q_compute_done': Complete partitioning on dimension 1. (/home/luka/Scripting/ELEC_498-Capstone-LiteLM/HLS-Verilog/Scheduler_FSM/src-hls/Scheduler_FSM.cpp:545:15)
INFO: [HLS 214-248] Applying array_partition to 'head_group.att_scores_compute_done': Complete partitioning on dimension 1. (/home/luka/Scripting/ELEC_498-Capstone-LiteLM/HLS-Verilog/Scheduler_FSM/src-hls/Scheduler_FSM.cpp:545:15)
INFO: [HLS 214-248] Applying array_partition to 'head_group.val_scale_compute_done': Complete partitioning on dimension 1. (/home/luka/Scripting/ELEC_498-Capstone-LiteLM/HLS-Verilog/Scheduler_FSM/src-hls/Scheduler_FSM.cpp:545:15)
INFO: [HLS 214-248] Applying array_partition to 'head_group.softmax_compute_done': Complete partitioning on dimension 1. (/home/luka/Scripting/ELEC_498-Capstone-LiteLM/HLS-Verilog/Scheduler_FSM/src-hls/Scheduler_FSM.cpp:545:15)
INFO: [HLS 214-248] Applying array_partition to 'head_group.att_value_compute_done': Complete partitioning on dimension 1. (/home/luka/Scripting/ELEC_498-Capstone-LiteLM/HLS-Verilog/Scheduler_FSM/src-hls/Scheduler_FSM.cpp:545:15)
INFO: [HLS 214-248] Applying array_partition to 'head_group.head_requant_compute_done': Complete partitioning on dimension 1. (/home/luka/Scripting/ELEC_498-Capstone-LiteLM/HLS-Verilog/Scheduler_FSM/src-hls/Scheduler_FSM.cpp:545:15)
INFO: [HLS 214-248] Applying array_partition to 'head_group.q_dma_done': Complete partitioning on dimension 1. (/home/luka/Scripting/ELEC_498-Capstone-LiteLM/HLS-Verilog/Scheduler_FSM/src-hls/Scheduler_FSM.cpp:545:15)
INFO: [HLS 214-248] Applying array_partition to 'head_group.k_dma_done': Complete partitioning on dimension 1. (/home/luka/Scripting/ELEC_498-Capstone-LiteLM/HLS-Verilog/Scheduler_FSM/src-hls/Scheduler_FSM.cpp:545:15)
INFO: [HLS 214-248] Applying array_partition to 'head_group.k_writeback_dma_done': Complete partitioning on dimension 1. (/home/luka/Scripting/ELEC_498-Capstone-LiteLM/HLS-Verilog/Scheduler_FSM/src-hls/Scheduler_FSM.cpp:545:15)
INFO: [HLS 214-248] Applying array_partition to 'head_group.v_dma_done': Complete partitioning on dimension 1. (/home/luka/Scripting/ELEC_498-Capstone-LiteLM/HLS-Verilog/Scheduler_FSM/src-hls/Scheduler_FSM.cpp:545:15)
INFO: [HLS 214-248] Applying array_partition to 'head_group.v_writeback_dma_done': Complete partitioning on dimension 1. (/home/luka/Scripting/ELEC_498-Capstone-LiteLM/HLS-Verilog/Scheduler_FSM/src-hls/Scheduler_FSM.cpp:545:15)
INFO: [HLS 214-248] Applying array_partition to 'head_group.att_scores_dma_done': Complete partitioning on dimension 1. (/home/luka/Scripting/ELEC_498-Capstone-LiteLM/HLS-Verilog/Scheduler_FSM/src-hls/Scheduler_FSM.cpp:545:15)
INFO: [HLS 214-248] Applying array_partition to 'head_group.att_value_dma_done': Complete partitioning on dimension 1. (/home/luka/Scripting/ELEC_498-Capstone-LiteLM/HLS-Verilog/Scheduler_FSM/src-hls/Scheduler_FSM.cpp:545:15)
INFO: [HLS 214-248] Applying array_partition to 'head_ctx_ref': Complete partitioning on dimension 1. (/home/luka/Scripting/ELEC_498-Capstone-LiteLM/HLS-Verilog/top.cpp:79:0)
INFO: [HLS 214-241] Aggregating scalar variable 'dbg_ctrl_mem' with compact=bit mode in 1056-bits (/home/luka/Scripting/ELEC_498-Capstone-LiteLM/HLS-Verilog/top.cpp:79:0)
INFO: [HLS 214-241] Aggregating scalar variable 'head_ctx_ref_3' with compact=bit mode in 254-bits (/home/luka/Scripting/ELEC_498-Capstone-LiteLM/HLS-Verilog/top.cpp:79:0)
INFO: [HLS 214-241] Aggregating scalar variable 'head_ctx_ref_2' with compact=bit mode in 254-bits (/home/luka/Scripting/ELEC_498-Capstone-LiteLM/HLS-Verilog/top.cpp:79:0)
INFO: [HLS 214-241] Aggregating scalar variable 'head_ctx_ref_1' with compact=bit mode in 254-bits (/home/luka/Scripting/ELEC_498-Capstone-LiteLM/HLS-Verilog/top.cpp:79:0)
INFO: [HLS 214-241] Aggregating scalar variable 'head_ctx_ref_0' with compact=bit mode in 254-bits (/home/luka/Scripting/ELEC_498-Capstone-LiteLM/HLS-Verilog/top.cpp:79:0)
INFO: [HLS 214-376] automatically set the pipeline for Loop< unknown> at /home/luka/Scripting/ELEC_498-Capstone-LiteLM/HLS-Verilog/Scheduler_FSM/src-hls/Scheduler_FSM.cpp:545:15 
INFO: [HLS 200-111] Finished Compiling Optimization and Transform: CPU user time: 5.99 seconds. CPU system time: 0.66 seconds. Elapsed time: 7.46 seconds; current allocated memory: 450.992 MB.
INFO: [HLS 200-111] Finished Checking Pragmas: CPU user time: 0 seconds. CPU system time: 0 seconds. Elapsed time: 0 seconds; current allocated memory: 450.992 MB.
INFO: [HLS 200-10] Starting code transformations ...
INFO: [HLS 200-111] Finished Standard Transforms: CPU user time: 0.16 seconds. CPU system time: 0.01 seconds. Elapsed time: 0.2 seconds; current allocated memory: 454.777 MB.
INFO: [HLS 200-10] Checking synthesizability ...
INFO: [XFORM 203-602] Inlining function 'init_head_ctx.1' into 'scheduler_hls' (/home/luka/Scripting/ELEC_498-Capstone-LiteLM/HLS-Verilog/Scheduler_FSM/src-hls/Scheduler_FSM.cpp:229) automatically.
INFO: [HLS 200-111] Finished Checking Synthesizability: CPU user time: 0.21 seconds. CPU system time: 0 seconds. Elapsed time: 0.22 seconds; current allocated memory: 459.016 MB.
INFO: [XFORM 203-602] Inlining function 'init_head_ctx.1' into 'scheduler_hls' (/home/luka/Scripting/ELEC_498-Capstone-LiteLM/HLS-Verilog/Scheduler_FSM/src-hls/Scheduler_FSM.cpp:229) automatically.
INFO: [XFORM 203-401] Performing if-conversion on hyperblock from (/home/luka/Scripting/ELEC_498-Capstone-LiteLM/HLS-Verilog/IRQ_Wizard/IRQ_Wizard.cpp:20:9) in function 'transformer_top'... converting 3 basic blocks.
INFO: [XFORM 203-401] Performing if-conversion on hyperblock from (/home/luka/Scripting/ELEC_498-Capstone-LiteLM/HLS-Verilog/Scheduler_FSM/src-hls/Scheduler_FSM.cpp:545:15) to (/home/luka/Scripting/ELEC_498-Capstone-LiteLM/HLS-Verilog/Scheduler_FSM/src-hls/Scheduler_FSM.cpp:545:15) in function 'scheduler_hls'... converting 3 basic blocks.
INFO: [XFORM 203-401] Performing if-conversion on hyperblock from (/home/luka/Scripting/ELEC_498-Capstone-LiteLM/HLS-Verilog/Scheduler_FSM/src-hls/Scheduler_FSM.cpp:40:21) to (/home/luka/Scripting/ELEC_498-Capstone-LiteLM/HLS-Verilog/Scheduler_FSM/src-hls/Scheduler_FSM.cpp:321:7) in function 'scheduler_hls'... converting 5 basic blocks.
INFO: [XFORM 203-401] Performing if-conversion on hyperblock from (/home/luka/Scripting/ELEC_498-Capstone-LiteLM/HLS-Verilog/Scheduler_FSM/src-hls/Scheduler_FSM.cpp:327:21) to (/home/luka/Scripting/ELEC_498-Capstone-LiteLM/HLS-Verilog/Scheduler_FSM/src-hls/Scheduler_FSM.cpp:354:20) in function 'scheduler_hls'... converting 18 basic blocks.
INFO: [XFORM 203-401] Performing if-conversion on hyperblock from (/home/luka/Scripting/ELEC_498-Capstone-LiteLM/HLS-Verilog/Scheduler_FSM/src-hls/Scheduler_FSM.cpp:562:11) to (/home/luka/Scripting/ELEC_498-Capstone-LiteLM/HLS-Verilog/Scheduler_FSM/src-hls/Scheduler_FSM.cpp:582:13) in function 'scheduler_hls'... converting 21 basic blocks.
INFO: [XFORM 203-401] Performing if-conversion on hyperblock from (/home/luka/Scripting/ELEC_498-Capstone-LiteLM/HLS-Verilog/Scheduler_FSM/src-hls/Head_Helpers/head_helpers.cpp:93:23) to (/home/luka/Scripting/ELEC_498-Capstone-LiteLM/HLS-Verilog/Scheduler_FSM/src-hls/Head_Helpers/head_helpers.cpp:140:5) in function 'drive_group_head_phase'... converting 11 basic blocks.
INFO: [XFORM 203-401] Performing if-conversion on hyperblock from (/home/luka/Scripting/ELEC_498-Capstone-LiteLM/HLS-Verilog/Scheduler_FSM/src-hls/Head_Helpers/head_helpers.cpp:93:23) to (/home/luka/Scripting/ELEC_498-Capstone-LiteLM/HLS-Verilog/Scheduler_FSM/src-hls/Head_Helpers/head_helpers.cpp:140:5) in function 'drive_group_head_phase'... converting 11 basic blocks.
INFO: [XFORM 203-602] Inlining function 'init_head_ctx' into 'drive_group_head_phase' (/home/luka/Scripting/ELEC_498-Capstone-LiteLM/HLS-Verilog/Scheduler_FSM/src-hls/Head_Helpers/head_helpers.cpp:91->/home/luka/Scripting/ELEC_498-Capstone-LiteLM/HLS-Verilog/Scheduler_FSM/src-hls/Head_Helpers/head_helpers.cpp:413) automatically.
INFO: [XFORM 203-602] Inlining function 'init_head_ctx' into 'scheduler_hls' (/home/luka/Scripting/ELEC_498-Capstone-LiteLM/HLS-Verilog/Scheduler_FSM/src-hls/Scheduler_FSM.cpp:555) automatically.
INFO: [XFORM 203-11] Balancing expressions in function 'scheduler_hls' (/home/luka/Scripting/ELEC_498-Capstone-LiteLM/HLS-Verilog/Scheduler_FSM/src-hls/Scheduler_FSM.cpp:55)...18 expression(s) balanced.
INFO: [HLS 200-111] Finished Loop, function and other optimizations: CPU user time: 0.77 seconds. CPU system time: 0.02 seconds. Elapsed time: 0.78 seconds; current allocated memory: 487.309 MB.
INFO: [HLS 200-111] Finished Architecture Synthesis: CPU user time: 0.59 seconds. CPU system time: 0.02 seconds. Elapsed time: 0.63 seconds; current allocated memory: 527.656 MB.
INFO: [HLS 200-10] Starting hardware synthesis ...
INFO: [HLS 200-10] Synthesizing 'transformer_top' ...
INFO: [HLS 200-10] ----------------------------------------------------------------
INFO: [HLS 200-42] -- Implementing module 'drive_group_head_phase' 
INFO: [HLS 200-10] ----------------------------------------------------------------
INFO: [SCHED 204-11] Starting scheduling ...
INFO: [SCHED 204-11] Finished scheduling.
INFO: [HLS 200-111] Finished Scheduling: CPU user time: 2.39 seconds. CPU system time: 0.05 seconds. Elapsed time: 2.44 seconds; current allocated memory: 554.867 MB.
INFO: [BIND 205-100] Starting micro-architecture generation ...
INFO: [BIND 205-101] Performing variable lifetime analysis.
INFO: [BIND 205-101] Exploring resource sharing.
INFO: [BIND 205-101] Binding ...
INFO: [BIND 205-100] Finished micro-architecture generation.
INFO: [HLS 200-111] Finished Binding: CPU user time: 0.36 seconds. CPU system time: 0.01 seconds. Elapsed time: 0.38 seconds; current allocated memory: 570.871 MB.
INFO: [HLS 200-10] ----------------------------------------------------------------
INFO: [HLS 200-42] -- Implementing module 'scheduler_hls' 
INFO: [HLS 200-10] ----------------------------------------------------------------
INFO: [SCHED 204-11] Starting scheduling ...
INFO: [SCHED 204-11] Finished scheduling.
INFO: [HLS 200-111] Finished Scheduling: CPU user time: 1.75 seconds. CPU system time: 0.03 seconds. Elapsed time: 1.78 seconds; current allocated memory: 590.902 MB.
INFO: [BIND 205-100] Starting micro-architecture generation ...
INFO: [BIND 205-101] Performing variable lifetime analysis.
INFO: [BIND 205-101] Exploring resource sharing.
INFO: [BIND 205-101] Binding ...
