WARNING: [vitis-run 60-2507] Dispatch failed to load the system diagram library librdi_system_diagram. Diagrams will not be produced.
  **** HLS Build v2025.1 6135595
INFO: [HLS 200-2005] Using work_dir /home/luka/Scripting/ELEC_498-Capstone-LiteLM/vitis_simulations/Top_Module/Top_Module/transformer_top 
INFO: [HLS 200-2176] Writing Vitis IDE component file /home/luka/Scripting/ELEC_498-Capstone-LiteLM/vitis_simulations/Top_Module/Top_Module/transformer_top/vitis-comp.json
INFO: [HLS 200-10] Creating and opening component '/home/luka/Scripting/ELEC_498-Capstone-LiteLM/vitis_simulations/Top_Module/Top_Module/transformer_top'.
INFO: [HLS 200-1505] Using default flow_target 'vivado'
Resolution: For help on HLS 200-1505 see docs.xilinx.com/access/sources/dita/topic?Doc_Version=2025.1%20English&url=ug1448-hls-guidance&resourceid=200-1505.html
INFO: [HLS 200-2174] Applying component config ini file /home/luka/Scripting/ELEC_498-Capstone-LiteLM/vitis_simulations/Top_Module/Top_Module/hls_config.cfg
INFO: [HLS 200-1465] Applying config ini 'syn.file=/home/luka/Scripting/ELEC_498-Capstone-LiteLM/HLS-Verilog/top_params.hpp' from /home/luka/Scripting/ELEC_498-Capstone-LiteLM/vitis_simulations/Top_Module/Top_Module/hls_config.cfg(8)
INFO: [HLS 200-10] Adding design file '/home/luka/Scripting/ELEC_498-Capstone-LiteLM/HLS-Verilog/top_params.hpp' to the project
INFO: [HLS 200-1465] Applying config ini 'syn.file=/home/luka/Scripting/ELEC_498-Capstone-LiteLM/HLS-Verilog/top.hpp' from /home/luka/Scripting/ELEC_498-Capstone-LiteLM/vitis_simulations/Top_Module/Top_Module/hls_config.cfg(9)
INFO: [HLS 200-10] Adding design file '/home/luka/Scripting/ELEC_498-Capstone-LiteLM/HLS-Verilog/top.hpp' to the project
INFO: [HLS 200-1465] Applying config ini 'syn.file=/home/luka/Scripting/ELEC_498-Capstone-LiteLM/HLS-Verilog/top.cpp' from /home/luka/Scripting/ELEC_498-Capstone-LiteLM/vitis_simulations/Top_Module/Top_Module/hls_config.cfg(10)
INFO: [HLS 200-10] Adding design file '/home/luka/Scripting/ELEC_498-Capstone-LiteLM/HLS-Verilog/top.cpp' to the project
INFO: [HLS 200-1465] Applying config ini 'syn.file=/home/luka/Scripting/ELEC_498-Capstone-LiteLM/HLS-Verilog/Scheduler_FSM/src-hls/Scheduler_FSM.hpp' from /home/luka/Scripting/ELEC_498-Capstone-LiteLM/vitis_simulations/Top_Module/Top_Module/hls_config.cfg(11)
INFO: [HLS 200-10] Adding design file '/home/luka/Scripting/ELEC_498-Capstone-LiteLM/HLS-Verilog/Scheduler_FSM/src-hls/Scheduler_FSM.hpp' to the project
INFO: [HLS 200-1465] Applying config ini 'syn.file=/home/luka/Scripting/ELEC_498-Capstone-LiteLM/HLS-Verilog/Scheduler_FSM/src-hls/Scheduler_FSM.cpp' from /home/luka/Scripting/ELEC_498-Capstone-LiteLM/vitis_simulations/Top_Module/Top_Module/hls_config.cfg(12)
INFO: [HLS 200-10] Adding design file '/home/luka/Scripting/ELEC_498-Capstone-LiteLM/HLS-Verilog/Scheduler_FSM/src-hls/Scheduler_FSM.cpp' to the project
INFO: [HLS 200-1465] Applying config ini 'syn.file=/home/luka/Scripting/ELEC_498-Capstone-LiteLM/HLS-Verilog/Scheduler_FSM/src-hls/Head_Helpers/head_helpers.hpp' from /home/luka/Scripting/ELEC_498-Capstone-LiteLM/vitis_simulations/Top_Module/Top_Module/hls_config.cfg(13)
INFO: [HLS 200-10] Adding design file '/home/luka/Scripting/ELEC_498-Capstone-LiteLM/HLS-Verilog/Scheduler_FSM/src-hls/Head_Helpers/head_helpers.hpp' to the project
INFO: [HLS 200-1465] Applying config ini 'syn.file=/home/luka/Scripting/ELEC_498-Capstone-LiteLM/HLS-Verilog/Scheduler_FSM/src-hls/Head_Helpers/head_helpers.cpp' from /home/luka/Scripting/ELEC_498-Capstone-LiteLM/vitis_simulations/Top_Module/Top_Module/hls_config.cfg(14)
INFO: [HLS 200-10] Adding design file '/home/luka/Scripting/ELEC_498-Capstone-LiteLM/HLS-Verilog/Scheduler_FSM/src-hls/Head_Helpers/head_helpers.cpp' to the project
INFO: [HLS 200-1465] Applying config ini 'syn.file=/home/luka/Scripting/ELEC_498-Capstone-LiteLM/HLS-Verilog/IRQ_Wizard/IRQ_Wizard.hpp' from /home/luka/Scripting/ELEC_498-Capstone-LiteLM/vitis_simulations/Top_Module/Top_Module/hls_config.cfg(15)
INFO: [HLS 200-10] Adding design file '/home/luka/Scripting/ELEC_498-Capstone-LiteLM/HLS-Verilog/IRQ_Wizard/IRQ_Wizard.hpp' to the project
INFO: [HLS 200-1465] Applying config ini 'syn.file=/home/luka/Scripting/ELEC_498-Capstone-LiteLM/HLS-Verilog/IRQ_Wizard/IRQ_Wizard.cpp' from /home/luka/Scripting/ELEC_498-Capstone-LiteLM/vitis_simulations/Top_Module/Top_Module/hls_config.cfg(16)
INFO: [HLS 200-10] Adding design file '/home/luka/Scripting/ELEC_498-Capstone-LiteLM/HLS-Verilog/IRQ_Wizard/IRQ_Wizard.cpp' to the project
INFO: [HLS 200-1465] Applying config ini 'syn.file=/home/luka/Scripting/ELEC_498-Capstone-LiteLM/HLS-Verilog/ControlMemInterface/ControlMemInterface.hpp' from /home/luka/Scripting/ELEC_498-Capstone-LiteLM/vitis_simulations/Top_Module/Top_Module/hls_config.cfg(17)
INFO: [HLS 200-10] Adding design file '/home/luka/Scripting/ELEC_498-Capstone-LiteLM/HLS-Verilog/ControlMemInterface/ControlMemInterface.hpp' to the project
INFO: [HLS 200-1465] Applying config ini 'syn.file=/home/luka/Scripting/ELEC_498-Capstone-LiteLM/HLS-Verilog/ControlMemInterface/ControlMemInterface.cpp' from /home/luka/Scripting/ELEC_498-Capstone-LiteLM/vitis_simulations/Top_Module/Top_Module/hls_config.cfg(18)
INFO: [HLS 200-10] Adding design file '/home/luka/Scripting/ELEC_498-Capstone-LiteLM/HLS-Verilog/ControlMemInterface/ControlMemInterface.cpp' to the project
INFO: [HLS 200-1465] Applying config ini 'syn.file=/home/luka/Scripting/ELEC_498-Capstone-LiteLM/HLS-Verilog/Transformer_logic/src-hls/compute_controller.hpp' from /home/luka/Scripting/ELEC_498-Capstone-LiteLM/vitis_simulations/Top_Module/Top_Module/hls_config.cfg(19)
INFO: [HLS 200-10] Adding design file '/home/luka/Scripting/ELEC_498-Capstone-LiteLM/HLS-Verilog/Transformer_logic/src-hls/compute_controller.hpp' to the project
INFO: [HLS 200-1465] Applying config ini 'syn.file=/home/luka/Scripting/ELEC_498-Capstone-LiteLM/HLS-Verilog/Transformer_logic/src-hls/compute_controller.cpp' from /home/luka/Scripting/ELEC_498-Capstone-LiteLM/vitis_simulations/Top_Module/Top_Module/hls_config.cfg(20)
INFO: [HLS 200-10] Adding design file '/home/luka/Scripting/ELEC_498-Capstone-LiteLM/HLS-Verilog/Transformer_logic/src-hls/compute_controller.cpp' to the project
INFO: [HLS 200-1465] Applying config ini 'tb.file=/home/luka/Scripting/ELEC_498-Capstone-LiteLM/HLS-Verilog/top_DEBUG_tb.cpp' from /home/luka/Scripting/ELEC_498-Capstone-LiteLM/vitis_simulations/Top_Module/Top_Module/hls_config.cfg(21)
INFO: [HLS 200-10] Adding test bench file '/home/luka/Scripting/ELEC_498-Capstone-LiteLM/HLS-Verilog/top_DEBUG_tb.cpp' to the project
INFO: [HLS 200-1465] Applying config ini 'syn.top=transformer_top' from /home/luka/Scripting/ELEC_498-Capstone-LiteLM/vitis_simulations/Top_Module/Top_Module/hls_config.cfg(7)
INFO: [HLS 200-1465] Applying config ini 'flow_target=vivado' from /home/luka/Scripting/ELEC_498-Capstone-LiteLM/vitis_simulations/Top_Module/Top_Module/hls_config.cfg(4)
INFO: [HLS 200-1505] Using flow_target 'vivado'
Resolution: For help on HLS 200-1505 see docs.xilinx.com/access/sources/dita/topic?Doc_Version=2025.1%20English&url=ug1448-hls-guidance&resourceid=200-1505.html
INFO: [HLS 200-1465] Applying config ini 'part=xck26-sfvc784-2LV-c' from /home/luka/Scripting/ELEC_498-Capstone-LiteLM/vitis_simulations/Top_Module/Top_Module/hls_config.cfg(1)
INFO: [HLS 200-1611] Setting target device to 'xck26-sfvc784-2LV-c'
INFO: [HLS 200-1465] Applying config ini 'clock=10ns' from /home/luka/Scripting/ELEC_498-Capstone-LiteLM/vitis_simulations/Top_Module/Top_Module/hls_config.cfg(22)
INFO: [SYN 201-201] Setting up clock 'default' with a period of 10ns.
INFO: [HLS 200-1465] Applying config ini 'package.output.format=ip_catalog' from /home/luka/Scripting/ELEC_498-Capstone-LiteLM/vitis_simulations/Top_Module/Top_Module/hls_config.cfg(5)
INFO: [HLS 200-2176] Writing Vitis IDE component file /home/luka/Scripting/ELEC_498-Capstone-LiteLM/vitis_simulations/Top_Module/Top_Module/transformer_top/vitis-comp.json
INFO: [SIM 211-2] *************** CSIM start ***************
INFO: [SIM 211-4] CSIM will launch CLANG as the compiler.
INFO: [HLS 200-2036] Building debug C Simulation binaries
   Compiling ../../../../../../../HLS-Verilog/top_DEBUG_tb.cpp in debug mode
   Generating csim.exe
Cycle    Start  Reset  CtrlR  WlInstr    DbgSt  ReqInstr   C_St   CompInstr  C_Rdy  C_Dn   DbgState  
0        0      0      -      0xFFFF0000 0      0x00000000 -      0xFFFF0000 1      -      S_IDLE    
1        0      0      1      0xFFFF0000 0      0x00000000 -      0x00000000 1      -      S_IDLE    
2        0      1      -      0xFFFF0000 0      0x00000000 -      0x00000000 1      -      S_IDLE    
3        0      1      -      0xFFFF0000 0      0x00000000 -      0x00000000 1      -      S_IDLE    
4        0      1      -      0xFFFF0000 0      0x00000000 -      0x00000000 1      -      S_IDLE    
5        0      1      -      0xFFFF0000 0      0x00000000 -      0x00000000 1      -      S_IDLE    
6        0      1      -      0xFFFF0000 0      0x00000000 -      0x00000000 1      -      S_IDLE    
7        0      1      -      0xFFFF0000 0      0x00000000 -      0x00000000 1      -      S_IDLE    
8        0      1      -      0xFFFF0000 0      0x00000000 -      0x00000000 1      -      S_IDLE    
9        0      1      -      0xFFFF0000 0      0x00000000 -      0x00000000 1      -      S_IDLE    
10       0      1      -      0xFFFF0000 0      0x00000000 -      0x00000000 1      -      S_IDLE    
11       0      1      -      0xFFFF0000 0      0x00000000 -      0x00000000 1      -      S_IDLE    
12       0      1      -      0xFFFF0000 0      0x00000000 -      0x00000000 1      -      S_IDLE    
13       0      1      -      0xFFFF0000 0      0x00000000 -      0x00000000 1      -      S_IDLE    
14       0      1      -      0xFFFF0000 0      0x00000000 -      0x00000000 1      -      S_IDLE    
15       0      1      -      0xFFFF0000 0      0x00000000 -      0x00000000 1      -      S_IDLE    
16       0      1      -      0xFFFF0000 0      0x00000000 -      0x00000000 1      -      S_IDLE    
17       0      1      -      0xFFFF0000 0      0x00000000 -      0x00000000 1      -      S_IDLE    
18       0      1      -      0xFFFF0000 0      0x00000000 -      0x00000000 1      -      S_IDLE    
19       0      1      -      0xFFFF0000 0      0x00000000 -      0x00000000 1      -      S_IDLE    
20       0      1      -      0xFFFF0000 0      0x00000000 -      0x00000000 1      -      S_IDLE    
21       0      1      -      0xFFFF0000 0      0x00000000 -      0x00000000 1      -      S_IDLE    
22       0      1      -      0xFFFF0000 0      0x00000000 -      0x00000000 1      -      S_IDLE    
23       0      1      -      0xFFFF0000 0      0x00000000 -      0x00000000 1      -      S_IDLE    
24       0      1      -      0xFFFF0000 0      0x00000000 -      0x00000000 1      -      S_IDLE    
25       0      1      -      0xFFFF0000 0      0x00000000 -      0x00000000 1      -      S_IDLE    
26       0      1      -      0xFFFF0000 0      0x00000000 -      0x00000000 1      -      S_IDLE    
27       0      1      -      0xFFFF0000 0      0x00000000 -      0x00000000 1      -      S_IDLE    
28       0      1      -      0xFFFF0000 0      0x00000000 -      0x00000000 1      -      S_IDLE    
29       0      1      -      0xFFFF0000 0      0x00000000 -      0x00000000 1      -      S_IDLE    
30       0      1      -      0xFFFF0000 0      0x00000000 -      0x00000000 1      -      S_IDLE    
31       0      1      -      0xFFFF0000 0      0x00000000 -      0x00000000 1      -      S_IDLE    
32       0      1      -      0xFFFF0000 0      0x00000000 -      0x00000000 1      -      S_IDLE    
33       0      1      -      0xFFFF0000 0      0x00000000 -      0x00000000 1      -      S_IDLE    
34       0      1      -      0xFFFF0000 0      0x00000000 -      0x00000000 1      -      S_IDLE    
35       0      1      -      0xFFFF0000 0      0x00000000 -      0x00000000 1      -      S_IDLE    
36       0      1      -      0xFFFF0000 0      0x00000000 -      0x00000000 1      -      S_IDLE    
37       0      1      -      0xFFFF0000 0      0x00000000 -      0x00000000 1      -      S_IDLE    
38       1      1      -      0xFFFF0000 0      0x00000000 -      0xFFFF0000 1      -      S_STREAM_IN
39       1      1      -      0xFFFF0000 0      0x00000000 -      0xFFFF0000 1      -      S_STREAM_IN
40       0      1      -      0xFFFF0000 0      0x00000000 -      0xFFFF0000 1      -      S_STREAM_IN
41       0      1      -      0xFFFF0000 0      0x00000000 -      0xFFFF0000 1      -      S_STREAM_IN
42       0      1      -      0xFFFF0000 0      0x00000000 -      0xFFFF0000 1      -      S_LAYER_COUNT
43       0      1      -      0xFFFF0000 0      0x00000000 -      0xFFFF0000 1      -      S_LN_0    
44       0      1      -      0xFFFF0000 1      0xFFFF0001 1      0xFFFF0001 1      -      S_LN_0    
45       0      1      -      0xFFFF0000 2      0xFFFF0001 1      0xFFFF0001 -      -      S_LN_0    
46       0      1      -      0xFFFF0000 2      0xFFFF0001 -      0xFFFF0000 -      -      S_LN_0    
47       0      1      -      0xFFFF0000 2      0xFFFF0001 -      0xFFFF0000 -      -      S_LN_0    
48       0      1      -      0xFFFF0000 2      0xFFFF0001 -      0xFFFF0000 -      -      S_LN_0    
49       0      1      -      0xFFFF0000 2      0xFFFF0001 -      0xFFFF0000 -      -      S_LN_0    
50       0      1      -      0xFFFF0000 2      0xFFFF0001 -      0xFFFF0000 -      -      S_LN_0    
51       0      1      -      0xFFFF0000 3      0xFFFF0001 -      0xFFFF0000 -      -      S_LN_0    
ln_cycle[0] normalized: 0.102783 0x0000034a (signed=842)
ln_cycle[0] scaled: 0.102783 0x0000034a (signed=842)
ln_cycle[0] y_raw: 842 0x0000034a
ln_cycle[1] normalized: 0.205566 0x00000694 (signed=1684)
ln_cycle[1] scaled: 0.205566 0x00000694 (signed=1684)
ln_cycle[1] y_raw: 1684 0x00000694
ln_cycle[2] normalized: 0.308350 0x000009de (signed=2526)
ln_cycle[2] scaled: 0.308350 0x000009de (signed=2526)
ln_cycle[2] y_raw: 2526 0x000009de
ln_cycle[3] normalized: 0.411133 0x00000d28 (signed=3368)
ln_cycle[3] scaled: 0.411133 0x00000d28 (signed=3368)
ln_cycle[3] y_raw: 3368 0x00000d28
ln_cycle[4] normalized: 0.513916 0x00001072 (signed=4210)
ln_cycle[4] scaled: 0.513916 0x00001072 (signed=4210)
ln_cycle[4] y_raw: 4210 0x00001072
ln_cycle[5] normalized: 0.616699 0x000013bc (signed=5052)
ln_cycle[5] scaled: 0.616699 0x000013bc (signed=5052)
ln_cycle[5] y_raw: 5052 0x000013bc
ln_cycle[6] normalized: 0.719482 0x00001706 (signed=5894)
ln_cycle[6] scaled: 0.719482 0x00001706 (signed=5894)
ln_cycle[6] y_raw: 5894 0x00001706
ln_cycle[7] normalized: 0.822266 0x00001a50 (signed=6736)
ln_cycle[7] scaled: 0.822266 0x00001a50 (signed=6736)
ln_cycle[7] y_raw: 6736 0x00001a50
ln_cycle[8] normalized: 0.925049 0x00001d9a (signed=7578)
ln_cycle[8] scaled: 0.925049 0x00001d9a (signed=7578)
ln_cycle[8] y_raw: 7578 0x00001d9a
ln_cycle[9] normalized: 1.027832 0x000020e4 (signed=8420)
ln_cycle[9] scaled: 1.027832 0x000020e4 (signed=8420)
ln_cycle[9] y_raw: 8420 0x000020e4
ln_cycle[10] normalized: 1.130615 0x0000242e (signed=9262)
ln_cycle[10] scaled: 1.130615 0x0000242e (signed=9262)
ln_cycle[10] y_raw: 9262 0x0000242e
ln_cycle[11] normalized: 1.233398 0x00002778 (signed=10104)
ln_cycle[11] scaled: 1.233398 0x00002778 (signed=10104)
ln_cycle[11] y_raw: 10104 0x00002778
ln_cycle[12] normalized: 1.336182 0x00002ac2 (signed=10946)
ln_cycle[12] scaled: 1.336182 0x00002ac2 (signed=10946)
ln_cycle[12] y_raw: 10946 0x00002ac2
ln_cycle[13] normalized: 1.438965 0x00002e0c (signed=11788)
ln_cycle[13] scaled: 1.438965 0x00002e0c (signed=11788)
ln_cycle[13] y_raw: 11788 0x00002e0c
ln_cycle[14] normalized: 1.541748 0x00003156 (signed=12630)
ln_cycle[14] scaled: 1.541748 0x00003156 (signed=12630)
ln_cycle[14] y_raw: 12630 0x00003156
ln_cycle[15] normalized: 1.644531 0x000034a0 (signed=13472)
ln_cycle[15] scaled: 1.644531 0x000034a0 (signed=13472)
ln_cycle[15] y_raw: 13472 0x000034a0
52       0      1      -      0xFFFF0000 4      0xFFFF0001 -      0xFFFF0000 -      -      S_LN_0    
53       0      1      -      0xFFFF0000 4      0xFFFF0001 -      0xFFFF0000 -      -      S_LN_0    
54       0      1      -      0xFFFF0000 4      0xFFFF0001 -      0xFFFF0000 -      -      S_LN_0    
55       0      1      -      0xFFFF0000 4      0xFFFF0001 -      0xFFFF0000 -      -      S_LN_0    
56       0      1      -      0xFFFF0000 4      0xFFFF0001 -      0xFFFF0000 -      -      S_LN_0    
57       0      1      -      0xFFFF0000 4      0xFFFF0001 -      0xFFFF0000 -      -      S_LN_0    
58       0      1      -      0xFFFF0000 5      0xFFFF0001 -      0xFFFF0000 -      -      S_LN_0    
59       0      1      -      0xFFFF0000 0      0x00000000 -      0xFFFF0000 -      1      S_LN_0    
60       0      1      -      0xFFFF0000 0      0x00000000 -      0xFFFF0000 1      -      S_RQ1     
61       0      1      -      0xFFFF0000 1      0xFFFF0002 1      0xFFFF0002 1      -      S_RQ1     
62       0      1      -      0xFFFF0000 2      0xFFFF0002 1      0xFFFF0002 -      -      S_RQ1     
63       0      1      -      0xFFFF0000 2      0xFFFF0002 -      0xFFFF0000 -      -      S_RQ1     
64       0      1      -      0xFFFF0000 2      0xFFFF0002 -      0xFFFF0000 -      -      S_RQ1     
65       0      1      -      0xFFFF0000 2      0xFFFF0002 -      0xFFFF0000 -      -      S_RQ1     
66       0      1      -      0xFFFF0000 2      0xFFFF0002 -      0xFFFF0000 -      -      S_RQ1     
67       0      1      -      0xFFFF0000 2      0xFFFF0002 -      0xFFFF0000 -      -      S_RQ1     
68       0      1      -      0xFFFF0000 3      0xFFFF0002 -      0xFFFF0000 -      -      S_RQ1     
69       0      1      -      0xFFFF0000 4      0xFFFF0002 -      0xFFFF0000 -      -      S_RQ1     
70       0      1      -      0xFFFF0000 4      0xFFFF0002 -      0xFFFF0000 -      -      S_RQ1     
71       0      1      -      0xFFFF0000 4      0xFFFF0002 -      0xFFFF0000 -      -      S_RQ1     
72       0      1      -      0xFFFF0000 4      0xFFFF0002 -      0xFFFF0000 -      -      S_RQ1     
73       0      1      -      0xFFFF0000 4      0xFFFF0002 -      0xFFFF0000 -      -      S_RQ1     
74       0      1      -      0xFFFF0000 4      0xFFFF0002 -      0xFFFF0000 -      -      S_RQ1     
75       0      1      -      0xFFFF0000 5      0xFFFF0002 -      0xFFFF0000 -      -      S_RQ1     
76       0      1      -      0xFFFF0000 0      0x00000000 -      0xFFFF0000 -      1      S_RQ1     
77       0      1      -      0xFFFF0000 0      0x00000000 -      0xFFFF0000 1      -      S_ATT_HEADS
78       0      1      -      0xFFFF0000 0      0x00000000 -      0xFFFF0000 1      -      S_ATT_HEADS
79       0      1      -      0xFFFF0000 0      0x00000000 -      0xFFFF0000 1      -      S_ATT_HEADS
80       0      1      -      0xFFFF0000 0      0x00000000 -      0xFFFF0000 1      -      S_ATT_HEADS
81       0      1      -      0xFFFF0000 0      0x00000000 -      0xFFFF0000 1      -      S_ATT_HEADS
82       0      1      -      0xFFFF0000 0      0x00000000 -      0xFFFF0000 1      -      S_ATT_HEADS
83       0      1      -      0xFFFF0000 0      0x00000000 -      0xFFFF0000 1      -      S_ATT_HEADS
84       0      1      -      0xFFFF0000 0      0x00000000 -      0xFFFF0000 1      -      S_ATT_HEADS
85       0      1      -      0xFFFF0000 0      0x00000000 -      0xFFFF0000 1      -      S_ATT_HEADS
86       0      1      -      0xFFFF0000 0      0x00000000 -      0xFFFF0000 1      -      S_ATT_HEADS
87       0      1      -      0xFFFF0000 0      0x00000000 -      0xFFFF0000 1      -      S_ATT_HEADS
88       0      1      -      0xFFFF0000 0      0x00000000 -      0xFFFF0000 1      -      S_ATT_HEADS
89       0      1      -      0xFFFF0000 0      0x00000000 -      0xFFFF0000 1      -      S_ATT_HEADS
90       0      1      -      0xFFFF0000 0      0x00000000 -      0xFFFF0000 1      -      S_ATT_HEADS
91       0      1      -      0xFFFF0000 0      0x00000000 -      0xFFFF0000 1      -      S_ATT_HEADS
92       0      1      -      0xFFFF0000 0      0x00000000 -      0xFFFF0000 1      -      S_ATT_HEADS
93       0      1      -      0xFFFF0000 0      0x00000000 -      0xFFFF0000 1      -      S_ATT_HEADS
94       0      1      -      0xFFFF0000 0      0x00000000 -      0xFFFF0000 1      -      S_ATT_HEADS
95       0      1      -      0xFFFF0000 0      0x00000000 -      0xFFFF0000 1      -      S_ATT_HEADS
96       0      1      -      0xFFFF0000 0      0x00000000 -      0xFFFF0000 1      -      S_ATT_HEADS
97       0      1      -      0xFFFF0000 0      0x00000000 -      0xFFFF0000 1      -      S_ATT_HEADS
98       0      1      -      0xFFFF0000 0      0x00000000 -      0xFFFF0000 1      -      S_ATT_HEADS
99       0      1      -      0xFFFF0000 0      0x00000000 -      0xFFFF0000 1      -      S_ATT_HEADS
100      0      1      -      0xFFFF0000 0      0x00000000 -      0xFFFF0000 1      -      S_ATT_HEADS
101      0      1      -      0xFFFF0000 0      0x00000000 -      0xFFFF0000 1      -      S_ATT_HEADS
102      0      1      -      0xFFFF0000 0      0x00000000 -      0xFFFF0000 1      -      S_ATT_HEADS
103      0      1      -      0xFFFF0000 0      0x00000000 -      0xFFFF0000 1      -      S_ATT_HEADS
104      0      1      -      0xFFFF0000 0      0x00000000 -      0xFFFF0000 1      -      S_ATT_HEADS
105      0      1      -      0xFFFF0000 0      0x00000000 -      0xFFFF0000 1      -      S_ATT_HEADS
106      0      1      -      0xFFFF0000 0      0x00000000 -      0xFFFF0000 1      -      S_ATT_HEADS
107      0      1      -      0xFFFF0000 0      0x00000000 -      0xFFFF0000 1      -      S_ATT_HEADS
108      0      1      -      0xFFFF0000 0      0x00000000 -      0xFFFF0000 1      -      S_ATT_HEADS
109      0      1      -      0xFFFF0000 0      0x00000000 -      0xFFFF0000 1      -      S_ATT_HEADS
110      0      1      -      0xFFFF0000 0      0x00000000 -      0xFFFF0000 1      -      S_ATT_HEADS
111      0      1      -      0xFFFF0000 0      0x00000000 -      0xFFFF0000 1      -      S_ATT_HEADS
112      0      1      -      0xFFFF0000 0      0x00000000 -      0xFFFF0000 1      -      S_ATT_HEADS
113      0      1      -      0xFFFF0000 0      0x00000000 -      0xFFFF0000 1      -      S_ATT_HEADS
114      0      1      -      0xFFFF0000 0      0x00000000 -      0xFFFF0000 1      -      S_ATT_HEADS
115      0      1      -      0xFFFF0000 0      0x00000000 -      0xFFFF0000 1      -      S_ATT_HEADS
116      0      1      -      0xFFFF0000 0      0x00000000 -      0xFFFF0000 1      -      S_ATT_HEADS
117      0      1      -      0xFFFF0000 0      0x00000000 -      0xFFFF0000 1      -      S_ATT_HEADS
118      0      1      -      0xFFFF0000 0      0x00000000 -      0xFFFF0000 1      -      S_ATT_HEADS
119      0      1      -      0xFFFF0000 0      0x00000000 -      0xFFFF0000 1      -      S_ATT_HEADS
120      0      1      -      0xFFFF0000 0      0x00000000 -      0xFFFF0000 1      -      S_ATT_HEADS
121      0      1      -      0xFFFF0000 0      0x00000000 -      0xFFFF0000 1      -      S_ATT_HEADS
122      0      1      -      0xFFFF0000 0      0x00000000 -      0xFFFF0000 1      -      S_ATT_HEADS
123      0      1      -      0xFFFF0000 0      0x00000000 -      0xFFFF0000 1      -      S_ATT_HEADS
124      0      1      -      0xFFFF0000 0      0x00000000 -      0xFFFF0000 1      -      S_ATT_HEADS
125      0      1      -      0xFFFF0000 0      0x00000000 -      0xFFFF0000 1      -      S_ATT_HEADS
126      0      1      -      0xFFFF0000 0      0x00000000 -      0xFFFF0000 1      -      S_ATT_HEADS
127      0      1      -      0xFFFF0000 0      0x00000000 -      0xFFFF0000 1      -      S_ATT_HEADS
128      0      1      -      0xFFFF0000 0      0x00000000 -      0xFFFF0000 1      -      S_ATT_HEADS
129      0      1      -      0xFFFF0000 0      0x00000000 -      0xFFFF0000 1      -      S_ATT_HEADS
130      0      1      -      0xFFFF0000 0      0x00000000 -      0xFFFF0000 1      -      S_ATT_HEADS
131      0      1      -      0xFFFF0000 0      0x00000000 -      0xFFFF0000 1      -      S_ATT_HEADS
132      0      1      -      0xFFFF0000 0      0x00000000 -      0xFFFF0000 1      -      S_ATT_HEADS
133      0      1      -      0xFFFF0000 0      0x00000000 -      0xFFFF0000 1      -      S_ATT_HEADS
134      0      1      -      0xFFFF0000 0      0x00000000 -      0xFFFF0000 1      -      S_ATT_HEADS
135      0      1      -      0xFFFF0000 0      0x00000000 -      0xFFFF0000 1      -      S_ATT_HEADS
136      0      1      -      0xFFFF0000 0      0x00000000 -      0xFFFF0000 1      -      S_ATT_HEADS
137      0      1      -      0xFFFF0000 0      0x00000000 -      0xFFFF0000 1      -      S_ATT_HEADS
138      0      1      -      0xFFFF0000 0      0x00000000 -      0xFFFF0000 1      -      S_ATT_HEADS
139      0      1      -      0xFFFF0000 0      0x00000000 -      0xFFFF0000 1      -      S_ATT_HEADS
140      0      1      -      0xFFFF0000 0      0x00000000 -      0xFFFF0000 1      -      S_ATT_HEADS
141      0      1      -      0xFFFF0000 0      0x00000000 -      0xFFFF0000 1      -      S_ATT_HEADS
142      0      1      -      0xFFFF0000 0      0x00000000 -      0xFFFF0000 1      -      S_ATT_HEADS
143      0      1      -      0xFFFF0000 0      0x00000000 -      0xFFFF0000 1      -      S_ATT_HEADS
144      0      1      -      0xFFFF0000 0      0x00000000 -      0xFFFF0000 1      -      S_ATT_HEADS
145      0      1      -      0xFFFF0000 0      0x00000000 -      0xFFFF0000 1      -      S_ATT_HEADS
146      0      1      -      0xFFFF0000 0      0x00000000 -      0xFFFF0000 1      -      S_ATT_HEADS
147      0      1      -      0xFFFF0000 0      0x00000000 -      0xFFFF0000 1      -      S_ATT_HEADS
148      0      1      -      0xFFFF0000 0      0x00000000 -      0xFFFF0000 1      -      S_ATT_HEADS
149      0      1      -      0xFFFF0000 0      0x00000000 -      0xFFFF0000 1      -      S_ATT_HEADS
150      0      1      -      0xFFFF0000 0      0x00000000 -      0xFFFF0000 1      -      S_ATT_HEADS
151      0      1      -      0xFFFF0000 0      0x00000000 -      0xFFFF0000 1      -      S_ATT_HEADS
152      0      1      -      0xFFFF0000 0      0x00000000 -      0xFFFF0000 1      -      S_ATT_HEADS
153      0      1      -      0xFFFF0000 0      0x00000000 -      0xFFFF0000 1      -      S_ATT_HEADS
154      0      1      -      0xFFFF0000 0      0x00000000 -      0xFFFF0000 1      -      S_ATT_HEADS
155      0      1      -      0xFFFF0000 0      0x00000000 -      0xFFFF0000 1      -      S_ATT_HEADS
156      0      1      -      0xFFFF0000 0      0x00000000 -      0xFFFF0000 1      -      S_ATT_HEADS
157      0      1      -      0xFFFF0000 0      0x00000000 -      0xFFFF0000 1      -      S_ATT_HEADS
158      0      1      -      0xFFFF0000 0      0x00000000 -      0xFFFF0000 1      -      S_ATT_HEADS
159      0      1      -      0xFFFF0000 0      0x00000000 -      0xFFFF0000 1      -      S_ATT_HEADS
160      0      1      -      0xFFFF0000 0      0x00000000 -      0xFFFF0000 1      -      S_ATT_HEADS
161      0      1      -      0xFFFF0000 0      0x00000000 -      0xFFFF0000 1      -      S_ATT_HEADS
162      0      1      -      0xFFFF0000 0      0x00000000 -      0xFFFF0000 1      -      S_ATT_HEADS
163      0      1      -      0xFFFF0000 0      0x00000000 -      0xFFFF0000 1      -      S_ATT_HEADS
164      0      1      -      0xFFFF0000 0      0x00000000 -      0xFFFF0000 1      -      S_ATT_HEADS
165      0      1      -      0xFFFF0000 0      0x00000000 -      0xFFFF0000 1      -      S_ATT_HEADS
166      0      1      -      0xFFFF0000 0      0x00000000 -      0xFFFF0000 1      -      S_ATT_HEADS
167      0      1      -      0xFFFF0000 0      0x00000000 -      0xFFFF0000 1      -      S_ATT_HEADS
168      0      1      -      0xFFFF0000 0      0x00000000 -      0xFFFF0000 1      -      S_ATT_HEADS
169      0      1      -      0xFFFF0000 0      0x00000000 -      0xFFFF0000 1      -      S_ATT_HEADS
170      0      1      -      0xFFFF0000 0      0x00000000 -      0xFFFF0000 1      -      S_ATT_HEADS
171      0      1      -      0xFFFF0000 0      0x00000000 -      0xFFFF0000 1      -      S_ATT_HEADS
172      0      1      -      0xFFFF0000 0      0x00000000 -      0xFFFF0000 1      -      S_ATT_HEADS
173      0      1      -      0xFFFF0000 0      0x00000000 -      0xFFFF0000 1      -      S_ATT_HEADS
174      0      1      -      0xFFFF0000 0      0x00000000 -      0xFFFF0000 1      -      S_ATT_HEADS
175      0      1      -      0xFFFF0000 0      0x00000000 -      0xFFFF0000 1      -      S_ATT_HEADS
176      0      1      -      0xFFFF0000 0      0x00000000 -      0xFFFF0000 1      -      S_ATT_HEADS
177      0      1      -      0xFFFF0000 0      0x00000000 -      0xFFFF0000 1      -      S_ATT_HEADS
178      0      1      -      0xFFFF0000 0      0x00000000 -      0xFFFF0000 1      -      S_ATT_HEADS
179      0      1      -      0xFFFF0000 0      0x00000000 -      0xFFFF0000 1      -      S_ATT_HEADS
180      0      1      -      0xFFFF0000 0      0x00000000 -      0xFFFF0000 1      -      S_ATT_HEADS
181      0      1      -      0xFFFF0000 0      0x00000000 -      0xFFFF0000 1      -      S_ATT_HEADS
182      0      1      -      0xFFFF0000 0      0x00000000 -      0xFFFF0000 1      -      S_ATT_HEADS
183      0      1      -      0xFFFF0000 0      0x00000000 -      0xFFFF0000 1      -      S_ATT_HEADS
184      0      1      -      0xFFFF0000 0      0x00000000 -      0xFFFF0000 1      -      S_ATT_HEADS
185      0      1      -      0xFFFF0000 0      0x00000000 -      0xFFFF0000 1      -      S_ATT_HEADS
186      0      1      -      0xFFFF0000 0      0x00000000 -      0xFFFF0000 1      -      S_ATT_HEADS
187      0      1      -      0xFFFF0000 0      0x00000000 -      0xFFFF0000 1      -      S_ATT_HEADS
188      0      1      -      0xFFFF0000 0      0x00000000 -      0xFFFF0000 1      -      S_ATT_HEADS
189      0      1      -      0xFFFF0000 0      0x00000000 -      0xFFFF0000 1      -      S_ATT_HEADS
190      0      1      -      0xFFFF0000 0      0x00000000 -      0xFFFF0000 1      -      S_ATT_HEADS
191      0      1      -      0xFFFF0000 0      0x00000000 -      0xFFFF0000 1      -      S_ATT_HEADS
192      0      1      -      0xFFFF0000 0      0x00000000 -      0xFFFF0000 1      -      S_ATT_HEADS
193      0      1      -      0xFFFF0000 0      0x00000000 -      0xFFFF0000 1      -      S_ATT_HEADS
194      0      1      -      0xFFFF0000 0      0x00000000 -      0xFFFF0000 1      -      S_ATT_HEADS
195      0      1      -      0xFFFF0000 0      0x00000000 -      0xFFFF0000 1      -      S_ATT_HEADS
196      0      1      -      0xFFFF0000 0      0x00000000 -      0xFFFF0000 1      -      S_ATT_HEADS
197      0      1      -      0xFFFF0000 0      0x00000000 -      0xFFFF0000 1      -      S_ATT_HEADS
198      0      1      -      0xFFFF0000 0      0x00000000 -      0xFFFF0000 1      -      S_ATT_HEADS
199      0      1      -      0xFFFF0000 0      0x00000000 -      0xFFFF0000 1      -      S_ATT_HEADS
200      0      1      -      0xFFFF0000 0      0x00000000 -      0xFFFF0000 1      -      S_ATT_HEADS
201      0      1      -      0xFFFF0000 0      0x00000000 -      0xFFFF0000 1      -      S_ATT_HEADS
202      0      1      -      0xFFFF0000 0      0x00000000 -      0xFFFF0000 1      -      S_ATT_HEADS
203      0      1      -      0xFFFF0000 0      0x00000000 -      0xFFFF0000 1      -      S_ATT_HEADS
204      0      1      -      0xFFFF0000 0      0x00000000 -      0xFFFF0000 1      -      S_ATT_HEADS
205      0      1      -      0xFFFF0000 0      0x00000000 -      0xFFFF0000 1      -      S_ATT_HEADS
206      0      1      -      0xFFFF0000 0      0x00000000 -      0xFFFF0000 1      -      S_ATT_HEADS
207      0      1      -      0xFFFF0000 0      0x00000000 -      0xFFFF0000 1      -      S_ATT_HEADS
208      0      1      -      0xFFFF0000 0      0x00000000 -      0xFFFF0000 1      -      S_ATT_HEADS
209      0      1      -      0xFFFF0000 0      0x00000000 -      0xFFFF0000 1      -      S_ATT_HEADS
210      0      1      -      0xFFFF0000 0      0x00000000 -      0xFFFF0000 1      -      S_ATT_HEADS
211      0      1      -      0xFFFF0000 0      0x00000000 -      0xFFFF0000 1      -      S_ATT_HEADS
212      0      1      -      0xFFFF0000 0      0x00000000 -      0xFFFF0000 1      -      S_ATT_HEADS
213      0      1      -      0xFFFF0000 0      0x00000000 -      0xFFFF0000 1      -      S_HEAD_CONCAT
214      0      1      -      0xFFFF0000 1      0xFFFF000E 1      0xFFFF000E 1      -      S_HEAD_CONCAT
215      0      1      -      0xFFFF0000 5      0xFFFF000E 1      0xFFFF000E -      -      S_HEAD_CONCAT
216      0      1      -      0xFFFF0000 0      0x00000000 -      0xFFFF0000 -      1      S_HEAD_CONCAT
217      0      1      -      0xFFFF0000 0      0x00000000 -      0xFFFF0000 1      -      S_OUT_PROJ
218      0      1      -      0x00FF0008 0      0x00000000 -      0xFFFF0000 1      -      S_OUT_PROJ
219      0      1      -      0xFFFF0000 0      0x00000000 -      0xFFFF0000 1      -      S_OUT_PROJ
220      0      1      -      0xFFFF0000 0      0x00000000 -      0xFFFF0000 1      -      S_OUT_PROJ
221      0      1      -      0xFFFF0000 0      0x00000000 -      0xFFFF0000 1      -      S_OUT_PROJ
222      0      1      -      0xFFFF0000 1      0x00FF000F 1      0x00FF000F 1      -      S_OUT_PROJ
223      0      1      -      0xFFFF0000 2      0x00FF000F 1      0x00FF000F -      -      S_OUT_PROJ
224      0      1      -      0xFFFF0000 2      0x00FF000F -      0xFFFF0000 -      -      S_OUT_PROJ
225      0      1      -      0xFFFF0000 2      0x00FF000F -      0xFFFF0000 -      -      S_OUT_PROJ
226      0      1      -      0xFFFF0000 2      0x00FF000F -      0xFFFF0000 -      -      S_OUT_PROJ
227      0      1      -      0xFFFF0000 2      0x00FF000F -      0xFFFF0000 -      -      S_OUT_PROJ
228      0      1      -      0xFFFF0000 2      0x00FF000F -      0xFFFF0000 -      -      S_OUT_PROJ
229      0      1      -      0xFFFF0000 3      0x00FF000F -      0xFFFF0000 -      -      S_OUT_PROJ
230      0      1      -      0xFFFF0000 3      0x00FF000F -      0xFFFF0000 -      -      S_OUT_PROJ
231      0      1      -      0xFFFF0000 3      0x00FF000F -      0xFFFF0000 -      -      S_OUT_PROJ
232      0      1      -      0xFFFF0000 4      0x00FF000F -      0xFFFF0000 -      -      S_OUT_PROJ
233      0      1      -      0xFFFF0000 4      0x00FF000F -      0xFFFF0000 -      -      S_OUT_PROJ
234      0      1      -      0xFFFF0000 4      0x00FF000F -      0xFFFF0000 -      -      S_OUT_PROJ
235      0      1      -      0xFFFF0000 4      0x00FF000F -      0xFFFF0000 -      -      S_OUT_PROJ
236      0      1      -      0xFFFF0000 4      0x00FF000F -      0xFFFF0000 -      -      S_OUT_PROJ
237      0      1      -      0xFFFF0000 4      0x00FF000F -      0xFFFF0000 -      -      S_OUT_PROJ
238      0      1      -      0xFFFF0000 5      0x00FF000F -      0xFFFF0000 -      -      S_OUT_PROJ
239      0      1      -      0xFFFF0000 0      0x00000000 -      0xFFFF0000 -      1      S_OUT_PROJ
240      0      1      -      0xFFFF0000 0      0x00000000 -      0xFFFF0000 1      -      S_OUT_PROJ
241      0      1      -      0x01FF0008 0      0x00000000 -      0xFFFF0000 1      -      S_OUT_PROJ
242      0      1      -      0xFFFF0000 0      0x00000000 -      0xFFFF0000 1      -      S_OUT_PROJ
243      0      1      -      0xFFFF0000 0      0x00000000 -      0xFFFF0000 1      -      S_OUT_PROJ
244      0      1      -      0xFFFF0000 0      0x00000000 -      0xFFFF0000 1      -      S_OUT_PROJ
245      0      1      -      0xFFFF0000 1      0x01FF000F 1      0x01FF000F 1      -      S_OUT_PROJ
246      0      1      -      0xFFFF0000 2      0x01FF000F 1      0x01FF000F -      -      S_OUT_PROJ
247      0      1      -      0xFFFF0000 2      0x01FF000F -      0xFFFF0000 -      -      S_OUT_PROJ
248      0      1      -      0xFFFF0000 2      0x01FF000F -      0xFFFF0000 -      -      S_OUT_PROJ
249      0      1      -      0xFFFF0000 2      0x01FF000F -      0xFFFF0000 -      -      S_OUT_PROJ
250      0      1      -      0xFFFF0000 2      0x01FF000F -      0xFFFF0000 -      -      S_OUT_PROJ
251      0      1      -      0xFFFF0000 2      0x01FF000F -      0xFFFF0000 -      -      S_OUT_PROJ
252      0      1      -      0xFFFF0000 3      0x01FF000F -      0xFFFF0000 -      -      S_OUT_PROJ
253      0      1      -      0xFFFF0000 3      0x01FF000F -      0xFFFF0000 -      -      S_OUT_PROJ
254      0      1      -      0xFFFF0000 3      0x01FF000F -      0xFFFF0000 -      -      S_OUT_PROJ
255      0      1      -      0xFFFF0000 4      0x01FF000F -      0xFFFF0000 -      -      S_OUT_PROJ
256      0      1      -      0xFFFF0000 4      0x01FF000F -      0xFFFF0000 -      -      S_OUT_PROJ
257      0      1      -      0xFFFF0000 4      0x01FF000F -      0xFFFF0000 -      -      S_OUT_PROJ
258      0      1      -      0xFFFF0000 4      0x01FF000F -      0xFFFF0000 -      -      S_OUT_PROJ
259      0      1      -      0xFFFF0000 4      0x01FF000F -      0xFFFF0000 -      -      S_OUT_PROJ
260      0      1      -      0xFFFF0000 4      0x01FF000F -      0xFFFF0000 -      -      S_OUT_PROJ
261      0      1      -      0xFFFF0000 5      0x01FF000F -      0xFFFF0000 -      -      S_OUT_PROJ
262      0      1      -      0xFFFF0000 0      0x00000000 -      0xFFFF0000 -      1      S_OUT_PROJ
263      0      1      -      0xFFFF0000 0      0x00000000 -      0xFFFF0000 1      -      S_OUT_PROJ
264      0      1      -      0x02FF0008 0      0x00000000 -      0xFFFF0000 1      -      S_OUT_PROJ
265      0      1      -      0xFFFF0000 0      0x00000000 -      0xFFFF0000 1      -      S_OUT_PROJ
266      0      1      -      0xFFFF0000 0      0x00000000 -      0xFFFF0000 1      -      S_OUT_PROJ
267      0      1      -      0xFFFF0000 0      0x00000000 -      0xFFFF0000 1      -      S_OUT_PROJ
268      0      1      -      0xFFFF0000 1      0x02FF000F 1      0x02FF000F 1      -      S_OUT_PROJ
269      0      1      -      0xFFFF0000 2      0x02FF000F 1      0x02FF000F -      -      S_OUT_PROJ
270      0      1      -      0xFFFF0000 2      0x02FF000F -      0xFFFF0000 -      -      S_OUT_PROJ
271      0      1      -      0xFFFF0000 2      0x02FF000F -      0xFFFF0000 -      -      S_OUT_PROJ
272      0      1      -      0xFFFF0000 2      0x02FF000F -      0xFFFF0000 -      -      S_OUT_PROJ
273      0      1      -      0xFFFF0000 2      0x02FF000F -      0xFFFF0000 -      -      S_OUT_PROJ
274      0      1      -      0xFFFF0000 2      0x02FF000F -      0xFFFF0000 -      -      S_OUT_PROJ
275      0      1      -      0xFFFF0000 3      0x02FF000F -      0xFFFF0000 -      -      S_OUT_PROJ
276      0      1      -      0xFFFF0000 3      0x02FF000F -      0xFFFF0000 -      -      S_OUT_PROJ
277      0      1      -      0xFFFF0000 3      0x02FF000F -      0xFFFF0000 -      -      S_OUT_PROJ
278      0      1      -      0xFFFF0000 4      0x02FF000F -      0xFFFF0000 -      -      S_OUT_PROJ
279      0      1      -      0xFFFF0000 4      0x02FF000F -      0xFFFF0000 -      -      S_OUT_PROJ
280      0      1      -      0xFFFF0000 4      0x02FF000F -      0xFFFF0000 -      -      S_OUT_PROJ
281      0      1      -      0xFFFF0000 4      0x02FF000F -      0xFFFF0000 -      -      S_OUT_PROJ
282      0      1      -      0xFFFF0000 4      0x02FF000F -      0xFFFF0000 -      -      S_OUT_PROJ
283      0      1      -      0xFFFF0000 4      0x02FF000F -      0xFFFF0000 -      -      S_OUT_PROJ
284      0      1      -      0xFFFF0000 5      0x02FF000F -      0xFFFF0000 -      -      S_OUT_PROJ
285      0      1      -      0xFFFF0000 0      0x00000000 -      0xFFFF0000 -      1      S_OUT_PROJ
286      0      1      -      0xFFFF0000 0      0x00000000 -      0xFFFF0000 1      -      S_OUT_PROJ
287      0      1      -      0x03FF0008 0      0x00000000 -      0xFFFF0000 1      -      S_OUT_PROJ
288      0      1      -      0xFFFF0000 0      0x00000000 -      0xFFFF0000 1      -      S_OUT_PROJ
289      0      1      -      0xFFFF0000 0      0x00000000 -      0xFFFF0000 1      -      S_OUT_PROJ
290      0      1      -      0xFFFF0000 0      0x00000000 -      0xFFFF0000 1      -      S_OUT_PROJ
291      0      1      -      0xFFFF0000 1      0x03FF000F 1      0x03FF000F 1      -      S_OUT_PROJ
292      0      1      -      0xFFFF0000 2      0x03FF000F 1      0x03FF000F -      -      S_OUT_PROJ
293      0      1      -      0xFFFF0000 2      0x03FF000F -      0xFFFF0000 -      -      S_OUT_PROJ
294      0      1      -      0xFFFF0000 2      0x03FF000F -      0xFFFF0000 -      -      S_OUT_PROJ
295      0      1      -      0xFFFF0000 2      0x03FF000F -      0xFFFF0000 -      -      S_OUT_PROJ
296      0      1      -      0xFFFF0000 2      0x03FF000F -      0xFFFF0000 -      -      S_OUT_PROJ
297      0      1      -      0xFFFF0000 2      0x03FF000F -      0xFFFF0000 -      -      S_OUT_PROJ
298      0      1      -      0xFFFF0000 3      0x03FF000F -      0xFFFF0000 -      -      S_OUT_PROJ
299      0      1      -      0xFFFF0000 3      0x03FF000F -      0xFFFF0000 -      -      S_OUT_PROJ
300      0      1      -      0xFFFF0000 3      0x03FF000F -      0xFFFF0000 -      -      S_OUT_PROJ
301      0      1      -      0xFFFF0000 4      0x03FF000F -      0xFFFF0000 -      -      S_OUT_PROJ
302      0      1      -      0xFFFF0000 4      0x03FF000F -      0xFFFF0000 -      -      S_OUT_PROJ
303      0      1      -      0xFFFF0000 4      0x03FF000F -      0xFFFF0000 -      -      S_OUT_PROJ
304      0      1      -      0xFFFF0000 4      0x03FF000F -      0xFFFF0000 -      -      S_OUT_PROJ
305      0      1      -      0xFFFF0000 4      0x03FF000F -      0xFFFF0000 -      -      S_OUT_PROJ
306      0      1      -      0xFFFF0000 4      0x03FF000F -      0xFFFF0000 -      -      S_OUT_PROJ
307      0      1      -      0xFFFF0000 5      0x03FF000F -      0xFFFF0000 -      -      S_OUT_PROJ
308      0      1      -      0xFFFF0000 0      0x00000000 -      0xFFFF0000 -      1      S_OUT_PROJ
309      0      1      -      0xFFFF0000 0      0x00000000 -      0xFFFF0000 1      -      S_OUT_PROJ
310      0      1      -      0xFFFF0000 0      0x00000000 -      0xFFFF0000 1      -      S_RQ2     
311      0      1      -      0xFFFF0000 1      0xFFFF0011 1      0xFFFF0011 1      -      S_RQ2     
312      0      1      -      0xFFFF0000 2      0xFFFF0011 1      0xFFFF0011 -      -      S_RQ2     
313      0      1      -      0xFFFF0000 2      0xFFFF0011 -      0xFFFF0000 -      -      S_RQ2     
314      0      1      -      0xFFFF0000 2      0xFFFF0011 -      0xFFFF0000 -      -      S_RQ2     
315      0      1      -      0xFFFF0000 2      0xFFFF0011 -      0xFFFF0000 -      -      S_RQ2     
316      0      1      -      0xFFFF0000 2      0xFFFF0011 -      0xFFFF0000 -      -      S_RQ2     
317      0      1      -      0xFFFF0000 2      0xFFFF0011 -      0xFFFF0000 -      -      S_RQ2     
318      0      1      -      0xFFFF0000 3      0xFFFF0011 -      0xFFFF0000 -      -      S_RQ2     
319      0      1      -      0xFFFF0000 4      0xFFFF0011 -      0xFFFF0000 -      -      S_RQ2     
320      0      1      -      0xFFFF0000 4      0xFFFF0011 -      0xFFFF0000 -      -      S_RQ2     
321      0      1      -      0xFFFF0000 4      0xFFFF0011 -      0xFFFF0000 -      -      S_RQ2     
322      0      1      -      0xFFFF0000 4      0xFFFF0011 -      0xFFFF0000 -      -      S_RQ2     
323      0      1      -      0xFFFF0000 4      0xFFFF0011 -      0xFFFF0000 -      -      S_RQ2     
324      0      1      -      0xFFFF0000 4      0xFFFF0011 -      0xFFFF0000 -      -      S_RQ2     
325      0      1      -      0xFFFF0000 5      0xFFFF0011 -      0xFFFF0000 -      -      S_RQ2     
326      0      1      -      0xFFFF0000 0      0x00000000 -      0xFFFF0000 -      1      S_RQ2     
327      0      1      -      0xFFFF0000 0      0x00000000 -      0xFFFF0000 1      -      S_RES_ADD_1
328      0      1      -      0xFFFF0000 1      0xFFFF0010 1      0xFFFF0010 1      -      S_RES_ADD_1
329      0      1      -      0xFFFF0000 2      0xFFFF0010 1      0xFFFF0010 -      -      S_RES_ADD_1
330      0      1      -      0xFFFF0000 2      0xFFFF0010 -      0xFFFF0000 -      -      S_RES_ADD_1
331      0      1      -      0xFFFF0000 2      0xFFFF0010 -      0xFFFF0000 -      -      S_RES_ADD_1
332      0      1      -      0xFFFF0000 2      0xFFFF0010 -      0xFFFF0000 -      -      S_RES_ADD_1
333      0      1      -      0xFFFF0000 2      0xFFFF0010 -      0xFFFF0000 -      -      S_RES_ADD_1
334      0      1      -      0xFFFF0000 2      0xFFFF0010 -      0xFFFF0000 -      -      S_RES_ADD_1
335      0      1      -      0xFFFF0000 3      0xFFFF0010 -      0xFFFF0000 -      -      S_RES_ADD_1
336      0      1      -      0xFFFF0000 4      0xFFFF0010 -      0xFFFF0000 -      -      S_RES_ADD_1
337      0      1      -      0xFFFF0000 4      0xFFFF0010 -      0xFFFF0000 -      -      S_RES_ADD_1
338      0      1      -      0xFFFF0000 4      0xFFFF0010 -      0xFFFF0000 -      -      S_RES_ADD_1
339      0      1      -      0xFFFF0000 4      0xFFFF0010 -      0xFFFF0000 -      -      S_RES_ADD_1
340      0      1      -      0xFFFF0000 4      0xFFFF0010 -      0xFFFF0000 -      -      S_RES_ADD_1
341      0      1      -      0xFFFF0000 4      0xFFFF0010 -      0xFFFF0000 -      -      S_RES_ADD_1
342      0      1      -      0xFFFF0000 5      0xFFFF0010 -      0xFFFF0000 -      -      S_RES_ADD_1
343      0      1      -      0xFFFF0000 0      0x00000000 -      0xFFFF0000 -      1      S_RES_ADD_1
344      0      1      -      0xFFFF0000 0      0x00000000 -      0xFFFF0000 1      -      S_LN_1    
345      0      1      -      0xFFFF0000 1      0xFFFF0017 1      0xFFFF0017 1      -      S_LN_1    
346      0      1      -      0xFFFF0000 2      0xFFFF0017 1      0xFFFF0017 -      -      S_LN_1    
347      0      1      -      0xFFFF0000 2      0xFFFF0017 -      0xFFFF0000 -      -      S_LN_1    
348      0      1      -      0xFFFF0000 2      0xFFFF0017 -      0xFFFF0000 -      -      S_LN_1    
349      0      1      -      0xFFFF0000 2      0xFFFF0017 -      0xFFFF0000 -      -      S_LN_1    
350      0      1      -      0xFFFF0000 2      0xFFFF0017 -      0xFFFF0000 -      -      S_LN_1    
351      0      1      -      0xFFFF0000 2      0xFFFF0017 -      0xFFFF0000 -      -      S_LN_1    
352      0      1      -      0xFFFF0000 3      0xFFFF0017 -      0xFFFF0000 -      -      S_LN_1    
ln_cycle[0] normalized: 0.187500 0x00000600 (signed=1536)
ln_cycle[0] scaled: 0.375000 0x00000c00 (signed=3072)
ln_cycle[0] y_raw: 3072 0x00000c00
ln_cycle[1] normalized: 0.281250 0x00000900 (signed=2304)
ln_cycle[1] scaled: 0.562500 0x00001200 (signed=4608)
ln_cycle[1] y_raw: 4608 0x00001200
ln_cycle[2] normalized: 0.375000 0x00000c00 (signed=3072)
ln_cycle[2] scaled: 0.750000 0x00001800 (signed=6144)
ln_cycle[2] y_raw: 6144 0x00001800
ln_cycle[3] normalized: 0.468750 0x00000f00 (signed=3840)
ln_cycle[3] scaled: 0.937500 0x00001e00 (signed=7680)
ln_cycle[3] y_raw: 7680 0x00001e00
ln_cycle[4] normalized: 0.562500 0x00001200 (signed=4608)
ln_cycle[4] scaled: 1.125000 0x00002400 (signed=9216)
ln_cycle[4] y_raw: 9216 0x00002400
ln_cycle[5] normalized: 0.656250 0x00001500 (signed=5376)
ln_cycle[5] scaled: 1.312500 0x00002a00 (signed=10752)
ln_cycle[5] y_raw: 10752 0x00002a00
ln_cycle[6] normalized: 0.750000 0x00001800 (signed=6144)
ln_cycle[6] scaled: 1.500000 0x00003000 (signed=12288)
ln_cycle[6] y_raw: 12288 0x00003000
ln_cycle[7] normalized: 0.843750 0x00001b00 (signed=6912)
ln_cycle[7] scaled: 1.687500 0x00003600 (signed=13824)
ln_cycle[7] y_raw: 13824 0x00003600
ln_cycle[8] normalized: 0.937500 0x00001e00 (signed=7680)
ln_cycle[8] scaled: 1.875000 0x00003c00 (signed=15360)
ln_cycle[8] y_raw: 15360 0x00003c00
ln_cycle[9] normalized: 1.031250 0x00002100 (signed=8448)
ln_cycle[9] scaled: 2.062500 0x00004200 (signed=16896)
ln_cycle[9] y_raw: 16896 0x00004200
ln_cycle[10] normalized: 1.125000 0x00002400 (signed=9216)
ln_cycle[10] scaled: 2.250000 0x00004800 (signed=18432)
ln_cycle[10] y_raw: 18432 0x00004800
ln_cycle[11] normalized: 1.218750 0x00002700 (signed=9984)
ln_cycle[11] scaled: 2.437500 0x00004e00 (signed=19968)
ln_cycle[11] y_raw: 19968 0x00004e00
ln_cycle[12] normalized: 1.312500 0x00002a00 (signed=10752)
ln_cycle[12] scaled: 2.625000 0x00005400 (signed=21504)
ln_cycle[12] y_raw: 21504 0x00005400
ln_cycle[13] normalized: 1.406250 0x00002d00 (signed=11520)
ln_cycle[13] scaled: 2.812500 0x00005a00 (signed=23040)
ln_cycle[13] y_raw: 23040 0x00005a00
ln_cycle[14] normalized: 1.500000 0x00003000 (signed=12288)
ln_cycle[14] scaled: 3.000000 0x00006000 (signed=24576)
ln_cycle[14] y_raw: 24576 0x00006000
ln_cycle[15] normalized: 1.593750 0x00003300 (signed=13056)
ln_cycle[15] scaled: 3.187500 0x00006600 (signed=26112)
ln_cycle[15] y_raw: 26112 0x00006600
353      0      1      -      0xFFFF0000 4      0xFFFF0017 -      0xFFFF0000 -      -      S_LN_1    
354      0      1      -      0xFFFF0000 4      0xFFFF0017 -      0xFFFF0000 -      -      S_LN_1    
355      0      1      -      0xFFFF0000 4      0xFFFF0017 -      0xFFFF0000 -      -      S_LN_1    
356      0      1      -      0xFFFF0000 4      0xFFFF0017 -      0xFFFF0000 -      -      S_LN_1    
357      0      1      -      0xFFFF0000 4      0xFFFF0017 -      0xFFFF0000 -      -      S_LN_1    
358      0      1      -      0xFFFF0000 4      0xFFFF0017 -      0xFFFF0000 -      -      S_LN_1    
359      0      1      -      0xFFFF0000 5      0xFFFF0017 -      0xFFFF0000 -      -      S_LN_1    
360      0      1      -      0xFFFF0000 0      0x00000000 -      0xFFFF0000 -      1      S_LN_1    
361      0      1      -      0xFFFF0000 0      0x00000000 -      0xFFFF0000 1      -      S_RQ3     
362      0      1      -      0xFFFF0000 1      0xFFFF0015 1      0xFFFF0015 1      -      S_RQ3     
363      0      1      -      0xFFFF0000 2      0xFFFF0015 1      0xFFFF0015 -      -      S_RQ3     
364      0      1      -      0xFFFF0000 2      0xFFFF0015 -      0xFFFF0000 -      -      S_RQ3     
365      0      1      -      0xFFFF0000 2      0xFFFF0015 -      0xFFFF0000 -      -      S_RQ3     
366      0      1      -      0xFFFF0000 2      0xFFFF0015 -      0xFFFF0000 -      -      S_RQ3     
367      0      1      -      0xFFFF0000 2      0xFFFF0015 -      0xFFFF0000 -      -      S_RQ3     
368      0      1      -      0xFFFF0000 2      0xFFFF0015 -      0xFFFF0000 -      -      S_RQ3     
369      0      1      -      0xFFFF0000 3      0xFFFF0015 -      0xFFFF0000 -      -      S_RQ3     
370      0      1      -      0xFFFF0000 4      0xFFFF0015 -      0xFFFF0000 -      -      S_RQ3     
371      0      1      -      0xFFFF0000 4      0xFFFF0015 -      0xFFFF0000 -      -      S_RQ3     
372      0      1      -      0xFFFF0000 4      0xFFFF0015 -      0xFFFF0000 -      -      S_RQ3     
373      0      1      -      0xFFFF0000 4      0xFFFF0015 -      0xFFFF0000 -      -      S_RQ3     
374      0      1      -      0xFFFF0000 4      0xFFFF0015 -      0xFFFF0000 -      -      S_RQ3     
375      0      1      -      0xFFFF0000 4      0xFFFF0015 -      0xFFFF0000 -      -      S_RQ3     
376      0      1      -      0xFFFF0000 5      0xFFFF0015 -      0xFFFF0000 -      -      S_RQ3     
377      0      1      -      0xFFFF0000 0      0x00000000 -      0xFFFF0000 -      1      S_RQ3     
378      0      1      -      0xFFFF0000 0      0x00000000 -      0xFFFF0000 1      -      S_FFN     
379      0      1      -      0x00FF0009 0      0x00000000 -      0xFFFF0000 1      -      S_FFN     
380      0      1      -      0xFFFF0000 0      0x00000000 -      0xFFFF0000 1      -      S_FFN     
381      0      1      -      0xFFFF0000 0      0x00000000 -      0xFFFF0000 1      -      S_FFN     
382      0      1      -      0xFFFF0000 0      0x00000000 -      0xFFFF0000 1      -      S_FFN     
383      0      1      -      0xFFFF0000 1      0x00FF0012 1      0x00FF0012 1      -      S_FFN     
384      0      1      -      0xFFFF0000 2      0x00FF0012 1      0x00FF0012 -      -      S_FFN     
385      0      1      -      0xFFFF0000 2      0x00FF0012 -      0xFFFF0000 -      -      S_FFN     
386      0      1      -      0xFFFF0000 2      0x00FF0012 -      0xFFFF0000 -      -      S_FFN     
387      0      1      -      0xFFFF0000 2      0x00FF0012 -      0xFFFF0000 -      -      S_FFN     
388      0      1      -      0xFFFF0000 2      0x00FF0012 -      0xFFFF0000 -      -      S_FFN     
389      0      1      -      0xFFFF0000 2      0x00FF0012 -      0xFFFF0000 -      -      S_FFN     
390      0      1      -      0xFFFF0000 3      0x00FF0012 -      0xFFFF0000 -      -      S_FFN     
391      0      1      -      0xFFFF0000 3      0x00FF0012 -      0xFFFF0000 -      -      S_FFN     
392      0      1      -      0xFFFF0000 3      0x00FF0012 -      0xFFFF0000 -      -      S_FFN     
393      0      1      -      0xFFFF0000 4      0x00FF0012 -      0xFFFF0000 -      -      S_FFN     
394      0      1      -      0xFFFF0000 4      0x00FF0012 -      0xFFFF0000 -      -      S_FFN     
395      0      1      -      0xFFFF0000 4      0x00FF0012 -      0xFFFF0000 -      -      S_FFN     
396      0      1      -      0xFFFF0000 4      0x00FF0012 -      0xFFFF0000 -      -      S_FFN     
397      0      1      -      0xFFFF0000 4      0x00FF0012 -      0xFFFF0000 -      -      S_FFN     
398      0      1      -      0xFFFF0000 4      0x00FF0012 -      0xFFFF0000 -      -      S_FFN     
399      0      1      -      0xFFFF0000 5      0x00FF0012 -      0xFFFF0000 -      -      S_FFN     
400      0      1      -      0xFFFF0000 0      0x00000000 -      0xFFFF0000 -      1      S_FFN     
401      0      1      -      0xFFFF0000 0      0x00000000 -      0xFFFF0000 1      -      S_FFN     
402      0      1      -      0x01FF0009 0      0x00000000 -      0xFFFF0000 1      -      S_FFN     
403      0      1      -      0xFFFF0000 0      0x00000000 -      0xFFFF0000 1      -      S_FFN     
404      0      1      -      0xFFFF0000 0      0x00000000 -      0xFFFF0000 1      -      S_FFN     
405      0      1      -      0xFFFF0000 0      0x00000000 -      0xFFFF0000 1      -      S_FFN     
406      0      1      -      0xFFFF0000 1      0x01FF0012 1      0x01FF0012 1      -      S_FFN     
407      0      1      -      0xFFFF0000 2      0x01FF0012 1      0x01FF0012 -      -      S_FFN     
408      0      1      -      0xFFFF0000 2      0x01FF0012 -      0xFFFF0000 -      -      S_FFN     
409      0      1      -      0xFFFF0000 2      0x01FF0012 -      0xFFFF0000 -      -      S_FFN     
410      0      1      -      0xFFFF0000 2      0x01FF0012 -      0xFFFF0000 -      -      S_FFN     
411      0      1      -      0xFFFF0000 2      0x01FF0012 -      0xFFFF0000 -      -      S_FFN     
412      0      1      -      0xFFFF0000 2      0x01FF0012 -      0xFFFF0000 -      -      S_FFN     
413      0      1      -      0xFFFF0000 3      0x01FF0012 -      0xFFFF0000 -      -      S_FFN     
414      0      1      -      0xFFFF0000 3      0x01FF0012 -      0xFFFF0000 -      -      S_FFN     
415      0      1      -      0xFFFF0000 3      0x01FF0012 -      0xFFFF0000 -      -      S_FFN     
416      0      1      -      0xFFFF0000 4      0x01FF0012 -      0xFFFF0000 -      -      S_FFN     
417      0      1      -      0xFFFF0000 4      0x01FF0012 -      0xFFFF0000 -      -      S_FFN     
418      0      1      -      0xFFFF0000 4      0x01FF0012 -      0xFFFF0000 -      -      S_FFN     
419      0      1      -      0xFFFF0000 4      0x01FF0012 -      0xFFFF0000 -      -      S_FFN     
420      0      1      -      0xFFFF0000 4      0x01FF0012 -      0xFFFF0000 -      -      S_FFN     
421      0      1      -      0xFFFF0000 4      0x01FF0012 -      0xFFFF0000 -      -      S_FFN     
422      0      1      -      0xFFFF0000 5      0x01FF0012 -      0xFFFF0000 -      -      S_FFN     
423      0      1      -      0xFFFF0000 0      0x00000000 -      0xFFFF0000 -      1      S_FFN     
424      0      1      -      0xFFFF0000 0      0x00000000 -      0xFFFF0000 1      -      S_FFN     
425      0      1      -      0x02FF0009 0      0x00000000 -      0xFFFF0000 1      -      S_FFN     
426      0      1      -      0xFFFF0000 0      0x00000000 -      0xFFFF0000 1      -      S_FFN     
427      0      1      -      0xFFFF0000 0      0x00000000 -      0xFFFF0000 1      -      S_FFN     
428      0      1      -      0xFFFF0000 0      0x00000000 -      0xFFFF0000 1      -      S_FFN     
429      0      1      -      0xFFFF0000 1      0x02FF0012 1      0x02FF0012 1      -      S_FFN     
430      0      1      -      0xFFFF0000 2      0x02FF0012 1      0x02FF0012 -      -      S_FFN     
431      0      1      -      0xFFFF0000 2      0x02FF0012 -      0xFFFF0000 -      -      S_FFN     
432      0      1      -      0xFFFF0000 2      0x02FF0012 -      0xFFFF0000 -      -      S_FFN     
433      0      1      -      0xFFFF0000 2      0x02FF0012 -      0xFFFF0000 -      -      S_FFN     
434      0      1      -      0xFFFF0000 2      0x02FF0012 -      0xFFFF0000 -      -      S_FFN     
435      0      1      -      0xFFFF0000 2      0x02FF0012 -      0xFFFF0000 -      -      S_FFN     
436      0      1      -      0xFFFF0000 3      0x02FF0012 -      0xFFFF0000 -      -      S_FFN     
437      0      1      -      0xFFFF0000 3      0x02FF0012 -      0xFFFF0000 -      -      S_FFN     
438      0      1      -      0xFFFF0000 3      0x02FF0012 -      0xFFFF0000 -      -      S_FFN     
439      0      1      -      0xFFFF0000 4      0x02FF0012 -      0xFFFF0000 -      -      S_FFN     
440      0      1      -      0xFFFF0000 4      0x02FF0012 -      0xFFFF0000 -      -      S_FFN     
441      0      1      -      0xFFFF0000 4      0x02FF0012 -      0xFFFF0000 -      -      S_FFN     
442      0      1      -      0xFFFF0000 4      0x02FF0012 -      0xFFFF0000 -      -      S_FFN     
443      0      1      -      0xFFFF0000 4      0x02FF0012 -      0xFFFF0000 -      -      S_FFN     
444      0      1      -      0xFFFF0000 4      0x02FF0012 -      0xFFFF0000 -      -      S_FFN     
445      0      1      -      0xFFFF0000 5      0x02FF0012 -      0xFFFF0000 -      -      S_FFN     
446      0      1      -      0xFFFF0000 0      0x00000000 -      0xFFFF0000 -      1      S_FFN     
447      0      1      -      0xFFFF0000 0      0x00000000 -      0xFFFF0000 1      -      S_FFN     
448      0      1      -      0x03FF0009 0      0x00000000 -      0xFFFF0000 1      -      S_FFN     
449      0      1      -      0xFFFF0000 0      0x00000000 -      0xFFFF0000 1      -      S_FFN     
450      0      1      -      0xFFFF0000 0      0x00000000 -      0xFFFF0000 1      -      S_FFN     
451      0      1      -      0xFFFF0000 0      0x00000000 -      0xFFFF0000 1      -      S_FFN     
452      0      1      -      0xFFFF0000 1      0x03FF0012 1      0x03FF0012 1      -      S_FFN     
453      0      1      -      0xFFFF0000 2      0x03FF0012 1      0x03FF0012 -      -      S_FFN     
454      0      1      -      0xFFFF0000 2      0x03FF0012 -      0xFFFF0000 -      -      S_FFN     
455      0      1      -      0xFFFF0000 2      0x03FF0012 -      0xFFFF0000 -      -      S_FFN     
456      0      1      -      0xFFFF0000 2      0x03FF0012 -      0xFFFF0000 -      -      S_FFN     
457      0      1      -      0xFFFF0000 2      0x03FF0012 -      0xFFFF0000 -      -      S_FFN     
458      0      1      -      0xFFFF0000 2      0x03FF0012 -      0xFFFF0000 -      -      S_FFN     
459      0      1      -      0xFFFF0000 3      0x03FF0012 -      0xFFFF0000 -      -      S_FFN     
460      0      1      -      0xFFFF0000 3      0x03FF0012 -      0xFFFF0000 -      -      S_FFN     
461      0      1      -      0xFFFF0000 3      0x03FF0012 -      0xFFFF0000 -      -      S_FFN     
462      0      1      -      0xFFFF0000 4      0x03FF0012 -      0xFFFF0000 -      -      S_FFN     
463      0      1      -      0xFFFF0000 4      0x03FF0012 -      0xFFFF0000 -      -      S_FFN     
464      0      1      -      0xFFFF0000 4      0x03FF0012 -      0xFFFF0000 -      -      S_FFN     
465      0      1      -      0xFFFF0000 4      0x03FF0012 -      0xFFFF0000 -      -      S_FFN     
466      0      1      -      0xFFFF0000 4      0x03FF0012 -      0xFFFF0000 -      -      S_FFN     
467      0      1      -      0xFFFF0000 4      0x03FF0012 -      0xFFFF0000 -      -      S_FFN     
468      0      1      -      0xFFFF0000 5      0x03FF0012 -      0xFFFF0000 -      -      S_FFN     
469      0      1      -      0xFFFF0000 0      0x00000000 -      0xFFFF0000 -      1      S_FFN     
470      0      1      -      0xFFFF0000 0      0x00000000 -      0xFFFF0000 1      -      S_FFN     
471      0      1      -      0xFFFF0000 0      0x00000000 -      0xFFFF0000 1      -      S_FFN     
472      0      1      -      0xFFFF0000 1      0xFFFF0013 1      0xFFFF0013 1      -      S_FFN     
473      0      1      -      0xFFFF0000 2      0xFFFF0013 1      0xFFFF0013 -      -      S_FFN     
474      0      1      -      0xFFFF0000 2      0xFFFF0013 -      0xFFFF0000 -      -      S_FFN     
475      0      1      -      0xFFFF0000 2      0xFFFF0013 -      0xFFFF0000 -      -      S_FFN     
476      0      1      -      0xFFFF0000 2      0xFFFF0013 -      0xFFFF0000 -      -      S_FFN     
477      0      1      -      0xFFFF0000 2      0xFFFF0013 -      0xFFFF0000 -      -      S_FFN     
478      0      1      -      0xFFFF0000 2      0xFFFF0013 -      0xFFFF0000 -      -      S_FFN     
479      0      1      -      0xFFFF0000 3      0xFFFF0013 -      0xFFFF0000 -      -      S_FFN     
480      0      1      -      0xFFFF0000 4      0xFFFF0013 -      0xFFFF0000 -      -      S_FFN     
481      0      1      -      0xFFFF0000 4      0xFFFF0013 -      0xFFFF0000 -      -      S_FFN     
482      0      1      -      0xFFFF0000 4      0xFFFF0013 -      0xFFFF0000 -      -      S_FFN     
483      0      1      -      0xFFFF0000 4      0xFFFF0013 -      0xFFFF0000 -      -      S_FFN     
484      0      1      -      0xFFFF0000 4      0xFFFF0013 -      0xFFFF0000 -      -      S_FFN     
485      0      1      -      0xFFFF0000 4      0xFFFF0013 -      0xFFFF0000 -      -      S_FFN     
486      0      1      -      0xFFFF0000 5      0xFFFF0013 -      0xFFFF0000 -      -      S_FFN     
487      0      1      -      0xFFFF0000 0      0x00000000 -      0xFFFF0000 -      1      S_FFN     
488      0      1      -      0xFFFF0000 0      0x00000000 -      0xFFFF0000 1      -      S_FFN     
489      0      1      -      0x00FF000A 0      0x00000000 -      0xFFFF0000 1      -      S_FFN     
490      0      1      -      0xFFFF0000 0      0x00000000 -      0xFFFF0000 1      -      S_FFN     
491      0      1      -      0xFFFF0000 0      0x00000000 -      0xFFFF0000 1      -      S_FFN     
492      0      1      -      0xFFFF0000 0      0x00000000 -      0xFFFF0000 1      -      S_FFN     
493      0      1      -      0xFFFF0000 1      0x00FF0014 1      0x00FF0014 1      -      S_FFN     
494      0      1      -      0xFFFF0000 2      0x00FF0014 1      0x00FF0014 -      -      S_FFN     
495      0      1      -      0xFFFF0000 2      0x00FF0014 -      0xFFFF0000 -      -      S_FFN     
496      0      1      -      0xFFFF0000 2      0x00FF0014 -      0xFFFF0000 -      -      S_FFN     
497      0      1      -      0xFFFF0000 2      0x00FF0014 -      0xFFFF0000 -      -      S_FFN     
498      0      1      -      0xFFFF0000 2      0x00FF0014 -      0xFFFF0000 -      -      S_FFN     
499      0      1      -      0xFFFF0000 2      0x00FF0014 -      0xFFFF0000 -      -      S_FFN     
500      0      1      -      0xFFFF0000 3      0x00FF0014 -      0xFFFF0000 -      -      S_FFN     
501      0      1      -      0xFFFF0000 3      0x00FF0014 -      0xFFFF0000 -      -      S_FFN     
502      0      1      -      0xFFFF0000 3      0x00FF0014 -      0xFFFF0000 -      -      S_FFN     
503      0      1      -      0xFFFF0000 4      0x00FF0014 -      0xFFFF0000 -      -      S_FFN     
504      0      1      -      0xFFFF0000 4      0x00FF0014 -      0xFFFF0000 -      -      S_FFN     
505      0      1      -      0xFFFF0000 4      0x00FF0014 -      0xFFFF0000 -      -      S_FFN     
506      0      1      -      0xFFFF0000 4      0x00FF0014 -      0xFFFF0000 -      -      S_FFN     
507      0      1      -      0xFFFF0000 4      0x00FF0014 -      0xFFFF0000 -      -      S_FFN     
508      0      1      -      0xFFFF0000 4      0x00FF0014 -      0xFFFF0000 -      -      S_FFN     
509      0      1      -      0xFFFF0000 5      0x00FF0014 -      0xFFFF0000 -      -      S_FFN     
510      0      1      -      0xFFFF0000 0      0x00000000 -      0xFFFF0000 -      1      S_FFN     
511      0      1      -      0xFFFF0000 0      0x00000000 -      0xFFFF0000 1      -      S_FFN     
512      0      1      -      0x01FF000A 0      0x00000000 -      0xFFFF0000 1      -      S_FFN     
513      0      1      -      0xFFFF0000 0      0x00000000 -      0xFFFF0000 1      -      S_FFN     
514      0      1      -      0xFFFF0000 0      0x00000000 -      0xFFFF0000 1      -      S_FFN     
515      0      1      -      0xFFFF0000 0      0x00000000 -      0xFFFF0000 1      -      S_FFN     
516      0      1      -      0xFFFF0000 1      0x01FF0014 1      0x01FF0014 1      -      S_FFN     
517      0      1      -      0xFFFF0000 2      0x01FF0014 1      0x01FF0014 -      -      S_FFN     
518      0      1      -      0xFFFF0000 2      0x01FF0014 -      0xFFFF0000 -      -      S_FFN     
519      0      1      -      0xFFFF0000 2      0x01FF0014 -      0xFFFF0000 -      -      S_FFN     
520      0      1      -      0xFFFF0000 2      0x01FF0014 -      0xFFFF0000 -      -      S_FFN     
521      0      1      -      0xFFFF0000 2      0x01FF0014 -      0xFFFF0000 -      -      S_FFN     
522      0      1      -      0xFFFF0000 2      0x01FF0014 -      0xFFFF0000 -      -      S_FFN     
523      0      1      -      0xFFFF0000 3      0x01FF0014 -      0xFFFF0000 -      -      S_FFN     
524      0      1      -      0xFFFF0000 3      0x01FF0014 -      0xFFFF0000 -      -      S_FFN     
525      0      1      -      0xFFFF0000 3      0x01FF0014 -      0xFFFF0000 -      -      S_FFN     
526      0      1      -      0xFFFF0000 4      0x01FF0014 -      0xFFFF0000 -      -      S_FFN     
527      0      1      -      0xFFFF0000 4      0x01FF0014 -      0xFFFF0000 -      -      S_FFN     
528      0      1      -      0xFFFF0000 4      0x01FF0014 -      0xFFFF0000 -      -      S_FFN     
529      0      1      -      0xFFFF0000 4      0x01FF0014 -      0xFFFF0000 -      -      S_FFN     
530      0      1      -      0xFFFF0000 4      0x01FF0014 -      0xFFFF0000 -      -      S_FFN     
531      0      1      -      0xFFFF0000 4      0x01FF0014 -      0xFFFF0000 -      -      S_FFN     
532      0      1      -      0xFFFF0000 5      0x01FF0014 -      0xFFFF0000 -      -      S_FFN     
533      0      1      -      0xFFFF0000 0      0x00000000 -      0xFFFF0000 -      1      S_FFN     
534      0      1      -      0xFFFF0000 0      0x00000000 -      0xFFFF0000 1      -      S_FFN     
535      0      1      -      0x02FF000A 0      0x00000000 -      0xFFFF0000 1      -      S_FFN     
536      0      1      -      0xFFFF0000 0      0x00000000 -      0xFFFF0000 1      -      S_FFN     
537      0      1      -      0xFFFF0000 0      0x00000000 -      0xFFFF0000 1      -      S_FFN     
538      0      1      -      0xFFFF0000 0      0x00000000 -      0xFFFF0000 1      -      S_FFN     
539      0      1      -      0xFFFF0000 1      0x02FF0014 1      0x02FF0014 1      -      S_FFN     
540      0      1      -      0xFFFF0000 2      0x02FF0014 1      0x02FF0014 -      -      S_FFN     
541      0      1      -      0xFFFF0000 2      0x02FF0014 -      0xFFFF0000 -      -      S_FFN     
542      0      1      -      0xFFFF0000 2      0x02FF0014 -      0xFFFF0000 -      -      S_FFN     
543      0      1      -      0xFFFF0000 2      0x02FF0014 -      0xFFFF0000 -      -      S_FFN     
544      0      1      -      0xFFFF0000 2      0x02FF0014 -      0xFFFF0000 -      -      S_FFN     
545      0      1      -      0xFFFF0000 2      0x02FF0014 -      0xFFFF0000 -      -      S_FFN     
546      0      1      -      0xFFFF0000 3      0x02FF0014 -      0xFFFF0000 -      -      S_FFN     
547      0      1      -      0xFFFF0000 3      0x02FF0014 -      0xFFFF0000 -      -      S_FFN     
548      0      1      -      0xFFFF0000 3      0x02FF0014 -      0xFFFF0000 -      -      S_FFN     
549      0      1      -      0xFFFF0000 4      0x02FF0014 -      0xFFFF0000 -      -      S_FFN     
550      0      1      -      0xFFFF0000 4      0x02FF0014 -      0xFFFF0000 -      -      S_FFN     
551      0      1      -      0xFFFF0000 4      0x02FF0014 -      0xFFFF0000 -      -      S_FFN     
552      0      1      -      0xFFFF0000 4      0x02FF0014 -      0xFFFF0000 -      -      S_FFN     
553      0      1      -      0xFFFF0000 4      0x02FF0014 -      0xFFFF0000 -      -      S_FFN     
554      0      1      -      0xFFFF0000 4      0x02FF0014 -      0xFFFF0000 -      -      S_FFN     
555      0      1      -      0xFFFF0000 5      0x02FF0014 -      0xFFFF0000 -      -      S_FFN     
556      0      1      -      0xFFFF0000 0      0x00000000 -      0xFFFF0000 -      1      S_FFN     
557      0      1      -      0xFFFF0000 0      0x00000000 -      0xFFFF0000 1      -      S_FFN     
558      0      1      -      0x03FF000A 0      0x00000000 -      0xFFFF0000 1      -      S_FFN     
559      0      1      -      0xFFFF0000 0      0x00000000 -      0xFFFF0000 1      -      S_FFN     
560      0      1      -      0xFFFF0000 0      0x00000000 -      0xFFFF0000 1      -      S_FFN     
561      0      1      -      0xFFFF0000 0      0x00000000 -      0xFFFF0000 1      -      S_FFN     
562      0      1      -      0xFFFF0000 1      0x03FF0014 1      0x03FF0014 1      -      S_FFN     
563      0      1      -      0xFFFF0000 2      0x03FF0014 1      0x03FF0014 -      -      S_FFN     
564      0      1      -      0xFFFF0000 2      0x03FF0014 -      0xFFFF0000 -      -      S_FFN     
565      0      1      -      0xFFFF0000 2      0x03FF0014 -      0xFFFF0000 -      -      S_FFN     
566      0      1      -      0xFFFF0000 2      0x03FF0014 -      0xFFFF0000 -      -      S_FFN     
567      0      1      -      0xFFFF0000 2      0x03FF0014 -      0xFFFF0000 -      -      S_FFN     
568      0      1      -      0xFFFF0000 2      0x03FF0014 -      0xFFFF0000 -      -      S_FFN     
569      0      1      -      0xFFFF0000 3      0x03FF0014 -      0xFFFF0000 -      -      S_FFN     
570      0      1      -      0xFFFF0000 3      0x03FF0014 -      0xFFFF0000 -      -      S_FFN     
571      0      1      -      0xFFFF0000 3      0x03FF0014 -      0xFFFF0000 -      -      S_FFN     
572      0      1      -      0xFFFF0000 4      0x03FF0014 -      0xFFFF0000 -      -      S_FFN     
573      0      1      -      0xFFFF0000 4      0x03FF0014 -      0xFFFF0000 -      -      S_FFN     
574      0      1      -      0xFFFF0000 4      0x03FF0014 -      0xFFFF0000 -      -      S_FFN     
575      0      1      -      0xFFFF0000 4      0x03FF0014 -      0xFFFF0000 -      -      S_FFN     
576      0      1      -      0xFFFF0000 4      0x03FF0014 -      0xFFFF0000 -      -      S_FFN     
577      0      1      -      0xFFFF0000 4      0x03FF0014 -      0xFFFF0000 -      -      S_FFN     
578      0      1      -      0xFFFF0000 5      0x03FF0014 -      0xFFFF0000 -      -      S_FFN     
579      0      1      -      0xFFFF0000 0      0x00000000 -      0xFFFF0000 -      1      S_FFN     
580      0      1      -      0xFFFF0000 0      0x00000000 -      0xFFFF0000 1      -      S_FFN     
581      0      1      -      0xFFFF0000 0      0x00000000 -      0xFFFF0000 1      -      S_RQ4     
582      0      1      -      0xFFFF0000 1      0xFFFF0018 1      0xFFFF0018 1      -      S_RQ4     
583      0      1      -      0xFFFF0000 2      0xFFFF0018 1      0xFFFF0018 -      -      S_RQ4     
584      0      1      -      0xFFFF0000 2      0xFFFF0018 -      0xFFFF0000 -      -      S_RQ4     
585      0      1      -      0xFFFF0000 2      0xFFFF0018 -      0xFFFF0000 -      -      S_RQ4     
586      0      1      -      0xFFFF0000 2      0xFFFF0018 -      0xFFFF0000 -      -      S_RQ4     
587      0      1      -      0xFFFF0000 2      0xFFFF0018 -      0xFFFF0000 -      -      S_RQ4     
588      0      1      -      0xFFFF0000 2      0xFFFF0018 -      0xFFFF0000 -      -      S_RQ4     
589      0      1      -      0xFFFF0000 3      0xFFFF0018 -      0xFFFF0000 -      -      S_RQ4     
590      0      1      -      0xFFFF0000 4      0xFFFF0018 -      0xFFFF0000 -      -      S_RQ4     
591      0      1      -      0xFFFF0000 4      0xFFFF0018 -      0xFFFF0000 -      -      S_RQ4     
592      0      1      -      0xFFFF0000 4      0xFFFF0018 -      0xFFFF0000 -      -      S_RQ4     
593      0      1      -      0xFFFF0000 4      0xFFFF0018 -      0xFFFF0000 -      -      S_RQ4     
594      0      1      -      0xFFFF0000 4      0xFFFF0018 -      0xFFFF0000 -      -      S_RQ4     
595      0      1      -      0xFFFF0000 4      0xFFFF0018 -      0xFFFF0000 -      -      S_RQ4     
596      0      1      -      0xFFFF0000 5      0xFFFF0018 -      0xFFFF0000 -      -      S_RQ4     
597      0      1      -      0xFFFF0000 0      0x00000000 -      0xFFFF0000 -      1      S_RQ4     
598      0      1      -      0xFFFF0000 0      0x00000000 -      0xFFFF0000 1      -      S_RES_ADD_2
599      0      1      -      0xFFFF0000 1      0xFFFF0016 1      0xFFFF0016 1      -      S_RES_ADD_2
600      0      1      -      0xFFFF0000 2      0xFFFF0016 1      0xFFFF0016 -      -      S_RES_ADD_2
601      0      1      -      0xFFFF0000 2      0xFFFF0016 -      0xFFFF0000 -      -      S_RES_ADD_2
602      0      1      -      0xFFFF0000 2      0xFFFF0016 -      0xFFFF0000 -      -      S_RES_ADD_2
603      0      1      -      0xFFFF0000 2      0xFFFF0016 -      0xFFFF0000 -      -      S_RES_ADD_2
604      0      1      -      0xFFFF0000 2      0xFFFF0016 -      0xFFFF0000 -      -      S_RES_ADD_2
605      0      1      -      0xFFFF0000 2      0xFFFF0016 -      0xFFFF0000 -      -      S_RES_ADD_2
606      0      1      -      0xFFFF0000 3      0xFFFF0016 -      0xFFFF0000 -      -      S_RES_ADD_2
607      0      1      -      0xFFFF0000 4      0xFFFF0016 -      0xFFFF0000 -      -      S_RES_ADD_2
608      0      1      -      0xFFFF0000 4      0xFFFF0016 -      0xFFFF0000 -      -      S_RES_ADD_2
609      0      1      -      0xFFFF0000 4      0xFFFF0016 -      0xFFFF0000 -      -      S_RES_ADD_2
610      0      1      -      0xFFFF0000 4      0xFFFF0016 -      0xFFFF0000 -      -      S_RES_ADD_2
611      0      1      -      0xFFFF0000 4      0xFFFF0016 -      0xFFFF0000 -      -      S_RES_ADD_2
612      0      1      -      0xFFFF0000 4      0xFFFF0016 -      0xFFFF0000 -      -      S_RES_ADD_2
613      0      1      -      0xFFFF0000 5      0xFFFF0016 -      0xFFFF0000 -      -      S_RES_ADD_2
614      0      1      -      0xFFFF0000 0      0x00000000 -      0xFFFF0000 -      1      S_RES_ADD_2
615      0      1      -      0xFFFF0000 0      0x00000000 -      0xFFFF0000 1      -      S_LOOP_CHECK
616      0      1      -      0xFFFF0000 0      0x00000000 -      0xFFFF0000 1      -      S_LAYER_COUNT
617      0      1      -      0xFFFF0100 0      0x00000000 -      0xFFFF0000 1      -      S_LN_0    
618      0      1      -      0xFFFF0100 1      0xFFFF0101 1      0xFFFF0101 1      -      S_LN_0    
619      0      1      -      0xFFFF0100 2      0xFFFF0101 1      0xFFFF0101 -      -      S_LN_0    
620      0      1      -      0xFFFF0100 2      0xFFFF0101 -      0xFFFF0100 -      -      S_LN_0    
621      0      1      -      0xFFFF0100 2      0xFFFF0101 -      0xFFFF0100 -      -      S_LN_0    
622      0      1      -      0xFFFF0100 2      0xFFFF0101 -      0xFFFF0100 -      -      S_LN_0    
623      0      1      -      0xFFFF0100 2      0xFFFF0101 -      0xFFFF0100 -      -      S_LN_0    
624      0      1      -      0xFFFF0100 2      0xFFFF0101 -      0xFFFF0100 -      -      S_LN_0    
625      0      1      -      0xFFFF0100 3      0xFFFF0101 -      0xFFFF0100 -      -      S_LN_0    
ln_cycle[0] normalized: 0.102783 0x0000034a (signed=842)
ln_cycle[0] scaled: 0.102783 0x0000034a (signed=842)
ln_cycle[0] y_raw: 842 0x0000034a
ln_cycle[1] normalized: 0.205566 0x00000694 (signed=1684)
ln_cycle[1] scaled: 0.205566 0x00000694 (signed=1684)
ln_cycle[1] y_raw: 1684 0x00000694
ln_cycle[2] normalized: 0.308350 0x000009de (signed=2526)
ln_cycle[2] scaled: 0.308350 0x000009de (signed=2526)
ln_cycle[2] y_raw: 2526 0x000009de
ln_cycle[3] normalized: 0.411133 0x00000d28 (signed=3368)
ln_cycle[3] scaled: 0.411133 0x00000d28 (signed=3368)
ln_cycle[3] y_raw: 3368 0x00000d28
ln_cycle[4] normalized: 0.513916 0x00001072 (signed=4210)
ln_cycle[4] scaled: 0.513916 0x00001072 (signed=4210)
ln_cycle[4] y_raw: 4210 0x00001072
ln_cycle[5] normalized: 0.616699 0x000013bc (signed=5052)
ln_cycle[5] scaled: 0.616699 0x000013bc (signed=5052)
ln_cycle[5] y_raw: 5052 0x000013bc
ln_cycle[6] normalized: 0.719482 0x00001706 (signed=5894)
ln_cycle[6] scaled: 0.719482 0x00001706 (signed=5894)
ln_cycle[6] y_raw: 5894 0x00001706
ln_cycle[7] normalized: 0.822266 0x00001a50 (signed=6736)
ln_cycle[7] scaled: 0.822266 0x00001a50 (signed=6736)
ln_cycle[7] y_raw: 6736 0x00001a50
ln_cycle[8] normalized: 0.925049 0x00001d9a (signed=7578)
ln_cycle[8] scaled: 0.925049 0x00001d9a (signed=7578)
ln_cycle[8] y_raw: 7578 0x00001d9a
ln_cycle[9] normalized: 1.027832 0x000020e4 (signed=8420)
ln_cycle[9] scaled: 1.027832 0x000020e4 (signed=8420)
ln_cycle[9] y_raw: 8420 0x000020e4
ln_cycle[10] normalized: 1.130615 0x0000242e (signed=9262)
ln_cycle[10] scaled: 1.130615 0x0000242e (signed=9262)
ln_cycle[10] y_raw: 9262 0x0000242e
ln_cycle[11] normalized: 1.233398 0x00002778 (signed=10104)
ln_cycle[11] scaled: 1.233398 0x00002778 (signed=10104)
ln_cycle[11] y_raw: 10104 0x00002778
ln_cycle[12] normalized: 1.336182 0x00002ac2 (signed=10946)
ln_cycle[12] scaled: 1.336182 0x00002ac2 (signed=10946)
ln_cycle[12] y_raw: 10946 0x00002ac2
ln_cycle[13] normalized: 1.438965 0x00002e0c (signed=11788)
ln_cycle[13] scaled: 1.438965 0x00002e0c (signed=11788)
ln_cycle[13] y_raw: 11788 0x00002e0c
ln_cycle[14] normalized: 1.541748 0x00003156 (signed=12630)
ln_cycle[14] scaled: 1.541748 0x00003156 (signed=12630)
ln_cycle[14] y_raw: 12630 0x00003156
ln_cycle[15] normalized: 1.644531 0x000034a0 (signed=13472)
ln_cycle[15] scaled: 1.644531 0x000034a0 (signed=13472)
ln_cycle[15] y_raw: 13472 0x000034a0
626      0      1      -      0xFFFF0100 4      0xFFFF0101 -      0xFFFF0100 -      -      S_LN_0    
627      0      1      -      0xFFFF0100 4      0xFFFF0101 -      0xFFFF0100 -      -      S_LN_0    
628      0      1      -      0xFFFF0100 4      0xFFFF0101 -      0xFFFF0100 -      -      S_LN_0    
629      0      1      -      0xFFFF0100 4      0xFFFF0101 -      0xFFFF0100 -      -      S_LN_0    
630      0      1      -      0xFFFF0100 4      0xFFFF0101 -      0xFFFF0100 -      -      S_LN_0    
631      0      1      -      0xFFFF0100 4      0xFFFF0101 -      0xFFFF0100 -      -      S_LN_0    
632      0      1      -      0xFFFF0100 5      0xFFFF0101 -      0xFFFF0100 -      -      S_LN_0    
633      0      1      -      0xFFFF0100 0      0x00000000 -      0xFFFF0100 -      1      S_LN_0    
634      0      1      -      0xFFFF0100 0      0x00000000 -      0xFFFF0100 1      -      S_RQ1     
635      0      1      -      0xFFFF0100 1      0xFFFF0102 1      0xFFFF0102 1      -      S_RQ1     
636      0      1      -      0xFFFF0100 2      0xFFFF0102 1      0xFFFF0102 -      -      S_RQ1     
637      0      1      -      0xFFFF0100 2      0xFFFF0102 -      0xFFFF0100 -      -      S_RQ1     
638      0      1      -      0xFFFF0100 2      0xFFFF0102 -      0xFFFF0100 -      -      S_RQ1     
639      0      1      -      0xFFFF0100 2      0xFFFF0102 -      0xFFFF0100 -      -      S_RQ1     
640      0      1      -      0xFFFF0100 2      0xFFFF0102 -      0xFFFF0100 -      -      S_RQ1     
641      0      1      -      0xFFFF0100 2      0xFFFF0102 -      0xFFFF0100 -      -      S_RQ1     
642      0      1      -      0xFFFF0100 3      0xFFFF0102 -      0xFFFF0100 -      -      S_RQ1     
643      0      1      -      0xFFFF0100 4      0xFFFF0102 -      0xFFFF0100 -      -      S_RQ1     
644      0      1      -      0xFFFF0100 4      0xFFFF0102 -      0xFFFF0100 -      -      S_RQ1     
645      0      1      -      0xFFFF0100 4      0xFFFF0102 -      0xFFFF0100 -      -      S_RQ1     
646      0      1      -      0xFFFF0100 4      0xFFFF0102 -      0xFFFF0100 -      -      S_RQ1     
647      0      1      -      0xFFFF0100 4      0xFFFF0102 -      0xFFFF0100 -      -      S_RQ1     
648      0      1      -      0xFFFF0100 4      0xFFFF0102 -      0xFFFF0100 -      -      S_RQ1     
649      0      1      -      0xFFFF0100 5      0xFFFF0102 -      0xFFFF0100 -      -      S_RQ1     
650      0      1      -      0xFFFF0100 0      0x00000000 -      0xFFFF0100 -      1      S_RQ1     
651      0      1      -      0xFFFF0100 0      0x00000000 -      0xFFFF0100 1      -      S_ATT_HEADS
652      0      1      -      0xFFFF0100 0      0x00000000 -      0xFFFF0100 1      -      S_ATT_HEADS
653      0      1      -      0xFFFF0100 0      0x00000000 -      0xFFFF0100 1      -      S_ATT_HEADS
654      0      1      -      0xFFFF0100 0      0x00000000 -      0xFFFF0100 1      -      S_ATT_HEADS
655      0      1      -      0xFFFF0100 0      0x00000000 -      0xFFFF0100 1      -      S_ATT_HEADS
656      0      1      -      0xFFFF0100 0      0x00000000 -      0xFFFF0100 1      -      S_ATT_HEADS
657      0      1      -      0xFFFF0100 0      0x00000000 -      0xFFFF0100 1      -      S_ATT_HEADS
658      0      1      -      0xFFFF0100 0      0x00000000 -      0xFFFF0100 1      -      S_ATT_HEADS
659      0      1      -      0xFFFF0100 0      0x00000000 -      0xFFFF0100 1      -      S_ATT_HEADS
660      0      1      -      0xFFFF0100 0      0x00000000 -      0xFFFF0100 1      -      S_ATT_HEADS
661      0      1      -      0xFFFF0100 0      0x00000000 -      0xFFFF0100 1      -      S_ATT_HEADS
662      0      1      -      0xFFFF0100 0      0x00000000 -      0xFFFF0100 1      -      S_ATT_HEADS
663      0      1      -      0xFFFF0100 0      0x00000000 -      0xFFFF0100 1      -      S_ATT_HEADS
664      0      1      -      0xFFFF0100 0      0x00000000 -      0xFFFF0100 1      -      S_ATT_HEADS
665      0      1      -      0xFFFF0100 0      0x00000000 -      0xFFFF0100 1      -      S_ATT_HEADS
666      0      1      -      0xFFFF0100 0      0x00000000 -      0xFFFF0100 1      -      S_ATT_HEADS
667      0      1      -      0xFFFF0100 0      0x00000000 -      0xFFFF0100 1      -      S_ATT_HEADS
668      0      1      -      0xFFFF0100 0      0x00000000 -      0xFFFF0100 1      -      S_ATT_HEADS
669      0      1      -      0xFFFF0100 0      0x00000000 -      0xFFFF0100 1      -      S_ATT_HEADS
670      0      1      -      0xFFFF0100 0      0x00000000 -      0xFFFF0100 1      -      S_ATT_HEADS
671      0      1      -      0xFFFF0100 0      0x00000000 -      0xFFFF0100 1      -      S_ATT_HEADS
672      0      1      -      0xFFFF0100 0      0x00000000 -      0xFFFF0100 1      -      S_ATT_HEADS
673      0      1      -      0xFFFF0100 0      0x00000000 -      0xFFFF0100 1      -      S_ATT_HEADS
674      0      1      -      0xFFFF0100 0      0x00000000 -      0xFFFF0100 1      -      S_ATT_HEADS
675      0      1      -      0xFFFF0100 0      0x00000000 -      0xFFFF0100 1      -      S_ATT_HEADS
676      0      1      -      0xFFFF0100 0      0x00000000 -      0xFFFF0100 1      -      S_ATT_HEADS
677      0      1      -      0xFFFF0100 0      0x00000000 -      0xFFFF0100 1      -      S_ATT_HEADS
678      0      1      -      0xFFFF0100 0      0x00000000 -      0xFFFF0100 1      -      S_ATT_HEADS
679      0      1      -      0xFFFF0100 0      0x00000000 -      0xFFFF0100 1      -      S_ATT_HEADS
680      0      1      -      0xFFFF0100 0      0x00000000 -      0xFFFF0100 1      -      S_ATT_HEADS
681      0      1      -      0xFFFF0100 0      0x00000000 -      0xFFFF0100 1      -      S_ATT_HEADS
682      0      1      -      0xFFFF0100 0      0x00000000 -      0xFFFF0100 1      -      S_ATT_HEADS
683      0      1      -      0xFFFF0100 0      0x00000000 -      0xFFFF0100 1      -      S_ATT_HEADS
684      0      1      -      0xFFFF0100 0      0x00000000 -      0xFFFF0100 1      -      S_ATT_HEADS
685      0      1      -      0xFFFF0100 0      0x00000000 -      0xFFFF0100 1      -      S_ATT_HEADS
686      0      1      -      0xFFFF0100 0      0x00000000 -      0xFFFF0100 1      -      S_ATT_HEADS
687      0      1      -      0xFFFF0100 0      0x00000000 -      0xFFFF0100 1      -      S_ATT_HEADS
688      0      1      -      0xFFFF0100 0      0x00000000 -      0xFFFF0100 1      -      S_ATT_HEADS
689      0      1      -      0xFFFF0100 0      0x00000000 -      0xFFFF0100 1      -      S_ATT_HEADS
690      0      1      -      0xFFFF0100 0      0x00000000 -      0xFFFF0100 1      -      S_ATT_HEADS
691      0      1      -      0xFFFF0100 0      0x00000000 -      0xFFFF0100 1      -      S_ATT_HEADS
692      0      1      -      0xFFFF0100 0      0x00000000 -      0xFFFF0100 1      -      S_ATT_HEADS
693      0      1      -      0xFFFF0100 0      0x00000000 -      0xFFFF0100 1      -      S_ATT_HEADS
694      0      1      -      0xFFFF0100 0      0x00000000 -      0xFFFF0100 1      -      S_ATT_HEADS
695      0      1      -      0xFFFF0100 0      0x00000000 -      0xFFFF0100 1      -      S_ATT_HEADS
696      0      1      -      0xFFFF0100 0      0x00000000 -      0xFFFF0100 1      -      S_ATT_HEADS
697      0      1      -      0xFFFF0100 0      0x00000000 -      0xFFFF0100 1      -      S_ATT_HEADS
698      0      1      -      0xFFFF0100 0      0x00000000 -      0xFFFF0100 1      -      S_ATT_HEADS
699      0      1      -      0xFFFF0100 0      0x00000000 -      0xFFFF0100 1      -      S_ATT_HEADS
700      0      1      -      0xFFFF0100 0      0x00000000 -      0xFFFF0100 1      -      S_ATT_HEADS
701      0      1      -      0xFFFF0100 0      0x00000000 -      0xFFFF0100 1      -      S_ATT_HEADS
702      0      1      -      0xFFFF0100 0      0x00000000 -      0xFFFF0100 1      -      S_ATT_HEADS
703      0      1      -      0xFFFF0100 0      0x00000000 -      0xFFFF0100 1      -      S_ATT_HEADS
704      0      1      -      0xFFFF0100 0      0x00000000 -      0xFFFF0100 1      -      S_ATT_HEADS
705      0      1      -      0xFFFF0100 0      0x00000000 -      0xFFFF0100 1      -      S_ATT_HEADS
706      0      1      -      0xFFFF0100 0      0x00000000 -      0xFFFF0100 1      -      S_ATT_HEADS
707      0      1      -      0xFFFF0100 0      0x00000000 -      0xFFFF0100 1      -      S_ATT_HEADS
708      0      1      -      0xFFFF0100 0      0x00000000 -      0xFFFF0100 1      -      S_ATT_HEADS
709      0      1      -      0xFFFF0100 0      0x00000000 -      0xFFFF0100 1      -      S_ATT_HEADS
710      0      1      -      0xFFFF0100 0      0x00000000 -      0xFFFF0100 1      -      S_ATT_HEADS
711      0      1      -      0xFFFF0100 0      0x00000000 -      0xFFFF0100 1      -      S_ATT_HEADS
712      0      1      -      0xFFFF0100 0      0x00000000 -      0xFFFF0100 1      -      S_ATT_HEADS
713      0      1      -      0xFFFF0100 0      0x00000000 -      0xFFFF0100 1      -      S_ATT_HEADS
714      0      1      -      0xFFFF0100 0      0x00000000 -      0xFFFF0100 1      -      S_ATT_HEADS
715      0      1      -      0xFFFF0100 0      0x00000000 -      0xFFFF0100 1      -      S_ATT_HEADS
716      0      1      -      0xFFFF0100 0      0x00000000 -      0xFFFF0100 1      -      S_ATT_HEADS
717      0      1      -      0xFFFF0100 0      0x00000000 -      0xFFFF0100 1      -      S_ATT_HEADS
718      0      1      -      0xFFFF0100 0      0x00000000 -      0xFFFF0100 1      -      S_ATT_HEADS
719      0      1      -      0xFFFF0100 0      0x00000000 -      0xFFFF0100 1      -      S_ATT_HEADS
720      0      1      -      0xFFFF0100 0      0x00000000 -      0xFFFF0100 1      -      S_ATT_HEADS
721      0      1      -      0xFFFF0100 0      0x00000000 -      0xFFFF0100 1      -      S_ATT_HEADS
722      0      1      -      0xFFFF0100 0      0x00000000 -      0xFFFF0100 1      -      S_ATT_HEADS
723      0      1      -      0xFFFF0100 0      0x00000000 -      0xFFFF0100 1      -      S_ATT_HEADS
724      0      1      -      0xFFFF0100 0      0x00000000 -      0xFFFF0100 1      -      S_ATT_HEADS
725      0      1      -      0xFFFF0100 0      0x00000000 -      0xFFFF0100 1      -      S_ATT_HEADS
726      0      1      -      0xFFFF0100 0      0x00000000 -      0xFFFF0100 1      -      S_ATT_HEADS
727      0      1      -      0xFFFF0100 0      0x00000000 -      0xFFFF0100 1      -      S_ATT_HEADS
728      0      1      -      0xFFFF0100 0      0x00000000 -      0xFFFF0100 1      -      S_ATT_HEADS
729      0      1      -    ERROR: STREAM_OUT state never reached
ERROR: Did not remain in IDLE for 4 cycles after STREAM_OUT
ERROR: CONCAT compute op never issued
  0xFFFF0100 0      0x00000000 -      0xFFFF0100 1      -      S_ATT_HEADS
730      0      1      -      0xFFFF0100 0      0x00000000 -      0xFFFF0100 1      -      S_ATT_HEADS
731      0      1      -      0xFFFF0100 0      0x00000000 -      0xFFFF0100 1      -      S_ATT_HEADS
732      0      1      -      0xFFFF0100 0      0x00000000 -      0xFFFF0100 1      -      S_ATT_HEADS
733      0      1      -      0xFFFF0100 0      0x00000000 -      0xFFFF0100 1      -      S_ATT_HEADS
734      0      1      -      0xFFFF0100 0      0x00000000 -      0xFFFF0100 1      -      S_ATT_HEADS
735      0      1      -      0xFFFF0100 0      0x00000000 -      0xFFFF0100 1      -      S_ATT_HEADS
736      0      1      -      0xFFFF0100 0      0x00000000 -      0xFFFF0100 1      -      S_ATT_HEADS
737      0      1      -      0xFFFF0100 0      0x00000000 -      0xFFFF0100 1      -      S_ATT_HEADS
738      0      1      -      0xFFFF0100 0      0x00000000 -      0xFFFF0100 1      -      S_ATT_HEADS
739      0      1      -      0xFFFF0100 0      0x00000000 -      0xFFFF0100 1      -      S_ATT_HEADS
740      0      1      -      0xFFFF0100 0      0x00000000 -      0xFFFF0100 1      -      S_ATT_HEADS
741      0      1      -      0xFFFF0100 0      0x00000000 -      0xFFFF0100 1      -      S_ATT_HEADS
742      0      1      -      0xFFFF0100 0      0x00000000 -      0xFFFF0100 1      -      S_ATT_HEADS
743      0      1      -      0xFFFF0100 0      0x00000000 -      0xFFFF0100 1      -      S_ATT_HEADS
744      0      1      -      0xFFFF0100 0      0x00000000 -      0xFFFF0100 1      -      S_ATT_HEADS
745      0      1      -      0xFFFF0100 0      0x00000000 -      0xFFFF0100 1      -      S_ATT_HEADS
746      0      1      -      0xFFFF0100 0      0x00000000 -      0xFFFF0100 1      -      S_ATT_HEADS
747      0      1      -      0xFFFF0100 0      0x00000000 -      0xFFFF0100 1      -      S_ATT_HEADS
748      0      1      -      0xFFFF0100 0      0x00000000 -      0xFFFF0100 1      -      S_ATT_HEADS
749      0      1      -      0xFFFF0100 0      0x00000000 -      0xFFFF0100 1      -      S_ATT_HEADS
@E Simulation failed: Function 'main' returns nonzero value '1'.
ERROR: [SIM 211-100] 'csim_design' failed: nonzero return value.
INFO: [SIM 211-3] *************** CSIM finish ***************
ERROR: 4
INFO: [HLS 200-112] Total CPU user time: 3.71 seconds. Total CPU system time: 0.86 seconds. Total elapsed time: 4.51 seconds; peak allocated memory: 445.160 MB.
