INFO: [SIM 2] *************** CSIM start ***************
INFO: [SIM 4] CSIM will launch CLANG as the compiler.
   Compiling ../../../../../../../HLS-Verilog/Weight_Loader-Stager/Weight_stager_tb.cpp in debug mode
   Generating csim.exe
Cycle | start sel   layer head tile | ready mem_req err addr
    0 |   0   0         0    0    0 |   1      0     0  0x00000000
    1 |   1   1         1    2    0 |   0      1     0  0x10001200
    2 |   0   0         0    0    0 |   1      0     0  0x10001200
    3 |   0   0         0    0    0 |   1      0     0  0x10001200
    4 |   1   9         3   -1    4 |   0      1     0  0x70004C00
    5 |   0   0         0    0    0 |   1      0     0  0x70004C00
    6 |   0   0         0    0    0 |   1      0     0  0x70004C00
    7 |   1   1        -1    0    0 |   0      0     1  0x00000000
    8 |   0   0         0    0    0 |   1      0     1  0x70004C00
    9 |   0   0         0    0    0 |   1      0     1  0x70004C00
   10 |   0   0         0    0    0 |   1      0     1  0x70004C00
   11 |   0   0         0    0    0 |   1      0     1  0x70004C00
weight_stager_tb: stimulus complete.
INFO: [SIM 1] CSim done with 0 errors.
INFO: [SIM 3] *************** CSIM finish ***************
