WARNING: [v++ 60-2507] Dispatch failed to load the system diagram library librdi_system_diagram. Diagrams will not be produced.
  **** HLS Build v2025.1 6135595
INFO: [HLS 200-2005] Using work_dir /home/luka/Scripting/ELEC_498-Capstone-LiteLM/vitis_simulations/Scheduler_FSM/Scheduler_FSM_total/Scheduler_FSM_DMA_heads/scheduler_hls 
INFO: [HLS 200-2176] Writing Vitis IDE component file /home/luka/Scripting/ELEC_498-Capstone-LiteLM/vitis_simulations/Scheduler_FSM/Scheduler_FSM_total/Scheduler_FSM_DMA_heads/scheduler_hls/vitis-comp.json
INFO: [HLS 200-10] Creating and opening component '/home/luka/Scripting/ELEC_498-Capstone-LiteLM/vitis_simulations/Scheduler_FSM/Scheduler_FSM_total/Scheduler_FSM_DMA_heads/scheduler_hls'.
INFO: [HLS 200-1505] Using default flow_target 'vivado'
Resolution: For help on HLS 200-1505 see docs.xilinx.com/access/sources/dita/topic?Doc_Version=2025.1%20English&url=ug1448-hls-guidance&resourceid=200-1505.html
INFO: [HLS 200-2174] Applying component config ini file /home/luka/Scripting/ELEC_498-Capstone-LiteLM/vitis_simulations/Scheduler_FSM/Scheduler_FSM_total/Scheduler_FSM_DMA_heads/hls_config.cfg
INFO: [HLS 200-1465] Applying config ini 'syn.file=/home/luka/Scripting/ELEC_498-Capstone-LiteLM/HLS-Verilog/Scheduler_FSM/src-hls/Scheduler_FSM.hpp' from /home/luka/Scripting/ELEC_498-Capstone-LiteLM/vitis_simulations/Scheduler_FSM/Scheduler_FSM_total/Scheduler_FSM_DMA_heads/hls_config.cfg(8)
INFO: [HLS 200-10] Adding design file '/home/luka/Scripting/ELEC_498-Capstone-LiteLM/HLS-Verilog/Scheduler_FSM/src-hls/Scheduler_FSM.hpp' to the project
INFO: [HLS 200-1465] Applying config ini 'syn.file=/home/luka/Scripting/ELEC_498-Capstone-LiteLM/HLS-Verilog/Scheduler_FSM/src-hls/Scheduler_FSM.cpp' from /home/luka/Scripting/ELEC_498-Capstone-LiteLM/vitis_simulations/Scheduler_FSM/Scheduler_FSM_total/Scheduler_FSM_DMA_heads/hls_config.cfg(9)
INFO: [HLS 200-10] Adding design file '/home/luka/Scripting/ELEC_498-Capstone-LiteLM/HLS-Verilog/Scheduler_FSM/src-hls/Scheduler_FSM.cpp' to the project
INFO: [HLS 200-1465] Applying config ini 'syn.file=/home/luka/Scripting/ELEC_498-Capstone-LiteLM/HLS-Verilog/Scheduler_FSM/src-hls/Head_Helpers/head_helpers.hpp' from /home/luka/Scripting/ELEC_498-Capstone-LiteLM/vitis_simulations/Scheduler_FSM/Scheduler_FSM_total/Scheduler_FSM_DMA_heads/hls_config.cfg(10)
INFO: [HLS 200-10] Adding design file '/home/luka/Scripting/ELEC_498-Capstone-LiteLM/HLS-Verilog/Scheduler_FSM/src-hls/Head_Helpers/head_helpers.hpp' to the project
INFO: [HLS 200-1465] Applying config ini 'syn.file=/home/luka/Scripting/ELEC_498-Capstone-LiteLM/HLS-Verilog/Scheduler_FSM/src-hls/Head_Helpers/head_helpers.cpp' from /home/luka/Scripting/ELEC_498-Capstone-LiteLM/vitis_simulations/Scheduler_FSM/Scheduler_FSM_total/Scheduler_FSM_DMA_heads/hls_config.cfg(11)
INFO: [HLS 200-10] Adding design file '/home/luka/Scripting/ELEC_498-Capstone-LiteLM/HLS-Verilog/Scheduler_FSM/src-hls/Head_Helpers/head_helpers.cpp' to the project
INFO: [HLS 200-1465] Applying config ini 'tb.file=/home/luka/Scripting/ELEC_498-Capstone-LiteLM/HLS-Verilog/Scheduler_FSM/src-hls/Scheduler_tb.cpp' from /home/luka/Scripting/ELEC_498-Capstone-LiteLM/vitis_simulations/Scheduler_FSM/Scheduler_FSM_total/Scheduler_FSM_DMA_heads/hls_config.cfg(12)
INFO: [HLS 200-10] Adding test bench file '/home/luka/Scripting/ELEC_498-Capstone-LiteLM/HLS-Verilog/Scheduler_FSM/src-hls/Scheduler_tb.cpp' to the project
INFO: [HLS 200-1465] Applying config ini 'syn.top=scheduler_hls' from /home/luka/Scripting/ELEC_498-Capstone-LiteLM/vitis_simulations/Scheduler_FSM/Scheduler_FSM_total/Scheduler_FSM_DMA_heads/hls_config.cfg(7)
INFO: [HLS 200-1465] Applying config ini 'flow_target=vivado' from /home/luka/Scripting/ELEC_498-Capstone-LiteLM/vitis_simulations/Scheduler_FSM/Scheduler_FSM_total/Scheduler_FSM_DMA_heads/hls_config.cfg(4)
INFO: [HLS 200-1505] Using flow_target 'vivado'
Resolution: For help on HLS 200-1505 see docs.xilinx.com/access/sources/dita/topic?Doc_Version=2025.1%20English&url=ug1448-hls-guidance&resourceid=200-1505.html
INFO: [HLS 200-1465] Applying config ini 'part=xck26-sfvc784-2LV-c' from /home/luka/Scripting/ELEC_498-Capstone-LiteLM/vitis_simulations/Scheduler_FSM/Scheduler_FSM_total/Scheduler_FSM_DMA_heads/hls_config.cfg(1)
INFO: [HLS 200-1611] Setting target device to 'xck26-sfvc784-2LV-c'
INFO: [HLS 200-1465] Applying config ini 'clock=10ns' from /home/luka/Scripting/ELEC_498-Capstone-LiteLM/vitis_simulations/Scheduler_FSM/Scheduler_FSM_total/Scheduler_FSM_DMA_heads/hls_config.cfg(13)
INFO: [SYN 201-201] Setting up clock 'default' with a period of 10ns.
INFO: [HLS 200-1465] Applying config ini 'package.output.format=ip_catalog' from /home/luka/Scripting/ELEC_498-Capstone-LiteLM/vitis_simulations/Scheduler_FSM/Scheduler_FSM_total/Scheduler_FSM_DMA_heads/hls_config.cfg(5)
INFO: [HLS 200-2176] Writing Vitis IDE component file /home/luka/Scripting/ELEC_498-Capstone-LiteLM/vitis_simulations/Scheduler_FSM/Scheduler_FSM_total/Scheduler_FSM_DMA_heads/scheduler_hls/vitis-comp.json
INFO: [HLS 200-111] Finished File checks and directory preparation: CPU user time: 2.25 seconds. CPU system time: 0.58 seconds. Elapsed time: 2.81 seconds; current allocated memory: 445.090 MB.
INFO: [HLS 200-10] Analyzing design file '/home/luka/Scripting/ELEC_498-Capstone-LiteLM/HLS-Verilog/Scheduler_FSM/src-hls/Head_Helpers/head_helpers.cpp' ... 
INFO: [HLS 200-10] Analyzing design file '/home/luka/Scripting/ELEC_498-Capstone-LiteLM/HLS-Verilog/Scheduler_FSM/src-hls/Scheduler_FSM.cpp' ... 
WARNING: [HLS 207-5292] unused parameter 'requant_ready' (/home/luka/Scripting/ELEC_498-Capstone-LiteLM/HLS-Verilog/Scheduler_FSM/src-hls/Scheduler_FSM.cpp:46:10)
WARNING: [HLS 207-5292] unused parameter 'requant_done' (/home/luka/Scripting/ELEC_498-Capstone-LiteLM/HLS-Verilog/Scheduler_FSM/src-hls/Scheduler_FSM.cpp:47:10)
INFO: [HLS 200-111] Finished Source Code Analysis and Preprocessing: CPU user time: 0.46 seconds. CPU system time: 0.68 seconds. Elapsed time: 1.13 seconds; current allocated memory: 447.492 MB.
INFO: [HLS 200-777] Using interface defaults for 'Vivado' flow target.
INFO: [HLS 200-1995] There were 1,689 instructions in the design after the 'Compile/Link' phase of compilation. See the Design Size Report for more details (/home/luka/Scripting/ELEC_498-Capstone-LiteLM/vitis_simulations/Scheduler_FSM/Scheduler_FSM_total/Scheduler_FSM_DMA_heads/scheduler_hls/hls/syn/report/csynth_design_size.rpt:2)
INFO: [HLS 200-1995] There were 2,582 instructions in the design after the 'Unroll/Inline (step 1)' phase of compilation. See the Design Size Report for more details (/home/luka/Scripting/ELEC_498-Capstone-LiteLM/vitis_simulations/Scheduler_FSM/Scheduler_FSM_total/Scheduler_FSM_DMA_heads/scheduler_hls/hls/syn/report/csynth_design_size.rpt:2)
INFO: [HLS 200-1995] There were 2,113 instructions in the design after the 'Unroll/Inline (step 2)' phase of compilation. See the Design Size Report for more details (/home/luka/Scripting/ELEC_498-Capstone-LiteLM/vitis_simulations/Scheduler_FSM/Scheduler_FSM_total/Scheduler_FSM_DMA_heads/scheduler_hls/hls/syn/report/csynth_design_size.rpt:2)
INFO: [HLS 200-1995] There were 2,081 instructions in the design after the 'Unroll/Inline (step 3)' phase of compilation. See the Design Size Report for more details (/home/luka/Scripting/ELEC_498-Capstone-LiteLM/vitis_simulations/Scheduler_FSM/Scheduler_FSM_total/Scheduler_FSM_DMA_heads/scheduler_hls/hls/syn/report/csynth_design_size.rpt:2)
INFO: [HLS 200-1995] There were 2,074 instructions in the design after the 'Unroll/Inline (step 4)' phase of compilation. See the Design Size Report for more details (/home/luka/Scripting/ELEC_498-Capstone-LiteLM/vitis_simulations/Scheduler_FSM/Scheduler_FSM_total/Scheduler_FSM_DMA_heads/scheduler_hls/hls/syn/report/csynth_design_size.rpt:2)
INFO: [HLS 200-1995] There were 2,806 instructions in the design after the 'Array/Struct (step 1)' phase of compilation. See the Design Size Report for more details (/home/luka/Scripting/ELEC_498-Capstone-LiteLM/vitis_simulations/Scheduler_FSM/Scheduler_FSM_total/Scheduler_FSM_DMA_heads/scheduler_hls/hls/syn/report/csynth_design_size.rpt:2)
INFO: [HLS 200-1995] There were 2,678 instructions in the design after the 'Array/Struct (step 2)' phase of compilation. See the Design Size Report for more details (/home/luka/Scripting/ELEC_498-Capstone-LiteLM/vitis_simulations/Scheduler_FSM/Scheduler_FSM_total/Scheduler_FSM_DMA_heads/scheduler_hls/hls/syn/report/csynth_design_size.rpt:2)
INFO: [HLS 200-1995] There were 5,702 instructions in the design after the 'Array/Struct (step 3)' phase of compilation. See the Design Size Report for more details (/home/luka/Scripting/ELEC_498-Capstone-LiteLM/vitis_simulations/Scheduler_FSM/Scheduler_FSM_total/Scheduler_FSM_DMA_heads/scheduler_hls/hls/syn/report/csynth_design_size.rpt:2)
INFO: [HLS 200-1995] There were 3,862 instructions in the design after the 'Array/Struct (step 4)' phase of compilation. See the Design Size Report for more details (/home/luka/Scripting/ELEC_498-Capstone-LiteLM/vitis_simulations/Scheduler_FSM/Scheduler_FSM_total/Scheduler_FSM_DMA_heads/scheduler_hls/hls/syn/report/csynth_design_size.rpt:2)
INFO: [HLS 200-1995] There were 3,862 instructions in the design after the 'Array/Struct (step 5)' phase of compilation. See the Design Size Report for more details (/home/luka/Scripting/ELEC_498-Capstone-LiteLM/vitis_simulations/Scheduler_FSM/Scheduler_FSM_total/Scheduler_FSM_DMA_heads/scheduler_hls/hls/syn/report/csynth_design_size.rpt:2)
INFO: [HLS 200-1995] There were 2,636 instructions in the design after the 'Performance (step 1)' phase of compilation. See the Design Size Report for more details (/home/luka/Scripting/ELEC_498-Capstone-LiteLM/vitis_simulations/Scheduler_FSM/Scheduler_FSM_total/Scheduler_FSM_DMA_heads/scheduler_hls/hls/syn/report/csynth_design_size.rpt:2)
INFO: [HLS 200-1995] There were 2,636 instructions in the design after the 'Performance (step 2)' phase of compilation. See the Design Size Report for more details (/home/luka/Scripting/ELEC_498-Capstone-LiteLM/vitis_simulations/Scheduler_FSM/Scheduler_FSM_total/Scheduler_FSM_DMA_heads/scheduler_hls/hls/syn/report/csynth_design_size.rpt:2)
INFO: [HLS 200-1995] There were 2,636 instructions in the design after the 'Performance (step 3)' phase of compilation. See the Design Size Report for more details (/home/luka/Scripting/ELEC_498-Capstone-LiteLM/vitis_simulations/Scheduler_FSM/Scheduler_FSM_total/Scheduler_FSM_DMA_heads/scheduler_hls/hls/syn/report/csynth_design_size.rpt:2)
INFO: [HLS 200-1995] There were 2,415 instructions in the design after the 'Performance (step 4)' phase of compilation. See the Design Size Report for more details (/home/luka/Scripting/ELEC_498-Capstone-LiteLM/vitis_simulations/Scheduler_FSM/Scheduler_FSM_total/Scheduler_FSM_DMA_heads/scheduler_hls/hls/syn/report/csynth_design_size.rpt:2)
INFO: [HLS 200-1995] There were 2,405 instructions in the design after the 'HW Transforms (step 1)' phase of compilation. See the Design Size Report for more details (/home/luka/Scripting/ELEC_498-Capstone-LiteLM/vitis_simulations/Scheduler_FSM/Scheduler_FSM_total/Scheduler_FSM_DMA_heads/scheduler_hls/hls/syn/report/csynth_design_size.rpt:2)
INFO: [HLS 200-1995] There were 2,306 instructions in the design after the 'HW Transforms (step 2)' phase of compilation. See the Design Size Report for more details (/home/luka/Scripting/ELEC_498-Capstone-LiteLM/vitis_simulations/Scheduler_FSM/Scheduler_FSM_total/Scheduler_FSM_DMA_heads/scheduler_hls/hls/syn/report/csynth_design_size.rpt:2)
INFO: [HLS 214-131] Inlining function 'run_single_head(HeadCtx&, int, bool)' into 'drive_group_head_phase(HeadCtx (&) [1], int, int, bool)' (/home/luka/Scripting/ELEC_498-Capstone-LiteLM/HLS-Verilog/Scheduler_FSM/src-hls/Head_Helpers/head_helpers.cpp:314:36)
INFO: [HLS 214-186] Unrolling loop 'VITIS_LOOP_354_2' (/home/luka/Scripting/ELEC_498-Capstone-LiteLM/HLS-Verilog/Scheduler_FSM/src-hls/Scheduler_FSM.cpp:354:25) in function 'scheduler_hls' completely with a factor of 4 (/home/luka/Scripting/ELEC_498-Capstone-LiteLM/HLS-Verilog/Scheduler_FSM/src-hls/Scheduler_FSM.cpp:76:0)
INFO: [HLS 214-186] Unrolling loop 'VITIS_LOOP_424_4' (/home/luka/Scripting/ELEC_498-Capstone-LiteLM/HLS-Verilog/Scheduler_FSM/src-hls/Scheduler_FSM.cpp:424:25) in function 'scheduler_hls' completely with a factor of 1 (/home/luka/Scripting/ELEC_498-Capstone-LiteLM/HLS-Verilog/Scheduler_FSM/src-hls/Scheduler_FSM.cpp:76:0)
INFO: [HLS 214-186] Unrolling loop 'VITIS_LOOP_408_3' (/home/luka/Scripting/ELEC_498-Capstone-LiteLM/HLS-Verilog/Scheduler_FSM/src-hls/Scheduler_FSM.cpp:408:20) in function 'scheduler_hls' completely with a factor of 1 (/home/luka/Scripting/ELEC_498-Capstone-LiteLM/HLS-Verilog/Scheduler_FSM/src-hls/Scheduler_FSM.cpp:76:0)
INFO: [HLS 214-186] Unrolling loop 'VITIS_LOOP_175_1' (/home/luka/Scripting/ELEC_498-Capstone-LiteLM/HLS-Verilog/Scheduler_FSM/src-hls/Scheduler_FSM.cpp:175:23) in function 'scheduler_hls' completely with a factor of 4 (/home/luka/Scripting/ELEC_498-Capstone-LiteLM/HLS-Verilog/Scheduler_FSM/src-hls/Scheduler_FSM.cpp:76:0)
INFO: [HLS 214-186] Unrolling loop 'VITIS_LOOP_301_1' (/home/luka/Scripting/ELEC_498-Capstone-LiteLM/HLS-Verilog/Scheduler_FSM/src-hls/Head_Helpers/head_helpers.cpp:301:23) in function 'drive_group_head_phase' completely with a factor of 1 (/home/luka/Scripting/ELEC_498-Capstone-LiteLM/HLS-Verilog/Scheduler_FSM/src-hls/Head_Helpers/head_helpers.cpp:295:0)
INFO: [HLS 214-178] Inlining function 'init_head_ctx(HeadCtx&, int, int) (.4)' into 'drive_group_head_phase(HeadCtx (&) [1], int, int, bool)' (/home/luka/Scripting/ELEC_498-Capstone-LiteLM/HLS-Verilog/Scheduler_FSM/src-hls/Head_Helpers/head_helpers.cpp:295:0)
INFO: [HLS 214-178] Inlining function 'HeadCtx::HeadCtx()' into 'scheduler_hls(bool, bool, unsigned int&, bool&, bool&, bool, bool, bool&, bool, bool&, DmaSel&, int&, int&, int&, bool, bool, bool, bool, bool, HeadCtx (&) [4], bool&, int&, bool&, int&, bool, bool&, bool, bool&, unsigned int&, SchedState&)' (/home/luka/Scripting/ELEC_498-Capstone-LiteLM/HLS-Verilog/Scheduler_FSM/src-hls/Scheduler_FSM.cpp:76:0)
INFO: [HLS 214-178] Inlining function 'init_head_ctx(HeadCtx&, int, int) (.4)' into 'scheduler_hls(bool, bool, unsigned int&, bool&, bool&, bool, bool, bool&, bool, bool&, DmaSel&, int&, int&, int&, bool, bool, bool, bool, bool, HeadCtx (&) [4], bool&, int&, bool&, int&, bool, bool&, bool, bool&, unsigned int&, SchedState&)' (/home/luka/Scripting/ELEC_498-Capstone-LiteLM/HLS-Verilog/Scheduler_FSM/src-hls/Scheduler_FSM.cpp:76:0)
INFO: [HLS 214-248] Applying array_partition to 'head_group.layer_stamp': Complete partitioning on dimension 1. (/home/luka/Scripting/ELEC_498-Capstone-LiteLM/HLS-Verilog/Scheduler_FSM/src-hls/Scheduler_FSM.cpp:404:15)
INFO: [HLS 214-248] Applying array_partition to 'head_group.head_idx': Complete partitioning on dimension 1. (/home/luka/Scripting/ELEC_498-Capstone-LiteLM/HLS-Verilog/Scheduler_FSM/src-hls/Scheduler_FSM.cpp:404:15)
INFO: [HLS 214-248] Applying array_partition to 'head_group.phase': Complete partitioning on dimension 1. (/home/luka/Scripting/ELEC_498-Capstone-LiteLM/HLS-Verilog/Scheduler_FSM/src-hls/Scheduler_FSM.cpp:404:15)
INFO: [HLS 214-248] Applying array_partition to 'head_group.compute_ready': Complete partitioning on dimension 1. (/home/luka/Scripting/ELEC_498-Capstone-LiteLM/HLS-Verilog/Scheduler_FSM/src-hls/Scheduler_FSM.cpp:404:15)
INFO: [HLS 214-248] Applying array_partition to 'head_group.compute_done': Complete partitioning on dimension 1. (/home/luka/Scripting/ELEC_498-Capstone-LiteLM/HLS-Verilog/Scheduler_FSM/src-hls/Scheduler_FSM.cpp:404:15)
INFO: [HLS 214-248] Applying array_partition to 'head_group.compute_start': Complete partitioning on dimension 1. (/home/luka/Scripting/ELEC_498-Capstone-LiteLM/HLS-Verilog/Scheduler_FSM/src-hls/Scheduler_FSM.cpp:404:15)
INFO: [HLS 214-248] Applying array_partition to 'head_group.compute_op': Complete partitioning on dimension 1. (/home/luka/Scripting/ELEC_498-Capstone-LiteLM/HLS-Verilog/Scheduler_FSM/src-hls/Scheduler_FSM.cpp:404:15)
INFO: [HLS 214-248] Applying array_partition to 'head_group.last_compute_op': Complete partitioning on dimension 1. (/home/luka/Scripting/ELEC_498-Capstone-LiteLM/HLS-Verilog/Scheduler_FSM/src-hls/Scheduler_FSM.cpp:404:15)
INFO: [HLS 214-248] Applying array_partition to 'head_group.last_wl_addr': Complete partitioning on dimension 1. (/home/luka/Scripting/ELEC_498-Capstone-LiteLM/HLS-Verilog/Scheduler_FSM/src-hls/Scheduler_FSM.cpp:404:15)
INFO: [HLS 214-248] Applying array_partition to 'head_group.wl_ready': Complete partitioning on dimension 1. (/home/luka/Scripting/ELEC_498-Capstone-LiteLM/HLS-Verilog/Scheduler_FSM/src-hls/Scheduler_FSM.cpp:404:15)
INFO: [HLS 214-248] Applying array_partition to 'head_group.wl_start': Complete partitioning on dimension 1. (/home/luka/Scripting/ELEC_498-Capstone-LiteLM/HLS-Verilog/Scheduler_FSM/src-hls/Scheduler_FSM.cpp:404:15)
INFO: [HLS 214-248] Applying array_partition to 'head_group.wl_addr_sel': Complete partitioning on dimension 1. (/home/luka/Scripting/ELEC_498-Capstone-LiteLM/HLS-Verilog/Scheduler_FSM/src-hls/Scheduler_FSM.cpp:404:15)
INFO: [HLS 214-248] Applying array_partition to 'head_group.wl_layer': Complete partitioning on dimension 1. (/home/luka/Scripting/ELEC_498-Capstone-LiteLM/HLS-Verilog/Scheduler_FSM/src-hls/Scheduler_FSM.cpp:404:15)
INFO: [HLS 214-248] Applying array_partition to 'head_group.wl_head': Complete partitioning on dimension 1. (/home/luka/Scripting/ELEC_498-Capstone-LiteLM/HLS-Verilog/Scheduler_FSM/src-hls/Scheduler_FSM.cpp:404:15)
INFO: [HLS 214-248] Applying array_partition to 'head_group.dma_done': Complete partitioning on dimension 1. (/home/luka/Scripting/ELEC_498-Capstone-LiteLM/HLS-Verilog/Scheduler_FSM/src-hls/Scheduler_FSM.cpp:404:15)
INFO: [HLS 214-248] Applying array_partition to 'head_group.start_head': Complete partitioning on dimension 1. (/home/luka/Scripting/ELEC_498-Capstone-LiteLM/HLS-Verilog/Scheduler_FSM/src-hls/Scheduler_FSM.cpp:404:15)
INFO: [HLS 214-248] Applying array_partition to 'head_group.q_started': Complete partitioning on dimension 1. (/home/luka/Scripting/ELEC_498-Capstone-LiteLM/HLS-Verilog/Scheduler_FSM/src-hls/Scheduler_FSM.cpp:404:15)
INFO: [HLS 214-248] Applying array_partition to 'head_group.k_started': Complete partitioning on dimension 1. (/home/luka/Scripting/ELEC_498-Capstone-LiteLM/HLS-Verilog/Scheduler_FSM/src-hls/Scheduler_FSM.cpp:404:15)
INFO: [HLS 214-248] Applying array_partition to 'head_group.v_started': Complete partitioning on dimension 1. (/home/luka/Scripting/ELEC_498-Capstone-LiteLM/HLS-Verilog/Scheduler_FSM/src-hls/Scheduler_FSM.cpp:404:15)
INFO: [HLS 214-248] Applying array_partition to 'head_group.att_scores_started': Complete partitioning on dimension 1. (/home/luka/Scripting/ELEC_498-Capstone-LiteLM/HLS-Verilog/Scheduler_FSM/src-hls/Scheduler_FSM.cpp:404:15)
INFO: [HLS 214-248] Applying array_partition to 'head_group.val_scale_started': Complete partitioning on dimension 1. (/home/luka/Scripting/ELEC_498-Capstone-LiteLM/HLS-Verilog/Scheduler_FSM/src-hls/Scheduler_FSM.cpp:404:15)
INFO: [HLS 214-248] Applying array_partition to 'head_group.softmax_started': Complete partitioning on dimension 1. (/home/luka/Scripting/ELEC_498-Capstone-LiteLM/HLS-Verilog/Scheduler_FSM/src-hls/Scheduler_FSM.cpp:404:15)
INFO: [HLS 214-248] Applying array_partition to 'head_group.att_value_started': Complete partitioning on dimension 1. (/home/luka/Scripting/ELEC_498-Capstone-LiteLM/HLS-Verilog/Scheduler_FSM/src-hls/Scheduler_FSM.cpp:404:15)
INFO: [HLS 214-248] Applying array_partition to 'head_group.q_compute_done': Complete partitioning on dimension 1. (/home/luka/Scripting/ELEC_498-Capstone-LiteLM/HLS-Verilog/Scheduler_FSM/src-hls/Scheduler_FSM.cpp:404:15)
INFO: [HLS 214-248] Applying array_partition to 'head_group.k_compute_done': Complete partitioning on dimension 1. (/home/luka/Scripting/ELEC_498-Capstone-LiteLM/HLS-Verilog/Scheduler_FSM/src-hls/Scheduler_FSM.cpp:404:15)
INFO: [HLS 214-248] Applying array_partition to 'head_group.v_compute_done': Complete partitioning on dimension 1. (/home/luka/Scripting/ELEC_498-Capstone-LiteLM/HLS-Verilog/Scheduler_FSM/src-hls/Scheduler_FSM.cpp:404:15)
INFO: [HLS 214-248] Applying array_partition to 'head_group.att_scores_compute_done': Complete partitioning on dimension 1. (/home/luka/Scripting/ELEC_498-Capstone-LiteLM/HLS-Verilog/Scheduler_FSM/src-hls/Scheduler_FSM.cpp:404:15)
INFO: [HLS 214-248] Applying array_partition to 'head_group.val_scale_compute_done': Complete partitioning on dimension 1. (/home/luka/Scripting/ELEC_498-Capstone-LiteLM/HLS-Verilog/Scheduler_FSM/src-hls/Scheduler_FSM.cpp:404:15)
INFO: [HLS 214-248] Applying array_partition to 'head_group.softmax_compute_done': Complete partitioning on dimension 1. (/home/luka/Scripting/ELEC_498-Capstone-LiteLM/HLS-Verilog/Scheduler_FSM/src-hls/Scheduler_FSM.cpp:404:15)
INFO: [HLS 214-248] Applying array_partition to 'head_group.att_value_compute_done': Complete partitioning on dimension 1. (/home/luka/Scripting/ELEC_498-Capstone-LiteLM/HLS-Verilog/Scheduler_FSM/src-hls/Scheduler_FSM.cpp:404:15)
INFO: [HLS 214-248] Applying array_partition to 'head_group.q_dma_done': Complete partitioning on dimension 1. (/home/luka/Scripting/ELEC_498-Capstone-LiteLM/HLS-Verilog/Scheduler_FSM/src-hls/Scheduler_FSM.cpp:404:15)
INFO: [HLS 214-248] Applying array_partition to 'head_group.k_dma_done': Complete partitioning on dimension 1. (/home/luka/Scripting/ELEC_498-Capstone-LiteLM/HLS-Verilog/Scheduler_FSM/src-hls/Scheduler_FSM.cpp:404:15)
INFO: [HLS 214-248] Applying array_partition to 'head_group.v_dma_done': Complete partitioning on dimension 1. (/home/luka/Scripting/ELEC_498-Capstone-LiteLM/HLS-Verilog/Scheduler_FSM/src-hls/Scheduler_FSM.cpp:404:15)
INFO: [HLS 214-248] Applying array_partition to 'head_group.att_scores_dma_done': Complete partitioning on dimension 1. (/home/luka/Scripting/ELEC_498-Capstone-LiteLM/HLS-Verilog/Scheduler_FSM/src-hls/Scheduler_FSM.cpp:404:15)
INFO: [HLS 214-248] Applying array_partition to 'head_group.val_scale_dma_done': Complete partitioning on dimension 1. (/home/luka/Scripting/ELEC_498-Capstone-LiteLM/HLS-Verilog/Scheduler_FSM/src-hls/Scheduler_FSM.cpp:404:15)
INFO: [HLS 214-248] Applying array_partition to 'head_group.att_value_dma_done': Complete partitioning on dimension 1. (/home/luka/Scripting/ELEC_498-Capstone-LiteLM/HLS-Verilog/Scheduler_FSM/src-hls/Scheduler_FSM.cpp:404:15)
INFO: [HLS 214-248] Applying array_partition to 'head_ctx_ref': Complete partitioning on dimension 1. (/home/luka/Scripting/ELEC_498-Capstone-LiteLM/HLS-Verilog/Scheduler_FSM/src-hls/Scheduler_FSM.cpp:76:0)
INFO: [HLS 214-241] Aggregating scalar variable 'head_ctx_ref_3' with compact=bit mode in 195-bits (/home/luka/Scripting/ELEC_498-Capstone-LiteLM/HLS-Verilog/Scheduler_FSM/src-hls/Scheduler_FSM.cpp:76:0)
INFO: [HLS 214-241] Aggregating scalar variable 'head_ctx_ref_2' with compact=bit mode in 195-bits (/home/luka/Scripting/ELEC_498-Capstone-LiteLM/HLS-Verilog/Scheduler_FSM/src-hls/Scheduler_FSM.cpp:76:0)
INFO: [HLS 214-241] Aggregating scalar variable 'head_ctx_ref_1' with compact=bit mode in 195-bits (/home/luka/Scripting/ELEC_498-Capstone-LiteLM/HLS-Verilog/Scheduler_FSM/src-hls/Scheduler_FSM.cpp:76:0)
INFO: [HLS 214-241] Aggregating scalar variable 'head_ctx_ref_0' with compact=bit mode in 195-bits (/home/luka/Scripting/ELEC_498-Capstone-LiteLM/HLS-Verilog/Scheduler_FSM/src-hls/Scheduler_FSM.cpp:76:0)
INFO: [HLS 200-111] Finished Compiling Optimization and Transform: CPU user time: 3.49 seconds. CPU system time: 0.55 seconds. Elapsed time: 6.91 seconds; current allocated memory: 449.688 MB.
INFO: [HLS 200-111] Finished Checking Pragmas: CPU user time: 0 seconds. CPU system time: 0 seconds. Elapsed time: 0 seconds; current allocated memory: 449.688 MB.
INFO: [HLS 200-10] Starting code transformations ...
INFO: [HLS 200-111] Finished Standard Transforms: CPU user time: 0.07 seconds. CPU system time: 0 seconds. Elapsed time: 0.07 seconds; current allocated memory: 451.355 MB.
INFO: [HLS 200-10] Checking synthesizability ...
INFO: [XFORM 203-602] Inlining function 'init_head_ctx' into 'scheduler_hls' (/home/luka/Scripting/ELEC_498-Capstone-LiteLM/HLS-Verilog/Scheduler_FSM/src-hls/Scheduler_FSM.cpp:177) automatically.
INFO: [HLS 200-111] Finished Checking Synthesizability: CPU user time: 0.09 seconds. CPU system time: 0 seconds. Elapsed time: 0.09 seconds; current allocated memory: 453.020 MB.
INFO: [XFORM 203-602] Inlining function 'init_head_ctx' into 'scheduler_hls' (/home/luka/Scripting/ELEC_498-Capstone-LiteLM/HLS-Verilog/Scheduler_FSM/src-hls/Scheduler_FSM.cpp:177) automatically.
INFO: [XFORM 203-401] Performing if-conversion on hyperblock from (/home/luka/Scripting/ELEC_498-Capstone-LiteLM/HLS-Verilog/Scheduler_FSM/src-hls/Scheduler_FSM.cpp:223:21) to (/home/luka/Scripting/ELEC_498-Capstone-LiteLM/HLS-Verilog/Scheduler_FSM/src-hls/Scheduler_FSM.cpp:283:3) in function 'scheduler_hls'... converting 14 basic blocks.
INFO: [XFORM 203-401] Performing if-conversion on hyperblock from (/home/luka/Scripting/ELEC_498-Capstone-LiteLM/HLS-Verilog/Scheduler_FSM/src-hls/Head_Helpers/head_helpers.cpp:56:9) to (/home/luka/Scripting/ELEC_498-Capstone-LiteLM/HLS-Verilog/Scheduler_FSM/src-hls/Head_Helpers/head_helpers.cpp:115:5) in function 'drive_group_head_phase'... converting 8 basic blocks.
INFO: [XFORM 203-11] Balancing expressions in function 'scheduler_hls' (/home/luka/Scripting/ELEC_498-Capstone-LiteLM/HLS-Verilog/Scheduler_FSM/src-hls/Scheduler_FSM.cpp:5:1)...9 expression(s) balanced.
INFO: [HLS 200-111] Finished Loop, function and other optimizations: CPU user time: 0.31 seconds. CPU system time: 0.01 seconds. Elapsed time: 0.32 seconds; current allocated memory: 476.867 MB.
INFO: [HLS 200-111] Finished Architecture Synthesis: CPU user time: 0.22 seconds. CPU system time: 0.01 seconds. Elapsed time: 0.24 seconds; current allocated memory: 484.492 MB.
INFO: [HLS 200-10] Starting hardware synthesis ...
INFO: [HLS 200-10] Synthesizing 'scheduler_hls' ...
INFO: [HLS 200-10] ----------------------------------------------------------------
INFO: [HLS 200-42] -- Implementing module 'drive_group_head_phase' 
INFO: [HLS 200-10] ----------------------------------------------------------------
INFO: [SCHED 204-11] Starting scheduling ...
INFO: [SCHED 204-11] Finished scheduling.
INFO: [HLS 200-111] Finished Scheduling: CPU user time: 0.23 seconds. CPU system time: 0.03 seconds. Elapsed time: 0.26 seconds; current allocated memory: 491.555 MB.
INFO: [BIND 205-100] Starting micro-architecture generation ...
INFO: [BIND 205-101] Performing variable lifetime analysis.
INFO: [BIND 205-101] Exploring resource sharing.
INFO: [BIND 205-101] Binding ...
INFO: [BIND 205-100] Finished micro-architecture generation.
INFO: [HLS 200-111] Finished Binding: CPU user time: 0.09 seconds. CPU system time: 0 seconds. Elapsed time: 0.09 seconds; current allocated memory: 491.555 MB.
INFO: [HLS 200-10] ----------------------------------------------------------------
INFO: [HLS 200-42] -- Implementing module 'scheduler_hls' 
INFO: [HLS 200-10] ----------------------------------------------------------------
INFO: [SCHED 204-11] Starting scheduling ...
INFO: [SCHED 204-11] Finished scheduling.
INFO: [HLS 200-111] Finished Scheduling: CPU user time: 0.95 seconds. CPU system time: 0.01 seconds. Elapsed time: 0.97 seconds; current allocated memory: 502.008 MB.
INFO: [BIND 205-100] Starting micro-architecture generation ...
INFO: [BIND 205-101] Performing variable lifetime analysis.
INFO: [BIND 205-101] Exploring resource sharing.
INFO: [BIND 205-101] Binding ...
INFO: [BIND 205-100] Finished micro-architecture generation.
INFO: [HLS 200-111] Finished Binding: CPU user time: 0.33 seconds. CPU system time: 0.01 seconds. Elapsed time: 0.33 seconds; current allocated memory: 502.008 MB.
INFO: [HLS 200-10] ----------------------------------------------------------------
INFO: [HLS 200-10] -- Generating RTL for module 'drive_group_head_phase' 
INFO: [HLS 200-10] ----------------------------------------------------------------
INFO: [RTGEN 206-100] Finished creating RTL model for 'drive_group_head_phase'.
INFO: [HLS 200-111] Finished Creating RTL model: CPU user time: 0.2 seconds. CPU system time: 0.01 seconds. Elapsed time: 0.21 seconds; current allocated memory: 508.582 MB.
INFO: [HLS 200-10] ----------------------------------------------------------------
INFO: [HLS 200-10] -- Generating RTL for module 'scheduler_hls' 
INFO: [HLS 200-10] ----------------------------------------------------------------
INFO: [RTGEN 206-500] Setting interface mode on port 'scheduler_hls/cntrl_start' to 'ap_none'.
INFO: [RTGEN 206-500] Setting interface mode on port 'scheduler_hls/cntrl_reset_n' to 'ap_none'.
INFO: [RTGEN 206-500] Setting interface mode on port 'scheduler_hls/cntrl_layer_idx' to 'ap_vld'.
INFO: [RTGEN 206-500] Setting interface mode on port 'scheduler_hls/cntrl_busy' to 'ap_vld'.
INFO: [RTGEN 206-500] Setting interface mode on port 'scheduler_hls/cntrl_start_out' to 'ap_vld'.
INFO: [RTGEN 206-500] Setting interface mode on port 'scheduler_hls/axis_in_valid' to 'ap_none'.
INFO: [RTGEN 206-500] Setting interface mode on port 'scheduler_hls/axis_in_last' to 'ap_none'.
INFO: [RTGEN 206-500] Setting interface mode on port 'scheduler_hls/axis_in_ready' to 'ap_vld'.
INFO: [RTGEN 206-500] Setting interface mode on port 'scheduler_hls/wl_ready' to 'ap_none'.
INFO: [RTGEN 206-500] Setting interface mode on port 'scheduler_hls/wl_start' to 'ap_vld'.
INFO: [RTGEN 206-500] Setting interface mode on port 'scheduler_hls/wl_addr_sel' to 'ap_vld'.
INFO: [RTGEN 206-500] Setting interface mode on port 'scheduler_hls/wl_layer' to 'ap_vld'.
INFO: [RTGEN 206-500] Setting interface mode on port 'scheduler_hls/wl_head' to 'ap_vld'.
INFO: [RTGEN 206-500] Setting interface mode on port 'scheduler_hls/wl_tile' to 'ap_vld'.
INFO: [RTGEN 206-500] Setting interface mode on port 'scheduler_hls/dma_done' to 'ap_none'.
INFO: [RTGEN 206-500] Setting interface mode on port 'scheduler_hls/compute_ready' to 'ap_none'.
INFO: [RTGEN 206-500] Setting interface mode on port 'scheduler_hls/compute_done' to 'ap_none'.
INFO: [RTGEN 206-500] Setting interface mode on port 'scheduler_hls/requant_ready' to 'ap_none'.
INFO: [RTGEN 206-500] Setting interface mode on port 'scheduler_hls/requant_done' to 'ap_none'.
INFO: [RTGEN 206-500] Setting interface mode on port 'scheduler_hls/head_ctx_ref_0' to 'ap_ovld'.
INFO: [RTGEN 206-500] Setting interface mode on port 'scheduler_hls/head_ctx_ref_1' to 'ap_ovld'.
INFO: [RTGEN 206-500] Setting interface mode on port 'scheduler_hls/head_ctx_ref_2' to 'ap_ovld'.
INFO: [RTGEN 206-500] Setting interface mode on port 'scheduler_hls/head_ctx_ref_3' to 'ap_ovld'.
INFO: [RTGEN 206-500] Setting interface mode on port 'scheduler_hls/compute_start' to 'ap_vld'.
INFO: [RTGEN 206-500] Setting interface mode on port 'scheduler_hls/compute_op' to 'ap_vld'.
INFO: [RTGEN 206-500] Setting interface mode on port 'scheduler_hls/requant_start' to 'ap_vld'.
INFO: [RTGEN 206-500] Setting interface mode on port 'scheduler_hls/requant_op' to 'ap_vld'.
INFO: [RTGEN 206-500] Setting interface mode on port 'scheduler_hls/stream_ready' to 'ap_none'.
INFO: [RTGEN 206-500] Setting interface mode on port 'scheduler_hls/stream_start' to 'ap_vld'.
INFO: [RTGEN 206-500] Setting interface mode on port 'scheduler_hls/stream_done' to 'ap_none'.
INFO: [RTGEN 206-500] Setting interface mode on port 'scheduler_hls/done' to 'ap_vld'.
INFO: [RTGEN 206-500] Setting interface mode on port 'scheduler_hls/debug_compute_done' to 'ap_vld'.
INFO: [RTGEN 206-500] Setting interface mode on port 'scheduler_hls/STATE' to 'ap_vld'.
INFO: [RTGEN 206-500] Setting interface mode on function 'scheduler_hls' to 'ap_ctrl_hs'.
WARNING: [RTGEN 206-101] Register 'attn_started' is power-on initialization.
WARNING: [RTGEN 206-101] Register 'attn_compute_done' is power-on initialization.
WARNING: [RTGEN 206-101] Register 'group_idx' is power-on initialization.
WARNING: [RTGEN 206-101] Register 'start_head_group' is power-on initialization.
WARNING: [RTGEN 206-101] Register 'concat_compute_done' is power-on initialization.
WARNING: [RTGEN 206-101] Register 'concat_started' is power-on initialization.
WARNING: [RTGEN 206-101] Register 'outproj_started' is power-on initialization.
WARNING: [RTGEN 206-101] Register 'outproj_compute_done' is power-on initialization.
WARNING: [RTGEN 206-101] Register 'resid0_started' is power-on initialization.
WARNING: [RTGEN 206-101] Register 'resid0_compute_done' is power-on initialization.
WARNING: [RTGEN 206-101] Register 'ln0_started' is power-on initialization.
WARNING: [RTGEN 206-101] Register 'ln0_compute_done' is power-on initialization.
WARNING: [RTGEN 206-101] Register 'ffn_w1_compute_done' is power-on initialization.
WARNING: [RTGEN 206-101] Register 'ffn_act_compute_done' is power-on initialization.
WARNING: [RTGEN 206-101] Register 'ffn_w2_compute_done' is power-on initialization.
WARNING: [RTGEN 206-101] Register 'ffn_stage' is power-on initialization.
WARNING: [RTGEN 206-101] Register 'ffn_started' is power-on initialization.
WARNING: [RTGEN 206-101] Register 'resid1_started' is power-on initialization.
WARNING: [RTGEN 206-101] Register 'resid1_compute_done' is power-on initialization.
WARNING: [RTGEN 206-101] Register 'ln1_started' is power-on initialization.
WARNING: [RTGEN 206-101] Register 'ln1_compute_done' is power-on initialization.
WARNING: [RTGEN 206-101] Register 'st' is power-on initialization.
WARNING: [RTGEN 206-101] Register 'layer_idx' is power-on initialization.
WARNING: [RTGEN 206-101] Register 'stream_started' is power-on initialization.
WARNING: [RTGEN 206-101] Register 'wo_tile' is power-on initialization.
WARNING: [RTGEN 206-101] Register 'wo_dma_busy' is power-on initialization.
WARNING: [RTGEN 206-101] Register 'wo_comp_busy' is power-on initialization.
WARNING: [RTGEN 206-101] Register 'w1_tile' is power-on initialization.
WARNING: [RTGEN 206-101] Register 'w1_dma_busy' is power-on initialization.
WARNING: [RTGEN 206-101] Register 'w1_comp_busy' is power-on initialization.
WARNING: [RTGEN 206-101] Register 'w2_tile' is power-on initialization.
WARNING: [RTGEN 206-101] Register 'w2_dma_busy' is power-on initialization.
WARNING: [RTGEN 206-101] Register 'w2_comp_busy' is power-on initialization.
WARNING: [RTGEN 206-101] Port 'scheduler_hls/requant_ready' has no fanin or fanout and is left dangling.
               Please use C simulation to confirm this function argument can be read from or written to.
WARNING: [RTGEN 206-101] Port 'scheduler_hls/requant_done' has no fanin or fanout and is left dangling.
               Please use C simulation to confirm this function argument can be read from or written to.
INFO: [RTGEN 206-100] Generating core module 'sparsemux_9_2_1_1_1': 26 instance(s).
INFO: [RTGEN 206-100] Generating core module 'sparsemux_9_2_32_1_1': 4 instance(s).
INFO: [RTGEN 206-100] Generating core module 'sparsemux_9_2_4_1_1': 5 instance(s).
INFO: [RTGEN 206-100] Finished creating RTL model for 'scheduler_hls'.
INFO: [HLS 200-111] Finished Creating RTL model: CPU user time: 0.68 seconds. CPU system time: 0.06 seconds. Elapsed time: 0.74 seconds; current allocated memory: 541.289 MB.
INFO: [HLS 200-111] Finished Generating all RTL models: CPU user time: 0.38 seconds. CPU system time: 0.06 seconds. Elapsed time: 0.43 seconds; current allocated memory: 564.133 MB.
INFO: [HLS 200-111] Finished Updating report files: CPU user time: 0.54 seconds. CPU system time: 0.08 seconds. Elapsed time: 0.63 seconds; current allocated memory: 567.656 MB.
INFO: [VHDL 208-304] Generating VHDL RTL for scheduler_hls.
INFO: [VLOG 209-307] Generating Verilog RTL for scheduler_hls.
INFO: [HLS 200-789] **** Estimated Fmax: 145.72 MHz
INFO: [HLS 200-112] Total CPU user time: 10.31 seconds. Total CPU system time: 2.09 seconds. Total elapsed time: 15.25 seconds; peak allocated memory: 567.656 MB.
INFO: [v++ 60-791] Total elapsed time: 0h 0m 19s
