Vivado Simulator v2025.1.0
Copyright 1986-2022 Xilinx, Inc. All Rights Reserved.
Copyright 2022-2025 Advanced Micro Devices, Inc. All Rights Reserved.
Running: /tools/Xilinx/2025.1/Vivado/bin/unwrapped/lnx64.o/xelab --incr --debug typical --relax --mt 8 -L xil_defaultlib -L uvm -L unisims_ver -L unimacro_ver -L secureip --snapshot headed_compute_controller_tb_behav xil_defaultlib.headed_compute_controller_tb xil_defaultlib.glbl -log elaborate.log 
Using 8 slave threads.
WARNING: [XSIM 43-3431] One or more environment variables have been detected which affect the operation of the C compiler. These are typically not set in standard installations and are not tested by AMD, however they may be appropriate for your system, so the flow will attempt to continue.  If errors occur, try running xelab with the "-mt off -v 1" switches to see more information from the C compiler. The following environment variables have been detected:
Starting static elaboration
Pass Through NonSizing Optimizer
WARNING: [VRFC 10-3818] variable 'done_seen' is driven by invalid combination of procedural drivers [/home/luka/Scripting/ELEC_498-Capstone-LiteLM/HLS-Verilog/Transformer_logic/src-Verilog/headed_compute_controller/headed_compute_controller_tb.sv:104]
WARNING: [VRFC 10-2921] 'done_seen' driven by this always_ff block should not be driven by any other process [/home/luka/Scripting/ELEC_498-Capstone-LiteLM/HLS-Verilog/Transformer_logic/src-Verilog/headed_compute_controller/headed_compute_controller_tb.sv:610]
WARNING: [VRFC 10-3818] variable 'compute_start' is driven by invalid combination of procedural drivers [/home/luka/Scripting/ELEC_498-Capstone-LiteLM/HLS-Verilog/Transformer_logic/src-Verilog/headed_compute_controller/headed_compute_controller_tb.sv:152]
WARNING: [VRFC 10-3818] variable 'ap_start' is driven by invalid combination of procedural drivers [/home/luka/Scripting/ELEC_498-Capstone-LiteLM/HLS-Verilog/Transformer_logic/src-Verilog/headed_compute_controller/headed_compute_controller_tb.sv:147]
WARNING: [VRFC 10-2921] 'ap_start' driven by this always_ff block should not be driven by any other process [/home/luka/Scripting/ELEC_498-Capstone-LiteLM/HLS-Verilog/Transformer_logic/src-Verilog/headed_compute_controller/headed_compute_controller_tb.sv:619]
WARNING: [VRFC 10-3818] variable 'ap_rst' is driven by invalid combination of procedural drivers [/home/luka/Scripting/ELEC_498-Capstone-LiteLM/HLS-Verilog/Transformer_logic/src-Verilog/headed_compute_controller/headed_compute_controller_tb.sv:97]
WARNING: [VRFC 10-3818] variable 'reset' is driven by invalid combination of procedural drivers [/home/luka/Scripting/ELEC_498-Capstone-LiteLM/HLS-Verilog/Transformer_logic/src-Verilog/headed_compute_controller/headed_compute_controller_tb.sv:151]
WARNING: [VRFC 10-3818] variable 'compute_instruction' is driven by invalid combination of procedural drivers [/home/luka/Scripting/ELEC_498-Capstone-LiteLM/HLS-Verilog/Transformer_logic/src-Verilog/headed_compute_controller/headed_compute_controller_tb.sv:153]
WARNING: [VRFC 10-3818] variable 'mem_transfer_done' is driven by invalid combination of procedural drivers [/home/luka/Scripting/ELEC_498-Capstone-LiteLM/HLS-Verilog/Transformer_logic/src-Verilog/headed_compute_controller/headed_compute_controller_tb.sv:158]
WARNING: [VRFC 10-2921] 'mem_transfer_done' driven by this always_ff block should not be driven by any other process [/home/luka/Scripting/ELEC_498-Capstone-LiteLM/HLS-Verilog/Transformer_logic/src-Verilog/headed_compute_controller/headed_compute_controller_tb.sv:400]
WARNING: [VRFC 10-3818] variable 'in_buf_q0' is driven by invalid combination of procedural drivers [/home/luka/Scripting/ELEC_498-Capstone-LiteLM/HLS-Verilog/Transformer_logic/src-Verilog/headed_compute_controller/headed_compute_controller_tb.sv:167]
WARNING: [VRFC 10-2921] 'in_buf_q0' driven by this always_ff block should not be driven by any other process [/home/luka/Scripting/ELEC_498-Capstone-LiteLM/HLS-Verilog/Transformer_logic/src-Verilog/headed_compute_controller/headed_compute_controller_tb.sv:350]
WARNING: [VRFC 10-3818] variable 'in_buf_q1' is driven by invalid combination of procedural drivers [/home/luka/Scripting/ELEC_498-Capstone-LiteLM/HLS-Verilog/Transformer_logic/src-Verilog/headed_compute_controller/headed_compute_controller_tb.sv:170]
WARNING: [VRFC 10-3818] variable 'reset_hold_ctr' is driven by invalid combination of procedural drivers [/home/luka/Scripting/ELEC_498-Capstone-LiteLM/HLS-Verilog/Transformer_logic/src-Verilog/headed_compute_controller/headed_compute_controller_tb.sv:116]
Completed static elaboration
Starting simulation data flow analysis
Completed simulation data flow analysis
Time Resolution for simulation is 1ps
Compiling module xil_defaultlib.headed_compute_controller_headed...
Compiling module xil_defaultlib.headed_compute_controller_val_in...
Compiling module xil_defaultlib.headed_compute_controller_val_sc...
Compiling module xil_defaultlib.headed_compute_controller_soft_o...
Compiling module xil_defaultlib.headed_compute_controller_flow_c...
Compiling module xil_defaultlib.headed_compute_controller_headed...
Compiling module xil_defaultlib.headed_compute_controller_headed...
Compiling module xil_defaultlib.headed_compute_controller_headed...
Compiling module xil_defaultlib.headed_compute_controller_headed...
Compiling module xil_defaultlib.headed_compute_controller_headed...
Compiling module xil_defaultlib.headed_compute_controller_headed...
Compiling module xil_defaultlib.headed_compute_controller_headed...
Compiling module xil_defaultlib.headed_compute_controller_headed...
Compiling module xil_defaultlib.headed_compute_controller_headed...
Compiling module xil_defaultlib.headed_compute_controller_headed...
Compiling module xil_defaultlib.headed_compute_controller_sparse...
Compiling module xil_defaultlib.headed_compute_controller_headed...
Compiling module xil_defaultlib.headed_compute_controller_SOFTMA...
Compiling module xil_defaultlib.headed_compute_controller_SOFTMA...
Compiling module xil_defaultlib.headed_compute_controller_sparse...
Compiling module xil_defaultlib.headed_compute_controller_SOFTMA...
Compiling module xil_defaultlib.headed_compute_controller_mul_31...
Compiling module xil_defaultlib.headed_compute_controller_sparse...
Compiling module xil_defaultlib.headed_compute_controller_SOFTMA...
Compiling module xil_defaultlib.headed_compute_controller_udiv_3...
Compiling module xil_defaultlib.headed_compute_controller_udiv_3...
Compiling module xil_defaultlib.headed_compute_controller_SOFTMA...
Compiling module xil_defaultlib.headed_compute_controller_headed...
Compiling module xil_defaultlib.headed_compute_controller_headed...
Compiling module xil_defaultlib.headed_compute_controller_headed...
Compiling module xil_defaultlib.headed_compute_controller_headed...
Compiling module xil_defaultlib.headed_compute_controller_headed...
Compiling module xil_defaultlib.headed_compute_controller_headed...
Compiling module xil_defaultlib.headed_compute_controller_headed...
Compiling module xil_defaultlib.headed_compute_controller_headed...
Compiling module xil_defaultlib.headed_compute_controller_sparse...
Compiling module xil_defaultlib.headed_compute_controller_headed...
Compiling module xil_defaultlib.headed_compute_controller_sparse...
Compiling module xil_defaultlib.headed_compute_controller_headed...
Compiling module xil_defaultlib.headed_compute_controller_sparse...
Compiling module xil_defaultlib.headed_compute_controller_mul_8s...
Compiling module xil_defaultlib.headed_compute_controller_mac_mu...
Compiling module xil_defaultlib.headed_compute_controller_mac_mu...
Compiling module xil_defaultlib.headed_compute_controller_mac_mu...
Compiling module xil_defaultlib.headed_compute_controller_mac_mu...
Compiling module xil_defaultlib.headed_compute_controller_headed...
Compiling module xil_defaultlib.headed_compute_controller_headed...
Compiling module xil_defaultlib.headed_compute_controller_headed...
Compiling module xil_defaultlib.headed_compute_controller_headed...
Compiling module xil_defaultlib.headed_compute_controller_headed...
Compiling module xil_defaultlib.headed_compute_controller_headed...
Compiling module xil_defaultlib.headed_compute_controller_mul_32...
Compiling module xil_defaultlib.headed_compute_controller
Compiling module xil_defaultlib.headed_compute_controller_tb
Compiling module xil_defaultlib.glbl
Built simulation snapshot headed_compute_controller_tb_behav
