

================================================================
== Vitis HLS Report for 'compute_controller_Pipeline_VITIS_LOOP_576_26'
================================================================
* Date:           Wed Jan 28 19:35:30 2026

* Version:        2025.1 (Build 6135595 on May 21 2025)
* Project:        compute_controller
* Solution:       hls (Vivado IP Flow Target)
* Product family: zynquplus
* Target device:  xck26-sfvc784-2LV-c


================================================================
== Performance Estimates
================================================================
+ Timing: 
    * Summary: 
    +--------+----------+----------+------------+
    |  Clock |  Target  | Estimated| Uncertainty|
    +--------+----------+----------+------------+
    |ap_clk  |  10.00 ns|  1.893 ns|     2.70 ns|
    +--------+----------+----------+------------+

+ Latency: 
    * Summary: 
    +---------+---------+-----------+-----------+-----+-----+------------------------------------------------+
    |  Latency (cycles) |   Latency (absolute)  |  Interval |                    Pipeline                    |
    |   min   |   max   |    min    |    max    | min | max |                      Type                      |
    +---------+---------+-----------+-----------+-----+-----+------------------------------------------------+
    |        8|        8|  80.000 ns|  80.000 ns|    7|    7|  loop auto-rewind stp (delay=0 clock cycles(s))|
    +---------+---------+-----------+-----------+-----+-----+------------------------------------------------+

    + Detail: 
        * Instance: 
        N/A

        * Loop: 
        +---------------------+---------+---------+----------+-----------+-----------+------+----------+
        |                     |  Latency (cycles) | Iteration|  Initiation Interval  | Trip |          |
        |      Loop Name      |   min   |   max   |  Latency |  achieved |   target  | Count| Pipelined|
        +---------------------+---------+---------+----------+-----------+-----------+------+----------+
        |- VITIS_LOOP_576_26  |        6|        6|         1|          1|          1|     6|       yes|
        +---------------------+---------+---------+----------+-----------+-----------+------+----------+



================================================================
== Utilization Estimates
================================================================
* Summary: 
+-----------------+---------+------+--------+--------+-----+
|       Name      | BRAM_18K|  DSP |   FF   |   LUT  | URAM|
+-----------------+---------+------+--------+--------+-----+
|DSP              |        -|     -|       -|       -|    -|
|Expression       |        -|     -|       0|      24|    -|
|FIFO             |        -|     -|       -|       -|    -|
|Instance         |        -|     -|       -|       -|    -|
|Memory           |        -|     -|       -|       -|    -|
|Multiplexer      |        -|     -|       0|      27|    -|
|Register         |        -|     -|       7|       -|    -|
+-----------------+---------+------+--------+--------+-----+
|Total            |        0|     0|       7|      51|    0|
+-----------------+---------+------+--------+--------+-----+
|Available        |      288|  1248|  234240|  117120|   64|
+-----------------+---------+------+--------+--------+-----+
|Utilization (%)  |        0|     0|      ~0|      ~0|    0|
+-----------------+---------+------+--------+--------+-----+

+ Detail: 
    * Instance: 
    N/A

    * DSP: 
    N/A

    * Memory: 
    N/A

    * FIFO: 
    N/A

    * Expression: 
    +----------------------+----------+----+---+----+------------+------------+
    |     Variable Name    | Operation| DSP| FF| LUT| Bitwidth P0| Bitwidth P1|
    +----------------------+----------+----+---+----+------------+------------+
    |add_ln576_fu_136_p2   |         +|   0|  0|  12|           5|           1|
    |icmp_ln576_fu_112_p2  |      icmp|   0|  0|  12|           5|           5|
    +----------------------+----------+----+---+----+------------+------------+
    |Total                 |          |   0|  0|  24|          10|           6|
    +----------------------+----------+----+---+----+------------+------------+

    * Multiplexer: 
    +----------------------+----+-----------+-----+-----------+
    |         Name         | LUT| Input Size| Bits| Total Bits|
    +----------------------+----+-----------+-----+-----------+
    |ap_done_int           |   9|          2|    1|          2|
    |ap_sig_allocacmp_i_8  |   9|          2|    5|         10|
    |i_fu_58               |   9|          2|    5|         10|
    +----------------------+----+-----------+-----+-----------+
    |Total                 |  27|          6|   11|         22|
    +----------------------+----+-----------+-----+-----------+

    * Register: 
    +-------------+---+----+-----+-----------+
    |     Name    | FF| LUT| Bits| Const Bits|
    +-------------+---+----+-----+-----------+
    |ap_CS_fsm    |  1|   0|    1|          0|
    |ap_done_reg  |  1|   0|    1|          0|
    |i_fu_58      |  5|   0|    5|          0|
    +-------------+---+----+-----+-----------+
    |Total        |  7|   0|    7|          0|
    +-------------+---+----+-----+-----------+



================================================================
== Interface
================================================================
* Summary: 
+----------------------------------------------------------------------------------+-----+-----+------------+-------------------------------------------------------------------------+--------------+
|                                     RTL Ports                                    | Dir | Bits|  Protocol  |                              Source Object                              |    C Type    |
+----------------------------------------------------------------------------------+-----+-----+------------+-------------------------------------------------------------------------+--------------+
|ap_clk                                                                            |   in|    1|  ap_ctrl_hs|                            compute_controller_Pipeline_VITIS_LOOP_576_26|  return value|
|ap_rst                                                                            |   in|    1|  ap_ctrl_hs|                            compute_controller_Pipeline_VITIS_LOOP_576_26|  return value|
|ap_start                                                                          |   in|    1|  ap_ctrl_hs|                            compute_controller_Pipeline_VITIS_LOOP_576_26|  return value|
|ap_done                                                                           |  out|    1|  ap_ctrl_hs|                            compute_controller_Pipeline_VITIS_LOOP_576_26|  return value|
|ap_idle                                                                           |  out|    1|  ap_ctrl_hs|                            compute_controller_Pipeline_VITIS_LOOP_576_26|  return value|
|ap_ready                                                                          |  out|    1|  ap_ctrl_hs|                            compute_controller_Pipeline_VITIS_LOOP_576_26|  return value|
|compute_controller_bool_bool_unsigned_int_bool_bool_bool_bool_bool_u_59_address0  |  out|    1|   ap_memory|  compute_controller_bool_bool_unsigned_int_bool_bool_bool_bool_bool_u_59|         array|
|compute_controller_bool_bool_unsigned_int_bool_bool_bool_bool_bool_u_59_ce0       |  out|    1|   ap_memory|  compute_controller_bool_bool_unsigned_int_bool_bool_bool_bool_bool_u_59|         array|
|compute_controller_bool_bool_unsigned_int_bool_bool_bool_bool_bool_u_59_we0       |  out|    1|   ap_memory|  compute_controller_bool_bool_unsigned_int_bool_bool_bool_bool_bool_u_59|         array|
|compute_controller_bool_bool_unsigned_int_bool_bool_bool_bool_bool_u_59_d0        |  out|   16|   ap_memory|  compute_controller_bool_bool_unsigned_int_bool_bool_bool_bool_bool_u_59|         array|
|compute_controller_bool_bool_unsigned_int_bool_bool_bool_bool_bool_u_58_address0  |  out|    1|   ap_memory|  compute_controller_bool_bool_unsigned_int_bool_bool_bool_bool_bool_u_58|         array|
|compute_controller_bool_bool_unsigned_int_bool_bool_bool_bool_bool_u_58_ce0       |  out|    1|   ap_memory|  compute_controller_bool_bool_unsigned_int_bool_bool_bool_bool_bool_u_58|         array|
|compute_controller_bool_bool_unsigned_int_bool_bool_bool_bool_bool_u_58_we0       |  out|    1|   ap_memory|  compute_controller_bool_bool_unsigned_int_bool_bool_bool_bool_bool_u_58|         array|
|compute_controller_bool_bool_unsigned_int_bool_bool_bool_bool_bool_u_58_d0        |  out|   16|   ap_memory|  compute_controller_bool_bool_unsigned_int_bool_bool_bool_bool_bool_u_58|         array|
|compute_controller_bool_bool_unsigned_int_bool_bool_bool_bool_bool_u_57_address0  |  out|    1|   ap_memory|  compute_controller_bool_bool_unsigned_int_bool_bool_bool_bool_bool_u_57|         array|
|compute_controller_bool_bool_unsigned_int_bool_bool_bool_bool_bool_u_57_ce0       |  out|    1|   ap_memory|  compute_controller_bool_bool_unsigned_int_bool_bool_bool_bool_bool_u_57|         array|
|compute_controller_bool_bool_unsigned_int_bool_bool_bool_bool_bool_u_57_we0       |  out|    1|   ap_memory|  compute_controller_bool_bool_unsigned_int_bool_bool_bool_bool_bool_u_57|         array|
|compute_controller_bool_bool_unsigned_int_bool_bool_bool_bool_bool_u_57_d0        |  out|   16|   ap_memory|  compute_controller_bool_bool_unsigned_int_bool_bool_bool_bool_bool_u_57|         array|
|compute_controller_bool_bool_unsigned_int_bool_bool_bool_bool_bool_u_56_address0  |  out|    1|   ap_memory|  compute_controller_bool_bool_unsigned_int_bool_bool_bool_bool_bool_u_56|         array|
|compute_controller_bool_bool_unsigned_int_bool_bool_bool_bool_bool_u_56_ce0       |  out|    1|   ap_memory|  compute_controller_bool_bool_unsigned_int_bool_bool_bool_bool_bool_u_56|         array|
|compute_controller_bool_bool_unsigned_int_bool_bool_bool_bool_bool_u_56_we0       |  out|    1|   ap_memory|  compute_controller_bool_bool_unsigned_int_bool_bool_bool_bool_bool_u_56|         array|
|compute_controller_bool_bool_unsigned_int_bool_bool_bool_bool_bool_u_56_d0        |  out|   16|   ap_memory|  compute_controller_bool_bool_unsigned_int_bool_bool_bool_bool_bool_u_56|         array|
|compute_controller_bool_bool_unsigned_int_bool_bool_bool_bool_bool_u_55_address0  |  out|    1|   ap_memory|  compute_controller_bool_bool_unsigned_int_bool_bool_bool_bool_bool_u_55|         array|
|compute_controller_bool_bool_unsigned_int_bool_bool_bool_bool_bool_u_55_ce0       |  out|    1|   ap_memory|  compute_controller_bool_bool_unsigned_int_bool_bool_bool_bool_bool_u_55|         array|
|compute_controller_bool_bool_unsigned_int_bool_bool_bool_bool_bool_u_55_we0       |  out|    1|   ap_memory|  compute_controller_bool_bool_unsigned_int_bool_bool_bool_bool_bool_u_55|         array|
|compute_controller_bool_bool_unsigned_int_bool_bool_bool_bool_bool_u_55_d0        |  out|   16|   ap_memory|  compute_controller_bool_bool_unsigned_int_bool_bool_bool_bool_bool_u_55|         array|
|compute_controller_bool_bool_unsigned_int_bool_bool_bool_bool_bool_u_54_address0  |  out|    1|   ap_memory|  compute_controller_bool_bool_unsigned_int_bool_bool_bool_bool_bool_u_54|         array|
|compute_controller_bool_bool_unsigned_int_bool_bool_bool_bool_bool_u_54_ce0       |  out|    1|   ap_memory|  compute_controller_bool_bool_unsigned_int_bool_bool_bool_bool_bool_u_54|         array|
|compute_controller_bool_bool_unsigned_int_bool_bool_bool_bool_bool_u_54_we0       |  out|    1|   ap_memory|  compute_controller_bool_bool_unsigned_int_bool_bool_bool_bool_bool_u_54|         array|
|compute_controller_bool_bool_unsigned_int_bool_bool_bool_bool_bool_u_54_d0        |  out|   16|   ap_memory|  compute_controller_bool_bool_unsigned_int_bool_bool_bool_bool_bool_u_54|         array|
+----------------------------------------------------------------------------------+-----+-----+------------+-------------------------------------------------------------------------+--------------+

