

================================================================
== Vitis HLS Report for 'compute_controller_Pipeline_VITIS_LOOP_41_212'
================================================================
* Date:           Sat Jan 24 18:01:30 2026

* Version:        2025.1 (Build 6135595 on May 21 2025)
* Project:        compute_controller
* Solution:       hls (Vivado IP Flow Target)
* Product family: zynquplus
* Target device:  xck26-sfvc784-2LV-c


================================================================
== Performance Estimates
================================================================
+ Timing: 
    * Summary: 
    +--------+----------+----------+------------+
    |  Clock |  Target  | Estimated| Uncertainty|
    +--------+----------+----------+------------+
    |ap_clk  |  10.00 ns|  4.830 ns|     2.70 ns|
    +--------+----------+----------+------------+

+ Latency: 
    * Summary: 
    +---------+---------+----------+----------+-----+-----+------------------------------------------------+
    |  Latency (cycles) |  Latency (absolute) |  Interval |                    Pipeline                    |
    |   min   |   max   |    min   |    max   | min | max |                      Type                      |
    +---------+---------+----------+----------+-----+-----+------------------------------------------------+
    |       17|       17|  0.170 us|  0.170 us|   13|   13|  loop auto-rewind stp (delay=0 clock cycles(s))|
    +---------+---------+----------+----------+-----+-----+------------------------------------------------+

    + Detail: 
        * Instance: 
        N/A

        * Loop: 
        +-------------------+---------+---------+----------+-----------+-----------+------+----------+
        |                   |  Latency (cycles) | Iteration|  Initiation Interval  | Trip |          |
        |     Loop Name     |   min   |   max   |  Latency |  achieved |   target  | Count| Pipelined|
        +-------------------+---------+---------+----------+-----------+-----------+------+----------+
        |- VITIS_LOOP_41_2  |       15|       15|         5|          1|          1|    12|       yes|
        +-------------------+---------+---------+----------+-----------+-----------+------+----------+



================================================================
== Utilization Estimates
================================================================
* Summary: 
+-----------------+---------+------+--------+--------+-----+
|       Name      | BRAM_18K|  DSP |   FF   |   LUT  | URAM|
+-----------------+---------+------+--------+--------+-----+
|DSP              |        -|     8|       -|       -|    -|
|Expression       |        -|     -|       0|     278|    -|
|FIFO             |        -|     -|       -|       -|    -|
|Instance         |        -|     0|       0|      40|    -|
|Memory           |        -|     -|       -|       -|    -|
|Multiplexer      |        -|     -|       0|      45|    -|
|Register         |        -|     -|     142|      32|    -|
+-----------------+---------+------+--------+--------+-----+
|Total            |        0|     8|     142|     395|    0|
+-----------------+---------+------+--------+--------+-----+
|Available        |      288|  1248|  234240|  117120|   64|
+-----------------+---------+------+--------+--------+-----+
|Utilization (%)  |        0|    ~0|      ~0|      ~0|    0|
+-----------------+---------+------+--------+--------+-----+

+ Detail: 
    * Instance: 
    +-------------------------+-------------------+---------+----+---+----+-----+
    |         Instance        |       Module      | BRAM_18K| DSP| FF| LUT| URAM|
    +-------------------------+-------------------+---------+----+---+----+-----+
    |mul_16s_4s_20_1_1_U1404  |mul_16s_4s_20_1_1  |        0|   0|  0|   5|    0|
    |mul_16s_4s_20_1_1_U1405  |mul_16s_4s_20_1_1  |        0|   0|  0|   5|    0|
    |mul_16s_4s_20_1_1_U1406  |mul_16s_4s_20_1_1  |        0|   0|  0|   5|    0|
    |mul_16s_4s_20_1_1_U1407  |mul_16s_4s_20_1_1  |        0|   0|  0|   5|    0|
    |mul_16s_4s_20_1_1_U1408  |mul_16s_4s_20_1_1  |        0|   0|  0|   5|    0|
    |mul_16s_4s_20_1_1_U1409  |mul_16s_4s_20_1_1  |        0|   0|  0|   5|    0|
    |mul_16s_4s_20_1_1_U1410  |mul_16s_4s_20_1_1  |        0|   0|  0|   5|    0|
    |mul_16s_4s_20_1_1_U1411  |mul_16s_4s_20_1_1  |        0|   0|  0|   5|    0|
    +-------------------------+-------------------+---------+----+---+----+-----+
    |Total                    |                   |        0|   0|  0|  40|    0|
    +-------------------------+-------------------+---------+----+---+----+-----+

    * DSP: 
    +------------------------------------+------------------------------+--------------+
    |              Instance              |            Module            |  Expression  |
    +------------------------------------+------------------------------+--------------+
    |mac_muladd_16s_4s_20s_21_4_1_U1412  |mac_muladd_16s_4s_20s_21_4_1  |  i0 + i1 * i2|
    |mac_muladd_16s_4s_20s_21_4_1_U1413  |mac_muladd_16s_4s_20s_21_4_1  |  i0 + i1 * i2|
    |mac_muladd_16s_4s_20s_21_4_1_U1414  |mac_muladd_16s_4s_20s_21_4_1  |  i0 + i1 * i2|
    |mac_muladd_16s_4s_20s_21_4_1_U1415  |mac_muladd_16s_4s_20s_21_4_1  |  i0 + i1 * i2|
    |mac_muladd_16s_4s_20s_21_4_1_U1416  |mac_muladd_16s_4s_20s_21_4_1  |  i0 + i1 * i2|
    |mac_muladd_16s_4s_20s_21_4_1_U1417  |mac_muladd_16s_4s_20s_21_4_1  |  i0 + i1 * i2|
    |mac_muladd_16s_4s_20s_21_4_1_U1418  |mac_muladd_16s_4s_20s_21_4_1  |  i0 + i1 * i2|
    |mac_muladd_16s_4s_20s_21_4_1_U1419  |mac_muladd_16s_4s_20s_21_4_1  |  i0 + i1 * i2|
    +------------------------------------+------------------------------+--------------+

    * Memory: 
    N/A

    * FIFO: 
    N/A

    * Expression: 
    +------------------------+----------+----+---+----+------------+------------+
    |      Variable Name     | Operation| DSP| FF| LUT| Bitwidth P0| Bitwidth P1|
    +------------------------+----------+----+---+----+------------+------------+
    |acc_11_fu_944_p2        |         +|   0|  0|  39|          32|          32|
    |add_ln41_fu_628_p2      |         +|   0|  0|  15|           8|           5|
    |add_ln44_125_fu_856_p2  |         +|   0|  0|  29|          22|          22|
    |add_ln44_128_fu_872_p2  |         +|   0|  0|  29|          22|          22|
    |add_ln44_129_fu_882_p2  |         +|   0|  0|  30|          23|          23|
    |add_ln44_132_fu_898_p2  |         +|   0|  0|  29|          22|          22|
    |add_ln44_135_fu_914_p2  |         +|   0|  0|  29|          22|          22|
    |add_ln44_136_fu_924_p2  |         +|   0|  0|  30|          23|          23|
    |add_ln44_137_fu_934_p2  |         +|   0|  0|  31|          24|          24|
    |icmp_ln41_fu_570_p2     |      icmp|   0|  0|  15|           8|           8|
    |ap_enable_pp0           |       xor|   0|  0|   2|           1|           2|
    +------------------------+----------+----+---+----+------------+------------+
    |Total                   |          |   0|  0| 278|         207|         205|
    +------------------------+----------+----+---+----+------------+------------+

    * Multiplexer: 
    +-------------------------+----+-----------+-----+-----------+
    |           Name          | LUT| Input Size| Bits| Total Bits|
    +-------------------------+----+-----------+-----+-----------+
    |acc_fu_114               |   9|          2|   32|         64|
    |ap_done_int              |   9|          2|    1|          2|
    |ap_enable_reg_pp0_iter1  |   9|          2|    1|          2|
    |ap_sig_allocacmp_i_22    |   9|          2|    8|         16|
    |i_fu_118                 |   9|          2|    8|         16|
    +-------------------------+----+-----------+-----+-----------+
    |Total                    |  45|         10|   50|        100|
    +-------------------------+----+-----------+-----+-----------+

    * Register: 
    +----------------------------------+----+----+-----+-----------+
    |               Name               | FF | LUT| Bits| Const Bits|
    +----------------------------------+----+----+-----+-----------+
    |acc_fu_114                        |  32|   0|   32|          0|
    |ap_CS_fsm                         |   1|   0|    1|          0|
    |ap_done_reg                       |   1|   0|    1|          0|
    |ap_enable_reg_pp0_iter1           |   1|   0|    1|          0|
    |ap_enable_reg_pp0_iter2           |   1|   0|    1|          0|
    |ap_enable_reg_pp0_iter3           |   1|   0|    1|          0|
    |ap_enable_reg_pp0_iter4           |   1|   0|    1|          0|
    |ap_loop_exit_ready_pp0_iter1_reg  |   1|   0|    1|          0|
    |ap_loop_exit_ready_pp0_iter2_reg  |   1|   0|    1|          0|
    |ap_loop_exit_ready_pp0_iter3_reg  |   1|   0|    1|          0|
    |i_fu_118                          |   8|   0|    8|          0|
    |icmp_ln41_reg_1046                |   1|   0|    1|          0|
    |zext_ln40_reg_1050                |   4|   0|   64|         60|
    |zext_ln40_reg_1050_pp0_iter1_reg  |   4|   0|   64|         60|
    |zext_ln43_reg_1062                |  10|   0|   64|         54|
    |zext_ln43_reg_1062_pp0_iter1_reg  |  10|   0|   64|         54|
    |icmp_ln41_reg_1046                |  64|  32|    1|          0|
    +----------------------------------+----+----+-----+-----------+
    |Total                             | 142|  32|  307|        228|
    +----------------------------------+----+----+-----+-----------+



================================================================
== Interface
================================================================
* Summary: 
+-----------------------------------------------------------------------------------------------+-----+-----+------------+--------------------------------------------------------------------------------------+--------------+
|                                           RTL Ports                                           | Dir | Bits|  Protocol  |                                     Source Object                                    |    C Type    |
+-----------------------------------------------------------------------------------------------+-----+-----+------------+--------------------------------------------------------------------------------------+--------------+
|ap_clk                                                                                         |   in|    1|  ap_ctrl_hs|                                         compute_controller_Pipeline_VITIS_LOOP_41_212|  return value|
|ap_rst                                                                                         |   in|    1|  ap_ctrl_hs|                                         compute_controller_Pipeline_VITIS_LOOP_41_212|  return value|
|ap_start                                                                                       |   in|    1|  ap_ctrl_hs|                                         compute_controller_Pipeline_VITIS_LOOP_41_212|  return value|
|ap_done                                                                                        |  out|    1|  ap_ctrl_hs|                                         compute_controller_Pipeline_VITIS_LOOP_41_212|  return value|
|ap_idle                                                                                        |  out|    1|  ap_ctrl_hs|                                         compute_controller_Pipeline_VITIS_LOOP_41_212|  return value|
|ap_ready                                                                                       |  out|    1|  ap_ctrl_hs|                                         compute_controller_Pipeline_VITIS_LOOP_41_212|  return value|
|acc_36                                                                                         |   in|   32|     ap_none|                                                                                acc_36|        scalar|
|p_udiv1624                                                                                     |   in|   10|     ap_none|                                                                            p_udiv1624|        scalar|
|acc_37_out                                                                                     |  out|   32|      ap_vld|                                                                            acc_37_out|       pointer|
|acc_37_out_ap_vld                                                                              |  out|    1|      ap_vld|                                                                            acc_37_out|       pointer|
|compute_controller_bool_bool_unsigned_int_bool_bool_bool_bool_bool_u_99_address0               |  out|   10|   ap_memory|               compute_controller_bool_bool_unsigned_int_bool_bool_bool_bool_bool_u_99|         array|
|compute_controller_bool_bool_unsigned_int_bool_bool_bool_bool_bool_u_99_ce0                    |  out|    1|   ap_memory|               compute_controller_bool_bool_unsigned_int_bool_bool_bool_bool_bool_u_99|         array|
|compute_controller_bool_bool_unsigned_int_bool_bool_bool_bool_bool_u_99_q0                     |   in|    4|   ap_memory|               compute_controller_bool_bool_unsigned_int_bool_bool_bool_bool_bool_u_99|         array|
|compute_controller_bool_bool_unsigned_int_bool_bool_bool_bool_bool_u_59_address0               |  out|    4|   ap_memory|               compute_controller_bool_bool_unsigned_int_bool_bool_bool_bool_bool_u_59|         array|
|compute_controller_bool_bool_unsigned_int_bool_bool_bool_bool_bool_u_59_ce0                    |  out|    1|   ap_memory|               compute_controller_bool_bool_unsigned_int_bool_bool_bool_bool_bool_u_59|         array|
|compute_controller_bool_bool_unsigned_int_bool_bool_bool_bool_bool_u_59_q0                     |   in|   16|   ap_memory|               compute_controller_bool_bool_unsigned_int_bool_bool_bool_bool_bool_u_59|         array|
|compute_controller_bool_bool_unsigned_int_bool_bool_bool_bool_bool_u_98_address0               |  out|   10|   ap_memory|               compute_controller_bool_bool_unsigned_int_bool_bool_bool_bool_bool_u_98|         array|
|compute_controller_bool_bool_unsigned_int_bool_bool_bool_bool_bool_u_98_ce0                    |  out|    1|   ap_memory|               compute_controller_bool_bool_unsigned_int_bool_bool_bool_bool_bool_u_98|         array|
|compute_controller_bool_bool_unsigned_int_bool_bool_bool_bool_bool_u_98_q0                     |   in|    4|   ap_memory|               compute_controller_bool_bool_unsigned_int_bool_bool_bool_bool_bool_u_98|         array|
|compute_controller_bool_bool_unsigned_int_bool_bool_bool_bool_bool_u_58_address0               |  out|    4|   ap_memory|               compute_controller_bool_bool_unsigned_int_bool_bool_bool_bool_bool_u_58|         array|
|compute_controller_bool_bool_unsigned_int_bool_bool_bool_bool_bool_u_58_ce0                    |  out|    1|   ap_memory|               compute_controller_bool_bool_unsigned_int_bool_bool_bool_bool_bool_u_58|         array|
|compute_controller_bool_bool_unsigned_int_bool_bool_bool_bool_bool_u_58_q0                     |   in|   16|   ap_memory|               compute_controller_bool_bool_unsigned_int_bool_bool_bool_bool_bool_u_58|         array|
|compute_controller_bool_bool_unsigned_int_bool_bool_bool_bool_bool_u_97_address0               |  out|   10|   ap_memory|               compute_controller_bool_bool_unsigned_int_bool_bool_bool_bool_bool_u_97|         array|
|compute_controller_bool_bool_unsigned_int_bool_bool_bool_bool_bool_u_97_ce0                    |  out|    1|   ap_memory|               compute_controller_bool_bool_unsigned_int_bool_bool_bool_bool_bool_u_97|         array|
|compute_controller_bool_bool_unsigned_int_bool_bool_bool_bool_bool_u_97_q0                     |   in|    4|   ap_memory|               compute_controller_bool_bool_unsigned_int_bool_bool_bool_bool_bool_u_97|         array|
|compute_controller_bool_bool_unsigned_int_bool_bool_bool_bool_bool_u_57_address0               |  out|    4|   ap_memory|               compute_controller_bool_bool_unsigned_int_bool_bool_bool_bool_bool_u_57|         array|
|compute_controller_bool_bool_unsigned_int_bool_bool_bool_bool_bool_u_57_ce0                    |  out|    1|   ap_memory|               compute_controller_bool_bool_unsigned_int_bool_bool_bool_bool_bool_u_57|         array|
|compute_controller_bool_bool_unsigned_int_bool_bool_bool_bool_bool_u_57_q0                     |   in|   16|   ap_memory|               compute_controller_bool_bool_unsigned_int_bool_bool_bool_bool_bool_u_57|         array|
|compute_controller_bool_bool_unsigned_int_bool_bool_bool_bool_bool_u_96_address0               |  out|   10|   ap_memory|               compute_controller_bool_bool_unsigned_int_bool_bool_bool_bool_bool_u_96|         array|
|compute_controller_bool_bool_unsigned_int_bool_bool_bool_bool_bool_u_96_ce0                    |  out|    1|   ap_memory|               compute_controller_bool_bool_unsigned_int_bool_bool_bool_bool_bool_u_96|         array|
|compute_controller_bool_bool_unsigned_int_bool_bool_bool_bool_bool_u_96_q0                     |   in|    4|   ap_memory|               compute_controller_bool_bool_unsigned_int_bool_bool_bool_bool_bool_u_96|         array|
|compute_controller_bool_bool_unsigned_int_bool_bool_bool_bool_bool_u_56_address0               |  out|    4|   ap_memory|               compute_controller_bool_bool_unsigned_int_bool_bool_bool_bool_bool_u_56|         array|
|compute_controller_bool_bool_unsigned_int_bool_bool_bool_bool_bool_u_56_ce0                    |  out|    1|   ap_memory|               compute_controller_bool_bool_unsigned_int_bool_bool_bool_bool_bool_u_56|         array|
|compute_controller_bool_bool_unsigned_int_bool_bool_bool_bool_bool_u_56_q0                     |   in|   16|   ap_memory|               compute_controller_bool_bool_unsigned_int_bool_bool_bool_bool_bool_u_56|         array|
|compute_controller_bool_bool_unsigned_int_bool_bool_bool_bool_bool_u_95_address0               |  out|   10|   ap_memory|               compute_controller_bool_bool_unsigned_int_bool_bool_bool_bool_bool_u_95|         array|
|compute_controller_bool_bool_unsigned_int_bool_bool_bool_bool_bool_u_95_ce0                    |  out|    1|   ap_memory|               compute_controller_bool_bool_unsigned_int_bool_bool_bool_bool_bool_u_95|         array|
|compute_controller_bool_bool_unsigned_int_bool_bool_bool_bool_bool_u_95_q0                     |   in|    4|   ap_memory|               compute_controller_bool_bool_unsigned_int_bool_bool_bool_bool_bool_u_95|         array|
|compute_controller_bool_bool_unsigned_int_bool_bool_bool_bool_bool_u_55_address0               |  out|    4|   ap_memory|               compute_controller_bool_bool_unsigned_int_bool_bool_bool_bool_bool_u_55|         array|
|compute_controller_bool_bool_unsigned_int_bool_bool_bool_bool_bool_u_55_ce0                    |  out|    1|   ap_memory|               compute_controller_bool_bool_unsigned_int_bool_bool_bool_bool_bool_u_55|         array|
|compute_controller_bool_bool_unsigned_int_bool_bool_bool_bool_bool_u_55_q0                     |   in|   16|   ap_memory|               compute_controller_bool_bool_unsigned_int_bool_bool_bool_bool_bool_u_55|         array|
|compute_controller_bool_bool_unsigned_int_bool_bool_bool_bool_bool_u_94_address0               |  out|   10|   ap_memory|               compute_controller_bool_bool_unsigned_int_bool_bool_bool_bool_bool_u_94|         array|
|compute_controller_bool_bool_unsigned_int_bool_bool_bool_bool_bool_u_94_ce0                    |  out|    1|   ap_memory|               compute_controller_bool_bool_unsigned_int_bool_bool_bool_bool_bool_u_94|         array|
|compute_controller_bool_bool_unsigned_int_bool_bool_bool_bool_bool_u_94_q0                     |   in|    4|   ap_memory|               compute_controller_bool_bool_unsigned_int_bool_bool_bool_bool_bool_u_94|         array|
|compute_controller_bool_bool_unsigned_int_bool_bool_bool_bool_bool_u_54_address0               |  out|    4|   ap_memory|               compute_controller_bool_bool_unsigned_int_bool_bool_bool_bool_bool_u_54|         array|
|compute_controller_bool_bool_unsigned_int_bool_bool_bool_bool_bool_u_54_ce0                    |  out|    1|   ap_memory|               compute_controller_bool_bool_unsigned_int_bool_bool_bool_bool_bool_u_54|         array|
|compute_controller_bool_bool_unsigned_int_bool_bool_bool_bool_bool_u_54_q0                     |   in|   16|   ap_memory|               compute_controller_bool_bool_unsigned_int_bool_bool_bool_bool_bool_u_54|         array|
|compute_controller_bool_bool_unsigned_int_bool_bool_bool_bool_bool_u_93_address0               |  out|   10|   ap_memory|               compute_controller_bool_bool_unsigned_int_bool_bool_bool_bool_bool_u_93|         array|
|compute_controller_bool_bool_unsigned_int_bool_bool_bool_bool_bool_u_93_ce0                    |  out|    1|   ap_memory|               compute_controller_bool_bool_unsigned_int_bool_bool_bool_bool_bool_u_93|         array|
|compute_controller_bool_bool_unsigned_int_bool_bool_bool_bool_bool_u_93_q0                     |   in|    4|   ap_memory|               compute_controller_bool_bool_unsigned_int_bool_bool_bool_bool_bool_u_93|         array|
|compute_controller_bool_bool_unsigned_int_bool_bool_bool_bool_bool_u_53_address0               |  out|    4|   ap_memory|               compute_controller_bool_bool_unsigned_int_bool_bool_bool_bool_bool_u_53|         array|
|compute_controller_bool_bool_unsigned_int_bool_bool_bool_bool_bool_u_53_ce0                    |  out|    1|   ap_memory|               compute_controller_bool_bool_unsigned_int_bool_bool_bool_bool_bool_u_53|         array|
|compute_controller_bool_bool_unsigned_int_bool_bool_bool_bool_bool_u_53_q0                     |   in|   16|   ap_memory|               compute_controller_bool_bool_unsigned_int_bool_bool_bool_bool_bool_u_53|         array|
|compute_controller_bool_bool_unsigned_int_bool_bool_bool_bool_bool_u_92_address0               |  out|   10|   ap_memory|               compute_controller_bool_bool_unsigned_int_bool_bool_bool_bool_bool_u_92|         array|
|compute_controller_bool_bool_unsigned_int_bool_bool_bool_bool_bool_u_92_ce0                    |  out|    1|   ap_memory|               compute_controller_bool_bool_unsigned_int_bool_bool_bool_bool_bool_u_92|         array|
|compute_controller_bool_bool_unsigned_int_bool_bool_bool_bool_bool_u_92_q0                     |   in|    4|   ap_memory|               compute_controller_bool_bool_unsigned_int_bool_bool_bool_bool_bool_u_92|         array|
|compute_controller_bool_bool_unsigned_int_bool_bool_bool_bool_bool_u_52_address0               |  out|    4|   ap_memory|               compute_controller_bool_bool_unsigned_int_bool_bool_bool_bool_bool_u_52|         array|
|compute_controller_bool_bool_unsigned_int_bool_bool_bool_bool_bool_u_52_ce0                    |  out|    1|   ap_memory|               compute_controller_bool_bool_unsigned_int_bool_bool_bool_bool_bool_u_52|         array|
|compute_controller_bool_bool_unsigned_int_bool_bool_bool_bool_bool_u_52_q0                     |   in|   16|   ap_memory|               compute_controller_bool_bool_unsigned_int_bool_bool_bool_bool_bool_u_52|         array|
|compute_controller_bool_bool_unsigned_int_bool_bool_bool_bool_bool_u_91_address0               |  out|   10|   ap_memory|               compute_controller_bool_bool_unsigned_int_bool_bool_bool_bool_bool_u_91|         array|
|compute_controller_bool_bool_unsigned_int_bool_bool_bool_bool_bool_u_91_ce0                    |  out|    1|   ap_memory|               compute_controller_bool_bool_unsigned_int_bool_bool_bool_bool_bool_u_91|         array|
|compute_controller_bool_bool_unsigned_int_bool_bool_bool_bool_bool_u_91_q0                     |   in|    4|   ap_memory|               compute_controller_bool_bool_unsigned_int_bool_bool_bool_bool_bool_u_91|         array|
|compute_controller_bool_bool_unsigned_int_bool_bool_bool_bool_bool_u_51_address0               |  out|    4|   ap_memory|               compute_controller_bool_bool_unsigned_int_bool_bool_bool_bool_bool_u_51|         array|
|compute_controller_bool_bool_unsigned_int_bool_bool_bool_bool_bool_u_51_ce0                    |  out|    1|   ap_memory|               compute_controller_bool_bool_unsigned_int_bool_bool_bool_bool_bool_u_51|         array|
|compute_controller_bool_bool_unsigned_int_bool_bool_bool_bool_bool_u_51_q0                     |   in|   16|   ap_memory|               compute_controller_bool_bool_unsigned_int_bool_bool_bool_bool_bool_u_51|         array|
|compute_controller_bool_bool_unsigned_int_bool_bool_bool_bool_bool_u_90_address0               |  out|   10|   ap_memory|               compute_controller_bool_bool_unsigned_int_bool_bool_bool_bool_bool_u_90|         array|
|compute_controller_bool_bool_unsigned_int_bool_bool_bool_bool_bool_u_90_ce0                    |  out|    1|   ap_memory|               compute_controller_bool_bool_unsigned_int_bool_bool_bool_bool_bool_u_90|         array|
|compute_controller_bool_bool_unsigned_int_bool_bool_bool_bool_bool_u_90_q0                     |   in|    4|   ap_memory|               compute_controller_bool_bool_unsigned_int_bool_bool_bool_bool_bool_u_90|         array|
|compute_controller_bool_bool_unsigned_int_bool_bool_bool_bool_bool_u_50_address0               |  out|    4|   ap_memory|               compute_controller_bool_bool_unsigned_int_bool_bool_bool_bool_bool_u_50|         array|
|compute_controller_bool_bool_unsigned_int_bool_bool_bool_bool_bool_u_50_ce0                    |  out|    1|   ap_memory|               compute_controller_bool_bool_unsigned_int_bool_bool_bool_bool_bool_u_50|         array|
|compute_controller_bool_bool_unsigned_int_bool_bool_bool_bool_bool_u_50_q0                     |   in|   16|   ap_memory|               compute_controller_bool_bool_unsigned_int_bool_bool_bool_bool_bool_u_50|         array|
|p_ZZ18compute_controllerbbjRbS_bS_S_RjPKhPhR12ComputeStateS0_RhS6_S6_S6_S_S_S_S_E_29_address0  |  out|   10|   ap_memory|  p_ZZ18compute_controllerbbjRbS_bS_S_RjPKhPhR12ComputeStateS0_RhS6_S6_S6_S_S_S_S_E_29|         array|
|p_ZZ18compute_controllerbbjRbS_bS_S_RjPKhPhR12ComputeStateS0_RhS6_S6_S6_S_S_S_S_E_29_ce0       |  out|    1|   ap_memory|  p_ZZ18compute_controllerbbjRbS_bS_S_RjPKhPhR12ComputeStateS0_RhS6_S6_S6_S_S_S_S_E_29|         array|
|p_ZZ18compute_controllerbbjRbS_bS_S_RjPKhPhR12ComputeStateS0_RhS6_S6_S6_S_S_S_S_E_29_q0        |   in|    4|   ap_memory|  p_ZZ18compute_controllerbbjRbS_bS_S_RjPKhPhR12ComputeStateS0_RhS6_S6_S6_S_S_S_S_E_29|         array|
|p_ZZ18compute_controllerbbjRbS_bS_S_RjPKhPhR12ComputeStateS0_RhS6_S6_S6_S_S_S_S_E_23_address0  |  out|    4|   ap_memory|  p_ZZ18compute_controllerbbjRbS_bS_S_RjPKhPhR12ComputeStateS0_RhS6_S6_S6_S_S_S_S_E_23|         array|
|p_ZZ18compute_controllerbbjRbS_bS_S_RjPKhPhR12ComputeStateS0_RhS6_S6_S6_S_S_S_S_E_23_ce0       |  out|    1|   ap_memory|  p_ZZ18compute_controllerbbjRbS_bS_S_RjPKhPhR12ComputeStateS0_RhS6_S6_S6_S_S_S_S_E_23|         array|
|p_ZZ18compute_controllerbbjRbS_bS_S_RjPKhPhR12ComputeStateS0_RhS6_S6_S6_S_S_S_S_E_23_q0        |   in|   16|   ap_memory|  p_ZZ18compute_controllerbbjRbS_bS_S_RjPKhPhR12ComputeStateS0_RhS6_S6_S6_S_S_S_S_E_23|         array|
|p_ZZ18compute_controllerbbjRbS_bS_S_RjPKhPhR12ComputeStateS0_RhS6_S6_S6_S_S_S_S_E_28_address0  |  out|   10|   ap_memory|  p_ZZ18compute_controllerbbjRbS_bS_S_RjPKhPhR12ComputeStateS0_RhS6_S6_S6_S_S_S_S_E_28|         array|
|p_ZZ18compute_controllerbbjRbS_bS_S_RjPKhPhR12ComputeStateS0_RhS6_S6_S6_S_S_S_S_E_28_ce0       |  out|    1|   ap_memory|  p_ZZ18compute_controllerbbjRbS_bS_S_RjPKhPhR12ComputeStateS0_RhS6_S6_S6_S_S_S_S_E_28|         array|
|p_ZZ18compute_controllerbbjRbS_bS_S_RjPKhPhR12ComputeStateS0_RhS6_S6_S6_S_S_S_S_E_28_q0        |   in|    4|   ap_memory|  p_ZZ18compute_controllerbbjRbS_bS_S_RjPKhPhR12ComputeStateS0_RhS6_S6_S6_S_S_S_S_E_28|         array|
|p_ZZ18compute_controllerbbjRbS_bS_S_RjPKhPhR12ComputeStateS0_RhS6_S6_S6_S_S_S_S_E_22_address0  |  out|    4|   ap_memory|  p_ZZ18compute_controllerbbjRbS_bS_S_RjPKhPhR12ComputeStateS0_RhS6_S6_S6_S_S_S_S_E_22|         array|
|p_ZZ18compute_controllerbbjRbS_bS_S_RjPKhPhR12ComputeStateS0_RhS6_S6_S6_S_S_S_S_E_22_ce0       |  out|    1|   ap_memory|  p_ZZ18compute_controllerbbjRbS_bS_S_RjPKhPhR12ComputeStateS0_RhS6_S6_S6_S_S_S_S_E_22|         array|
|p_ZZ18compute_controllerbbjRbS_bS_S_RjPKhPhR12ComputeStateS0_RhS6_S6_S6_S_S_S_S_E_22_q0        |   in|   16|   ap_memory|  p_ZZ18compute_controllerbbjRbS_bS_S_RjPKhPhR12ComputeStateS0_RhS6_S6_S6_S_S_S_S_E_22|         array|
|p_ZZ18compute_controllerbbjRbS_bS_S_RjPKhPhR12ComputeStateS0_RhS6_S6_S6_S_S_S_S_E_27_address0  |  out|   10|   ap_memory|  p_ZZ18compute_controllerbbjRbS_bS_S_RjPKhPhR12ComputeStateS0_RhS6_S6_S6_S_S_S_S_E_27|         array|
|p_ZZ18compute_controllerbbjRbS_bS_S_RjPKhPhR12ComputeStateS0_RhS6_S6_S6_S_S_S_S_E_27_ce0       |  out|    1|   ap_memory|  p_ZZ18compute_controllerbbjRbS_bS_S_RjPKhPhR12ComputeStateS0_RhS6_S6_S6_S_S_S_S_E_27|         array|
|p_ZZ18compute_controllerbbjRbS_bS_S_RjPKhPhR12ComputeStateS0_RhS6_S6_S6_S_S_S_S_E_27_q0        |   in|    4|   ap_memory|  p_ZZ18compute_controllerbbjRbS_bS_S_RjPKhPhR12ComputeStateS0_RhS6_S6_S6_S_S_S_S_E_27|         array|
|p_ZZ18compute_controllerbbjRbS_bS_S_RjPKhPhR12ComputeStateS0_RhS6_S6_S6_S_S_S_S_E_21_address0  |  out|    4|   ap_memory|  p_ZZ18compute_controllerbbjRbS_bS_S_RjPKhPhR12ComputeStateS0_RhS6_S6_S6_S_S_S_S_E_21|         array|
|p_ZZ18compute_controllerbbjRbS_bS_S_RjPKhPhR12ComputeStateS0_RhS6_S6_S6_S_S_S_S_E_21_ce0       |  out|    1|   ap_memory|  p_ZZ18compute_controllerbbjRbS_bS_S_RjPKhPhR12ComputeStateS0_RhS6_S6_S6_S_S_S_S_E_21|         array|
|p_ZZ18compute_controllerbbjRbS_bS_S_RjPKhPhR12ComputeStateS0_RhS6_S6_S6_S_S_S_S_E_21_q0        |   in|   16|   ap_memory|  p_ZZ18compute_controllerbbjRbS_bS_S_RjPKhPhR12ComputeStateS0_RhS6_S6_S6_S_S_S_S_E_21|         array|
|p_ZZ18compute_controllerbbjRbS_bS_S_RjPKhPhR12ComputeStateS0_RhS6_S6_S6_S_S_S_S_E_26_address0  |  out|   10|   ap_memory|  p_ZZ18compute_controllerbbjRbS_bS_S_RjPKhPhR12ComputeStateS0_RhS6_S6_S6_S_S_S_S_E_26|         array|
|p_ZZ18compute_controllerbbjRbS_bS_S_RjPKhPhR12ComputeStateS0_RhS6_S6_S6_S_S_S_S_E_26_ce0       |  out|    1|   ap_memory|  p_ZZ18compute_controllerbbjRbS_bS_S_RjPKhPhR12ComputeStateS0_RhS6_S6_S6_S_S_S_S_E_26|         array|
|p_ZZ18compute_controllerbbjRbS_bS_S_RjPKhPhR12ComputeStateS0_RhS6_S6_S6_S_S_S_S_E_26_q0        |   in|    4|   ap_memory|  p_ZZ18compute_controllerbbjRbS_bS_S_RjPKhPhR12ComputeStateS0_RhS6_S6_S6_S_S_S_S_E_26|         array|
|p_ZZ18compute_controllerbbjRbS_bS_S_RjPKhPhR12ComputeStateS0_RhS6_S6_S6_S_S_S_S_E_20_address0  |  out|    4|   ap_memory|  p_ZZ18compute_controllerbbjRbS_bS_S_RjPKhPhR12ComputeStateS0_RhS6_S6_S6_S_S_S_S_E_20|         array|
|p_ZZ18compute_controllerbbjRbS_bS_S_RjPKhPhR12ComputeStateS0_RhS6_S6_S6_S_S_S_S_E_20_ce0       |  out|    1|   ap_memory|  p_ZZ18compute_controllerbbjRbS_bS_S_RjPKhPhR12ComputeStateS0_RhS6_S6_S6_S_S_S_S_E_20|         array|
|p_ZZ18compute_controllerbbjRbS_bS_S_RjPKhPhR12ComputeStateS0_RhS6_S6_S6_S_S_S_S_E_20_q0        |   in|   16|   ap_memory|  p_ZZ18compute_controllerbbjRbS_bS_S_RjPKhPhR12ComputeStateS0_RhS6_S6_S6_S_S_S_S_E_20|         array|
|p_ZZ18compute_controllerbbjRbS_bS_S_RjPKhPhR12ComputeStateS0_RhS6_S6_S6_S_S_S_S_E_25_address0  |  out|   10|   ap_memory|  p_ZZ18compute_controllerbbjRbS_bS_S_RjPKhPhR12ComputeStateS0_RhS6_S6_S6_S_S_S_S_E_25|         array|
|p_ZZ18compute_controllerbbjRbS_bS_S_RjPKhPhR12ComputeStateS0_RhS6_S6_S6_S_S_S_S_E_25_ce0       |  out|    1|   ap_memory|  p_ZZ18compute_controllerbbjRbS_bS_S_RjPKhPhR12ComputeStateS0_RhS6_S6_S6_S_S_S_S_E_25|         array|
|p_ZZ18compute_controllerbbjRbS_bS_S_RjPKhPhR12ComputeStateS0_RhS6_S6_S6_S_S_S_S_E_25_q0        |   in|    4|   ap_memory|  p_ZZ18compute_controllerbbjRbS_bS_S_RjPKhPhR12ComputeStateS0_RhS6_S6_S6_S_S_S_S_E_25|         array|
|p_ZZ18compute_controllerbbjRbS_bS_S_RjPKhPhR12ComputeStateS0_RhS6_S6_S6_S_S_S_S_E_19_address0  |  out|    4|   ap_memory|  p_ZZ18compute_controllerbbjRbS_bS_S_RjPKhPhR12ComputeStateS0_RhS6_S6_S6_S_S_S_S_E_19|         array|
|p_ZZ18compute_controllerbbjRbS_bS_S_RjPKhPhR12ComputeStateS0_RhS6_S6_S6_S_S_S_S_E_19_ce0       |  out|    1|   ap_memory|  p_ZZ18compute_controllerbbjRbS_bS_S_RjPKhPhR12ComputeStateS0_RhS6_S6_S6_S_S_S_S_E_19|         array|
|p_ZZ18compute_controllerbbjRbS_bS_S_RjPKhPhR12ComputeStateS0_RhS6_S6_S6_S_S_S_S_E_19_q0        |   in|   16|   ap_memory|  p_ZZ18compute_controllerbbjRbS_bS_S_RjPKhPhR12ComputeStateS0_RhS6_S6_S6_S_S_S_S_E_19|         array|
|p_ZZ18compute_controllerbbjRbS_bS_S_RjPKhPhR12ComputeStateS0_RhS6_S6_S6_S_S_S_S_E_24_address0  |  out|   10|   ap_memory|  p_ZZ18compute_controllerbbjRbS_bS_S_RjPKhPhR12ComputeStateS0_RhS6_S6_S6_S_S_S_S_E_24|         array|
|p_ZZ18compute_controllerbbjRbS_bS_S_RjPKhPhR12ComputeStateS0_RhS6_S6_S6_S_S_S_S_E_24_ce0       |  out|    1|   ap_memory|  p_ZZ18compute_controllerbbjRbS_bS_S_RjPKhPhR12ComputeStateS0_RhS6_S6_S6_S_S_S_S_E_24|         array|
|p_ZZ18compute_controllerbbjRbS_bS_S_RjPKhPhR12ComputeStateS0_RhS6_S6_S6_S_S_S_S_E_24_q0        |   in|    4|   ap_memory|  p_ZZ18compute_controllerbbjRbS_bS_S_RjPKhPhR12ComputeStateS0_RhS6_S6_S6_S_S_S_S_E_24|         array|
|p_ZZ18compute_controllerbbjRbS_bS_S_RjPKhPhR12ComputeStateS0_RhS6_S6_S6_S_S_S_S_E_18_address0  |  out|    4|   ap_memory|  p_ZZ18compute_controllerbbjRbS_bS_S_RjPKhPhR12ComputeStateS0_RhS6_S6_S6_S_S_S_S_E_18|         array|
|p_ZZ18compute_controllerbbjRbS_bS_S_RjPKhPhR12ComputeStateS0_RhS6_S6_S6_S_S_S_S_E_18_ce0       |  out|    1|   ap_memory|  p_ZZ18compute_controllerbbjRbS_bS_S_RjPKhPhR12ComputeStateS0_RhS6_S6_S6_S_S_S_S_E_18|         array|
|p_ZZ18compute_controllerbbjRbS_bS_S_RjPKhPhR12ComputeStateS0_RhS6_S6_S6_S_S_S_S_E_18_q0        |   in|   16|   ap_memory|  p_ZZ18compute_controllerbbjRbS_bS_S_RjPKhPhR12ComputeStateS0_RhS6_S6_S6_S_S_S_S_E_18|         array|
+-----------------------------------------------------------------------------------------------+-----+-----+------------+--------------------------------------------------------------------------------------+--------------+

