

================================================================
== Vitis HLS Report for 'compute_controller_Pipeline_VITIS_LOOP_654_41'
================================================================
* Date:           Sat Jan 24 18:01:22 2026

* Version:        2025.1 (Build 6135595 on May 21 2025)
* Project:        compute_controller
* Solution:       hls (Vivado IP Flow Target)
* Product family: zynquplus
* Target device:  xck26-sfvc784-2LV-c


================================================================
== Performance Estimates
================================================================
+ Timing: 
    * Summary: 
    +--------+----------+----------+------------+
    |  Clock |  Target  | Estimated| Uncertainty|
    +--------+----------+----------+------------+
    |ap_clk  |  10.00 ns|  2.453 ns|     2.70 ns|
    +--------+----------+----------+------------+

+ Latency: 
    * Summary: 
    +---------+---------+-----------+-----------+-----+-----+------------------------------------------------+
    |  Latency (cycles) |   Latency (absolute)  |  Interval |                    Pipeline                    |
    |   min   |   max   |    min    |    max    | min | max |                      Type                      |
    +---------+---------+-----------+-----------+-----+-----+------------------------------------------------+
    |        7|        7|  70.000 ns|  70.000 ns|    6|    6|  loop auto-rewind stp (delay=0 clock cycles(s))|
    +---------+---------+-----------+-----------+-----+-----+------------------------------------------------+

    + Detail: 
        * Instance: 
        N/A

        * Loop: 
        +---------------------+---------+---------+----------+-----------+-----------+------+----------+
        |                     |  Latency (cycles) | Iteration|  Initiation Interval  | Trip |          |
        |      Loop Name      |   min   |   max   |  Latency |  achieved |   target  | Count| Pipelined|
        +---------------------+---------+---------+----------+-----------+-----------+------+----------+
        |- VITIS_LOOP_654_41  |        5|        5|         2|          1|          1|     5|       yes|
        +---------------------+---------+---------+----------+-----------+-----------+------+----------+



================================================================
== Utilization Estimates
================================================================
* Summary: 
+-----------------+---------+------+--------+--------+-----+
|       Name      | BRAM_18K|  DSP |   FF   |   LUT  | URAM|
+-----------------+---------+------+--------+--------+-----+
|DSP              |        -|     -|       -|       -|    -|
|Expression       |        -|     -|       0|      49|    -|
|FIFO             |        -|     -|       -|       -|    -|
|Instance         |        -|     -|       -|       -|    -|
|Memory           |        -|     -|       -|       -|    -|
|Multiplexer      |        -|     -|       0|      36|    -|
|Register         |        -|     -|       9|       -|    -|
+-----------------+---------+------+--------+--------+-----+
|Total            |        0|     0|       9|      85|    0|
+-----------------+---------+------+--------+--------+-----+
|Available        |      288|  1248|  234240|  117120|   64|
+-----------------+---------+------+--------+--------+-----+
|Utilization (%)  |        0|     0|      ~0|      ~0|    0|
+-----------------+---------+------+--------+--------+-----+

+ Detail: 
    * Instance: 
    N/A

    * DSP: 
    N/A

    * Memory: 
    N/A

    * FIFO: 
    N/A

    * Expression: 
    +----------------------+----------+----+---+----+------------+------------+
    |     Variable Name    | Operation| DSP| FF| LUT| Bitwidth P0| Bitwidth P1|
    +----------------------+----------+----+---+----+------------+------------+
    |add_ln589_fu_176_p2   |         +|   0|  0|  15|           8|           7|
    |add_ln654_fu_139_p2   |         +|   0|  0|  10|           3|           1|
    |add_ln656_fu_161_p2   |         +|   0|  0|  12|           5|           5|
    |icmp_ln654_fu_133_p2  |      icmp|   0|  0|  10|           3|           3|
    |ap_enable_pp0         |       xor|   0|  0|   2|           1|           2|
    +----------------------+----------+----+---+----+------------+------------+
    |Total                 |          |   0|  0|  49|          20|          18|
    +----------------------+----------+----+---+----+------------+------------+

    * Multiplexer: 
    +-------------------------+----+-----------+-----+-----------+
    |           Name          | LUT| Input Size| Bits| Total Bits|
    +-------------------------+----+-----------+-----+-----------+
    |ap_done_int              |   9|          2|    1|          2|
    |ap_enable_reg_pp0_iter1  |   9|          2|    1|          2|
    |ap_sig_allocacmp_i_2     |   9|          2|    3|          6|
    |i_fu_66                  |   9|          2|    3|          6|
    +-------------------------+----+-----------+-----+-----------+
    |Total                    |  36|          8|    8|         16|
    +-------------------------+----+-----------+-----+-----------+

    * Register: 
    +-------------------------+---+----+-----+-----------+
    |           Name          | FF| LUT| Bits| Const Bits|
    +-------------------------+---+----+-----+-----------+
    |ap_CS_fsm                |  1|   0|    1|          0|
    |ap_done_reg              |  1|   0|    1|          0|
    |ap_enable_reg_pp0_iter1  |  1|   0|    1|          0|
    |i_2_reg_224              |  3|   0|    3|          0|
    |i_fu_66                  |  3|   0|    3|          0|
    +-------------------------+---+----+-----+-----------+
    |Total                    |  9|   0|    9|          0|
    +-------------------------+---+----+-----+-----------+



================================================================
== Interface
================================================================
* Summary: 
+----------------------------------------------------------------------------------+-----+-----+------------+-------------------------------------------------------------------------+--------------+
|                                     RTL Ports                                    | Dir | Bits|  Protocol  |                              Source Object                              |    C Type    |
+----------------------------------------------------------------------------------+-----+-----+------------+-------------------------------------------------------------------------+--------------+
|ap_clk                                                                            |   in|    1|  ap_ctrl_hs|                            compute_controller_Pipeline_VITIS_LOOP_654_41|  return value|
|ap_rst                                                                            |   in|    1|  ap_ctrl_hs|                            compute_controller_Pipeline_VITIS_LOOP_654_41|  return value|
|ap_start                                                                          |   in|    1|  ap_ctrl_hs|                            compute_controller_Pipeline_VITIS_LOOP_654_41|  return value|
|ap_done                                                                           |  out|    1|  ap_ctrl_hs|                            compute_controller_Pipeline_VITIS_LOOP_654_41|  return value|
|ap_idle                                                                           |  out|    1|  ap_ctrl_hs|                            compute_controller_Pipeline_VITIS_LOOP_654_41|  return value|
|ap_ready                                                                          |  out|    1|  ap_ctrl_hs|                            compute_controller_Pipeline_VITIS_LOOP_654_41|  return value|
|in_buf_address0                                                                   |  out|   13|   ap_memory|                                                                   in_buf|         array|
|in_buf_ce0                                                                        |  out|    1|   ap_memory|                                                                   in_buf|         array|
|in_buf_q0                                                                         |   in|    8|   ap_memory|                                                                   in_buf|         array|
|in_buf_address1                                                                   |  out|   13|   ap_memory|                                                                   in_buf|         array|
|in_buf_ce1                                                                        |  out|    1|   ap_memory|                                                                   in_buf|         array|
|in_buf_q1                                                                         |   in|    8|   ap_memory|                                                                   in_buf|         array|
|compute_controller_bool_bool_unsigned_int_bool_bool_bool_bool_bool_u_69_address0  |  out|    2|   ap_memory|  compute_controller_bool_bool_unsigned_int_bool_bool_bool_bool_bool_u_69|         array|
|compute_controller_bool_bool_unsigned_int_bool_bool_bool_bool_bool_u_69_ce0       |  out|    1|   ap_memory|  compute_controller_bool_bool_unsigned_int_bool_bool_bool_bool_bool_u_69|         array|
|compute_controller_bool_bool_unsigned_int_bool_bool_bool_bool_bool_u_69_we0       |  out|    1|   ap_memory|  compute_controller_bool_bool_unsigned_int_bool_bool_bool_bool_bool_u_69|         array|
|compute_controller_bool_bool_unsigned_int_bool_bool_bool_bool_bool_u_69_d0        |  out|   16|   ap_memory|  compute_controller_bool_bool_unsigned_int_bool_bool_bool_bool_bool_u_69|         array|
|compute_controller_bool_bool_unsigned_int_bool_bool_bool_bool_bool_u_68_address0  |  out|    2|   ap_memory|  compute_controller_bool_bool_unsigned_int_bool_bool_bool_bool_bool_u_68|         array|
|compute_controller_bool_bool_unsigned_int_bool_bool_bool_bool_bool_u_68_ce0       |  out|    1|   ap_memory|  compute_controller_bool_bool_unsigned_int_bool_bool_bool_bool_bool_u_68|         array|
|compute_controller_bool_bool_unsigned_int_bool_bool_bool_bool_bool_u_68_we0       |  out|    1|   ap_memory|  compute_controller_bool_bool_unsigned_int_bool_bool_bool_bool_bool_u_68|         array|
|compute_controller_bool_bool_unsigned_int_bool_bool_bool_bool_bool_u_68_d0        |  out|   16|   ap_memory|  compute_controller_bool_bool_unsigned_int_bool_bool_bool_bool_bool_u_68|         array|
|compute_controller_bool_bool_unsigned_int_bool_bool_bool_bool_bool_u_67_address0  |  out|    2|   ap_memory|  compute_controller_bool_bool_unsigned_int_bool_bool_bool_bool_bool_u_67|         array|
|compute_controller_bool_bool_unsigned_int_bool_bool_bool_bool_bool_u_67_ce0       |  out|    1|   ap_memory|  compute_controller_bool_bool_unsigned_int_bool_bool_bool_bool_bool_u_67|         array|
|compute_controller_bool_bool_unsigned_int_bool_bool_bool_bool_bool_u_67_we0       |  out|    1|   ap_memory|  compute_controller_bool_bool_unsigned_int_bool_bool_bool_bool_bool_u_67|         array|
|compute_controller_bool_bool_unsigned_int_bool_bool_bool_bool_bool_u_67_d0        |  out|   16|   ap_memory|  compute_controller_bool_bool_unsigned_int_bool_bool_bool_bool_bool_u_67|         array|
|compute_controller_bool_bool_unsigned_int_bool_bool_bool_bool_bool_u_66_address0  |  out|    2|   ap_memory|  compute_controller_bool_bool_unsigned_int_bool_bool_bool_bool_bool_u_66|         array|
|compute_controller_bool_bool_unsigned_int_bool_bool_bool_bool_bool_u_66_ce0       |  out|    1|   ap_memory|  compute_controller_bool_bool_unsigned_int_bool_bool_bool_bool_bool_u_66|         array|
|compute_controller_bool_bool_unsigned_int_bool_bool_bool_bool_bool_u_66_we0       |  out|    1|   ap_memory|  compute_controller_bool_bool_unsigned_int_bool_bool_bool_bool_bool_u_66|         array|
|compute_controller_bool_bool_unsigned_int_bool_bool_bool_bool_bool_u_66_d0        |  out|   16|   ap_memory|  compute_controller_bool_bool_unsigned_int_bool_bool_bool_bool_bool_u_66|         array|
|compute_controller_bool_bool_unsigned_int_bool_bool_bool_bool_bool_u_65_address0  |  out|    2|   ap_memory|  compute_controller_bool_bool_unsigned_int_bool_bool_bool_bool_bool_u_65|         array|
|compute_controller_bool_bool_unsigned_int_bool_bool_bool_bool_bool_u_65_ce0       |  out|    1|   ap_memory|  compute_controller_bool_bool_unsigned_int_bool_bool_bool_bool_bool_u_65|         array|
|compute_controller_bool_bool_unsigned_int_bool_bool_bool_bool_bool_u_65_we0       |  out|    1|   ap_memory|  compute_controller_bool_bool_unsigned_int_bool_bool_bool_bool_bool_u_65|         array|
|compute_controller_bool_bool_unsigned_int_bool_bool_bool_bool_bool_u_65_d0        |  out|   16|   ap_memory|  compute_controller_bool_bool_unsigned_int_bool_bool_bool_bool_bool_u_65|         array|
+----------------------------------------------------------------------------------+-----+-----+------------+-------------------------------------------------------------------------+--------------+

