

================================================================
== Vitis HLS Report for 'compute_controller_Pipeline_VITIS_LOOP_474_18'
================================================================
* Date:           Sat Jan 24 18:01:27 2026

* Version:        2025.1 (Build 6135595 on May 21 2025)
* Project:        compute_controller
* Solution:       hls (Vivado IP Flow Target)
* Product family: zynquplus
* Target device:  xck26-sfvc784-2LV-c


================================================================
== Performance Estimates
================================================================
+ Timing: 
    * Summary: 
    +--------+----------+----------+------------+
    |  Clock |  Target  | Estimated| Uncertainty|
    +--------+----------+----------+------------+
    |ap_clk  |  10.00 ns|  2.057 ns|     2.70 ns|
    +--------+----------+----------+------------+

+ Latency: 
    * Summary: 
    +---------+---------+----------+----------+-----+-----+------------------------------------------------+
    |  Latency (cycles) |  Latency (absolute) |  Interval |                    Pipeline                    |
    |   min   |   max   |    min   |    max   | min | max |                      Type                      |
    +---------+---------+----------+----------+-----+-----+------------------------------------------------+
    |      387|      387|  3.870 us|  3.870 us|  386|  386|  loop auto-rewind stp (delay=0 clock cycles(s))|
    +---------+---------+----------+----------+-----+-----+------------------------------------------------+

    + Detail: 
        * Instance: 
        +---------------------+----------+---------+---------+-----------+-----------+-----+-----+---------+
        |                     |          |  Latency (cycles) |   Latency (absolute)  |  Interval | Pipeline|
        |       Instance      |  Module  |   min   |   max   |    min    |    max    | min | max |   Type  |
        +---------------------+----------+---------+---------+-----------+-----------+-----+-----+---------+
        |grp_read_i32_fu_318  |read_i32  |        2|        2|  20.000 ns|  20.000 ns|    2|    2|      yes|
        +---------------------+----------+---------+---------+-----------+-----------+-----+-----+---------+

        * Loop: 
        +---------------------+---------+---------+----------+-----------+-----------+------+----------+
        |                     |  Latency (cycles) | Iteration|  Initiation Interval  | Trip |          |
        |      Loop Name      |   min   |   max   |  Latency |  achieved |   target  | Count| Pipelined|
        +---------------------+---------+---------+----------+-----------+-----------+------+----------+
        |- VITIS_LOOP_474_18  |      385|      385|         4|          2|          1|   192|       yes|
        +---------------------+---------+---------+----------+-----------+-----------+------+----------+



================================================================
== Utilization Estimates
================================================================
* Summary: 
+-----------------+---------+------+--------+--------+-----+
|       Name      | BRAM_18K|  DSP |   FF   |   LUT  | URAM|
+-----------------+---------+------+--------+--------+-----+
|DSP              |        -|     -|       -|       -|    -|
|Expression       |        -|     -|       0|      32|    -|
|FIFO             |        -|     -|       -|       -|    -|
|Instance         |        -|     -|      33|     122|    -|
|Memory           |        -|     -|       -|       -|    -|
|Multiplexer      |        -|     -|       0|      59|    -|
|Register         |        -|     -|      35|       -|    -|
+-----------------+---------+------+--------+--------+-----+
|Total            |        0|     0|      68|     213|    0|
+-----------------+---------+------+--------+--------+-----+
|Available        |      288|  1248|  234240|  117120|   64|
+-----------------+---------+------+--------+--------+-----+
|Utilization (%)  |        0|     0|      ~0|      ~0|    0|
+-----------------+---------+------+--------+--------+-----+

+ Detail: 
    * Instance: 
    +---------------------+----------+---------+----+----+-----+-----+
    |       Instance      |  Module  | BRAM_18K| DSP| FF | LUT | URAM|
    +---------------------+----------+---------+----+----+-----+-----+
    |grp_read_i32_fu_318  |read_i32  |        0|   0|  33|  122|    0|
    +---------------------+----------+---------+----+----+-----+-----+
    |Total                |          |        0|   0|  33|  122|    0|
    +---------------------+----------+---------+----+----+-----+-----+

    * DSP: 
    N/A

    * Memory: 
    N/A

    * FIFO: 
    N/A

    * Expression: 
    +----------------------+----------+----+---+----+------------+------------+
    |     Variable Name    | Operation| DSP| FF| LUT| Bitwidth P0| Bitwidth P1|
    +----------------------+----------+----+---+----+------------+------------+
    |add_ln474_fu_393_p2   |         +|   0|  0|  15|           8|           1|
    |icmp_ln474_fu_349_p2  |      icmp|   0|  0|  15|           8|           8|
    |ap_enable_pp0         |       xor|   0|  0|   2|           1|           2|
    +----------------------+----------+----+---+----+------------+------------+
    |Total                 |          |   0|  0|  32|          17|          11|
    +----------------------+----------+----+---+----+------------+------------+

    * Multiplexer: 
    +-------------------------+----+-----------+-----+-----------+
    |           Name          | LUT| Input Size| Bits| Total Bits|
    +-------------------------+----+-----------+-----+-----------+
    |ap_NS_fsm                |  14|          3|    1|          3|
    |ap_done_int              |   9|          2|    1|          2|
    |ap_enable_reg_pp0_iter0  |   9|          2|    1|          2|
    |ap_enable_reg_pp0_iter1  |   9|          2|    1|          2|
    |ap_sig_allocacmp_i_9     |   9|          2|    8|         16|
    |i_fu_106                 |   9|          2|    8|         16|
    +-------------------------+----+-----------+-----+-----------+
    |Total                    |  59|         13|   20|         41|
    +-------------------------+----+-----------+-----+-----------+

    * Register: 
    +-----------------------------------+---+----+-----+-----------+
    |                Name               | FF| LUT| Bits| Const Bits|
    +-----------------------------------+---+----+-----+-----------+
    |ap_CS_fsm                          |  2|   0|    2|          0|
    |ap_done_reg                        |  1|   0|    1|          0|
    |ap_enable_reg_pp0_iter0_reg        |  1|   0|    1|          0|
    |ap_enable_reg_pp0_iter1            |  1|   0|    1|          0|
    |grp_read_i32_fu_318_ap_start_reg   |  1|   0|    1|          0|
    |i_9_reg_450                        |  8|   0|    8|          0|
    |i_fu_106                           |  8|   0|    8|          0|
    |icmp_ln474_reg_457                 |  1|   0|    1|          0|
    |lshr_ln1_reg_465                   |  4|   0|    4|          0|
    |trunc_ln474_reg_461                |  4|   0|    4|          0|
    |trunc_ln474_reg_461_pp0_iter1_reg  |  4|   0|    4|          0|
    +-----------------------------------+---+----+-----+-----------+
    |Total                              | 35|   0|   35|          0|
    +-----------------------------------+---+----+-----+-----------+



================================================================
== Interface
================================================================
* Summary: 
+-----------------------------------------------------------------------------------------------+-----+-----+------------+--------------------------------------------------------------------------------------+--------------+
|                                           RTL Ports                                           | Dir | Bits|  Protocol  |                                     Source Object                                    |    C Type    |
+-----------------------------------------------------------------------------------------------+-----+-----+------------+--------------------------------------------------------------------------------------+--------------+
|ap_clk                                                                                         |   in|    1|  ap_ctrl_hs|                                         compute_controller_Pipeline_VITIS_LOOP_474_18|  return value|
|ap_rst                                                                                         |   in|    1|  ap_ctrl_hs|                                         compute_controller_Pipeline_VITIS_LOOP_474_18|  return value|
|ap_start                                                                                       |   in|    1|  ap_ctrl_hs|                                         compute_controller_Pipeline_VITIS_LOOP_474_18|  return value|
|ap_done                                                                                        |  out|    1|  ap_ctrl_hs|                                         compute_controller_Pipeline_VITIS_LOOP_474_18|  return value|
|ap_idle                                                                                        |  out|    1|  ap_ctrl_hs|                                         compute_controller_Pipeline_VITIS_LOOP_474_18|  return value|
|ap_ready                                                                                       |  out|    1|  ap_ctrl_hs|                                         compute_controller_Pipeline_VITIS_LOOP_474_18|  return value|
|in_buf_address0                                                                                |  out|   13|   ap_memory|                                                                                in_buf|         array|
|in_buf_ce0                                                                                     |  out|    1|   ap_memory|                                                                                in_buf|         array|
|in_buf_q0                                                                                      |   in|    8|   ap_memory|                                                                                in_buf|         array|
|in_buf_address1                                                                                |  out|   13|   ap_memory|                                                                                in_buf|         array|
|in_buf_ce1                                                                                     |  out|    1|   ap_memory|                                                                                in_buf|         array|
|in_buf_q1                                                                                      |   in|    8|   ap_memory|                                                                                in_buf|         array|
|compute_controller_bool_bool_unsigned_int_bool_bool_bool_bool_bool_u_40_address0               |  out|    4|   ap_memory|               compute_controller_bool_bool_unsigned_int_bool_bool_bool_bool_bool_u_40|         array|
|compute_controller_bool_bool_unsigned_int_bool_bool_bool_bool_bool_u_40_ce0                    |  out|    1|   ap_memory|               compute_controller_bool_bool_unsigned_int_bool_bool_bool_bool_bool_u_40|         array|
|compute_controller_bool_bool_unsigned_int_bool_bool_bool_bool_bool_u_40_we0                    |  out|    1|   ap_memory|               compute_controller_bool_bool_unsigned_int_bool_bool_bool_bool_bool_u_40|         array|
|compute_controller_bool_bool_unsigned_int_bool_bool_bool_bool_bool_u_40_d0                     |  out|   32|   ap_memory|               compute_controller_bool_bool_unsigned_int_bool_bool_bool_bool_bool_u_40|         array|
|compute_controller_bool_bool_unsigned_int_bool_bool_bool_bool_bool_u_41_address0               |  out|    4|   ap_memory|               compute_controller_bool_bool_unsigned_int_bool_bool_bool_bool_bool_u_41|         array|
|compute_controller_bool_bool_unsigned_int_bool_bool_bool_bool_bool_u_41_ce0                    |  out|    1|   ap_memory|               compute_controller_bool_bool_unsigned_int_bool_bool_bool_bool_bool_u_41|         array|
|compute_controller_bool_bool_unsigned_int_bool_bool_bool_bool_bool_u_41_we0                    |  out|    1|   ap_memory|               compute_controller_bool_bool_unsigned_int_bool_bool_bool_bool_bool_u_41|         array|
|compute_controller_bool_bool_unsigned_int_bool_bool_bool_bool_bool_u_41_d0                     |  out|   32|   ap_memory|               compute_controller_bool_bool_unsigned_int_bool_bool_bool_bool_bool_u_41|         array|
|compute_controller_bool_bool_unsigned_int_bool_bool_bool_bool_bool_u_42_address0               |  out|    4|   ap_memory|               compute_controller_bool_bool_unsigned_int_bool_bool_bool_bool_bool_u_42|         array|
|compute_controller_bool_bool_unsigned_int_bool_bool_bool_bool_bool_u_42_ce0                    |  out|    1|   ap_memory|               compute_controller_bool_bool_unsigned_int_bool_bool_bool_bool_bool_u_42|         array|
|compute_controller_bool_bool_unsigned_int_bool_bool_bool_bool_bool_u_42_we0                    |  out|    1|   ap_memory|               compute_controller_bool_bool_unsigned_int_bool_bool_bool_bool_bool_u_42|         array|
|compute_controller_bool_bool_unsigned_int_bool_bool_bool_bool_bool_u_42_d0                     |  out|   32|   ap_memory|               compute_controller_bool_bool_unsigned_int_bool_bool_bool_bool_bool_u_42|         array|
|compute_controller_bool_bool_unsigned_int_bool_bool_bool_bool_bool_u_43_address0               |  out|    4|   ap_memory|               compute_controller_bool_bool_unsigned_int_bool_bool_bool_bool_bool_u_43|         array|
|compute_controller_bool_bool_unsigned_int_bool_bool_bool_bool_bool_u_43_ce0                    |  out|    1|   ap_memory|               compute_controller_bool_bool_unsigned_int_bool_bool_bool_bool_bool_u_43|         array|
|compute_controller_bool_bool_unsigned_int_bool_bool_bool_bool_bool_u_43_we0                    |  out|    1|   ap_memory|               compute_controller_bool_bool_unsigned_int_bool_bool_bool_bool_bool_u_43|         array|
|compute_controller_bool_bool_unsigned_int_bool_bool_bool_bool_bool_u_43_d0                     |  out|   32|   ap_memory|               compute_controller_bool_bool_unsigned_int_bool_bool_bool_bool_bool_u_43|         array|
|compute_controller_bool_bool_unsigned_int_bool_bool_bool_bool_bool_u_44_address0               |  out|    4|   ap_memory|               compute_controller_bool_bool_unsigned_int_bool_bool_bool_bool_bool_u_44|         array|
|compute_controller_bool_bool_unsigned_int_bool_bool_bool_bool_bool_u_44_ce0                    |  out|    1|   ap_memory|               compute_controller_bool_bool_unsigned_int_bool_bool_bool_bool_bool_u_44|         array|
|compute_controller_bool_bool_unsigned_int_bool_bool_bool_bool_bool_u_44_we0                    |  out|    1|   ap_memory|               compute_controller_bool_bool_unsigned_int_bool_bool_bool_bool_bool_u_44|         array|
|compute_controller_bool_bool_unsigned_int_bool_bool_bool_bool_bool_u_44_d0                     |  out|   32|   ap_memory|               compute_controller_bool_bool_unsigned_int_bool_bool_bool_bool_bool_u_44|         array|
|compute_controller_bool_bool_unsigned_int_bool_bool_bool_bool_bool_u_45_address0               |  out|    4|   ap_memory|               compute_controller_bool_bool_unsigned_int_bool_bool_bool_bool_bool_u_45|         array|
|compute_controller_bool_bool_unsigned_int_bool_bool_bool_bool_bool_u_45_ce0                    |  out|    1|   ap_memory|               compute_controller_bool_bool_unsigned_int_bool_bool_bool_bool_bool_u_45|         array|
|compute_controller_bool_bool_unsigned_int_bool_bool_bool_bool_bool_u_45_we0                    |  out|    1|   ap_memory|               compute_controller_bool_bool_unsigned_int_bool_bool_bool_bool_bool_u_45|         array|
|compute_controller_bool_bool_unsigned_int_bool_bool_bool_bool_bool_u_45_d0                     |  out|   32|   ap_memory|               compute_controller_bool_bool_unsigned_int_bool_bool_bool_bool_bool_u_45|         array|
|compute_controller_bool_bool_unsigned_int_bool_bool_bool_bool_bool_u_46_address0               |  out|    4|   ap_memory|               compute_controller_bool_bool_unsigned_int_bool_bool_bool_bool_bool_u_46|         array|
|compute_controller_bool_bool_unsigned_int_bool_bool_bool_bool_bool_u_46_ce0                    |  out|    1|   ap_memory|               compute_controller_bool_bool_unsigned_int_bool_bool_bool_bool_bool_u_46|         array|
|compute_controller_bool_bool_unsigned_int_bool_bool_bool_bool_bool_u_46_we0                    |  out|    1|   ap_memory|               compute_controller_bool_bool_unsigned_int_bool_bool_bool_bool_bool_u_46|         array|
|compute_controller_bool_bool_unsigned_int_bool_bool_bool_bool_bool_u_46_d0                     |  out|   32|   ap_memory|               compute_controller_bool_bool_unsigned_int_bool_bool_bool_bool_bool_u_46|         array|
|compute_controller_bool_bool_unsigned_int_bool_bool_bool_bool_bool_u_47_address0               |  out|    4|   ap_memory|               compute_controller_bool_bool_unsigned_int_bool_bool_bool_bool_bool_u_47|         array|
|compute_controller_bool_bool_unsigned_int_bool_bool_bool_bool_bool_u_47_ce0                    |  out|    1|   ap_memory|               compute_controller_bool_bool_unsigned_int_bool_bool_bool_bool_bool_u_47|         array|
|compute_controller_bool_bool_unsigned_int_bool_bool_bool_bool_bool_u_47_we0                    |  out|    1|   ap_memory|               compute_controller_bool_bool_unsigned_int_bool_bool_bool_bool_bool_u_47|         array|
|compute_controller_bool_bool_unsigned_int_bool_bool_bool_bool_bool_u_47_d0                     |  out|   32|   ap_memory|               compute_controller_bool_bool_unsigned_int_bool_bool_bool_bool_bool_u_47|         array|
|compute_controller_bool_bool_unsigned_int_bool_bool_bool_bool_bool_u_48_address0               |  out|    4|   ap_memory|               compute_controller_bool_bool_unsigned_int_bool_bool_bool_bool_bool_u_48|         array|
|compute_controller_bool_bool_unsigned_int_bool_bool_bool_bool_bool_u_48_ce0                    |  out|    1|   ap_memory|               compute_controller_bool_bool_unsigned_int_bool_bool_bool_bool_bool_u_48|         array|
|compute_controller_bool_bool_unsigned_int_bool_bool_bool_bool_bool_u_48_we0                    |  out|    1|   ap_memory|               compute_controller_bool_bool_unsigned_int_bool_bool_bool_bool_bool_u_48|         array|
|compute_controller_bool_bool_unsigned_int_bool_bool_bool_bool_bool_u_48_d0                     |  out|   32|   ap_memory|               compute_controller_bool_bool_unsigned_int_bool_bool_bool_bool_bool_u_48|         array|
|compute_controller_bool_bool_unsigned_int_bool_bool_bool_bool_bool_u_49_address0               |  out|    4|   ap_memory|               compute_controller_bool_bool_unsigned_int_bool_bool_bool_bool_bool_u_49|         array|
|compute_controller_bool_bool_unsigned_int_bool_bool_bool_bool_bool_u_49_ce0                    |  out|    1|   ap_memory|               compute_controller_bool_bool_unsigned_int_bool_bool_bool_bool_bool_u_49|         array|
|compute_controller_bool_bool_unsigned_int_bool_bool_bool_bool_bool_u_49_we0                    |  out|    1|   ap_memory|               compute_controller_bool_bool_unsigned_int_bool_bool_bool_bool_bool_u_49|         array|
|compute_controller_bool_bool_unsigned_int_bool_bool_bool_bool_bool_u_49_d0                     |  out|   32|   ap_memory|               compute_controller_bool_bool_unsigned_int_bool_bool_bool_bool_bool_u_49|         array|
|p_ZZ18compute_controllerbbjRbS_bS_S_RjPKhPhR12ComputeStateS0_RhS6_S6_S6_S_S_S_S_E_65_address0  |  out|    4|   ap_memory|  p_ZZ18compute_controllerbbjRbS_bS_S_RjPKhPhR12ComputeStateS0_RhS6_S6_S6_S_S_S_S_E_65|         array|
|p_ZZ18compute_controllerbbjRbS_bS_S_RjPKhPhR12ComputeStateS0_RhS6_S6_S6_S_S_S_S_E_65_ce0       |  out|    1|   ap_memory|  p_ZZ18compute_controllerbbjRbS_bS_S_RjPKhPhR12ComputeStateS0_RhS6_S6_S6_S_S_S_S_E_65|         array|
|p_ZZ18compute_controllerbbjRbS_bS_S_RjPKhPhR12ComputeStateS0_RhS6_S6_S6_S_S_S_S_E_65_we0       |  out|    1|   ap_memory|  p_ZZ18compute_controllerbbjRbS_bS_S_RjPKhPhR12ComputeStateS0_RhS6_S6_S6_S_S_S_S_E_65|         array|
|p_ZZ18compute_controllerbbjRbS_bS_S_RjPKhPhR12ComputeStateS0_RhS6_S6_S6_S_S_S_S_E_65_d0        |  out|   32|   ap_memory|  p_ZZ18compute_controllerbbjRbS_bS_S_RjPKhPhR12ComputeStateS0_RhS6_S6_S6_S_S_S_S_E_65|         array|
|p_ZZ18compute_controllerbbjRbS_bS_S_RjPKhPhR12ComputeStateS0_RhS6_S6_S6_S_S_S_S_E_64_address0  |  out|    4|   ap_memory|  p_ZZ18compute_controllerbbjRbS_bS_S_RjPKhPhR12ComputeStateS0_RhS6_S6_S6_S_S_S_S_E_64|         array|
|p_ZZ18compute_controllerbbjRbS_bS_S_RjPKhPhR12ComputeStateS0_RhS6_S6_S6_S_S_S_S_E_64_ce0       |  out|    1|   ap_memory|  p_ZZ18compute_controllerbbjRbS_bS_S_RjPKhPhR12ComputeStateS0_RhS6_S6_S6_S_S_S_S_E_64|         array|
|p_ZZ18compute_controllerbbjRbS_bS_S_RjPKhPhR12ComputeStateS0_RhS6_S6_S6_S_S_S_S_E_64_we0       |  out|    1|   ap_memory|  p_ZZ18compute_controllerbbjRbS_bS_S_RjPKhPhR12ComputeStateS0_RhS6_S6_S6_S_S_S_S_E_64|         array|
|p_ZZ18compute_controllerbbjRbS_bS_S_RjPKhPhR12ComputeStateS0_RhS6_S6_S6_S_S_S_S_E_64_d0        |  out|   32|   ap_memory|  p_ZZ18compute_controllerbbjRbS_bS_S_RjPKhPhR12ComputeStateS0_RhS6_S6_S6_S_S_S_S_E_64|         array|
|p_ZZ18compute_controllerbbjRbS_bS_S_RjPKhPhR12ComputeStateS0_RhS6_S6_S6_S_S_S_S_E_63_address0  |  out|    4|   ap_memory|  p_ZZ18compute_controllerbbjRbS_bS_S_RjPKhPhR12ComputeStateS0_RhS6_S6_S6_S_S_S_S_E_63|         array|
|p_ZZ18compute_controllerbbjRbS_bS_S_RjPKhPhR12ComputeStateS0_RhS6_S6_S6_S_S_S_S_E_63_ce0       |  out|    1|   ap_memory|  p_ZZ18compute_controllerbbjRbS_bS_S_RjPKhPhR12ComputeStateS0_RhS6_S6_S6_S_S_S_S_E_63|         array|
|p_ZZ18compute_controllerbbjRbS_bS_S_RjPKhPhR12ComputeStateS0_RhS6_S6_S6_S_S_S_S_E_63_we0       |  out|    1|   ap_memory|  p_ZZ18compute_controllerbbjRbS_bS_S_RjPKhPhR12ComputeStateS0_RhS6_S6_S6_S_S_S_S_E_63|         array|
|p_ZZ18compute_controllerbbjRbS_bS_S_RjPKhPhR12ComputeStateS0_RhS6_S6_S6_S_S_S_S_E_63_d0        |  out|   32|   ap_memory|  p_ZZ18compute_controllerbbjRbS_bS_S_RjPKhPhR12ComputeStateS0_RhS6_S6_S6_S_S_S_S_E_63|         array|
|p_ZZ18compute_controllerbbjRbS_bS_S_RjPKhPhR12ComputeStateS0_RhS6_S6_S6_S_S_S_S_E_62_address0  |  out|    4|   ap_memory|  p_ZZ18compute_controllerbbjRbS_bS_S_RjPKhPhR12ComputeStateS0_RhS6_S6_S6_S_S_S_S_E_62|         array|
|p_ZZ18compute_controllerbbjRbS_bS_S_RjPKhPhR12ComputeStateS0_RhS6_S6_S6_S_S_S_S_E_62_ce0       |  out|    1|   ap_memory|  p_ZZ18compute_controllerbbjRbS_bS_S_RjPKhPhR12ComputeStateS0_RhS6_S6_S6_S_S_S_S_E_62|         array|
|p_ZZ18compute_controllerbbjRbS_bS_S_RjPKhPhR12ComputeStateS0_RhS6_S6_S6_S_S_S_S_E_62_we0       |  out|    1|   ap_memory|  p_ZZ18compute_controllerbbjRbS_bS_S_RjPKhPhR12ComputeStateS0_RhS6_S6_S6_S_S_S_S_E_62|         array|
|p_ZZ18compute_controllerbbjRbS_bS_S_RjPKhPhR12ComputeStateS0_RhS6_S6_S6_S_S_S_S_E_62_d0        |  out|   32|   ap_memory|  p_ZZ18compute_controllerbbjRbS_bS_S_RjPKhPhR12ComputeStateS0_RhS6_S6_S6_S_S_S_S_E_62|         array|
|p_ZZ18compute_controllerbbjRbS_bS_S_RjPKhPhR12ComputeStateS0_RhS6_S6_S6_S_S_S_S_E_61_address0  |  out|    4|   ap_memory|  p_ZZ18compute_controllerbbjRbS_bS_S_RjPKhPhR12ComputeStateS0_RhS6_S6_S6_S_S_S_S_E_61|         array|
|p_ZZ18compute_controllerbbjRbS_bS_S_RjPKhPhR12ComputeStateS0_RhS6_S6_S6_S_S_S_S_E_61_ce0       |  out|    1|   ap_memory|  p_ZZ18compute_controllerbbjRbS_bS_S_RjPKhPhR12ComputeStateS0_RhS6_S6_S6_S_S_S_S_E_61|         array|
|p_ZZ18compute_controllerbbjRbS_bS_S_RjPKhPhR12ComputeStateS0_RhS6_S6_S6_S_S_S_S_E_61_we0       |  out|    1|   ap_memory|  p_ZZ18compute_controllerbbjRbS_bS_S_RjPKhPhR12ComputeStateS0_RhS6_S6_S6_S_S_S_S_E_61|         array|
|p_ZZ18compute_controllerbbjRbS_bS_S_RjPKhPhR12ComputeStateS0_RhS6_S6_S6_S_S_S_S_E_61_d0        |  out|   32|   ap_memory|  p_ZZ18compute_controllerbbjRbS_bS_S_RjPKhPhR12ComputeStateS0_RhS6_S6_S6_S_S_S_S_E_61|         array|
|p_ZZ18compute_controllerbbjRbS_bS_S_RjPKhPhR12ComputeStateS0_RhS6_S6_S6_S_S_S_S_E_60_address0  |  out|    4|   ap_memory|  p_ZZ18compute_controllerbbjRbS_bS_S_RjPKhPhR12ComputeStateS0_RhS6_S6_S6_S_S_S_S_E_60|         array|
|p_ZZ18compute_controllerbbjRbS_bS_S_RjPKhPhR12ComputeStateS0_RhS6_S6_S6_S_S_S_S_E_60_ce0       |  out|    1|   ap_memory|  p_ZZ18compute_controllerbbjRbS_bS_S_RjPKhPhR12ComputeStateS0_RhS6_S6_S6_S_S_S_S_E_60|         array|
|p_ZZ18compute_controllerbbjRbS_bS_S_RjPKhPhR12ComputeStateS0_RhS6_S6_S6_S_S_S_S_E_60_we0       |  out|    1|   ap_memory|  p_ZZ18compute_controllerbbjRbS_bS_S_RjPKhPhR12ComputeStateS0_RhS6_S6_S6_S_S_S_S_E_60|         array|
|p_ZZ18compute_controllerbbjRbS_bS_S_RjPKhPhR12ComputeStateS0_RhS6_S6_S6_S_S_S_S_E_60_d0        |  out|   32|   ap_memory|  p_ZZ18compute_controllerbbjRbS_bS_S_RjPKhPhR12ComputeStateS0_RhS6_S6_S6_S_S_S_S_E_60|         array|
+-----------------------------------------------------------------------------------------------+-----+-----+------------+--------------------------------------------------------------------------------------+--------------+

