

================================================================
== Vitis HLS Report for 'compute_controller_Pipeline_VITIS_LOOP_43_29'
================================================================
* Date:           Thu Jan 22 19:27:10 2026

* Version:        2025.1 (Build 6135595 on May 21 2025)
* Project:        compute_controller
* Solution:       hls (Vivado IP Flow Target)
* Product family: zynquplus
* Target device:  xck26-sfvc784-2LV-c


================================================================
== Performance Estimates
================================================================
+ Timing: 
    * Summary: 
    +--------+----------+----------+------------+
    |  Clock |  Target  | Estimated| Uncertainty|
    +--------+----------+----------+------------+
    |ap_clk  |  10.00 ns|  4.449 ns|     2.70 ns|
    +--------+----------+----------+------------+

+ Latency: 
    * Summary: 
    +---------+---------+----------+----------+-----+-----+------------------------------------------------+
    |  Latency (cycles) |  Latency (absolute) |  Interval |                    Pipeline                    |
    |   min   |   max   |    min   |    max   | min | max |                      Type                      |
    +---------+---------+----------+----------+-----+-----+------------------------------------------------+
    |       17|       17|  0.170 us|  0.170 us|   13|   13|  loop auto-rewind stp (delay=0 clock cycles(s))|
    +---------+---------+----------+----------+-----+-----+------------------------------------------------+

    + Detail: 
        * Instance: 
        N/A

        * Loop: 
        +-------------------+---------+---------+----------+-----------+-----------+------+----------+
        |                   |  Latency (cycles) | Iteration|  Initiation Interval  | Trip |          |
        |     Loop Name     |   min   |   max   |  Latency |  achieved |   target  | Count| Pipelined|
        +-------------------+---------+---------+----------+-----------+-----------+------+----------+
        |- VITIS_LOOP_43_2  |       15|       15|         5|          1|          1|    12|       yes|
        +-------------------+---------+---------+----------+-----------+-----------+------+----------+



================================================================
== Utilization Estimates
================================================================
* Summary: 
+-----------------+---------+------+--------+--------+-----+
|       Name      | BRAM_18K|  DSP |   FF   |   LUT  | URAM|
+-----------------+---------+------+--------+--------+-----+
|DSP              |        -|     8|       -|       -|    -|
|Expression       |        -|     -|       0|     226|    -|
|FIFO             |        -|     -|       -|       -|    -|
|Instance         |        -|     0|       0|     320|    -|
|Memory           |        -|     -|       -|       -|    -|
|Multiplexer      |        -|     -|       0|      45|    -|
|Register         |        -|     -|     129|      32|    -|
+-----------------+---------+------+--------+--------+-----+
|Total            |        0|     8|     129|     623|    0|
+-----------------+---------+------+--------+--------+-----+
|Available        |      288|  1248|  234240|  117120|   64|
+-----------------+---------+------+--------+--------+-----+
|Utilization (%)  |        0|    ~0|      ~0|      ~0|    0|
+-----------------+---------+------+--------+--------+-----+

+ Detail: 
    * Instance: 
    +-----------------------+------------------+---------+----+---+----+-----+
    |        Instance       |      Module      | BRAM_18K| DSP| FF| LUT| URAM|
    +-----------------------+------------------+---------+----+---+----+-----+
    |mul_8s_4s_12_1_1_U532  |mul_8s_4s_12_1_1  |        0|   0|  0|  40|    0|
    |mul_8s_4s_12_1_1_U533  |mul_8s_4s_12_1_1  |        0|   0|  0|  40|    0|
    |mul_8s_4s_12_1_1_U534  |mul_8s_4s_12_1_1  |        0|   0|  0|  40|    0|
    |mul_8s_4s_12_1_1_U535  |mul_8s_4s_12_1_1  |        0|   0|  0|  40|    0|
    |mul_8s_4s_12_1_1_U536  |mul_8s_4s_12_1_1  |        0|   0|  0|  40|    0|
    |mul_8s_4s_12_1_1_U537  |mul_8s_4s_12_1_1  |        0|   0|  0|  40|    0|
    |mul_8s_4s_12_1_1_U538  |mul_8s_4s_12_1_1  |        0|   0|  0|  40|    0|
    |mul_8s_4s_12_1_1_U539  |mul_8s_4s_12_1_1  |        0|   0|  0|  40|    0|
    +-----------------------+------------------+---------+----+---+----+-----+
    |Total                  |                  |        0|   0|  0| 320|    0|
    +-----------------------+------------------+---------+----+---+----+-----+

    * DSP: 
    +----------------------------------+-----------------------------+--------------+
    |             Instance             |            Module           |  Expression  |
    +----------------------------------+-----------------------------+--------------+
    |mac_muladd_8s_4s_12s_13_4_1_U540  |mac_muladd_8s_4s_12s_13_4_1  |  i0 + i1 * i2|
    |mac_muladd_8s_4s_12s_13_4_1_U541  |mac_muladd_8s_4s_12s_13_4_1  |  i0 + i1 * i2|
    |mac_muladd_8s_4s_12s_13_4_1_U542  |mac_muladd_8s_4s_12s_13_4_1  |  i0 + i1 * i2|
    |mac_muladd_8s_4s_12s_13_4_1_U543  |mac_muladd_8s_4s_12s_13_4_1  |  i0 + i1 * i2|
    |mac_muladd_8s_4s_12s_13_4_1_U544  |mac_muladd_8s_4s_12s_13_4_1  |  i0 + i1 * i2|
    |mac_muladd_8s_4s_12s_13_4_1_U545  |mac_muladd_8s_4s_12s_13_4_1  |  i0 + i1 * i2|
    |mac_muladd_8s_4s_12s_13_4_1_U546  |mac_muladd_8s_4s_12s_13_4_1  |  i0 + i1 * i2|
    |mac_muladd_8s_4s_12s_13_4_1_U547  |mac_muladd_8s_4s_12s_13_4_1  |  i0 + i1 * i2|
    +----------------------------------+-----------------------------+--------------+

    * Memory: 
    N/A

    * FIFO: 
    N/A

    * Expression: 
    +-----------------------+----------+----+---+----+------------+------------+
    |     Variable Name     | Operation| DSP| FF| LUT| Bitwidth P0| Bitwidth P1|
    +-----------------------+----------+----+---+----+------------+------------+
    |acc_1_fu_934_p2        |         +|   0|  0|  26|          19|          19|
    |add_ln43_fu_618_p2     |         +|   0|  0|  15|           8|           5|
    |add_ln45_fu_600_p2     |         +|   0|  0|  17|          10|          10|
    |add_ln46_12_fu_904_p2  |         +|   0|  0|  21|          14|          14|
    |add_ln46_13_fu_914_p2  |         +|   0|  0|  22|          15|          15|
    |add_ln46_14_fu_924_p2  |         +|   0|  0|  23|          16|          16|
    |add_ln46_2_fu_846_p2   |         +|   0|  0|  21|          14|          14|
    |add_ln46_5_fu_862_p2   |         +|   0|  0|  21|          14|          14|
    |add_ln46_6_fu_872_p2   |         +|   0|  0|  22|          15|          15|
    |add_ln46_9_fu_888_p2   |         +|   0|  0|  21|          14|          14|
    |icmp_ln43_fu_568_p2    |      icmp|   0|  0|  15|           8|           8|
    |ap_enable_pp0          |       xor|   0|  0|   2|           1|           2|
    +-----------------------+----------+----+---+----+------------+------------+
    |Total                  |          |   0|  0| 226|         148|         146|
    +-----------------------+----------+----+---+----+------------+------------+

    * Multiplexer: 
    +-------------------------+----+-----------+-----+-----------+
    |           Name          | LUT| Input Size| Bits| Total Bits|
    +-------------------------+----+-----------+-----+-----------+
    |acc_fu_108               |   9|          2|   19|         38|
    |ap_done_int              |   9|          2|    1|          2|
    |ap_enable_reg_pp0_iter1  |   9|          2|    1|          2|
    |ap_sig_allocacmp_i_1     |   9|          2|    8|         16|
    |i_fu_112                 |   9|          2|    8|         16|
    +-------------------------+----+-----------+-----+-----------+
    |Total                    |  45|         10|   37|         74|
    +-------------------------+----+-----------+-----+-----------+

    * Register: 
    +----------------------------------+----+----+-----+-----------+
    |               Name               | FF | LUT| Bits| Const Bits|
    +----------------------------------+----+----+-----+-----------+
    |acc_fu_108                        |  19|   0|   19|          0|
    |ap_CS_fsm                         |   1|   0|    1|          0|
    |ap_done_reg                       |   1|   0|    1|          0|
    |ap_enable_reg_pp0_iter1           |   1|   0|    1|          0|
    |ap_enable_reg_pp0_iter2           |   1|   0|    1|          0|
    |ap_enable_reg_pp0_iter3           |   1|   0|    1|          0|
    |ap_enable_reg_pp0_iter4           |   1|   0|    1|          0|
    |ap_loop_exit_ready_pp0_iter1_reg  |   1|   0|    1|          0|
    |ap_loop_exit_ready_pp0_iter2_reg  |   1|   0|    1|          0|
    |ap_loop_exit_ready_pp0_iter3_reg  |   1|   0|    1|          0|
    |i_fu_112                          |   8|   0|    8|          0|
    |icmp_ln43_reg_1036                |   1|   0|    1|          0|
    |zext_ln42_reg_1040                |   4|   0|   64|         60|
    |zext_ln42_reg_1040_pp0_iter1_reg  |   4|   0|   64|         60|
    |zext_ln45_reg_1052                |  10|   0|   64|         54|
    |zext_ln45_reg_1052_pp0_iter1_reg  |  10|   0|   64|         54|
    |icmp_ln43_reg_1036                |  64|  32|    1|          0|
    +----------------------------------+----+----+-----+-----------+
    |Total                             | 129|  32|  294|        228|
    +----------------------------------+----+----+-----+-----------+



================================================================
== Interface
================================================================
* Summary: 
+-----------------------------------------------------------------------------------------------+-----+-----+------------+--------------------------------------------------------------------------------------+--------------+
|                                           RTL Ports                                           | Dir | Bits|  Protocol  |                                     Source Object                                    |    C Type    |
+-----------------------------------------------------------------------------------------------+-----+-----+------------+--------------------------------------------------------------------------------------+--------------+
|ap_clk                                                                                         |   in|    1|  ap_ctrl_hs|                                          compute_controller_Pipeline_VITIS_LOOP_43_29|  return value|
|ap_rst                                                                                         |   in|    1|  ap_ctrl_hs|                                          compute_controller_Pipeline_VITIS_LOOP_43_29|  return value|
|ap_start                                                                                       |   in|    1|  ap_ctrl_hs|                                          compute_controller_Pipeline_VITIS_LOOP_43_29|  return value|
|ap_done                                                                                        |  out|    1|  ap_ctrl_hs|                                          compute_controller_Pipeline_VITIS_LOOP_43_29|  return value|
|ap_idle                                                                                        |  out|    1|  ap_ctrl_hs|                                          compute_controller_Pipeline_VITIS_LOOP_43_29|  return value|
|ap_ready                                                                                       |  out|    1|  ap_ctrl_hs|                                          compute_controller_Pipeline_VITIS_LOOP_43_29|  return value|
|sext_ln42_9                                                                                    |   in|    4|     ap_none|                                                                           sext_ln42_9|        scalar|
|p_udiv1244                                                                                     |   in|   10|     ap_none|                                                                            p_udiv1244|        scalar|
|acc_28_out                                                                                     |  out|   19|      ap_vld|                                                                            acc_28_out|       pointer|
|acc_28_out_ap_vld                                                                              |  out|    1|      ap_vld|                                                                            acc_28_out|       pointer|
|compute_controller_bool_bool_unsigned_int_bool_bool_bool_bool_bool_u_29_address0               |  out|   10|   ap_memory|               compute_controller_bool_bool_unsigned_int_bool_bool_bool_bool_bool_u_29|         array|
|compute_controller_bool_bool_unsigned_int_bool_bool_bool_bool_bool_u_29_ce0                    |  out|    1|   ap_memory|               compute_controller_bool_bool_unsigned_int_bool_bool_bool_bool_bool_u_29|         array|
|compute_controller_bool_bool_unsigned_int_bool_bool_bool_bool_bool_u_29_q0                     |   in|    4|   ap_memory|               compute_controller_bool_bool_unsigned_int_bool_bool_bool_bool_bool_u_29|         array|
|compute_controller_bool_bool_unsigned_int_bool_bool_bool_bool_bool_u_9_address0                |  out|    4|   ap_memory|                compute_controller_bool_bool_unsigned_int_bool_bool_bool_bool_bool_u_9|         array|
|compute_controller_bool_bool_unsigned_int_bool_bool_bool_bool_bool_u_9_ce0                     |  out|    1|   ap_memory|                compute_controller_bool_bool_unsigned_int_bool_bool_bool_bool_bool_u_9|         array|
|compute_controller_bool_bool_unsigned_int_bool_bool_bool_bool_bool_u_9_q0                      |   in|    8|   ap_memory|                compute_controller_bool_bool_unsigned_int_bool_bool_bool_bool_bool_u_9|         array|
|compute_controller_bool_bool_unsigned_int_bool_bool_bool_bool_bool_u_28_address0               |  out|   10|   ap_memory|               compute_controller_bool_bool_unsigned_int_bool_bool_bool_bool_bool_u_28|         array|
|compute_controller_bool_bool_unsigned_int_bool_bool_bool_bool_bool_u_28_ce0                    |  out|    1|   ap_memory|               compute_controller_bool_bool_unsigned_int_bool_bool_bool_bool_bool_u_28|         array|
|compute_controller_bool_bool_unsigned_int_bool_bool_bool_bool_bool_u_28_q0                     |   in|    4|   ap_memory|               compute_controller_bool_bool_unsigned_int_bool_bool_bool_bool_bool_u_28|         array|
|compute_controller_bool_bool_unsigned_int_bool_bool_bool_bool_bool_u_8_address0                |  out|    4|   ap_memory|                compute_controller_bool_bool_unsigned_int_bool_bool_bool_bool_bool_u_8|         array|
|compute_controller_bool_bool_unsigned_int_bool_bool_bool_bool_bool_u_8_ce0                     |  out|    1|   ap_memory|                compute_controller_bool_bool_unsigned_int_bool_bool_bool_bool_bool_u_8|         array|
|compute_controller_bool_bool_unsigned_int_bool_bool_bool_bool_bool_u_8_q0                      |   in|    8|   ap_memory|                compute_controller_bool_bool_unsigned_int_bool_bool_bool_bool_bool_u_8|         array|
|compute_controller_bool_bool_unsigned_int_bool_bool_bool_bool_bool_u_27_address0               |  out|   10|   ap_memory|               compute_controller_bool_bool_unsigned_int_bool_bool_bool_bool_bool_u_27|         array|
|compute_controller_bool_bool_unsigned_int_bool_bool_bool_bool_bool_u_27_ce0                    |  out|    1|   ap_memory|               compute_controller_bool_bool_unsigned_int_bool_bool_bool_bool_bool_u_27|         array|
|compute_controller_bool_bool_unsigned_int_bool_bool_bool_bool_bool_u_27_q0                     |   in|    4|   ap_memory|               compute_controller_bool_bool_unsigned_int_bool_bool_bool_bool_bool_u_27|         array|
|compute_controller_bool_bool_unsigned_int_bool_bool_bool_bool_bool_u_7_address0                |  out|    4|   ap_memory|                compute_controller_bool_bool_unsigned_int_bool_bool_bool_bool_bool_u_7|         array|
|compute_controller_bool_bool_unsigned_int_bool_bool_bool_bool_bool_u_7_ce0                     |  out|    1|   ap_memory|                compute_controller_bool_bool_unsigned_int_bool_bool_bool_bool_bool_u_7|         array|
|compute_controller_bool_bool_unsigned_int_bool_bool_bool_bool_bool_u_7_q0                      |   in|    8|   ap_memory|                compute_controller_bool_bool_unsigned_int_bool_bool_bool_bool_bool_u_7|         array|
|compute_controller_bool_bool_unsigned_int_bool_bool_bool_bool_bool_u_26_address0               |  out|   10|   ap_memory|               compute_controller_bool_bool_unsigned_int_bool_bool_bool_bool_bool_u_26|         array|
|compute_controller_bool_bool_unsigned_int_bool_bool_bool_bool_bool_u_26_ce0                    |  out|    1|   ap_memory|               compute_controller_bool_bool_unsigned_int_bool_bool_bool_bool_bool_u_26|         array|
|compute_controller_bool_bool_unsigned_int_bool_bool_bool_bool_bool_u_26_q0                     |   in|    4|   ap_memory|               compute_controller_bool_bool_unsigned_int_bool_bool_bool_bool_bool_u_26|         array|
|compute_controller_bool_bool_unsigned_int_bool_bool_bool_bool_bool_u_6_address0                |  out|    4|   ap_memory|                compute_controller_bool_bool_unsigned_int_bool_bool_bool_bool_bool_u_6|         array|
|compute_controller_bool_bool_unsigned_int_bool_bool_bool_bool_bool_u_6_ce0                     |  out|    1|   ap_memory|                compute_controller_bool_bool_unsigned_int_bool_bool_bool_bool_bool_u_6|         array|
|compute_controller_bool_bool_unsigned_int_bool_bool_bool_bool_bool_u_6_q0                      |   in|    8|   ap_memory|                compute_controller_bool_bool_unsigned_int_bool_bool_bool_bool_bool_u_6|         array|
|compute_controller_bool_bool_unsigned_int_bool_bool_bool_bool_bool_u_25_address0               |  out|   10|   ap_memory|               compute_controller_bool_bool_unsigned_int_bool_bool_bool_bool_bool_u_25|         array|
|compute_controller_bool_bool_unsigned_int_bool_bool_bool_bool_bool_u_25_ce0                    |  out|    1|   ap_memory|               compute_controller_bool_bool_unsigned_int_bool_bool_bool_bool_bool_u_25|         array|
|compute_controller_bool_bool_unsigned_int_bool_bool_bool_bool_bool_u_25_q0                     |   in|    4|   ap_memory|               compute_controller_bool_bool_unsigned_int_bool_bool_bool_bool_bool_u_25|         array|
|compute_controller_bool_bool_unsigned_int_bool_bool_bool_bool_bool_u_5_address0                |  out|    4|   ap_memory|                compute_controller_bool_bool_unsigned_int_bool_bool_bool_bool_bool_u_5|         array|
|compute_controller_bool_bool_unsigned_int_bool_bool_bool_bool_bool_u_5_ce0                     |  out|    1|   ap_memory|                compute_controller_bool_bool_unsigned_int_bool_bool_bool_bool_bool_u_5|         array|
|compute_controller_bool_bool_unsigned_int_bool_bool_bool_bool_bool_u_5_q0                      |   in|    8|   ap_memory|                compute_controller_bool_bool_unsigned_int_bool_bool_bool_bool_bool_u_5|         array|
|compute_controller_bool_bool_unsigned_int_bool_bool_bool_bool_bool_u_24_address0               |  out|   10|   ap_memory|               compute_controller_bool_bool_unsigned_int_bool_bool_bool_bool_bool_u_24|         array|
|compute_controller_bool_bool_unsigned_int_bool_bool_bool_bool_bool_u_24_ce0                    |  out|    1|   ap_memory|               compute_controller_bool_bool_unsigned_int_bool_bool_bool_bool_bool_u_24|         array|
|compute_controller_bool_bool_unsigned_int_bool_bool_bool_bool_bool_u_24_q0                     |   in|    4|   ap_memory|               compute_controller_bool_bool_unsigned_int_bool_bool_bool_bool_bool_u_24|         array|
|compute_controller_bool_bool_unsigned_int_bool_bool_bool_bool_bool_u_4_address0                |  out|    4|   ap_memory|                compute_controller_bool_bool_unsigned_int_bool_bool_bool_bool_bool_u_4|         array|
|compute_controller_bool_bool_unsigned_int_bool_bool_bool_bool_bool_u_4_ce0                     |  out|    1|   ap_memory|                compute_controller_bool_bool_unsigned_int_bool_bool_bool_bool_bool_u_4|         array|
|compute_controller_bool_bool_unsigned_int_bool_bool_bool_bool_bool_u_4_q0                      |   in|    8|   ap_memory|                compute_controller_bool_bool_unsigned_int_bool_bool_bool_bool_bool_u_4|         array|
|compute_controller_bool_bool_unsigned_int_bool_bool_bool_bool_bool_u_23_address0               |  out|   10|   ap_memory|               compute_controller_bool_bool_unsigned_int_bool_bool_bool_bool_bool_u_23|         array|
|compute_controller_bool_bool_unsigned_int_bool_bool_bool_bool_bool_u_23_ce0                    |  out|    1|   ap_memory|               compute_controller_bool_bool_unsigned_int_bool_bool_bool_bool_bool_u_23|         array|
|compute_controller_bool_bool_unsigned_int_bool_bool_bool_bool_bool_u_23_q0                     |   in|    4|   ap_memory|               compute_controller_bool_bool_unsigned_int_bool_bool_bool_bool_bool_u_23|         array|
|compute_controller_bool_bool_unsigned_int_bool_bool_bool_bool_bool_u_3_address0                |  out|    4|   ap_memory|                compute_controller_bool_bool_unsigned_int_bool_bool_bool_bool_bool_u_3|         array|
|compute_controller_bool_bool_unsigned_int_bool_bool_bool_bool_bool_u_3_ce0                     |  out|    1|   ap_memory|                compute_controller_bool_bool_unsigned_int_bool_bool_bool_bool_bool_u_3|         array|
|compute_controller_bool_bool_unsigned_int_bool_bool_bool_bool_bool_u_3_q0                      |   in|    8|   ap_memory|                compute_controller_bool_bool_unsigned_int_bool_bool_bool_bool_bool_u_3|         array|
|compute_controller_bool_bool_unsigned_int_bool_bool_bool_bool_bool_u_22_address0               |  out|   10|   ap_memory|               compute_controller_bool_bool_unsigned_int_bool_bool_bool_bool_bool_u_22|         array|
|compute_controller_bool_bool_unsigned_int_bool_bool_bool_bool_bool_u_22_ce0                    |  out|    1|   ap_memory|               compute_controller_bool_bool_unsigned_int_bool_bool_bool_bool_bool_u_22|         array|
|compute_controller_bool_bool_unsigned_int_bool_bool_bool_bool_bool_u_22_q0                     |   in|    4|   ap_memory|               compute_controller_bool_bool_unsigned_int_bool_bool_bool_bool_bool_u_22|         array|
|compute_controller_bool_bool_unsigned_int_bool_bool_bool_bool_bool_u_2_address0                |  out|    4|   ap_memory|                compute_controller_bool_bool_unsigned_int_bool_bool_bool_bool_bool_u_2|         array|
|compute_controller_bool_bool_unsigned_int_bool_bool_bool_bool_bool_u_2_ce0                     |  out|    1|   ap_memory|                compute_controller_bool_bool_unsigned_int_bool_bool_bool_bool_bool_u_2|         array|
|compute_controller_bool_bool_unsigned_int_bool_bool_bool_bool_bool_u_2_q0                      |   in|    8|   ap_memory|                compute_controller_bool_bool_unsigned_int_bool_bool_bool_bool_bool_u_2|         array|
|compute_controller_bool_bool_unsigned_int_bool_bool_bool_bool_bool_u_21_address0               |  out|   10|   ap_memory|               compute_controller_bool_bool_unsigned_int_bool_bool_bool_bool_bool_u_21|         array|
|compute_controller_bool_bool_unsigned_int_bool_bool_bool_bool_bool_u_21_ce0                    |  out|    1|   ap_memory|               compute_controller_bool_bool_unsigned_int_bool_bool_bool_bool_bool_u_21|         array|
|compute_controller_bool_bool_unsigned_int_bool_bool_bool_bool_bool_u_21_q0                     |   in|    4|   ap_memory|               compute_controller_bool_bool_unsigned_int_bool_bool_bool_bool_bool_u_21|         array|
|compute_controller_bool_bool_unsigned_int_bool_bool_bool_bool_bool_u_1_address0                |  out|    4|   ap_memory|                compute_controller_bool_bool_unsigned_int_bool_bool_bool_bool_bool_u_1|         array|
|compute_controller_bool_bool_unsigned_int_bool_bool_bool_bool_bool_u_1_ce0                     |  out|    1|   ap_memory|                compute_controller_bool_bool_unsigned_int_bool_bool_bool_bool_bool_u_1|         array|
|compute_controller_bool_bool_unsigned_int_bool_bool_bool_bool_bool_u_1_q0                      |   in|    8|   ap_memory|                compute_controller_bool_bool_unsigned_int_bool_bool_bool_bool_bool_u_1|         array|
|compute_controller_bool_bool_unsigned_int_bool_bool_bool_bool_bool_u_20_address0               |  out|   10|   ap_memory|               compute_controller_bool_bool_unsigned_int_bool_bool_bool_bool_bool_u_20|         array|
|compute_controller_bool_bool_unsigned_int_bool_bool_bool_bool_bool_u_20_ce0                    |  out|    1|   ap_memory|               compute_controller_bool_bool_unsigned_int_bool_bool_bool_bool_bool_u_20|         array|
|compute_controller_bool_bool_unsigned_int_bool_bool_bool_bool_bool_u_20_q0                     |   in|    4|   ap_memory|               compute_controller_bool_bool_unsigned_int_bool_bool_bool_bool_bool_u_20|         array|
|compute_controller_bool_bool_unsigned_int_bool_bool_bool_bool_bool_u_address0                  |  out|    4|   ap_memory|                  compute_controller_bool_bool_unsigned_int_bool_bool_bool_bool_bool_u|         array|
|compute_controller_bool_bool_unsigned_int_bool_bool_bool_bool_bool_u_ce0                       |  out|    1|   ap_memory|                  compute_controller_bool_bool_unsigned_int_bool_bool_bool_bool_bool_u|         array|
|compute_controller_bool_bool_unsigned_int_bool_bool_bool_bool_bool_u_q0                        |   in|    8|   ap_memory|                  compute_controller_bool_bool_unsigned_int_bool_bool_bool_bool_bool_u|         array|
|p_ZZ18compute_controllerbbjRbS_bS_S_RjPKhPhR12ComputeStateS0_RhS6_S6_S6_S_S_S_S_E_11_address0  |  out|   10|   ap_memory|  p_ZZ18compute_controllerbbjRbS_bS_S_RjPKhPhR12ComputeStateS0_RhS6_S6_S6_S_S_S_S_E_11|         array|
|p_ZZ18compute_controllerbbjRbS_bS_S_RjPKhPhR12ComputeStateS0_RhS6_S6_S6_S_S_S_S_E_11_ce0       |  out|    1|   ap_memory|  p_ZZ18compute_controllerbbjRbS_bS_S_RjPKhPhR12ComputeStateS0_RhS6_S6_S6_S_S_S_S_E_11|         array|
|p_ZZ18compute_controllerbbjRbS_bS_S_RjPKhPhR12ComputeStateS0_RhS6_S6_S6_S_S_S_S_E_11_q0        |   in|    4|   ap_memory|  p_ZZ18compute_controllerbbjRbS_bS_S_RjPKhPhR12ComputeStateS0_RhS6_S6_S6_S_S_S_S_E_11|         array|
|p_ZZ18compute_controllerbbjRbS_bS_S_RjPKhPhR12ComputeStateS0_RhS6_S6_S6_S_S_S_S_E_5_address0   |  out|    4|   ap_memory|   p_ZZ18compute_controllerbbjRbS_bS_S_RjPKhPhR12ComputeStateS0_RhS6_S6_S6_S_S_S_S_E_5|         array|
|p_ZZ18compute_controllerbbjRbS_bS_S_RjPKhPhR12ComputeStateS0_RhS6_S6_S6_S_S_S_S_E_5_ce0        |  out|    1|   ap_memory|   p_ZZ18compute_controllerbbjRbS_bS_S_RjPKhPhR12ComputeStateS0_RhS6_S6_S6_S_S_S_S_E_5|         array|
|p_ZZ18compute_controllerbbjRbS_bS_S_RjPKhPhR12ComputeStateS0_RhS6_S6_S6_S_S_S_S_E_5_q0         |   in|    8|   ap_memory|   p_ZZ18compute_controllerbbjRbS_bS_S_RjPKhPhR12ComputeStateS0_RhS6_S6_S6_S_S_S_S_E_5|         array|
|p_ZZ18compute_controllerbbjRbS_bS_S_RjPKhPhR12ComputeStateS0_RhS6_S6_S6_S_S_S_S_E_10_address0  |  out|   10|   ap_memory|  p_ZZ18compute_controllerbbjRbS_bS_S_RjPKhPhR12ComputeStateS0_RhS6_S6_S6_S_S_S_S_E_10|         array|
|p_ZZ18compute_controllerbbjRbS_bS_S_RjPKhPhR12ComputeStateS0_RhS6_S6_S6_S_S_S_S_E_10_ce0       |  out|    1|   ap_memory|  p_ZZ18compute_controllerbbjRbS_bS_S_RjPKhPhR12ComputeStateS0_RhS6_S6_S6_S_S_S_S_E_10|         array|
|p_ZZ18compute_controllerbbjRbS_bS_S_RjPKhPhR12ComputeStateS0_RhS6_S6_S6_S_S_S_S_E_10_q0        |   in|    4|   ap_memory|  p_ZZ18compute_controllerbbjRbS_bS_S_RjPKhPhR12ComputeStateS0_RhS6_S6_S6_S_S_S_S_E_10|         array|
|p_ZZ18compute_controllerbbjRbS_bS_S_RjPKhPhR12ComputeStateS0_RhS6_S6_S6_S_S_S_S_E_4_address0   |  out|    4|   ap_memory|   p_ZZ18compute_controllerbbjRbS_bS_S_RjPKhPhR12ComputeStateS0_RhS6_S6_S6_S_S_S_S_E_4|         array|
|p_ZZ18compute_controllerbbjRbS_bS_S_RjPKhPhR12ComputeStateS0_RhS6_S6_S6_S_S_S_S_E_4_ce0        |  out|    1|   ap_memory|   p_ZZ18compute_controllerbbjRbS_bS_S_RjPKhPhR12ComputeStateS0_RhS6_S6_S6_S_S_S_S_E_4|         array|
|p_ZZ18compute_controllerbbjRbS_bS_S_RjPKhPhR12ComputeStateS0_RhS6_S6_S6_S_S_S_S_E_4_q0         |   in|    8|   ap_memory|   p_ZZ18compute_controllerbbjRbS_bS_S_RjPKhPhR12ComputeStateS0_RhS6_S6_S6_S_S_S_S_E_4|         array|
|p_ZZ18compute_controllerbbjRbS_bS_S_RjPKhPhR12ComputeStateS0_RhS6_S6_S6_S_S_S_S_E_9_address0   |  out|   10|   ap_memory|   p_ZZ18compute_controllerbbjRbS_bS_S_RjPKhPhR12ComputeStateS0_RhS6_S6_S6_S_S_S_S_E_9|         array|
|p_ZZ18compute_controllerbbjRbS_bS_S_RjPKhPhR12ComputeStateS0_RhS6_S6_S6_S_S_S_S_E_9_ce0        |  out|    1|   ap_memory|   p_ZZ18compute_controllerbbjRbS_bS_S_RjPKhPhR12ComputeStateS0_RhS6_S6_S6_S_S_S_S_E_9|         array|
|p_ZZ18compute_controllerbbjRbS_bS_S_RjPKhPhR12ComputeStateS0_RhS6_S6_S6_S_S_S_S_E_9_q0         |   in|    4|   ap_memory|   p_ZZ18compute_controllerbbjRbS_bS_S_RjPKhPhR12ComputeStateS0_RhS6_S6_S6_S_S_S_S_E_9|         array|
|p_ZZ18compute_controllerbbjRbS_bS_S_RjPKhPhR12ComputeStateS0_RhS6_S6_S6_S_S_S_S_E_3_address0   |  out|    4|   ap_memory|   p_ZZ18compute_controllerbbjRbS_bS_S_RjPKhPhR12ComputeStateS0_RhS6_S6_S6_S_S_S_S_E_3|         array|
|p_ZZ18compute_controllerbbjRbS_bS_S_RjPKhPhR12ComputeStateS0_RhS6_S6_S6_S_S_S_S_E_3_ce0        |  out|    1|   ap_memory|   p_ZZ18compute_controllerbbjRbS_bS_S_RjPKhPhR12ComputeStateS0_RhS6_S6_S6_S_S_S_S_E_3|         array|
|p_ZZ18compute_controllerbbjRbS_bS_S_RjPKhPhR12ComputeStateS0_RhS6_S6_S6_S_S_S_S_E_3_q0         |   in|    8|   ap_memory|   p_ZZ18compute_controllerbbjRbS_bS_S_RjPKhPhR12ComputeStateS0_RhS6_S6_S6_S_S_S_S_E_3|         array|
|p_ZZ18compute_controllerbbjRbS_bS_S_RjPKhPhR12ComputeStateS0_RhS6_S6_S6_S_S_S_S_E_8_address0   |  out|   10|   ap_memory|   p_ZZ18compute_controllerbbjRbS_bS_S_RjPKhPhR12ComputeStateS0_RhS6_S6_S6_S_S_S_S_E_8|         array|
|p_ZZ18compute_controllerbbjRbS_bS_S_RjPKhPhR12ComputeStateS0_RhS6_S6_S6_S_S_S_S_E_8_ce0        |  out|    1|   ap_memory|   p_ZZ18compute_controllerbbjRbS_bS_S_RjPKhPhR12ComputeStateS0_RhS6_S6_S6_S_S_S_S_E_8|         array|
|p_ZZ18compute_controllerbbjRbS_bS_S_RjPKhPhR12ComputeStateS0_RhS6_S6_S6_S_S_S_S_E_8_q0         |   in|    4|   ap_memory|   p_ZZ18compute_controllerbbjRbS_bS_S_RjPKhPhR12ComputeStateS0_RhS6_S6_S6_S_S_S_S_E_8|         array|
|p_ZZ18compute_controllerbbjRbS_bS_S_RjPKhPhR12ComputeStateS0_RhS6_S6_S6_S_S_S_S_E_2_address0   |  out|    4|   ap_memory|   p_ZZ18compute_controllerbbjRbS_bS_S_RjPKhPhR12ComputeStateS0_RhS6_S6_S6_S_S_S_S_E_2|         array|
|p_ZZ18compute_controllerbbjRbS_bS_S_RjPKhPhR12ComputeStateS0_RhS6_S6_S6_S_S_S_S_E_2_ce0        |  out|    1|   ap_memory|   p_ZZ18compute_controllerbbjRbS_bS_S_RjPKhPhR12ComputeStateS0_RhS6_S6_S6_S_S_S_S_E_2|         array|
|p_ZZ18compute_controllerbbjRbS_bS_S_RjPKhPhR12ComputeStateS0_RhS6_S6_S6_S_S_S_S_E_2_q0         |   in|    8|   ap_memory|   p_ZZ18compute_controllerbbjRbS_bS_S_RjPKhPhR12ComputeStateS0_RhS6_S6_S6_S_S_S_S_E_2|         array|
|p_ZZ18compute_controllerbbjRbS_bS_S_RjPKhPhR12ComputeStateS0_RhS6_S6_S6_S_S_S_S_E_7_address0   |  out|   10|   ap_memory|   p_ZZ18compute_controllerbbjRbS_bS_S_RjPKhPhR12ComputeStateS0_RhS6_S6_S6_S_S_S_S_E_7|         array|
|p_ZZ18compute_controllerbbjRbS_bS_S_RjPKhPhR12ComputeStateS0_RhS6_S6_S6_S_S_S_S_E_7_ce0        |  out|    1|   ap_memory|   p_ZZ18compute_controllerbbjRbS_bS_S_RjPKhPhR12ComputeStateS0_RhS6_S6_S6_S_S_S_S_E_7|         array|
|p_ZZ18compute_controllerbbjRbS_bS_S_RjPKhPhR12ComputeStateS0_RhS6_S6_S6_S_S_S_S_E_7_q0         |   in|    4|   ap_memory|   p_ZZ18compute_controllerbbjRbS_bS_S_RjPKhPhR12ComputeStateS0_RhS6_S6_S6_S_S_S_S_E_7|         array|
|p_ZZ18compute_controllerbbjRbS_bS_S_RjPKhPhR12ComputeStateS0_RhS6_S6_S6_S_S_S_S_E_1_address0   |  out|    4|   ap_memory|   p_ZZ18compute_controllerbbjRbS_bS_S_RjPKhPhR12ComputeStateS0_RhS6_S6_S6_S_S_S_S_E_1|         array|
|p_ZZ18compute_controllerbbjRbS_bS_S_RjPKhPhR12ComputeStateS0_RhS6_S6_S6_S_S_S_S_E_1_ce0        |  out|    1|   ap_memory|   p_ZZ18compute_controllerbbjRbS_bS_S_RjPKhPhR12ComputeStateS0_RhS6_S6_S6_S_S_S_S_E_1|         array|
|p_ZZ18compute_controllerbbjRbS_bS_S_RjPKhPhR12ComputeStateS0_RhS6_S6_S6_S_S_S_S_E_1_q0         |   in|    8|   ap_memory|   p_ZZ18compute_controllerbbjRbS_bS_S_RjPKhPhR12ComputeStateS0_RhS6_S6_S6_S_S_S_S_E_1|         array|
|p_ZZ18compute_controllerbbjRbS_bS_S_RjPKhPhR12ComputeStateS0_RhS6_S6_S6_S_S_S_S_E_6_address0   |  out|   10|   ap_memory|   p_ZZ18compute_controllerbbjRbS_bS_S_RjPKhPhR12ComputeStateS0_RhS6_S6_S6_S_S_S_S_E_6|         array|
|p_ZZ18compute_controllerbbjRbS_bS_S_RjPKhPhR12ComputeStateS0_RhS6_S6_S6_S_S_S_S_E_6_ce0        |  out|    1|   ap_memory|   p_ZZ18compute_controllerbbjRbS_bS_S_RjPKhPhR12ComputeStateS0_RhS6_S6_S6_S_S_S_S_E_6|         array|
|p_ZZ18compute_controllerbbjRbS_bS_S_RjPKhPhR12ComputeStateS0_RhS6_S6_S6_S_S_S_S_E_6_q0         |   in|    4|   ap_memory|   p_ZZ18compute_controllerbbjRbS_bS_S_RjPKhPhR12ComputeStateS0_RhS6_S6_S6_S_S_S_S_E_6|         array|
|p_ZZ18compute_controllerbbjRbS_bS_S_RjPKhPhR12ComputeStateS0_RhS6_S6_S6_S_S_S_S_E_address0     |  out|    4|   ap_memory|     p_ZZ18compute_controllerbbjRbS_bS_S_RjPKhPhR12ComputeStateS0_RhS6_S6_S6_S_S_S_S_E|         array|
|p_ZZ18compute_controllerbbjRbS_bS_S_RjPKhPhR12ComputeStateS0_RhS6_S6_S6_S_S_S_S_E_ce0          |  out|    1|   ap_memory|     p_ZZ18compute_controllerbbjRbS_bS_S_RjPKhPhR12ComputeStateS0_RhS6_S6_S6_S_S_S_S_E|         array|
|p_ZZ18compute_controllerbbjRbS_bS_S_RjPKhPhR12ComputeStateS0_RhS6_S6_S6_S_S_S_S_E_q0           |   in|    8|   ap_memory|     p_ZZ18compute_controllerbbjRbS_bS_S_RjPKhPhR12ComputeStateS0_RhS6_S6_S6_S_S_S_S_E|         array|
+-----------------------------------------------------------------------------------------------+-----+-----+------------+--------------------------------------------------------------------------------------+--------------+

