

================================================================
== Vitis HLS Report for 'compute_controller_Pipeline_VITIS_LOOP_633_37_VITIS_LOOP_634_38'
================================================================
* Date:           Sat Jan 24 18:01:22 2026

* Version:        2025.1 (Build 6135595 on May 21 2025)
* Project:        compute_controller
* Solution:       hls (Vivado IP Flow Target)
* Product family: zynquplus
* Target device:  xck26-sfvc784-2LV-c


================================================================
== Performance Estimates
================================================================
+ Timing: 
    * Summary: 
    +--------+----------+----------+------------+
    |  Clock |  Target  | Estimated| Uncertainty|
    +--------+----------+----------+------------+
    |ap_clk  |  10.00 ns|  3.821 ns|     2.70 ns|
    +--------+----------+----------+------------+

+ Latency: 
    * Summary: 
    +---------+---------+-----------+-----------+------+------+------------------------------------------------+
    |  Latency (cycles) |   Latency (absolute)  |   Interval  |                    Pipeline                    |
    |   min   |   max   |    min    |    max    |  min |  max |                      Type                      |
    +---------+---------+-----------+-----------+------+------+------------------------------------------------+
    |     9221|     9221|  92.210 us|  92.210 us|  9217|  9217|  loop auto-rewind stp (delay=0 clock cycles(s))|
    +---------+---------+-----------+-----------+------+------+------------------------------------------------+

    + Detail: 
        * Instance: 
        N/A

        * Loop: 
        +---------------------------------------+---------+---------+----------+-----------+-----------+------+----------+
        |                                       |  Latency (cycles) | Iteration|  Initiation Interval  | Trip |          |
        |               Loop Name               |   min   |   max   |  Latency |  achieved |   target  | Count| Pipelined|
        +---------------------------------------+---------+---------+----------+-----------+-----------+------+----------+
        |- VITIS_LOOP_633_37_VITIS_LOOP_634_38  |     9219|     9219|         5|          1|          1|  9216|       yes|
        +---------------------------------------+---------+---------+----------+-----------+-----------+------+----------+



================================================================
== Utilization Estimates
================================================================
* Summary: 
+-----------------+---------+------+--------+--------+-----+
|       Name      | BRAM_18K|  DSP |   FF   |   LUT  | URAM|
+-----------------+---------+------+--------+--------+-----+
|DSP              |        -|     1|       -|       -|    -|
|Expression       |        -|     -|       0|     232|    -|
|FIFO             |        -|     -|       -|       -|    -|
|Instance         |        -|     -|       -|       -|    -|
|Memory           |        -|     -|       -|       -|    -|
|Multiplexer      |        -|     -|       0|      72|    -|
|Register         |        -|     -|     270|      96|    -|
+-----------------+---------+------+--------+--------+-----+
|Total            |        0|     1|     270|     400|    0|
+-----------------+---------+------+--------+--------+-----+
|Available        |      288|  1248|  234240|  117120|   64|
+-----------------+---------+------+--------+--------+-----+
|Utilization (%)  |        0|    ~0|      ~0|      ~0|    0|
+-----------------+---------+------+--------+--------+-----+

+ Detail: 
    * Instance: 
    N/A

    * DSP: 
    +----------------------------------+------------------------------+--------------+
    |             Instance             |            Module            |  Expression  |
    +----------------------------------+------------------------------+--------------+
    |mac_muladd_6ns_5ns_8ns_9_4_1_U34  |mac_muladd_6ns_5ns_8ns_9_4_1  |  i0 + i1 * i2|
    +----------------------------------+------------------------------+--------------+

    * Memory: 
    N/A

    * FIFO: 
    N/A

    * Expression: 
    +--------------------------+----------+----+---+----+------------+------------+
    |       Variable Name      | Operation| DSP| FF| LUT| Bitwidth P0| Bitwidth P1|
    +--------------------------+----------+----+---+----+------------+------------+
    |add_ln633_1_fu_417_p2     |         +|   0|  0|  13|           6|           1|
    |add_ln633_fu_391_p2       |         +|   0|  0|  21|          14|           1|
    |add_ln634_fu_483_p2       |         +|   0|  0|  15|           8|           1|
    |add_ln642_fu_614_p2       |         +|   0|  0|  18|          10|          10|
    |nibble_idx_fu_512_p2      |         +|   0|  0|  16|           9|           7|
    |p_udiv1931_fu_600_p2      |         -|   0|  0|  18|          10|          10|
    |sub_ln580_1_fu_544_p2     |         -|   0|  0|  16|           1|           9|
    |sub_ln580_fu_525_p2       |         -|   0|  0|  16|           8|           9|
    |and_ln636_fu_606_p2       |       and|   0|  0|   2|           1|           1|
    |cmp612_fu_577_p2          |      icmp|   0|  0|  13|           6|           3|
    |icmp_ln633_fu_385_p2      |      icmp|   0|  0|  21|          14|          14|
    |icmp_ln634_fu_403_p2      |      icmp|   0|  0|  15|           8|           8|
    |icmp_ln636_fu_507_p2      |      icmp|   0|  0|  15|           8|           5|
    |nibble_fu_657_p3          |    select|   0|  0|   4|           1|           4|
    |select_ln580_fu_564_p3    |    select|   0|  0|   9|           1|           9|
    |select_ln633_1_fu_423_p3  |    select|   0|  0|   6|           1|           6|
    |select_ln633_fu_409_p3    |    select|   0|  0|   8|           1|           1|
    |storemerge1116_fu_665_p3  |    select|   0|  0|   4|           1|           4|
    |ap_enable_pp0             |       xor|   0|  0|   2|           1|           2|
    +--------------------------+----------+----+---+----+------------+------------+
    |Total                     |          |   0|  0| 232|         109|         105|
    +--------------------------+----------+----+---+----+------------+------------+

    * Multiplexer: 
    +----------------------------------------+----+-----------+-----+-----------+
    |                  Name                  | LUT| Input Size| Bits| Total Bits|
    +----------------------------------------+----+-----------+-----+-----------+
    |ap_done_int                             |   9|          2|    1|          2|
    |ap_enable_reg_pp0_iter1                 |   9|          2|    1|          2|
    |ap_sig_allocacmp_i_load                 |   9|          2|    8|         16|
    |ap_sig_allocacmp_indvar_flatten13_load  |   9|          2|   14|         28|
    |ap_sig_allocacmp_out_idx_load           |   9|          2|    6|         12|
    |i_fu_134                                |   9|          2|    8|         16|
    |indvar_flatten13_fu_142                 |   9|          2|   14|         28|
    |out_idx_fu_138                          |   9|          2|    6|         12|
    +----------------------------------------+----+-----------+-----+-----------+
    |Total                                   |  72|         16|   58|        116|
    +----------------------------------------+----+-----------+-----+-----------+

    * Register: 
    +------------------------------------+----+----+-----+-----------+
    |                Name                | FF | LUT| Bits| Const Bits|
    +------------------------------------+----+----+-----+-----------+
    |ap_CS_fsm                           |   1|   0|    1|          0|
    |ap_done_reg                         |   1|   0|    1|          0|
    |ap_enable_reg_pp0_iter1             |   1|   0|    1|          0|
    |ap_enable_reg_pp0_iter2             |   1|   0|    1|          0|
    |ap_enable_reg_pp0_iter3             |   1|   0|    1|          0|
    |ap_enable_reg_pp0_iter4             |   1|   0|    1|          0|
    |ap_loop_exit_ready_pp0_iter1_reg    |   1|   0|    1|          0|
    |ap_loop_exit_ready_pp0_iter2_reg    |   1|   0|    1|          0|
    |ap_loop_exit_ready_pp0_iter3_reg    |   1|   0|    1|          0|
    |i_fu_134                            |   8|   0|    8|          0|
    |icmp_ln636_reg_756                  |   1|   0|    1|          0|
    |icmp_ln636_reg_756_pp0_iter3_reg    |   1|   0|    1|          0|
    |indvar_flatten13_fu_142             |  14|   0|   14|          0|
    |lshr_ln_reg_746                     |   4|   0|    4|          0|
    |nibble_idx_reg_761                  |   9|   0|    9|          0|
    |out_idx_fu_138                      |   6|   0|    6|          0|
    |select_ln633_1_reg_730              |   6|   0|    6|          0|
    |select_ln633_reg_724                |   8|   0|    8|          0|
    |select_ln633_reg_724_pp0_iter1_reg  |   8|   0|    8|          0|
    |trunc_ln634_reg_742                 |   4|   0|    4|          0|
    |lshr_ln_reg_746                     |  64|  32|    4|          0|
    |select_ln633_1_reg_730              |  64|  32|    6|          0|
    |trunc_ln634_reg_742                 |  64|  32|    4|          0|
    +------------------------------------+----+----+-----+-----------+
    |Total                               | 270|  96|   92|          0|
    +------------------------------------+----+----+-----+-----------+



================================================================
== Interface
================================================================
* Summary: 
+-----------------------------------------------------------------------------------------------+-----+-----+------------+--------------------------------------------------------------------------------------+--------------+
|                                           RTL Ports                                           | Dir | Bits|  Protocol  |                                     Source Object                                    |    C Type    |
+-----------------------------------------------------------------------------------------------+-----+-----+------------+--------------------------------------------------------------------------------------+--------------+
|ap_clk                                                                                         |   in|    1|  ap_ctrl_hs|                       compute_controller_Pipeline_VITIS_LOOP_633_37_VITIS_LOOP_634_38|  return value|
|ap_rst                                                                                         |   in|    1|  ap_ctrl_hs|                       compute_controller_Pipeline_VITIS_LOOP_633_37_VITIS_LOOP_634_38|  return value|
|ap_start                                                                                       |   in|    1|  ap_ctrl_hs|                       compute_controller_Pipeline_VITIS_LOOP_633_37_VITIS_LOOP_634_38|  return value|
|ap_done                                                                                        |  out|    1|  ap_ctrl_hs|                       compute_controller_Pipeline_VITIS_LOOP_633_37_VITIS_LOOP_634_38|  return value|
|ap_idle                                                                                        |  out|    1|  ap_ctrl_hs|                       compute_controller_Pipeline_VITIS_LOOP_633_37_VITIS_LOOP_634_38|  return value|
|ap_ready                                                                                       |  out|    1|  ap_ctrl_hs|                       compute_controller_Pipeline_VITIS_LOOP_633_37_VITIS_LOOP_634_38|  return value|
|in_buf_address0                                                                                |  out|   13|   ap_memory|                                                                                in_buf|         array|
|in_buf_ce0                                                                                     |  out|    1|   ap_memory|                                                                                in_buf|         array|
|in_buf_q0                                                                                      |   in|    8|   ap_memory|                                                                                in_buf|         array|
|compute_controller_bool_bool_unsigned_int_bool_bool_bool_bool_bool_u_99_address0               |  out|   10|   ap_memory|               compute_controller_bool_bool_unsigned_int_bool_bool_bool_bool_bool_u_99|         array|
|compute_controller_bool_bool_unsigned_int_bool_bool_bool_bool_bool_u_99_ce0                    |  out|    1|   ap_memory|               compute_controller_bool_bool_unsigned_int_bool_bool_bool_bool_bool_u_99|         array|
|compute_controller_bool_bool_unsigned_int_bool_bool_bool_bool_bool_u_99_we0                    |  out|    1|   ap_memory|               compute_controller_bool_bool_unsigned_int_bool_bool_bool_bool_bool_u_99|         array|
|compute_controller_bool_bool_unsigned_int_bool_bool_bool_bool_bool_u_99_d0                     |  out|    4|   ap_memory|               compute_controller_bool_bool_unsigned_int_bool_bool_bool_bool_bool_u_99|         array|
|compute_controller_bool_bool_unsigned_int_bool_bool_bool_bool_bool_u_98_address0               |  out|   10|   ap_memory|               compute_controller_bool_bool_unsigned_int_bool_bool_bool_bool_bool_u_98|         array|
|compute_controller_bool_bool_unsigned_int_bool_bool_bool_bool_bool_u_98_ce0                    |  out|    1|   ap_memory|               compute_controller_bool_bool_unsigned_int_bool_bool_bool_bool_bool_u_98|         array|
|compute_controller_bool_bool_unsigned_int_bool_bool_bool_bool_bool_u_98_we0                    |  out|    1|   ap_memory|               compute_controller_bool_bool_unsigned_int_bool_bool_bool_bool_bool_u_98|         array|
|compute_controller_bool_bool_unsigned_int_bool_bool_bool_bool_bool_u_98_d0                     |  out|    4|   ap_memory|               compute_controller_bool_bool_unsigned_int_bool_bool_bool_bool_bool_u_98|         array|
|compute_controller_bool_bool_unsigned_int_bool_bool_bool_bool_bool_u_97_address0               |  out|   10|   ap_memory|               compute_controller_bool_bool_unsigned_int_bool_bool_bool_bool_bool_u_97|         array|
|compute_controller_bool_bool_unsigned_int_bool_bool_bool_bool_bool_u_97_ce0                    |  out|    1|   ap_memory|               compute_controller_bool_bool_unsigned_int_bool_bool_bool_bool_bool_u_97|         array|
|compute_controller_bool_bool_unsigned_int_bool_bool_bool_bool_bool_u_97_we0                    |  out|    1|   ap_memory|               compute_controller_bool_bool_unsigned_int_bool_bool_bool_bool_bool_u_97|         array|
|compute_controller_bool_bool_unsigned_int_bool_bool_bool_bool_bool_u_97_d0                     |  out|    4|   ap_memory|               compute_controller_bool_bool_unsigned_int_bool_bool_bool_bool_bool_u_97|         array|
|compute_controller_bool_bool_unsigned_int_bool_bool_bool_bool_bool_u_96_address0               |  out|   10|   ap_memory|               compute_controller_bool_bool_unsigned_int_bool_bool_bool_bool_bool_u_96|         array|
|compute_controller_bool_bool_unsigned_int_bool_bool_bool_bool_bool_u_96_ce0                    |  out|    1|   ap_memory|               compute_controller_bool_bool_unsigned_int_bool_bool_bool_bool_bool_u_96|         array|
|compute_controller_bool_bool_unsigned_int_bool_bool_bool_bool_bool_u_96_we0                    |  out|    1|   ap_memory|               compute_controller_bool_bool_unsigned_int_bool_bool_bool_bool_bool_u_96|         array|
|compute_controller_bool_bool_unsigned_int_bool_bool_bool_bool_bool_u_96_d0                     |  out|    4|   ap_memory|               compute_controller_bool_bool_unsigned_int_bool_bool_bool_bool_bool_u_96|         array|
|compute_controller_bool_bool_unsigned_int_bool_bool_bool_bool_bool_u_95_address0               |  out|   10|   ap_memory|               compute_controller_bool_bool_unsigned_int_bool_bool_bool_bool_bool_u_95|         array|
|compute_controller_bool_bool_unsigned_int_bool_bool_bool_bool_bool_u_95_ce0                    |  out|    1|   ap_memory|               compute_controller_bool_bool_unsigned_int_bool_bool_bool_bool_bool_u_95|         array|
|compute_controller_bool_bool_unsigned_int_bool_bool_bool_bool_bool_u_95_we0                    |  out|    1|   ap_memory|               compute_controller_bool_bool_unsigned_int_bool_bool_bool_bool_bool_u_95|         array|
|compute_controller_bool_bool_unsigned_int_bool_bool_bool_bool_bool_u_95_d0                     |  out|    4|   ap_memory|               compute_controller_bool_bool_unsigned_int_bool_bool_bool_bool_bool_u_95|         array|
|compute_controller_bool_bool_unsigned_int_bool_bool_bool_bool_bool_u_94_address0               |  out|   10|   ap_memory|               compute_controller_bool_bool_unsigned_int_bool_bool_bool_bool_bool_u_94|         array|
|compute_controller_bool_bool_unsigned_int_bool_bool_bool_bool_bool_u_94_ce0                    |  out|    1|   ap_memory|               compute_controller_bool_bool_unsigned_int_bool_bool_bool_bool_bool_u_94|         array|
|compute_controller_bool_bool_unsigned_int_bool_bool_bool_bool_bool_u_94_we0                    |  out|    1|   ap_memory|               compute_controller_bool_bool_unsigned_int_bool_bool_bool_bool_bool_u_94|         array|
|compute_controller_bool_bool_unsigned_int_bool_bool_bool_bool_bool_u_94_d0                     |  out|    4|   ap_memory|               compute_controller_bool_bool_unsigned_int_bool_bool_bool_bool_bool_u_94|         array|
|compute_controller_bool_bool_unsigned_int_bool_bool_bool_bool_bool_u_93_address0               |  out|   10|   ap_memory|               compute_controller_bool_bool_unsigned_int_bool_bool_bool_bool_bool_u_93|         array|
|compute_controller_bool_bool_unsigned_int_bool_bool_bool_bool_bool_u_93_ce0                    |  out|    1|   ap_memory|               compute_controller_bool_bool_unsigned_int_bool_bool_bool_bool_bool_u_93|         array|
|compute_controller_bool_bool_unsigned_int_bool_bool_bool_bool_bool_u_93_we0                    |  out|    1|   ap_memory|               compute_controller_bool_bool_unsigned_int_bool_bool_bool_bool_bool_u_93|         array|
|compute_controller_bool_bool_unsigned_int_bool_bool_bool_bool_bool_u_93_d0                     |  out|    4|   ap_memory|               compute_controller_bool_bool_unsigned_int_bool_bool_bool_bool_bool_u_93|         array|
|compute_controller_bool_bool_unsigned_int_bool_bool_bool_bool_bool_u_92_address0               |  out|   10|   ap_memory|               compute_controller_bool_bool_unsigned_int_bool_bool_bool_bool_bool_u_92|         array|
|compute_controller_bool_bool_unsigned_int_bool_bool_bool_bool_bool_u_92_ce0                    |  out|    1|   ap_memory|               compute_controller_bool_bool_unsigned_int_bool_bool_bool_bool_bool_u_92|         array|
|compute_controller_bool_bool_unsigned_int_bool_bool_bool_bool_bool_u_92_we0                    |  out|    1|   ap_memory|               compute_controller_bool_bool_unsigned_int_bool_bool_bool_bool_bool_u_92|         array|
|compute_controller_bool_bool_unsigned_int_bool_bool_bool_bool_bool_u_92_d0                     |  out|    4|   ap_memory|               compute_controller_bool_bool_unsigned_int_bool_bool_bool_bool_bool_u_92|         array|
|compute_controller_bool_bool_unsigned_int_bool_bool_bool_bool_bool_u_91_address0               |  out|   10|   ap_memory|               compute_controller_bool_bool_unsigned_int_bool_bool_bool_bool_bool_u_91|         array|
|compute_controller_bool_bool_unsigned_int_bool_bool_bool_bool_bool_u_91_ce0                    |  out|    1|   ap_memory|               compute_controller_bool_bool_unsigned_int_bool_bool_bool_bool_bool_u_91|         array|
|compute_controller_bool_bool_unsigned_int_bool_bool_bool_bool_bool_u_91_we0                    |  out|    1|   ap_memory|               compute_controller_bool_bool_unsigned_int_bool_bool_bool_bool_bool_u_91|         array|
|compute_controller_bool_bool_unsigned_int_bool_bool_bool_bool_bool_u_91_d0                     |  out|    4|   ap_memory|               compute_controller_bool_bool_unsigned_int_bool_bool_bool_bool_bool_u_91|         array|
|compute_controller_bool_bool_unsigned_int_bool_bool_bool_bool_bool_u_90_address0               |  out|   10|   ap_memory|               compute_controller_bool_bool_unsigned_int_bool_bool_bool_bool_bool_u_90|         array|
|compute_controller_bool_bool_unsigned_int_bool_bool_bool_bool_bool_u_90_ce0                    |  out|    1|   ap_memory|               compute_controller_bool_bool_unsigned_int_bool_bool_bool_bool_bool_u_90|         array|
|compute_controller_bool_bool_unsigned_int_bool_bool_bool_bool_bool_u_90_we0                    |  out|    1|   ap_memory|               compute_controller_bool_bool_unsigned_int_bool_bool_bool_bool_bool_u_90|         array|
|compute_controller_bool_bool_unsigned_int_bool_bool_bool_bool_bool_u_90_d0                     |  out|    4|   ap_memory|               compute_controller_bool_bool_unsigned_int_bool_bool_bool_bool_bool_u_90|         array|
|p_ZZ18compute_controllerbbjRbS_bS_S_RjPKhPhR12ComputeStateS0_RhS6_S6_S6_S_S_S_S_E_29_address0  |  out|   10|   ap_memory|  p_ZZ18compute_controllerbbjRbS_bS_S_RjPKhPhR12ComputeStateS0_RhS6_S6_S6_S_S_S_S_E_29|         array|
|p_ZZ18compute_controllerbbjRbS_bS_S_RjPKhPhR12ComputeStateS0_RhS6_S6_S6_S_S_S_S_E_29_ce0       |  out|    1|   ap_memory|  p_ZZ18compute_controllerbbjRbS_bS_S_RjPKhPhR12ComputeStateS0_RhS6_S6_S6_S_S_S_S_E_29|         array|
|p_ZZ18compute_controllerbbjRbS_bS_S_RjPKhPhR12ComputeStateS0_RhS6_S6_S6_S_S_S_S_E_29_we0       |  out|    1|   ap_memory|  p_ZZ18compute_controllerbbjRbS_bS_S_RjPKhPhR12ComputeStateS0_RhS6_S6_S6_S_S_S_S_E_29|         array|
|p_ZZ18compute_controllerbbjRbS_bS_S_RjPKhPhR12ComputeStateS0_RhS6_S6_S6_S_S_S_S_E_29_d0        |  out|    4|   ap_memory|  p_ZZ18compute_controllerbbjRbS_bS_S_RjPKhPhR12ComputeStateS0_RhS6_S6_S6_S_S_S_S_E_29|         array|
|p_ZZ18compute_controllerbbjRbS_bS_S_RjPKhPhR12ComputeStateS0_RhS6_S6_S6_S_S_S_S_E_28_address0  |  out|   10|   ap_memory|  p_ZZ18compute_controllerbbjRbS_bS_S_RjPKhPhR12ComputeStateS0_RhS6_S6_S6_S_S_S_S_E_28|         array|
|p_ZZ18compute_controllerbbjRbS_bS_S_RjPKhPhR12ComputeStateS0_RhS6_S6_S6_S_S_S_S_E_28_ce0       |  out|    1|   ap_memory|  p_ZZ18compute_controllerbbjRbS_bS_S_RjPKhPhR12ComputeStateS0_RhS6_S6_S6_S_S_S_S_E_28|         array|
|p_ZZ18compute_controllerbbjRbS_bS_S_RjPKhPhR12ComputeStateS0_RhS6_S6_S6_S_S_S_S_E_28_we0       |  out|    1|   ap_memory|  p_ZZ18compute_controllerbbjRbS_bS_S_RjPKhPhR12ComputeStateS0_RhS6_S6_S6_S_S_S_S_E_28|         array|
|p_ZZ18compute_controllerbbjRbS_bS_S_RjPKhPhR12ComputeStateS0_RhS6_S6_S6_S_S_S_S_E_28_d0        |  out|    4|   ap_memory|  p_ZZ18compute_controllerbbjRbS_bS_S_RjPKhPhR12ComputeStateS0_RhS6_S6_S6_S_S_S_S_E_28|         array|
|p_ZZ18compute_controllerbbjRbS_bS_S_RjPKhPhR12ComputeStateS0_RhS6_S6_S6_S_S_S_S_E_27_address0  |  out|   10|   ap_memory|  p_ZZ18compute_controllerbbjRbS_bS_S_RjPKhPhR12ComputeStateS0_RhS6_S6_S6_S_S_S_S_E_27|         array|
|p_ZZ18compute_controllerbbjRbS_bS_S_RjPKhPhR12ComputeStateS0_RhS6_S6_S6_S_S_S_S_E_27_ce0       |  out|    1|   ap_memory|  p_ZZ18compute_controllerbbjRbS_bS_S_RjPKhPhR12ComputeStateS0_RhS6_S6_S6_S_S_S_S_E_27|         array|
|p_ZZ18compute_controllerbbjRbS_bS_S_RjPKhPhR12ComputeStateS0_RhS6_S6_S6_S_S_S_S_E_27_we0       |  out|    1|   ap_memory|  p_ZZ18compute_controllerbbjRbS_bS_S_RjPKhPhR12ComputeStateS0_RhS6_S6_S6_S_S_S_S_E_27|         array|
|p_ZZ18compute_controllerbbjRbS_bS_S_RjPKhPhR12ComputeStateS0_RhS6_S6_S6_S_S_S_S_E_27_d0        |  out|    4|   ap_memory|  p_ZZ18compute_controllerbbjRbS_bS_S_RjPKhPhR12ComputeStateS0_RhS6_S6_S6_S_S_S_S_E_27|         array|
|p_ZZ18compute_controllerbbjRbS_bS_S_RjPKhPhR12ComputeStateS0_RhS6_S6_S6_S_S_S_S_E_26_address0  |  out|   10|   ap_memory|  p_ZZ18compute_controllerbbjRbS_bS_S_RjPKhPhR12ComputeStateS0_RhS6_S6_S6_S_S_S_S_E_26|         array|
|p_ZZ18compute_controllerbbjRbS_bS_S_RjPKhPhR12ComputeStateS0_RhS6_S6_S6_S_S_S_S_E_26_ce0       |  out|    1|   ap_memory|  p_ZZ18compute_controllerbbjRbS_bS_S_RjPKhPhR12ComputeStateS0_RhS6_S6_S6_S_S_S_S_E_26|         array|
|p_ZZ18compute_controllerbbjRbS_bS_S_RjPKhPhR12ComputeStateS0_RhS6_S6_S6_S_S_S_S_E_26_we0       |  out|    1|   ap_memory|  p_ZZ18compute_controllerbbjRbS_bS_S_RjPKhPhR12ComputeStateS0_RhS6_S6_S6_S_S_S_S_E_26|         array|
|p_ZZ18compute_controllerbbjRbS_bS_S_RjPKhPhR12ComputeStateS0_RhS6_S6_S6_S_S_S_S_E_26_d0        |  out|    4|   ap_memory|  p_ZZ18compute_controllerbbjRbS_bS_S_RjPKhPhR12ComputeStateS0_RhS6_S6_S6_S_S_S_S_E_26|         array|
|p_ZZ18compute_controllerbbjRbS_bS_S_RjPKhPhR12ComputeStateS0_RhS6_S6_S6_S_S_S_S_E_25_address0  |  out|   10|   ap_memory|  p_ZZ18compute_controllerbbjRbS_bS_S_RjPKhPhR12ComputeStateS0_RhS6_S6_S6_S_S_S_S_E_25|         array|
|p_ZZ18compute_controllerbbjRbS_bS_S_RjPKhPhR12ComputeStateS0_RhS6_S6_S6_S_S_S_S_E_25_ce0       |  out|    1|   ap_memory|  p_ZZ18compute_controllerbbjRbS_bS_S_RjPKhPhR12ComputeStateS0_RhS6_S6_S6_S_S_S_S_E_25|         array|
|p_ZZ18compute_controllerbbjRbS_bS_S_RjPKhPhR12ComputeStateS0_RhS6_S6_S6_S_S_S_S_E_25_we0       |  out|    1|   ap_memory|  p_ZZ18compute_controllerbbjRbS_bS_S_RjPKhPhR12ComputeStateS0_RhS6_S6_S6_S_S_S_S_E_25|         array|
|p_ZZ18compute_controllerbbjRbS_bS_S_RjPKhPhR12ComputeStateS0_RhS6_S6_S6_S_S_S_S_E_25_d0        |  out|    4|   ap_memory|  p_ZZ18compute_controllerbbjRbS_bS_S_RjPKhPhR12ComputeStateS0_RhS6_S6_S6_S_S_S_S_E_25|         array|
|p_ZZ18compute_controllerbbjRbS_bS_S_RjPKhPhR12ComputeStateS0_RhS6_S6_S6_S_S_S_S_E_24_address0  |  out|   10|   ap_memory|  p_ZZ18compute_controllerbbjRbS_bS_S_RjPKhPhR12ComputeStateS0_RhS6_S6_S6_S_S_S_S_E_24|         array|
|p_ZZ18compute_controllerbbjRbS_bS_S_RjPKhPhR12ComputeStateS0_RhS6_S6_S6_S_S_S_S_E_24_ce0       |  out|    1|   ap_memory|  p_ZZ18compute_controllerbbjRbS_bS_S_RjPKhPhR12ComputeStateS0_RhS6_S6_S6_S_S_S_S_E_24|         array|
|p_ZZ18compute_controllerbbjRbS_bS_S_RjPKhPhR12ComputeStateS0_RhS6_S6_S6_S_S_S_S_E_24_we0       |  out|    1|   ap_memory|  p_ZZ18compute_controllerbbjRbS_bS_S_RjPKhPhR12ComputeStateS0_RhS6_S6_S6_S_S_S_S_E_24|         array|
|p_ZZ18compute_controllerbbjRbS_bS_S_RjPKhPhR12ComputeStateS0_RhS6_S6_S6_S_S_S_S_E_24_d0        |  out|    4|   ap_memory|  p_ZZ18compute_controllerbbjRbS_bS_S_RjPKhPhR12ComputeStateS0_RhS6_S6_S6_S_S_S_S_E_24|         array|
+-----------------------------------------------------------------------------------------------+-----+-----+------------+--------------------------------------------------------------------------------------+--------------+

