

================================================================
== Vitis HLS Report for 'compute_controller_Pipeline_VITIS_LOOP_590_32'
================================================================
* Date:           Sat Jan 24 18:01:23 2026

* Version:        2025.1 (Build 6135595 on May 21 2025)
* Project:        compute_controller
* Solution:       hls (Vivado IP Flow Target)
* Product family: zynquplus
* Target device:  xck26-sfvc784-2LV-c


================================================================
== Performance Estimates
================================================================
+ Timing: 
    * Summary: 
    +--------+----------+----------+------------+
    |  Clock |  Target  | Estimated| Uncertainty|
    +--------+----------+----------+------------+
    |ap_clk  |  10.00 ns|  7.042 ns|     2.70 ns|
    +--------+----------+----------+------------+

+ Latency: 
    * Summary: 
    +---------+---------+----------+----------+-----+-----+------------------------------------------------+
    |  Latency (cycles) |  Latency (absolute) |  Interval |                    Pipeline                    |
    |   min   |   max   |    min   |    max   | min | max |                      Type                      |
    +---------+---------+----------+----------+-----+-----+------------------------------------------------+
    |       51|       51|  0.510 us|  0.510 us|   49|   49|  loop auto-rewind stp (delay=0 clock cycles(s))|
    +---------+---------+----------+----------+-----+-----+------------------------------------------------+

    + Detail: 
        * Instance: 
        N/A

        * Loop: 
        +---------------------+---------+---------+----------+-----------+-----------+------+----------+
        |                     |  Latency (cycles) | Iteration|  Initiation Interval  | Trip |          |
        |      Loop Name      |   min   |   max   |  Latency |  achieved |   target  | Count| Pipelined|
        +---------------------+---------+---------+----------+-----------+-----------+------+----------+
        |- VITIS_LOOP_590_32  |       49|       49|         3|          1|          1|    48|       yes|
        +---------------------+---------+---------+----------+-----------+-----------+------+----------+



================================================================
== Utilization Estimates
================================================================
* Summary: 
+-----------------+---------+------+--------+--------+-----+
|       Name      | BRAM_18K|  DSP |   FF   |   LUT  | URAM|
+-----------------+---------+------+--------+--------+-----+
|DSP              |        -|     -|       -|       -|    -|
|Expression       |        -|     -|       0|     195|    -|
|FIFO             |        -|     -|       -|       -|    -|
|Instance         |        -|     2|       0|     150|    -|
|Memory           |        -|     -|       -|       -|    -|
|Multiplexer      |        -|     -|       0|      36|    -|
|Register         |        -|     -|      39|       -|    -|
+-----------------+---------+------+--------+--------+-----+
|Total            |        0|     2|      39|     381|    0|
+-----------------+---------+------+--------+--------+-----+
|Available        |      288|  1248|  234240|  117120|   64|
+-----------------+---------+------+--------+--------+-----+
|Utilization (%)  |        0|    ~0|      ~0|      ~0|    0|
+-----------------+---------+------+--------+--------+-----+

+ Detail: 
    * Instance: 
    +----------------------------+-----------------------+---------+----+---+----+-----+
    |          Instance          |         Module        | BRAM_18K| DSP| FF| LUT| URAM|
    +----------------------------+-----------------------+---------+----+---+----+-----+
    |mul_32s_16s_48_1_1_U254     |mul_32s_16s_48_1_1     |        0|   2|  0|  20|    0|
    |sparsemux_33_4_16_1_1_U256  |sparsemux_33_4_16_1_1  |        0|   0|  0|  65|    0|
    |sparsemux_33_4_32_1_1_U255  |sparsemux_33_4_32_1_1  |        0|   0|  0|  65|    0|
    +----------------------------+-----------------------+---------+----+---+----+-----+
    |Total                       |                       |        0|   2|  0| 150|    0|
    +----------------------------+-----------------------+---------+----+---+----+-----+

    * DSP: 
    N/A

    * Memory: 
    N/A

    * FIFO: 
    N/A

    * Expression: 
    +------------------------+----------+----+---+----+------------+------------+
    |      Variable Name     | Operation| DSP| FF| LUT| Bitwidth P0| Bitwidth P1|
    +------------------------+----------+----+---+----+------------+------------+
    |add_ln590_fu_643_p2     |         +|   0|  0|  13|           6|           1|
    |rounded_fu_877_p2       |         +|   0|  0|  54|          47|          47|
    |icmp_ln590_fu_637_p2    |      icmp|   0|  0|  13|           6|           6|
    |icmp_ln594_fu_903_p2    |      icmp|   0|  0|  24|          17|           1|
    |icmp_ln596_fu_909_p2    |      icmp|   0|  0|  39|          32|          17|
    |or_ln599_fu_933_p2      |        or|   0|  0|   2|           1|           1|
    |select_ln592_fu_869_p3  |    select|   0|  0|  16|           1|          16|
    |select_ln599_fu_925_p3  |    select|   0|  0|  16|           1|          15|
    |v_fu_939_p3             |    select|   0|  0|  16|           1|          16|
    |ap_enable_pp0           |       xor|   0|  0|   2|           1|           2|
    +------------------------+----------+----+---+----+------------+------------+
    |Total                   |          |   0|  0| 195|         113|         122|
    +------------------------+----------+----+---+----+------------+------------+

    * Multiplexer: 
    +-------------------------+----+-----------+-----+-----------+
    |           Name          | LUT| Input Size| Bits| Total Bits|
    +-------------------------+----+-----------+-----+-----------+
    |ap_done_int              |   9|          2|    1|          2|
    |ap_enable_reg_pp0_iter1  |   9|          2|    1|          2|
    |ap_sig_allocacmp_t       |   9|          2|    6|         12|
    |t_1_fu_180               |   9|          2|    6|         12|
    +-------------------------+----+-----------+-----+-----------+
    |Total                    |  36|          8|   14|         28|
    +-------------------------+----+-----------+-----+-----------+

    * Register: 
    +----------------------------------+---+----+-----+-----------+
    |               Name               | FF| LUT| Bits| Const Bits|
    +----------------------------------+---+----+-----+-----------+
    |ap_CS_fsm                         |  1|   0|    1|          0|
    |ap_done_reg                       |  1|   0|    1|          0|
    |ap_enable_reg_pp0_iter1           |  1|   0|    1|          0|
    |ap_enable_reg_pp0_iter2           |  1|   0|    1|          0|
    |ap_loop_exit_ready_pp0_iter1_reg  |  1|   0|    1|          0|
    |t_1_fu_180                        |  6|   0|    6|          0|
    |t_reg_992                         |  6|   0|    6|          0|
    |t_reg_992_pp0_iter1_reg           |  6|   0|    6|          0|
    |trunc_ln622_reg_1163              |  8|   0|    8|          0|
    |trunc_ln623_1_reg_1168            |  8|   0|    8|          0|
    +----------------------------------+---+----+-----+-----------+
    |Total                             | 39|   0|   39|          0|
    +----------------------------------+---+----+-----+-----------+



================================================================
== Interface
================================================================
* Summary: 
+-----------------------------------------------------------------------------------------------+-----+-----+------------+--------------------------------------------------------------------------------------+--------------+
|                                           RTL Ports                                           | Dir | Bits|  Protocol  |                                     Source Object                                    |    C Type    |
+-----------------------------------------------------------------------------------------------+-----+-----+------------+--------------------------------------------------------------------------------------+--------------+
|ap_clk                                                                                         |   in|    1|  ap_ctrl_hs|                                         compute_controller_Pipeline_VITIS_LOOP_590_32|  return value|
|ap_rst                                                                                         |   in|    1|  ap_ctrl_hs|                                         compute_controller_Pipeline_VITIS_LOOP_590_32|  return value|
|ap_start                                                                                       |   in|    1|  ap_ctrl_hs|                                         compute_controller_Pipeline_VITIS_LOOP_590_32|  return value|
|ap_done                                                                                        |  out|    1|  ap_ctrl_hs|                                         compute_controller_Pipeline_VITIS_LOOP_590_32|  return value|
|ap_idle                                                                                        |  out|    1|  ap_ctrl_hs|                                         compute_controller_Pipeline_VITIS_LOOP_590_32|  return value|
|ap_ready                                                                                       |  out|    1|  ap_ctrl_hs|                                         compute_controller_Pipeline_VITIS_LOOP_590_32|  return value|
|out_buf_address0                                                                               |  out|   10|   ap_memory|                                                                               out_buf|         array|
|out_buf_ce0                                                                                    |  out|    1|   ap_memory|                                                                               out_buf|         array|
|out_buf_we0                                                                                    |  out|    1|   ap_memory|                                                                               out_buf|         array|
|out_buf_d0                                                                                     |  out|    8|   ap_memory|                                                                               out_buf|         array|
|out_buf_address1                                                                               |  out|   10|   ap_memory|                                                                               out_buf|         array|
|out_buf_ce1                                                                                    |  out|    1|   ap_memory|                                                                               out_buf|         array|
|out_buf_we1                                                                                    |  out|    1|   ap_memory|                                                                               out_buf|         array|
|out_buf_d1                                                                                     |  out|    8|   ap_memory|                                                                               out_buf|         array|
|compute_controller_bool_bool_unsigned_int_bool_bool_bool_bool_bool_u_89_address0               |  out|    2|   ap_memory|               compute_controller_bool_bool_unsigned_int_bool_bool_bool_bool_bool_u_89|         array|
|compute_controller_bool_bool_unsigned_int_bool_bool_bool_bool_bool_u_89_ce0                    |  out|    1|   ap_memory|               compute_controller_bool_bool_unsigned_int_bool_bool_bool_bool_bool_u_89|         array|
|compute_controller_bool_bool_unsigned_int_bool_bool_bool_bool_bool_u_89_q0                     |   in|   32|   ap_memory|               compute_controller_bool_bool_unsigned_int_bool_bool_bool_bool_bool_u_89|         array|
|compute_controller_bool_bool_unsigned_int_bool_bool_bool_bool_bool_u_88_address0               |  out|    2|   ap_memory|               compute_controller_bool_bool_unsigned_int_bool_bool_bool_bool_bool_u_88|         array|
|compute_controller_bool_bool_unsigned_int_bool_bool_bool_bool_bool_u_88_ce0                    |  out|    1|   ap_memory|               compute_controller_bool_bool_unsigned_int_bool_bool_bool_bool_bool_u_88|         array|
|compute_controller_bool_bool_unsigned_int_bool_bool_bool_bool_bool_u_88_q0                     |   in|   32|   ap_memory|               compute_controller_bool_bool_unsigned_int_bool_bool_bool_bool_bool_u_88|         array|
|compute_controller_bool_bool_unsigned_int_bool_bool_bool_bool_bool_u_87_address0               |  out|    2|   ap_memory|               compute_controller_bool_bool_unsigned_int_bool_bool_bool_bool_bool_u_87|         array|
|compute_controller_bool_bool_unsigned_int_bool_bool_bool_bool_bool_u_87_ce0                    |  out|    1|   ap_memory|               compute_controller_bool_bool_unsigned_int_bool_bool_bool_bool_bool_u_87|         array|
|compute_controller_bool_bool_unsigned_int_bool_bool_bool_bool_bool_u_87_q0                     |   in|   32|   ap_memory|               compute_controller_bool_bool_unsigned_int_bool_bool_bool_bool_bool_u_87|         array|
|compute_controller_bool_bool_unsigned_int_bool_bool_bool_bool_bool_u_86_address0               |  out|    2|   ap_memory|               compute_controller_bool_bool_unsigned_int_bool_bool_bool_bool_bool_u_86|         array|
|compute_controller_bool_bool_unsigned_int_bool_bool_bool_bool_bool_u_86_ce0                    |  out|    1|   ap_memory|               compute_controller_bool_bool_unsigned_int_bool_bool_bool_bool_bool_u_86|         array|
|compute_controller_bool_bool_unsigned_int_bool_bool_bool_bool_bool_u_86_q0                     |   in|   32|   ap_memory|               compute_controller_bool_bool_unsigned_int_bool_bool_bool_bool_bool_u_86|         array|
|compute_controller_bool_bool_unsigned_int_bool_bool_bool_bool_bool_u_85_address0               |  out|    2|   ap_memory|               compute_controller_bool_bool_unsigned_int_bool_bool_bool_bool_bool_u_85|         array|
|compute_controller_bool_bool_unsigned_int_bool_bool_bool_bool_bool_u_85_ce0                    |  out|    1|   ap_memory|               compute_controller_bool_bool_unsigned_int_bool_bool_bool_bool_bool_u_85|         array|
|compute_controller_bool_bool_unsigned_int_bool_bool_bool_bool_bool_u_85_q0                     |   in|   32|   ap_memory|               compute_controller_bool_bool_unsigned_int_bool_bool_bool_bool_bool_u_85|         array|
|compute_controller_bool_bool_unsigned_int_bool_bool_bool_bool_bool_u_84_address0               |  out|    2|   ap_memory|               compute_controller_bool_bool_unsigned_int_bool_bool_bool_bool_bool_u_84|         array|
|compute_controller_bool_bool_unsigned_int_bool_bool_bool_bool_bool_u_84_ce0                    |  out|    1|   ap_memory|               compute_controller_bool_bool_unsigned_int_bool_bool_bool_bool_bool_u_84|         array|
|compute_controller_bool_bool_unsigned_int_bool_bool_bool_bool_bool_u_84_q0                     |   in|   32|   ap_memory|               compute_controller_bool_bool_unsigned_int_bool_bool_bool_bool_bool_u_84|         array|
|compute_controller_bool_bool_unsigned_int_bool_bool_bool_bool_bool_u_83_address0               |  out|    2|   ap_memory|               compute_controller_bool_bool_unsigned_int_bool_bool_bool_bool_bool_u_83|         array|
|compute_controller_bool_bool_unsigned_int_bool_bool_bool_bool_bool_u_83_ce0                    |  out|    1|   ap_memory|               compute_controller_bool_bool_unsigned_int_bool_bool_bool_bool_bool_u_83|         array|
|compute_controller_bool_bool_unsigned_int_bool_bool_bool_bool_bool_u_83_q0                     |   in|   32|   ap_memory|               compute_controller_bool_bool_unsigned_int_bool_bool_bool_bool_bool_u_83|         array|
|compute_controller_bool_bool_unsigned_int_bool_bool_bool_bool_bool_u_82_address0               |  out|    2|   ap_memory|               compute_controller_bool_bool_unsigned_int_bool_bool_bool_bool_bool_u_82|         array|
|compute_controller_bool_bool_unsigned_int_bool_bool_bool_bool_bool_u_82_ce0                    |  out|    1|   ap_memory|               compute_controller_bool_bool_unsigned_int_bool_bool_bool_bool_bool_u_82|         array|
|compute_controller_bool_bool_unsigned_int_bool_bool_bool_bool_bool_u_82_q0                     |   in|   32|   ap_memory|               compute_controller_bool_bool_unsigned_int_bool_bool_bool_bool_bool_u_82|         array|
|compute_controller_bool_bool_unsigned_int_bool_bool_bool_bool_bool_u_81_address0               |  out|    2|   ap_memory|               compute_controller_bool_bool_unsigned_int_bool_bool_bool_bool_bool_u_81|         array|
|compute_controller_bool_bool_unsigned_int_bool_bool_bool_bool_bool_u_81_ce0                    |  out|    1|   ap_memory|               compute_controller_bool_bool_unsigned_int_bool_bool_bool_bool_bool_u_81|         array|
|compute_controller_bool_bool_unsigned_int_bool_bool_bool_bool_bool_u_81_q0                     |   in|   32|   ap_memory|               compute_controller_bool_bool_unsigned_int_bool_bool_bool_bool_bool_u_81|         array|
|compute_controller_bool_bool_unsigned_int_bool_bool_bool_bool_bool_u_80_address0               |  out|    2|   ap_memory|               compute_controller_bool_bool_unsigned_int_bool_bool_bool_bool_bool_u_80|         array|
|compute_controller_bool_bool_unsigned_int_bool_bool_bool_bool_bool_u_80_ce0                    |  out|    1|   ap_memory|               compute_controller_bool_bool_unsigned_int_bool_bool_bool_bool_bool_u_80|         array|
|compute_controller_bool_bool_unsigned_int_bool_bool_bool_bool_bool_u_80_q0                     |   in|   32|   ap_memory|               compute_controller_bool_bool_unsigned_int_bool_bool_bool_bool_bool_u_80|         array|
|p_ZZ18compute_controllerbbjRbS_bS_S_RjPKhPhR12ComputeStateS0_RhS6_S6_S6_S_S_S_S_E_71_address0  |  out|    2|   ap_memory|  p_ZZ18compute_controllerbbjRbS_bS_S_RjPKhPhR12ComputeStateS0_RhS6_S6_S6_S_S_S_S_E_71|         array|
|p_ZZ18compute_controllerbbjRbS_bS_S_RjPKhPhR12ComputeStateS0_RhS6_S6_S6_S_S_S_S_E_71_ce0       |  out|    1|   ap_memory|  p_ZZ18compute_controllerbbjRbS_bS_S_RjPKhPhR12ComputeStateS0_RhS6_S6_S6_S_S_S_S_E_71|         array|
|p_ZZ18compute_controllerbbjRbS_bS_S_RjPKhPhR12ComputeStateS0_RhS6_S6_S6_S_S_S_S_E_71_q0        |   in|   32|   ap_memory|  p_ZZ18compute_controllerbbjRbS_bS_S_RjPKhPhR12ComputeStateS0_RhS6_S6_S6_S_S_S_S_E_71|         array|
|p_ZZ18compute_controllerbbjRbS_bS_S_RjPKhPhR12ComputeStateS0_RhS6_S6_S6_S_S_S_S_E_70_address0  |  out|    2|   ap_memory|  p_ZZ18compute_controllerbbjRbS_bS_S_RjPKhPhR12ComputeStateS0_RhS6_S6_S6_S_S_S_S_E_70|         array|
|p_ZZ18compute_controllerbbjRbS_bS_S_RjPKhPhR12ComputeStateS0_RhS6_S6_S6_S_S_S_S_E_70_ce0       |  out|    1|   ap_memory|  p_ZZ18compute_controllerbbjRbS_bS_S_RjPKhPhR12ComputeStateS0_RhS6_S6_S6_S_S_S_S_E_70|         array|
|p_ZZ18compute_controllerbbjRbS_bS_S_RjPKhPhR12ComputeStateS0_RhS6_S6_S6_S_S_S_S_E_70_q0        |   in|   32|   ap_memory|  p_ZZ18compute_controllerbbjRbS_bS_S_RjPKhPhR12ComputeStateS0_RhS6_S6_S6_S_S_S_S_E_70|         array|
|p_ZZ18compute_controllerbbjRbS_bS_S_RjPKhPhR12ComputeStateS0_RhS6_S6_S6_S_S_S_S_E_69_address0  |  out|    2|   ap_memory|  p_ZZ18compute_controllerbbjRbS_bS_S_RjPKhPhR12ComputeStateS0_RhS6_S6_S6_S_S_S_S_E_69|         array|
|p_ZZ18compute_controllerbbjRbS_bS_S_RjPKhPhR12ComputeStateS0_RhS6_S6_S6_S_S_S_S_E_69_ce0       |  out|    1|   ap_memory|  p_ZZ18compute_controllerbbjRbS_bS_S_RjPKhPhR12ComputeStateS0_RhS6_S6_S6_S_S_S_S_E_69|         array|
|p_ZZ18compute_controllerbbjRbS_bS_S_RjPKhPhR12ComputeStateS0_RhS6_S6_S6_S_S_S_S_E_69_q0        |   in|   32|   ap_memory|  p_ZZ18compute_controllerbbjRbS_bS_S_RjPKhPhR12ComputeStateS0_RhS6_S6_S6_S_S_S_S_E_69|         array|
|p_ZZ18compute_controllerbbjRbS_bS_S_RjPKhPhR12ComputeStateS0_RhS6_S6_S6_S_S_S_S_E_68_address0  |  out|    2|   ap_memory|  p_ZZ18compute_controllerbbjRbS_bS_S_RjPKhPhR12ComputeStateS0_RhS6_S6_S6_S_S_S_S_E_68|         array|
|p_ZZ18compute_controllerbbjRbS_bS_S_RjPKhPhR12ComputeStateS0_RhS6_S6_S6_S_S_S_S_E_68_ce0       |  out|    1|   ap_memory|  p_ZZ18compute_controllerbbjRbS_bS_S_RjPKhPhR12ComputeStateS0_RhS6_S6_S6_S_S_S_S_E_68|         array|
|p_ZZ18compute_controllerbbjRbS_bS_S_RjPKhPhR12ComputeStateS0_RhS6_S6_S6_S_S_S_S_E_68_q0        |   in|   32|   ap_memory|  p_ZZ18compute_controllerbbjRbS_bS_S_RjPKhPhR12ComputeStateS0_RhS6_S6_S6_S_S_S_S_E_68|         array|
|p_ZZ18compute_controllerbbjRbS_bS_S_RjPKhPhR12ComputeStateS0_RhS6_S6_S6_S_S_S_S_E_67_address0  |  out|    2|   ap_memory|  p_ZZ18compute_controllerbbjRbS_bS_S_RjPKhPhR12ComputeStateS0_RhS6_S6_S6_S_S_S_S_E_67|         array|
|p_ZZ18compute_controllerbbjRbS_bS_S_RjPKhPhR12ComputeStateS0_RhS6_S6_S6_S_S_S_S_E_67_ce0       |  out|    1|   ap_memory|  p_ZZ18compute_controllerbbjRbS_bS_S_RjPKhPhR12ComputeStateS0_RhS6_S6_S6_S_S_S_S_E_67|         array|
|p_ZZ18compute_controllerbbjRbS_bS_S_RjPKhPhR12ComputeStateS0_RhS6_S6_S6_S_S_S_S_E_67_q0        |   in|   32|   ap_memory|  p_ZZ18compute_controllerbbjRbS_bS_S_RjPKhPhR12ComputeStateS0_RhS6_S6_S6_S_S_S_S_E_67|         array|
|p_ZZ18compute_controllerbbjRbS_bS_S_RjPKhPhR12ComputeStateS0_RhS6_S6_S6_S_S_S_S_E_66_address0  |  out|    2|   ap_memory|  p_ZZ18compute_controllerbbjRbS_bS_S_RjPKhPhR12ComputeStateS0_RhS6_S6_S6_S_S_S_S_E_66|         array|
|p_ZZ18compute_controllerbbjRbS_bS_S_RjPKhPhR12ComputeStateS0_RhS6_S6_S6_S_S_S_S_E_66_ce0       |  out|    1|   ap_memory|  p_ZZ18compute_controllerbbjRbS_bS_S_RjPKhPhR12ComputeStateS0_RhS6_S6_S6_S_S_S_S_E_66|         array|
|p_ZZ18compute_controllerbbjRbS_bS_S_RjPKhPhR12ComputeStateS0_RhS6_S6_S6_S_S_S_S_E_66_q0        |   in|   32|   ap_memory|  p_ZZ18compute_controllerbbjRbS_bS_S_RjPKhPhR12ComputeStateS0_RhS6_S6_S6_S_S_S_S_E_66|         array|
|compute_controller_bool_bool_unsigned_int_bool_bool_bool_bool_bool_u_69_address0               |  out|    2|   ap_memory|               compute_controller_bool_bool_unsigned_int_bool_bool_bool_bool_bool_u_69|         array|
|compute_controller_bool_bool_unsigned_int_bool_bool_bool_bool_bool_u_69_ce0                    |  out|    1|   ap_memory|               compute_controller_bool_bool_unsigned_int_bool_bool_bool_bool_bool_u_69|         array|
|compute_controller_bool_bool_unsigned_int_bool_bool_bool_bool_bool_u_69_q0                     |   in|   16|   ap_memory|               compute_controller_bool_bool_unsigned_int_bool_bool_bool_bool_bool_u_69|         array|
|compute_controller_bool_bool_unsigned_int_bool_bool_bool_bool_bool_u_68_address0               |  out|    2|   ap_memory|               compute_controller_bool_bool_unsigned_int_bool_bool_bool_bool_bool_u_68|         array|
|compute_controller_bool_bool_unsigned_int_bool_bool_bool_bool_bool_u_68_ce0                    |  out|    1|   ap_memory|               compute_controller_bool_bool_unsigned_int_bool_bool_bool_bool_bool_u_68|         array|
|compute_controller_bool_bool_unsigned_int_bool_bool_bool_bool_bool_u_68_q0                     |   in|   16|   ap_memory|               compute_controller_bool_bool_unsigned_int_bool_bool_bool_bool_bool_u_68|         array|
|compute_controller_bool_bool_unsigned_int_bool_bool_bool_bool_bool_u_67_address0               |  out|    2|   ap_memory|               compute_controller_bool_bool_unsigned_int_bool_bool_bool_bool_bool_u_67|         array|
|compute_controller_bool_bool_unsigned_int_bool_bool_bool_bool_bool_u_67_ce0                    |  out|    1|   ap_memory|               compute_controller_bool_bool_unsigned_int_bool_bool_bool_bool_bool_u_67|         array|
|compute_controller_bool_bool_unsigned_int_bool_bool_bool_bool_bool_u_67_q0                     |   in|   16|   ap_memory|               compute_controller_bool_bool_unsigned_int_bool_bool_bool_bool_bool_u_67|         array|
|compute_controller_bool_bool_unsigned_int_bool_bool_bool_bool_bool_u_66_address0               |  out|    2|   ap_memory|               compute_controller_bool_bool_unsigned_int_bool_bool_bool_bool_bool_u_66|         array|
|compute_controller_bool_bool_unsigned_int_bool_bool_bool_bool_bool_u_66_ce0                    |  out|    1|   ap_memory|               compute_controller_bool_bool_unsigned_int_bool_bool_bool_bool_bool_u_66|         array|
|compute_controller_bool_bool_unsigned_int_bool_bool_bool_bool_bool_u_66_q0                     |   in|   16|   ap_memory|               compute_controller_bool_bool_unsigned_int_bool_bool_bool_bool_bool_u_66|         array|
|compute_controller_bool_bool_unsigned_int_bool_bool_bool_bool_bool_u_65_address0               |  out|    2|   ap_memory|               compute_controller_bool_bool_unsigned_int_bool_bool_bool_bool_bool_u_65|         array|
|compute_controller_bool_bool_unsigned_int_bool_bool_bool_bool_bool_u_65_ce0                    |  out|    1|   ap_memory|               compute_controller_bool_bool_unsigned_int_bool_bool_bool_bool_bool_u_65|         array|
|compute_controller_bool_bool_unsigned_int_bool_bool_bool_bool_bool_u_65_q0                     |   in|   16|   ap_memory|               compute_controller_bool_bool_unsigned_int_bool_bool_bool_bool_bool_u_65|         array|
|compute_controller_bool_bool_unsigned_int_bool_bool_bool_bool_bool_u_64_address0               |  out|    2|   ap_memory|               compute_controller_bool_bool_unsigned_int_bool_bool_bool_bool_bool_u_64|         array|
|compute_controller_bool_bool_unsigned_int_bool_bool_bool_bool_bool_u_64_ce0                    |  out|    1|   ap_memory|               compute_controller_bool_bool_unsigned_int_bool_bool_bool_bool_bool_u_64|         array|
|compute_controller_bool_bool_unsigned_int_bool_bool_bool_bool_bool_u_64_q0                     |   in|   16|   ap_memory|               compute_controller_bool_bool_unsigned_int_bool_bool_bool_bool_bool_u_64|         array|
|compute_controller_bool_bool_unsigned_int_bool_bool_bool_bool_bool_u_63_address0               |  out|    2|   ap_memory|               compute_controller_bool_bool_unsigned_int_bool_bool_bool_bool_bool_u_63|         array|
|compute_controller_bool_bool_unsigned_int_bool_bool_bool_bool_bool_u_63_ce0                    |  out|    1|   ap_memory|               compute_controller_bool_bool_unsigned_int_bool_bool_bool_bool_bool_u_63|         array|
|compute_controller_bool_bool_unsigned_int_bool_bool_bool_bool_bool_u_63_q0                     |   in|   16|   ap_memory|               compute_controller_bool_bool_unsigned_int_bool_bool_bool_bool_bool_u_63|         array|
|compute_controller_bool_bool_unsigned_int_bool_bool_bool_bool_bool_u_62_address0               |  out|    2|   ap_memory|               compute_controller_bool_bool_unsigned_int_bool_bool_bool_bool_bool_u_62|         array|
|compute_controller_bool_bool_unsigned_int_bool_bool_bool_bool_bool_u_62_ce0                    |  out|    1|   ap_memory|               compute_controller_bool_bool_unsigned_int_bool_bool_bool_bool_bool_u_62|         array|
|compute_controller_bool_bool_unsigned_int_bool_bool_bool_bool_bool_u_62_q0                     |   in|   16|   ap_memory|               compute_controller_bool_bool_unsigned_int_bool_bool_bool_bool_bool_u_62|         array|
|compute_controller_bool_bool_unsigned_int_bool_bool_bool_bool_bool_u_61_address0               |  out|    2|   ap_memory|               compute_controller_bool_bool_unsigned_int_bool_bool_bool_bool_bool_u_61|         array|
|compute_controller_bool_bool_unsigned_int_bool_bool_bool_bool_bool_u_61_ce0                    |  out|    1|   ap_memory|               compute_controller_bool_bool_unsigned_int_bool_bool_bool_bool_bool_u_61|         array|
|compute_controller_bool_bool_unsigned_int_bool_bool_bool_bool_bool_u_61_q0                     |   in|   16|   ap_memory|               compute_controller_bool_bool_unsigned_int_bool_bool_bool_bool_bool_u_61|         array|
|compute_controller_bool_bool_unsigned_int_bool_bool_bool_bool_bool_u_60_address0               |  out|    2|   ap_memory|               compute_controller_bool_bool_unsigned_int_bool_bool_bool_bool_bool_u_60|         array|
|compute_controller_bool_bool_unsigned_int_bool_bool_bool_bool_bool_u_60_ce0                    |  out|    1|   ap_memory|               compute_controller_bool_bool_unsigned_int_bool_bool_bool_bool_bool_u_60|         array|
|compute_controller_bool_bool_unsigned_int_bool_bool_bool_bool_bool_u_60_q0                     |   in|   16|   ap_memory|               compute_controller_bool_bool_unsigned_int_bool_bool_bool_bool_bool_u_60|         array|
|p_ZZ18compute_controllerbbjRbS_bS_S_RjPKhPhR12ComputeStateS0_RhS6_S6_S6_S_S_S_S_E_53_address0  |  out|    2|   ap_memory|  p_ZZ18compute_controllerbbjRbS_bS_S_RjPKhPhR12ComputeStateS0_RhS6_S6_S6_S_S_S_S_E_53|         array|
|p_ZZ18compute_controllerbbjRbS_bS_S_RjPKhPhR12ComputeStateS0_RhS6_S6_S6_S_S_S_S_E_53_ce0       |  out|    1|   ap_memory|  p_ZZ18compute_controllerbbjRbS_bS_S_RjPKhPhR12ComputeStateS0_RhS6_S6_S6_S_S_S_S_E_53|         array|
|p_ZZ18compute_controllerbbjRbS_bS_S_RjPKhPhR12ComputeStateS0_RhS6_S6_S6_S_S_S_S_E_53_q0        |   in|   16|   ap_memory|  p_ZZ18compute_controllerbbjRbS_bS_S_RjPKhPhR12ComputeStateS0_RhS6_S6_S6_S_S_S_S_E_53|         array|
|p_ZZ18compute_controllerbbjRbS_bS_S_RjPKhPhR12ComputeStateS0_RhS6_S6_S6_S_S_S_S_E_52_address0  |  out|    2|   ap_memory|  p_ZZ18compute_controllerbbjRbS_bS_S_RjPKhPhR12ComputeStateS0_RhS6_S6_S6_S_S_S_S_E_52|         array|
|p_ZZ18compute_controllerbbjRbS_bS_S_RjPKhPhR12ComputeStateS0_RhS6_S6_S6_S_S_S_S_E_52_ce0       |  out|    1|   ap_memory|  p_ZZ18compute_controllerbbjRbS_bS_S_RjPKhPhR12ComputeStateS0_RhS6_S6_S6_S_S_S_S_E_52|         array|
|p_ZZ18compute_controllerbbjRbS_bS_S_RjPKhPhR12ComputeStateS0_RhS6_S6_S6_S_S_S_S_E_52_q0        |   in|   16|   ap_memory|  p_ZZ18compute_controllerbbjRbS_bS_S_RjPKhPhR12ComputeStateS0_RhS6_S6_S6_S_S_S_S_E_52|         array|
|p_ZZ18compute_controllerbbjRbS_bS_S_RjPKhPhR12ComputeStateS0_RhS6_S6_S6_S_S_S_S_E_51_address0  |  out|    2|   ap_memory|  p_ZZ18compute_controllerbbjRbS_bS_S_RjPKhPhR12ComputeStateS0_RhS6_S6_S6_S_S_S_S_E_51|         array|
|p_ZZ18compute_controllerbbjRbS_bS_S_RjPKhPhR12ComputeStateS0_RhS6_S6_S6_S_S_S_S_E_51_ce0       |  out|    1|   ap_memory|  p_ZZ18compute_controllerbbjRbS_bS_S_RjPKhPhR12ComputeStateS0_RhS6_S6_S6_S_S_S_S_E_51|         array|
|p_ZZ18compute_controllerbbjRbS_bS_S_RjPKhPhR12ComputeStateS0_RhS6_S6_S6_S_S_S_S_E_51_q0        |   in|   16|   ap_memory|  p_ZZ18compute_controllerbbjRbS_bS_S_RjPKhPhR12ComputeStateS0_RhS6_S6_S6_S_S_S_S_E_51|         array|
|p_ZZ18compute_controllerbbjRbS_bS_S_RjPKhPhR12ComputeStateS0_RhS6_S6_S6_S_S_S_S_E_50_address0  |  out|    2|   ap_memory|  p_ZZ18compute_controllerbbjRbS_bS_S_RjPKhPhR12ComputeStateS0_RhS6_S6_S6_S_S_S_S_E_50|         array|
|p_ZZ18compute_controllerbbjRbS_bS_S_RjPKhPhR12ComputeStateS0_RhS6_S6_S6_S_S_S_S_E_50_ce0       |  out|    1|   ap_memory|  p_ZZ18compute_controllerbbjRbS_bS_S_RjPKhPhR12ComputeStateS0_RhS6_S6_S6_S_S_S_S_E_50|         array|
|p_ZZ18compute_controllerbbjRbS_bS_S_RjPKhPhR12ComputeStateS0_RhS6_S6_S6_S_S_S_S_E_50_q0        |   in|   16|   ap_memory|  p_ZZ18compute_controllerbbjRbS_bS_S_RjPKhPhR12ComputeStateS0_RhS6_S6_S6_S_S_S_S_E_50|         array|
|p_ZZ18compute_controllerbbjRbS_bS_S_RjPKhPhR12ComputeStateS0_RhS6_S6_S6_S_S_S_S_E_49_address0  |  out|    2|   ap_memory|  p_ZZ18compute_controllerbbjRbS_bS_S_RjPKhPhR12ComputeStateS0_RhS6_S6_S6_S_S_S_S_E_49|         array|
|p_ZZ18compute_controllerbbjRbS_bS_S_RjPKhPhR12ComputeStateS0_RhS6_S6_S6_S_S_S_S_E_49_ce0       |  out|    1|   ap_memory|  p_ZZ18compute_controllerbbjRbS_bS_S_RjPKhPhR12ComputeStateS0_RhS6_S6_S6_S_S_S_S_E_49|         array|
|p_ZZ18compute_controllerbbjRbS_bS_S_RjPKhPhR12ComputeStateS0_RhS6_S6_S6_S_S_S_S_E_49_q0        |   in|   16|   ap_memory|  p_ZZ18compute_controllerbbjRbS_bS_S_RjPKhPhR12ComputeStateS0_RhS6_S6_S6_S_S_S_S_E_49|         array|
|p_ZZ18compute_controllerbbjRbS_bS_S_RjPKhPhR12ComputeStateS0_RhS6_S6_S6_S_S_S_S_E_48_address0  |  out|    2|   ap_memory|  p_ZZ18compute_controllerbbjRbS_bS_S_RjPKhPhR12ComputeStateS0_RhS6_S6_S6_S_S_S_S_E_48|         array|
|p_ZZ18compute_controllerbbjRbS_bS_S_RjPKhPhR12ComputeStateS0_RhS6_S6_S6_S_S_S_S_E_48_ce0       |  out|    1|   ap_memory|  p_ZZ18compute_controllerbbjRbS_bS_S_RjPKhPhR12ComputeStateS0_RhS6_S6_S6_S_S_S_S_E_48|         array|
|p_ZZ18compute_controllerbbjRbS_bS_S_RjPKhPhR12ComputeStateS0_RhS6_S6_S6_S_S_S_S_E_48_q0        |   in|   16|   ap_memory|  p_ZZ18compute_controllerbbjRbS_bS_S_RjPKhPhR12ComputeStateS0_RhS6_S6_S6_S_S_S_S_E_48|         array|
+-----------------------------------------------------------------------------------------------+-----+-----+------------+--------------------------------------------------------------------------------------+--------------+

