

================================================================
== Vitis HLS Report for 'compute_controller_Pipeline_VITIS_LOOP_518_20'
================================================================
* Date:           Wed Jan 28 19:35:31 2026

* Version:        2025.1 (Build 6135595 on May 21 2025)
* Project:        compute_controller
* Solution:       hls (Vivado IP Flow Target)
* Product family: zynquplus
* Target device:  xck26-sfvc784-2LV-c


================================================================
== Performance Estimates
================================================================
+ Timing: 
    * Summary: 
    +--------+----------+----------+------------+
    |  Clock |  Target  | Estimated| Uncertainty|
    +--------+----------+----------+------------+
    |ap_clk  |  10.00 ns|  1.893 ns|     2.70 ns|
    +--------+----------+----------+------------+

+ Latency: 
    * Summary: 
    +---------+---------+----------+----------+-----+-----+------------------------------------------------+
    |  Latency (cycles) |  Latency (absolute) |  Interval |                    Pipeline                    |
    |   min   |   max   |    min   |    max   | min | max |                      Type                      |
    +---------+---------+----------+----------+-----+-----+------------------------------------------------+
    |       18|       18|  0.180 us|  0.180 us|   17|   17|  loop auto-rewind stp (delay=0 clock cycles(s))|
    +---------+---------+----------+----------+-----+-----+------------------------------------------------+

    + Detail: 
        * Instance: 
        N/A

        * Loop: 
        +---------------------+---------+---------+----------+-----------+-----------+------+----------+
        |                     |  Latency (cycles) | Iteration|  Initiation Interval  | Trip |          |
        |      Loop Name      |   min   |   max   |  Latency |  achieved |   target  | Count| Pipelined|
        +---------------------+---------+---------+----------+-----------+-----------+------+----------+
        |- VITIS_LOOP_518_20  |       16|       16|         1|          1|          1|    16|       yes|
        +---------------------+---------+---------+----------+-----------+-----------+------+----------+



================================================================
== Utilization Estimates
================================================================
* Summary: 
+-----------------+---------+------+--------+--------+-----+
|       Name      | BRAM_18K|  DSP |   FF   |   LUT  | URAM|
+-----------------+---------+------+--------+--------+-----+
|DSP              |        -|     -|       -|       -|    -|
|Expression       |        -|     -|       0|      25|    -|
|FIFO             |        -|     -|       -|       -|    -|
|Instance         |        -|     -|       0|      65|    -|
|Memory           |        -|     -|       -|       -|    -|
|Multiplexer      |        -|     -|       0|      27|    -|
|Register         |        -|     -|       7|       -|    -|
+-----------------+---------+------+--------+--------+-----+
|Total            |        0|     0|       7|     117|    0|
+-----------------+---------+------+--------+--------+-----+
|Available        |      288|  1248|  234240|  117120|   64|
+-----------------+---------+------+--------+--------+-----+
|Utilization (%)  |        0|     0|      ~0|      ~0|    0|
+-----------------+---------+------+--------+--------+-----+

+ Detail: 
    * Instance: 
    +---------------------------+----------------------+---------+----+---+----+-----+
    |          Instance         |        Module        | BRAM_18K| DSP| FF| LUT| URAM|
    +---------------------------+----------------------+---------+----+---+----+-----+
    |sparsemux_33_4_8_1_1_U543  |sparsemux_33_4_8_1_1  |        0|   0|  0|  65|    0|
    +---------------------------+----------------------+---------+----+---+----+-----+
    |Total                      |                      |        0|   0|  0|  65|    0|
    +---------------------------+----------------------+---------+----+---+----+-----+

    * DSP: 
    N/A

    * Memory: 
    N/A

    * FIFO: 
    N/A

    * Expression: 
    +----------------------+----------+----+---+----+------------+------------+
    |     Variable Name    | Operation| DSP| FF| LUT| Bitwidth P0| Bitwidth P1|
    +----------------------+----------+----+---+----+------------+------------+
    |add_ln518_fu_229_p2   |         +|   0|  0|  12|           5|           1|
    |icmp_ln518_fu_223_p2  |      icmp|   0|  0|  13|           5|           6|
    +----------------------+----------+----+---+----+------------+------------+
    |Total                 |          |   0|  0|  25|          10|           7|
    +----------------------+----------+----+---+----+------------+------------+

    * Multiplexer: 
    +--------------------+----+-----------+-----+-----------+
    |        Name        | LUT| Input Size| Bits| Total Bits|
    +--------------------+----+-----------+-----+-----------+
    |ap_done_int         |   9|          2|    1|          2|
    |ap_sig_allocacmp_i  |   9|          2|    5|         10|
    |i_9_fu_102          |   9|          2|    5|         10|
    +--------------------+----+-----------+-----+-----------+
    |Total               |  27|          6|   11|         22|
    +--------------------+----+-----------+-----+-----------+

    * Register: 
    +-------------+---+----+-----+-----------+
    |     Name    | FF| LUT| Bits| Const Bits|
    +-------------+---+----+-----+-----------+
    |ap_CS_fsm    |  1|   0|    1|          0|
    |ap_done_reg  |  1|   0|    1|          0|
    |i_9_fu_102   |  5|   0|    5|          0|
    +-------------+---+----+-----+-----------+
    |Total        |  7|   0|    7|          0|
    +-------------+---+----+-----+-----------+



================================================================
== Interface
================================================================
* Summary: 
+--------------------------------------------------------------------------------------+-----+-----+------------+--------------------------------------------------------------------------------------+--------------+
|                                       RTL Ports                                      | Dir | Bits|  Protocol  |                                     Source Object                                    |    C Type    |
+--------------------------------------------------------------------------------------+-----+-----+------------+--------------------------------------------------------------------------------------+--------------+
|ap_clk                                                                                |   in|    1|  ap_ctrl_hs|                                         compute_controller_Pipeline_VITIS_LOOP_518_20|  return value|
|ap_rst                                                                                |   in|    1|  ap_ctrl_hs|                                         compute_controller_Pipeline_VITIS_LOOP_518_20|  return value|
|ap_start                                                                              |   in|    1|  ap_ctrl_hs|                                         compute_controller_Pipeline_VITIS_LOOP_518_20|  return value|
|ap_done                                                                               |  out|    1|  ap_ctrl_hs|                                         compute_controller_Pipeline_VITIS_LOOP_518_20|  return value|
|ap_idle                                                                               |  out|    1|  ap_ctrl_hs|                                         compute_controller_Pipeline_VITIS_LOOP_518_20|  return value|
|ap_ready                                                                              |  out|    1|  ap_ctrl_hs|                                         compute_controller_Pipeline_VITIS_LOOP_518_20|  return value|
|compute_controller_bool_bool_unsigned_int_bool_bool_bool_bool_bool_u_143              |   in|    8|     ap_none|              compute_controller_bool_bool_unsigned_int_bool_bool_bool_bool_bool_u_143|        scalar|
|compute_controller_bool_bool_unsigned_int_bool_bool_bool_bool_bool_u_144              |   in|    8|     ap_none|              compute_controller_bool_bool_unsigned_int_bool_bool_bool_bool_bool_u_144|        scalar|
|compute_controller_bool_bool_unsigned_int_bool_bool_bool_bool_bool_u_145              |   in|    8|     ap_none|              compute_controller_bool_bool_unsigned_int_bool_bool_bool_bool_bool_u_145|        scalar|
|compute_controller_bool_bool_unsigned_int_bool_bool_bool_bool_bool_u_146              |   in|    8|     ap_none|              compute_controller_bool_bool_unsigned_int_bool_bool_bool_bool_bool_u_146|        scalar|
|compute_controller_bool_bool_unsigned_int_bool_bool_bool_bool_bool_u_147              |   in|    8|     ap_none|              compute_controller_bool_bool_unsigned_int_bool_bool_bool_bool_bool_u_147|        scalar|
|compute_controller_bool_bool_unsigned_int_bool_bool_bool_bool_bool_u_148              |   in|    8|     ap_none|              compute_controller_bool_bool_unsigned_int_bool_bool_bool_bool_bool_u_148|        scalar|
|compute_controller_bool_bool_unsigned_int_bool_bool_bool_bool_bool_u_149              |   in|    8|     ap_none|              compute_controller_bool_bool_unsigned_int_bool_bool_bool_bool_bool_u_149|        scalar|
|compute_controller_bool_bool_unsigned_int_bool_bool_bool_bool_bool_u_150              |   in|    8|     ap_none|              compute_controller_bool_bool_unsigned_int_bool_bool_bool_bool_bool_u_150|        scalar|
|compute_controller_bool_bool_unsigned_int_bool_bool_bool_bool_bool_u_151              |   in|    8|     ap_none|              compute_controller_bool_bool_unsigned_int_bool_bool_bool_bool_bool_u_151|        scalar|
|compute_controller_bool_bool_unsigned_int_bool_bool_bool_bool_bool_u_152              |   in|    8|     ap_none|              compute_controller_bool_bool_unsigned_int_bool_bool_bool_bool_bool_u_152|        scalar|
|p_ZZ18compute_controllerbbjRbS_bS_S_RjPKhPhR12ComputeStateS0_RhS6_S6_S6_S_S_S_S_E_72  |   in|    8|     ap_none|  p_ZZ18compute_controllerbbjRbS_bS_S_RjPKhPhR12ComputeStateS0_RhS6_S6_S6_S_S_S_S_E_72|        scalar|
|p_ZZ18compute_controllerbbjRbS_bS_S_RjPKhPhR12ComputeStateS0_RhS6_S6_S6_S_S_S_S_E_73  |   in|    8|     ap_none|  p_ZZ18compute_controllerbbjRbS_bS_S_RjPKhPhR12ComputeStateS0_RhS6_S6_S6_S_S_S_S_E_73|        scalar|
|p_ZZ18compute_controllerbbjRbS_bS_S_RjPKhPhR12ComputeStateS0_RhS6_S6_S6_S_S_S_S_E_74  |   in|    8|     ap_none|  p_ZZ18compute_controllerbbjRbS_bS_S_RjPKhPhR12ComputeStateS0_RhS6_S6_S6_S_S_S_S_E_74|        scalar|
|p_ZZ18compute_controllerbbjRbS_bS_S_RjPKhPhR12ComputeStateS0_RhS6_S6_S6_S_S_S_S_E_75  |   in|    8|     ap_none|  p_ZZ18compute_controllerbbjRbS_bS_S_RjPKhPhR12ComputeStateS0_RhS6_S6_S6_S_S_S_S_E_75|        scalar|
|p_ZZ18compute_controllerbbjRbS_bS_S_RjPKhPhR12ComputeStateS0_RhS6_S6_S6_S_S_S_S_E_76  |   in|    8|     ap_none|  p_ZZ18compute_controllerbbjRbS_bS_S_RjPKhPhR12ComputeStateS0_RhS6_S6_S6_S_S_S_S_E_76|        scalar|
|p_ZZ18compute_controllerbbjRbS_bS_S_RjPKhPhR12ComputeStateS0_RhS6_S6_S6_S_S_S_S_E_77  |   in|    8|     ap_none|  p_ZZ18compute_controllerbbjRbS_bS_S_RjPKhPhR12ComputeStateS0_RhS6_S6_S6_S_S_S_S_E_77|        scalar|
|out_buf_address0                                                                      |  out|    6|   ap_memory|                                                                               out_buf|         array|
|out_buf_ce0                                                                           |  out|    1|   ap_memory|                                                                               out_buf|         array|
|out_buf_we0                                                                           |  out|    1|   ap_memory|                                                                               out_buf|         array|
|out_buf_d0                                                                            |  out|    8|   ap_memory|                                                                               out_buf|         array|
+--------------------------------------------------------------------------------------+-----+-----+------------+--------------------------------------------------------------------------------------+--------------+

