

================================================================
== Vitis HLS Report for 'compute_controller_Pipeline_VITIS_LOOP_518_22'
================================================================
* Date:           Sat Jan 24 18:01:23 2026

* Version:        2025.1 (Build 6135595 on May 21 2025)
* Project:        compute_controller
* Solution:       hls (Vivado IP Flow Target)
* Product family: zynquplus
* Target device:  xck26-sfvc784-2LV-c


================================================================
== Performance Estimates
================================================================
+ Timing: 
    * Summary: 
    +--------+----------+----------+------------+
    |  Clock |  Target  | Estimated| Uncertainty|
    +--------+----------+----------+------------+
    |ap_clk  |  10.00 ns|  2.451 ns|     2.70 ns|
    +--------+----------+----------+------------+

+ Latency: 
    * Summary: 
    +---------+---------+----------+----------+-----+-----+------------------------------------------------+
    |  Latency (cycles) |  Latency (absolute) |  Interval |                    Pipeline                    |
    |   min   |   max   |    min   |    max   | min | max |                      Type                      |
    +---------+---------+----------+----------+-----+-----+------------------------------------------------+
    |      579|      579|  5.790 us|  5.790 us|  578|  578|  loop auto-rewind stp (delay=0 clock cycles(s))|
    +---------+---------+----------+----------+-----+-----+------------------------------------------------+

    + Detail: 
        * Instance: 
        N/A

        * Loop: 
        +---------------------+---------+---------+----------+-----------+-----------+------+----------+
        |                     |  Latency (cycles) | Iteration|  Initiation Interval  | Trip |          |
        |      Loop Name      |   min   |   max   |  Latency |  achieved |   target  | Count| Pipelined|
        +---------------------+---------+---------+----------+-----------+-----------+------+----------+
        |- VITIS_LOOP_518_22  |      577|      577|         4|          3|          1|   192|       yes|
        +---------------------+---------+---------+----------+-----------+-----------+------+----------+



================================================================
== Utilization Estimates
================================================================
* Summary: 
+-----------------+---------+------+--------+--------+-----+
|       Name      | BRAM_18K|  DSP |   FF   |   LUT  | URAM|
+-----------------+---------+------+--------+--------+-----+
|DSP              |        -|     -|       -|       -|    -|
|Expression       |        -|     -|       0|     134|    -|
|FIFO             |        -|     -|       -|       -|    -|
|Instance         |        -|     -|       -|       -|    -|
|Memory           |        -|     -|       -|       -|    -|
|Multiplexer      |        -|     -|       0|     108|    -|
|Register         |        -|     -|      71|       -|    -|
+-----------------+---------+------+--------+--------+-----+
|Total            |        0|     0|      71|     242|    0|
+-----------------+---------+------+--------+--------+-----+
|Available        |      288|  1248|  234240|  117120|   64|
+-----------------+---------+------+--------+--------+-----+
|Utilization (%)  |        0|     0|      ~0|      ~0|    0|
+-----------------+---------+------+--------+--------+-----+

+ Detail: 
    * Instance: 
    N/A

    * DSP: 
    N/A

    * Memory: 
    N/A

    * FIFO: 
    N/A

    * Expression: 
    +-----------------------------+----------+----+---+----+------------+------------+
    |        Variable Name        | Operation| DSP| FF| LUT| Bitwidth P0| Bitwidth P1|
    +-----------------------------+----------+----+---+----+------------+------------+
    |add_ln518_fu_951_p2          |         +|   0|  0|  15|           8|           1|
    |add_ln596_1_fu_1038_p2       |         +|   0|  0|  18|          11|          10|
    |add_ln596_fu_988_p2          |         +|   0|  0|  17|          10|           8|
    |byte_addr_1_fu_998_p2        |         +|   0|  0|  18|          11|          10|
    |byte_addr_fu_906_p2          |         +|   0|  0|  17|          10|           8|
    |ap_predicate_pred556_state3  |       and|   0|  0|   2|           1|           1|
    |ap_predicate_pred568_state3  |       and|   0|  0|   2|           1|           1|
    |ap_predicate_pred580_state3  |       and|   0|  0|   2|           1|           1|
    |ap_predicate_pred592_state3  |       and|   0|  0|   2|           1|           1|
    |ap_predicate_pred604_state3  |       and|   0|  0|   2|           1|           1|
    |ap_predicate_pred616_state3  |       and|   0|  0|   2|           1|           1|
    |ap_predicate_pred628_state3  |       and|   0|  0|   2|           1|           1|
    |ap_predicate_pred640_state3  |       and|   0|  0|   2|           1|           1|
    |ap_predicate_pred652_state3  |       and|   0|  0|   2|           1|           1|
    |ap_predicate_pred664_state3  |       and|   0|  0|   2|           1|           1|
    |ap_predicate_pred676_state3  |       and|   0|  0|   2|           1|           1|
    |ap_predicate_pred688_state3  |       and|   0|  0|   2|           1|           1|
    |ap_predicate_pred700_state3  |       and|   0|  0|   2|           1|           1|
    |ap_predicate_pred712_state3  |       and|   0|  0|   2|           1|           1|
    |ap_predicate_pred724_state3  |       and|   0|  0|   2|           1|           1|
    |ap_predicate_pred736_state3  |       and|   0|  0|   2|           1|           1|
    |icmp_ln518_fu_883_p2         |      icmp|   0|  0|  15|           8|           8|
    |ap_enable_pp0                |       xor|   0|  0|   2|           1|           2|
    +-----------------------------+----------+----+---+----+------------+------------+
    |Total                        |          |   0|  0| 134|          75|          63|
    +-----------------------------+----------+----+---+----+------------+------------+

    * Multiplexer: 
    +-----------------------------+----+-----------+-----+-----------+
    |             Name            | LUT| Input Size| Bits| Total Bits|
    +-----------------------------+----+-----------+-----+-----------+
    |ap_NS_fsm                    |  20|          4|    1|          4|
    |ap_done_int                  |   9|          2|    1|          2|
    |ap_enable_reg_pp0_iter0      |   9|          2|    1|          2|
    |ap_enable_reg_pp0_iter0_reg  |   9|          2|    1|          2|
    |ap_enable_reg_pp0_iter1      |   9|          2|    1|          2|
    |ap_sig_allocacmp_i           |   9|          2|    8|         16|
    |i_3_fu_178                   |   9|          2|    8|         16|
    |in_buf_address0_local        |  20|          4|   13|         52|
    |in_buf_address1_local        |  14|          3|   13|         39|
    +-----------------------------+----+-----------+-----+-----------+
    |Total                        | 108|         23|   47|        135|
    +-----------------------------+----+-----------+-----+-----------+

    * Register: 
    +-----------------------------+---+----+-----+-----------+
    |             Name            | FF| LUT| Bits| Const Bits|
    +-----------------------------+---+----+-----+-----------+
    |ap_CS_fsm                    |  3|   0|    3|          0|
    |ap_done_reg                  |  1|   0|    1|          0|
    |ap_enable_reg_pp0_iter0_reg  |  1|   0|    1|          0|
    |ap_enable_reg_pp0_iter1      |  1|   0|    1|          0|
    |ap_predicate_pred556_state3  |  1|   0|    1|          0|
    |ap_predicate_pred568_state3  |  1|   0|    1|          0|
    |ap_predicate_pred580_state3  |  1|   0|    1|          0|
    |ap_predicate_pred592_state3  |  1|   0|    1|          0|
    |ap_predicate_pred604_state3  |  1|   0|    1|          0|
    |ap_predicate_pred616_state3  |  1|   0|    1|          0|
    |ap_predicate_pred628_state3  |  1|   0|    1|          0|
    |ap_predicate_pred640_state3  |  1|   0|    1|          0|
    |ap_predicate_pred652_state3  |  1|   0|    1|          0|
    |ap_predicate_pred664_state3  |  1|   0|    1|          0|
    |ap_predicate_pred676_state3  |  1|   0|    1|          0|
    |ap_predicate_pred688_state3  |  1|   0|    1|          0|
    |ap_predicate_pred700_state3  |  1|   0|    1|          0|
    |ap_predicate_pred712_state3  |  1|   0|    1|          0|
    |ap_predicate_pred724_state3  |  1|   0|    1|          0|
    |ap_predicate_pred736_state3  |  1|   0|    1|          0|
    |i_3_fu_178                   |  8|   0|    8|          0|
    |i_reg_1079                   |  8|   0|    8|          0|
    |icmp_ln518_reg_1085          |  1|   0|    1|          0|
    |reg_871                      |  8|   0|    8|          0|
    |shl_ln1_reg_1098             |  8|   0|   10|          2|
    |trunc_ln518_reg_1089         |  4|   0|    4|          0|
    |zext_ln518_reg_1109          |  4|   0|   64|         60|
    |zext_ln523_reg_1145          |  8|   0|   11|          3|
    +-----------------------------+---+----+-----+-----------+
    |Total                        | 71|   0|  136|         65|
    +-----------------------------+---+----+-----+-----------+



================================================================
== Interface
================================================================
* Summary: 
+-----------------------------------------------------------------------------------------------+-----+-----+------------+--------------------------------------------------------------------------------------+--------------+
|                                           RTL Ports                                           | Dir | Bits|  Protocol  |                                     Source Object                                    |    C Type    |
+-----------------------------------------------------------------------------------------------+-----+-----+------------+--------------------------------------------------------------------------------------+--------------+
|ap_clk                                                                                         |   in|    1|  ap_ctrl_hs|                                         compute_controller_Pipeline_VITIS_LOOP_518_22|  return value|
|ap_rst                                                                                         |   in|    1|  ap_ctrl_hs|                                         compute_controller_Pipeline_VITIS_LOOP_518_22|  return value|
|ap_start                                                                                       |   in|    1|  ap_ctrl_hs|                                         compute_controller_Pipeline_VITIS_LOOP_518_22|  return value|
|ap_done                                                                                        |  out|    1|  ap_ctrl_hs|                                         compute_controller_Pipeline_VITIS_LOOP_518_22|  return value|
|ap_idle                                                                                        |  out|    1|  ap_ctrl_hs|                                         compute_controller_Pipeline_VITIS_LOOP_518_22|  return value|
|ap_ready                                                                                       |  out|    1|  ap_ctrl_hs|                                         compute_controller_Pipeline_VITIS_LOOP_518_22|  return value|
|in_buf_address0                                                                                |  out|   13|   ap_memory|                                                                                in_buf|         array|
|in_buf_ce0                                                                                     |  out|    1|   ap_memory|                                                                                in_buf|         array|
|in_buf_q0                                                                                      |   in|    8|   ap_memory|                                                                                in_buf|         array|
|in_buf_address1                                                                                |  out|   13|   ap_memory|                                                                                in_buf|         array|
|in_buf_ce1                                                                                     |  out|    1|   ap_memory|                                                                                in_buf|         array|
|in_buf_q1                                                                                      |   in|    8|   ap_memory|                                                                                in_buf|         array|
|compute_controller_bool_bool_unsigned_int_bool_bool_bool_bool_bool_u_39_address0               |  out|    4|   ap_memory|               compute_controller_bool_bool_unsigned_int_bool_bool_bool_bool_bool_u_39|         array|
|compute_controller_bool_bool_unsigned_int_bool_bool_bool_bool_bool_u_39_ce0                    |  out|    1|   ap_memory|               compute_controller_bool_bool_unsigned_int_bool_bool_bool_bool_bool_u_39|         array|
|compute_controller_bool_bool_unsigned_int_bool_bool_bool_bool_bool_u_39_we0                    |  out|    1|   ap_memory|               compute_controller_bool_bool_unsigned_int_bool_bool_bool_bool_bool_u_39|         array|
|compute_controller_bool_bool_unsigned_int_bool_bool_bool_bool_bool_u_39_d0                     |  out|    8|   ap_memory|               compute_controller_bool_bool_unsigned_int_bool_bool_bool_bool_bool_u_39|         array|
|compute_controller_bool_bool_unsigned_int_bool_bool_bool_bool_bool_u_189_address0              |  out|    4|   ap_memory|              compute_controller_bool_bool_unsigned_int_bool_bool_bool_bool_bool_u_189|         array|
|compute_controller_bool_bool_unsigned_int_bool_bool_bool_bool_bool_u_189_ce0                   |  out|    1|   ap_memory|              compute_controller_bool_bool_unsigned_int_bool_bool_bool_bool_bool_u_189|         array|
|compute_controller_bool_bool_unsigned_int_bool_bool_bool_bool_bool_u_189_we0                   |  out|    1|   ap_memory|              compute_controller_bool_bool_unsigned_int_bool_bool_bool_bool_bool_u_189|         array|
|compute_controller_bool_bool_unsigned_int_bool_bool_bool_bool_bool_u_189_d0                    |  out|   16|   ap_memory|              compute_controller_bool_bool_unsigned_int_bool_bool_bool_bool_bool_u_189|         array|
|compute_controller_bool_bool_unsigned_int_bool_bool_bool_bool_bool_u_179_address0              |  out|    4|   ap_memory|              compute_controller_bool_bool_unsigned_int_bool_bool_bool_bool_bool_u_179|         array|
|compute_controller_bool_bool_unsigned_int_bool_bool_bool_bool_bool_u_179_ce0                   |  out|    1|   ap_memory|              compute_controller_bool_bool_unsigned_int_bool_bool_bool_bool_bool_u_179|         array|
|compute_controller_bool_bool_unsigned_int_bool_bool_bool_bool_bool_u_179_we0                   |  out|    1|   ap_memory|              compute_controller_bool_bool_unsigned_int_bool_bool_bool_bool_bool_u_179|         array|
|compute_controller_bool_bool_unsigned_int_bool_bool_bool_bool_bool_u_179_d0                    |  out|   16|   ap_memory|              compute_controller_bool_bool_unsigned_int_bool_bool_bool_bool_bool_u_179|         array|
|compute_controller_bool_bool_unsigned_int_bool_bool_bool_bool_bool_u_38_address0               |  out|    4|   ap_memory|               compute_controller_bool_bool_unsigned_int_bool_bool_bool_bool_bool_u_38|         array|
|compute_controller_bool_bool_unsigned_int_bool_bool_bool_bool_bool_u_38_ce0                    |  out|    1|   ap_memory|               compute_controller_bool_bool_unsigned_int_bool_bool_bool_bool_bool_u_38|         array|
|compute_controller_bool_bool_unsigned_int_bool_bool_bool_bool_bool_u_38_we0                    |  out|    1|   ap_memory|               compute_controller_bool_bool_unsigned_int_bool_bool_bool_bool_bool_u_38|         array|
|compute_controller_bool_bool_unsigned_int_bool_bool_bool_bool_bool_u_38_d0                     |  out|    8|   ap_memory|               compute_controller_bool_bool_unsigned_int_bool_bool_bool_bool_bool_u_38|         array|
|compute_controller_bool_bool_unsigned_int_bool_bool_bool_bool_bool_u_190_address0              |  out|    4|   ap_memory|              compute_controller_bool_bool_unsigned_int_bool_bool_bool_bool_bool_u_190|         array|
|compute_controller_bool_bool_unsigned_int_bool_bool_bool_bool_bool_u_190_ce0                   |  out|    1|   ap_memory|              compute_controller_bool_bool_unsigned_int_bool_bool_bool_bool_bool_u_190|         array|
|compute_controller_bool_bool_unsigned_int_bool_bool_bool_bool_bool_u_190_we0                   |  out|    1|   ap_memory|              compute_controller_bool_bool_unsigned_int_bool_bool_bool_bool_bool_u_190|         array|
|compute_controller_bool_bool_unsigned_int_bool_bool_bool_bool_bool_u_190_d0                    |  out|   16|   ap_memory|              compute_controller_bool_bool_unsigned_int_bool_bool_bool_bool_bool_u_190|         array|
|compute_controller_bool_bool_unsigned_int_bool_bool_bool_bool_bool_u_180_address0              |  out|    4|   ap_memory|              compute_controller_bool_bool_unsigned_int_bool_bool_bool_bool_bool_u_180|         array|
|compute_controller_bool_bool_unsigned_int_bool_bool_bool_bool_bool_u_180_ce0                   |  out|    1|   ap_memory|              compute_controller_bool_bool_unsigned_int_bool_bool_bool_bool_bool_u_180|         array|
|compute_controller_bool_bool_unsigned_int_bool_bool_bool_bool_bool_u_180_we0                   |  out|    1|   ap_memory|              compute_controller_bool_bool_unsigned_int_bool_bool_bool_bool_bool_u_180|         array|
|compute_controller_bool_bool_unsigned_int_bool_bool_bool_bool_bool_u_180_d0                    |  out|   16|   ap_memory|              compute_controller_bool_bool_unsigned_int_bool_bool_bool_bool_bool_u_180|         array|
|compute_controller_bool_bool_unsigned_int_bool_bool_bool_bool_bool_u_37_address0               |  out|    4|   ap_memory|               compute_controller_bool_bool_unsigned_int_bool_bool_bool_bool_bool_u_37|         array|
|compute_controller_bool_bool_unsigned_int_bool_bool_bool_bool_bool_u_37_ce0                    |  out|    1|   ap_memory|               compute_controller_bool_bool_unsigned_int_bool_bool_bool_bool_bool_u_37|         array|
|compute_controller_bool_bool_unsigned_int_bool_bool_bool_bool_bool_u_37_we0                    |  out|    1|   ap_memory|               compute_controller_bool_bool_unsigned_int_bool_bool_bool_bool_bool_u_37|         array|
|compute_controller_bool_bool_unsigned_int_bool_bool_bool_bool_bool_u_37_d0                     |  out|    8|   ap_memory|               compute_controller_bool_bool_unsigned_int_bool_bool_bool_bool_bool_u_37|         array|
|compute_controller_bool_bool_unsigned_int_bool_bool_bool_bool_bool_u_191_address0              |  out|    4|   ap_memory|              compute_controller_bool_bool_unsigned_int_bool_bool_bool_bool_bool_u_191|         array|
|compute_controller_bool_bool_unsigned_int_bool_bool_bool_bool_bool_u_191_ce0                   |  out|    1|   ap_memory|              compute_controller_bool_bool_unsigned_int_bool_bool_bool_bool_bool_u_191|         array|
|compute_controller_bool_bool_unsigned_int_bool_bool_bool_bool_bool_u_191_we0                   |  out|    1|   ap_memory|              compute_controller_bool_bool_unsigned_int_bool_bool_bool_bool_bool_u_191|         array|
|compute_controller_bool_bool_unsigned_int_bool_bool_bool_bool_bool_u_191_d0                    |  out|   16|   ap_memory|              compute_controller_bool_bool_unsigned_int_bool_bool_bool_bool_bool_u_191|         array|
|compute_controller_bool_bool_unsigned_int_bool_bool_bool_bool_bool_u_181_address0              |  out|    4|   ap_memory|              compute_controller_bool_bool_unsigned_int_bool_bool_bool_bool_bool_u_181|         array|
|compute_controller_bool_bool_unsigned_int_bool_bool_bool_bool_bool_u_181_ce0                   |  out|    1|   ap_memory|              compute_controller_bool_bool_unsigned_int_bool_bool_bool_bool_bool_u_181|         array|
|compute_controller_bool_bool_unsigned_int_bool_bool_bool_bool_bool_u_181_we0                   |  out|    1|   ap_memory|              compute_controller_bool_bool_unsigned_int_bool_bool_bool_bool_bool_u_181|         array|
|compute_controller_bool_bool_unsigned_int_bool_bool_bool_bool_bool_u_181_d0                    |  out|   16|   ap_memory|              compute_controller_bool_bool_unsigned_int_bool_bool_bool_bool_bool_u_181|         array|
|compute_controller_bool_bool_unsigned_int_bool_bool_bool_bool_bool_u_36_address0               |  out|    4|   ap_memory|               compute_controller_bool_bool_unsigned_int_bool_bool_bool_bool_bool_u_36|         array|
|compute_controller_bool_bool_unsigned_int_bool_bool_bool_bool_bool_u_36_ce0                    |  out|    1|   ap_memory|               compute_controller_bool_bool_unsigned_int_bool_bool_bool_bool_bool_u_36|         array|
|compute_controller_bool_bool_unsigned_int_bool_bool_bool_bool_bool_u_36_we0                    |  out|    1|   ap_memory|               compute_controller_bool_bool_unsigned_int_bool_bool_bool_bool_bool_u_36|         array|
|compute_controller_bool_bool_unsigned_int_bool_bool_bool_bool_bool_u_36_d0                     |  out|    8|   ap_memory|               compute_controller_bool_bool_unsigned_int_bool_bool_bool_bool_bool_u_36|         array|
|compute_controller_bool_bool_unsigned_int_bool_bool_bool_bool_bool_u_192_address0              |  out|    4|   ap_memory|              compute_controller_bool_bool_unsigned_int_bool_bool_bool_bool_bool_u_192|         array|
|compute_controller_bool_bool_unsigned_int_bool_bool_bool_bool_bool_u_192_ce0                   |  out|    1|   ap_memory|              compute_controller_bool_bool_unsigned_int_bool_bool_bool_bool_bool_u_192|         array|
|compute_controller_bool_bool_unsigned_int_bool_bool_bool_bool_bool_u_192_we0                   |  out|    1|   ap_memory|              compute_controller_bool_bool_unsigned_int_bool_bool_bool_bool_bool_u_192|         array|
|compute_controller_bool_bool_unsigned_int_bool_bool_bool_bool_bool_u_192_d0                    |  out|   16|   ap_memory|              compute_controller_bool_bool_unsigned_int_bool_bool_bool_bool_bool_u_192|         array|
|compute_controller_bool_bool_unsigned_int_bool_bool_bool_bool_bool_u_182_address0              |  out|    4|   ap_memory|              compute_controller_bool_bool_unsigned_int_bool_bool_bool_bool_bool_u_182|         array|
|compute_controller_bool_bool_unsigned_int_bool_bool_bool_bool_bool_u_182_ce0                   |  out|    1|   ap_memory|              compute_controller_bool_bool_unsigned_int_bool_bool_bool_bool_bool_u_182|         array|
|compute_controller_bool_bool_unsigned_int_bool_bool_bool_bool_bool_u_182_we0                   |  out|    1|   ap_memory|              compute_controller_bool_bool_unsigned_int_bool_bool_bool_bool_bool_u_182|         array|
|compute_controller_bool_bool_unsigned_int_bool_bool_bool_bool_bool_u_182_d0                    |  out|   16|   ap_memory|              compute_controller_bool_bool_unsigned_int_bool_bool_bool_bool_bool_u_182|         array|
|compute_controller_bool_bool_unsigned_int_bool_bool_bool_bool_bool_u_35_address0               |  out|    4|   ap_memory|               compute_controller_bool_bool_unsigned_int_bool_bool_bool_bool_bool_u_35|         array|
|compute_controller_bool_bool_unsigned_int_bool_bool_bool_bool_bool_u_35_ce0                    |  out|    1|   ap_memory|               compute_controller_bool_bool_unsigned_int_bool_bool_bool_bool_bool_u_35|         array|
|compute_controller_bool_bool_unsigned_int_bool_bool_bool_bool_bool_u_35_we0                    |  out|    1|   ap_memory|               compute_controller_bool_bool_unsigned_int_bool_bool_bool_bool_bool_u_35|         array|
|compute_controller_bool_bool_unsigned_int_bool_bool_bool_bool_bool_u_35_d0                     |  out|    8|   ap_memory|               compute_controller_bool_bool_unsigned_int_bool_bool_bool_bool_bool_u_35|         array|
|compute_controller_bool_bool_unsigned_int_bool_bool_bool_bool_bool_u_193_address0              |  out|    4|   ap_memory|              compute_controller_bool_bool_unsigned_int_bool_bool_bool_bool_bool_u_193|         array|
|compute_controller_bool_bool_unsigned_int_bool_bool_bool_bool_bool_u_193_ce0                   |  out|    1|   ap_memory|              compute_controller_bool_bool_unsigned_int_bool_bool_bool_bool_bool_u_193|         array|
|compute_controller_bool_bool_unsigned_int_bool_bool_bool_bool_bool_u_193_we0                   |  out|    1|   ap_memory|              compute_controller_bool_bool_unsigned_int_bool_bool_bool_bool_bool_u_193|         array|
|compute_controller_bool_bool_unsigned_int_bool_bool_bool_bool_bool_u_193_d0                    |  out|   16|   ap_memory|              compute_controller_bool_bool_unsigned_int_bool_bool_bool_bool_bool_u_193|         array|
|compute_controller_bool_bool_unsigned_int_bool_bool_bool_bool_bool_u_183_address0              |  out|    4|   ap_memory|              compute_controller_bool_bool_unsigned_int_bool_bool_bool_bool_bool_u_183|         array|
|compute_controller_bool_bool_unsigned_int_bool_bool_bool_bool_bool_u_183_ce0                   |  out|    1|   ap_memory|              compute_controller_bool_bool_unsigned_int_bool_bool_bool_bool_bool_u_183|         array|
|compute_controller_bool_bool_unsigned_int_bool_bool_bool_bool_bool_u_183_we0                   |  out|    1|   ap_memory|              compute_controller_bool_bool_unsigned_int_bool_bool_bool_bool_bool_u_183|         array|
|compute_controller_bool_bool_unsigned_int_bool_bool_bool_bool_bool_u_183_d0                    |  out|   16|   ap_memory|              compute_controller_bool_bool_unsigned_int_bool_bool_bool_bool_bool_u_183|         array|
|compute_controller_bool_bool_unsigned_int_bool_bool_bool_bool_bool_u_34_address0               |  out|    4|   ap_memory|               compute_controller_bool_bool_unsigned_int_bool_bool_bool_bool_bool_u_34|         array|
|compute_controller_bool_bool_unsigned_int_bool_bool_bool_bool_bool_u_34_ce0                    |  out|    1|   ap_memory|               compute_controller_bool_bool_unsigned_int_bool_bool_bool_bool_bool_u_34|         array|
|compute_controller_bool_bool_unsigned_int_bool_bool_bool_bool_bool_u_34_we0                    |  out|    1|   ap_memory|               compute_controller_bool_bool_unsigned_int_bool_bool_bool_bool_bool_u_34|         array|
|compute_controller_bool_bool_unsigned_int_bool_bool_bool_bool_bool_u_34_d0                     |  out|    8|   ap_memory|               compute_controller_bool_bool_unsigned_int_bool_bool_bool_bool_bool_u_34|         array|
|compute_controller_bool_bool_unsigned_int_bool_bool_bool_bool_bool_u_194_address0              |  out|    4|   ap_memory|              compute_controller_bool_bool_unsigned_int_bool_bool_bool_bool_bool_u_194|         array|
|compute_controller_bool_bool_unsigned_int_bool_bool_bool_bool_bool_u_194_ce0                   |  out|    1|   ap_memory|              compute_controller_bool_bool_unsigned_int_bool_bool_bool_bool_bool_u_194|         array|
|compute_controller_bool_bool_unsigned_int_bool_bool_bool_bool_bool_u_194_we0                   |  out|    1|   ap_memory|              compute_controller_bool_bool_unsigned_int_bool_bool_bool_bool_bool_u_194|         array|
|compute_controller_bool_bool_unsigned_int_bool_bool_bool_bool_bool_u_194_d0                    |  out|   16|   ap_memory|              compute_controller_bool_bool_unsigned_int_bool_bool_bool_bool_bool_u_194|         array|
|compute_controller_bool_bool_unsigned_int_bool_bool_bool_bool_bool_u_184_address0              |  out|    4|   ap_memory|              compute_controller_bool_bool_unsigned_int_bool_bool_bool_bool_bool_u_184|         array|
|compute_controller_bool_bool_unsigned_int_bool_bool_bool_bool_bool_u_184_ce0                   |  out|    1|   ap_memory|              compute_controller_bool_bool_unsigned_int_bool_bool_bool_bool_bool_u_184|         array|
|compute_controller_bool_bool_unsigned_int_bool_bool_bool_bool_bool_u_184_we0                   |  out|    1|   ap_memory|              compute_controller_bool_bool_unsigned_int_bool_bool_bool_bool_bool_u_184|         array|
|compute_controller_bool_bool_unsigned_int_bool_bool_bool_bool_bool_u_184_d0                    |  out|   16|   ap_memory|              compute_controller_bool_bool_unsigned_int_bool_bool_bool_bool_bool_u_184|         array|
|compute_controller_bool_bool_unsigned_int_bool_bool_bool_bool_bool_u_33_address0               |  out|    4|   ap_memory|               compute_controller_bool_bool_unsigned_int_bool_bool_bool_bool_bool_u_33|         array|
|compute_controller_bool_bool_unsigned_int_bool_bool_bool_bool_bool_u_33_ce0                    |  out|    1|   ap_memory|               compute_controller_bool_bool_unsigned_int_bool_bool_bool_bool_bool_u_33|         array|
|compute_controller_bool_bool_unsigned_int_bool_bool_bool_bool_bool_u_33_we0                    |  out|    1|   ap_memory|               compute_controller_bool_bool_unsigned_int_bool_bool_bool_bool_bool_u_33|         array|
|compute_controller_bool_bool_unsigned_int_bool_bool_bool_bool_bool_u_33_d0                     |  out|    8|   ap_memory|               compute_controller_bool_bool_unsigned_int_bool_bool_bool_bool_bool_u_33|         array|
|compute_controller_bool_bool_unsigned_int_bool_bool_bool_bool_bool_u_195_address0              |  out|    4|   ap_memory|              compute_controller_bool_bool_unsigned_int_bool_bool_bool_bool_bool_u_195|         array|
|compute_controller_bool_bool_unsigned_int_bool_bool_bool_bool_bool_u_195_ce0                   |  out|    1|   ap_memory|              compute_controller_bool_bool_unsigned_int_bool_bool_bool_bool_bool_u_195|         array|
|compute_controller_bool_bool_unsigned_int_bool_bool_bool_bool_bool_u_195_we0                   |  out|    1|   ap_memory|              compute_controller_bool_bool_unsigned_int_bool_bool_bool_bool_bool_u_195|         array|
|compute_controller_bool_bool_unsigned_int_bool_bool_bool_bool_bool_u_195_d0                    |  out|   16|   ap_memory|              compute_controller_bool_bool_unsigned_int_bool_bool_bool_bool_bool_u_195|         array|
|compute_controller_bool_bool_unsigned_int_bool_bool_bool_bool_bool_u_185_address0              |  out|    4|   ap_memory|              compute_controller_bool_bool_unsigned_int_bool_bool_bool_bool_bool_u_185|         array|
|compute_controller_bool_bool_unsigned_int_bool_bool_bool_bool_bool_u_185_ce0                   |  out|    1|   ap_memory|              compute_controller_bool_bool_unsigned_int_bool_bool_bool_bool_bool_u_185|         array|
|compute_controller_bool_bool_unsigned_int_bool_bool_bool_bool_bool_u_185_we0                   |  out|    1|   ap_memory|              compute_controller_bool_bool_unsigned_int_bool_bool_bool_bool_bool_u_185|         array|
|compute_controller_bool_bool_unsigned_int_bool_bool_bool_bool_bool_u_185_d0                    |  out|   16|   ap_memory|              compute_controller_bool_bool_unsigned_int_bool_bool_bool_bool_bool_u_185|         array|
|compute_controller_bool_bool_unsigned_int_bool_bool_bool_bool_bool_u_32_address0               |  out|    4|   ap_memory|               compute_controller_bool_bool_unsigned_int_bool_bool_bool_bool_bool_u_32|         array|
|compute_controller_bool_bool_unsigned_int_bool_bool_bool_bool_bool_u_32_ce0                    |  out|    1|   ap_memory|               compute_controller_bool_bool_unsigned_int_bool_bool_bool_bool_bool_u_32|         array|
|compute_controller_bool_bool_unsigned_int_bool_bool_bool_bool_bool_u_32_we0                    |  out|    1|   ap_memory|               compute_controller_bool_bool_unsigned_int_bool_bool_bool_bool_bool_u_32|         array|
|compute_controller_bool_bool_unsigned_int_bool_bool_bool_bool_bool_u_32_d0                     |  out|    8|   ap_memory|               compute_controller_bool_bool_unsigned_int_bool_bool_bool_bool_bool_u_32|         array|
|compute_controller_bool_bool_unsigned_int_bool_bool_bool_bool_bool_u_196_address0              |  out|    4|   ap_memory|              compute_controller_bool_bool_unsigned_int_bool_bool_bool_bool_bool_u_196|         array|
|compute_controller_bool_bool_unsigned_int_bool_bool_bool_bool_bool_u_196_ce0                   |  out|    1|   ap_memory|              compute_controller_bool_bool_unsigned_int_bool_bool_bool_bool_bool_u_196|         array|
|compute_controller_bool_bool_unsigned_int_bool_bool_bool_bool_bool_u_196_we0                   |  out|    1|   ap_memory|              compute_controller_bool_bool_unsigned_int_bool_bool_bool_bool_bool_u_196|         array|
|compute_controller_bool_bool_unsigned_int_bool_bool_bool_bool_bool_u_196_d0                    |  out|   16|   ap_memory|              compute_controller_bool_bool_unsigned_int_bool_bool_bool_bool_bool_u_196|         array|
|compute_controller_bool_bool_unsigned_int_bool_bool_bool_bool_bool_u_186_address0              |  out|    4|   ap_memory|              compute_controller_bool_bool_unsigned_int_bool_bool_bool_bool_bool_u_186|         array|
|compute_controller_bool_bool_unsigned_int_bool_bool_bool_bool_bool_u_186_ce0                   |  out|    1|   ap_memory|              compute_controller_bool_bool_unsigned_int_bool_bool_bool_bool_bool_u_186|         array|
|compute_controller_bool_bool_unsigned_int_bool_bool_bool_bool_bool_u_186_we0                   |  out|    1|   ap_memory|              compute_controller_bool_bool_unsigned_int_bool_bool_bool_bool_bool_u_186|         array|
|compute_controller_bool_bool_unsigned_int_bool_bool_bool_bool_bool_u_186_d0                    |  out|   16|   ap_memory|              compute_controller_bool_bool_unsigned_int_bool_bool_bool_bool_bool_u_186|         array|
|compute_controller_bool_bool_unsigned_int_bool_bool_bool_bool_bool_u_31_address0               |  out|    4|   ap_memory|               compute_controller_bool_bool_unsigned_int_bool_bool_bool_bool_bool_u_31|         array|
|compute_controller_bool_bool_unsigned_int_bool_bool_bool_bool_bool_u_31_ce0                    |  out|    1|   ap_memory|               compute_controller_bool_bool_unsigned_int_bool_bool_bool_bool_bool_u_31|         array|
|compute_controller_bool_bool_unsigned_int_bool_bool_bool_bool_bool_u_31_we0                    |  out|    1|   ap_memory|               compute_controller_bool_bool_unsigned_int_bool_bool_bool_bool_bool_u_31|         array|
|compute_controller_bool_bool_unsigned_int_bool_bool_bool_bool_bool_u_31_d0                     |  out|    8|   ap_memory|               compute_controller_bool_bool_unsigned_int_bool_bool_bool_bool_bool_u_31|         array|
|compute_controller_bool_bool_unsigned_int_bool_bool_bool_bool_bool_u_197_address0              |  out|    4|   ap_memory|              compute_controller_bool_bool_unsigned_int_bool_bool_bool_bool_bool_u_197|         array|
|compute_controller_bool_bool_unsigned_int_bool_bool_bool_bool_bool_u_197_ce0                   |  out|    1|   ap_memory|              compute_controller_bool_bool_unsigned_int_bool_bool_bool_bool_bool_u_197|         array|
|compute_controller_bool_bool_unsigned_int_bool_bool_bool_bool_bool_u_197_we0                   |  out|    1|   ap_memory|              compute_controller_bool_bool_unsigned_int_bool_bool_bool_bool_bool_u_197|         array|
|compute_controller_bool_bool_unsigned_int_bool_bool_bool_bool_bool_u_197_d0                    |  out|   16|   ap_memory|              compute_controller_bool_bool_unsigned_int_bool_bool_bool_bool_bool_u_197|         array|
|compute_controller_bool_bool_unsigned_int_bool_bool_bool_bool_bool_u_187_address0              |  out|    4|   ap_memory|              compute_controller_bool_bool_unsigned_int_bool_bool_bool_bool_bool_u_187|         array|
|compute_controller_bool_bool_unsigned_int_bool_bool_bool_bool_bool_u_187_ce0                   |  out|    1|   ap_memory|              compute_controller_bool_bool_unsigned_int_bool_bool_bool_bool_bool_u_187|         array|
|compute_controller_bool_bool_unsigned_int_bool_bool_bool_bool_bool_u_187_we0                   |  out|    1|   ap_memory|              compute_controller_bool_bool_unsigned_int_bool_bool_bool_bool_bool_u_187|         array|
|compute_controller_bool_bool_unsigned_int_bool_bool_bool_bool_bool_u_187_d0                    |  out|   16|   ap_memory|              compute_controller_bool_bool_unsigned_int_bool_bool_bool_bool_bool_u_187|         array|
|compute_controller_bool_bool_unsigned_int_bool_bool_bool_bool_bool_u_30_address0               |  out|    4|   ap_memory|               compute_controller_bool_bool_unsigned_int_bool_bool_bool_bool_bool_u_30|         array|
|compute_controller_bool_bool_unsigned_int_bool_bool_bool_bool_bool_u_30_ce0                    |  out|    1|   ap_memory|               compute_controller_bool_bool_unsigned_int_bool_bool_bool_bool_bool_u_30|         array|
|compute_controller_bool_bool_unsigned_int_bool_bool_bool_bool_bool_u_30_we0                    |  out|    1|   ap_memory|               compute_controller_bool_bool_unsigned_int_bool_bool_bool_bool_bool_u_30|         array|
|compute_controller_bool_bool_unsigned_int_bool_bool_bool_bool_bool_u_30_d0                     |  out|    8|   ap_memory|               compute_controller_bool_bool_unsigned_int_bool_bool_bool_bool_bool_u_30|         array|
|compute_controller_bool_bool_unsigned_int_bool_bool_bool_bool_bool_u_198_address0              |  out|    4|   ap_memory|              compute_controller_bool_bool_unsigned_int_bool_bool_bool_bool_bool_u_198|         array|
|compute_controller_bool_bool_unsigned_int_bool_bool_bool_bool_bool_u_198_ce0                   |  out|    1|   ap_memory|              compute_controller_bool_bool_unsigned_int_bool_bool_bool_bool_bool_u_198|         array|
|compute_controller_bool_bool_unsigned_int_bool_bool_bool_bool_bool_u_198_we0                   |  out|    1|   ap_memory|              compute_controller_bool_bool_unsigned_int_bool_bool_bool_bool_bool_u_198|         array|
|compute_controller_bool_bool_unsigned_int_bool_bool_bool_bool_bool_u_198_d0                    |  out|   16|   ap_memory|              compute_controller_bool_bool_unsigned_int_bool_bool_bool_bool_bool_u_198|         array|
|compute_controller_bool_bool_unsigned_int_bool_bool_bool_bool_bool_u_188_address0              |  out|    4|   ap_memory|              compute_controller_bool_bool_unsigned_int_bool_bool_bool_bool_bool_u_188|         array|
|compute_controller_bool_bool_unsigned_int_bool_bool_bool_bool_bool_u_188_ce0                   |  out|    1|   ap_memory|              compute_controller_bool_bool_unsigned_int_bool_bool_bool_bool_bool_u_188|         array|
|compute_controller_bool_bool_unsigned_int_bool_bool_bool_bool_bool_u_188_we0                   |  out|    1|   ap_memory|              compute_controller_bool_bool_unsigned_int_bool_bool_bool_bool_bool_u_188|         array|
|compute_controller_bool_bool_unsigned_int_bool_bool_bool_bool_bool_u_188_d0                    |  out|   16|   ap_memory|              compute_controller_bool_bool_unsigned_int_bool_bool_bool_bool_bool_u_188|         array|
|p_ZZ18compute_controllerbbjRbS_bS_S_RjPKhPhR12ComputeStateS0_RhS6_S6_S6_S_S_S_S_E_47_address0  |  out|    4|   ap_memory|  p_ZZ18compute_controllerbbjRbS_bS_S_RjPKhPhR12ComputeStateS0_RhS6_S6_S6_S_S_S_S_E_47|         array|
|p_ZZ18compute_controllerbbjRbS_bS_S_RjPKhPhR12ComputeStateS0_RhS6_S6_S6_S_S_S_S_E_47_ce0       |  out|    1|   ap_memory|  p_ZZ18compute_controllerbbjRbS_bS_S_RjPKhPhR12ComputeStateS0_RhS6_S6_S6_S_S_S_S_E_47|         array|
|p_ZZ18compute_controllerbbjRbS_bS_S_RjPKhPhR12ComputeStateS0_RhS6_S6_S6_S_S_S_S_E_47_we0       |  out|    1|   ap_memory|  p_ZZ18compute_controllerbbjRbS_bS_S_RjPKhPhR12ComputeStateS0_RhS6_S6_S6_S_S_S_S_E_47|         array|
|p_ZZ18compute_controllerbbjRbS_bS_S_RjPKhPhR12ComputeStateS0_RhS6_S6_S6_S_S_S_S_E_47_d0        |  out|    8|   ap_memory|  p_ZZ18compute_controllerbbjRbS_bS_S_RjPKhPhR12ComputeStateS0_RhS6_S6_S6_S_S_S_S_E_47|         array|
|p_ZZ18compute_controllerbbjRbS_bS_S_RjPKhPhR12ComputeStateS0_RhS6_S6_S6_S_S_S_S_E_11_address0  |  out|    4|   ap_memory|  p_ZZ18compute_controllerbbjRbS_bS_S_RjPKhPhR12ComputeStateS0_RhS6_S6_S6_S_S_S_S_E_11|         array|
|p_ZZ18compute_controllerbbjRbS_bS_S_RjPKhPhR12ComputeStateS0_RhS6_S6_S6_S_S_S_S_E_11_ce0       |  out|    1|   ap_memory|  p_ZZ18compute_controllerbbjRbS_bS_S_RjPKhPhR12ComputeStateS0_RhS6_S6_S6_S_S_S_S_E_11|         array|
|p_ZZ18compute_controllerbbjRbS_bS_S_RjPKhPhR12ComputeStateS0_RhS6_S6_S6_S_S_S_S_E_11_we0       |  out|    1|   ap_memory|  p_ZZ18compute_controllerbbjRbS_bS_S_RjPKhPhR12ComputeStateS0_RhS6_S6_S6_S_S_S_S_E_11|         array|
|p_ZZ18compute_controllerbbjRbS_bS_S_RjPKhPhR12ComputeStateS0_RhS6_S6_S6_S_S_S_S_E_11_d0        |  out|   16|   ap_memory|  p_ZZ18compute_controllerbbjRbS_bS_S_RjPKhPhR12ComputeStateS0_RhS6_S6_S6_S_S_S_S_E_11|         array|
|p_ZZ18compute_controllerbbjRbS_bS_S_RjPKhPhR12ComputeStateS0_RhS6_S6_S6_S_S_S_S_E_35_address0  |  out|    4|   ap_memory|  p_ZZ18compute_controllerbbjRbS_bS_S_RjPKhPhR12ComputeStateS0_RhS6_S6_S6_S_S_S_S_E_35|         array|
|p_ZZ18compute_controllerbbjRbS_bS_S_RjPKhPhR12ComputeStateS0_RhS6_S6_S6_S_S_S_S_E_35_ce0       |  out|    1|   ap_memory|  p_ZZ18compute_controllerbbjRbS_bS_S_RjPKhPhR12ComputeStateS0_RhS6_S6_S6_S_S_S_S_E_35|         array|
|p_ZZ18compute_controllerbbjRbS_bS_S_RjPKhPhR12ComputeStateS0_RhS6_S6_S6_S_S_S_S_E_35_we0       |  out|    1|   ap_memory|  p_ZZ18compute_controllerbbjRbS_bS_S_RjPKhPhR12ComputeStateS0_RhS6_S6_S6_S_S_S_S_E_35|         array|
|p_ZZ18compute_controllerbbjRbS_bS_S_RjPKhPhR12ComputeStateS0_RhS6_S6_S6_S_S_S_S_E_35_d0        |  out|   16|   ap_memory|  p_ZZ18compute_controllerbbjRbS_bS_S_RjPKhPhR12ComputeStateS0_RhS6_S6_S6_S_S_S_S_E_35|         array|
|p_ZZ18compute_controllerbbjRbS_bS_S_RjPKhPhR12ComputeStateS0_RhS6_S6_S6_S_S_S_S_E_46_address0  |  out|    4|   ap_memory|  p_ZZ18compute_controllerbbjRbS_bS_S_RjPKhPhR12ComputeStateS0_RhS6_S6_S6_S_S_S_S_E_46|         array|
|p_ZZ18compute_controllerbbjRbS_bS_S_RjPKhPhR12ComputeStateS0_RhS6_S6_S6_S_S_S_S_E_46_ce0       |  out|    1|   ap_memory|  p_ZZ18compute_controllerbbjRbS_bS_S_RjPKhPhR12ComputeStateS0_RhS6_S6_S6_S_S_S_S_E_46|         array|
|p_ZZ18compute_controllerbbjRbS_bS_S_RjPKhPhR12ComputeStateS0_RhS6_S6_S6_S_S_S_S_E_46_we0       |  out|    1|   ap_memory|  p_ZZ18compute_controllerbbjRbS_bS_S_RjPKhPhR12ComputeStateS0_RhS6_S6_S6_S_S_S_S_E_46|         array|
|p_ZZ18compute_controllerbbjRbS_bS_S_RjPKhPhR12ComputeStateS0_RhS6_S6_S6_S_S_S_S_E_46_d0        |  out|    8|   ap_memory|  p_ZZ18compute_controllerbbjRbS_bS_S_RjPKhPhR12ComputeStateS0_RhS6_S6_S6_S_S_S_S_E_46|         array|
|p_ZZ18compute_controllerbbjRbS_bS_S_RjPKhPhR12ComputeStateS0_RhS6_S6_S6_S_S_S_S_E_10_address0  |  out|    4|   ap_memory|  p_ZZ18compute_controllerbbjRbS_bS_S_RjPKhPhR12ComputeStateS0_RhS6_S6_S6_S_S_S_S_E_10|         array|
|p_ZZ18compute_controllerbbjRbS_bS_S_RjPKhPhR12ComputeStateS0_RhS6_S6_S6_S_S_S_S_E_10_ce0       |  out|    1|   ap_memory|  p_ZZ18compute_controllerbbjRbS_bS_S_RjPKhPhR12ComputeStateS0_RhS6_S6_S6_S_S_S_S_E_10|         array|
|p_ZZ18compute_controllerbbjRbS_bS_S_RjPKhPhR12ComputeStateS0_RhS6_S6_S6_S_S_S_S_E_10_we0       |  out|    1|   ap_memory|  p_ZZ18compute_controllerbbjRbS_bS_S_RjPKhPhR12ComputeStateS0_RhS6_S6_S6_S_S_S_S_E_10|         array|
|p_ZZ18compute_controllerbbjRbS_bS_S_RjPKhPhR12ComputeStateS0_RhS6_S6_S6_S_S_S_S_E_10_d0        |  out|   16|   ap_memory|  p_ZZ18compute_controllerbbjRbS_bS_S_RjPKhPhR12ComputeStateS0_RhS6_S6_S6_S_S_S_S_E_10|         array|
|p_ZZ18compute_controllerbbjRbS_bS_S_RjPKhPhR12ComputeStateS0_RhS6_S6_S6_S_S_S_S_E_34_address0  |  out|    4|   ap_memory|  p_ZZ18compute_controllerbbjRbS_bS_S_RjPKhPhR12ComputeStateS0_RhS6_S6_S6_S_S_S_S_E_34|         array|
|p_ZZ18compute_controllerbbjRbS_bS_S_RjPKhPhR12ComputeStateS0_RhS6_S6_S6_S_S_S_S_E_34_ce0       |  out|    1|   ap_memory|  p_ZZ18compute_controllerbbjRbS_bS_S_RjPKhPhR12ComputeStateS0_RhS6_S6_S6_S_S_S_S_E_34|         array|
|p_ZZ18compute_controllerbbjRbS_bS_S_RjPKhPhR12ComputeStateS0_RhS6_S6_S6_S_S_S_S_E_34_we0       |  out|    1|   ap_memory|  p_ZZ18compute_controllerbbjRbS_bS_S_RjPKhPhR12ComputeStateS0_RhS6_S6_S6_S_S_S_S_E_34|         array|
|p_ZZ18compute_controllerbbjRbS_bS_S_RjPKhPhR12ComputeStateS0_RhS6_S6_S6_S_S_S_S_E_34_d0        |  out|   16|   ap_memory|  p_ZZ18compute_controllerbbjRbS_bS_S_RjPKhPhR12ComputeStateS0_RhS6_S6_S6_S_S_S_S_E_34|         array|
|p_ZZ18compute_controllerbbjRbS_bS_S_RjPKhPhR12ComputeStateS0_RhS6_S6_S6_S_S_S_S_E_45_address0  |  out|    4|   ap_memory|  p_ZZ18compute_controllerbbjRbS_bS_S_RjPKhPhR12ComputeStateS0_RhS6_S6_S6_S_S_S_S_E_45|         array|
|p_ZZ18compute_controllerbbjRbS_bS_S_RjPKhPhR12ComputeStateS0_RhS6_S6_S6_S_S_S_S_E_45_ce0       |  out|    1|   ap_memory|  p_ZZ18compute_controllerbbjRbS_bS_S_RjPKhPhR12ComputeStateS0_RhS6_S6_S6_S_S_S_S_E_45|         array|
|p_ZZ18compute_controllerbbjRbS_bS_S_RjPKhPhR12ComputeStateS0_RhS6_S6_S6_S_S_S_S_E_45_we0       |  out|    1|   ap_memory|  p_ZZ18compute_controllerbbjRbS_bS_S_RjPKhPhR12ComputeStateS0_RhS6_S6_S6_S_S_S_S_E_45|         array|
|p_ZZ18compute_controllerbbjRbS_bS_S_RjPKhPhR12ComputeStateS0_RhS6_S6_S6_S_S_S_S_E_45_d0        |  out|    8|   ap_memory|  p_ZZ18compute_controllerbbjRbS_bS_S_RjPKhPhR12ComputeStateS0_RhS6_S6_S6_S_S_S_S_E_45|         array|
|p_ZZ18compute_controllerbbjRbS_bS_S_RjPKhPhR12ComputeStateS0_RhS6_S6_S6_S_S_S_S_E_9_address0   |  out|    4|   ap_memory|   p_ZZ18compute_controllerbbjRbS_bS_S_RjPKhPhR12ComputeStateS0_RhS6_S6_S6_S_S_S_S_E_9|         array|
|p_ZZ18compute_controllerbbjRbS_bS_S_RjPKhPhR12ComputeStateS0_RhS6_S6_S6_S_S_S_S_E_9_ce0        |  out|    1|   ap_memory|   p_ZZ18compute_controllerbbjRbS_bS_S_RjPKhPhR12ComputeStateS0_RhS6_S6_S6_S_S_S_S_E_9|         array|
|p_ZZ18compute_controllerbbjRbS_bS_S_RjPKhPhR12ComputeStateS0_RhS6_S6_S6_S_S_S_S_E_9_we0        |  out|    1|   ap_memory|   p_ZZ18compute_controllerbbjRbS_bS_S_RjPKhPhR12ComputeStateS0_RhS6_S6_S6_S_S_S_S_E_9|         array|
|p_ZZ18compute_controllerbbjRbS_bS_S_RjPKhPhR12ComputeStateS0_RhS6_S6_S6_S_S_S_S_E_9_d0         |  out|   16|   ap_memory|   p_ZZ18compute_controllerbbjRbS_bS_S_RjPKhPhR12ComputeStateS0_RhS6_S6_S6_S_S_S_S_E_9|         array|
|p_ZZ18compute_controllerbbjRbS_bS_S_RjPKhPhR12ComputeStateS0_RhS6_S6_S6_S_S_S_S_E_33_address0  |  out|    4|   ap_memory|  p_ZZ18compute_controllerbbjRbS_bS_S_RjPKhPhR12ComputeStateS0_RhS6_S6_S6_S_S_S_S_E_33|         array|
|p_ZZ18compute_controllerbbjRbS_bS_S_RjPKhPhR12ComputeStateS0_RhS6_S6_S6_S_S_S_S_E_33_ce0       |  out|    1|   ap_memory|  p_ZZ18compute_controllerbbjRbS_bS_S_RjPKhPhR12ComputeStateS0_RhS6_S6_S6_S_S_S_S_E_33|         array|
|p_ZZ18compute_controllerbbjRbS_bS_S_RjPKhPhR12ComputeStateS0_RhS6_S6_S6_S_S_S_S_E_33_we0       |  out|    1|   ap_memory|  p_ZZ18compute_controllerbbjRbS_bS_S_RjPKhPhR12ComputeStateS0_RhS6_S6_S6_S_S_S_S_E_33|         array|
|p_ZZ18compute_controllerbbjRbS_bS_S_RjPKhPhR12ComputeStateS0_RhS6_S6_S6_S_S_S_S_E_33_d0        |  out|   16|   ap_memory|  p_ZZ18compute_controllerbbjRbS_bS_S_RjPKhPhR12ComputeStateS0_RhS6_S6_S6_S_S_S_S_E_33|         array|
|p_ZZ18compute_controllerbbjRbS_bS_S_RjPKhPhR12ComputeStateS0_RhS6_S6_S6_S_S_S_S_E_44_address0  |  out|    4|   ap_memory|  p_ZZ18compute_controllerbbjRbS_bS_S_RjPKhPhR12ComputeStateS0_RhS6_S6_S6_S_S_S_S_E_44|         array|
|p_ZZ18compute_controllerbbjRbS_bS_S_RjPKhPhR12ComputeStateS0_RhS6_S6_S6_S_S_S_S_E_44_ce0       |  out|    1|   ap_memory|  p_ZZ18compute_controllerbbjRbS_bS_S_RjPKhPhR12ComputeStateS0_RhS6_S6_S6_S_S_S_S_E_44|         array|
|p_ZZ18compute_controllerbbjRbS_bS_S_RjPKhPhR12ComputeStateS0_RhS6_S6_S6_S_S_S_S_E_44_we0       |  out|    1|   ap_memory|  p_ZZ18compute_controllerbbjRbS_bS_S_RjPKhPhR12ComputeStateS0_RhS6_S6_S6_S_S_S_S_E_44|         array|
|p_ZZ18compute_controllerbbjRbS_bS_S_RjPKhPhR12ComputeStateS0_RhS6_S6_S6_S_S_S_S_E_44_d0        |  out|    8|   ap_memory|  p_ZZ18compute_controllerbbjRbS_bS_S_RjPKhPhR12ComputeStateS0_RhS6_S6_S6_S_S_S_S_E_44|         array|
|p_ZZ18compute_controllerbbjRbS_bS_S_RjPKhPhR12ComputeStateS0_RhS6_S6_S6_S_S_S_S_E_8_address0   |  out|    4|   ap_memory|   p_ZZ18compute_controllerbbjRbS_bS_S_RjPKhPhR12ComputeStateS0_RhS6_S6_S6_S_S_S_S_E_8|         array|
|p_ZZ18compute_controllerbbjRbS_bS_S_RjPKhPhR12ComputeStateS0_RhS6_S6_S6_S_S_S_S_E_8_ce0        |  out|    1|   ap_memory|   p_ZZ18compute_controllerbbjRbS_bS_S_RjPKhPhR12ComputeStateS0_RhS6_S6_S6_S_S_S_S_E_8|         array|
|p_ZZ18compute_controllerbbjRbS_bS_S_RjPKhPhR12ComputeStateS0_RhS6_S6_S6_S_S_S_S_E_8_we0        |  out|    1|   ap_memory|   p_ZZ18compute_controllerbbjRbS_bS_S_RjPKhPhR12ComputeStateS0_RhS6_S6_S6_S_S_S_S_E_8|         array|
|p_ZZ18compute_controllerbbjRbS_bS_S_RjPKhPhR12ComputeStateS0_RhS6_S6_S6_S_S_S_S_E_8_d0         |  out|   16|   ap_memory|   p_ZZ18compute_controllerbbjRbS_bS_S_RjPKhPhR12ComputeStateS0_RhS6_S6_S6_S_S_S_S_E_8|         array|
|p_ZZ18compute_controllerbbjRbS_bS_S_RjPKhPhR12ComputeStateS0_RhS6_S6_S6_S_S_S_S_E_32_address0  |  out|    4|   ap_memory|  p_ZZ18compute_controllerbbjRbS_bS_S_RjPKhPhR12ComputeStateS0_RhS6_S6_S6_S_S_S_S_E_32|         array|
|p_ZZ18compute_controllerbbjRbS_bS_S_RjPKhPhR12ComputeStateS0_RhS6_S6_S6_S_S_S_S_E_32_ce0       |  out|    1|   ap_memory|  p_ZZ18compute_controllerbbjRbS_bS_S_RjPKhPhR12ComputeStateS0_RhS6_S6_S6_S_S_S_S_E_32|         array|
|p_ZZ18compute_controllerbbjRbS_bS_S_RjPKhPhR12ComputeStateS0_RhS6_S6_S6_S_S_S_S_E_32_we0       |  out|    1|   ap_memory|  p_ZZ18compute_controllerbbjRbS_bS_S_RjPKhPhR12ComputeStateS0_RhS6_S6_S6_S_S_S_S_E_32|         array|
|p_ZZ18compute_controllerbbjRbS_bS_S_RjPKhPhR12ComputeStateS0_RhS6_S6_S6_S_S_S_S_E_32_d0        |  out|   16|   ap_memory|  p_ZZ18compute_controllerbbjRbS_bS_S_RjPKhPhR12ComputeStateS0_RhS6_S6_S6_S_S_S_S_E_32|         array|
|p_ZZ18compute_controllerbbjRbS_bS_S_RjPKhPhR12ComputeStateS0_RhS6_S6_S6_S_S_S_S_E_43_address0  |  out|    4|   ap_memory|  p_ZZ18compute_controllerbbjRbS_bS_S_RjPKhPhR12ComputeStateS0_RhS6_S6_S6_S_S_S_S_E_43|         array|
|p_ZZ18compute_controllerbbjRbS_bS_S_RjPKhPhR12ComputeStateS0_RhS6_S6_S6_S_S_S_S_E_43_ce0       |  out|    1|   ap_memory|  p_ZZ18compute_controllerbbjRbS_bS_S_RjPKhPhR12ComputeStateS0_RhS6_S6_S6_S_S_S_S_E_43|         array|
|p_ZZ18compute_controllerbbjRbS_bS_S_RjPKhPhR12ComputeStateS0_RhS6_S6_S6_S_S_S_S_E_43_we0       |  out|    1|   ap_memory|  p_ZZ18compute_controllerbbjRbS_bS_S_RjPKhPhR12ComputeStateS0_RhS6_S6_S6_S_S_S_S_E_43|         array|
|p_ZZ18compute_controllerbbjRbS_bS_S_RjPKhPhR12ComputeStateS0_RhS6_S6_S6_S_S_S_S_E_43_d0        |  out|    8|   ap_memory|  p_ZZ18compute_controllerbbjRbS_bS_S_RjPKhPhR12ComputeStateS0_RhS6_S6_S6_S_S_S_S_E_43|         array|
|p_ZZ18compute_controllerbbjRbS_bS_S_RjPKhPhR12ComputeStateS0_RhS6_S6_S6_S_S_S_S_E_7_address0   |  out|    4|   ap_memory|   p_ZZ18compute_controllerbbjRbS_bS_S_RjPKhPhR12ComputeStateS0_RhS6_S6_S6_S_S_S_S_E_7|         array|
|p_ZZ18compute_controllerbbjRbS_bS_S_RjPKhPhR12ComputeStateS0_RhS6_S6_S6_S_S_S_S_E_7_ce0        |  out|    1|   ap_memory|   p_ZZ18compute_controllerbbjRbS_bS_S_RjPKhPhR12ComputeStateS0_RhS6_S6_S6_S_S_S_S_E_7|         array|
|p_ZZ18compute_controllerbbjRbS_bS_S_RjPKhPhR12ComputeStateS0_RhS6_S6_S6_S_S_S_S_E_7_we0        |  out|    1|   ap_memory|   p_ZZ18compute_controllerbbjRbS_bS_S_RjPKhPhR12ComputeStateS0_RhS6_S6_S6_S_S_S_S_E_7|         array|
|p_ZZ18compute_controllerbbjRbS_bS_S_RjPKhPhR12ComputeStateS0_RhS6_S6_S6_S_S_S_S_E_7_d0         |  out|   16|   ap_memory|   p_ZZ18compute_controllerbbjRbS_bS_S_RjPKhPhR12ComputeStateS0_RhS6_S6_S6_S_S_S_S_E_7|         array|
|p_ZZ18compute_controllerbbjRbS_bS_S_RjPKhPhR12ComputeStateS0_RhS6_S6_S6_S_S_S_S_E_31_address0  |  out|    4|   ap_memory|  p_ZZ18compute_controllerbbjRbS_bS_S_RjPKhPhR12ComputeStateS0_RhS6_S6_S6_S_S_S_S_E_31|         array|
|p_ZZ18compute_controllerbbjRbS_bS_S_RjPKhPhR12ComputeStateS0_RhS6_S6_S6_S_S_S_S_E_31_ce0       |  out|    1|   ap_memory|  p_ZZ18compute_controllerbbjRbS_bS_S_RjPKhPhR12ComputeStateS0_RhS6_S6_S6_S_S_S_S_E_31|         array|
|p_ZZ18compute_controllerbbjRbS_bS_S_RjPKhPhR12ComputeStateS0_RhS6_S6_S6_S_S_S_S_E_31_we0       |  out|    1|   ap_memory|  p_ZZ18compute_controllerbbjRbS_bS_S_RjPKhPhR12ComputeStateS0_RhS6_S6_S6_S_S_S_S_E_31|         array|
|p_ZZ18compute_controllerbbjRbS_bS_S_RjPKhPhR12ComputeStateS0_RhS6_S6_S6_S_S_S_S_E_31_d0        |  out|   16|   ap_memory|  p_ZZ18compute_controllerbbjRbS_bS_S_RjPKhPhR12ComputeStateS0_RhS6_S6_S6_S_S_S_S_E_31|         array|
|p_ZZ18compute_controllerbbjRbS_bS_S_RjPKhPhR12ComputeStateS0_RhS6_S6_S6_S_S_S_S_E_42_address0  |  out|    4|   ap_memory|  p_ZZ18compute_controllerbbjRbS_bS_S_RjPKhPhR12ComputeStateS0_RhS6_S6_S6_S_S_S_S_E_42|         array|
|p_ZZ18compute_controllerbbjRbS_bS_S_RjPKhPhR12ComputeStateS0_RhS6_S6_S6_S_S_S_S_E_42_ce0       |  out|    1|   ap_memory|  p_ZZ18compute_controllerbbjRbS_bS_S_RjPKhPhR12ComputeStateS0_RhS6_S6_S6_S_S_S_S_E_42|         array|
|p_ZZ18compute_controllerbbjRbS_bS_S_RjPKhPhR12ComputeStateS0_RhS6_S6_S6_S_S_S_S_E_42_we0       |  out|    1|   ap_memory|  p_ZZ18compute_controllerbbjRbS_bS_S_RjPKhPhR12ComputeStateS0_RhS6_S6_S6_S_S_S_S_E_42|         array|
|p_ZZ18compute_controllerbbjRbS_bS_S_RjPKhPhR12ComputeStateS0_RhS6_S6_S6_S_S_S_S_E_42_d0        |  out|    8|   ap_memory|  p_ZZ18compute_controllerbbjRbS_bS_S_RjPKhPhR12ComputeStateS0_RhS6_S6_S6_S_S_S_S_E_42|         array|
|p_ZZ18compute_controllerbbjRbS_bS_S_RjPKhPhR12ComputeStateS0_RhS6_S6_S6_S_S_S_S_E_6_address0   |  out|    4|   ap_memory|   p_ZZ18compute_controllerbbjRbS_bS_S_RjPKhPhR12ComputeStateS0_RhS6_S6_S6_S_S_S_S_E_6|         array|
|p_ZZ18compute_controllerbbjRbS_bS_S_RjPKhPhR12ComputeStateS0_RhS6_S6_S6_S_S_S_S_E_6_ce0        |  out|    1|   ap_memory|   p_ZZ18compute_controllerbbjRbS_bS_S_RjPKhPhR12ComputeStateS0_RhS6_S6_S6_S_S_S_S_E_6|         array|
|p_ZZ18compute_controllerbbjRbS_bS_S_RjPKhPhR12ComputeStateS0_RhS6_S6_S6_S_S_S_S_E_6_we0        |  out|    1|   ap_memory|   p_ZZ18compute_controllerbbjRbS_bS_S_RjPKhPhR12ComputeStateS0_RhS6_S6_S6_S_S_S_S_E_6|         array|
|p_ZZ18compute_controllerbbjRbS_bS_S_RjPKhPhR12ComputeStateS0_RhS6_S6_S6_S_S_S_S_E_6_d0         |  out|   16|   ap_memory|   p_ZZ18compute_controllerbbjRbS_bS_S_RjPKhPhR12ComputeStateS0_RhS6_S6_S6_S_S_S_S_E_6|         array|
|p_ZZ18compute_controllerbbjRbS_bS_S_RjPKhPhR12ComputeStateS0_RhS6_S6_S6_S_S_S_S_E_30_address0  |  out|    4|   ap_memory|  p_ZZ18compute_controllerbbjRbS_bS_S_RjPKhPhR12ComputeStateS0_RhS6_S6_S6_S_S_S_S_E_30|         array|
|p_ZZ18compute_controllerbbjRbS_bS_S_RjPKhPhR12ComputeStateS0_RhS6_S6_S6_S_S_S_S_E_30_ce0       |  out|    1|   ap_memory|  p_ZZ18compute_controllerbbjRbS_bS_S_RjPKhPhR12ComputeStateS0_RhS6_S6_S6_S_S_S_S_E_30|         array|
|p_ZZ18compute_controllerbbjRbS_bS_S_RjPKhPhR12ComputeStateS0_RhS6_S6_S6_S_S_S_S_E_30_we0       |  out|    1|   ap_memory|  p_ZZ18compute_controllerbbjRbS_bS_S_RjPKhPhR12ComputeStateS0_RhS6_S6_S6_S_S_S_S_E_30|         array|
|p_ZZ18compute_controllerbbjRbS_bS_S_RjPKhPhR12ComputeStateS0_RhS6_S6_S6_S_S_S_S_E_30_d0        |  out|   16|   ap_memory|  p_ZZ18compute_controllerbbjRbS_bS_S_RjPKhPhR12ComputeStateS0_RhS6_S6_S6_S_S_S_S_E_30|         array|
+-----------------------------------------------------------------------------------------------+-----+-----+------------+--------------------------------------------------------------------------------------+--------------+

