

================================================================
== Vitis HLS Report for 'compute_controller_Pipeline_VITIS_LOOP_537_23'
================================================================
* Date:           Sat Jan 24 18:01:25 2026

* Version:        2025.1 (Build 6135595 on May 21 2025)
* Project:        compute_controller
* Solution:       hls (Vivado IP Flow Target)
* Product family: zynquplus
* Target device:  xck26-sfvc784-2LV-c


================================================================
== Performance Estimates
================================================================
+ Timing: 
    * Summary: 
    +--------+----------+----------+------------+
    |  Clock |  Target  | Estimated| Uncertainty|
    +--------+----------+----------+------------+
    |ap_clk  |  10.00 ns|  2.403 ns|     2.70 ns|
    +--------+----------+----------+------------+

+ Latency: 
    * Summary: 
    +---------+---------+----------+----------+-----+-----+------------------------------------------------+
    |  Latency (cycles) |  Latency (absolute) |  Interval |                    Pipeline                    |
    |   min   |   max   |    min   |    max   | min | max |                      Type                      |
    +---------+---------+----------+----------+-----+-----+------------------------------------------------+
    |      386|      386|  3.860 us|  3.860 us|  385|  385|  loop auto-rewind stp (delay=0 clock cycles(s))|
    +---------+---------+----------+----------+-----+-----+------------------------------------------------+

    + Detail: 
        * Instance: 
        N/A

        * Loop: 
        +---------------------+---------+---------+----------+-----------+-----------+------+----------+
        |                     |  Latency (cycles) | Iteration|  Initiation Interval  | Trip |          |
        |      Loop Name      |   min   |   max   |  Latency |  achieved |   target  | Count| Pipelined|
        +---------------------+---------+---------+----------+-----------+-----------+------+----------+
        |- VITIS_LOOP_537_23  |      384|      384|         3|          2|          1|   192|       yes|
        +---------------------+---------+---------+----------+-----------+-----------+------+----------+



================================================================
== Utilization Estimates
================================================================
* Summary: 
+-----------------+---------+------+--------+--------+-----+
|       Name      | BRAM_18K|  DSP |   FF   |   LUT  | URAM|
+-----------------+---------+------+--------+--------+-----+
|DSP              |        -|     -|       -|       -|    -|
|Expression       |        -|     -|       0|      34|    -|
|FIFO             |        -|     -|       -|       -|    -|
|Instance         |        -|     -|       0|      65|    -|
|Memory           |        -|     -|       -|       -|    -|
|Multiplexer      |        -|     -|       0|     124|    -|
|Register         |        -|     -|      23|       -|    -|
+-----------------+---------+------+--------+--------+-----+
|Total            |        0|     0|      23|     223|    0|
+-----------------+---------+------+--------+--------+-----+
|Available        |      288|  1248|  234240|  117120|   64|
+-----------------+---------+------+--------+--------+-----+
|Utilization (%)  |        0|     0|      ~0|      ~0|    0|
+-----------------+---------+------+--------+--------+-----+

+ Detail: 
    * Instance: 
    +----------------------------+-----------------------+---------+----+---+----+-----+
    |          Instance          |         Module        | BRAM_18K| DSP| FF| LUT| URAM|
    +----------------------------+-----------------------+---------+----+---+----+-----+
    |sparsemux_33_4_16_1_1_U501  |sparsemux_33_4_16_1_1  |        0|   0|  0|  65|    0|
    +----------------------------+-----------------------+---------+----+---+----+-----+
    |Total                       |                       |        0|   0|  0|  65|    0|
    +----------------------------+-----------------------+---------+----+---+----+-----+

    * DSP: 
    N/A

    * Memory: 
    N/A

    * FIFO: 
    N/A

    * Expression: 
    +------------------------+----------+----+---+----+------------+------------+
    |      Variable Name     | Operation| DSP| FF| LUT| Bitwidth P0| Bitwidth P1|
    +------------------------+----------+----+---+----+------------+------------+
    |add_ln537_fu_393_p2     |         +|   0|  0|  15|           8|           1|
    |icmp_ln537_fu_387_p2    |      icmp|   0|  0|  15|           8|           8|
    |select_ln630_fu_557_p3  |    select|   0|  0|   2|           1|           2|
    |ap_enable_pp0           |       xor|   0|  0|   2|           1|           2|
    +------------------------+----------+----+---+----+------------+------------+
    |Total                   |          |   0|  0|  34|          18|          13|
    +------------------------+----------+----+---+----+------------+------------+

    * Multiplexer: 
    +-----------------------------+----+-----------+-----+-----------+
    |             Name            | LUT| Input Size| Bits| Total Bits|
    +-----------------------------+----+-----------+-----+-----------+
    |ap_NS_fsm                    |  14|          3|    1|          3|
    |ap_done_int                  |   9|          2|    1|          2|
    |ap_enable_reg_pp0_iter0      |   9|          2|    1|          2|
    |ap_enable_reg_pp0_iter0_reg  |   9|          2|    1|          2|
    |ap_enable_reg_pp0_iter1      |   9|          2|    1|          2|
    |ap_sig_allocacmp_i           |   9|          2|    8|         16|
    |i_8_fu_126                   |   9|          2|    8|         16|
    |out_buf_address0_local       |  14|          3|   10|         30|
    |out_buf_address1_local       |  14|          3|   10|         30|
    |out_buf_d0_local             |  14|          3|    8|         24|
    |out_buf_d1_local             |  14|          3|    8|         24|
    +-----------------------------+----+-----------+-----+-----------+
    |Total                        | 124|         27|   57|        151|
    +-----------------------------+----+-----------+-----+-----------+

    * Register: 
    +-----------------------------+---+----+-----+-----------+
    |             Name            | FF| LUT| Bits| Const Bits|
    +-----------------------------+---+----+-----+-----------+
    |ap_CS_fsm                    |  2|   0|    2|          0|
    |ap_done_reg                  |  1|   0|    1|          0|
    |ap_enable_reg_pp0_iter0_reg  |  1|   0|    1|          0|
    |ap_enable_reg_pp0_iter1      |  1|   0|    1|          0|
    |i_8_fu_126                   |  8|   0|    8|          0|
    |i_reg_597                    |  8|   0|    8|          0|
    |icmp_ln537_reg_606           |  1|   0|    1|          0|
    |tmp_reg_690                  |  1|   0|    1|          0|
    +-----------------------------+---+----+-----+-----------+
    |Total                        | 23|   0|   23|          0|
    +-----------------------------+---+----+-----+-----------+



================================================================
== Interface
================================================================
* Summary: 
+-----------------------------------------------------------------------------------------------+-----+-----+------------+--------------------------------------------------------------------------------------+--------------+
|                                           RTL Ports                                           | Dir | Bits|  Protocol  |                                     Source Object                                    |    C Type    |
+-----------------------------------------------------------------------------------------------+-----+-----+------------+--------------------------------------------------------------------------------------+--------------+
|ap_clk                                                                                         |   in|    1|  ap_ctrl_hs|                                         compute_controller_Pipeline_VITIS_LOOP_537_23|  return value|
|ap_rst                                                                                         |   in|    1|  ap_ctrl_hs|                                         compute_controller_Pipeline_VITIS_LOOP_537_23|  return value|
|ap_start                                                                                       |   in|    1|  ap_ctrl_hs|                                         compute_controller_Pipeline_VITIS_LOOP_537_23|  return value|
|ap_done                                                                                        |  out|    1|  ap_ctrl_hs|                                         compute_controller_Pipeline_VITIS_LOOP_537_23|  return value|
|ap_idle                                                                                        |  out|    1|  ap_ctrl_hs|                                         compute_controller_Pipeline_VITIS_LOOP_537_23|  return value|
|ap_ready                                                                                       |  out|    1|  ap_ctrl_hs|                                         compute_controller_Pipeline_VITIS_LOOP_537_23|  return value|
|out_buf_address0                                                                               |  out|   10|   ap_memory|                                                                               out_buf|         array|
|out_buf_ce0                                                                                    |  out|    1|   ap_memory|                                                                               out_buf|         array|
|out_buf_we0                                                                                    |  out|    1|   ap_memory|                                                                               out_buf|         array|
|out_buf_d0                                                                                     |  out|    8|   ap_memory|                                                                               out_buf|         array|
|out_buf_address1                                                                               |  out|   10|   ap_memory|                                                                               out_buf|         array|
|out_buf_ce1                                                                                    |  out|    1|   ap_memory|                                                                               out_buf|         array|
|out_buf_we1                                                                                    |  out|    1|   ap_memory|                                                                               out_buf|         array|
|out_buf_d1                                                                                     |  out|    8|   ap_memory|                                                                               out_buf|         array|
|compute_controller_bool_bool_unsigned_int_bool_bool_bool_bool_bool_u_19_address0               |  out|    4|   ap_memory|               compute_controller_bool_bool_unsigned_int_bool_bool_bool_bool_bool_u_19|         array|
|compute_controller_bool_bool_unsigned_int_bool_bool_bool_bool_bool_u_19_ce0                    |  out|    1|   ap_memory|               compute_controller_bool_bool_unsigned_int_bool_bool_bool_bool_bool_u_19|         array|
|compute_controller_bool_bool_unsigned_int_bool_bool_bool_bool_bool_u_19_q0                     |   in|   16|   ap_memory|               compute_controller_bool_bool_unsigned_int_bool_bool_bool_bool_bool_u_19|         array|
|compute_controller_bool_bool_unsigned_int_bool_bool_bool_bool_bool_u_18_address0               |  out|    4|   ap_memory|               compute_controller_bool_bool_unsigned_int_bool_bool_bool_bool_bool_u_18|         array|
|compute_controller_bool_bool_unsigned_int_bool_bool_bool_bool_bool_u_18_ce0                    |  out|    1|   ap_memory|               compute_controller_bool_bool_unsigned_int_bool_bool_bool_bool_bool_u_18|         array|
|compute_controller_bool_bool_unsigned_int_bool_bool_bool_bool_bool_u_18_q0                     |   in|   16|   ap_memory|               compute_controller_bool_bool_unsigned_int_bool_bool_bool_bool_bool_u_18|         array|
|compute_controller_bool_bool_unsigned_int_bool_bool_bool_bool_bool_u_17_address0               |  out|    4|   ap_memory|               compute_controller_bool_bool_unsigned_int_bool_bool_bool_bool_bool_u_17|         array|
|compute_controller_bool_bool_unsigned_int_bool_bool_bool_bool_bool_u_17_ce0                    |  out|    1|   ap_memory|               compute_controller_bool_bool_unsigned_int_bool_bool_bool_bool_bool_u_17|         array|
|compute_controller_bool_bool_unsigned_int_bool_bool_bool_bool_bool_u_17_q0                     |   in|   16|   ap_memory|               compute_controller_bool_bool_unsigned_int_bool_bool_bool_bool_bool_u_17|         array|
|compute_controller_bool_bool_unsigned_int_bool_bool_bool_bool_bool_u_16_address0               |  out|    4|   ap_memory|               compute_controller_bool_bool_unsigned_int_bool_bool_bool_bool_bool_u_16|         array|
|compute_controller_bool_bool_unsigned_int_bool_bool_bool_bool_bool_u_16_ce0                    |  out|    1|   ap_memory|               compute_controller_bool_bool_unsigned_int_bool_bool_bool_bool_bool_u_16|         array|
|compute_controller_bool_bool_unsigned_int_bool_bool_bool_bool_bool_u_16_q0                     |   in|   16|   ap_memory|               compute_controller_bool_bool_unsigned_int_bool_bool_bool_bool_bool_u_16|         array|
|compute_controller_bool_bool_unsigned_int_bool_bool_bool_bool_bool_u_15_address0               |  out|    4|   ap_memory|               compute_controller_bool_bool_unsigned_int_bool_bool_bool_bool_bool_u_15|         array|
|compute_controller_bool_bool_unsigned_int_bool_bool_bool_bool_bool_u_15_ce0                    |  out|    1|   ap_memory|               compute_controller_bool_bool_unsigned_int_bool_bool_bool_bool_bool_u_15|         array|
|compute_controller_bool_bool_unsigned_int_bool_bool_bool_bool_bool_u_15_q0                     |   in|   16|   ap_memory|               compute_controller_bool_bool_unsigned_int_bool_bool_bool_bool_bool_u_15|         array|
|compute_controller_bool_bool_unsigned_int_bool_bool_bool_bool_bool_u_14_address0               |  out|    4|   ap_memory|               compute_controller_bool_bool_unsigned_int_bool_bool_bool_bool_bool_u_14|         array|
|compute_controller_bool_bool_unsigned_int_bool_bool_bool_bool_bool_u_14_ce0                    |  out|    1|   ap_memory|               compute_controller_bool_bool_unsigned_int_bool_bool_bool_bool_bool_u_14|         array|
|compute_controller_bool_bool_unsigned_int_bool_bool_bool_bool_bool_u_14_q0                     |   in|   16|   ap_memory|               compute_controller_bool_bool_unsigned_int_bool_bool_bool_bool_bool_u_14|         array|
|compute_controller_bool_bool_unsigned_int_bool_bool_bool_bool_bool_u_13_address0               |  out|    4|   ap_memory|               compute_controller_bool_bool_unsigned_int_bool_bool_bool_bool_bool_u_13|         array|
|compute_controller_bool_bool_unsigned_int_bool_bool_bool_bool_bool_u_13_ce0                    |  out|    1|   ap_memory|               compute_controller_bool_bool_unsigned_int_bool_bool_bool_bool_bool_u_13|         array|
|compute_controller_bool_bool_unsigned_int_bool_bool_bool_bool_bool_u_13_q0                     |   in|   16|   ap_memory|               compute_controller_bool_bool_unsigned_int_bool_bool_bool_bool_bool_u_13|         array|
|compute_controller_bool_bool_unsigned_int_bool_bool_bool_bool_bool_u_12_address0               |  out|    4|   ap_memory|               compute_controller_bool_bool_unsigned_int_bool_bool_bool_bool_bool_u_12|         array|
|compute_controller_bool_bool_unsigned_int_bool_bool_bool_bool_bool_u_12_ce0                    |  out|    1|   ap_memory|               compute_controller_bool_bool_unsigned_int_bool_bool_bool_bool_bool_u_12|         array|
|compute_controller_bool_bool_unsigned_int_bool_bool_bool_bool_bool_u_12_q0                     |   in|   16|   ap_memory|               compute_controller_bool_bool_unsigned_int_bool_bool_bool_bool_bool_u_12|         array|
|compute_controller_bool_bool_unsigned_int_bool_bool_bool_bool_bool_u_11_address0               |  out|    4|   ap_memory|               compute_controller_bool_bool_unsigned_int_bool_bool_bool_bool_bool_u_11|         array|
|compute_controller_bool_bool_unsigned_int_bool_bool_bool_bool_bool_u_11_ce0                    |  out|    1|   ap_memory|               compute_controller_bool_bool_unsigned_int_bool_bool_bool_bool_bool_u_11|         array|
|compute_controller_bool_bool_unsigned_int_bool_bool_bool_bool_bool_u_11_q0                     |   in|   16|   ap_memory|               compute_controller_bool_bool_unsigned_int_bool_bool_bool_bool_bool_u_11|         array|
|compute_controller_bool_bool_unsigned_int_bool_bool_bool_bool_bool_u_10_address0               |  out|    4|   ap_memory|               compute_controller_bool_bool_unsigned_int_bool_bool_bool_bool_bool_u_10|         array|
|compute_controller_bool_bool_unsigned_int_bool_bool_bool_bool_bool_u_10_ce0                    |  out|    1|   ap_memory|               compute_controller_bool_bool_unsigned_int_bool_bool_bool_bool_bool_u_10|         array|
|compute_controller_bool_bool_unsigned_int_bool_bool_bool_bool_bool_u_10_q0                     |   in|   16|   ap_memory|               compute_controller_bool_bool_unsigned_int_bool_bool_bool_bool_bool_u_10|         array|
|p_ZZ18compute_controllerbbjRbS_bS_S_RjPKhPhR12ComputeStateS0_RhS6_S6_S6_S_S_S_S_E_41_address0  |  out|    4|   ap_memory|  p_ZZ18compute_controllerbbjRbS_bS_S_RjPKhPhR12ComputeStateS0_RhS6_S6_S6_S_S_S_S_E_41|         array|
|p_ZZ18compute_controllerbbjRbS_bS_S_RjPKhPhR12ComputeStateS0_RhS6_S6_S6_S_S_S_S_E_41_ce0       |  out|    1|   ap_memory|  p_ZZ18compute_controllerbbjRbS_bS_S_RjPKhPhR12ComputeStateS0_RhS6_S6_S6_S_S_S_S_E_41|         array|
|p_ZZ18compute_controllerbbjRbS_bS_S_RjPKhPhR12ComputeStateS0_RhS6_S6_S6_S_S_S_S_E_41_q0        |   in|   16|   ap_memory|  p_ZZ18compute_controllerbbjRbS_bS_S_RjPKhPhR12ComputeStateS0_RhS6_S6_S6_S_S_S_S_E_41|         array|
|p_ZZ18compute_controllerbbjRbS_bS_S_RjPKhPhR12ComputeStateS0_RhS6_S6_S6_S_S_S_S_E_40_address0  |  out|    4|   ap_memory|  p_ZZ18compute_controllerbbjRbS_bS_S_RjPKhPhR12ComputeStateS0_RhS6_S6_S6_S_S_S_S_E_40|         array|
|p_ZZ18compute_controllerbbjRbS_bS_S_RjPKhPhR12ComputeStateS0_RhS6_S6_S6_S_S_S_S_E_40_ce0       |  out|    1|   ap_memory|  p_ZZ18compute_controllerbbjRbS_bS_S_RjPKhPhR12ComputeStateS0_RhS6_S6_S6_S_S_S_S_E_40|         array|
|p_ZZ18compute_controllerbbjRbS_bS_S_RjPKhPhR12ComputeStateS0_RhS6_S6_S6_S_S_S_S_E_40_q0        |   in|   16|   ap_memory|  p_ZZ18compute_controllerbbjRbS_bS_S_RjPKhPhR12ComputeStateS0_RhS6_S6_S6_S_S_S_S_E_40|         array|
|p_ZZ18compute_controllerbbjRbS_bS_S_RjPKhPhR12ComputeStateS0_RhS6_S6_S6_S_S_S_S_E_39_address0  |  out|    4|   ap_memory|  p_ZZ18compute_controllerbbjRbS_bS_S_RjPKhPhR12ComputeStateS0_RhS6_S6_S6_S_S_S_S_E_39|         array|
|p_ZZ18compute_controllerbbjRbS_bS_S_RjPKhPhR12ComputeStateS0_RhS6_S6_S6_S_S_S_S_E_39_ce0       |  out|    1|   ap_memory|  p_ZZ18compute_controllerbbjRbS_bS_S_RjPKhPhR12ComputeStateS0_RhS6_S6_S6_S_S_S_S_E_39|         array|
|p_ZZ18compute_controllerbbjRbS_bS_S_RjPKhPhR12ComputeStateS0_RhS6_S6_S6_S_S_S_S_E_39_q0        |   in|   16|   ap_memory|  p_ZZ18compute_controllerbbjRbS_bS_S_RjPKhPhR12ComputeStateS0_RhS6_S6_S6_S_S_S_S_E_39|         array|
|p_ZZ18compute_controllerbbjRbS_bS_S_RjPKhPhR12ComputeStateS0_RhS6_S6_S6_S_S_S_S_E_38_address0  |  out|    4|   ap_memory|  p_ZZ18compute_controllerbbjRbS_bS_S_RjPKhPhR12ComputeStateS0_RhS6_S6_S6_S_S_S_S_E_38|         array|
|p_ZZ18compute_controllerbbjRbS_bS_S_RjPKhPhR12ComputeStateS0_RhS6_S6_S6_S_S_S_S_E_38_ce0       |  out|    1|   ap_memory|  p_ZZ18compute_controllerbbjRbS_bS_S_RjPKhPhR12ComputeStateS0_RhS6_S6_S6_S_S_S_S_E_38|         array|
|p_ZZ18compute_controllerbbjRbS_bS_S_RjPKhPhR12ComputeStateS0_RhS6_S6_S6_S_S_S_S_E_38_q0        |   in|   16|   ap_memory|  p_ZZ18compute_controllerbbjRbS_bS_S_RjPKhPhR12ComputeStateS0_RhS6_S6_S6_S_S_S_S_E_38|         array|
|p_ZZ18compute_controllerbbjRbS_bS_S_RjPKhPhR12ComputeStateS0_RhS6_S6_S6_S_S_S_S_E_37_address0  |  out|    4|   ap_memory|  p_ZZ18compute_controllerbbjRbS_bS_S_RjPKhPhR12ComputeStateS0_RhS6_S6_S6_S_S_S_S_E_37|         array|
|p_ZZ18compute_controllerbbjRbS_bS_S_RjPKhPhR12ComputeStateS0_RhS6_S6_S6_S_S_S_S_E_37_ce0       |  out|    1|   ap_memory|  p_ZZ18compute_controllerbbjRbS_bS_S_RjPKhPhR12ComputeStateS0_RhS6_S6_S6_S_S_S_S_E_37|         array|
|p_ZZ18compute_controllerbbjRbS_bS_S_RjPKhPhR12ComputeStateS0_RhS6_S6_S6_S_S_S_S_E_37_q0        |   in|   16|   ap_memory|  p_ZZ18compute_controllerbbjRbS_bS_S_RjPKhPhR12ComputeStateS0_RhS6_S6_S6_S_S_S_S_E_37|         array|
|p_ZZ18compute_controllerbbjRbS_bS_S_RjPKhPhR12ComputeStateS0_RhS6_S6_S6_S_S_S_S_E_36_address0  |  out|    4|   ap_memory|  p_ZZ18compute_controllerbbjRbS_bS_S_RjPKhPhR12ComputeStateS0_RhS6_S6_S6_S_S_S_S_E_36|         array|
|p_ZZ18compute_controllerbbjRbS_bS_S_RjPKhPhR12ComputeStateS0_RhS6_S6_S6_S_S_S_S_E_36_ce0       |  out|    1|   ap_memory|  p_ZZ18compute_controllerbbjRbS_bS_S_RjPKhPhR12ComputeStateS0_RhS6_S6_S6_S_S_S_S_E_36|         array|
|p_ZZ18compute_controllerbbjRbS_bS_S_RjPKhPhR12ComputeStateS0_RhS6_S6_S6_S_S_S_S_E_36_q0        |   in|   16|   ap_memory|  p_ZZ18compute_controllerbbjRbS_bS_S_RjPKhPhR12ComputeStateS0_RhS6_S6_S6_S_S_S_S_E_36|         array|
+-----------------------------------------------------------------------------------------------+-----+-----+------------+--------------------------------------------------------------------------------------+--------------+

