

================================================================
== Vitis HLS Report for 'compute_controller_Pipeline_VITIS_LOOP_634_34'
================================================================
* Date:           Wed Jan 28 19:35:30 2026

* Version:        2025.1 (Build 6135595 on May 21 2025)
* Project:        compute_controller
* Solution:       hls (Vivado IP Flow Target)
* Product family: zynquplus
* Target device:  xck26-sfvc784-2LV-c


================================================================
== Performance Estimates
================================================================
+ Timing: 
    * Summary: 
    +--------+----------+----------+------------+
    |  Clock |  Target  | Estimated| Uncertainty|
    +--------+----------+----------+------------+
    |ap_clk  |  10.00 ns|  1.914 ns|     2.70 ns|
    +--------+----------+----------+------------+

+ Latency: 
    * Summary: 
    +---------+---------+----------+----------+-----+-----+------------------------------------------------+
    |  Latency (cycles) |  Latency (absolute) |  Interval |                    Pipeline                    |
    |   min   |   max   |    min   |    max   | min | max |                      Type                      |
    +---------+---------+----------+----------+-----+-----+------------------------------------------------+
    |       24|       24|  0.240 us|  0.240 us|   23|   23|  loop auto-rewind stp (delay=0 clock cycles(s))|
    +---------+---------+----------+----------+-----+-----+------------------------------------------------+

    + Detail: 
        * Instance: 
        N/A

        * Loop: 
        +---------------------+---------+---------+----------+-----------+-----------+------+----------+
        |                     |  Latency (cycles) | Iteration|  Initiation Interval  | Trip |          |
        |      Loop Name      |   min   |   max   |  Latency |  achieved |   target  | Count| Pipelined|
        +---------------------+---------+---------+----------+-----------+-----------+------+----------+
        |- VITIS_LOOP_634_34  |       22|       22|         2|          1|          1|    22|       yes|
        +---------------------+---------+---------+----------+-----------+-----------+------+----------+



================================================================
== Utilization Estimates
================================================================
* Summary: 
+-----------------+---------+------+--------+--------+-----+
|       Name      | BRAM_18K|  DSP |   FF   |   LUT  | URAM|
+-----------------+---------+------+--------+--------+-----+
|DSP              |        -|     -|       -|       -|    -|
|Expression       |        -|     -|       0|      26|    -|
|FIFO             |        -|     -|       -|       -|    -|
|Instance         |        -|     -|       -|       -|    -|
|Memory           |        -|     -|       -|       -|    -|
|Multiplexer      |        -|     -|       0|      36|    -|
|Register         |        -|     -|      13|       -|    -|
+-----------------+---------+------+--------+--------+-----+
|Total            |        0|     0|      13|      62|    0|
+-----------------+---------+------+--------+--------+-----+
|Available        |      288|  1248|  234240|  117120|   64|
+-----------------+---------+------+--------+--------+-----+
|Utilization (%)  |        0|     0|      ~0|      ~0|    0|
+-----------------+---------+------+--------+--------+-----+

+ Detail: 
    * Instance: 
    N/A

    * DSP: 
    N/A

    * Memory: 
    N/A

    * FIFO: 
    N/A

    * Expression: 
    +----------------------+----------+----+---+----+------------+------------+
    |     Variable Name    | Operation| DSP| FF| LUT| Bitwidth P0| Bitwidth P1|
    +----------------------+----------+----+---+----+------------+------------+
    |add_ln634_fu_357_p2   |         +|   0|  0|  12|           5|           1|
    |icmp_ln634_fu_351_p2  |      icmp|   0|  0|  12|           5|           5|
    |ap_enable_pp0         |       xor|   0|  0|   2|           1|           2|
    +----------------------+----------+----+---+----+------------+------------+
    |Total                 |          |   0|  0|  26|          11|           8|
    +----------------------+----------+----+---+----+------------+------------+

    * Multiplexer: 
    +-------------------------+----+-----------+-----+-----------+
    |           Name          | LUT| Input Size| Bits| Total Bits|
    +-------------------------+----+-----------+-----+-----------+
    |ap_done_int              |   9|          2|    1|          2|
    |ap_enable_reg_pp0_iter1  |   9|          2|    1|          2|
    |ap_sig_allocacmp_i_5     |   9|          2|    5|         10|
    |i_fu_106                 |   9|          2|    5|         10|
    +-------------------------+----+-----------+-----+-----------+
    |Total                    |  36|          8|   12|         24|
    +-------------------------+----+-----------+-----+-----------+

    * Register: 
    +-------------------------+---+----+-----+-----------+
    |           Name          | FF| LUT| Bits| Const Bits|
    +-------------------------+---+----+-----+-----------+
    |ap_CS_fsm                |  1|   0|    1|          0|
    |ap_done_reg              |  1|   0|    1|          0|
    |ap_enable_reg_pp0_iter1  |  1|   0|    1|          0|
    |i_fu_106                 |  5|   0|    5|          0|
    |tmp_reg_497              |  1|   0|    1|          0|
    |trunc_ln634_reg_493      |  4|   0|    4|          0|
    +-------------------------+---+----+-----+-----------+
    |Total                    | 13|   0|   13|          0|
    +-------------------------+---+----+-----+-----------+



================================================================
== Interface
================================================================
* Summary: 
+-----------------------------------------------------------------------------------------------+-----+-----+------------+--------------------------------------------------------------------------------------+--------------+
|                                           RTL Ports                                           | Dir | Bits|  Protocol  |                                     Source Object                                    |    C Type    |
+-----------------------------------------------------------------------------------------------+-----+-----+------------+--------------------------------------------------------------------------------------+--------------+
|ap_clk                                                                                         |   in|    1|  ap_ctrl_hs|                                         compute_controller_Pipeline_VITIS_LOOP_634_34|  return value|
|ap_rst                                                                                         |   in|    1|  ap_ctrl_hs|                                         compute_controller_Pipeline_VITIS_LOOP_634_34|  return value|
|ap_start                                                                                       |   in|    1|  ap_ctrl_hs|                                         compute_controller_Pipeline_VITIS_LOOP_634_34|  return value|
|ap_done                                                                                        |  out|    1|  ap_ctrl_hs|                                         compute_controller_Pipeline_VITIS_LOOP_634_34|  return value|
|ap_idle                                                                                        |  out|    1|  ap_ctrl_hs|                                         compute_controller_Pipeline_VITIS_LOOP_634_34|  return value|
|ap_ready                                                                                       |  out|    1|  ap_ctrl_hs|                                         compute_controller_Pipeline_VITIS_LOOP_634_34|  return value|
|in_buf_address0                                                                                |  out|    8|   ap_memory|                                                                                in_buf|         array|
|in_buf_ce0                                                                                     |  out|    1|   ap_memory|                                                                                in_buf|         array|
|in_buf_q0                                                                                      |   in|    8|   ap_memory|                                                                                in_buf|         array|
|in_buf_address1                                                                                |  out|    8|   ap_memory|                                                                                in_buf|         array|
|in_buf_ce1                                                                                     |  out|    1|   ap_memory|                                                                                in_buf|         array|
|in_buf_q1                                                                                      |   in|    8|   ap_memory|                                                                                in_buf|         array|
|compute_controller_bool_bool_unsigned_int_bool_bool_bool_bool_bool_u_142_address0              |  out|    1|   ap_memory|              compute_controller_bool_bool_unsigned_int_bool_bool_bool_bool_bool_u_142|         array|
|compute_controller_bool_bool_unsigned_int_bool_bool_bool_bool_bool_u_142_ce0                   |  out|    1|   ap_memory|              compute_controller_bool_bool_unsigned_int_bool_bool_bool_bool_bool_u_142|         array|
|compute_controller_bool_bool_unsigned_int_bool_bool_bool_bool_bool_u_142_we0                   |  out|    1|   ap_memory|              compute_controller_bool_bool_unsigned_int_bool_bool_bool_bool_bool_u_142|         array|
|compute_controller_bool_bool_unsigned_int_bool_bool_bool_bool_bool_u_142_d0                    |  out|   16|   ap_memory|              compute_controller_bool_bool_unsigned_int_bool_bool_bool_bool_bool_u_142|         array|
|compute_controller_bool_bool_unsigned_int_bool_bool_bool_bool_bool_u_143_address0              |  out|    1|   ap_memory|              compute_controller_bool_bool_unsigned_int_bool_bool_bool_bool_bool_u_143|         array|
|compute_controller_bool_bool_unsigned_int_bool_bool_bool_bool_bool_u_143_ce0                   |  out|    1|   ap_memory|              compute_controller_bool_bool_unsigned_int_bool_bool_bool_bool_bool_u_143|         array|
|compute_controller_bool_bool_unsigned_int_bool_bool_bool_bool_bool_u_143_we0                   |  out|    1|   ap_memory|              compute_controller_bool_bool_unsigned_int_bool_bool_bool_bool_bool_u_143|         array|
|compute_controller_bool_bool_unsigned_int_bool_bool_bool_bool_bool_u_143_d0                    |  out|   16|   ap_memory|              compute_controller_bool_bool_unsigned_int_bool_bool_bool_bool_bool_u_143|         array|
|compute_controller_bool_bool_unsigned_int_bool_bool_bool_bool_bool_u_144_address0              |  out|    1|   ap_memory|              compute_controller_bool_bool_unsigned_int_bool_bool_bool_bool_bool_u_144|         array|
|compute_controller_bool_bool_unsigned_int_bool_bool_bool_bool_bool_u_144_ce0                   |  out|    1|   ap_memory|              compute_controller_bool_bool_unsigned_int_bool_bool_bool_bool_bool_u_144|         array|
|compute_controller_bool_bool_unsigned_int_bool_bool_bool_bool_bool_u_144_we0                   |  out|    1|   ap_memory|              compute_controller_bool_bool_unsigned_int_bool_bool_bool_bool_bool_u_144|         array|
|compute_controller_bool_bool_unsigned_int_bool_bool_bool_bool_bool_u_144_d0                    |  out|   16|   ap_memory|              compute_controller_bool_bool_unsigned_int_bool_bool_bool_bool_bool_u_144|         array|
|compute_controller_bool_bool_unsigned_int_bool_bool_bool_bool_bool_u_145_address0              |  out|    1|   ap_memory|              compute_controller_bool_bool_unsigned_int_bool_bool_bool_bool_bool_u_145|         array|
|compute_controller_bool_bool_unsigned_int_bool_bool_bool_bool_bool_u_145_ce0                   |  out|    1|   ap_memory|              compute_controller_bool_bool_unsigned_int_bool_bool_bool_bool_bool_u_145|         array|
|compute_controller_bool_bool_unsigned_int_bool_bool_bool_bool_bool_u_145_we0                   |  out|    1|   ap_memory|              compute_controller_bool_bool_unsigned_int_bool_bool_bool_bool_bool_u_145|         array|
|compute_controller_bool_bool_unsigned_int_bool_bool_bool_bool_bool_u_145_d0                    |  out|   16|   ap_memory|              compute_controller_bool_bool_unsigned_int_bool_bool_bool_bool_bool_u_145|         array|
|compute_controller_bool_bool_unsigned_int_bool_bool_bool_bool_bool_u_146_address0              |  out|    1|   ap_memory|              compute_controller_bool_bool_unsigned_int_bool_bool_bool_bool_bool_u_146|         array|
|compute_controller_bool_bool_unsigned_int_bool_bool_bool_bool_bool_u_146_ce0                   |  out|    1|   ap_memory|              compute_controller_bool_bool_unsigned_int_bool_bool_bool_bool_bool_u_146|         array|
|compute_controller_bool_bool_unsigned_int_bool_bool_bool_bool_bool_u_146_we0                   |  out|    1|   ap_memory|              compute_controller_bool_bool_unsigned_int_bool_bool_bool_bool_bool_u_146|         array|
|compute_controller_bool_bool_unsigned_int_bool_bool_bool_bool_bool_u_146_d0                    |  out|   16|   ap_memory|              compute_controller_bool_bool_unsigned_int_bool_bool_bool_bool_bool_u_146|         array|
|compute_controller_bool_bool_unsigned_int_bool_bool_bool_bool_bool_u_147_address0              |  out|    1|   ap_memory|              compute_controller_bool_bool_unsigned_int_bool_bool_bool_bool_bool_u_147|         array|
|compute_controller_bool_bool_unsigned_int_bool_bool_bool_bool_bool_u_147_ce0                   |  out|    1|   ap_memory|              compute_controller_bool_bool_unsigned_int_bool_bool_bool_bool_bool_u_147|         array|
|compute_controller_bool_bool_unsigned_int_bool_bool_bool_bool_bool_u_147_we0                   |  out|    1|   ap_memory|              compute_controller_bool_bool_unsigned_int_bool_bool_bool_bool_bool_u_147|         array|
|compute_controller_bool_bool_unsigned_int_bool_bool_bool_bool_bool_u_147_d0                    |  out|   16|   ap_memory|              compute_controller_bool_bool_unsigned_int_bool_bool_bool_bool_bool_u_147|         array|
|compute_controller_bool_bool_unsigned_int_bool_bool_bool_bool_bool_u_148_address0              |  out|    1|   ap_memory|              compute_controller_bool_bool_unsigned_int_bool_bool_bool_bool_bool_u_148|         array|
|compute_controller_bool_bool_unsigned_int_bool_bool_bool_bool_bool_u_148_ce0                   |  out|    1|   ap_memory|              compute_controller_bool_bool_unsigned_int_bool_bool_bool_bool_bool_u_148|         array|
|compute_controller_bool_bool_unsigned_int_bool_bool_bool_bool_bool_u_148_we0                   |  out|    1|   ap_memory|              compute_controller_bool_bool_unsigned_int_bool_bool_bool_bool_bool_u_148|         array|
|compute_controller_bool_bool_unsigned_int_bool_bool_bool_bool_bool_u_148_d0                    |  out|   16|   ap_memory|              compute_controller_bool_bool_unsigned_int_bool_bool_bool_bool_bool_u_148|         array|
|compute_controller_bool_bool_unsigned_int_bool_bool_bool_bool_bool_u_141_address0              |  out|    1|   ap_memory|              compute_controller_bool_bool_unsigned_int_bool_bool_bool_bool_bool_u_141|         array|
|compute_controller_bool_bool_unsigned_int_bool_bool_bool_bool_bool_u_141_ce0                   |  out|    1|   ap_memory|              compute_controller_bool_bool_unsigned_int_bool_bool_bool_bool_bool_u_141|         array|
|compute_controller_bool_bool_unsigned_int_bool_bool_bool_bool_bool_u_141_we0                   |  out|    1|   ap_memory|              compute_controller_bool_bool_unsigned_int_bool_bool_bool_bool_bool_u_141|         array|
|compute_controller_bool_bool_unsigned_int_bool_bool_bool_bool_bool_u_141_d0                    |  out|   16|   ap_memory|              compute_controller_bool_bool_unsigned_int_bool_bool_bool_bool_bool_u_141|         array|
|compute_controller_bool_bool_unsigned_int_bool_bool_bool_bool_bool_u_140_address0              |  out|    1|   ap_memory|              compute_controller_bool_bool_unsigned_int_bool_bool_bool_bool_bool_u_140|         array|
|compute_controller_bool_bool_unsigned_int_bool_bool_bool_bool_bool_u_140_ce0                   |  out|    1|   ap_memory|              compute_controller_bool_bool_unsigned_int_bool_bool_bool_bool_bool_u_140|         array|
|compute_controller_bool_bool_unsigned_int_bool_bool_bool_bool_bool_u_140_we0                   |  out|    1|   ap_memory|              compute_controller_bool_bool_unsigned_int_bool_bool_bool_bool_bool_u_140|         array|
|compute_controller_bool_bool_unsigned_int_bool_bool_bool_bool_bool_u_140_d0                    |  out|   16|   ap_memory|              compute_controller_bool_bool_unsigned_int_bool_bool_bool_bool_bool_u_140|         array|
|compute_controller_bool_bool_unsigned_int_bool_bool_bool_bool_bool_u_139_address0              |  out|    1|   ap_memory|              compute_controller_bool_bool_unsigned_int_bool_bool_bool_bool_bool_u_139|         array|
|compute_controller_bool_bool_unsigned_int_bool_bool_bool_bool_bool_u_139_ce0                   |  out|    1|   ap_memory|              compute_controller_bool_bool_unsigned_int_bool_bool_bool_bool_bool_u_139|         array|
|compute_controller_bool_bool_unsigned_int_bool_bool_bool_bool_bool_u_139_we0                   |  out|    1|   ap_memory|              compute_controller_bool_bool_unsigned_int_bool_bool_bool_bool_bool_u_139|         array|
|compute_controller_bool_bool_unsigned_int_bool_bool_bool_bool_bool_u_139_d0                    |  out|   16|   ap_memory|              compute_controller_bool_bool_unsigned_int_bool_bool_bool_bool_bool_u_139|         array|
|p_ZZ18compute_controllerbbjRbS_bS_S_RjPKhPhR12ComputeStateS0_RhS6_S6_S6_S_S_S_S_E_59_address0  |  out|    1|   ap_memory|  p_ZZ18compute_controllerbbjRbS_bS_S_RjPKhPhR12ComputeStateS0_RhS6_S6_S6_S_S_S_S_E_59|         array|
|p_ZZ18compute_controllerbbjRbS_bS_S_RjPKhPhR12ComputeStateS0_RhS6_S6_S6_S_S_S_S_E_59_ce0       |  out|    1|   ap_memory|  p_ZZ18compute_controllerbbjRbS_bS_S_RjPKhPhR12ComputeStateS0_RhS6_S6_S6_S_S_S_S_E_59|         array|
|p_ZZ18compute_controllerbbjRbS_bS_S_RjPKhPhR12ComputeStateS0_RhS6_S6_S6_S_S_S_S_E_59_we0       |  out|    1|   ap_memory|  p_ZZ18compute_controllerbbjRbS_bS_S_RjPKhPhR12ComputeStateS0_RhS6_S6_S6_S_S_S_S_E_59|         array|
|p_ZZ18compute_controllerbbjRbS_bS_S_RjPKhPhR12ComputeStateS0_RhS6_S6_S6_S_S_S_S_E_59_d0        |  out|   16|   ap_memory|  p_ZZ18compute_controllerbbjRbS_bS_S_RjPKhPhR12ComputeStateS0_RhS6_S6_S6_S_S_S_S_E_59|         array|
|p_ZZ18compute_controllerbbjRbS_bS_S_RjPKhPhR12ComputeStateS0_RhS6_S6_S6_S_S_S_S_E_58_address0  |  out|    1|   ap_memory|  p_ZZ18compute_controllerbbjRbS_bS_S_RjPKhPhR12ComputeStateS0_RhS6_S6_S6_S_S_S_S_E_58|         array|
|p_ZZ18compute_controllerbbjRbS_bS_S_RjPKhPhR12ComputeStateS0_RhS6_S6_S6_S_S_S_S_E_58_ce0       |  out|    1|   ap_memory|  p_ZZ18compute_controllerbbjRbS_bS_S_RjPKhPhR12ComputeStateS0_RhS6_S6_S6_S_S_S_S_E_58|         array|
|p_ZZ18compute_controllerbbjRbS_bS_S_RjPKhPhR12ComputeStateS0_RhS6_S6_S6_S_S_S_S_E_58_we0       |  out|    1|   ap_memory|  p_ZZ18compute_controllerbbjRbS_bS_S_RjPKhPhR12ComputeStateS0_RhS6_S6_S6_S_S_S_S_E_58|         array|
|p_ZZ18compute_controllerbbjRbS_bS_S_RjPKhPhR12ComputeStateS0_RhS6_S6_S6_S_S_S_S_E_58_d0        |  out|   16|   ap_memory|  p_ZZ18compute_controllerbbjRbS_bS_S_RjPKhPhR12ComputeStateS0_RhS6_S6_S6_S_S_S_S_E_58|         array|
|p_ZZ18compute_controllerbbjRbS_bS_S_RjPKhPhR12ComputeStateS0_RhS6_S6_S6_S_S_S_S_E_57_address0  |  out|    1|   ap_memory|  p_ZZ18compute_controllerbbjRbS_bS_S_RjPKhPhR12ComputeStateS0_RhS6_S6_S6_S_S_S_S_E_57|         array|
|p_ZZ18compute_controllerbbjRbS_bS_S_RjPKhPhR12ComputeStateS0_RhS6_S6_S6_S_S_S_S_E_57_ce0       |  out|    1|   ap_memory|  p_ZZ18compute_controllerbbjRbS_bS_S_RjPKhPhR12ComputeStateS0_RhS6_S6_S6_S_S_S_S_E_57|         array|
|p_ZZ18compute_controllerbbjRbS_bS_S_RjPKhPhR12ComputeStateS0_RhS6_S6_S6_S_S_S_S_E_57_we0       |  out|    1|   ap_memory|  p_ZZ18compute_controllerbbjRbS_bS_S_RjPKhPhR12ComputeStateS0_RhS6_S6_S6_S_S_S_S_E_57|         array|
|p_ZZ18compute_controllerbbjRbS_bS_S_RjPKhPhR12ComputeStateS0_RhS6_S6_S6_S_S_S_S_E_57_d0        |  out|   16|   ap_memory|  p_ZZ18compute_controllerbbjRbS_bS_S_RjPKhPhR12ComputeStateS0_RhS6_S6_S6_S_S_S_S_E_57|         array|
|p_ZZ18compute_controllerbbjRbS_bS_S_RjPKhPhR12ComputeStateS0_RhS6_S6_S6_S_S_S_S_E_56_address0  |  out|    1|   ap_memory|  p_ZZ18compute_controllerbbjRbS_bS_S_RjPKhPhR12ComputeStateS0_RhS6_S6_S6_S_S_S_S_E_56|         array|
|p_ZZ18compute_controllerbbjRbS_bS_S_RjPKhPhR12ComputeStateS0_RhS6_S6_S6_S_S_S_S_E_56_ce0       |  out|    1|   ap_memory|  p_ZZ18compute_controllerbbjRbS_bS_S_RjPKhPhR12ComputeStateS0_RhS6_S6_S6_S_S_S_S_E_56|         array|
|p_ZZ18compute_controllerbbjRbS_bS_S_RjPKhPhR12ComputeStateS0_RhS6_S6_S6_S_S_S_S_E_56_we0       |  out|    1|   ap_memory|  p_ZZ18compute_controllerbbjRbS_bS_S_RjPKhPhR12ComputeStateS0_RhS6_S6_S6_S_S_S_S_E_56|         array|
|p_ZZ18compute_controllerbbjRbS_bS_S_RjPKhPhR12ComputeStateS0_RhS6_S6_S6_S_S_S_S_E_56_d0        |  out|   16|   ap_memory|  p_ZZ18compute_controllerbbjRbS_bS_S_RjPKhPhR12ComputeStateS0_RhS6_S6_S6_S_S_S_S_E_56|         array|
|p_ZZ18compute_controllerbbjRbS_bS_S_RjPKhPhR12ComputeStateS0_RhS6_S6_S6_S_S_S_S_E_55_address0  |  out|    1|   ap_memory|  p_ZZ18compute_controllerbbjRbS_bS_S_RjPKhPhR12ComputeStateS0_RhS6_S6_S6_S_S_S_S_E_55|         array|
|p_ZZ18compute_controllerbbjRbS_bS_S_RjPKhPhR12ComputeStateS0_RhS6_S6_S6_S_S_S_S_E_55_ce0       |  out|    1|   ap_memory|  p_ZZ18compute_controllerbbjRbS_bS_S_RjPKhPhR12ComputeStateS0_RhS6_S6_S6_S_S_S_S_E_55|         array|
|p_ZZ18compute_controllerbbjRbS_bS_S_RjPKhPhR12ComputeStateS0_RhS6_S6_S6_S_S_S_S_E_55_we0       |  out|    1|   ap_memory|  p_ZZ18compute_controllerbbjRbS_bS_S_RjPKhPhR12ComputeStateS0_RhS6_S6_S6_S_S_S_S_E_55|         array|
|p_ZZ18compute_controllerbbjRbS_bS_S_RjPKhPhR12ComputeStateS0_RhS6_S6_S6_S_S_S_S_E_55_d0        |  out|   16|   ap_memory|  p_ZZ18compute_controllerbbjRbS_bS_S_RjPKhPhR12ComputeStateS0_RhS6_S6_S6_S_S_S_S_E_55|         array|
|p_ZZ18compute_controllerbbjRbS_bS_S_RjPKhPhR12ComputeStateS0_RhS6_S6_S6_S_S_S_S_E_54_address0  |  out|    1|   ap_memory|  p_ZZ18compute_controllerbbjRbS_bS_S_RjPKhPhR12ComputeStateS0_RhS6_S6_S6_S_S_S_S_E_54|         array|
|p_ZZ18compute_controllerbbjRbS_bS_S_RjPKhPhR12ComputeStateS0_RhS6_S6_S6_S_S_S_S_E_54_ce0       |  out|    1|   ap_memory|  p_ZZ18compute_controllerbbjRbS_bS_S_RjPKhPhR12ComputeStateS0_RhS6_S6_S6_S_S_S_S_E_54|         array|
|p_ZZ18compute_controllerbbjRbS_bS_S_RjPKhPhR12ComputeStateS0_RhS6_S6_S6_S_S_S_S_E_54_we0       |  out|    1|   ap_memory|  p_ZZ18compute_controllerbbjRbS_bS_S_RjPKhPhR12ComputeStateS0_RhS6_S6_S6_S_S_S_S_E_54|         array|
|p_ZZ18compute_controllerbbjRbS_bS_S_RjPKhPhR12ComputeStateS0_RhS6_S6_S6_S_S_S_S_E_54_d0        |  out|   16|   ap_memory|  p_ZZ18compute_controllerbbjRbS_bS_S_RjPKhPhR12ComputeStateS0_RhS6_S6_S6_S_S_S_S_E_54|         array|
+-----------------------------------------------------------------------------------------------+-----+-----+------------+--------------------------------------------------------------------------------------+--------------+

