

================================================================
== Vitis HLS Report for 'compute_controller_Pipeline_VITIS_LOOP_563_24'
================================================================
* Date:           Wed Jan 28 19:35:31 2026

* Version:        2025.1 (Build 6135595 on May 21 2025)
* Project:        compute_controller
* Solution:       hls (Vivado IP Flow Target)
* Product family: zynquplus
* Target device:  xck26-sfvc784-2LV-c


================================================================
== Performance Estimates
================================================================
+ Timing: 
    * Summary: 
    +--------+----------+----------+------------+
    |  Clock |  Target  | Estimated| Uncertainty|
    +--------+----------+----------+------------+
    |ap_clk  |  10.00 ns|  1.893 ns|     2.70 ns|
    +--------+----------+----------+------------+

+ Latency: 
    * Summary: 
    +---------+---------+----------+----------+-----+-----+------------------------------------------------+
    |  Latency (cycles) |  Latency (absolute) |  Interval |                    Pipeline                    |
    |   min   |   max   |    min   |    max   | min | max |                      Type                      |
    +---------+---------+----------+----------+-----+-----+------------------------------------------------+
    |       34|       34|  0.340 us|  0.340 us|   33|   33|  loop auto-rewind stp (delay=0 clock cycles(s))|
    +---------+---------+----------+----------+-----+-----+------------------------------------------------+

    + Detail: 
        * Instance: 
        N/A

        * Loop: 
        +---------------------+---------+---------+----------+-----------+-----------+------+----------+
        |                     |  Latency (cycles) | Iteration|  Initiation Interval  | Trip |          |
        |      Loop Name      |   min   |   max   |  Latency |  achieved |   target  | Count| Pipelined|
        +---------------------+---------+---------+----------+-----------+-----------+------+----------+
        |- VITIS_LOOP_563_24  |       32|       32|         2|          2|          1|    16|       yes|
        +---------------------+---------+---------+----------+-----------+-----------+------+----------+



================================================================
== Utilization Estimates
================================================================
* Summary: 
+-----------------+---------+------+--------+--------+-----+
|       Name      | BRAM_18K|  DSP |   FF   |   LUT  | URAM|
+-----------------+---------+------+--------+--------+-----+
|DSP              |        -|     -|       -|       -|    -|
|Expression       |        -|     -|       0|      25|    -|
|FIFO             |        -|     -|       -|       -|    -|
|Instance         |        -|     -|       0|      65|    -|
|Memory           |        -|     -|       -|       -|    -|
|Multiplexer      |        -|     -|       0|      97|    -|
|Register         |        -|     -|      28|       -|    -|
+-----------------+---------+------+--------+--------+-----+
|Total            |        0|     0|      28|     187|    0|
+-----------------+---------+------+--------+--------+-----+
|Available        |      288|  1248|  234240|  117120|   64|
+-----------------+---------+------+--------+--------+-----+
|Utilization (%)  |        0|     0|      ~0|      ~0|    0|
+-----------------+---------+------+--------+--------+-----+

+ Detail: 
    * Instance: 
    +----------------------------+-----------------------+---------+----+---+----+-----+
    |          Instance          |         Module        | BRAM_18K| DSP| FF| LUT| URAM|
    +----------------------------+-----------------------+---------+----+---+----+-----+
    |sparsemux_33_4_32_1_1_U356  |sparsemux_33_4_32_1_1  |        0|   0|  0|  65|    0|
    +----------------------------+-----------------------+---------+----+---+----+-----+
    |Total                       |                       |        0|   0|  0|  65|    0|
    +----------------------------+-----------------------+---------+----+---+----+-----+

    * DSP: 
    N/A

    * Memory: 
    N/A

    * FIFO: 
    N/A

    * Expression: 
    +----------------------+----------+----+---+----+------------+------------+
    |     Variable Name    | Operation| DSP| FF| LUT| Bitwidth P0| Bitwidth P1|
    +----------------------+----------+----+---+----+------------+------------+
    |add_ln563_fu_281_p2   |         +|   0|  0|  12|           5|           1|
    |icmp_ln563_fu_275_p2  |      icmp|   0|  0|  13|           5|           6|
    +----------------------+----------+----+---+----+------------+------------+
    |Total                 |          |   0|  0|  25|          10|           7|
    +----------------------+----------+----+---+----+------------+------------+

    * Multiplexer: 
    +------------------------+----+-----------+-----+-----------+
    |          Name          | LUT| Input Size| Bits| Total Bits|
    +------------------------+----+-----------+-----+-----------+
    |ap_NS_fsm               |  14|          3|    1|          3|
    |ap_done_int             |   9|          2|    1|          2|
    |ap_sig_allocacmp_i_9    |   9|          2|    5|         10|
    |i_fu_126                |   9|          2|    5|         10|
    |out_buf_address0_local  |  14|          3|    6|         18|
    |out_buf_address1_local  |  14|          3|    6|         18|
    |out_buf_d0_local        |  14|          3|    8|         24|
    |out_buf_d1_local        |  14|          3|    8|         24|
    +------------------------+----+-----------+-----+-----------+
    |Total                   |  97|         21|   40|        109|
    +------------------------+----+-----------+-----+-----------+

    * Register: 
    +---------------------+---+----+-----+-----------+
    |         Name        | FF| LUT| Bits| Const Bits|
    +---------------------+---+----+-----+-----------+
    |ap_CS_fsm            |  2|   0|    2|          0|
    |ap_done_reg          |  1|   0|    1|          0|
    |i_fu_126             |  5|   0|    5|          0|
    |trunc_ln1_reg_470    |  8|   0|    8|          0|
    |trunc_ln2_reg_475    |  8|   0|    8|          0|
    |trunc_ln563_reg_464  |  4|   0|    4|          0|
    +---------------------+---+----+-----+-----------+
    |Total                | 28|   0|   28|          0|
    +---------------------+---+----+-----+-----------+



================================================================
== Interface
================================================================
* Summary: 
+--------------------------------------------------------------------------------------+-----+-----+------------+--------------------------------------------------------------------------------------+--------------+
|                                       RTL Ports                                      | Dir | Bits|  Protocol  |                                     Source Object                                    |    C Type    |
+--------------------------------------------------------------------------------------+-----+-----+------------+--------------------------------------------------------------------------------------+--------------+
|ap_clk                                                                                |   in|    1|  ap_ctrl_hs|                                         compute_controller_Pipeline_VITIS_LOOP_563_24|  return value|
|ap_rst                                                                                |   in|    1|  ap_ctrl_hs|                                         compute_controller_Pipeline_VITIS_LOOP_563_24|  return value|
|ap_start                                                                              |   in|    1|  ap_ctrl_hs|                                         compute_controller_Pipeline_VITIS_LOOP_563_24|  return value|
|ap_done                                                                               |  out|    1|  ap_ctrl_hs|                                         compute_controller_Pipeline_VITIS_LOOP_563_24|  return value|
|ap_idle                                                                               |  out|    1|  ap_ctrl_hs|                                         compute_controller_Pipeline_VITIS_LOOP_563_24|  return value|
|ap_ready                                                                              |  out|    1|  ap_ctrl_hs|                                         compute_controller_Pipeline_VITIS_LOOP_563_24|  return value|
|compute_controller_bool_bool_unsigned_int_bool_bool_bool_bool_bool_u_163              |   in|   32|     ap_none|              compute_controller_bool_bool_unsigned_int_bool_bool_bool_bool_bool_u_163|        scalar|
|compute_controller_bool_bool_unsigned_int_bool_bool_bool_bool_bool_u_164              |   in|   32|     ap_none|              compute_controller_bool_bool_unsigned_int_bool_bool_bool_bool_bool_u_164|        scalar|
|compute_controller_bool_bool_unsigned_int_bool_bool_bool_bool_bool_u_165              |   in|   32|     ap_none|              compute_controller_bool_bool_unsigned_int_bool_bool_bool_bool_bool_u_165|        scalar|
|compute_controller_bool_bool_unsigned_int_bool_bool_bool_bool_bool_u_166              |   in|   32|     ap_none|              compute_controller_bool_bool_unsigned_int_bool_bool_bool_bool_bool_u_166|        scalar|
|compute_controller_bool_bool_unsigned_int_bool_bool_bool_bool_bool_u_167              |   in|   32|     ap_none|              compute_controller_bool_bool_unsigned_int_bool_bool_bool_bool_bool_u_167|        scalar|
|compute_controller_bool_bool_unsigned_int_bool_bool_bool_bool_bool_u_168              |   in|   32|     ap_none|              compute_controller_bool_bool_unsigned_int_bool_bool_bool_bool_bool_u_168|        scalar|
|compute_controller_bool_bool_unsigned_int_bool_bool_bool_bool_bool_u_169              |   in|   32|     ap_none|              compute_controller_bool_bool_unsigned_int_bool_bool_bool_bool_bool_u_169|        scalar|
|compute_controller_bool_bool_unsigned_int_bool_bool_bool_bool_bool_u_170              |   in|   32|     ap_none|              compute_controller_bool_bool_unsigned_int_bool_bool_bool_bool_bool_u_170|        scalar|
|compute_controller_bool_bool_unsigned_int_bool_bool_bool_bool_bool_u_171              |   in|   32|     ap_none|              compute_controller_bool_bool_unsigned_int_bool_bool_bool_bool_bool_u_171|        scalar|
|compute_controller_bool_bool_unsigned_int_bool_bool_bool_bool_bool_u_172              |   in|   32|     ap_none|              compute_controller_bool_bool_unsigned_int_bool_bool_bool_bool_bool_u_172|        scalar|
|p_ZZ18compute_controllerbbjRbS_bS_S_RjPKhPhR12ComputeStateS0_RhS6_S6_S6_S_S_S_S_E_84  |   in|   32|     ap_none|  p_ZZ18compute_controllerbbjRbS_bS_S_RjPKhPhR12ComputeStateS0_RhS6_S6_S6_S_S_S_S_E_84|        scalar|
|p_ZZ18compute_controllerbbjRbS_bS_S_RjPKhPhR12ComputeStateS0_RhS6_S6_S6_S_S_S_S_E_85  |   in|   32|     ap_none|  p_ZZ18compute_controllerbbjRbS_bS_S_RjPKhPhR12ComputeStateS0_RhS6_S6_S6_S_S_S_S_E_85|        scalar|
|p_ZZ18compute_controllerbbjRbS_bS_S_RjPKhPhR12ComputeStateS0_RhS6_S6_S6_S_S_S_S_E_86  |   in|   32|     ap_none|  p_ZZ18compute_controllerbbjRbS_bS_S_RjPKhPhR12ComputeStateS0_RhS6_S6_S6_S_S_S_S_E_86|        scalar|
|p_ZZ18compute_controllerbbjRbS_bS_S_RjPKhPhR12ComputeStateS0_RhS6_S6_S6_S_S_S_S_E_87  |   in|   32|     ap_none|  p_ZZ18compute_controllerbbjRbS_bS_S_RjPKhPhR12ComputeStateS0_RhS6_S6_S6_S_S_S_S_E_87|        scalar|
|p_ZZ18compute_controllerbbjRbS_bS_S_RjPKhPhR12ComputeStateS0_RhS6_S6_S6_S_S_S_S_E_88  |   in|   32|     ap_none|  p_ZZ18compute_controllerbbjRbS_bS_S_RjPKhPhR12ComputeStateS0_RhS6_S6_S6_S_S_S_S_E_88|        scalar|
|p_ZZ18compute_controllerbbjRbS_bS_S_RjPKhPhR12ComputeStateS0_RhS6_S6_S6_S_S_S_S_E_89  |   in|   32|     ap_none|  p_ZZ18compute_controllerbbjRbS_bS_S_RjPKhPhR12ComputeStateS0_RhS6_S6_S6_S_S_S_S_E_89|        scalar|
|out_buf_address0                                                                      |  out|    6|   ap_memory|                                                                               out_buf|         array|
|out_buf_ce0                                                                           |  out|    1|   ap_memory|                                                                               out_buf|         array|
|out_buf_we0                                                                           |  out|    1|   ap_memory|                                                                               out_buf|         array|
|out_buf_d0                                                                            |  out|    8|   ap_memory|                                                                               out_buf|         array|
|out_buf_address1                                                                      |  out|    6|   ap_memory|                                                                               out_buf|         array|
|out_buf_ce1                                                                           |  out|    1|   ap_memory|                                                                               out_buf|         array|
|out_buf_we1                                                                           |  out|    1|   ap_memory|                                                                               out_buf|         array|
|out_buf_d1                                                                            |  out|    8|   ap_memory|                                                                               out_buf|         array|
+--------------------------------------------------------------------------------------+-----+-----+------------+--------------------------------------------------------------------------------------+--------------+

