================================================================
== Design Size Report
================================================================

* Total Instructions per Compilation Phase
+---------------+-----------------------------+--------------+----------------------------------------------------------------------------------------+
| Phase         | Step                        | Instructions | Description                                                                            |
+---------------+-----------------------------+--------------+----------------------------------------------------------------------------------------+
| Compile/Link  |                             |  9,450       | After all functions are compiled and linked into a single design                       |
|               |                             |              |                                                                                        |
| Unroll/Inline |                             |              | After user unroll and inline pragmas are applied                                       |
|               | (1) unroll                  | 56,880       | user unroll pragmas are applied                                                        |
|               | (2) simplification          | 40,108       | simplification of applied user unroll pragmas                                          |
|               | (3) inline                  | 38,349       | user inline pragmas are applied                                                        |
|               | (4) simplification          | 38,321       | simplification of applied user inline pragmas                                          |
|               |                             |              |                                                                                        |
| Array/Struct  |                             |              | After user array partition and struct aggregate/disaggregate pragmas are applied       |
|               | (1) array partition         | 52,679       | user array partition pragmas are applied                                               |
|               | (2) simplification          | 40,133       | simplification of applied user array partition & struct aggregate/disaggregate pragmas |
|               | (3) aggregate/disaggregate  | 40,133       | user struct aggregate/disaggregate pragmas are applied                                 |
|               | (4) array reshape           | 40,133       | apply array reshape pragmas                                                            |
|               | (5) access patterns         | 40,132       | array access pattern optmizations                                                      |
|               |                             |              |                                                                                        |
| Performance   |                             |              | After transformations are applied to meet performance pragma targets                   |
|               | (1) loop simplification     | 40,132       | loop and instruction simplification                                                    |
|               | (2) parallelization         | 40,110       | loops are unrolled or pipelined to meet performance targets                            |
|               | (3) array partition         | 40,103       | arrays are partitioned to meet performance targets                                     |
|               | (4) simplification          | 40,103       | simplification of design after performance transformations                             |
|               |                             |              |                                                                                        |
| HW Transforms |                             |              | After hardware transfomations                                                          |
|               | (1) lowering                | 40,145       | initial conversion to HW specific instructions                                         |
|               | (2) optimizations           | 40,337       | high level synthesis optimizations                                                     |
+---------------+-----------------------------+--------------+----------------------------------------------------------------------------------------+

* Instructions per Function for each Compilation Phase
+------------------------------------+----------------------------+-----------------+------------------+------------------+-----------------+-----------------+
| Function                           | Location                   | Compile/Link    | Unroll/Inline    | Array/Struct     | Performance     | HW Transforms   |
+------------------------------------+----------------------------+-----------------+------------------+------------------+-----------------+-----------------+
| + compute_controller               | compute_controller.cpp:171 | 9,450           | 38,321           | 40,132           | 40,103          | 40,337          |
|    max2_constexpr                  | compute_controller.hpp:8   |   48 (8 calls)  |                  |                  |                 |                 |
|    min2_constexpr                  | compute_controller.hpp:11  |   30 (5 calls)  |                  |                  |                 |                 |
|    read_i16                        | top_params.hpp:587         |   60 (4 calls)  |                  |                  |                 |                 |
|    read_i4                         | top_params.hpp:579         |  276 (3 calls)  |                  |                  |                 |                 |
|    read_i32                        | top_params.hpp:594         |  270 (10 calls) |   260 (10 calls) |   260 (10 calls) |   208 (8 calls) |   208 (8 calls) |
|    write_i32                       | top_params.hpp:626         |   84 (3 calls)  |                  |                  |                 |                 |
|    FFN_ACT_RELU                    | compute_controller.cpp:133 |   24            |                  |                  |                 |                 |
|    write_i16                       | top_params.hpp:620         |   32 (2 calls)  |                  |                  |                 |                 |
|    read_i8                         | top_params.hpp:575         |   20 (5 calls)  |                  |                  |                 |                 |
|  + LAYER_NORM                      | compute_controller.cpp:92  | 7,204           | 7,769            | 7,772            | 7,770           | 7,773           |
|     sqrt_fixed<32, 16>             | hls_sqrt_apfixed.h:19      |                 | 1,392            | 1,360            | 1,360           | 1,361           |
|    RES_ADD                         | compute_controller.cpp:149 |   37            | 2,113            | 2,113            | 2,113           | 2,113           |
|    write_i8                        | top_params.hpp:603         |    8 (2 calls)  |                  |                  |                 |                 |
|    REQUANT_D_MODEL_int32_to_int... | compute_controller.cpp:62  |   42            | 2,502            | 2,502            | 2,502           | 2,502           |
|  + MAC_ARCHITECTURE                | compute_controller.cpp:7   |  150            |                  |                  |                 |                 |
|     max2_constexpr                 | compute_controller.hpp:8   |   36 (6 calls)  |                  |                  |                 |                 |
|     min2_constexpr                 | compute_controller.hpp:11  |   24 (4 calls)  |                  |                  |                 |                 |
+------------------------------------+----------------------------+-----------------+------------------+------------------+-----------------+-----------------+

* Design Size Message Settings
+---------------------------------------------+--------+------------------------------------------------------------------+
| Message Setting                             | Value  | Description                                                      |
+---------------------------------------------+--------+------------------------------------------------------------------+
| config_compile -design_size_maximum_warning | 100000 | Show a warning when total design instructions exceeds this value |
+---------------------------------------------+--------+------------------------------------------------------------------+


