

================================================================
== Vitis HLS Report for 'LAYER_NORM'
================================================================
* Date:           Sat Jan 17 19:38:45 2026

* Version:        2025.1 (Build 6135595 on May 21 2025)
* Project:        compute_controller
* Solution:       hls (Vivado IP Flow Target)
* Product family: zynquplus
* Target device:  xck26-sfvc784-2LV-c


================================================================
== Performance Estimates
================================================================
+ Timing: 
    * Summary: 
    +--------+----------+----------+------------+
    |  Clock |  Target  | Estimated| Uncertainty|
    +--------+----------+----------+------------+
    |ap_clk  |  10.00 ns|  7.167 ns|     2.70 ns|
    +--------+----------+----------+------------+

+ Latency: 
    * Summary: 
    +---------+---------+----------+----------+-----+-----+---------+
    |  Latency (cycles) |  Latency (absolute) |  Interval | Pipeline|
    |   min   |   max   |    min   |    max   | min | max |   Type  |
    +---------+---------+----------+----------+-----+-----+---------+
    |       65|       65|  0.650 us|  0.650 us|   65|   65|       no|
    +---------+---------+----------+----------+-----+-----+---------+

    + Detail: 
        * Instance: 
        +------------------------------------------------+-------------------------------------+---------+---------+-----------+-----------+-----+-----+------------------------------------------------+
        |                                                |                                     |  Latency (cycles) |   Latency (absolute)  |  Interval |                    Pipeline                    |
        |                    Instance                    |                Module               |   min   |   max   |    min    |    max    | min | max |                      Type                      |
        +------------------------------------------------+-------------------------------------+---------+---------+-----------+-----------+-----+-----+------------------------------------------------+
        |grp_LAYER_NORM_Pipeline_VITIS_LOOP_79_1_fu_412  |LAYER_NORM_Pipeline_VITIS_LOOP_79_1  |       13|       13|   0.130 us|   0.130 us|    9|    9|  loop auto-rewind stp (delay=0 clock cycles(s))|
        |grp_sqrt_fixed_32_16_s_fu_420                   |sqrt_fixed_32_16_s                   |        6|        6|  60.000 ns|  60.000 ns|    1|    1|                                             yes|
        +------------------------------------------------+-------------------------------------+---------+---------+-----------+-----------+-----+-----+------------------------------------------------+

        * Loop: 
        N/A



================================================================
== Utilization Estimates
================================================================
* Summary: 
+-----------------+---------+------+--------+--------+-----+
|       Name      | BRAM_18K|  DSP |   FF   |   LUT  | URAM|
+-----------------+---------+------+--------+--------+-----+
|DSP              |        -|     -|       -|       -|    -|
|Expression       |        -|     -|       0|    1430|    -|
|FIFO             |        -|     -|       -|       -|    -|
|Instance         |        -|    15|    1119|    5720|    -|
|Memory           |        -|     -|       -|       -|    -|
|Multiplexer      |        -|     -|       0|     711|    -|
|Register         |        -|     -|     293|       -|    -|
+-----------------+---------+------+--------+--------+-----+
|Total            |        0|    15|    1412|    7861|    0|
+-----------------+---------+------+--------+--------+-----+
|Available        |      288|  1248|  234240|  117120|   64|
+-----------------+---------+------+--------+--------+-----+
|Utilization (%)  |        0|     1|      ~0|       6|    0|
+-----------------+---------+------+--------+--------+-----+

+ Detail: 
    * Instance: 
    +------------------------------------------------+-------------------------------------+---------+----+-----+------+-----+
    |                    Instance                    |                Module               | BRAM_18K| DSP|  FF |  LUT | URAM|
    +------------------------------------------------+-------------------------------------+---------+----+-----+------+-----+
    |grp_LAYER_NORM_Pipeline_VITIS_LOOP_79_1_fu_412  |LAYER_NORM_Pipeline_VITIS_LOOP_79_1  |        0|   1|  108|   139|    0|
    |mul_24s_24s_48_1_1_U15                          |mul_24s_24s_48_1_1                   |        0|   2|    0|    40|    0|
    |mul_25s_32s_48_1_1_U16                          |mul_25s_32s_48_1_1                   |        0|   2|    0|    20|    0|
    |mul_25s_32s_48_1_1_U17                          |mul_25s_32s_48_1_1                   |        0|   2|    0|    20|    0|
    |mul_32s_32s_48_1_1_U18                          |mul_32s_32s_48_1_1                   |        0|   4|    0|    20|    0|
    |mul_32s_32s_48_1_1_U19                          |mul_32s_32s_48_1_1                   |        0|   4|    0|    20|    0|
    |grp_sqrt_fixed_32_16_s_fu_420                   |sqrt_fixed_32_16_s                   |        0|   0|  605|  5216|    0|
    |udiv_33s_24ns_32_37_seq_1_U20                   |udiv_33s_24ns_32_37_seq_1            |        0|   0|  406|   245|    0|
    +------------------------------------------------+-------------------------------------+---------+----+-----+------+-----+
    |Total                                           |                                     |        0|  15| 1119|  5720|    0|
    +------------------------------------------------+-------------------------------------+---------+----+-----+------+-----+

    * DSP: 
    N/A

    * Memory: 
    N/A

    * FIFO: 
    N/A

    * Expression: 
    +----------------------------+----------+----+---+----+------------+------------+
    |        Variable Name       | Operation| DSP| FF| LUT| Bitwidth P0| Bitwidth P1|
    +----------------------------+----------+----+---+----+------------+------------+
    |add_ln91_fu_534_p2          |         +|   0|  0|  55|          48|          48|
    |add_ln97_1_fu_741_p2        |         +|   0|  0|  55|          48|          48|
    |add_ln97_2_fu_880_p2        |         +|   0|  0|  55|          48|          48|
    |add_ln97_3_fu_975_p2        |         +|   0|  0|  55|          48|          48|
    |add_ln97_4_fu_1114_p2       |         +|   0|  0|  55|          48|          48|
    |add_ln97_5_fu_1209_p2       |         +|   0|  0|  55|          48|          48|
    |add_ln97_6_fu_1348_p2       |         +|   0|  0|  55|          48|          48|
    |add_ln97_7_fu_1443_p2       |         +|   0|  0|  55|          48|          48|
    |add_ln97_fu_646_p2          |         +|   0|  0|  55|          48|          48|
    |add_ln98_1_fu_781_p2        |         +|   0|  0|  23|          16|           1|
    |add_ln98_2_fu_920_p2        |         +|   0|  0|  23|          16|           1|
    |add_ln98_3_fu_1015_p2       |         +|   0|  0|  23|          16|           1|
    |add_ln98_4_fu_1154_p2       |         +|   0|  0|  23|          16|           1|
    |add_ln98_5_fu_1249_p2       |         +|   0|  0|  23|          16|           1|
    |add_ln98_6_fu_1388_p2       |         +|   0|  0|  23|          16|           1|
    |add_ln98_7_fu_1483_p2       |         +|   0|  0|  23|          16|           1|
    |add_ln98_fu_686_p2          |         +|   0|  0|  23|          16|           1|
    |sub_ln90_fu_505_p2          |         -|   0|  0|  55|          48|          48|
    |sub_ln96_1_fu_607_p2        |         -|   0|  0|  32|          25|          25|
    |sub_ln96_2_fu_820_p2        |         -|   0|  0|  32|          25|          25|
    |sub_ln96_3_fu_842_p2        |         -|   0|  0|  32|          25|          25|
    |sub_ln96_4_fu_1054_p2       |         -|   0|  0|  32|          25|          25|
    |sub_ln96_5_fu_1076_p2       |         -|   0|  0|  32|          25|          25|
    |sub_ln96_6_fu_1288_p2       |         -|   0|  0|  32|          25|          25|
    |sub_ln96_7_fu_1310_p2       |         -|   0|  0|  32|          25|          25|
    |sub_ln96_fu_584_p2          |         -|   0|  0|  32|          25|          25|
    |icmp_ln98_1_fu_775_p2       |      icmp|   0|  0|  23|          16|           1|
    |icmp_ln98_2_fu_914_p2       |      icmp|   0|  0|  23|          16|           1|
    |icmp_ln98_3_fu_1009_p2      |      icmp|   0|  0|  23|          16|           1|
    |icmp_ln98_4_fu_1148_p2      |      icmp|   0|  0|  23|          16|           1|
    |icmp_ln98_5_fu_1243_p2      |      icmp|   0|  0|  23|          16|           1|
    |icmp_ln98_6_fu_1382_p2      |      icmp|   0|  0|  23|          16|           1|
    |icmp_ln98_7_fu_1477_p2      |      icmp|   0|  0|  23|          16|           1|
    |icmp_ln98_fu_680_p2         |      icmp|   0|  0|  23|          16|           1|
    |ref_tmp_i_i_0_1_fu_795_p3   |    select|   0|  0|  16|           1|          16|
    |ref_tmp_i_i_0_2_fu_934_p3   |    select|   0|  0|  16|           1|          16|
    |ref_tmp_i_i_0_3_fu_1029_p3  |    select|   0|  0|  16|           1|          16|
    |ref_tmp_i_i_0_4_fu_1168_p3  |    select|   0|  0|  16|           1|          16|
    |ref_tmp_i_i_0_5_fu_1263_p3  |    select|   0|  0|  16|           1|          16|
    |ref_tmp_i_i_0_6_fu_1402_p3  |    select|   0|  0|  16|           1|          16|
    |ref_tmp_i_i_0_7_fu_1497_p3  |    select|   0|  0|  16|           1|          16|
    |ref_tmp_i_i_0_fu_700_p3     |    select|   0|  0|  16|           1|          16|
    |select_ln98_1_fu_787_p3     |    select|   0|  0|  16|           1|          16|
    |select_ln98_2_fu_926_p3     |    select|   0|  0|  16|           1|          16|
    |select_ln98_3_fu_1021_p3    |    select|   0|  0|  16|           1|          16|
    |select_ln98_4_fu_1160_p3    |    select|   0|  0|  16|           1|          16|
    |select_ln98_5_fu_1255_p3    |    select|   0|  0|  16|           1|          16|
    |select_ln98_6_fu_1394_p3    |    select|   0|  0|  16|           1|          16|
    |select_ln98_7_fu_1489_p3    |    select|   0|  0|  16|           1|          16|
    |select_ln98_fu_692_p3       |    select|   0|  0|  16|           1|          16|
    +----------------------------+----------+----+---+----+------------+------------+
    |Total                       |          |   0|  0|1430|         952|         952|
    +----------------------------+----------+----+---+----+------------+------------+

    * Multiplexer: 
    +--------------------------------+-----+-----------+-----+-----------+
    |              Name              | LUT | Input Size| Bits| Total Bits|
    +--------------------------------+-----+-----------+-----+-----------+
    |ap_NS_fsm                       |  239|         54|    1|         54|
    |grp_fu_429_p0                   |   26|          5|   25|        125|
    |grp_fu_429_p1                   |   14|          3|   32|         96|
    |grp_fu_433_p0                   |   26|          5|   25|        125|
    |grp_fu_433_p1                   |   14|          3|   32|         96|
    |grp_fu_437_p0                   |   31|          6|   32|        192|
    |grp_fu_437_p1                   |   31|          6|   32|        192|
    |grp_fu_441_p0                   |   26|          5|   32|        160|
    |grp_fu_441_p1                   |   26|          5|   32|        160|
    |int8_activation_address0        |    9|          2|    3|          6|
    |int8_activation_address0_local  |   26|          5|    3|         15|
    |int8_activation_address1_local  |   26|          5|    3|         15|
    |int8_activation_ce0             |    9|          2|    1|          2|
    |layerNorm_beta_address0_local   |   26|          5|    3|         15|
    |layerNorm_beta_address1_local   |   26|          5|    3|         15|
    |layerNorm_gamma_address0_local  |   26|          5|    3|         15|
    |layerNorm_gamma_address1_local  |   26|          5|    3|         15|
    |layerNorm_out_address0_local    |   26|          5|    3|         15|
    |layerNorm_out_address1_local    |   26|          5|    3|         15|
    |layerNorm_out_d0_local          |   26|          5|   32|        160|
    |layerNorm_out_d1_local          |   26|          5|   32|        160|
    +--------------------------------+-----+-----------+-----+-----------+
    |Total                           |  711|        146|  335|       1648|
    +--------------------------------+-----+-----------+-----+-----------+

    * Register: 
    +-------------------------------------------------------------+----+----+-----+-----------+
    |                             Name                            | FF | LUT| Bits| Const Bits|
    +-------------------------------------------------------------+----+----+-----+-----------+
    |ap_CS_fsm                                                    |  53|   0|   53|          0|
    |grp_LAYER_NORM_Pipeline_VITIS_LOOP_79_1_fu_412_ap_start_reg  |   1|   0|    1|          0|
    |reg_465                                                      |  32|   0|   32|          0|
    |reg_469                                                      |  32|   0|   32|          0|
    |sext_ln96_reg_1567                                           |  48|   0|   48|          0|
    |sext_ln_reg_1537                                             |  24|   0|   24|          0|
    |shl_ln88_cast1_reg_1557                                      |  12|   0|   25|         13|
    |shl_ln_reg_1522                                              |  11|   0|   24|         13|
    |square_loc_fu_78                                             |  16|   0|   16|          0|
    |v_reg_1532                                                   |  32|   0|   32|          0|
    |variance_reg_1527                                            |  32|   0|   32|          0|
    +-------------------------------------------------------------+----+----+-----+-----------+
    |Total                                                        | 293|   0|  319|         26|
    +-------------------------------------------------------------+----+----+-----+-----------+



================================================================
== Interface
================================================================
* Summary: 
+--------------------------+-----+-----+------------+-----------------+--------------+
|         RTL Ports        | Dir | Bits|  Protocol  |  Source Object  |    C Type    |
+--------------------------+-----+-----+------------+-----------------+--------------+
|ap_clk                    |   in|    1|  ap_ctrl_hs|       LAYER_NORM|  return value|
|ap_rst                    |   in|    1|  ap_ctrl_hs|       LAYER_NORM|  return value|
|ap_start                  |   in|    1|  ap_ctrl_hs|       LAYER_NORM|  return value|
|ap_done                   |  out|    1|  ap_ctrl_hs|       LAYER_NORM|  return value|
|ap_idle                   |  out|    1|  ap_ctrl_hs|       LAYER_NORM|  return value|
|ap_ready                  |  out|    1|  ap_ctrl_hs|       LAYER_NORM|  return value|
|int8_activation_address0  |  out|    3|   ap_memory|  int8_activation|         array|
|int8_activation_ce0       |  out|    1|   ap_memory|  int8_activation|         array|
|int8_activation_q0        |   in|    8|   ap_memory|  int8_activation|         array|
|int8_activation_address1  |  out|    3|   ap_memory|  int8_activation|         array|
|int8_activation_ce1       |  out|    1|   ap_memory|  int8_activation|         array|
|int8_activation_q1        |   in|    8|   ap_memory|  int8_activation|         array|
|layerNorm_gamma_address0  |  out|    3|   ap_memory|  layerNorm_gamma|         array|
|layerNorm_gamma_ce0       |  out|    1|   ap_memory|  layerNorm_gamma|         array|
|layerNorm_gamma_q0        |   in|   32|   ap_memory|  layerNorm_gamma|         array|
|layerNorm_gamma_address1  |  out|    3|   ap_memory|  layerNorm_gamma|         array|
|layerNorm_gamma_ce1       |  out|    1|   ap_memory|  layerNorm_gamma|         array|
|layerNorm_gamma_q1        |   in|   32|   ap_memory|  layerNorm_gamma|         array|
|layerNorm_beta_address0   |  out|    3|   ap_memory|   layerNorm_beta|         array|
|layerNorm_beta_ce0        |  out|    1|   ap_memory|   layerNorm_beta|         array|
|layerNorm_beta_q0         |   in|   32|   ap_memory|   layerNorm_beta|         array|
|layerNorm_beta_address1   |  out|    3|   ap_memory|   layerNorm_beta|         array|
|layerNorm_beta_ce1        |  out|    1|   ap_memory|   layerNorm_beta|         array|
|layerNorm_beta_q1         |   in|   32|   ap_memory|   layerNorm_beta|         array|
|epsilon                   |   in|   16|     ap_none|          epsilon|        scalar|
|layerNorm_out_address0    |  out|    3|   ap_memory|    layerNorm_out|         array|
|layerNorm_out_ce0         |  out|    1|   ap_memory|    layerNorm_out|         array|
|layerNorm_out_we0         |  out|    1|   ap_memory|    layerNorm_out|         array|
|layerNorm_out_d0          |  out|   32|   ap_memory|    layerNorm_out|         array|
|layerNorm_out_address1    |  out|    3|   ap_memory|    layerNorm_out|         array|
|layerNorm_out_ce1         |  out|    1|   ap_memory|    layerNorm_out|         array|
|layerNorm_out_we1         |  out|    1|   ap_memory|    layerNorm_out|         array|
|layerNorm_out_d1          |  out|   32|   ap_memory|    layerNorm_out|         array|
+--------------------------+-----+-----+------------+-----------------+--------------+

