

================================================================
== Vitis HLS Report for 'OUT_PROJ'
================================================================
* Date:           Wed Jan 14 16:45:59 2026

* Version:        2025.1 (Build 6135595 on May 21 2025)
* Project:        compute_controller
* Solution:       hls (Vivado IP Flow Target)
* Product family: zynquplus
* Target device:  xck26-sfvc784-2LV-c


================================================================
== Performance Estimates
================================================================
+ Timing: 
    * Summary: 
    +--------+----------+----------+------------+
    |  Clock |  Target  | Estimated| Uncertainty|
    +--------+----------+----------+------------+
    |ap_clk  |  10.00 ns|  2.973 ns|     2.70 ns|
    +--------+----------+----------+------------+

+ Latency: 
    * Summary: 
    +---------+---------+-----------+-----------+-----+-----+---------+
    |  Latency (cycles) |   Latency (absolute)  |  Interval | Pipeline|
    |   min   |   max   |    min    |    max    | min | max |   Type  |
    +---------+---------+-----------+-----------+-----+-----+---------+
    |        9|        9|  90.000 ns|  90.000 ns|    9|    9|       no|
    +---------+---------+-----------+-----------+-----+-----+---------+

    + Detail: 
        * Instance: 
        N/A

        * Loop: 
        N/A



================================================================
== Utilization Estimates
================================================================
* Summary: 
+-----------------+---------+------+--------+--------+-----+
|       Name      | BRAM_18K|  DSP |   FF   |   LUT  | URAM|
+-----------------+---------+------+--------+--------+-----+
|DSP              |        -|     8|       -|       -|    -|
|Expression       |        -|     -|       0|     128|    -|
|FIFO             |        -|     -|       -|       -|    -|
|Instance         |        -|     0|       0|     320|    -|
|Memory           |        -|     -|       -|       -|    -|
|Multiplexer      |        -|     -|       0|     209|    -|
|Register         |        -|     -|      70|       -|    -|
+-----------------+---------+------+--------+--------+-----+
|Total            |        0|     8|      70|     657|    0|
+-----------------+---------+------+--------+--------+-----+
|Available        |      288|  1248|  234240|  117120|   64|
+-----------------+---------+------+--------+--------+-----+
|Utilization (%)  |        0|    ~0|      ~0|      ~0|    0|
+-----------------+---------+------+--------+--------+-----+

+ Detail: 
    * Instance: 
    +---------------------+------------------+---------+----+---+----+-----+
    |       Instance      |      Module      | BRAM_18K| DSP| FF| LUT| URAM|
    +---------------------+------------------+---------+----+---+----+-----+
    |mul_8s_4s_12_1_1_U1  |mul_8s_4s_12_1_1  |        0|   0|  0|  40|    0|
    |mul_8s_4s_12_1_1_U2  |mul_8s_4s_12_1_1  |        0|   0|  0|  40|    0|
    |mul_8s_4s_12_1_1_U3  |mul_8s_4s_12_1_1  |        0|   0|  0|  40|    0|
    |mul_8s_4s_12_1_1_U4  |mul_8s_4s_12_1_1  |        0|   0|  0|  40|    0|
    |mul_8s_4s_12_1_1_U5  |mul_8s_4s_12_1_1  |        0|   0|  0|  40|    0|
    |mul_8s_4s_12_1_1_U6  |mul_8s_4s_12_1_1  |        0|   0|  0|  40|    0|
    |mul_8s_4s_12_1_1_U7  |mul_8s_4s_12_1_1  |        0|   0|  0|  40|    0|
    |mul_8s_4s_12_1_1_U8  |mul_8s_4s_12_1_1  |        0|   0|  0|  40|    0|
    +---------------------+------------------+---------+----+---+----+-----+
    |Total                |                  |        0|   0|  0| 320|    0|
    +---------------------+------------------+---------+----+---+----+-----+

    * DSP: 
    +---------------------------------+-----------------------------+--------------+
    |             Instance            |            Module           |  Expression  |
    +---------------------------------+-----------------------------+--------------+
    |mac_muladd_8s_4s_12s_13_4_1_U9   |mac_muladd_8s_4s_12s_13_4_1  |  i0 + i1 * i2|
    |mac_muladd_8s_4s_12s_13_4_1_U10  |mac_muladd_8s_4s_12s_13_4_1  |  i0 + i1 * i2|
    |mac_muladd_8s_4s_12s_13_4_1_U11  |mac_muladd_8s_4s_12s_13_4_1  |  i0 + i1 * i2|
    |mac_muladd_8s_4s_12s_13_4_1_U12  |mac_muladd_8s_4s_12s_13_4_1  |  i0 + i1 * i2|
    |mac_muladd_8s_4s_12s_13_4_1_U13  |mac_muladd_8s_4s_12s_13_4_1  |  i0 + i1 * i2|
    |mac_muladd_8s_4s_12s_13_4_1_U14  |mac_muladd_8s_4s_12s_13_4_1  |  i0 + i1 * i2|
    |mac_muladd_8s_4s_12s_13_4_1_U15  |mac_muladd_8s_4s_12s_13_4_1  |  i0 + i1 * i2|
    |mac_muladd_8s_4s_12s_13_4_1_U16  |mac_muladd_8s_4s_12s_13_4_1  |  i0 + i1 * i2|
    +---------------------------------+-----------------------------+--------------+

    * Memory: 
    N/A

    * FIFO: 
    N/A

    * Expression: 
    +-----------------------+----------+----+---+----+------------+------------+
    |     Variable Name     | Operation| DSP| FF| LUT| Bitwidth P0| Bitwidth P1|
    +-----------------------+----------+----+---+----+------------+------------+
    |acc_1_fu_570_p2        |         +|   0|  0|  22|          15|          15|
    |acc_fu_540_p2          |         +|   0|  0|  22|          15|          15|
    |add_ln37_12_fu_560_p2  |         +|   0|  0|  21|          14|          14|
    |add_ln37_2_fu_475_p2   |         +|   0|  0|  21|          14|          14|
    |add_ln37_5_fu_530_p2   |         +|   0|  0|  21|          14|          14|
    |add_ln37_9_fu_515_p2   |         +|   0|  0|  21|          14|          14|
    +-----------------------+----------+----+---+----+------------+------------+
    |Total                  |          |   0|  0| 128|          86|          86|
    +-----------------------+----------+----+---+----+------------+------------+

    * Multiplexer: 
    +--------------------------------+----+-----------+-----+-----------+
    |              Name              | LUT| Input Size| Bits| Total Bits|
    +--------------------------------+----+-----------+-----+-----------+
    |OUT_PROJ_valueA_address0_local  |  26|          5|    3|         15|
    |OUT_PROJ_valueA_address1_local  |  26|          5|    3|         15|
    |OUT_PROJ_valueB_address0_local  |  49|          9|    4|         36|
    |OUT_PROJ_valueB_address1_local  |  49|          9|    4|         36|
    |ap_NS_fsm                       |  59|         11|    1|         11|
    +--------------------------------+----+-----------+-----+-----------+
    |Total                           | 209|         39|   15|        113|
    +--------------------------------+----+-----------+-----+-----------+

    * Register: 
    +--------------------+----+----+-----+-----------+
    |        Name        | FF | LUT| Bits| Const Bits|
    +--------------------+----+----+-----+-----------+
    |add_ln37_2_reg_887  |  14|   0|   14|          0|
    |add_ln37_9_reg_902  |  14|   0|   14|          0|
    |ap_CS_fsm           |  10|   0|   10|          0|
    |reg_309             |   4|   0|    4|          0|
    |reg_313             |   4|   0|    4|          0|
    |reg_317             |   4|   0|    4|          0|
    |reg_321             |   4|   0|    4|          0|
    |w_11_reg_688        |   4|   0|    4|          0|
    |w_13_reg_723        |   4|   0|    4|          0|
    |w_15_reg_728        |   4|   0|    4|          0|
    |w_8_reg_683         |   4|   0|    4|          0|
    +--------------------+----+----+-----+-----------+
    |Total               |  70|   0|   70|          0|
    +--------------------+----+----+-----+-----------+



================================================================
== Interface
================================================================
* Summary: 
+--------------------------+-----+-----+------------+-----------------+--------------+
|         RTL Ports        | Dir | Bits|  Protocol  |  Source Object  |    C Type    |
+--------------------------+-----+-----+------------+-----------------+--------------+
|ap_clk                    |   in|    1|  ap_ctrl_hs|         OUT_PROJ|  return value|
|ap_rst                    |   in|    1|  ap_ctrl_hs|         OUT_PROJ|  return value|
|ap_start                  |   in|    1|  ap_ctrl_hs|         OUT_PROJ|  return value|
|ap_done                   |  out|    1|  ap_ctrl_hs|         OUT_PROJ|  return value|
|ap_idle                   |  out|    1|  ap_ctrl_hs|         OUT_PROJ|  return value|
|ap_ready                  |  out|    1|  ap_ctrl_hs|         OUT_PROJ|  return value|
|OUT_PROJ_valueA_address0  |  out|    3|   ap_memory|  OUT_PROJ_valueA|         array|
|OUT_PROJ_valueA_ce0       |  out|    1|   ap_memory|  OUT_PROJ_valueA|         array|
|OUT_PROJ_valueA_q0        |   in|    8|   ap_memory|  OUT_PROJ_valueA|         array|
|OUT_PROJ_valueA_address1  |  out|    3|   ap_memory|  OUT_PROJ_valueA|         array|
|OUT_PROJ_valueA_ce1       |  out|    1|   ap_memory|  OUT_PROJ_valueA|         array|
|OUT_PROJ_valueA_q1        |   in|    8|   ap_memory|  OUT_PROJ_valueA|         array|
|OUT_PROJ_valueB_address0  |  out|    4|   ap_memory|  OUT_PROJ_valueB|         array|
|OUT_PROJ_valueB_ce0       |  out|    1|   ap_memory|  OUT_PROJ_valueB|         array|
|OUT_PROJ_valueB_q0        |   in|    4|   ap_memory|  OUT_PROJ_valueB|         array|
|OUT_PROJ_valueB_address1  |  out|    4|   ap_memory|  OUT_PROJ_valueB|         array|
|OUT_PROJ_valueB_ce1       |  out|    1|   ap_memory|  OUT_PROJ_valueB|         array|
|OUT_PROJ_valueB_q1        |   in|    4|   ap_memory|  OUT_PROJ_valueB|         array|
|OUT_PROJ_accum_address0   |  out|    1|   ap_memory|   OUT_PROJ_accum|         array|
|OUT_PROJ_accum_ce0        |  out|    1|   ap_memory|   OUT_PROJ_accum|         array|
|OUT_PROJ_accum_we0        |  out|    1|   ap_memory|   OUT_PROJ_accum|         array|
|OUT_PROJ_accum_d0         |  out|   32|   ap_memory|   OUT_PROJ_accum|         array|
|OUT_PROJ_accum_address1   |  out|    1|   ap_memory|   OUT_PROJ_accum|         array|
|OUT_PROJ_accum_ce1        |  out|    1|   ap_memory|   OUT_PROJ_accum|         array|
|OUT_PROJ_accum_we1        |  out|    1|   ap_memory|   OUT_PROJ_accum|         array|
|OUT_PROJ_accum_d1         |  out|   32|   ap_memory|   OUT_PROJ_accum|         array|
+--------------------------+-----+-----+------------+-----------------+--------------+

