

================================================================
== Vitis HLS Report for 'RMS_NORM_Pipeline_VITIS_LOOP_123_1'
================================================================
* Date:           Wed Jan 28 19:35:30 2026

* Version:        2025.1 (Build 6135595 on May 21 2025)
* Project:        compute_controller
* Solution:       hls (Vivado IP Flow Target)
* Product family: zynquplus
* Target device:  xck26-sfvc784-2LV-c


================================================================
== Performance Estimates
================================================================
+ Timing: 
    * Summary: 
    +--------+----------+----------+------------+
    |  Clock |  Target  | Estimated| Uncertainty|
    +--------+----------+----------+------------+
    |ap_clk  |  10.00 ns|  1.912 ns|     2.70 ns|
    +--------+----------+----------+------------+

+ Latency: 
    * Summary: 
    +---------+---------+----------+----------+-----+-----+------------------------------------------------+
    |  Latency (cycles) |  Latency (absolute) |  Interval |                    Pipeline                    |
    |   min   |   max   |    min   |    max   | min | max |                      Type                      |
    +---------+---------+----------+----------+-----+-----+------------------------------------------------+
    |       20|       20|  0.200 us|  0.200 us|   17|   17|  loop auto-rewind stp (delay=0 clock cycles(s))|
    +---------+---------+----------+----------+-----+-----+------------------------------------------------+

    + Detail: 
        * Instance: 
        N/A

        * Loop: 
        +--------------------+---------+---------+----------+-----------+-----------+------+----------+
        |                    |  Latency (cycles) | Iteration|  Initiation Interval  | Trip |          |
        |      Loop Name     |   min   |   max   |  Latency |  achieved |   target  | Count| Pipelined|
        +--------------------+---------+---------+----------+-----------+-----------+------+----------+
        |- VITIS_LOOP_123_1  |       18|       18|         4|          1|          1|    16|       yes|
        +--------------------+---------+---------+----------+-----------+-----------+------+----------+



================================================================
== Utilization Estimates
================================================================
* Summary: 
+-----------------+---------+------+--------+--------+-----+
|       Name      | BRAM_18K|  DSP |   FF   |   LUT  | URAM|
+-----------------+---------+------+--------+--------+-----+
|DSP              |        -|     1|       -|       -|    -|
|Expression       |        -|     -|       0|      27|    -|
|FIFO             |        -|     -|       -|       -|    -|
|Instance         |        -|     -|       0|      65|    -|
|Memory           |        -|     -|       -|       -|    -|
|Multiplexer      |        -|     -|       0|      54|    -|
|Register         |        -|     -|      34|       -|    -|
+-----------------+---------+------+--------+--------+-----+
|Total            |        0|     1|      34|     146|    0|
+-----------------+---------+------+--------+--------+-----+
|Available        |      288|  1248|  234240|  117120|   64|
+-----------------+---------+------+--------+--------+-----+
|Utilization (%)  |        0|    ~0|      ~0|      ~0|    0|
+-----------------+---------+------+--------+--------+-----+

+ Detail: 
    * Instance: 
    +---------------------------+----------------------+---------+----+---+----+-----+
    |          Instance         |        Module        | BRAM_18K| DSP| FF| LUT| URAM|
    +---------------------------+----------------------+---------+----+---+----+-----+
    |sparsemux_33_4_8_1_1_U249  |sparsemux_33_4_8_1_1  |        0|   0|  0|  65|    0|
    +---------------------------+----------------------+---------+----+---+----+-----+
    |Total                      |                      |        0|   0|  0|  65|    0|
    +---------------------------+----------------------+---------+----+---+----+-----+

    * DSP: 
    +----------------------------------+-----------------------------+--------------+
    |             Instance             |            Module           |  Expression  |
    +----------------------------------+-----------------------------+--------------+
    |mac_muladd_8s_8s_20s_20_4_1_U250  |mac_muladd_8s_8s_20s_20_4_1  |  i0 * i0 + i1|
    +----------------------------------+-----------------------------+--------------+

    * Memory: 
    N/A

    * FIFO: 
    N/A

    * Expression: 
    +----------------------+----------+----+---+----+------------+------------+
    |     Variable Name    | Operation| DSP| FF| LUT| Bitwidth P0| Bitwidth P1|
    +----------------------+----------+----+---+----+------------+------------+
    |add_ln123_fu_230_p2   |         +|   0|  0|  12|           5|           1|
    |icmp_ln123_fu_224_p2  |      icmp|   0|  0|  13|           5|           6|
    |ap_enable_pp0         |       xor|   0|  0|   2|           1|           2|
    +----------------------+----------+----+---+----+------------+------------+
    |Total                 |          |   0|  0|  27|          11|           9|
    +----------------------+----------+----+---+----+------------+------------+

    * Multiplexer: 
    +---------------------------+----+-----------+-----+-----------+
    |            Name           | LUT| Input Size| Bits| Total Bits|
    +---------------------------+----+-----------+-----+-----------+
    |ap_done_int                |   9|          2|    1|          2|
    |ap_enable_reg_pp0_iter3    |   9|          2|    1|          2|
    |ap_sig_allocacmp_i_18      |   9|          2|    5|         10|
    |ap_sig_allocacmp_square_2  |   9|          2|   20|         40|
    |i_fu_104                   |   9|          2|    5|         10|
    |square_fu_100              |   9|          2|   20|         40|
    +---------------------------+----+-----------+-----+-----------+
    |Total                      |  54|         12|   52|        104|
    +---------------------------+----+-----------+-----+-----------+

    * Register: 
    +----------------------------------+----+----+-----+-----------+
    |               Name               | FF | LUT| Bits| Const Bits|
    +----------------------------------+----+----+-----+-----------+
    |ap_CS_fsm                         |   1|   0|    1|          0|
    |ap_done_reg                       |   1|   0|    1|          0|
    |ap_enable_reg_pp0_iter1           |   1|   0|    1|          0|
    |ap_enable_reg_pp0_iter2           |   1|   0|    1|          0|
    |ap_enable_reg_pp0_iter3           |   1|   0|    1|          0|
    |ap_loop_exit_ready_pp0_iter1_reg  |   1|   0|    1|          0|
    |ap_loop_exit_ready_pp0_iter2_reg  |   1|   0|    1|          0|
    |i_fu_104                          |   5|   0|    5|          0|
    |icmp_ln123_reg_356                |   1|   0|    1|          0|
    |icmp_ln123_reg_356_pp0_iter1_reg  |   1|   0|    1|          0|
    |square_fu_100                     |  20|   0|   20|          0|
    +----------------------------------+----+----+-----+-----------+
    |Total                             |  34|   0|   34|          0|
    +----------------------------------+----+----+-----+-----------+



================================================================
== Interface
================================================================
* Summary: 
+---------------------------------------------------------------------------------------+-----+-----+------------+---------------------------------------------------------------------------------------+--------------+
|                                       RTL Ports                                       | Dir | Bits|  Protocol  |                                     Source Object                                     |    C Type    |
+---------------------------------------------------------------------------------------+-----+-----+------------+---------------------------------------------------------------------------------------+--------------+
|ap_clk                                                                                 |   in|    1|  ap_ctrl_hs|                                                     RMS_NORM_Pipeline_VITIS_LOOP_123_1|  return value|
|ap_rst                                                                                 |   in|    1|  ap_ctrl_hs|                                                     RMS_NORM_Pipeline_VITIS_LOOP_123_1|  return value|
|ap_start                                                                               |   in|    1|  ap_ctrl_hs|                                                     RMS_NORM_Pipeline_VITIS_LOOP_123_1|  return value|
|ap_done                                                                                |  out|    1|  ap_ctrl_hs|                                                     RMS_NORM_Pipeline_VITIS_LOOP_123_1|  return value|
|ap_idle                                                                                |  out|    1|  ap_ctrl_hs|                                                     RMS_NORM_Pipeline_VITIS_LOOP_123_1|  return value|
|ap_ready                                                                               |  out|    1|  ap_ctrl_hs|                                                     RMS_NORM_Pipeline_VITIS_LOOP_123_1|  return value|
|compute_controller_bool_bool_unsigned_int_bool_bool_bool_bool_bool_u_431               |   in|    8|     ap_none|               compute_controller_bool_bool_unsigned_int_bool_bool_bool_bool_bool_u_431|        scalar|
|compute_controller_bool_bool_unsigned_int_bool_bool_bool_bool_bool_u_432               |   in|    8|     ap_none|               compute_controller_bool_bool_unsigned_int_bool_bool_bool_bool_bool_u_432|        scalar|
|compute_controller_bool_bool_unsigned_int_bool_bool_bool_bool_bool_u_433               |   in|    8|     ap_none|               compute_controller_bool_bool_unsigned_int_bool_bool_bool_bool_bool_u_433|        scalar|
|compute_controller_bool_bool_unsigned_int_bool_bool_bool_bool_bool_u_434               |   in|    8|     ap_none|               compute_controller_bool_bool_unsigned_int_bool_bool_bool_bool_bool_u_434|        scalar|
|compute_controller_bool_bool_unsigned_int_bool_bool_bool_bool_bool_u_435               |   in|    8|     ap_none|               compute_controller_bool_bool_unsigned_int_bool_bool_bool_bool_bool_u_435|        scalar|
|compute_controller_bool_bool_unsigned_int_bool_bool_bool_bool_bool_u_436               |   in|    8|     ap_none|               compute_controller_bool_bool_unsigned_int_bool_bool_bool_bool_bool_u_436|        scalar|
|compute_controller_bool_bool_unsigned_int_bool_bool_bool_bool_bool_u_437               |   in|    8|     ap_none|               compute_controller_bool_bool_unsigned_int_bool_bool_bool_bool_bool_u_437|        scalar|
|compute_controller_bool_bool_unsigned_int_bool_bool_bool_bool_bool_u_438               |   in|    8|     ap_none|               compute_controller_bool_bool_unsigned_int_bool_bool_bool_bool_bool_u_438|        scalar|
|compute_controller_bool_bool_unsigned_int_bool_bool_bool_bool_bool_u_439               |   in|    8|     ap_none|               compute_controller_bool_bool_unsigned_int_bool_bool_bool_bool_bool_u_439|        scalar|
|compute_controller_bool_bool_unsigned_int_bool_bool_bool_bool_bool_u_440               |   in|    8|     ap_none|               compute_controller_bool_bool_unsigned_int_bool_bool_bool_bool_bool_u_440|        scalar|
|p_ZZ18compute_controllerbbjRbS_bS_S_RjPKhPhR12ComputeStateS0_RhS6_S6_S6_S_S_S_S_E_234  |   in|    8|     ap_none|  p_ZZ18compute_controllerbbjRbS_bS_S_RjPKhPhR12ComputeStateS0_RhS6_S6_S6_S_S_S_S_E_234|        scalar|
|p_ZZ18compute_controllerbbjRbS_bS_S_RjPKhPhR12ComputeStateS0_RhS6_S6_S6_S_S_S_S_E_235  |   in|    8|     ap_none|  p_ZZ18compute_controllerbbjRbS_bS_S_RjPKhPhR12ComputeStateS0_RhS6_S6_S6_S_S_S_S_E_235|        scalar|
|p_ZZ18compute_controllerbbjRbS_bS_S_RjPKhPhR12ComputeStateS0_RhS6_S6_S6_S_S_S_S_E_236  |   in|    8|     ap_none|  p_ZZ18compute_controllerbbjRbS_bS_S_RjPKhPhR12ComputeStateS0_RhS6_S6_S6_S_S_S_S_E_236|        scalar|
|p_ZZ18compute_controllerbbjRbS_bS_S_RjPKhPhR12ComputeStateS0_RhS6_S6_S6_S_S_S_S_E_237  |   in|    8|     ap_none|  p_ZZ18compute_controllerbbjRbS_bS_S_RjPKhPhR12ComputeStateS0_RhS6_S6_S6_S_S_S_S_E_237|        scalar|
|p_ZZ18compute_controllerbbjRbS_bS_S_RjPKhPhR12ComputeStateS0_RhS6_S6_S6_S_S_S_S_E_238  |   in|    8|     ap_none|  p_ZZ18compute_controllerbbjRbS_bS_S_RjPKhPhR12ComputeStateS0_RhS6_S6_S6_S_S_S_S_E_238|        scalar|
|p_ZZ18compute_controllerbbjRbS_bS_S_RjPKhPhR12ComputeStateS0_RhS6_S6_S6_S_S_S_S_E_239  |   in|    8|     ap_none|  p_ZZ18compute_controllerbbjRbS_bS_S_RjPKhPhR12ComputeStateS0_RhS6_S6_S6_S_S_S_S_E_239|        scalar|
|square_out                                                                             |  out|   19|      ap_vld|                                                                             square_out|       pointer|
|square_out_ap_vld                                                                      |  out|    1|      ap_vld|                                                                             square_out|       pointer|
+---------------------------------------------------------------------------------------+-----+-----+------------+---------------------------------------------------------------------------------------+--------------+

