WARNING: [vitis-run 60-2507] Dispatch failed to load the system diagram library librdi_system_diagram. Diagrams will not be produced.
  **** HLS Build v2025.1 6135595
INFO: [HLS 200-2005] Using work_dir /home/luka/Scripting/ELEC_498-Capstone-LiteLM/vitis_simulations/Top_Module/Headed_Compute_Controller/headed_compute_controller 
INFO: [HLS 200-2176] Writing Vitis IDE component file /home/luka/Scripting/ELEC_498-Capstone-LiteLM/vitis_simulations/Top_Module/Headed_Compute_Controller/headed_compute_controller/vitis-comp.json
INFO: [HLS 200-10] Creating and opening component '/home/luka/Scripting/ELEC_498-Capstone-LiteLM/vitis_simulations/Top_Module/Headed_Compute_Controller/headed_compute_controller'.
INFO: [HLS 200-1505] Using default flow_target 'vivado'
Resolution: For help on HLS 200-1505 see docs.xilinx.com/access/sources/dita/topic?Doc_Version=2025.1%20English&url=ug1448-hls-guidance&resourceid=200-1505.html
INFO: [HLS 200-2174] Applying component config ini file /home/luka/Scripting/ELEC_498-Capstone-LiteLM/vitis_simulations/Top_Module/Headed_Compute_Controller/hls_config.cfg
INFO: [HLS 200-1465] Applying config ini 'syn.file=/home/luka/Scripting/ELEC_498-Capstone-LiteLM/HLS-Verilog/top_params.hpp' from /home/luka/Scripting/ELEC_498-Capstone-LiteLM/vitis_simulations/Top_Module/Headed_Compute_Controller/hls_config.cfg(8)
INFO: [HLS 200-10] Adding design file '/home/luka/Scripting/ELEC_498-Capstone-LiteLM/HLS-Verilog/top_params.hpp' to the project
INFO: [HLS 200-1465] Applying config ini 'syn.file=/home/luka/Scripting/ELEC_498-Capstone-LiteLM/HLS-Verilog/Transformer_logic/src-hls/headed_compute_controller.hpp' from /home/luka/Scripting/ELEC_498-Capstone-LiteLM/vitis_simulations/Top_Module/Headed_Compute_Controller/hls_config.cfg(9)
INFO: [HLS 200-10] Adding design file '/home/luka/Scripting/ELEC_498-Capstone-LiteLM/HLS-Verilog/Transformer_logic/src-hls/headed_compute_controller.hpp' to the project
INFO: [HLS 200-1465] Applying config ini 'syn.file=/home/luka/Scripting/ELEC_498-Capstone-LiteLM/HLS-Verilog/Transformer_logic/src-hls/headed_compute_controller.cpp' from /home/luka/Scripting/ELEC_498-Capstone-LiteLM/vitis_simulations/Top_Module/Headed_Compute_Controller/hls_config.cfg(10)
INFO: [HLS 200-10] Adding design file '/home/luka/Scripting/ELEC_498-Capstone-LiteLM/HLS-Verilog/Transformer_logic/src-hls/headed_compute_controller.cpp' to the project
INFO: [HLS 200-1465] Applying config ini 'tb.file=/home/luka/Scripting/ELEC_498-Capstone-LiteLM/HLS-Verilog/Transformer_logic/src-hls/headed_computer_controller_tb.cpp' from /home/luka/Scripting/ELEC_498-Capstone-LiteLM/vitis_simulations/Top_Module/Headed_Compute_Controller/hls_config.cfg(11)
INFO: [HLS 200-10] Adding test bench file '/home/luka/Scripting/ELEC_498-Capstone-LiteLM/HLS-Verilog/Transformer_logic/src-hls/headed_computer_controller_tb.cpp' to the project
INFO: [HLS 200-1465] Applying config ini 'syn.top=headed_compute_controller' from /home/luka/Scripting/ELEC_498-Capstone-LiteLM/vitis_simulations/Top_Module/Headed_Compute_Controller/hls_config.cfg(7)
INFO: [HLS 200-1465] Applying config ini 'flow_target=vivado' from /home/luka/Scripting/ELEC_498-Capstone-LiteLM/vitis_simulations/Top_Module/Headed_Compute_Controller/hls_config.cfg(4)
INFO: [HLS 200-1505] Using flow_target 'vivado'
Resolution: For help on HLS 200-1505 see docs.xilinx.com/access/sources/dita/topic?Doc_Version=2025.1%20English&url=ug1448-hls-guidance&resourceid=200-1505.html
INFO: [HLS 200-1465] Applying config ini 'part=xck26-sfvc784-2LV-c' from /home/luka/Scripting/ELEC_498-Capstone-LiteLM/vitis_simulations/Top_Module/Headed_Compute_Controller/hls_config.cfg(1)
INFO: [HLS 200-1611] Setting target device to 'xck26-sfvc784-2LV-c'
INFO: [HLS 200-1465] Applying config ini 'clock=10ns' from /home/luka/Scripting/ELEC_498-Capstone-LiteLM/vitis_simulations/Top_Module/Headed_Compute_Controller/hls_config.cfg(12)
INFO: [SYN 201-201] Setting up clock 'default' with a period of 10ns.
INFO: [HLS 200-1465] Applying config ini 'package.output.format=ip_catalog' from /home/luka/Scripting/ELEC_498-Capstone-LiteLM/vitis_simulations/Top_Module/Headed_Compute_Controller/hls_config.cfg(5)
INFO: [HLS 200-2176] Writing Vitis IDE component file /home/luka/Scripting/ELEC_498-Capstone-LiteLM/vitis_simulations/Top_Module/Headed_Compute_Controller/headed_compute_controller/vitis-comp.json
INFO: [SIM 211-2] *************** CSIM start ***************
INFO: [SIM 211-4] CSIM will launch CLANG as the compiler.
INFO: [HLS 200-2036] Building debug C Simulation binaries
   Compiling ../../../../../../../HLS-Verilog/Transformer_logic/src-hls/headed_computer_controller_tb.cpp in debug mode
   Generating csim.exe
../../../../../../../HLS-Verilog/Transformer_logic/src-hls/headed_computer_controller_tb.cpp:629:63: warning: data argument not used by format string [-Wformat-extra-args]
                "State", "ReqInstr", "ReqOp", "ReqL", "ReqH", "ReqT");
                                                              ^
1 warning generated.
D_MODEL=8 D_HEADS=2 CONTEXT_LENGTH=16
Q_ACT[8]: 1 -2 3 -4 5 -6 7 -8
K_ACT[8]: -2 4 -4 6 -6 8 -8 10
V_ACT[8]: -4 -3 -2 -4 -3 -2 -4 -3
WQ[2][8]:
  head 0: 1 1 1 1 1 1 1 1
  head 1: 3 3 3 3 3 3 3 3
WK[2][8]:
  head 0: -2 -2 -2 -2 -2 -2 -2 -2
  head 1: 2 2 2 2 2 2 2 2
WV[2][8]:
  head 0: 1 -3 1 -3 1 -3 1 -3
  head 1: 1 -3 1 -3 1 -3 1 -3
Q_BIAS[2]: 3 -2
K_BIAS[2]: -1 2
V_BIAS[2]: 4 -3
RQ_Q_IN[2]: 40 45
RQ_K_IN[2]: -30 -37
RQ_V_IN[2]: 15 26
RQ_HEAD_IN[2]: 20 -21
ATT_Q[2]: 5 -6
ATT_K_CACHE[16][2]:
  00: 1 2
  01: -2 -3
  02: 3 4
  03: -4 -5
  04: 5 6
  05: -6 -7
  06: 7 8
  07: -8 -9
  08: 9 10
  09: -10 -11
  10: 11 12
  11: -12 -13
  12: 13 14
  13: -14 -15
  14: 15 16
  15: -16 -17
VALUE_SCALE_IN[16]: -90 -53 -16 21 58 95 132 -90 -53 -16 21 58 95 132 -90 -53
SOFTMAX_IN[16]: -1200 -1105 -1010 -915 -820 -725 -630 -535 -440 -345 -250 -155 -60 35 130 225
ATT_WEIGHTS_IN[16]: -30 -15 0 15 30 -30 -15 0 15 30 -30 -15 0 15 30 -30
ATT_V_CACHE[2][16]:
  00: -2 0 2 4 -2 0 2 4 -2 0 2 4 -2 0 2 4
  01: -3 0 3 6 -3 0 3 6 -3 0 3 6 -3 0 3 6
Cycle  Rst   Start Ready Done  Err    MRead  MWrite MDone  MOp        Instr      Op    Layer Head  Tile    State      ReqInstr ReqOp ReqL  ReqH 
0      1     0     1     0     0      0      0      0      -          0x00000000 -          0     0     0     0       0x00000000 -        0     0     0    

1      1     0     1     0     0      0      0      0      -          0x00000000 -          0     0     0     0       0x00000000 -        0     0     0    

2      0     0     1     0     0      0      0      0      -          0x00000000 -          0     0     0     0       0x00000000 -        0     0     0    

3      0     1     1     0     0      0      0      0      -          0x00000003 Q          0     0     0     2       0x00000003 Q        0     0     0    

4      0     0     0     0     0      1      0      0      Q          0x00000003 Q          0     0     0     2       0x00000003 Q        0     0     0    

5      0     0     0     0     0      1      0      0      Q          0x00000003 Q          0     0     0     2       0x00000003 Q        0     0     0    

in_buf (send)[66]:
  0000: 01 fe 03 fc 05 fa 07 f8 11 11 11 11 33 33 33 33
  0010: e3 00 00 00 00 00 00 00 00 00 00 00 00 00 00 00
  0020: 00 00 00 00 00 00 00 00 00 00 00 00 00 00 00 00
  0030: 00 00 00 00 00 00 00 00 00 00 00 00 00 00 00 00
  0040: 00 00
QKV in_buf (decoded):
  ACT: 1 -2 3 -4 5 -6 7 -8
  W: 1 1 1 1 1 1 1 1 3 3 3 3 3 3 3 3
  B: 3 -2
6      0     0     0     0     0      0      0      1      Q          0x00000003 Q          0     0     0     3       0x00000003 Q        0     0     0    

MAC_START QKV head_vec[16]: 1 -2 3 -4 5 -6 7 -8 0 0 0 0 0 0 0 0
MAC_START QKV head_mat[16][16]:
  00: 1 1 1 1 1 1 1 1 0 0 0 0 0 0 0 0
  01: 3 3 3 3 3 3 3 3 0 0 0 0 0 0 0 0
  02: 0 0 0 0 0 0 0 0 0 0 0 0 0 0 0 0
  03: 0 0 0 0 0 0 0 0 0 0 0 0 0 0 0 0
  04: 0 0 0 0 0 0 0 0 0 0 0 0 0 0 0 0
  05: 0 0 0 0 0 0 0 0 0 0 0 0 0 0 0 0
  06: 0 0 0 0 0 0 0 0 0 0 0 0 0 0 0 0
  07: 0 0 0 0 0 0 0 0 0 0 0 0 0 0 0 0
  08: 0 0 0 0 0 0 0 0 0 0 0 0 0 0 0 0
  09: 0 0 0 0 0 0 0 0 0 0 0 0 0 0 0 0
  10: 0 0 0 0 0 0 0 0 0 0 0 0 0 0 0 0
  11: 0 0 0 0 0 0 0 0 0 0 0 0 0 0 0 0
  12: 0 0 0 0 0 0 0 0 0 0 0 0 0 0 0 0
  13: 0 0 0 0 0 0 0 0 0 0 0 0 0 0 0 0
  14: 0 0 0 0 0 0 0 0 0 0 0 0 0 0 0 0
  15: 0 0 0 0 0 0 0 0 0 0 0 0 0 0 0 0
MAC_START QKV head_bias[16]: 3 -2 0 0 0 0 0 0 0 0 0 0 0 0 0 0
7      0     0     0     0     0      0      0      1      Q          0x00000003 Q          0     0     0     3       0x00000003 Q        0     0     0    

8      0     0     0     0     0      0      0      1      Q          0x00000003 Q          0     0     0     3       0x00000003 Q        0     0     0    

9      0     0     0     0     0      0      0      0      Q          0x00000003 Q          0     0     0     4       0x00000003 Q        0     0     0    

10     0     0     0     0     0      0      1      0      Q          0x00000003 Q          0     0     0     4       0x00000003 Q        0     0     0    

11     0     0     0     0     0      0      1      0      Q          0x00000003 Q          0     0     0     4       0x00000003 Q        0     0     0    

12     0     0     0     0     0      0      0      1      -          0x00000003 Q          0     0     0     5       0x00000003 Q        0     0     0    

out_buf (done)[64]:
  0000: ff ff ff ff f2 ff ff ff 00 00 00 00 00 00 00 00
  0010: 00 00 00 00 00 00 00 00 00 00 00 00 00 00 00 00
  0020: 00 00 00 00 00 00 00 00 00 00 00 00 00 00 00 00
  0030: 00 00 00 00 00 00 00 00 00 00 00 00 00 00 00 00
out_buf (decoded):
  Y: -1 -14
13     0     0     0     1     0      0      0      1      -          0x00000003 Q          0     0     0     0       0x00000000 -        0     0     0    

14     0     0     1     0     0      0      0      1      -          0x00000003 Q          0     0     0     0       0x00000000 -        0     0     0    

15     0     1     1     0     0      0      0      0      -          0x00000004 K          0     0     0     2       0x00000004 K        0     0     0    

16     0     0     0     0     0      1      0      0      K          0x00000004 K          0     0     0     2       0x00000004 K        0     0     0    

17     0     0     0     0     0      1      0      0      K          0x00000004 K          0     0     0     2       0x00000004 K        0     0     0    

in_buf (send)[66]:
  0000: fe 04 fc 06 fa 08 f8 0a ee ee ee ee 22 22 22 22
  0010: 2f 00 00 00 00 00 00 00 00 00 00 00 00 00 00 00
  0020: 00 00 00 00 00 00 00 00 00 00 00 00 00 00 00 00
  0030: 00 00 00 00 00 00 00 00 00 00 00 00 00 00 00 00
  0040: 00 00
QKV in_buf (decoded):
  ACT: -2 4 -4 6 -6 8 -8 10
  W: -2 -2 -2 -2 -2 -2 -2 -2 2 2 2 2 2 2 2 2
  B: -1 2
18     0     0     0     0     0      0      0      1      K          0x00000004 K          0     0     0     3       0x00000004 K        0     0     0    

MAC_START QKV head_vec[16]: -2 4 -4 6 -6 8 -8 10 0 0 0 0 0 0 0 0
MAC_START QKV head_mat[16][16]:
  00: -2 -2 -2 -2 -2 -2 -2 -2 0 0 0 0 0 0 0 0
  01: 2 2 2 2 2 2 2 2 0 0 0 0 0 0 0 0
  02: 0 0 0 0 0 0 0 0 0 0 0 0 0 0 0 0
  03: 0 0 0 0 0 0 0 0 0 0 0 0 0 0 0 0
  04: 0 0 0 0 0 0 0 0 0 0 0 0 0 0 0 0
  05: 0 0 0 0 0 0 0 0 0 0 0 0 0 0 0 0
  06: 0 0 0 0 0 0 0 0 0 0 0 0 0 0 0 0
  07: 0 0 0 0 0 0 0 0 0 0 0 0 0 0 0 0
  08: 0 0 0 0 0 0 0 0 0 0 0 0 0 0 0 0
  09: 0 0 0 0 0 0 0 0 0 0 0 0 0 0 0 0
  10: 0 0 0 0 0 0 0 0 0 0 0 0 0 0 0 0
  11: 0 0 0 0 0 0 0 0 0 0 0 0 0 0 0 0
  12: 0 0 0 0 0 0 0 0 0 0 0 0 0 0 0 0
  13: 0 0 0 0 0 0 0 0 0 0 0 0 0 0 0 0
  14: 0 0 0 0 0 0 0 0 0 0 0 0 0 0 0 0
  15: 0 0 0 0 0 0 0 0 0 0 0 0 0 0 0 0
MAC_START QKV head_bias[16]: -1 2 0 0 0 0 0 0 0 0 0 0 0 0 0 0
19     0     0     0     0     0      0      0      1      K          0x00000004 K          0     0     0     3       0x00000004 K        0     0     0    

20     0     0     0     0     0      0      0      1      K          0x00000004 K          0     0     0     3       0x00000004 K        0     0     0    

21     0     0     0     0     0      0      0      0      K          0x00000004 K          0     0     0     4       0x00000004 K        0     0     0    

22     0     0     0     0     0      0      1      0      K          0x00000004 K          0     0     0     4       0x00000004 K        0     0     0    

23     0     0     0     0     0      0      1      0      K          0x00000004 K          0     0     0     4       0x00000004 K        0     0     0    

24     0     0     0     0     0      0      0      1      -          0x00000004 K          0     0     0     5       0x00000004 K        0     0     0    

out_buf (done)[64]:
  0000: ef ff ff ff 12 00 00 00 00 00 00 00 00 00 00 00
  0010: 00 00 00 00 00 00 00 00 00 00 00 00 00 00 00 00
  0020: 00 00 00 00 00 00 00 00 00 00 00 00 00 00 00 00
  0030: 00 00 00 00 00 00 00 00 00 00 00 00 00 00 00 00
out_buf (decoded):
  Y: -17 18
25     0     0     0     1     0      0      0      1      -          0x00000004 K          0     0     0     0       0x00000000 -        0     0     0    

26     0     0     1     0     0      0      0      1      -          0x00000004 K          0     0     0     0       0x00000000 -        0     0     0    

27     0     1     1     0     0      0      0      0      -          0x00000006 V          0     0     0     2       0x00000006 V        0     0     0    

28     0     0     0     0     0      1      0      0      V          0x00000006 V          0     0     0     2       0x00000006 V        0     0     0    

29     0     0     0     0     0      1      0      0      V          0x00000006 V          0     0     0     2       0x00000006 V        0     0     0    

in_buf (send)[66]:
  0000: fc fd fe fc fd fe fc fd d1 d1 d1 d1 d1 d1 d1 d1
  0010: d4 00 00 00 00 00 00 00 00 00 00 00 00 00 00 00
  0020: 00 00 00 00 00 00 00 00 00 00 00 00 00 00 00 00
  0030: 00 00 00 00 00 00 00 00 00 00 00 00 00 00 00 00
  0040: 00 00
QKV in_buf (decoded):
  ACT: -4 -3 -2 -4 -3 -2 -4 -3
  W: 1 -3 1 -3 1 -3 1 -3 1 -3 1 -3 1 -3 1 -3
  B: 4 -3
30     0     0     0     0     0      0      0      1      V          0x00000006 V          0     0     0     3       0x00000006 V        0     0     0    

MAC_START QKV head_vec[16]: -4 -3 -2 -4 -3 -2 -4 -3 0 0 0 0 0 0 0 0
MAC_START QKV head_mat[16][16]:
  00: 1 -3 1 -3 1 -3 1 -3 0 0 0 0 0 0 0 0
  01: 1 -3 1 -3 1 -3 1 -3 0 0 0 0 0 0 0 0
  02: 0 0 0 0 0 0 0 0 0 0 0 0 0 0 0 0
  03: 0 0 0 0 0 0 0 0 0 0 0 0 0 0 0 0
  04: 0 0 0 0 0 0 0 0 0 0 0 0 0 0 0 0
  05: 0 0 0 0 0 0 0 0 0 0 0 0 0 0 0 0
  06: 0 0 0 0 0 0 0 0 0 0 0 0 0 0 0 0
  07: 0 0 0 0 0 0 0 0 0 0 0 0 0 0 0 0
  08: 0 0 0 0 0 0 0 0 0 0 0 0 0 0 0 0
  09: 0 0 0 0 0 0 0 0 0 0 0 0 0 0 0 0
  10: 0 0 0 0 0 0 0 0 0 0 0 0 0 0 0 0
  11: 0 0 0 0 0 0 0 0 0 0 0 0 0 0 0 0
  12: 0 0 0 0 0 0 0 0 0 0 0 0 0 0 0 0
  13: 0 0 0 0 0 0 0 0 0 0 0 0 0 0 0 0
  14: 0 0 0 0 0 0 0 0 0 0 0 0 0 0 0 0
  15: 0 0 0 0 0 0 0 0 0 0 0 0 0 0 0 0
MAC_START QKV head_bias[16]: 4 -3 0 0 0 0 0 0 0 0 0 0 0 0 0 0
31     0     0     0     0     0      0      0      1      V          0x00000006 V          0     0     0     3       0x00000006 V        0     0     0    

32     0     0     0     0     0      0      0      1      V          0x00000006 V          0     0     0     3       0x00000006 V        0     0     0    

33     0     0     0     0     0      0      0      0      V          0x00000006 V          0     0     0     4       0x00000006 V        0     0     0    

34     0     0     0     0     0      0      1      0      V          0x00000006 V          0     0     0     4       0x00000006 V        0     0     0    

35     0     0     0     0     0      0      1      0      V          0x00000006 V          0     0     0     4       0x00000006 V        0     0     0    

36     0     0     0     0     0      0      0      1      -          0x00000006 V          0     0     0     5       0x00000006 V        0     0     0    

out_buf (done)[64]:
  0000: 1b 00 00 00 14 00 00 00 00 00 00 00 00 00 00 00
  0010: 00 00 00 00 00 00 00 00 00 00 00 00 00 00 00 00
  0020: 00 00 00 00 00 00 00 00 00 00 00 00 00 00 00 00
  0030: 00 00 00 00 00 00 00 00 00 00 00 00 00 00 00 00
out_buf (decoded):
  Y: 27 20
37     0     0     0     1     0      0      0      1      -          0x00000006 V          0     0     0     0       0x00000000 -        0     0     0    

38     0     0     1     0     0      0      0      1      -          0x00000006 V          0     0     0     0       0x00000000 -        0     0     0    

39     0     1     1     0     0      0      0      0      -          0x00000005 K_RQ       0     0     0     2       0x00000005 K_RQ     0     0     0    

40     0     0     0     0     0      1      0      0      K_RQ       0x00000005 K_RQ       0     0     0     2       0x00000005 K_RQ     0     0     0    

41     0     0     0     0     0      1      0      0      K_RQ       0x00000005 K_RQ       0     0     0     2       0x00000005 K_RQ     0     0     0    

in_buf (send)[66]:
  0000: e2 ff ff ff db ff ff ff 03 00 00 00 03 00 00 00
  0010: ff ff ff ff 00 00 00 00 00 00 00 00 00 00 00 00
  0020: 00 00 00 00 00 00 00 00 00 00 00 00 00 00 00 00
  0030: 00 00 00 00 00 00 00 00 00 00 00 00 00 00 00 00
  0040: 00 00
HEAD_REQUANT in_buf (decoded):
  X: -30 -37
  M: 3
  N: 3
  Z: -1
42     0     0     0     0     0      0      0      1      K_RQ       0x00000005 K_RQ       0     0     0     3       0x00000005 K_RQ     0     0     0    

43     0     0     0     0     0      0      0      1      K_RQ       0x00000005 K_RQ       0     0     0     4       0x00000005 K_RQ     0     0     0    

44     0     0     0     0     0      0      0      1      -          0x00000005 K_RQ       0     0     0     5       0x00000005 K_RQ     0     0     0    

out_buf (done)[64]:
  0000: f4 f1 00 00 14 00 00 00 00 00 00 00 00 00 00 00
  0010: 00 00 00 00 00 00 00 00 00 00 00 00 00 00 00 00
  0020: 00 00 00 00 00 00 00 00 00 00 00 00 00 00 00 00
  0030: 00 00 00 00 00 00 00 00 00 00 00 00 00 00 00 00
out_buf (decoded):
  Y: -12 -15
45     0     0     0     1     0      0      0      0      -          0x00000005 K_RQ       0     0     0     0       0x00000000 -        0     0     0    

46     0     0     1     0     0      0      0      0      -          0x00000005 K_RQ       0     0     0     0       0x00000000 -        0     0     0    

47     0     1     1     0     0      0      0      0      -          0x00000007 V_RQ       0     0     0     2       0x00000007 V_RQ     0     0     0    

48     0     0     0     0     0      1      0      0      V_RQ       0x00000007 V_RQ       0     0     0     2       0x00000007 V_RQ     0     0     0    

49     0     0     0     0     0      1      0      0      V_RQ       0x00000007 V_RQ       0     0     0     2       0x00000007 V_RQ     0     0     0    

in_buf (send)[66]:
  0000: 0f 00 00 00 1a 00 00 00 03 00 00 00 03 00 00 00
  0010: ff ff ff ff 00 00 00 00 00 00 00 00 00 00 00 00
  0020: 00 00 00 00 00 00 00 00 00 00 00 00 00 00 00 00
  0030: 00 00 00 00 00 00 00 00 00 00 00 00 00 00 00 00
  0040: 00 00
HEAD_REQUANT in_buf (decoded):
  X: 15 26
  M: 3
  N: 3
  Z: -1
50     0     0     0     0     0      0      0      1      V_RQ       0x00000007 V_RQ       0     0     0     3       0x00000007 V_RQ     0     0     0    

51     0     0     0     0     0      0      0      1      V_RQ       0x00000007 V_RQ       0     0     0     4       0x00000007 V_RQ     0     0     0    

52     0     0     0     0     0      0      0      1      -          0x00000007 V_RQ       0     0     0     5       0x00000007 V_RQ     0     0     0    

out_buf (done)[64]:
  0000: 05 09 00 00 14 00 00 00 00 00 00 00 00 00 00 00
  0010: 00 00 00 00 00 00 00 00 00 00 00 00 00 00 00 00
  0020: 00 00 00 00 00 00 00 00 00 00 00 00 00 00 00 00
  0030: 00 00 00 00 00 00 00 00 00 00 00 00 00 00 00 00
out_buf (decoded):
  Y: 5 9
53     0     0     0     1     0      0      0      0      -          0x00000007 V_RQ       0     0     0     0       0x00000000 -        0     0     0    

54     0     0     1     0     0      0      0      0      -          0x00000007 V_RQ       0     0     0     0       0x00000000 -        0     0     0    

55     0     1     1     0     0      0      0      0      -          0x00000008 RQ_Q       0     0     0     2       0x00000008 RQ_Q     0     0     0    

56     0     0     0     0     0      1      0      0      RQ_Q       0x00000008 RQ_Q       0     0     0     2       0x00000008 RQ_Q     0     0     0    

57     0     0     0     0     0      1      0      0      RQ_Q       0x00000008 RQ_Q       0     0     0     2       0x00000008 RQ_Q     0     0     0    

in_buf (send)[66]:
  0000: 28 00 00 00 2d 00 00 00 03 00 00 00 03 00 00 00
  0010: ff ff ff ff 00 00 00 00 00 00 00 00 00 00 00 00
  0020: 00 00 00 00 00 00 00 00 00 00 00 00 00 00 00 00
  0030: 00 00 00 00 00 00 00 00 00 00 00 00 00 00 00 00
  0040: 00 00
HEAD_REQUANT in_buf (decoded):
  X: 40 45
  M: 3
  N: 3
  Z: -1
58     0     0     0     0     0      0      0      1      RQ_Q       0x00000008 RQ_Q       0     0     0     3       0x00000008 RQ_Q     0     0     0    

59     0     0     0     0     0      0      0      1      RQ_Q       0x00000008 RQ_Q       0     0     0     4       0x00000008 RQ_Q     0     0     0    

60     0     0     0     0     0      0      0      1      -          0x00000008 RQ_Q       0     0     0     5       0x00000008 RQ_Q     0     0     0    

out_buf (done)[64]:
  0000: 0e 10 00 00 14 00 00 00 00 00 00 00 00 00 00 00
  0010: 00 00 00 00 00 00 00 00 00 00 00 00 00 00 00 00
  0020: 00 00 00 00 00 00 00 00 00 00 00 00 00 00 00 00
  0030: 00 00 00 00 00 00 00 00 00 00 00 00 00 00 00 00
out_buf (decoded):
  Y: 14 16
61     0     0     0     1     0      0      0      0      -          0x00000008 RQ_Q       0     0     0     0       0x00000000 -        0     0     0    

62     0     0     1     0     0      0      0      0      -          0x00000008 RQ_Q       0     0     0     0       0x00000000 -        0     0     0    

63     0     1     1     0     0      0      0      0      -          0x00000009 ATT_SCORES 0     0     0     2       0x00000009 ATT_SCORES 0     0     0    

64     0     0     0     0     0      1      0      0      ATT_SCORES 0x00000009 ATT_SCORES 0     0     0     2       0x00000009 ATT_SCORES 0     0     0    

65     0     0     0     0     0      1      0      0      ATT_SCORES 0x00000009 ATT_SCORES 0     0     0     2       0x00000009 ATT_SCORES 0     0     0    

in_buf (send)[66]:
  0000: 05 fa 01 02 fe fd 03 04 fc fb 05 06 fa f9 07 08
  0010: f8 f7 09 0a f6 f5 0b 0c f4 f3 0d 0e f2 f1 0f 10
  0020: f0 ef 00 00 00 00 00 00 00 00 00 00 00 00 00 00
  0030: 00 00 00 00 00 00 00 00 00 00 00 00 00 00 00 00
  0040: 00 00
ATT_SCORES in_buf (decoded):
  Q: 5 -6
  K_CACHE: 1 2 -2 -3 3 4 -4 -5 5 6 -6 -7 7 8 -8 -9 9 10 -10 -11 11 12 -12 -13 13 14 -14 -15 15 16 -16 -17
66     0     0     0     0     0      0      0      1      ATT_SCORES 0x00000009 ATT_SCORES 0     0     0     3       0x00000009 ATT_SCORES 0     0     0    

MAC_START ATT_SCORES head_vec[16]: 5 -6 0 0 0 0 0 0 0 0 0 0 0 0 0 0
MAC_START ATT_SCORES head_mat[16][16]:
  00: 1 2 0 0 0 0 0 0 0 0 0 0 0 0 0 0
  01: -2 -3 0 0 0 0 0 0 0 0 0 0 0 0 0 0
  02: 3 4 0 0 0 0 0 0 0 0 0 0 0 0 0 0
  03: -4 -5 0 0 0 0 0 0 0 0 0 0 0 0 0 0
  04: 5 6 0 0 0 0 0 0 0 0 0 0 0 0 0 0
  05: -6 -7 0 0 0 0 0 0 0 0 0 0 0 0 0 0
  06: 7 8 0 0 0 0 0 0 0 0 0 0 0 0 0 0
  07: -8 -9 0 0 0 0 0 0 0 0 0 0 0 0 0 0
  08: 9 10 0 0 0 0 0 0 0 0 0 0 0 0 0 0
  09: -10 -11 0 0 0 0 0 0 0 0 0 0 0 0 0 0
  10: 11 12 0 0 0 0 0 0 0 0 0 0 0 0 0 0
  11: -12 -13 0 0 0 0 0 0 0 0 0 0 0 0 0 0
  12: 13 14 0 0 0 0 0 0 0 0 0 0 0 0 0 0
  13: -14 -15 0 0 0 0 0 0 0 0 0 0 0 0 0 0
  14: 15 16 0 0 0 0 0 0 0 0 0 0 0 0 0 0
  15: -16 -17 0 0 0 0 0 0 0 0 0 0 0 0 0 0
MAC_START ATT_SCORES head_bias[16]: 0 0 0 0 0 0 0 0 0 0 0 0 0 0 0 0
67     0     0     0     0     0      0      0      1      ATT_SCORES 0x00000009 ATT_SCORES 0     0     0     3       0x00000009 ATT_SCORES 0     0     0    

68     0     0     0     0     0      0      0      1      ATT_SCORES 0x00000009 ATT_SCORES 0     0     0     3       0x00000009 ATT_SCORES 0     0     0    

69     0     0     0     0     0      0      0      0      ATT_SCORES 0x00000009 ATT_SCORES 0     0     0     4       0x00000009 ATT_SCORES 0     0     0    

70     0     0     0     0     0      0      1      0      ATT_SCORES 0x00000009 ATT_SCORES 0     0     0     4       0x00000009 ATT_SCORES 0     0     0    

71     0     0     0     0     0      0      1      0      ATT_SCORES 0x00000009 ATT_SCORES 0     0     0     4       0x00000009 ATT_SCORES 0     0     0    

72     0     0     0     0     0      0      0      1      -          0x00000009 ATT_SCORES 0     0     0     5       0x00000009 ATT_SCORES 0     0     0    

out_buf (done)[64]:
  0000: f9 ff ff ff 08 00 00 00 f7 ff ff ff 0a 00 00 00
  0010: f5 ff ff ff 0c 00 00 00 f3 ff ff ff 0e 00 00 00
  0020: f1 ff ff ff 10 00 00 00 ef ff ff ff 12 00 00 00
  0030: ed ff ff ff 14 00 00 00 eb ff ff ff 16 00 00 00
out_buf (decoded):
  Y: -7 8 -9 10 -11 12 -13 14 -15 16 -17 18 -19 20 -21 22
73     0     0     0     1     0      0      0      1      -          0x00000009 ATT_SCORES 0     0     0     0       0x00000000 -        0     0     0    

74     0     0     1     0     0      0      0      1      -          0x00000009 ATT_SCORES 0     0     0     0       0x00000000 -        0     0     0    

75     0     1     1     0     0      0      0      0      -          0x0000000a VALUE_SCALE 0     0     0     2       0x0000000a VALUE_SCALE 0     0     0    

76     0     0     0     0     0      1      0      0      VALUE_SCALE 0x0000000a VALUE_SCALE 0     0     0     2       0x0000000a VALUE_SCALE 0     0     0    

77     0     0     0     0     0      1      0      0      VALUE_SCALE 0x0000000a VALUE_SCALE 0     0     0     2       0x0000000a VALUE_SCALE 0     0     0    

in_buf (send)[66]:
  0000: a6 ff ff ff cb ff ff ff f0 ff ff ff 15 00 00 00
  0010: 3a 00 00 00 5f 00 00 00 84 00 00 00 a6 ff ff ff
  0020: cb ff ff ff f0 ff ff ff 15 00 00 00 3a 00 00 00
  0030: 5f 00 00 00 84 00 00 00 a6 ff ff ff cb ff ff ff
  0040: 00 40
VALUE_SCALE in_buf (decoded):
  X: -90 -53 -16 21 58 95 132 -90 -53 -16 21 58 95 132 -90 -53
  SCALE: 16384
78     0     0     0     0     0      0      0      1      VALUE_SCALE 0x0000000a VALUE_SCALE 0     0     0     3       0x0000000a VALUE_SCALE 0     0     0    

79     0     0     0     0     0      0      0      1      VALUE_SCALE 0x0000000a VALUE_SCALE 0     0     0     4       0x0000000a VALUE_SCALE 0     0     0    

80     0     0     0     0     0      0      0      1      -          0x0000000a VALUE_SCALE 0     0     0     5       0x0000000a VALUE_SCALE 0     0     0    

out_buf (done)[64]:
  0000: d2 ff e5 ff f7 ff 0b 00 1d 00 30 00 42 00 d2 ff
  0010: e5 ff f7 ff 0b 00 1d 00 30 00 42 00 d2 ff e5 ff
  0020: f1 ff ff ff 10 00 00 00 ef ff ff ff 12 00 00 00
  0030: ed ff ff ff 14 00 00 00 eb ff ff ff 16 00 00 00
out_buf (decoded):
  Y: -46 -27 -9 11 29 48 66 -46 -27 -9 11 29 48 66 -46 -27
81     0     0     0     1     0      0      0      0      -          0x0000000a VALUE_SCALE 0     0     0     0       0x00000000 -        0     0     0    

82     0     0     1     0     0      0      0      0      -          0x0000000a VALUE_SCALE 0     0     0     0       0x00000000 -        0     0     0    

83     0     1     1     0     0      0      0      0      -          0x0000000b SOFTMAX    0     0     0     2       0x0000000b SOFTMAX  0     0     0    

84     0     0     0     0     0      1      0      0      SOFTMAX    0x0000000b SOFTMAX    0     0     0     2       0x0000000b SOFTMAX  0     0     0    

85     0     0     0     0     0      1      0      0      SOFTMAX    0x0000000b SOFTMAX    0     0     0     2       0x0000000b SOFTMAX  0     0     0    

in_buf (send)[66]:
  0000: 50 fb af fb 0e fc 6d fc cc fc 2b fd 8a fd e9 fd
  0010: 48 fe a7 fe 06 ff 65 ff c4 ff 23 00 82 00 e1 00
  0020: 00 00 00 00 00 00 00 00 00 00 00 00 00 00 00 00
  0030: 00 00 00 00 00 00 00 00 00 00 00 00 00 00 00 00
  0040: 00 00
SOFTMAX in_buf (decoded):
  X: -1200 -1105 -1010 -915 -820 -725 -630 -535 -440 -345 -250 -155 -60 35 130 225
86     0     0     0     0     0      0      0      1      SOFTMAX    0x0000000b SOFTMAX    0     0     0     3       0x0000000b SOFTMAX  0     0     0    

87     0     0     0     0     0      0      0      1      SOFTMAX    0x0000000b SOFTMAX    0     0     0     4       0x0000000b SOFTMAX  0     0     0    

88     0     0     0     0     0      0      0      1      -          0x0000000b SOFTMAX    0     0     0     5       0x0000000b SOFTMAX  0     0     0    

out_buf (done)[64]:
  0000: 00 00 00 00 00 00 00 00 00 00 00 00 00 00 00 00
  0010: 00 00 00 00 00 00 00 00 00 00 00 00 00 00 00 00
  0020: f1 ff ff ff 10 00 00 00 ef ff ff ff 12 00 00 00
  0030: ed ff ff ff 14 00 00 00 eb ff ff ff 16 00 00 00
out_buf (decoded):
  Y: 0 0 0 0 0 0 0 0 0 0 0 0 0 0 0 0
89     0     0     0     1     0      0      0      0      -          0x0000000b SOFTMAX    0     0     0     0       0x00000000 -        0     0     0    

90     0     0     1     0     0      0      0      0      -          0x0000000b SOFTMAX    0     0     0     0       0x00000000 -        0     0     0    

91     0     1     1     0     0      0      0      0      -          0x0000000c ATT_VALUE  0     0     0     2       0x0000000c ATT_VALUE 0     0     0    

92     0     0     0     0     0      1      0      0      ATT_VALUE  0x0000000c ATT_VALUE  0     0     0     2       0x0000000c ATT_VALUE 0     0     0    

93     0     0     0     0     0      1      0      0      ATT_VALUE  0x0000000c ATT_VALUE  0     0     0     2       0x0000000c ATT_VALUE 0     0     0    

in_buf (send)[66]:
  0000: e2 f1 00 0f 1e e2 f1 00 0f 1e e2 f1 00 0f 1e e2
  0010: fe 00 02 04 fe 00 02 04 fe 00 02 04 fe 00 02 04
  0020: fd 00 03 06 fd 00 03 06 fd 00 03 06 fd 00 03 06
  0030: 00 00 00 00 00 00 00 00 00 00 00 00 00 00 00 00
  0040: 00 00
ATT_VALUE in_buf (decoded):
  WEIGHTS: -30 -15 0 15 30 -30 -15 0 15 30 -30 -15 0 15 30 -30
  V_CACHE: -2 0 2 4 -2 0 2 4 -2 0 2 4 -2 0 2 4 -3 0 3 6 -3 0 3 6 -3 0 3 6 -3 0 3 6
94     0     0     0     0     0      0      0      1      ATT_VALUE  0x0000000c ATT_VALUE  0     0     0     3       0x0000000c ATT_VALUE 0     0     0    

MAC_START ATT_VALUE head_vec[16]: -30 -15 0 15 30 -30 -15 0 15 30 -30 -15 0 15 30 -30
MAC_START ATT_VALUE head_mat[16][16]:
  00: -2 0 2 4 -2 0 2 4 -2 0 2 4 -2 0 2 4
  01: -3 0 3 6 -3 0 3 6 -3 0 3 6 -3 0 3 6
  02: 0 0 0 0 0 0 0 0 0 0 0 0 0 0 0 0
  03: 0 0 0 0 0 0 0 0 0 0 0 0 0 0 0 0
  04: 0 0 0 0 0 0 0 0 0 0 0 0 0 0 0 0
  05: 0 0 0 0 0 0 0 0 0 0 0 0 0 0 0 0
  06: 0 0 0 0 0 0 0 0 0 0 0 0 0 0 0 0
  07: 0 0 0 0 0 0 0 0 0 0 0 0 0 0 0 0
  08: 0 0 0 0 0 0 0 0 0 0 0 0 0 0 0 0
  09: 0 0 0 0 0 0 0 0 0 0 0 0 0 0 0 0
  10: 0 0 0 0 0 0 0 0 0 0 0 0 0 0 0 0
  11: 0 0 0 0 0 0 0 0 0 0 0 0 0 0 0 0
  12: 0 0 0 0 0 0 0 0 0 0 0 0 0 0 0 0
  13: 0 0 0 0 0 0 0 0 0 0 0 0 0 0 0 0
  14: 0 0 0 0 0 0 0 0 0 0 0 0 0 0 0 0
  15: 0 0 0 0 0 0 0 0 0 0 0 0 0 0 0 0
MAC_START ATT_VALUE head_bias[16]: 0 0 0 0 0 0 0 0 0 0 0 0 0 0 0 0
95     0     0     0     0     0      0      0      1      ATT_VALUE  0x0000000c ATT_VALUE  0     0     0     3       0x0000000c ATT_VALUE 0     0     0    

96     0     0     0     0     0      0      0      1      ATT_VALUE  0x0000000c ATT_VALUE  0     0     0     3       0x0000000c ATT_VALUE 0     0     0    

97     0     0     0     0     0      0      0      0      ATT_VALUE  0x0000000c ATT_VALUE  0     0     0     4       0x0000000c ATT_VALUE 0     0     0    

98     0     0     0     0     0      0      1      0      ATT_VALUE  0x0000000c ATT_VALUE  0     0     0     4       0x0000000c ATT_VALUE 0     0     0    

99     0     0     0     0     0      0      1      0      ATT_VALUE  0x0000000c ATT_VALUE  0     0     0     4       0x0000000c ATT_VALUE 0     0     0    

100    0     0     0     0     0      0      0      1      -          0x0000000c ATT_VALUE  0     0     0     5       0x0000000c ATT_VALUE 0     0     0    

out_buf (done)[64]:
  0000: 4c ff ff ff f2 fe ff ff 00 00 00 00 00 00 00 00
  0010: 00 00 00 00 00 00 00 00 00 00 00 00 00 00 00 00
  0020: f1 ff ff ff 10 00 00 00 ef ff ff ff 12 00 00 00
  0030: ed ff ff ff 14 00 00 00 eb ff ff ff 16 00 00 00
out_buf (decoded):
  Y: -180 -270
101    0     0     0     1     0      0      0      1      -          0x0000000c ATT_VALUE  0     0     0     0       0x00000000 -        0     0     0    

102    0     0     1     0     0      0      0      1      -          0x0000000c ATT_VALUE  0     0     0     0       0x00000000 -        0     0     0    

103    0     1     1     0     0      0      0      0      -          0x0000000d HEAD_RQ    0     0     0     2       0x0000000d HEAD_RQ  0     0     0    

104    0     0     0     0     0      1      0      0      HEAD_RQ    0x0000000d HEAD_RQ    0     0     0     2       0x0000000d HEAD_RQ  0     0     0    

105    0     0     0     0     0      1      0      0      HEAD_RQ    0x0000000d HEAD_RQ    0     0     0     2       0x0000000d HEAD_RQ  0     0     0    

in_buf (send)[66]:
  0000: 14 00 00 00 eb ff ff ff 03 00 00 00 03 00 00 00
  0010: ff ff ff ff 00 00 00 00 00 00 00 00 00 00 00 00
  0020: 00 00 00 00 00 00 00 00 00 00 00 00 00 00 00 00
  0030: 00 00 00 00 00 00 00 00 00 00 00 00 00 00 00 00
  0040: 00 00
HEAD_REQUANT in_buf (decoded):
  X: 20 -21
  M: 3
  N: 3
  Z: -1
106    0     0     0     0     0      0      0      1      HEAD_RQ    0x0000000d HEAD_RQ    0     0     0     3       0x0000000d HEAD_RQ  0     0     0    

107    0     0     0     0     0      0      0      1      HEAD_RQ    0x0000000d HEAD_RQ    0     0     0     4       0x0000000d HEAD_RQ  0     0     0    

108    0     0     0     0     0      0      0      1      -          0x0000000d HEAD_RQ    0     0     0     5       0x0000000d HEAD_RQ  0     0     0    

out_buf (done)[64]:
  0000: 07 f7 ff ff f2 fe ff ff 00 00 00 00 00 00 00 00
  0010: 00 00 00 00 00 00 00 00 00 00 00 00 00 00 00 00
  0020: f1 ff ff ff 10 00 00 00 ef ff ff ff 12 00 00 00
  0030: ed ff ff ff 14 00 00 00 eb ff ff ff 16 00 00 00
out_buf (decoded):
  Y: 7 -9
109    0     0     0     1     0      0      0      0      -          0x0000000d HEAD_RQ    0     0     0     0       0x00000000 -        0     0     0    

110    0     0     1     0     0      0      0      0      -          0x0000000d HEAD_RQ    0     0     0     0       0x00000000 -        0     0     0    

111    0     1     1     0     1      0      0      0      -          0x00000000 -          0     0     0     5       0x00000000 -        0     0     0    

out_buf (done)[64]:
  0000: 07 f7 ff ff f2 fe ff ff 00 00 00 00 00 00 00 00
  0010: 00 00 00 00 00 00 00 00 00 00 00 00 00 00 00 00
  0020: f1 ff ff ff 10 00 00 00 ef ff ff ff 12 00 00 00
  0030: ed ff ff ff 14 00 00 00 eb ff ff ff 16 00 00 00
out_buf (decoded): <no decoder>
112    0     0     0     1     1      0      0      0      -          0x00000000 -          0     0     0     0       0x00000000 -        0     0     0    

headed_compute_controller_tb: PASS
INFO: [SIM 211-1] CSim done with 0 errors.
INFO: [SIM 211-3] *************** CSIM finish ***************
INFO: [HLS 200-112] Total CPU user time: 3.66 seconds. Total CPU system time: 0.84 seconds. Total elapsed time: 4.46 seconds; peak allocated memory: 445.137 MB.
INFO: [vitis-run 60-791] Total elapsed time: 0h 0m 8s
