WARNING: [vitis-run 60-2507] Dispatch failed to load the system diagram library librdi_system_diagram. Diagrams will not be produced.
  **** HLS Build v2025.1 6135595
INFO: [HLS 200-2005] Using work_dir /home/luka/Scripting/ELEC_498-Capstone-LiteLM/vitis_simulations/Top_Module/Headed_Compute_Controller/headed_compute_controller 
INFO: [HLS 200-2176] Writing Vitis IDE component file /home/luka/Scripting/ELEC_498-Capstone-LiteLM/vitis_simulations/Top_Module/Headed_Compute_Controller/headed_compute_controller/vitis-comp.json
INFO: [HLS 200-10] Creating and opening component '/home/luka/Scripting/ELEC_498-Capstone-LiteLM/vitis_simulations/Top_Module/Headed_Compute_Controller/headed_compute_controller'.
INFO: [HLS 200-1505] Using default flow_target 'vivado'
Resolution: For help on HLS 200-1505 see docs.xilinx.com/access/sources/dita/topic?Doc_Version=2025.1%20English&url=ug1448-hls-guidance&resourceid=200-1505.html
INFO: [HLS 200-2174] Applying component config ini file /home/luka/Scripting/ELEC_498-Capstone-LiteLM/vitis_simulations/Top_Module/Headed_Compute_Controller/hls_config.cfg
INFO: [HLS 200-1465] Applying config ini 'syn.file=/home/luka/Scripting/ELEC_498-Capstone-LiteLM/HLS-Verilog/top_params.hpp' from /home/luka/Scripting/ELEC_498-Capstone-LiteLM/vitis_simulations/Top_Module/Headed_Compute_Controller/hls_config.cfg(8)
INFO: [HLS 200-10] Adding design file '/home/luka/Scripting/ELEC_498-Capstone-LiteLM/HLS-Verilog/top_params.hpp' to the project
INFO: [HLS 200-1465] Applying config ini 'syn.file=/home/luka/Scripting/ELEC_498-Capstone-LiteLM/HLS-Verilog/Transformer_logic/src-hls/headed_compute_controller.hpp' from /home/luka/Scripting/ELEC_498-Capstone-LiteLM/vitis_simulations/Top_Module/Headed_Compute_Controller/hls_config.cfg(9)
INFO: [HLS 200-10] Adding design file '/home/luka/Scripting/ELEC_498-Capstone-LiteLM/HLS-Verilog/Transformer_logic/src-hls/headed_compute_controller.hpp' to the project
INFO: [HLS 200-1465] Applying config ini 'syn.file=/home/luka/Scripting/ELEC_498-Capstone-LiteLM/HLS-Verilog/Transformer_logic/src-hls/headed_compute_controller.cpp' from /home/luka/Scripting/ELEC_498-Capstone-LiteLM/vitis_simulations/Top_Module/Headed_Compute_Controller/hls_config.cfg(10)
INFO: [HLS 200-10] Adding design file '/home/luka/Scripting/ELEC_498-Capstone-LiteLM/HLS-Verilog/Transformer_logic/src-hls/headed_compute_controller.cpp' to the project
INFO: [HLS 200-1465] Applying config ini 'tb.file=/home/luka/Scripting/ELEC_498-Capstone-LiteLM/HLS-Verilog/Transformer_logic/src-hls/headed_computer_controller_tb.cpp' from /home/luka/Scripting/ELEC_498-Capstone-LiteLM/vitis_simulations/Top_Module/Headed_Compute_Controller/hls_config.cfg(11)
INFO: [HLS 200-10] Adding test bench file '/home/luka/Scripting/ELEC_498-Capstone-LiteLM/HLS-Verilog/Transformer_logic/src-hls/headed_computer_controller_tb.cpp' to the project
INFO: [HLS 200-1465] Applying config ini 'syn.top=headed_compute_controller' from /home/luka/Scripting/ELEC_498-Capstone-LiteLM/vitis_simulations/Top_Module/Headed_Compute_Controller/hls_config.cfg(7)
INFO: [HLS 200-1465] Applying config ini 'flow_target=vivado' from /home/luka/Scripting/ELEC_498-Capstone-LiteLM/vitis_simulations/Top_Module/Headed_Compute_Controller/hls_config.cfg(4)
INFO: [HLS 200-1505] Using flow_target 'vivado'
Resolution: For help on HLS 200-1505 see docs.xilinx.com/access/sources/dita/topic?Doc_Version=2025.1%20English&url=ug1448-hls-guidance&resourceid=200-1505.html
INFO: [HLS 200-1465] Applying config ini 'part=xck26-sfvc784-2LV-c' from /home/luka/Scripting/ELEC_498-Capstone-LiteLM/vitis_simulations/Top_Module/Headed_Compute_Controller/hls_config.cfg(1)
INFO: [HLS 200-1611] Setting target device to 'xck26-sfvc784-2LV-c'
INFO: [HLS 200-1465] Applying config ini 'clock=10ns' from /home/luka/Scripting/ELEC_498-Capstone-LiteLM/vitis_simulations/Top_Module/Headed_Compute_Controller/hls_config.cfg(12)
INFO: [SYN 201-201] Setting up clock 'default' with a period of 10ns.
INFO: [HLS 200-1465] Applying config ini 'package.output.format=ip_catalog' from /home/luka/Scripting/ELEC_498-Capstone-LiteLM/vitis_simulations/Top_Module/Headed_Compute_Controller/hls_config.cfg(5)
INFO: [HLS 200-2176] Writing Vitis IDE component file /home/luka/Scripting/ELEC_498-Capstone-LiteLM/vitis_simulations/Top_Module/Headed_Compute_Controller/headed_compute_controller/vitis-comp.json
INFO: [SIM 211-2] *************** CSIM start ***************
INFO: [SIM 211-4] CSIM will launch CLANG as the compiler.
INFO: [HLS 200-2036] Building debug C Simulation binaries
   Compiling ../../../../../../../HLS-Verilog/Transformer_logic/src-hls/headed_computer_controller_tb.cpp in debug mode
   Compiling ../../../../../../../HLS-Verilog/Transformer_logic/src-hls/headed_compute_controller.cpp in debug mode
   Generating csim.exe
../../../../../../../HLS-Verilog/Transformer_logic/src-hls/headed_computer_controller_tb.cpp:625:63: warning: data argument not used by format string [-Wformat-extra-args]
                "State", "ReqInstr", "ReqOp", "ReqL", "ReqH", "ReqT");
                                                              ^
1 warning generated.
../../../../../../../HLS-Verilog/Transformer_logic/src-hls/headed_compute_controller.cpp:400:13: warning: enumeration value 'CAPTURE_INSTRUCTION' not handled in switch [-Wswitch]
    switch (state) {
            ^~~~~
1 warning generated.
D_MODEL=16 D_HEADS=4 CONTEXT_LENGTH=16
Q_ACT[16]: 1 -2 3 -4 5 -6 7 -8 9 -10 11 -12 13 -14 15 -16
K_ACT[16]: -2 4 -4 6 -6 8 -8 10 -10 12 -12 14 -14 16 -16 18
V_ACT[16]: -4 -3 -2 -4 -3 -2 -4 -3 -2 -4 -3 -2 -4 -3 -2 -4
WQ[4][16]:
  head 0: 1 1 1 1 1 1 1 1 1 1 1 1 1 1 1 1
  head 1: 3 3 3 3 3 3 3 3 3 3 3 3 3 3 3 3
  head 2: 3 3 3 3 3 3 3 3 3 3 3 3 3 3 3 3
  head 3: 3 3 3 3 3 3 3 3 3 3 3 3 3 3 3 3
WK[4][16]:
  head 0: -2 -2 -2 -2 -2 -2 -2 -2 -2 -2 -2 -2 -2 -2 -2 -2
  head 1: 2 2 2 2 2 2 2 2 2 2 2 2 2 2 2 2
  head 2: 2 2 2 2 2 2 2 2 2 2 2 2 2 2 2 2
  head 3: 2 2 2 2 2 2 2 2 2 2 2 2 2 2 2 2
WV[4][16]:
  head 0: 1 -3 1 -3 1 -3 1 -3 1 -3 1 -3 1 -3 1 -3
  head 1: 1 -3 1 -3 1 -3 1 -3 1 -3 1 -3 1 -3 1 -3
  head 2: 1 -3 1 -3 1 -3 1 -3 1 -3 1 -3 1 -3 1 -3
  head 3: 1 -3 1 -3 1 -3 1 -3 1 -3 1 -3 1 -3 1 -3
Q_BIAS[4]: 3 -2 -2 -2
K_BIAS[4]: -1 2 2 2
V_BIAS[4]: 4 -3 4 -3
RQ_Q_IN[4]: 40 45 50 55
RQ_K_IN[4]: -30 -37 -44 -51
RQ_V_IN[4]: 15 26 37 48
RQ_HEAD_IN[4]: 20 -21 22 -23
ATT_Q[4]: 5 -6 5 -6
ATT_K_CACHE[16][4]:
  00: 1 2 3 4
  01: -2 -3 -4 -5
  02: 3 4 5 6
  03: -4 -5 -6 -7
  04: 5 6 7 8
  05: -6 -7 -8 -9
  06: 7 8 9 10
  07: -8 -9 -10 -11
  08: 9 10 11 12
  09: -10 -11 -12 -13
  10: 11 12 13 14
  11: -12 -13 -14 -15
  12: 13 14 15 16
  13: -14 -15 -16 -17
  14: 15 16 17 18
  15: -16 -17 -18 -19
VALUE_SCALE_IN[16]: -90 -53 -16 21 58 95 132 -90 -53 -16 21 58 95 132 -90 -53
SOFTMAX_IN[16]: -1200 -1105 -1010 -915 -820 -725 -630 -535 -440 -345 -250 -155 -60 35 130 225
ATT_WEIGHTS_IN[16]: -30 -15 0 15 30 -30 -15 0 15 30 -30 -15 0 15 30 -30
ATT_V_CACHE[4][16]:
  00: -2 0 2 4 -2 0 2 4 -2 0 2 4 -2 0 2 4
  01: -3 0 3 6 -3 0 3 6 -3 0 3 6 -3 0 3 6
  02: -4 0 4 8 -4 0 4 8 -4 0 4 8 -4 0 4 8
  03: -5 0 5 10 -5 0 5 10 -5 0 5 10 -5 0 5 10
Cycle  Rst   Start Ready Done  Err    MRead  MWrite MDone  MOp        Instr      Op    Layer Head  Tile    State      ReqInstr ReqOp ReqL  ReqH 
0      1     0     1     0     0      0      0      0      -          0x00000000 -          0     0     0     0       0x00000000 -        0     0     0    

1      1     0     1     0     0      0      0      0      -          0x00000000 -          0     0     0     0       0x00000000 -        0     0     0    

2      0     0     1     0     0      0      0      0      -          0x00000000 -          0     0     0     0       0x00000000 -        0     0     0    

3      0     1     1     0     0      0      0      0      -          0xff000003 Q          0     0     -1    2       0xff000003 Q        0     0     -1   

4      0     0     0     0     0      1      0      0      Q          0xff000003 Q          0     0     -1    2       0xff000003 Q        0     0     -1   

5      0     0     0     0     0      1      0      0      Q          0xff000003 Q          0     0     -1    2       0xff000003 Q        0     0     -1   

in_buf (send)[80]:
  0000: 01 fe 03 fc 05 fa 07 f8 09 f6 0b f4 0d f2 0f f0
  0010: 11 11 11 11 11 11 11 11 33 33 33 33 33 33 33 33
  0020: 33 33 33 33 33 33 33 33 33 33 33 33 33 33 33 33
  0030: e3 ee 00 00 00 00 00 00 00 00 00 00 00 00 00 00
  0040: 00 00 00 00 00 00 00 00 00 00 00 00 00 00 00 00
QKV in_buf (decoded):
  ACT: 1 -2 3 -4 5 -6 7 -8 9 -10 11 -12 13 -14 15 -16
  W: 1 1 1 1 1 1 1 1 1 1 1 1 1 1 1 1 3 3 3 3 3 3 3 3 3 3 3 3 3 3 3 3 3 3 3 3 3 3 3 3 3 3 3 3 3 3 3 3 3 3 3 3 3 3 3 3 3 3 3 3 3 3 3 3
  B: 3 -2 -2 -2
6      0     0     0     0     0      0      0      1      Q          0xff000003 Q          0     0     -1    3       0xff000003 Q        0     0     -1   

MAC_START QKV head_vec[16]: 1 -2 3 -4 5 -6 7 -8 9 -10 11 -12 13 -14 15 -16
MAC_START QKV head_mat[16][16]:
  00: 1 1 1 1 1 1 1 1 1 1 1 1 1 1 1 1
  01: 3 3 3 3 3 3 3 3 3 3 3 3 3 3 3 3
  02: 3 3 3 3 3 3 3 3 3 3 3 3 3 3 3 3
  03: 3 3 3 3 3 3 3 3 3 3 3 3 3 3 3 3
  04: 0 0 0 0 0 0 0 0 0 0 0 0 0 0 0 0
  05: 0 0 0 0 0 0 0 0 0 0 0 0 0 0 0 0
  06: 0 0 0 0 0 0 0 0 0 0 0 0 0 0 0 0
  07: 0 0 0 0 0 0 0 0 0 0 0 0 0 0 0 0
  08: 0 0 0 0 0 0 0 0 0 0 0 0 0 0 0 0
  09: 0 0 0 0 0 0 0 0 0 0 0 0 0 0 0 0
  10: 0 0 0 0 0 0 0 0 0 0 0 0 0 0 0 0
  11: 0 0 0 0 0 0 0 0 0 0 0 0 0 0 0 0
  12: 0 0 0 0 0 0 0 0 0 0 0 0 CMP_Q failed at head 0: got 0 expected -5
0 0 0 0
  13: 0 0 0 0 0 0 0 0 0 0 0 0 0 0 0 0
  14: 0 0 0 0 0 0 0 0 0 0 0 0 0 0 0 0
  15: 0 0 0 0 0 0 0 0 0 0 0 0 0 0 0 0
MAC_START QKV head_bias[16]: 3 -2 -2 -2 0 0 0 0 0 0 0 0 0 0 0 0
7      0     0     0     0     0      0      0      1      Q          0xff000003 Q          0     0     -1    3       0xff000003 Q        0     0     -1   

8      0     0     0     0     0      0      0      1      Q          0xff000003 Q          0     0     -1    3       0xff000003 Q        0     0     -1   

9      0     0     0     0     0      0      0      0      Q          0xff000003 Q          0     0     -1    4       0xff000003 Q        0     0     -1   

10     0     0     0     0     0      0      1      0      Q          0xff000003 Q          0     0     -1    4       0xff000003 Q        0     0     -1   

11     0     0     0     0     0      0      1      0      Q          0xff000003 Q          0     0     -1    4       0xff000003 Q        0     0     -1   

12     0     0     0     0     0      0      0      1      -          0xff000003 Q          0     0     -1    5       0xff000003 Q        0     0     -1   

out_buf (done)[64]:
  0000: 00 00 00 00 00 00 00 00 00 00 00 00 00 00 00 00
  0010: 00 00 00 00 00 00 00 00 00 00 00 00 00 00 00 00
  0020: 00 00 00 00 00 00 00 00 00 00 00 00 00 00 00 00
  0030: 00 00 00 00 00 00 00 00 00 00 00 00 00 00 00 00
out_buf (decoded):
  Y: 0 0 0 0
13     0     0     0     1     0      0      0      1      -          0xff000003 Q          0     0     -1    0       0x00000000 -        0     0     0    

@E Simulation failed: Function 'main' returns nonzero value '1'.
ERROR: [SIM 211-100] 'csim_design' failed: nonzero return value.
INFO: [SIM 211-3] *************** CSIM finish ***************
ERROR: 4
INFO: [HLS 200-112] Total CPU user time: 4.93 seconds. Total CPU system time: 0.91 seconds. Total elapsed time: 5.79 seconds; peak allocated memory: 445.137 MB.
