

================================================================
== Vitis HLS Report for 'drive_group_head_phase'
================================================================
* Date:           Sat Dec 13 15:59:56 2025

* Version:        2025.1 (Build 6135595 on May 21 2025)
* Project:        scheduler_hls
* Solution:       hls (Vivado IP Flow Target)
* Product family: zynquplus
* Target device:  xck26-sfvc784-2LV-c


================================================================
== Performance Estimates
================================================================
+ Timing: 
    * Summary: 
    +--------+----------+----------+------------+
    |  Clock |  Target  | Estimated| Uncertainty|
    +--------+----------+----------+------------+
    |ap_clk  |  10.00 ns|  4.283 ns|     2.70 ns|
    +--------+----------+----------+------------+

+ Latency: 
    * Summary: 
    +---------+---------+----------+----------+-----+-----+---------+
    |  Latency (cycles) |  Latency (absolute) |  Interval | Pipeline|
    |   min   |   max   |    min   |    max   | min | max |   Type  |
    +---------+---------+----------+----------+-----+-----+---------+
    |        0|        0|      0 ns|      0 ns|    0|    0|       no|
    +---------+---------+----------+----------+-----+-----+---------+

    + Detail: 
        * Instance: 
        N/A

        * Loop: 
        N/A



================================================================
== Utilization Estimates
================================================================
* Summary: 
+-----------------+---------+------+--------+--------+-----+
|       Name      | BRAM_18K|  DSP |   FF   |   LUT  | URAM|
+-----------------+---------+------+--------+--------+-----+
|DSP              |        -|     -|       -|       -|    -|
|Expression       |        -|     -|       0|     832|    -|
|FIFO             |        -|     -|       -|       -|    -|
|Instance         |        -|     -|       -|       -|    -|
|Memory           |        -|     -|       -|       -|    -|
|Multiplexer      |        -|     -|       0|    1341|    -|
|Register         |        -|     -|       -|       -|    -|
+-----------------+---------+------+--------+--------+-----+
|Total            |        0|     0|       0|    2173|    0|
+-----------------+---------+------+--------+--------+-----+
|Available        |      288|  1248|  234240|  117120|   64|
+-----------------+---------+------+--------+--------+-----+
|Utilization (%)  |        0|     0|       0|       1|    0|
+-----------------+---------+------+--------+--------+-----+

+ Detail: 
    * Instance: 
    N/A

    * DSP: 
    N/A

    * Memory: 
    N/A

    * FIFO: 
    N/A

    * Expression: 
    +---------------------------------------------------+----------+----+---+----+------------+------------+
    |                   Variable Name                   | Operation| DSP| FF| LUT| Bitwidth P0| Bitwidth P1|
    +---------------------------------------------------+----------+----+---+----+------------+------------+
    |and_ln101_fu_5939_p2                               |       and|   0|  0|   2|           1|           1|
    |and_ln103_fu_5951_p2                               |       and|   0|  0|   2|           1|           1|
    |and_ln105_fu_5963_p2                               |       and|   0|  0|   2|           1|           1|
    |and_ln107_fu_5975_p2                               |       and|   0|  0|   2|           1|           1|
    |and_ln109_fu_5987_p2                               |       and|   0|  0|   2|           1|           1|
    |and_ln111_fu_5999_p2                               |       and|   0|  0|   2|           1|           1|
    |and_ln113_fu_6011_p2                               |       and|   0|  0|   2|           1|           1|
    |and_ln115_fu_6023_p2                               |       and|   0|  0|   2|           1|           1|
    |and_ln117_fu_6035_p2                               |       and|   0|  0|   2|           1|           1|
    |and_ln119_fu_6047_p2                               |       and|   0|  0|   2|           1|           1|
    |and_ln121_fu_6059_p2                               |       and|   0|  0|   2|           1|           1|
    |and_ln128_10_fu_7129_p2                            |       and|   0|  0|   2|           1|           1|
    |and_ln128_11_fu_7136_p2                            |       and|   0|  0|   2|           1|           1|
    |and_ln128_12_fu_7143_p2                            |       and|   0|  0|   2|           1|           1|
    |and_ln128_13_fu_7150_p2                            |       and|   0|  0|   2|           1|           1|
    |and_ln128_14_fu_7157_p2                            |       and|   0|  0|   2|           1|           1|
    |and_ln128_15_fu_7164_p2                            |       and|   0|  0|   2|           1|           1|
    |and_ln128_16_fu_7171_p2                            |       and|   0|  0|   2|           1|           1|
    |and_ln128_17_fu_7178_p2                            |       and|   0|  0|   2|           1|           1|
    |and_ln128_18_fu_7185_p2                            |       and|   0|  0|   2|           1|           1|
    |and_ln128_19_fu_7192_p2                            |       and|   0|  0|   2|           1|           1|
    |and_ln128_1_fu_7066_p2                             |       and|   0|  0|   2|           1|           1|
    |and_ln128_20_fu_7199_p2                            |       and|   0|  0|   2|           1|           1|
    |and_ln128_21_fu_7206_p2                            |       and|   0|  0|   2|           1|           1|
    |and_ln128_22_fu_7213_p2                            |       and|   0|  0|   2|           1|           1|
    |and_ln128_23_fu_7220_p2                            |       and|   0|  0|   2|           1|           1|
    |and_ln128_24_fu_7227_p2                            |       and|   0|  0|   2|           1|           1|
    |and_ln128_25_fu_7234_p2                            |       and|   0|  0|   2|           1|           1|
    |and_ln128_26_fu_7241_p2                            |       and|   0|  0|   2|           1|           1|
    |and_ln128_27_fu_7248_p2                            |       and|   0|  0|   2|           1|           1|
    |and_ln128_28_fu_7255_p2                            |       and|   0|  0|   2|           1|           1|
    |and_ln128_29_fu_7262_p2                            |       and|   0|  0|   2|           1|           1|
    |and_ln128_2_fu_7073_p2                             |       and|   0|  0|   2|           1|           1|
    |and_ln128_30_fu_7269_p2                            |       and|   0|  0|   2|           1|           1|
    |and_ln128_3_fu_7080_p2                             |       and|   0|  0|   2|           1|           1|
    |and_ln128_4_fu_7087_p2                             |       and|   0|  0|   2|           1|           1|
    |and_ln128_5_fu_7094_p2                             |       and|   0|  0|   2|           1|           1|
    |and_ln128_6_fu_7101_p2                             |       and|   0|  0|   2|           1|           1|
    |and_ln128_7_fu_7108_p2                             |       and|   0|  0|   2|           1|           1|
    |and_ln128_8_fu_7115_p2                             |       and|   0|  0|   2|           1|           1|
    |and_ln128_9_fu_7122_p2                             |       and|   0|  0|   2|           1|           1|
    |and_ln128_fu_7008_p2                               |       and|   0|  0|   2|           1|           1|
    |and_ln178_fu_6945_p2                               |       and|   0|  0|   2|           1|           1|
    |and_ln183_fu_6951_p2                               |       and|   0|  0|   2|           1|           1|
    |and_ln196_fu_6904_p2                               |       and|   0|  0|   2|           1|           1|
    |and_ln201_fu_6910_p2                               |       and|   0|  0|   2|           1|           1|
    |and_ln228_fu_6841_p2                               |       and|   0|  0|   2|           1|           1|
    |and_ln233_fu_6847_p2                               |       and|   0|  0|   2|           1|           1|
    |and_ln271_fu_6756_p2                               |       and|   0|  0|   2|           1|           1|
    |and_ln275_fu_6762_p2                               |       and|   0|  0|   2|           1|           1|
    |and_ln310_fu_6671_p2                               |       and|   0|  0|   2|           1|           1|
    |and_ln314_fu_6677_p2                               |       and|   0|  0|   2|           1|           1|
    |and_ln362_fu_4485_p2                               |       and|   0|  0|   2|           1|           1|
    |and_ln69_10_fu_5072_p2                             |       and|   0|  0|   2|           1|           1|
    |and_ln69_11_fu_5111_p2                             |       and|   0|  0|   2|           1|           1|
    |and_ln69_12_fu_5150_p2                             |       and|   0|  0|   2|           1|           1|
    |and_ln69_13_fu_5189_p2                             |       and|   0|  0|   2|           1|           1|
    |and_ln69_14_fu_5229_p2                             |       and|   0|  0|   2|           1|           1|
    |and_ln69_15_fu_5235_p2                             |       and|   0|  0|   2|           1|           1|
    |and_ln69_16_fu_5241_p2                             |       and|   0|  0|   2|           1|           1|
    |and_ln69_17_fu_5247_p2                             |       and|   0|  0|   2|           1|           1|
    |and_ln69_18_fu_5253_p2                             |       and|   0|  0|   2|           1|           1|
    |and_ln69_19_fu_5259_p2                             |       and|   0|  0|   2|           1|           1|
    |and_ln69_1_fu_4715_p2                              |       and|   0|  0|   2|           1|           1|
    |and_ln69_20_fu_5265_p2                             |       and|   0|  0|   2|           1|           1|
    |and_ln69_21_fu_5271_p2                             |       and|   0|  0|   2|           1|           1|
    |and_ln69_22_fu_5277_p2                             |       and|   0|  0|   2|           1|           1|
    |and_ln69_23_fu_5283_p2                             |       and|   0|  0|   2|           1|           1|
    |and_ln69_24_fu_5289_p2                             |       and|   0|  0|   2|           1|           1|
    |and_ln69_25_fu_5295_p2                             |       and|   0|  0|   2|           1|           1|
    |and_ln69_26_fu_5301_p2                             |       and|   0|  0|   2|           1|           1|
    |and_ln69_27_fu_5307_p2                             |       and|   0|  0|   2|           1|           1|
    |and_ln69_28_fu_5313_p2                             |       and|   0|  0|   2|           1|           1|
    |and_ln69_29_fu_5319_p2                             |       and|   0|  0|   2|           1|           1|
    |and_ln69_2_fu_4757_p2                              |       and|   0|  0|   2|           1|           1|
    |and_ln69_30_fu_5325_p2                             |       and|   0|  0|   2|           1|           1|
    |and_ln69_31_fu_5366_p2                             |       and|   0|  0|   2|           1|           1|
    |and_ln69_3_fu_4799_p2                              |       and|   0|  0|   2|           1|           1|
    |and_ln69_4_fu_4838_p2                              |       and|   0|  0|   2|           1|           1|
    |and_ln69_5_fu_4877_p2                              |       and|   0|  0|   2|           1|           1|
    |and_ln69_6_fu_4916_p2                              |       and|   0|  0|   2|           1|           1|
    |and_ln69_7_fu_4955_p2                              |       and|   0|  0|   2|           1|           1|
    |and_ln69_8_fu_4994_p2                              |       and|   0|  0|   2|           1|           1|
    |and_ln69_9_fu_5033_p2                              |       and|   0|  0|   2|           1|           1|
    |and_ln69_fu_4504_p2                                |       and|   0|  0|   2|           1|           1|
    |and_ln78_1_fu_5531_p2                              |       and|   0|  0|   2|           1|           1|
    |and_ln78_fu_5494_p2                                |       and|   0|  0|   2|           1|           1|
    |and_ln85_fu_5639_p2                                |       and|   0|  0|   2|           1|           1|
    |and_ln86_fu_5657_p2                                |       and|   0|  0|   2|           1|           1|
    |and_ln87_fu_5675_p2                                |       and|   0|  0|   2|           1|           1|
    |and_ln88_fu_5693_p2                                |       and|   0|  0|   2|           1|           1|
    |and_ln89_fu_5711_p2                                |       and|   0|  0|   2|           1|           1|
    |and_ln91_fu_5579_p2                                |       and|   0|  0|   2|           1|           1|
    |and_ln92_fu_5591_p2                                |       and|   0|  0|   2|           1|           1|
    |and_ln93_fu_5603_p2                                |       and|   0|  0|   2|           1|           1|
    |and_ln94_fu_5615_p2                                |       and|   0|  0|   2|           1|           1|
    |and_ln95_fu_5627_p2                                |       and|   0|  0|   2|           1|           1|
    |head_ctx_ref_wl_start_1_fu_5404_p2                 |       and|   0|  0|   2|           1|           1|
    |not_sel_tmp1_fu_6071_p2                            |       and|   0|  0|   2|           1|           1|
    |or_ln101_fu_6077_p2                                |       and|   0|  0|   2|           1|           1|
    |or_ln103_fu_6124_p2                                |       and|   0|  0|   2|           1|           1|
    |or_ln105_fu_6171_p2                                |       and|   0|  0|   2|           1|           1|
    |or_ln107_fu_6217_p2                                |       and|   0|  0|   2|           1|           1|
    |or_ln109_fu_6264_p2                                |       and|   0|  0|   2|           1|           1|
    |or_ln111_fu_6310_p2                                |       and|   0|  0|   2|           1|           1|
    |or_ln113_fu_6356_p2                                |       and|   0|  0|   2|           1|           1|
    |or_ln115_fu_6403_p2                                |       and|   0|  0|   2|           1|           1|
    |or_ln117_fu_6449_p2                                |       and|   0|  0|   2|           1|           1|
    |or_ln119_fu_6495_p2                                |       and|   0|  0|   2|           1|           1|
    |or_ln121_fu_6542_p2                                |       and|   0|  0|   2|           1|           1|
    |or_ln73_fu_5446_p2                                 |       and|   0|  0|   2|           1|           1|
    |icmp_ln101_fu_5933_p2                              |      icmp|   0|  0|  12|           4|           1|
    |icmp_ln103_fu_5945_p2                              |      icmp|   0|  0|  12|           4|           2|
    |icmp_ln105_fu_5957_p2                              |      icmp|   0|  0|  12|           4|           2|
    |icmp_ln107_fu_5969_p2                              |      icmp|   0|  0|  12|           4|           3|
    |icmp_ln109_fu_5981_p2                              |      icmp|   0|  0|  12|           4|           3|
    |icmp_ln111_fu_5993_p2                              |      icmp|   0|  0|  12|           4|           3|
    |icmp_ln113_fu_6005_p2                              |      icmp|   0|  0|  12|           4|           3|
    |icmp_ln115_fu_6017_p2                              |      icmp|   0|  0|  12|           4|           5|
    |icmp_ln117_fu_6029_p2                              |      icmp|   0|  0|  12|           4|           4|
    |icmp_ln119_fu_6041_p2                              |      icmp|   0|  0|  12|           4|           4|
    |icmp_ln121_fu_6053_p2                              |      icmp|   0|  0|  12|           4|           4|
    |icmp_ln362_fu_4479_p2                              |      icmp|   0|  0|  12|           4|           1|
    |icmp_ln364_fu_4492_p2                              |      icmp|   0|  0|  12|           4|           3|
    |icmp_ln69_fu_4498_p2                               |      icmp|   0|  0|  39|          32|          32|
    |icmp_ln85_fu_5633_p2                               |      icmp|   0|  0|  12|           4|           1|
    |icmp_ln86_fu_5651_p2                               |      icmp|   0|  0|  12|           4|           2|
    |icmp_ln87_fu_5669_p2                               |      icmp|   0|  0|  12|           4|           2|
    |icmp_ln88_fu_5687_p2                               |      icmp|   0|  0|  12|           4|           3|
    |icmp_ln89_fu_5705_p2                               |      icmp|   0|  0|  12|           4|           3|
    |head_ctx_ref_att_scores_compute_done_2_fu_6362_p2  |        or|   0|  0|   2|           1|           1|
    |head_ctx_ref_att_value_compute_done_2_fu_6501_p2   |        or|   0|  0|   2|           1|           1|
    |head_ctx_ref_k_compute_done_2_fu_6130_p2           |        or|   0|  0|   2|           1|           1|
    |head_ctx_ref_k_requant_compute_done_2_fu_6177_p2   |        or|   0|  0|   2|           1|           1|
    |head_ctx_ref_q_compute_done_2_fu_6083_p2           |        or|   0|  0|   2|           1|           1|
    |head_ctx_ref_requant2_compute_done_2_fu_6548_p2    |        or|   0|  0|   2|           1|           1|
    |head_ctx_ref_requant_q_compute_done_2_fu_6316_p2   |        or|   0|  0|   2|           1|           1|
    |head_ctx_ref_softmax_compute_done_2_fu_6455_p2     |        or|   0|  0|   2|           1|           1|
    |head_ctx_ref_v_compute_done_2_fu_6223_p2           |        or|   0|  0|   2|           1|           1|
    |head_ctx_ref_v_requant_compute_done_2_fu_6270_p2   |        or|   0|  0|   2|           1|           1|
    |head_ctx_ref_val_scale_compute_done_2_fu_6409_p2   |        or|   0|  0|   2|           1|           1|
    |or_ln128_1_fu_7031_p2                              |        or|   0|  0|   2|           1|           1|
    |or_ln128_fu_7015_p2                                |        or|   0|  0|   2|           1|           1|
    |or_ln171_fu_6939_p2                                |        or|   0|  0|   2|           1|           1|
    |or_ln183_fu_6964_p2                                |        or|   0|  0|   2|           1|           1|
    |or_ln189_fu_6898_p2                                |        or|   0|  0|   2|           1|           1|
    |or_ln201_fu_6923_p2                                |        or|   0|  0|   2|           1|           1|
    |or_ln207_fu_6876_p2                                |        or|   0|  0|   2|           1|           1|
    |or_ln212_fu_6882_p2                                |        or|   0|  0|   2|           1|           1|
    |or_ln221_fu_6835_p2                                |        or|   0|  0|   2|           1|           1|
    |or_ln233_fu_6860_p2                                |        or|   0|  0|   2|           1|           1|
    |or_ln239_fu_6813_p2                                |        or|   0|  0|   2|           1|           1|
    |or_ln244_fu_6819_p2                                |        or|   0|  0|   2|           1|           1|
    |or_ln253_fu_6791_p2                                |        or|   0|  0|   2|           1|           1|
    |or_ln258_fu_6797_p2                                |        or|   0|  0|   2|           1|           1|
    |or_ln264_fu_6750_p2                                |        or|   0|  0|   2|           1|           1|
    |or_ln275_fu_6775_p2                                |        or|   0|  0|   2|           1|           1|
    |or_ln281_fu_6728_p2                                |        or|   0|  0|   2|           1|           1|
    |or_ln286_fu_6734_p2                                |        or|   0|  0|   2|           1|           1|
    |or_ln292_fu_6706_p2                                |        or|   0|  0|   2|           1|           1|
    |or_ln297_fu_6712_p2                                |        or|   0|  0|   2|           1|           1|
    |or_ln303_fu_6665_p2                                |        or|   0|  0|   2|           1|           1|
    |or_ln314_fu_6690_p2                                |        or|   0|  0|   2|           1|           1|
    |or_ln320_fu_6980_p2                                |        or|   0|  0|   2|           1|           1|
    |or_ln325_fu_6986_p2                                |        or|   0|  0|   2|           1|           1|
    |or_ln78_fu_5500_p2                                 |        or|   0|  0|   2|           1|           1|
    |or_ln84_fu_5567_p2                                 |        or|   0|  0|   2|           1|           1|
    |or_ln85_fu_5645_p2                                 |        or|   0|  0|   2|           1|           1|
    |or_ln86_fu_5663_p2                                 |        or|   0|  0|   2|           1|           1|
    |or_ln87_fu_5681_p2                                 |        or|   0|  0|   2|           1|           1|
    |or_ln88_fu_5699_p2                                 |        or|   0|  0|   2|           1|           1|
    |or_ln89_fu_5717_p2                                 |        or|   0|  0|   2|           1|           1|
    |write_flag12_1_fu_5452_p2                          |        or|   0|  0|   2|           1|           1|
    |head_ctx_ref_att_scores_dma_done_3_fu_5849_p3      |    select|   0|  0|   2|           1|           1|
    |head_ctx_ref_att_value_dma_done_3_fu_5891_p3       |    select|   0|  0|   2|           1|           1|
    |head_ctx_ref_k_dma_done_3_fu_5765_p3               |    select|   0|  0|   2|           1|           1|
    |head_ctx_ref_q_dma_done_3_fu_5723_p3               |    select|   0|  0|   2|           1|           1|
    |head_ctx_ref_v_dma_done_3_fu_5807_p3               |    select|   0|  0|   2|           1|           1|
    |select_ln128_1_fu_7039_p3                          |    select|   0|  0|   4|           1|           1|
    |select_ln128_2_fu_7048_p3                          |    select|   0|  0|  32|           1|          32|
    |select_ln128_3_fu_7057_p3                          |    select|   0|  0|  32|           1|          32|
    |select_ln128_fu_7022_p3                            |    select|   0|  0|   4|           1|           1|
    |select_ln183_fu_6971_p3                            |    select|   0|  0|   2|           1|           2|
    |select_ln201_fu_6930_p3                            |    select|   0|  0|   2|           1|           2|
    |select_ln212_fu_6889_p3                            |    select|   0|  0|   3|           1|           3|
    |select_ln233_fu_6867_p3                            |    select|   0|  0|   3|           1|           3|
    |select_ln244_fu_6826_p3                            |    select|   0|  0|   3|           1|           3|
    |select_ln258_fu_6804_p3                            |    select|   0|  0|   4|           1|           4|
    |select_ln275_fu_6782_p3                            |    select|   0|  0|   4|           1|           4|
    |select_ln286_fu_6741_p3                            |    select|   0|  0|   4|           1|           4|
    |select_ln297_fu_6719_p3                            |    select|   0|  0|   4|           1|           4|
    |select_ln314_fu_6697_p3                            |    select|   0|  0|   3|           1|           3|
    |select_ln325_fu_6993_p3                            |    select|   0|  0|   3|           1|           3|
    |select_ln374_1_fu_7325_p3                          |    select|   0|  0|  32|           1|          32|
    |select_ln374_2_fu_7333_p3                          |    select|   0|  0|  32|           1|          32|
    |select_ln374_3_fu_7293_p3                          |    select|   0|  0|   4|           1|           4|
    |select_ln374_4_fu_7305_p3                          |    select|   0|  0|   4|           1|           4|
    |select_ln374_5_fu_7341_p3                          |    select|   0|  0|   4|           1|           4|
    |select_ln374_fu_7317_p3                            |    select|   0|  0|  32|           1|          32|
    |select_ln69_1_fu_4683_p3                           |    select|   0|  0|   4|           1|           4|
    |select_ln69_2_fu_5396_p3                           |    select|   0|  0|   4|           1|           4|
    |select_ln69_fu_4645_p3                             |    select|   0|  0|   4|           1|           4|
    |and_ln78_1_not_fu_6065_p2                          |       xor|   0|  0|   2|           2|           1|
    |not_and_ln69_fu_5440_p2                            |       xor|   0|  0|   2|           2|           1|
    |xor_ln128_fu_7002_p2                               |       xor|   0|  0|   2|           2|           1|
    |xor_ln183_fu_6957_p2                               |       xor|   0|  0|   2|           1|           1|
    |xor_ln201_fu_6916_p2                               |       xor|   0|  0|   2|           1|           1|
    |xor_ln233_fu_6853_p2                               |       xor|   0|  0|   2|           1|           1|
    |xor_ln275_fu_6768_p2                               |       xor|   0|  0|   2|           1|           1|
    |xor_ln314_fu_6683_p2                               |       xor|   0|  0|   2|           1|           1|
    |xor_ln69_fu_4546_p2                                |       xor|   0|  0|   2|           1|           2|
    |xor_ln78_fu_5488_p2                                |       xor|   0|  0|   2|           2|           1|
    |xor_ln84_fu_5561_p2                                |       xor|   0|  0|   2|           2|           1|
    |xor_ln91_fu_5573_p2                                |       xor|   0|  0|   2|           2|           1|
    |xor_ln92_fu_5585_p2                                |       xor|   0|  0|   2|           2|           1|
    |xor_ln93_fu_5597_p2                                |       xor|   0|  0|   2|           2|           1|
    |xor_ln94_fu_5609_p2                                |       xor|   0|  0|   2|           2|           1|
    |xor_ln95_fu_5621_p2                                |       xor|   0|  0|   2|           2|           1|
    +---------------------------------------------------+----------+----+---+----+------------+------------+
    |Total                                              |          |   0|  0| 832|         313|         478|
    +---------------------------------------------------+----------+----+---+----+------------+------------+

    * Multiplexer: 
    +-------------------------------------------------------------------+----+-----------+-----+-----------+
    |                                Name                               | LUT| Input Size| Bits| Total Bits|
    +-------------------------------------------------------------------+----+-----------+-----+-----------+
    |ap_phi_mux_group_finished_phi_fu_4367_p74                          |  20|          4|    1|          4|
    |ap_phi_mux_head_ctx_ref_att_scores_compute_done_4_phi_fu_3031_p74  |  20|          4|    1|          4|
    |ap_phi_mux_head_ctx_ref_att_scores_dma_done_5_phi_fu_3677_p74      |  26|          5|    1|          5|
    |ap_phi_mux_head_ctx_ref_att_scores_started_2_phi_fu_2140_p74       |  31|          6|    1|          6|
    |ap_phi_mux_head_ctx_ref_att_value_compute_done_4_phi_fu_3273_p74   |  20|          4|    1|          4|
    |ap_phi_mux_head_ctx_ref_att_value_dma_done_5_phi_fu_3758_p74       |  26|          5|    1|          5|
    |ap_phi_mux_head_ctx_ref_att_value_started_2_phi_fu_2385_p74        |  31|          6|    1|          6|
    |ap_phi_mux_head_ctx_ref_compute_done_2_phi_fu_4010_p74             |  20|          4|    1|          4|
    |ap_phi_mux_head_ctx_ref_compute_op_3_phi_fu_1170_p74               |  65|         13|    4|         52|
    |ap_phi_mux_head_ctx_ref_compute_ready_2_phi_fu_4172_p74            |  26|          5|    1|          5|
    |ap_phi_mux_head_ctx_ref_compute_start_3_phi_fu_3919_p74            |  26|          5|    1|          5|
    |ap_phi_mux_head_ctx_ref_dma_done_1_phi_fu_1401_p74                 |  14|          3|    1|          3|
    |ap_phi_mux_head_ctx_ref_k_compute_done_4_phi_fu_2628_p74           |  20|          4|    1|          4|
    |ap_phi_mux_head_ctx_ref_k_dma_done_5_phi_fu_3515_p74               |  26|          5|    1|          5|
    |ap_phi_mux_head_ctx_ref_k_requant_compute_done_4_phi_fu_2708_p74   |  26|          5|    1|          5|
    |ap_phi_mux_head_ctx_ref_k_requant_started_2_phi_fu_1813_p74        |  31|          6|    1|          6|
    |ap_phi_mux_head_ctx_ref_k_started_2_phi_fu_1732_p74                |  31|          6|    1|          6|
    |ap_phi_mux_head_ctx_ref_last_compute_op_2_phi_fu_964_p74           |  65|         15|    4|         60|
    |ap_phi_mux_head_ctx_ref_last_w_2_phi_fu_683_p74                    |  49|          9|    4|         36|
    |ap_phi_mux_head_ctx_ref_phase_2_phi_fu_4263_p74                    |  65|         16|    4|         64|
    |ap_phi_mux_head_ctx_ref_q_compute_done_4_phi_fu_2548_p74           |  20|          4|    1|          4|
    |ap_phi_mux_head_ctx_ref_q_dma_done_5_phi_fu_3434_p74               |  26|          5|    1|          5|
    |ap_phi_mux_head_ctx_ref_q_started_2_phi_fu_1651_p74                |  31|          6|    1|          6|
    |ap_phi_mux_head_ctx_ref_requant2_compute_done_4_phi_fu_3353_p74    |  26|          5|    1|          5|
    |ap_phi_mux_head_ctx_ref_requant2_started_2_phi_fu_2466_p74         |  31|          6|    1|          6|
    |ap_phi_mux_head_ctx_ref_requant_q_compute_done_4_phi_fu_2950_p74   |  26|          5|    1|          5|
    |ap_phi_mux_head_ctx_ref_requant_q_started_2_phi_fu_2058_p74        |  31|          6|    1|          6|
    |ap_phi_mux_head_ctx_ref_softmax_compute_done_4_phi_fu_3192_p74     |  26|          5|    1|          5|
    |ap_phi_mux_head_ctx_ref_softmax_started_2_phi_fu_2303_p74          |  31|          6|    1|          6|
    |ap_phi_mux_head_ctx_ref_start_head_1_phi_fu_1572_p74               |  14|          3|    1|          3|
    |ap_phi_mux_head_ctx_ref_v_compute_done_4_phi_fu_2789_p74           |  20|          4|    1|          4|
    |ap_phi_mux_head_ctx_ref_v_dma_done_5_phi_fu_3596_p74               |  26|          5|    1|          5|
    |ap_phi_mux_head_ctx_ref_v_requant_compute_done_4_phi_fu_2869_p74   |  26|          5|    1|          5|
    |ap_phi_mux_head_ctx_ref_v_requant_started_2_phi_fu_1976_p74        |  31|          6|    1|          6|
    |ap_phi_mux_head_ctx_ref_v_started_2_phi_fu_1895_p74                |  31|          6|    1|          6|
    |ap_phi_mux_head_ctx_ref_val_scale_compute_done_4_phi_fu_3111_p74   |  26|          5|    1|          5|
    |ap_phi_mux_head_ctx_ref_val_scale_started_2_phi_fu_2221_p74        |  31|          6|    1|          6|
    |ap_phi_mux_head_ctx_ref_wl_addr_sel_3_phi_fu_768_p74               |  37|          7|    3|         21|
    |ap_phi_mux_head_ctx_ref_wl_head_2_phi_fu_1286_p74                  |  14|          3|   32|         96|
    |ap_phi_mux_head_ctx_ref_wl_layer_2_phi_fu_1055_p74                 |  14|          3|   32|         96|
    |ap_phi_mux_head_ctx_ref_wl_ready_1_phi_fu_433_p74                  |  14|          3|    1|          3|
    |ap_phi_mux_head_ctx_ref_wl_start_3_phi_fu_513_p74                  |  26|          5|    1|          5|
    |ap_phi_mux_write_flag12_3_phi_fu_598_p74                           |  26|          5|    1|          5|
    |ap_phi_mux_write_flag15_2_phi_fu_884_p74                           |  20|          4|    1|          4|
    |ap_phi_mux_write_flag2_1_phi_fu_3839_p74                           |  14|          3|    1|          3|
    |ap_phi_mux_write_flag5_2_phi_fu_4090_p74                           |  65|         16|    1|         16|
    |ap_phi_mux_write_flag_3_phi_fu_1481_p74                            |  20|          4|    1|          4|
    +-------------------------------------------------------------------+----+-----------+-----+-----------+
    |Total                                                              |1341|        271|  123|        630|
    +-------------------------------------------------------------------+----+-----------+-----+-----------+

    * Register: 
    N/A



================================================================
== Interface
================================================================
* Summary: 
+-----------------------------------+-----+-----+------------+-----------------------------------+--------------+
|             RTL Ports             | Dir | Bits|  Protocol  |           Source Object           |    C Type    |
+-----------------------------------+-----+-----+------------+-----------------------------------+--------------+
|ap_ready                           |  out|    1|  ap_ctrl_hs|             drive_group_head_phase|  return value|
|ap_return_0                        |  out|    1|  ap_ctrl_hs|             drive_group_head_phase|  return value|
|ap_return_1                        |  out|    1|  ap_ctrl_hs|             drive_group_head_phase|  return value|
|ap_return_2                        |  out|    1|  ap_ctrl_hs|             drive_group_head_phase|  return value|
|ap_return_3                        |  out|    1|  ap_ctrl_hs|             drive_group_head_phase|  return value|
|ap_return_4                        |  out|    8|  ap_ctrl_hs|             drive_group_head_phase|  return value|
|ap_return_5                        |  out|    8|  ap_ctrl_hs|             drive_group_head_phase|  return value|
|ap_return_6                        |  out|    8|  ap_ctrl_hs|             drive_group_head_phase|  return value|
|ap_return_7                        |  out|    1|  ap_ctrl_hs|             drive_group_head_phase|  return value|
|ap_return_8                        |  out|    1|  ap_ctrl_hs|             drive_group_head_phase|  return value|
|ap_return_9                        |  out|    8|  ap_ctrl_hs|             drive_group_head_phase|  return value|
|ap_return_10                       |  out|   32|  ap_ctrl_hs|             drive_group_head_phase|  return value|
|ap_return_11                       |  out|   32|  ap_ctrl_hs|             drive_group_head_phase|  return value|
|ap_return_12                       |  out|    1|  ap_ctrl_hs|             drive_group_head_phase|  return value|
|ap_return_13                       |  out|    1|  ap_ctrl_hs|             drive_group_head_phase|  return value|
|ap_return_14                       |  out|    1|  ap_ctrl_hs|             drive_group_head_phase|  return value|
|ap_return_15                       |  out|    1|  ap_ctrl_hs|             drive_group_head_phase|  return value|
|ap_return_16                       |  out|    1|  ap_ctrl_hs|             drive_group_head_phase|  return value|
|ap_return_17                       |  out|    1|  ap_ctrl_hs|             drive_group_head_phase|  return value|
|ap_return_18                       |  out|    1|  ap_ctrl_hs|             drive_group_head_phase|  return value|
|ap_return_19                       |  out|    1|  ap_ctrl_hs|             drive_group_head_phase|  return value|
|ap_return_20                       |  out|    1|  ap_ctrl_hs|             drive_group_head_phase|  return value|
|ap_return_21                       |  out|    1|  ap_ctrl_hs|             drive_group_head_phase|  return value|
|ap_return_22                       |  out|    1|  ap_ctrl_hs|             drive_group_head_phase|  return value|
|ap_return_23                       |  out|    1|  ap_ctrl_hs|             drive_group_head_phase|  return value|
|ap_return_24                       |  out|    1|  ap_ctrl_hs|             drive_group_head_phase|  return value|
|ap_return_25                       |  out|    1|  ap_ctrl_hs|             drive_group_head_phase|  return value|
|ap_return_26                       |  out|    1|  ap_ctrl_hs|             drive_group_head_phase|  return value|
|ap_return_27                       |  out|    1|  ap_ctrl_hs|             drive_group_head_phase|  return value|
|ap_return_28                       |  out|    1|  ap_ctrl_hs|             drive_group_head_phase|  return value|
|ap_return_29                       |  out|    1|  ap_ctrl_hs|             drive_group_head_phase|  return value|
|ap_return_30                       |  out|    1|  ap_ctrl_hs|             drive_group_head_phase|  return value|
|ap_return_31                       |  out|    1|  ap_ctrl_hs|             drive_group_head_phase|  return value|
|ap_return_32                       |  out|    1|  ap_ctrl_hs|             drive_group_head_phase|  return value|
|ap_return_33                       |  out|    1|  ap_ctrl_hs|             drive_group_head_phase|  return value|
|ap_return_34                       |  out|    1|  ap_ctrl_hs|             drive_group_head_phase|  return value|
|ap_return_35                       |  out|    1|  ap_ctrl_hs|             drive_group_head_phase|  return value|
|ap_return_36                       |  out|    1|  ap_ctrl_hs|             drive_group_head_phase|  return value|
|ap_return_37                       |  out|    1|  ap_ctrl_hs|             drive_group_head_phase|  return value|
|ap_return_38                       |  out|    1|  ap_ctrl_hs|             drive_group_head_phase|  return value|
|ap_return_39                       |  out|    1|  ap_ctrl_hs|             drive_group_head_phase|  return value|
|ap_return_40                       |  out|    1|  ap_ctrl_hs|             drive_group_head_phase|  return value|
|ap_return_41                       |  out|   32|  ap_ctrl_hs|             drive_group_head_phase|  return value|
|ap_return_42                       |  out|    8|  ap_ctrl_hs|             drive_group_head_phase|  return value|
|ap_rst                             |   in|    1|  ap_ctrl_hs|             drive_group_head_phase|  return value|
|p_read                             |   in|   32|     ap_none|                             p_read|        scalar|
|head_ctx_ref_layer_stamp_read      |   in|   32|     ap_none|      head_ctx_ref_layer_stamp_read|        scalar|
|head_ctx_ref_head_idx_val          |   in|   32|     ap_none|          head_ctx_ref_head_idx_val|        scalar|
|head_ctx_ref_phase_read_5          |   in|    4|     ap_none|          head_ctx_ref_phase_read_5|        scalar|
|head_ctx_ref_phase_read            |   in|    4|     ap_none|            head_ctx_ref_phase_read|        scalar|
|p_read2                            |   in|    1|     ap_none|                            p_read2|        scalar|
|p_read7                            |   in|    1|     ap_none|                            p_read7|        scalar|
|p_read8                            |   in|    1|     ap_none|                            p_read8|        scalar|
|head_ctx_ref_compute_op_read       |   in|    4|     ap_none|       head_ctx_ref_compute_op_read|        scalar|
|head_ctx_ref_last_compute_op_read  |   in|    4|     ap_none|  head_ctx_ref_last_compute_op_read|        scalar|
|head_ctx_ref_last_wl_addr_read     |   in|    4|     ap_none|     head_ctx_ref_last_wl_addr_read|        scalar|
|p_read12                           |   in|    1|     ap_none|                           p_read12|        scalar|
|p_read13                           |   in|    1|     ap_none|                           p_read13|        scalar|
|head_ctx_ref_wl_addr_sel_read      |   in|    4|     ap_none|      head_ctx_ref_wl_addr_sel_read|        scalar|
|p_read15                           |   in|   32|     ap_none|                           p_read15|        scalar|
|p_read16                           |   in|   32|     ap_none|                           p_read16|        scalar|
|p_read17                           |   in|    1|     ap_none|                           p_read17|        scalar|
|p_read19                           |   in|    1|     ap_none|                           p_read19|        scalar|
|p_read20                           |   in|    1|     ap_none|                           p_read20|        scalar|
|p_read21                           |   in|    1|     ap_none|                           p_read21|        scalar|
|p_read22                           |   in|    1|     ap_none|                           p_read22|        scalar|
|p_read23                           |   in|    1|     ap_none|                           p_read23|        scalar|
|p_read24                           |   in|    1|     ap_none|                           p_read24|        scalar|
|p_read25                           |   in|    1|     ap_none|                           p_read25|        scalar|
|p_read26                           |   in|    1|     ap_none|                           p_read26|        scalar|
|p_read27                           |   in|    1|     ap_none|                           p_read27|        scalar|
|p_read28                           |   in|    1|     ap_none|                           p_read28|        scalar|
|p_read29                           |   in|    1|     ap_none|                           p_read29|        scalar|
|p_read30                           |   in|    1|     ap_none|                           p_read30|        scalar|
|p_read31                           |   in|    1|     ap_none|                           p_read31|        scalar|
|p_read32                           |   in|    1|     ap_none|                           p_read32|        scalar|
|p_read33                           |   in|    1|     ap_none|                           p_read33|        scalar|
|p_read34                           |   in|    1|     ap_none|                           p_read34|        scalar|
|p_read35                           |   in|    1|     ap_none|                           p_read35|        scalar|
|p_read36                           |   in|    1|     ap_none|                           p_read36|        scalar|
|p_read37                           |   in|    1|     ap_none|                           p_read37|        scalar|
|p_read38                           |   in|    1|     ap_none|                           p_read38|        scalar|
|p_read39                           |   in|    1|     ap_none|                           p_read39|        scalar|
|p_read40                           |   in|    1|     ap_none|                           p_read40|        scalar|
|p_read41                           |   in|    1|     ap_none|                           p_read41|        scalar|
|p_read42                           |   in|    1|     ap_none|                           p_read42|        scalar|
|p_read43                           |   in|    1|     ap_none|                           p_read43|        scalar|
|p_read44                           |   in|    1|     ap_none|                           p_read44|        scalar|
|p_read45                           |   in|    1|     ap_none|                           p_read45|        scalar|
|layer_idx                          |   in|   32|     ap_none|                          layer_idx|        scalar|
|start_r                            |   in|    1|     ap_none|                            start_r|        scalar|
+-----------------------------------+-----+-----+------------+-----------------------------------+--------------+

