

================================================================
== Vitis HLS Report for 'compute_controller_Pipeline_VITIS_LOOP_398_11'
================================================================
* Date:           Tue Feb  3 19:41:38 2026

* Version:        2025.1 (Build 6135595 on May 21 2025)
* Project:        transformer_top
* Solution:       hls (Vivado IP Flow Target)
* Product family: zynquplus
* Target device:  xck26-sfvc784-2LV-c


================================================================
== Performance Estimates
================================================================
+ Timing: 
    * Summary: 
    +--------+----------+----------+------------+
    |  Clock |  Target  | Estimated| Uncertainty|
    +--------+----------+----------+------------+
    |ap_clk  |  10.00 ns|  1.877 ns|     2.70 ns|
    +--------+----------+----------+------------+

+ Latency: 
    * Summary: 
    +---------+---------+----------+----------+-----+-----+------------------------------------------------+
    |  Latency (cycles) |  Latency (absolute) |  Interval |                    Pipeline                    |
    |   min   |   max   |    min   |    max   | min | max |                      Type                      |
    +---------+---------+----------+----------+-----+-----+------------------------------------------------+
    |       66|       66|  0.660 us|  0.660 us|   65|   65|  loop auto-rewind stp (delay=0 clock cycles(s))|
    +---------+---------+----------+----------+-----+-----+------------------------------------------------+

    + Detail: 
        * Instance: 
        N/A

        * Loop: 
        +---------------------+---------+---------+----------+-----------+-----------+------+----------+
        |                     |  Latency (cycles) | Iteration|  Initiation Interval  | Trip |          |
        |      Loop Name      |   min   |   max   |  Latency |  achieved |   target  | Count| Pipelined|
        +---------------------+---------+---------+----------+-----------+-----------+------+----------+
        |- VITIS_LOOP_398_11  |       64|       64|         1|          1|          1|    64|       yes|
        +---------------------+---------+---------+----------+-----------+-----------+------+----------+



================================================================
== Utilization Estimates
================================================================
* Summary: 
+-----------------+---------+------+--------+--------+-----+
|       Name      | BRAM_18K|  DSP |   FF   |   LUT  | URAM|
+-----------------+---------+------+--------+--------+-----+
|DSP              |        -|     -|       -|       -|    -|
|Expression       |        -|     -|       0|      29|    -|
|FIFO             |        -|     -|       -|       -|    -|
|Instance         |        -|     -|       -|       -|    -|
|Memory           |        -|     -|       -|       -|    -|
|Multiplexer      |        -|     -|       0|      27|    -|
|Register         |        -|     -|       9|       -|    -|
+-----------------+---------+------+--------+--------+-----+
|Total            |        0|     0|       9|      56|    0|
+-----------------+---------+------+--------+--------+-----+
|Available        |      288|  1248|  234240|  117120|   64|
+-----------------+---------+------+--------+--------+-----+
|Utilization (%)  |        0|     0|      ~0|      ~0|    0|
+-----------------+---------+------+--------+--------+-----+

+ Detail: 
    * Instance: 
    N/A

    * DSP: 
    N/A

    * Memory: 
    N/A

    * FIFO: 
    N/A

    * Expression: 
    +---------------------+----------+----+---+----+------------+------------+
    |    Variable Name    | Operation| DSP| FF| LUT| Bitwidth P0| Bitwidth P1|
    +---------------------+----------+----+---+----+------------+------------+
    |add_ln398_fu_66_p2   |         +|   0|  0|  14|           7|           1|
    |icmp_ln398_fu_60_p2  |      icmp|   0|  0|  15|           7|           8|
    +---------------------+----------+----+---+----+------------+------------+
    |Total                |          |   0|  0|  29|          14|           9|
    +---------------------+----------+----+---+----+------------+------------+

    * Multiplexer: 
    +--------------------+----+-----------+-----+-----------+
    |        Name        | LUT| Input Size| Bits| Total Bits|
    +--------------------+----+-----------+-----+-----------+
    |ap_done_int         |   9|          2|    1|          2|
    |ap_sig_allocacmp_i  |   9|          2|    7|         14|
    |i_7_fu_34           |   9|          2|    7|         14|
    +--------------------+----+-----------+-----+-----------+
    |Total               |  27|          6|   15|         30|
    +--------------------+----+-----------+-----+-----------+

    * Register: 
    +-------------+---+----+-----+-----------+
    |     Name    | FF| LUT| Bits| Const Bits|
    +-------------+---+----+-----+-----------+
    |ap_CS_fsm    |  1|   0|    1|          0|
    |ap_done_reg  |  1|   0|    1|          0|
    |i_7_fu_34    |  7|   0|    7|          0|
    +-------------+---+----+-----+-----------+
    |Total        |  9|   0|    9|          0|
    +-------------+---+----+-----+-----------+



================================================================
== Interface
================================================================
* Summary: 
+------------------+-----+-----+------------+-----------------------------------------------+--------------+
|     RTL Ports    | Dir | Bits|  Protocol  |                 Source Object                 |    C Type    |
+------------------+-----+-----+------------+-----------------------------------------------+--------------+
|ap_clk            |   in|    1|  ap_ctrl_hs|  compute_controller_Pipeline_VITIS_LOOP_398_11|  return value|
|ap_rst            |   in|    1|  ap_ctrl_hs|  compute_controller_Pipeline_VITIS_LOOP_398_11|  return value|
|ap_start          |   in|    1|  ap_ctrl_hs|  compute_controller_Pipeline_VITIS_LOOP_398_11|  return value|
|ap_done           |  out|    1|  ap_ctrl_hs|  compute_controller_Pipeline_VITIS_LOOP_398_11|  return value|
|ap_idle           |  out|    1|  ap_ctrl_hs|  compute_controller_Pipeline_VITIS_LOOP_398_11|  return value|
|ap_ready          |  out|    1|  ap_ctrl_hs|  compute_controller_Pipeline_VITIS_LOOP_398_11|  return value|
|out_buf_address0  |  out|    6|   ap_memory|                                        out_buf|         array|
|out_buf_ce0       |  out|    1|   ap_memory|                                        out_buf|         array|
|out_buf_we0       |  out|    1|   ap_memory|                                        out_buf|         array|
|out_buf_d0        |  out|    8|   ap_memory|                                        out_buf|         array|
+------------------+-----+-----+------------+-----------------------------------------------+--------------+

============================================================
+ Verbose Summary: Synthesis Manager
============================================================
InlineROM: 1
ExposeGlobal: 0
============================================================
+ Verbose Summary: CDFG Model
============================================================
IsTopModel: 0
ResetActiveHigh: 1
IsCombinational: 2
IsDatapathOnly: 2
HasWiredReturn: 1
HasMFsm: 2
HasVarLatency: 1
IsPipeline: 0
IsRtlPipelined: 0
IsInstanceOverlapped: 0
IsDontTouch: 0
HasImplIP: 0
IsGatedGlobalClock: 0

+ Individual pipeline summary: 
  * Pipeline-0: initiation interval (II) = 1, depth = 1


============================================================
+ Verbose Summary: Schedule
============================================================
* Number of FSM states : 1
* Pipeline : 1
  Pipeline-0 : II = 1, D = 1, States = { 1 }
* Dataflow Pipeline: 0

* FSM state transitions: 
1 --> 

* FSM state operations: 

State 1 <SV = 0> <Delay = 1.87>
ST_1 : Operation 4 [1/1] (0.00ns)   --->   "%i_7 = alloca i32 1" [/home/luka/Scripting/ELEC_498-Capstone-LiteLM/HLS-Verilog/Transformer_logic/src-hls/compute_controller.cpp:398]   --->   Operation 4 'alloca' 'i_7' <Predicate = true> <Delay = 0.00>
ST_1 : Operation 5 [1/1] (0.00ns)   --->   "%specinterface_ln0 = specinterface void @_ssdm_op_SpecInterface, i8 %out_buf, void @empty_12, i32 0, i32 0, void @empty_21, i32 4294967295, i32 0, void @empty_21, void @empty_21, void @empty_21, i32 0, i32 0, i32 0, i32 0, void @empty_21, void @empty_21, i32 4294967295, i32 0, i32 0"   --->   Operation 5 'specinterface' 'specinterface_ln0' <Predicate = true> <Delay = 0.00>
ST_1 : Operation 6 [1/1] (0.42ns)   --->   "%store_ln398 = store i7 0, i7 %i_7" [/home/luka/Scripting/ELEC_498-Capstone-LiteLM/HLS-Verilog/Transformer_logic/src-hls/compute_controller.cpp:398]   --->   Operation 6 'store' 'store_ln398' <Predicate = true> <Delay = 0.42>
ST_1 : Operation 7 [1/1] (0.00ns)   --->   "%br_ln0 = br void %for.inc167"   --->   Operation 7 'br' 'br_ln0' <Predicate = true> <Delay = 0.00>
ST_1 : Operation 8 [1/1] (0.00ns)   --->   "%i = load i7 %i_7" [/home/luka/Scripting/ELEC_498-Capstone-LiteLM/HLS-Verilog/Transformer_logic/src-hls/compute_controller.cpp:398]   --->   Operation 8 'load' 'i' <Predicate = true> <Delay = 0.00>
ST_1 : Operation 9 [1/1] (0.77ns)   --->   "%icmp_ln398 = icmp_eq  i7 %i, i7 64" [/home/luka/Scripting/ELEC_498-Capstone-LiteLM/HLS-Verilog/Transformer_logic/src-hls/compute_controller.cpp:398]   --->   Operation 9 'icmp' 'icmp_ln398' <Predicate = true> <Delay = 0.77> <CoreInst = "Cmp">   --->   Core 9 'Cmp' <Latency = 0> <II = 1> <Delay = 0.76> <FuncUnit> <Opcode : 'seteq' 'setne' 'setle' 'setge' 'setlt' 'setgt'> <InPorts = 2> <OutPorts = 1>
ST_1 : Operation 10 [1/1] (0.77ns)   --->   "%add_ln398 = add i7 %i, i7 1" [/home/luka/Scripting/ELEC_498-Capstone-LiteLM/HLS-Verilog/Transformer_logic/src-hls/compute_controller.cpp:398]   --->   Operation 10 'add' 'add_ln398' <Predicate = true> <Delay = 0.77> <CoreInst = "Adder">   --->   Core 1 'Adder' <Latency = 0> <II = 1> <Delay = 0.77> <FuncUnit> <Opcode : 'add' 'sub'> <InPorts = 2> <OutPorts = 1>
ST_1 : Operation 11 [1/1] (0.00ns)   --->   "%br_ln398 = br i1 %icmp_ln398, void %for.inc167.split, void %for.end169.exitStub" [/home/luka/Scripting/ELEC_498-Capstone-LiteLM/HLS-Verilog/Transformer_logic/src-hls/compute_controller.cpp:398]   --->   Operation 11 'br' 'br_ln398' <Predicate = true> <Delay = 0.00>
ST_1 : Operation 12 [1/1] (0.00ns)   --->   "%zext_ln398 = zext i7 %i" [/home/luka/Scripting/ELEC_498-Capstone-LiteLM/HLS-Verilog/Transformer_logic/src-hls/compute_controller.cpp:398]   --->   Operation 12 'zext' 'zext_ln398' <Predicate = (!icmp_ln398)> <Delay = 0.00>
ST_1 : Operation 13 [1/1] (0.00ns)   --->   "%specpipeline_ln399 = specpipeline void @_ssdm_op_SpecPipeline, i32 1, i32 0, i32 0, i32 0, void @empty_21" [/home/luka/Scripting/ELEC_498-Capstone-LiteLM/HLS-Verilog/Transformer_logic/src-hls/compute_controller.cpp:399]   --->   Operation 13 'specpipeline' 'specpipeline_ln399' <Predicate = (!icmp_ln398)> <Delay = 0.00>
ST_1 : Operation 14 [1/1] (0.00ns)   --->   "%speclooptripcount_ln398 = speclooptripcount void @_ssdm_op_SpecLoopTripCount, i64 64, i64 64, i64 64" [/home/luka/Scripting/ELEC_498-Capstone-LiteLM/HLS-Verilog/Transformer_logic/src-hls/compute_controller.cpp:398]   --->   Operation 14 'speclooptripcount' 'speclooptripcount_ln398' <Predicate = (!icmp_ln398)> <Delay = 0.00>
ST_1 : Operation 15 [1/1] (0.00ns)   --->   "%specloopname_ln398 = specloopname void @_ssdm_op_SpecLoopName, void @empty_20" [/home/luka/Scripting/ELEC_498-Capstone-LiteLM/HLS-Verilog/Transformer_logic/src-hls/compute_controller.cpp:398]   --->   Operation 15 'specloopname' 'specloopname_ln398' <Predicate = (!icmp_ln398)> <Delay = 0.00>
ST_1 : Operation 16 [1/1] (0.00ns)   --->   "%out_buf_addr = getelementptr i8 %out_buf, i64 0, i64 %zext_ln398" [/home/luka/Scripting/ELEC_498-Capstone-LiteLM/HLS-Verilog/Transformer_logic/src-hls/compute_controller.cpp:400]   --->   Operation 16 'getelementptr' 'out_buf_addr' <Predicate = (!icmp_ln398)> <Delay = 0.00>
ST_1 : Operation 17 [1/1] ( I:0.67ns O:0.67ns )   --->   "%store_ln400 = store i8 0, i6 %out_buf_addr" [/home/luka/Scripting/ELEC_498-Capstone-LiteLM/HLS-Verilog/Transformer_logic/src-hls/compute_controller.cpp:400]   --->   Operation 17 'store' 'store_ln400' <Predicate = (!icmp_ln398)> <Delay = 0.67> <CoreInst = "RAM">   --->   Core 82 'RAM' <Latency = 1> <II = 1> <Delay = 0.67> <Storage> <Opcode : 'load' 'store'> <Ports = 2> <Width = 8> <Depth = 64> <RAM>
ST_1 : Operation 18 [1/1] (0.42ns)   --->   "%store_ln398 = store i7 %add_ln398, i7 %i_7" [/home/luka/Scripting/ELEC_498-Capstone-LiteLM/HLS-Verilog/Transformer_logic/src-hls/compute_controller.cpp:398]   --->   Operation 18 'store' 'store_ln398' <Predicate = (!icmp_ln398)> <Delay = 0.42>
ST_1 : Operation 19 [1/1] (0.00ns)   --->   "%br_ln398 = br void %for.inc167" [/home/luka/Scripting/ELEC_498-Capstone-LiteLM/HLS-Verilog/Transformer_logic/src-hls/compute_controller.cpp:398]   --->   Operation 19 'br' 'br_ln398' <Predicate = (!icmp_ln398)> <Delay = 0.00>
ST_1 : Operation 20 [1/1] (0.42ns)   --->   "%ret_ln0 = ret"   --->   Operation 20 'ret' 'ret_ln0' <Predicate = (icmp_ln398)> <Delay = 0.42>


============================================================
+ Verbose Summary: Binding
============================================================
STG Binding: 
---------------- STG Properties BEGIN ----------------
- Is combinational: 0
- Is one-state seq: 0
- Is datapath-only: 0
- Is pipelined: 0
- Is top level: 0
Port [ Return ] is wired: 1; IO mode=ap_ctrl_hs:ce=0
Port [ out_buf]:  wired=1; compound=1; hidden=0; nouse=0; global=0; static=0; extern=0; dir=1; type=1; pingpong=0; private_global=0; MemPort=[03]; IO mode=ap_memory:ce=0
---------------- STG Properties END ------------------

---------------- Datapath Model BEGIN ----------------

<LifeTime>
<method=bitvector/>
i_7                     (alloca           ) [ 01]
specinterface_ln0       (specinterface    ) [ 00]
store_ln398             (store            ) [ 00]
br_ln0                  (br               ) [ 00]
i                       (load             ) [ 00]
icmp_ln398              (icmp             ) [ 01]
add_ln398               (add              ) [ 00]
br_ln398                (br               ) [ 00]
zext_ln398              (zext             ) [ 00]
specpipeline_ln399      (specpipeline     ) [ 00]
speclooptripcount_ln398 (speclooptripcount) [ 00]
specloopname_ln398      (specloopname     ) [ 00]
out_buf_addr            (getelementptr    ) [ 00]
store_ln400             (store            ) [ 00]
store_ln398             (store            ) [ 00]
br_ln398                (br               ) [ 00]
ret_ln0                 (ret              ) [ 00]
</LifeTime>

<model>

<comp_list>
<comp id="0" class="1000" name="out_buf">
<pin_list>
<pin id="1" dir="1" index="0" bw="1" slack="0"/>
</pin_list>
<bind>
<StgValue><ssdm name="out_buf"/><MemPortTyVec>0 3 </MemPortTyVec>
</StgValue>
</bind>
</comp>

<comp id="2" class="1001" name="const_2">
<pin_list>
<pin id="3" dir="1" index="0" bw="1" slack="0"/>
</pin_list>
<bind>
<StgValue><ssdm name=""/></StgValue>
</bind>
</comp>

<comp id="4" class="1001" name="const_4">
<pin_list>
<pin id="5" dir="1" index="0" bw="1" slack="2147483647"/>
</pin_list>
<bind>
<StgValue><ssdm name="_ssdm_op_SpecInterface"/></StgValue>
</bind>
</comp>

<comp id="6" class="1001" name="const_6">
<pin_list>
<pin id="7" dir="1" index="0" bw="1" slack="2147483647"/>
</pin_list>
<bind>
<StgValue><ssdm name="empty_12"/></StgValue>
</bind>
</comp>

<comp id="8" class="1001" name="const_8">
<pin_list>
<pin id="9" dir="1" index="0" bw="1" slack="2147483647"/>
</pin_list>
<bind>
<StgValue><ssdm name=""/></StgValue>
</bind>
</comp>

<comp id="10" class="1001" name="const_10">
<pin_list>
<pin id="11" dir="1" index="0" bw="1" slack="2147483647"/>
</pin_list>
<bind>
<StgValue><ssdm name="empty_21"/></StgValue>
</bind>
</comp>

<comp id="12" class="1001" name="const_12">
<pin_list>
<pin id="13" dir="1" index="0" bw="1" slack="2147483647"/>
</pin_list>
<bind>
<StgValue><ssdm name=""/></StgValue>
</bind>
</comp>

<comp id="14" class="1001" name="const_14">
<pin_list>
<pin id="15" dir="1" index="0" bw="1" slack="0"/>
</pin_list>
<bind>
<StgValue><ssdm name=""/></StgValue>
</bind>
</comp>

<comp id="16" class="1001" name="const_16">
<pin_list>
<pin id="17" dir="1" index="0" bw="1" slack="0"/>
</pin_list>
<bind>
<StgValue><ssdm name=""/></StgValue>
</bind>
</comp>

<comp id="18" class="1001" name="const_18">
<pin_list>
<pin id="19" dir="1" index="0" bw="1" slack="0"/>
</pin_list>
<bind>
<StgValue><ssdm name=""/></StgValue>
</bind>
</comp>

<comp id="20" class="1001" name="const_20">
<pin_list>
<pin id="21" dir="1" index="0" bw="1" slack="2147483647"/>
</pin_list>
<bind>
<StgValue><ssdm name="_ssdm_op_SpecPipeline"/></StgValue>
</bind>
</comp>

<comp id="22" class="1001" name="const_22">
<pin_list>
<pin id="23" dir="1" index="0" bw="1" slack="2147483647"/>
</pin_list>
<bind>
<StgValue><ssdm name="_ssdm_op_SpecLoopTripCount"/></StgValue>
</bind>
</comp>

<comp id="24" class="1001" name="const_24">
<pin_list>
<pin id="25" dir="1" index="0" bw="1" slack="2147483647"/>
</pin_list>
<bind>
<StgValue><ssdm name=""/></StgValue>
</bind>
</comp>

<comp id="26" class="1001" name="const_26">
<pin_list>
<pin id="27" dir="1" index="0" bw="1" slack="2147483647"/>
</pin_list>
<bind>
<StgValue><ssdm name="_ssdm_op_SpecLoopName"/></StgValue>
</bind>
</comp>

<comp id="28" class="1001" name="const_28">
<pin_list>
<pin id="29" dir="1" index="0" bw="1" slack="2147483647"/>
</pin_list>
<bind>
<StgValue><ssdm name="empty_20"/></StgValue>
</bind>
</comp>

<comp id="30" class="1001" name="const_30">
<pin_list>
<pin id="31" dir="1" index="0" bw="1" slack="0"/>
</pin_list>
<bind>
<StgValue><ssdm name=""/></StgValue>
</bind>
</comp>

<comp id="32" class="1001" name="const_32">
<pin_list>
<pin id="33" dir="1" index="0" bw="1" slack="0"/>
</pin_list>
<bind>
<StgValue><ssdm name=""/></StgValue>
</bind>
</comp>

<comp id="34" class="1004" name="i_7_fu_34">
<pin_list>
<pin id="35" dir="0" index="0" bw="1" slack="0"/>
<pin id="36" dir="1" index="1" bw="7" slack="0"/>
</pin_list>
<bind>
<opcode="alloca(26) " fcode="alloca"/>
<opset="i_7/1 "/>
</bind>
</comp>

<comp id="38" class="1004" name="out_buf_addr_gep_fu_38">
<pin_list>
<pin id="39" dir="0" index="0" bw="8" slack="0"/>
<pin id="40" dir="0" index="1" bw="1" slack="0"/>
<pin id="41" dir="0" index="2" bw="7" slack="0"/>
<pin id="42" dir="1" index="3" bw="6" slack="0"/>
</pin_list>
<bind>
<opcode="getelementptr(29) " fcode="getelementptr"/>
<opset="out_buf_addr/1 "/>
</bind>
</comp>

<comp id="45" class="1004" name="store_ln400_access_fu_45">
<pin_list>
<pin id="46" dir="0" index="0" bw="6" slack="0"/>
<pin id="47" dir="0" index="1" bw="8" slack="0"/>
<pin id="48" dir="0" index="2" bw="0" slack="2147483647"/>
<pin id="49" dir="1" index="3" bw="8" slack="2147483647"/>
</pin_list>
<bind>
<opcode="store(28) " fcode="store"/>
<opset="store_ln400/1 "/>
</bind>
</comp>

<comp id="52" class="1004" name="store_ln398_store_fu_52">
<pin_list>
<pin id="53" dir="0" index="0" bw="1" slack="0"/>
<pin id="54" dir="0" index="1" bw="7" slack="0"/>
<pin id="55" dir="1" index="2" bw="0" slack="2147483647"/>
</pin_list>
<bind>
<opcode="store(28) " fcode="store"/>
<opset="store_ln398/1 "/>
</bind>
</comp>

<comp id="57" class="1004" name="i_load_fu_57">
<pin_list>
<pin id="58" dir="0" index="0" bw="7" slack="0"/>
<pin id="59" dir="1" index="1" bw="7" slack="0"/>
</pin_list>
<bind>
<opcode="load(27) " fcode="load"/>
<opset="i/1 "/>
</bind>
</comp>

<comp id="60" class="1004" name="icmp_ln398_fu_60">
<pin_list>
<pin id="61" dir="0" index="0" bw="7" slack="0"/>
<pin id="62" dir="0" index="1" bw="7" slack="0"/>
<pin id="63" dir="1" index="2" bw="1" slack="2147483647"/>
</pin_list>
<bind>
<opcode="icmp(45) " fcode="icmp"/>
<opset="icmp_ln398/1 "/>
</bind>
</comp>

<comp id="66" class="1004" name="add_ln398_fu_66">
<pin_list>
<pin id="67" dir="0" index="0" bw="7" slack="0"/>
<pin id="68" dir="0" index="1" bw="1" slack="0"/>
<pin id="69" dir="1" index="2" bw="7" slack="0"/>
</pin_list>
<bind>
<opcode="add(8) " fcode="add"/>
<opset="add_ln398/1 "/>
</bind>
</comp>

<comp id="72" class="1004" name="zext_ln398_fu_72">
<pin_list>
<pin id="73" dir="0" index="0" bw="7" slack="0"/>
<pin id="74" dir="1" index="1" bw="64" slack="0"/>
</pin_list>
<bind>
<opcode="zext(34) " fcode="zext"/>
<opset="zext_ln398/1 "/>
</bind>
</comp>

<comp id="77" class="1004" name="store_ln398_store_fu_77">
<pin_list>
<pin id="78" dir="0" index="0" bw="7" slack="0"/>
<pin id="79" dir="0" index="1" bw="7" slack="0"/>
<pin id="80" dir="1" index="2" bw="0" slack="2147483647"/>
</pin_list>
<bind>
<opcode="store(28) " fcode="store"/>
<opset="store_ln398/1 "/>
</bind>
</comp>

<comp id="82" class="1005" name="i_7_reg_82">
<pin_list>
<pin id="83" dir="0" index="0" bw="7" slack="0"/>
<pin id="84" dir="1" index="1" bw="7" slack="0"/>
</pin_list>
<bind>
<opset="i_7 "/>
</bind>
</comp>

</comp_list>

<net_list>
<net id="37"><net_src comp="2" pin="0"/><net_sink comp="34" pin=0"/></net>

<net id="43"><net_src comp="0" pin="0"/><net_sink comp="38" pin=0"/></net>

<net id="44"><net_src comp="30" pin="0"/><net_sink comp="38" pin=1"/></net>

<net id="50"><net_src comp="32" pin="0"/><net_sink comp="45" pin=1"/></net>

<net id="51"><net_src comp="38" pin="3"/><net_sink comp="45" pin=0"/></net>

<net id="56"><net_src comp="14" pin="0"/><net_sink comp="52" pin=0"/></net>

<net id="64"><net_src comp="57" pin="1"/><net_sink comp="60" pin=0"/></net>

<net id="65"><net_src comp="16" pin="0"/><net_sink comp="60" pin=1"/></net>

<net id="70"><net_src comp="57" pin="1"/><net_sink comp="66" pin=0"/></net>

<net id="71"><net_src comp="18" pin="0"/><net_sink comp="66" pin=1"/></net>

<net id="75"><net_src comp="57" pin="1"/><net_sink comp="72" pin=0"/></net>

<net id="76"><net_src comp="72" pin="1"/><net_sink comp="38" pin=2"/></net>

<net id="81"><net_src comp="66" pin="2"/><net_sink comp="77" pin=0"/></net>

<net id="85"><net_src comp="34" pin="1"/><net_sink comp="82" pin=0"/></net>

<net id="86"><net_src comp="82" pin="1"/><net_sink comp="52" pin=1"/></net>

<net id="87"><net_src comp="82" pin="1"/><net_sink comp="57" pin=0"/></net>

<net id="88"><net_src comp="82" pin="1"/><net_sink comp="77" pin=1"/></net>

</net_list>

</model> 
---------------- Datapath Model END ------------------

* FSMD analyzer results:
  - Output states:
	Port: out_buf | {1 }
 - Input state : 
	Port: compute_controller_Pipeline_VITIS_LOOP_398_11 : out_buf | {}
  - Chain level:
	State 1
		store_ln398 : 1
		i : 1
		icmp_ln398 : 2
		add_ln398 : 2
		br_ln398 : 3
		zext_ln398 : 2
		out_buf_addr : 3
		store_ln400 : 4
		store_ln398 : 3


============================================================
+ Verbose Summary: Datapath Resource usage 
============================================================

* Functional unit list:
|----------|------------------|---------|---------|
| Operation|  Functional Unit |    FF   |   LUT   |
|----------|------------------|---------|---------|
|   icmp   | icmp_ln398_fu_60 |    0    |    14   |
|----------|------------------|---------|---------|
|    add   |  add_ln398_fu_66 |    0    |    14   |
|----------|------------------|---------|---------|
|   zext   | zext_ln398_fu_72 |    0    |    0    |
|----------|------------------|---------|---------|
|   Total  |                  |    0    |    28   |
|----------|------------------|---------|---------|

Memories:
N/A

* Register list:
+----------+--------+
|          |   FF   |
+----------+--------+
|i_7_reg_82|    7   |
+----------+--------+
|   Total  |    7   |
+----------+--------+

* Multiplexer (MUX) list: 
|--------|------|------|------|--------|
|  Comp  |  Pin | Size |  BW  | S x BW |
|--------|------|------|------|--------|
|  Total |      |      |      |    0   |
|--------|------|------|------|--------|



* Summary:
+-----------+--------+--------+
|           |   FF   |   LUT  |
+-----------+--------+--------+
|  Function |    0   |   28   |
|   Memory  |    -   |    -   |
|Multiplexer|    -   |    -   |
|  Register |    7   |    -   |
+-----------+--------+--------+
|   Total   |    7   |   28   |
+-----------+--------+--------+
