

================================================================
== Vitis HLS Report for 'compute_controller_Pipeline_VITIS_LOOP_506_19'
================================================================
* Date:           Tue Feb  3 19:41:30 2026

* Version:        2025.1 (Build 6135595 on May 21 2025)
* Project:        transformer_top
* Solution:       hls (Vivado IP Flow Target)
* Product family: zynquplus
* Target device:  xck26-sfvc784-2LV-c


================================================================
== Performance Estimates
================================================================
+ Timing: 
    * Summary: 
    +--------+----------+----------+------------+
    |  Clock |  Target  | Estimated| Uncertainty|
    +--------+----------+----------+------------+
    |ap_clk  |  10.00 ns|  2.010 ns|     2.70 ns|
    +--------+----------+----------+------------+

+ Latency: 
    * Summary: 
    +---------+---------+----------+----------+-----+-----+------------------------------------------------+
    |  Latency (cycles) |  Latency (absolute) |  Interval |                    Pipeline                    |
    |   min   |   max   |    min   |    max   | min | max |                      Type                      |
    +---------+---------+----------+----------+-----+-----+------------------------------------------------+
    |       35|       35|  0.350 us|  0.350 us|   34|   34|  loop auto-rewind stp (delay=0 clock cycles(s))|
    +---------+---------+----------+----------+-----+-----+------------------------------------------------+

    + Detail: 
        * Instance: 
        N/A

        * Loop: 
        +---------------------+---------+---------+----------+-----------+-----------+------+----------+
        |                     |  Latency (cycles) | Iteration|  Initiation Interval  | Trip |          |
        |      Loop Name      |   min   |   max   |  Latency |  achieved |   target  | Count| Pipelined|
        +---------------------+---------+---------+----------+-----------+-----------+------+----------+
        |- VITIS_LOOP_506_19  |       33|       33|         4|          2|          1|    16|       yes|
        +---------------------+---------+---------+----------+-----------+-----------+------+----------+

============================================================
+ Verbose Summary: Synthesis Manager
============================================================
InlineROM: 1
ExposeGlobal: 0
============================================================
+ Verbose Summary: CDFG Model
============================================================
IsTopModel: 0
ResetActiveHigh: 1
IsCombinational: 0
IsDatapathOnly: 0
HasWiredReturn: 1
HasMFsm: 2
HasVarLatency: 1
IsPipeline: 0
IsRtlPipelined: 0
IsInstanceOverlapped: 0
IsDontTouch: 0
HasImplIP: 0
IsGatedGlobalClock: 0

+ Individual pipeline summary: 
  * Pipeline-0: initiation interval (II) = 2, depth = 4


============================================================
+ Verbose Summary: Schedule
============================================================
* Number of FSM states : 4
* Pipeline : 1
  Pipeline-0 : II = 2, D = 4, States = { 1 2 3 4 }
* Dataflow Pipeline: 0

* FSM state transitions: 
1 --> 2 
2 --> 3 
3 --> 4 
4 --> 

* FSM state operations: 

State 1 <SV = 0> <Delay = 1.22>
ST_1 : Operation 7 [1/1] (0.00ns)   --->   "%i_1 = alloca i32 1" [/home/luka/Scripting/ELEC_498-Capstone-LiteLM/HLS-Verilog/Transformer_logic/src-hls/compute_controller.cpp:506]   --->   Operation 7 'alloca' 'i_1' <Predicate = true> <Delay = 0.00>
ST_1 : Operation 8 [1/1] (0.00ns)   --->   "%specinterface_ln0 = specinterface void @_ssdm_op_SpecInterface, i8 %in_buf, void @empty_12, i32 0, i32 0, void @empty_21, i32 4294967295, i32 0, void @empty_21, void @empty_21, void @empty_21, i32 0, i32 0, i32 0, i32 0, void @empty_21, void @empty_21, i32 4294967295, i32 0, i32 0"   --->   Operation 8 'specinterface' 'specinterface_ln0' <Predicate = true> <Delay = 0.00>
ST_1 : Operation 9 [1/1] (0.42ns)   --->   "%store_ln506 = store i5 0, i5 %i_1" [/home/luka/Scripting/ELEC_498-Capstone-LiteLM/HLS-Verilog/Transformer_logic/src-hls/compute_controller.cpp:506]   --->   Operation 9 'store' 'store_ln506' <Predicate = true> <Delay = 0.42>
ST_1 : Operation 10 [1/1] (0.00ns)   --->   "%br_ln0 = br void %for.inc344"   --->   Operation 10 'br' 'br_ln0' <Predicate = true> <Delay = 0.00>
ST_1 : Operation 11 [1/1] (0.00ns)   --->   "%i = load i5 %i_1" [/home/luka/Scripting/ELEC_498-Capstone-LiteLM/HLS-Verilog/Transformer_logic/src-hls/compute_controller.cpp:506]   --->   Operation 11 'load' 'i' <Predicate = true> <Delay = 0.00>
ST_1 : Operation 12 [1/1] (0.78ns)   --->   "%icmp_ln506 = icmp_eq  i5 %i, i5 16" [/home/luka/Scripting/ELEC_498-Capstone-LiteLM/HLS-Verilog/Transformer_logic/src-hls/compute_controller.cpp:506]   --->   Operation 12 'icmp' 'icmp_ln506' <Predicate = true> <Delay = 0.78> <CoreInst = "Cmp">   --->   Core 9 'Cmp' <Latency = 0> <II = 1> <Delay = 0.78> <FuncUnit> <Opcode : 'seteq' 'setne' 'setle' 'setge' 'setlt' 'setgt'> <InPorts = 2> <OutPorts = 1>
ST_1 : Operation 13 [1/1] (0.78ns)   --->   "%add_ln506 = add i5 %i, i5 1" [/home/luka/Scripting/ELEC_498-Capstone-LiteLM/HLS-Verilog/Transformer_logic/src-hls/compute_controller.cpp:506]   --->   Operation 13 'add' 'add_ln506' <Predicate = true> <Delay = 0.78> <CoreInst = "Adder">   --->   Core 1 'Adder' <Latency = 0> <II = 1> <Delay = 0.78> <FuncUnit> <Opcode : 'add' 'sub'> <InPorts = 2> <OutPorts = 1>
ST_1 : Operation 14 [1/1] (0.00ns)   --->   "%br_ln506 = br i1 %icmp_ln506, void %for.inc344.split, void %for.end346.exitStub" [/home/luka/Scripting/ELEC_498-Capstone-LiteLM/HLS-Verilog/Transformer_logic/src-hls/compute_controller.cpp:506]   --->   Operation 14 'br' 'br_ln506' <Predicate = true> <Delay = 0.00>
ST_1 : Operation 15 [1/1] (0.00ns)   --->   "%trunc_ln506 = trunc i5 %i" [/home/luka/Scripting/ELEC_498-Capstone-LiteLM/HLS-Verilog/Transformer_logic/src-hls/compute_controller.cpp:506]   --->   Operation 15 'trunc' 'trunc_ln506' <Predicate = (!icmp_ln506)> <Delay = 0.00>
ST_1 : Operation 16 [1/1] (0.79ns)   --->   "%switch_ln508 = switch i4 %trunc_ln506, void %arrayidx343.case.15, i4 0, void %arrayidx343.case.0, i4 1, void %arrayidx343.case.1, i4 2, void %arrayidx343.case.2, i4 3, void %arrayidx343.case.3, i4 4, void %arrayidx343.case.4, i4 5, void %arrayidx343.case.5, i4 6, void %arrayidx343.case.6, i4 7, void %arrayidx343.case.7, i4 8, void %arrayidx343.case.8, i4 9, void %arrayidx343.case.9, i4 10, void %arrayidx343.case.10, i4 11, void %arrayidx343.case.11, i4 12, void %arrayidx343.case.12, i4 13, void %arrayidx343.case.13, i4 14, void %arrayidx343.case.14" [/home/luka/Scripting/ELEC_498-Capstone-LiteLM/HLS-Verilog/Transformer_logic/src-hls/compute_controller.cpp:508]   --->   Operation 16 'switch' 'switch_ln508' <Predicate = (!icmp_ln506)> <Delay = 0.79>
ST_1 : Operation 17 [1/1] (0.00ns)   --->   "%br_ln508 = br void %arrayidx343.exit" [/home/luka/Scripting/ELEC_498-Capstone-LiteLM/HLS-Verilog/Transformer_logic/src-hls/compute_controller.cpp:508]   --->   Operation 17 'br' 'br_ln508' <Predicate = (!icmp_ln506 & trunc_ln506 == 14)> <Delay = 0.00>
ST_1 : Operation 18 [1/1] (0.00ns)   --->   "%br_ln508 = br void %arrayidx343.exit" [/home/luka/Scripting/ELEC_498-Capstone-LiteLM/HLS-Verilog/Transformer_logic/src-hls/compute_controller.cpp:508]   --->   Operation 18 'br' 'br_ln508' <Predicate = (!icmp_ln506 & trunc_ln506 == 13)> <Delay = 0.00>
ST_1 : Operation 19 [1/1] (0.00ns)   --->   "%br_ln508 = br void %arrayidx343.exit" [/home/luka/Scripting/ELEC_498-Capstone-LiteLM/HLS-Verilog/Transformer_logic/src-hls/compute_controller.cpp:508]   --->   Operation 19 'br' 'br_ln508' <Predicate = (!icmp_ln506 & trunc_ln506 == 12)> <Delay = 0.00>
ST_1 : Operation 20 [1/1] (0.00ns)   --->   "%br_ln508 = br void %arrayidx343.exit" [/home/luka/Scripting/ELEC_498-Capstone-LiteLM/HLS-Verilog/Transformer_logic/src-hls/compute_controller.cpp:508]   --->   Operation 20 'br' 'br_ln508' <Predicate = (!icmp_ln506 & trunc_ln506 == 11)> <Delay = 0.00>
ST_1 : Operation 21 [1/1] (0.00ns)   --->   "%br_ln508 = br void %arrayidx343.exit" [/home/luka/Scripting/ELEC_498-Capstone-LiteLM/HLS-Verilog/Transformer_logic/src-hls/compute_controller.cpp:508]   --->   Operation 21 'br' 'br_ln508' <Predicate = (!icmp_ln506 & trunc_ln506 == 10)> <Delay = 0.00>
ST_1 : Operation 22 [1/1] (0.00ns)   --->   "%br_ln508 = br void %arrayidx343.exit" [/home/luka/Scripting/ELEC_498-Capstone-LiteLM/HLS-Verilog/Transformer_logic/src-hls/compute_controller.cpp:508]   --->   Operation 22 'br' 'br_ln508' <Predicate = (!icmp_ln506 & trunc_ln506 == 9)> <Delay = 0.00>
ST_1 : Operation 23 [1/1] (0.00ns)   --->   "%br_ln508 = br void %arrayidx343.exit" [/home/luka/Scripting/ELEC_498-Capstone-LiteLM/HLS-Verilog/Transformer_logic/src-hls/compute_controller.cpp:508]   --->   Operation 23 'br' 'br_ln508' <Predicate = (!icmp_ln506 & trunc_ln506 == 8)> <Delay = 0.00>
ST_1 : Operation 24 [1/1] (0.00ns)   --->   "%br_ln508 = br void %arrayidx343.exit" [/home/luka/Scripting/ELEC_498-Capstone-LiteLM/HLS-Verilog/Transformer_logic/src-hls/compute_controller.cpp:508]   --->   Operation 24 'br' 'br_ln508' <Predicate = (!icmp_ln506 & trunc_ln506 == 7)> <Delay = 0.00>
ST_1 : Operation 25 [1/1] (0.00ns)   --->   "%br_ln508 = br void %arrayidx343.exit" [/home/luka/Scripting/ELEC_498-Capstone-LiteLM/HLS-Verilog/Transformer_logic/src-hls/compute_controller.cpp:508]   --->   Operation 25 'br' 'br_ln508' <Predicate = (!icmp_ln506 & trunc_ln506 == 6)> <Delay = 0.00>
ST_1 : Operation 26 [1/1] (0.00ns)   --->   "%br_ln508 = br void %arrayidx343.exit" [/home/luka/Scripting/ELEC_498-Capstone-LiteLM/HLS-Verilog/Transformer_logic/src-hls/compute_controller.cpp:508]   --->   Operation 26 'br' 'br_ln508' <Predicate = (!icmp_ln506 & trunc_ln506 == 5)> <Delay = 0.00>
ST_1 : Operation 27 [1/1] (0.00ns)   --->   "%br_ln508 = br void %arrayidx343.exit" [/home/luka/Scripting/ELEC_498-Capstone-LiteLM/HLS-Verilog/Transformer_logic/src-hls/compute_controller.cpp:508]   --->   Operation 27 'br' 'br_ln508' <Predicate = (!icmp_ln506 & trunc_ln506 == 4)> <Delay = 0.00>
ST_1 : Operation 28 [1/1] (0.00ns)   --->   "%br_ln508 = br void %arrayidx343.exit" [/home/luka/Scripting/ELEC_498-Capstone-LiteLM/HLS-Verilog/Transformer_logic/src-hls/compute_controller.cpp:508]   --->   Operation 28 'br' 'br_ln508' <Predicate = (!icmp_ln506 & trunc_ln506 == 3)> <Delay = 0.00>
ST_1 : Operation 29 [1/1] (0.00ns)   --->   "%br_ln508 = br void %arrayidx343.exit" [/home/luka/Scripting/ELEC_498-Capstone-LiteLM/HLS-Verilog/Transformer_logic/src-hls/compute_controller.cpp:508]   --->   Operation 29 'br' 'br_ln508' <Predicate = (!icmp_ln506 & trunc_ln506 == 2)> <Delay = 0.00>
ST_1 : Operation 30 [1/1] (0.00ns)   --->   "%br_ln508 = br void %arrayidx343.exit" [/home/luka/Scripting/ELEC_498-Capstone-LiteLM/HLS-Verilog/Transformer_logic/src-hls/compute_controller.cpp:508]   --->   Operation 30 'br' 'br_ln508' <Predicate = (!icmp_ln506 & trunc_ln506 == 1)> <Delay = 0.00>
ST_1 : Operation 31 [1/1] (0.00ns)   --->   "%br_ln508 = br void %arrayidx343.exit" [/home/luka/Scripting/ELEC_498-Capstone-LiteLM/HLS-Verilog/Transformer_logic/src-hls/compute_controller.cpp:508]   --->   Operation 31 'br' 'br_ln508' <Predicate = (!icmp_ln506 & trunc_ln506 == 0)> <Delay = 0.00>
ST_1 : Operation 32 [1/1] (0.00ns)   --->   "%br_ln508 = br void %arrayidx343.exit" [/home/luka/Scripting/ELEC_498-Capstone-LiteLM/HLS-Verilog/Transformer_logic/src-hls/compute_controller.cpp:508]   --->   Operation 32 'br' 'br_ln508' <Predicate = (!icmp_ln506 & trunc_ln506 == 15)> <Delay = 0.00>

State 2 <SV = 1> <Delay = 2.01>
ST_2 : Operation 33 [1/1] (0.00ns)   --->   "%shl_ln = bitconcatenate i6 @_ssdm_op_BitConcatenate.i6.i4.i2, i4 %trunc_ln506, i2 0" [/home/luka/Scripting/ELEC_498-Capstone-LiteLM/HLS-Verilog/Transformer_logic/src-hls/compute_controller.cpp:508]   --->   Operation 33 'bitconcatenate' 'shl_ln' <Predicate = (!icmp_ln506)> <Delay = 0.00>
ST_2 : Operation 34 [1/1] (0.00ns)   --->   "%zext_ln508 = zext i6 %shl_ln" [/home/luka/Scripting/ELEC_498-Capstone-LiteLM/HLS-Verilog/Transformer_logic/src-hls/compute_controller.cpp:508]   --->   Operation 34 'zext' 'zext_ln508' <Predicate = (!icmp_ln506)> <Delay = 0.00>
ST_2 : Operation 35 [3/3] (2.01ns)   --->   "%tmp = call i32 @read_i32, i8 %in_buf, i7 %zext_ln508" [/home/luka/Scripting/ELEC_498-Capstone-LiteLM/HLS-Verilog/Transformer_logic/src-hls/compute_controller.cpp:508]   --->   Operation 35 'call' 'tmp' <Predicate = (!icmp_ln506)> <Delay = 2.01> <CoreType = "Generic">   --->   Generic Core
ST_2 : Operation 36 [1/1] (0.42ns)   --->   "%store_ln506 = store i5 %add_ln506, i5 %i_1" [/home/luka/Scripting/ELEC_498-Capstone-LiteLM/HLS-Verilog/Transformer_logic/src-hls/compute_controller.cpp:506]   --->   Operation 36 'store' 'store_ln506' <Predicate = (!icmp_ln506)> <Delay = 0.42>
ST_2 : Operation 37 [1/1] (0.00ns)   --->   "%br_ln506 = br void %for.inc344" [/home/luka/Scripting/ELEC_498-Capstone-LiteLM/HLS-Verilog/Transformer_logic/src-hls/compute_controller.cpp:506]   --->   Operation 37 'br' 'br_ln506' <Predicate = (!icmp_ln506)> <Delay = 0.00>
ST_2 : Operation 59 [1/1] (0.42ns)   --->   "%ret_ln0 = ret"   --->   Operation 59 'ret' 'ret_ln0' <Predicate = (icmp_ln506)> <Delay = 0.42>

State 3 <SV = 2> <Delay = 2.01>
ST_3 : Operation 38 [2/3] (2.01ns)   --->   "%tmp = call i32 @read_i32, i8 %in_buf, i7 %zext_ln508" [/home/luka/Scripting/ELEC_498-Capstone-LiteLM/HLS-Verilog/Transformer_logic/src-hls/compute_controller.cpp:508]   --->   Operation 38 'call' 'tmp' <Predicate = (!icmp_ln506)> <Delay = 2.01> <CoreType = "Generic">   --->   Generic Core

State 4 <SV = 3> <Delay = 1.23>
ST_4 : Operation 39 [1/1] (0.00ns)   --->   "%specpipeline_ln507 = specpipeline void @_ssdm_op_SpecPipeline, i32 1, i32 0, i32 0, i32 0, void @empty_21" [/home/luka/Scripting/ELEC_498-Capstone-LiteLM/HLS-Verilog/Transformer_logic/src-hls/compute_controller.cpp:507]   --->   Operation 39 'specpipeline' 'specpipeline_ln507' <Predicate = true> <Delay = 0.00>
ST_4 : Operation 40 [1/1] (0.00ns)   --->   "%speclooptripcount_ln506 = speclooptripcount void @_ssdm_op_SpecLoopTripCount, i64 16, i64 16, i64 16" [/home/luka/Scripting/ELEC_498-Capstone-LiteLM/HLS-Verilog/Transformer_logic/src-hls/compute_controller.cpp:506]   --->   Operation 40 'speclooptripcount' 'speclooptripcount_ln506' <Predicate = true> <Delay = 0.00>
ST_4 : Operation 41 [1/1] (0.00ns)   --->   "%specloopname_ln506 = specloopname void @_ssdm_op_SpecLoopName, void @empty_23" [/home/luka/Scripting/ELEC_498-Capstone-LiteLM/HLS-Verilog/Transformer_logic/src-hls/compute_controller.cpp:506]   --->   Operation 41 'specloopname' 'specloopname_ln506' <Predicate = true> <Delay = 0.00>
ST_4 : Operation 42 [1/3] (1.23ns)   --->   "%tmp = call i32 @read_i32, i8 %in_buf, i7 %zext_ln508" [/home/luka/Scripting/ELEC_498-Capstone-LiteLM/HLS-Verilog/Transformer_logic/src-hls/compute_controller.cpp:508]   --->   Operation 42 'call' 'tmp' <Predicate = true> <Delay = 1.23> <CoreType = "Generic">   --->   Generic Core
ST_4 : Operation 43 [1/1] (0.00ns)   --->   "%store_ln508 = store i32 %tmp, i32 %p_ZZ18compute_controller15ControlMemSpacebjRbS0_bS0_S0_RjPKhPhR12ComputeStateS1_R_43" [/home/luka/Scripting/ELEC_498-Capstone-LiteLM/HLS-Verilog/Transformer_logic/src-hls/compute_controller.cpp:508]   --->   Operation 43 'store' 'store_ln508' <Predicate = (trunc_ln506 == 14)> <Delay = 0.00>
ST_4 : Operation 44 [1/1] (0.00ns)   --->   "%store_ln508 = store i32 %tmp, i32 %p_ZZ18compute_controller15ControlMemSpacebjRbS0_bS0_S0_RjPKhPhR12ComputeStateS1_R_44" [/home/luka/Scripting/ELEC_498-Capstone-LiteLM/HLS-Verilog/Transformer_logic/src-hls/compute_controller.cpp:508]   --->   Operation 44 'store' 'store_ln508' <Predicate = (trunc_ln506 == 13)> <Delay = 0.00>
ST_4 : Operation 45 [1/1] (0.00ns)   --->   "%store_ln508 = store i32 %tmp, i32 %p_ZZ18compute_controller15ControlMemSpacebjRbS0_bS0_S0_RjPKhPhR12ComputeStateS1_R_45" [/home/luka/Scripting/ELEC_498-Capstone-LiteLM/HLS-Verilog/Transformer_logic/src-hls/compute_controller.cpp:508]   --->   Operation 45 'store' 'store_ln508' <Predicate = (trunc_ln506 == 12)> <Delay = 0.00>
ST_4 : Operation 46 [1/1] (0.00ns)   --->   "%store_ln508 = store i32 %tmp, i32 %p_ZZ18compute_controller15ControlMemSpacebjRbS0_bS0_S0_RjPKhPhR12ComputeStateS1_R_46" [/home/luka/Scripting/ELEC_498-Capstone-LiteLM/HLS-Verilog/Transformer_logic/src-hls/compute_controller.cpp:508]   --->   Operation 46 'store' 'store_ln508' <Predicate = (trunc_ln506 == 11)> <Delay = 0.00>
ST_4 : Operation 47 [1/1] (0.00ns)   --->   "%store_ln508 = store i32 %tmp, i32 %p_ZZ18compute_controller15ControlMemSpacebjRbS0_bS0_S0_RjPKhPhR12ComputeStateS1_R_47" [/home/luka/Scripting/ELEC_498-Capstone-LiteLM/HLS-Verilog/Transformer_logic/src-hls/compute_controller.cpp:508]   --->   Operation 47 'store' 'store_ln508' <Predicate = (trunc_ln506 == 10)> <Delay = 0.00>
ST_4 : Operation 48 [1/1] (0.00ns)   --->   "%store_ln508 = store i32 %tmp, i32 %compute_controller_ControlMemSpace_bool_unsigned_int_bool_bool_bool_bool_40" [/home/luka/Scripting/ELEC_498-Capstone-LiteLM/HLS-Verilog/Transformer_logic/src-hls/compute_controller.cpp:508]   --->   Operation 48 'store' 'store_ln508' <Predicate = (trunc_ln506 == 9)> <Delay = 0.00>
ST_4 : Operation 49 [1/1] (0.00ns)   --->   "%store_ln508 = store i32 %tmp, i32 %compute_controller_ControlMemSpace_bool_unsigned_int_bool_bool_bool_bool_41" [/home/luka/Scripting/ELEC_498-Capstone-LiteLM/HLS-Verilog/Transformer_logic/src-hls/compute_controller.cpp:508]   --->   Operation 49 'store' 'store_ln508' <Predicate = (trunc_ln506 == 8)> <Delay = 0.00>
ST_4 : Operation 50 [1/1] (0.00ns)   --->   "%store_ln508 = store i32 %tmp, i32 %compute_controller_ControlMemSpace_bool_unsigned_int_bool_bool_bool_bool_42" [/home/luka/Scripting/ELEC_498-Capstone-LiteLM/HLS-Verilog/Transformer_logic/src-hls/compute_controller.cpp:508]   --->   Operation 50 'store' 'store_ln508' <Predicate = (trunc_ln506 == 7)> <Delay = 0.00>
ST_4 : Operation 51 [1/1] (0.00ns)   --->   "%store_ln508 = store i32 %tmp, i32 %compute_controller_ControlMemSpace_bool_unsigned_int_bool_bool_bool_bool_43" [/home/luka/Scripting/ELEC_498-Capstone-LiteLM/HLS-Verilog/Transformer_logic/src-hls/compute_controller.cpp:508]   --->   Operation 51 'store' 'store_ln508' <Predicate = (trunc_ln506 == 6)> <Delay = 0.00>
ST_4 : Operation 52 [1/1] (0.00ns)   --->   "%store_ln508 = store i32 %tmp, i32 %compute_controller_ControlMemSpace_bool_unsigned_int_bool_bool_bool_bool_44" [/home/luka/Scripting/ELEC_498-Capstone-LiteLM/HLS-Verilog/Transformer_logic/src-hls/compute_controller.cpp:508]   --->   Operation 52 'store' 'store_ln508' <Predicate = (trunc_ln506 == 5)> <Delay = 0.00>
ST_4 : Operation 53 [1/1] (0.00ns)   --->   "%store_ln508 = store i32 %tmp, i32 %compute_controller_ControlMemSpace_bool_unsigned_int_bool_bool_bool_bool_45" [/home/luka/Scripting/ELEC_498-Capstone-LiteLM/HLS-Verilog/Transformer_logic/src-hls/compute_controller.cpp:508]   --->   Operation 53 'store' 'store_ln508' <Predicate = (trunc_ln506 == 4)> <Delay = 0.00>
ST_4 : Operation 54 [1/1] (0.00ns)   --->   "%store_ln508 = store i32 %tmp, i32 %compute_controller_ControlMemSpace_bool_unsigned_int_bool_bool_bool_bool_46" [/home/luka/Scripting/ELEC_498-Capstone-LiteLM/HLS-Verilog/Transformer_logic/src-hls/compute_controller.cpp:508]   --->   Operation 54 'store' 'store_ln508' <Predicate = (trunc_ln506 == 3)> <Delay = 0.00>
ST_4 : Operation 55 [1/1] (0.00ns)   --->   "%store_ln508 = store i32 %tmp, i32 %compute_controller_ControlMemSpace_bool_unsigned_int_bool_bool_bool_bool_47" [/home/luka/Scripting/ELEC_498-Capstone-LiteLM/HLS-Verilog/Transformer_logic/src-hls/compute_controller.cpp:508]   --->   Operation 55 'store' 'store_ln508' <Predicate = (trunc_ln506 == 2)> <Delay = 0.00>
ST_4 : Operation 56 [1/1] (0.00ns)   --->   "%store_ln508 = store i32 %tmp, i32 %compute_controller_ControlMemSpace_bool_unsigned_int_bool_bool_bool_bool_48" [/home/luka/Scripting/ELEC_498-Capstone-LiteLM/HLS-Verilog/Transformer_logic/src-hls/compute_controller.cpp:508]   --->   Operation 56 'store' 'store_ln508' <Predicate = (trunc_ln506 == 1)> <Delay = 0.00>
ST_4 : Operation 57 [1/1] (0.00ns)   --->   "%store_ln508 = store i32 %tmp, i32 %compute_controller_ControlMemSpace_bool_unsigned_int_bool_bool_bool_bool_49" [/home/luka/Scripting/ELEC_498-Capstone-LiteLM/HLS-Verilog/Transformer_logic/src-hls/compute_controller.cpp:508]   --->   Operation 57 'store' 'store_ln508' <Predicate = (trunc_ln506 == 0)> <Delay = 0.00>
ST_4 : Operation 58 [1/1] (0.00ns)   --->   "%store_ln508 = store i32 %tmp, i32 %p_ZZ18compute_controller15ControlMemSpacebjRbS0_bS0_S0_RjPKhPhR12ComputeStateS1_R_42" [/home/luka/Scripting/ELEC_498-Capstone-LiteLM/HLS-Verilog/Transformer_logic/src-hls/compute_controller.cpp:508]   --->   Operation 58 'store' 'store_ln508' <Predicate = (trunc_ln506 == 15)> <Delay = 0.00>


============================================================
+ Verbose Summary: Timing violations
============================================================
Target clock period: 10.000ns, clock uncertainty: 2.700ns.

 <State 1>: 1.224ns
The critical path consists of the following:
	'store' operation 0 bit ('store_ln506', /home/luka/Scripting/ELEC_498-Capstone-LiteLM/HLS-Verilog/Transformer_logic/src-hls/compute_controller.cpp:506) of constant 0 on local variable 'i', /home/luka/Scripting/ELEC_498-Capstone-LiteLM/HLS-Verilog/Transformer_logic/src-hls/compute_controller.cpp:506 [20]  (0.427 ns)
	'load' operation 5 bit ('i', /home/luka/Scripting/ELEC_498-Capstone-LiteLM/HLS-Verilog/Transformer_logic/src-hls/compute_controller.cpp:506) on local variable 'i', /home/luka/Scripting/ELEC_498-Capstone-LiteLM/HLS-Verilog/Transformer_logic/src-hls/compute_controller.cpp:506 [23]  (0.000 ns)
	blocking operation 0.797 ns on control path)

 <State 2>: 2.010ns
The critical path consists of the following:
	'call' operation 32 bit ('tmp', /home/luka/Scripting/ELEC_498-Capstone-LiteLM/HLS-Verilog/Transformer_logic/src-hls/compute_controller.cpp:508) to 'read_i32' [34]  (2.010 ns)

 <State 3>: 2.010ns
The critical path consists of the following:
	'call' operation 32 bit ('tmp', /home/luka/Scripting/ELEC_498-Capstone-LiteLM/HLS-Verilog/Transformer_logic/src-hls/compute_controller.cpp:508) to 'read_i32' [34]  (2.010 ns)

 <State 4>: 1.237ns
The critical path consists of the following:
	'call' operation 32 bit ('tmp', /home/luka/Scripting/ELEC_498-Capstone-LiteLM/HLS-Verilog/Transformer_logic/src-hls/compute_controller.cpp:508) to 'read_i32' [34]  (1.237 ns)
	'store' operation 0 bit ('store_ln508', /home/luka/Scripting/ELEC_498-Capstone-LiteLM/HLS-Verilog/Transformer_logic/src-hls/compute_controller.cpp:508) of variable 'tmp', /home/luka/Scripting/ELEC_498-Capstone-LiteLM/HLS-Verilog/Transformer_logic/src-hls/compute_controller.cpp:508 on static variable 'p_ZZ18compute_controller15ControlMemSpacebjRbS0_bS0_S0_RjPKhPhR12ComputeStateS1_R_43' [37]  (0.000 ns)


============================================================
+ Verbose Summary: Binding
============================================================
N/A
* FSMD analyzer results:
  - Output states:
 - Input state : 
  - Chain level:
	State 1
	State 2
	State 3
	State 4


============================================================
+ Verbose Summary: Datapath Resource usage 
============================================================
N/A
