

================================================================
== Vitis HLS Report for 'compute_controller_Pipeline_VITIS_LOOP_646_35'
================================================================
* Date:           Tue Feb  3 19:41:29 2026

* Version:        2025.1 (Build 6135595 on May 21 2025)
* Project:        transformer_top
* Solution:       hls (Vivado IP Flow Target)
* Product family: zynquplus
* Target device:  xck26-sfvc784-2LV-c


================================================================
== Performance Estimates
================================================================
+ Timing: 
    * Summary: 
    +--------+----------+----------+------------+
    |  Clock |  Target  | Estimated| Uncertainty|
    +--------+----------+----------+------------+
    |ap_clk  |  10.00 ns|  1.843 ns|     2.70 ns|
    +--------+----------+----------+------------+

+ Latency: 
    * Summary: 
    +---------+---------+----------+----------+-----+-----+------------------------------------------------+
    |  Latency (cycles) |  Latency (absolute) |  Interval |                    Pipeline                    |
    |   min   |   max   |    min   |    max   | min | max |                      Type                      |
    +---------+---------+----------+----------+-----+-----+------------------------------------------------+
    |       24|       24|  0.240 us|  0.240 us|   23|   23|  loop auto-rewind stp (delay=0 clock cycles(s))|
    +---------+---------+----------+----------+-----+-----+------------------------------------------------+

    + Detail: 
        * Instance: 
        N/A

        * Loop: 
        +---------------------+---------+---------+----------+-----------+-----------+------+----------+
        |                     |  Latency (cycles) | Iteration|  Initiation Interval  | Trip |          |
        |      Loop Name      |   min   |   max   |  Latency |  achieved |   target  | Count| Pipelined|
        +---------------------+---------+---------+----------+-----------+-----------+------+----------+
        |- VITIS_LOOP_646_35  |       22|       22|         2|          1|          1|    22|       yes|
        +---------------------+---------+---------+----------+-----------+-----------+------+----------+

============================================================
+ Verbose Summary: Synthesis Manager
============================================================
InlineROM: 1
ExposeGlobal: 0
============================================================
+ Verbose Summary: CDFG Model
============================================================
IsTopModel: 0
ResetActiveHigh: 1
IsCombinational: 0
IsDatapathOnly: 0
HasWiredReturn: 1
HasMFsm: 2
HasVarLatency: 1
IsPipeline: 0
IsRtlPipelined: 0
IsInstanceOverlapped: 0
IsDontTouch: 0
HasImplIP: 0
IsGatedGlobalClock: 0

+ Individual pipeline summary: 
  * Pipeline-0: initiation interval (II) = 1, depth = 2


============================================================
+ Verbose Summary: Schedule
============================================================
* Number of FSM states : 2
* Pipeline : 1
  Pipeline-0 : II = 1, D = 2, States = { 1 2 }
* Dataflow Pipeline: 0

* FSM state transitions: 
1 --> 2 
2 --> 

* FSM state operations: 

State 1 <SV = 0> <Delay = 1.64>
ST_1 : Operation 5 [1/1] (0.00ns)   --->   "%i = alloca i32 1" [/home/luka/Scripting/ELEC_498-Capstone-LiteLM/HLS-Verilog/Transformer_logic/src-hls/compute_controller.cpp:646]   --->   Operation 5 'alloca' 'i' <Predicate = true> <Delay = 0.00>
ST_1 : Operation 6 [1/1] (0.00ns)   --->   "%specinterface_ln0 = specinterface void @_ssdm_op_SpecInterface, i8 %out_buf, void @empty_12, i32 0, i32 0, void @empty_21, i32 4294967295, i32 0, void @empty_21, void @empty_21, void @empty_21, i32 0, i32 0, i32 0, i32 0, void @empty_21, void @empty_21, i32 4294967295, i32 0, i32 0"   --->   Operation 6 'specinterface' 'specinterface_ln0' <Predicate = true> <Delay = 0.00>
ST_1 : Operation 7 [1/1] (0.42ns)   --->   "%store_ln646 = store i5 0, i5 %i" [/home/luka/Scripting/ELEC_498-Capstone-LiteLM/HLS-Verilog/Transformer_logic/src-hls/compute_controller.cpp:646]   --->   Operation 7 'store' 'store_ln646' <Predicate = true> <Delay = 0.42>
ST_1 : Operation 8 [1/1] (0.00ns)   --->   "%br_ln0 = br void %for.inc584"   --->   Operation 8 'br' 'br_ln0' <Predicate = true> <Delay = 0.00>
ST_1 : Operation 9 [1/1] (0.00ns)   --->   "%i_4 = load i5 %i" [/home/luka/Scripting/ELEC_498-Capstone-LiteLM/HLS-Verilog/Transformer_logic/src-hls/compute_controller.cpp:646]   --->   Operation 9 'load' 'i_4' <Predicate = true> <Delay = 0.00>
ST_1 : Operation 10 [1/1] (0.78ns)   --->   "%icmp_ln646 = icmp_eq  i5 %i_4, i5 22" [/home/luka/Scripting/ELEC_498-Capstone-LiteLM/HLS-Verilog/Transformer_logic/src-hls/compute_controller.cpp:646]   --->   Operation 10 'icmp' 'icmp_ln646' <Predicate = true> <Delay = 0.78> <CoreInst = "Cmp">   --->   Core 9 'Cmp' <Latency = 0> <II = 1> <Delay = 0.78> <FuncUnit> <Opcode : 'seteq' 'setne' 'setle' 'setge' 'setlt' 'setgt'> <InPorts = 2> <OutPorts = 1>
ST_1 : Operation 11 [1/1] (0.78ns)   --->   "%add_ln646 = add i5 %i_4, i5 1" [/home/luka/Scripting/ELEC_498-Capstone-LiteLM/HLS-Verilog/Transformer_logic/src-hls/compute_controller.cpp:646]   --->   Operation 11 'add' 'add_ln646' <Predicate = true> <Delay = 0.78> <CoreInst = "Adder">   --->   Core 1 'Adder' <Latency = 0> <II = 1> <Delay = 0.78> <FuncUnit> <Opcode : 'add' 'sub'> <InPorts = 2> <OutPorts = 1>
ST_1 : Operation 12 [1/1] (0.00ns)   --->   "%br_ln646 = br i1 %icmp_ln646, void %for.inc584.split, void %sw.epilog.loopexit4757.exitStub" [/home/luka/Scripting/ELEC_498-Capstone-LiteLM/HLS-Verilog/Transformer_logic/src-hls/compute_controller.cpp:646]   --->   Operation 12 'br' 'br_ln646' <Predicate = true> <Delay = 0.00>
ST_1 : Operation 13 [1/1] (0.00ns)   --->   "%tmp = bitselect i1 @_ssdm_op_BitSelect.i1.i5.i32, i5 %i_4, i32 4" [/home/luka/Scripting/ELEC_498-Capstone-LiteLM/HLS-Verilog/Transformer_logic/src-hls/compute_controller.cpp:646]   --->   Operation 13 'bitselect' 'tmp' <Predicate = (!icmp_ln646)> <Delay = 0.00>
ST_1 : Operation 14 [1/1] (0.00ns)   --->   "%zext_ln646 = zext i1 %tmp" [/home/luka/Scripting/ELEC_498-Capstone-LiteLM/HLS-Verilog/Transformer_logic/src-hls/compute_controller.cpp:646]   --->   Operation 14 'zext' 'zext_ln646' <Predicate = (!icmp_ln646)> <Delay = 0.00>
ST_1 : Operation 15 [1/1] (0.00ns)   --->   "%compute_controller_ControlMemSpace_bool_unsigned_int_bool_bool_bool_bool_187 = getelementptr i15 %compute_controller_ControlMemSpace_bool_unsigned_int_bool_bool_bool_bool_138, i64 0, i64 %zext_ln646" [/home/luka/Scripting/ELEC_498-Capstone-LiteLM/HLS-Verilog/Transformer_logic/src-hls/compute_controller.cpp:648]   --->   Operation 15 'getelementptr' 'compute_controller_ControlMemSpace_bool_unsigned_int_bool_bool_bool_bool_187' <Predicate = (!icmp_ln646)> <Delay = 0.00>
ST_1 : Operation 16 [1/1] (0.00ns)   --->   "%compute_controller_ControlMemSpace_bool_unsigned_int_bool_bool_bool_bool_188 = getelementptr i15 %compute_controller_ControlMemSpace_bool_unsigned_int_bool_bool_bool_bool_137, i64 0, i64 %zext_ln646" [/home/luka/Scripting/ELEC_498-Capstone-LiteLM/HLS-Verilog/Transformer_logic/src-hls/compute_controller.cpp:648]   --->   Operation 16 'getelementptr' 'compute_controller_ControlMemSpace_bool_unsigned_int_bool_bool_bool_bool_188' <Predicate = (!icmp_ln646)> <Delay = 0.00>
ST_1 : Operation 17 [1/1] (0.00ns)   --->   "%compute_controller_ControlMemSpace_bool_unsigned_int_bool_bool_bool_bool_189 = getelementptr i15 %compute_controller_ControlMemSpace_bool_unsigned_int_bool_bool_bool_bool_136, i64 0, i64 %zext_ln646" [/home/luka/Scripting/ELEC_498-Capstone-LiteLM/HLS-Verilog/Transformer_logic/src-hls/compute_controller.cpp:648]   --->   Operation 17 'getelementptr' 'compute_controller_ControlMemSpace_bool_unsigned_int_bool_bool_bool_bool_189' <Predicate = (!icmp_ln646)> <Delay = 0.00>
ST_1 : Operation 18 [1/1] (0.00ns)   --->   "%compute_controller_ControlMemSpace_bool_unsigned_int_bool_bool_bool_bool_190 = getelementptr i15 %compute_controller_ControlMemSpace_bool_unsigned_int_bool_bool_bool_bool_135, i64 0, i64 %zext_ln646" [/home/luka/Scripting/ELEC_498-Capstone-LiteLM/HLS-Verilog/Transformer_logic/src-hls/compute_controller.cpp:648]   --->   Operation 18 'getelementptr' 'compute_controller_ControlMemSpace_bool_unsigned_int_bool_bool_bool_bool_190' <Predicate = (!icmp_ln646)> <Delay = 0.00>
ST_1 : Operation 19 [1/1] (0.00ns)   --->   "%compute_controller_ControlMemSpace_bool_unsigned_int_bool_bool_bool_bool_191 = getelementptr i15 %compute_controller_ControlMemSpace_bool_unsigned_int_bool_bool_bool_bool_134, i64 0, i64 %zext_ln646" [/home/luka/Scripting/ELEC_498-Capstone-LiteLM/HLS-Verilog/Transformer_logic/src-hls/compute_controller.cpp:648]   --->   Operation 19 'getelementptr' 'compute_controller_ControlMemSpace_bool_unsigned_int_bool_bool_bool_bool_191' <Predicate = (!icmp_ln646)> <Delay = 0.00>
ST_1 : Operation 20 [1/1] (0.00ns)   --->   "%compute_controller_ControlMemSpace_bool_unsigned_int_bool_bool_bool_bool_192 = getelementptr i15 %compute_controller_ControlMemSpace_bool_unsigned_int_bool_bool_bool_bool_133, i64 0, i64 %zext_ln646" [/home/luka/Scripting/ELEC_498-Capstone-LiteLM/HLS-Verilog/Transformer_logic/src-hls/compute_controller.cpp:648]   --->   Operation 20 'getelementptr' 'compute_controller_ControlMemSpace_bool_unsigned_int_bool_bool_bool_bool_192' <Predicate = (!icmp_ln646)> <Delay = 0.00>
ST_1 : Operation 21 [1/1] (0.00ns)   --->   "%compute_controller_ControlMemSpace_bool_unsigned_int_bool_bool_bool_bool_193 = getelementptr i15 %compute_controller_ControlMemSpace_bool_unsigned_int_bool_bool_bool_bool_132, i64 0, i64 %zext_ln646" [/home/luka/Scripting/ELEC_498-Capstone-LiteLM/HLS-Verilog/Transformer_logic/src-hls/compute_controller.cpp:648]   --->   Operation 21 'getelementptr' 'compute_controller_ControlMemSpace_bool_unsigned_int_bool_bool_bool_bool_193' <Predicate = (!icmp_ln646)> <Delay = 0.00>
ST_1 : Operation 22 [1/1] (0.00ns)   --->   "%compute_controller_ControlMemSpace_bool_unsigned_int_bool_bool_bool_bool_194 = getelementptr i15 %compute_controller_ControlMemSpace_bool_unsigned_int_bool_bool_bool_bool_131, i64 0, i64 %zext_ln646" [/home/luka/Scripting/ELEC_498-Capstone-LiteLM/HLS-Verilog/Transformer_logic/src-hls/compute_controller.cpp:648]   --->   Operation 22 'getelementptr' 'compute_controller_ControlMemSpace_bool_unsigned_int_bool_bool_bool_bool_194' <Predicate = (!icmp_ln646)> <Delay = 0.00>
ST_1 : Operation 23 [1/1] (0.00ns)   --->   "%compute_controller_ControlMemSpace_bool_unsigned_int_bool_bool_bool_bool_195 = getelementptr i15 %compute_controller_ControlMemSpace_bool_unsigned_int_bool_bool_bool_bool_130, i64 0, i64 %zext_ln646" [/home/luka/Scripting/ELEC_498-Capstone-LiteLM/HLS-Verilog/Transformer_logic/src-hls/compute_controller.cpp:648]   --->   Operation 23 'getelementptr' 'compute_controller_ControlMemSpace_bool_unsigned_int_bool_bool_bool_bool_195' <Predicate = (!icmp_ln646)> <Delay = 0.00>
ST_1 : Operation 24 [1/1] (0.00ns)   --->   "%compute_controller_ControlMemSpace_bool_unsigned_int_bool_bool_bool_bool_196 = getelementptr i15 %compute_controller_ControlMemSpace_bool_unsigned_int_bool_bool_bool_bool_129, i64 0, i64 %zext_ln646" [/home/luka/Scripting/ELEC_498-Capstone-LiteLM/HLS-Verilog/Transformer_logic/src-hls/compute_controller.cpp:648]   --->   Operation 24 'getelementptr' 'compute_controller_ControlMemSpace_bool_unsigned_int_bool_bool_bool_bool_196' <Predicate = (!icmp_ln646)> <Delay = 0.00>
ST_1 : Operation 25 [1/1] (0.00ns)   --->   "%p_ZZ18compute_controller15ControlMemSpacebjRbS0_bS0_S0_RjPKhPhR12ComputeStateS1_R_78 = getelementptr i15 %p_ZZ18compute_controller15ControlMemSpacebjRbS0_bS0_S0_RjPKhPhR12ComputeStateS1_R_65, i64 0, i64 %zext_ln646" [/home/luka/Scripting/ELEC_498-Capstone-LiteLM/HLS-Verilog/Transformer_logic/src-hls/compute_controller.cpp:648]   --->   Operation 25 'getelementptr' 'p_ZZ18compute_controller15ControlMemSpacebjRbS0_bS0_S0_RjPKhPhR12ComputeStateS1_R_78' <Predicate = (!icmp_ln646)> <Delay = 0.00>
ST_1 : Operation 26 [1/1] (0.00ns)   --->   "%p_ZZ18compute_controller15ControlMemSpacebjRbS0_bS0_S0_RjPKhPhR12ComputeStateS1_R_79 = getelementptr i15 %p_ZZ18compute_controller15ControlMemSpacebjRbS0_bS0_S0_RjPKhPhR12ComputeStateS1_R_64, i64 0, i64 %zext_ln646" [/home/luka/Scripting/ELEC_498-Capstone-LiteLM/HLS-Verilog/Transformer_logic/src-hls/compute_controller.cpp:648]   --->   Operation 26 'getelementptr' 'p_ZZ18compute_controller15ControlMemSpacebjRbS0_bS0_S0_RjPKhPhR12ComputeStateS1_R_79' <Predicate = (!icmp_ln646)> <Delay = 0.00>
ST_1 : Operation 27 [1/1] (0.00ns)   --->   "%p_ZZ18compute_controller15ControlMemSpacebjRbS0_bS0_S0_RjPKhPhR12ComputeStateS1_R_80 = getelementptr i15 %p_ZZ18compute_controller15ControlMemSpacebjRbS0_bS0_S0_RjPKhPhR12ComputeStateS1_R_63, i64 0, i64 %zext_ln646" [/home/luka/Scripting/ELEC_498-Capstone-LiteLM/HLS-Verilog/Transformer_logic/src-hls/compute_controller.cpp:648]   --->   Operation 27 'getelementptr' 'p_ZZ18compute_controller15ControlMemSpacebjRbS0_bS0_S0_RjPKhPhR12ComputeStateS1_R_80' <Predicate = (!icmp_ln646)> <Delay = 0.00>
ST_1 : Operation 28 [1/1] (0.00ns)   --->   "%p_ZZ18compute_controller15ControlMemSpacebjRbS0_bS0_S0_RjPKhPhR12ComputeStateS1_R_81 = getelementptr i15 %p_ZZ18compute_controller15ControlMemSpacebjRbS0_bS0_S0_RjPKhPhR12ComputeStateS1_R_62, i64 0, i64 %zext_ln646" [/home/luka/Scripting/ELEC_498-Capstone-LiteLM/HLS-Verilog/Transformer_logic/src-hls/compute_controller.cpp:648]   --->   Operation 28 'getelementptr' 'p_ZZ18compute_controller15ControlMemSpacebjRbS0_bS0_S0_RjPKhPhR12ComputeStateS1_R_81' <Predicate = (!icmp_ln646)> <Delay = 0.00>
ST_1 : Operation 29 [1/1] (0.00ns)   --->   "%p_ZZ18compute_controller15ControlMemSpacebjRbS0_bS0_S0_RjPKhPhR12ComputeStateS1_R_82 = getelementptr i15 %p_ZZ18compute_controller15ControlMemSpacebjRbS0_bS0_S0_RjPKhPhR12ComputeStateS1_R_61, i64 0, i64 %zext_ln646" [/home/luka/Scripting/ELEC_498-Capstone-LiteLM/HLS-Verilog/Transformer_logic/src-hls/compute_controller.cpp:648]   --->   Operation 29 'getelementptr' 'p_ZZ18compute_controller15ControlMemSpacebjRbS0_bS0_S0_RjPKhPhR12ComputeStateS1_R_82' <Predicate = (!icmp_ln646)> <Delay = 0.00>
ST_1 : Operation 30 [1/1] (0.00ns)   --->   "%p_ZZ18compute_controller15ControlMemSpacebjRbS0_bS0_S0_RjPKhPhR12ComputeStateS1_R_83 = getelementptr i15 %p_ZZ18compute_controller15ControlMemSpacebjRbS0_bS0_S0_RjPKhPhR12ComputeStateS1_R_60, i64 0, i64 %zext_ln646" [/home/luka/Scripting/ELEC_498-Capstone-LiteLM/HLS-Verilog/Transformer_logic/src-hls/compute_controller.cpp:648]   --->   Operation 30 'getelementptr' 'p_ZZ18compute_controller15ControlMemSpacebjRbS0_bS0_S0_RjPKhPhR12ComputeStateS1_R_83' <Predicate = (!icmp_ln646)> <Delay = 0.00>
ST_1 : Operation 31 [2/2] (0.67ns)   --->   "%compute_controller_ControlMemSpace_bool_unsigned_int_bool_bool_bool_bool_197 = load i1 %compute_controller_ControlMemSpace_bool_unsigned_int_bool_bool_bool_bool_187" [/home/luka/Scripting/ELEC_498-Capstone-LiteLM/HLS-Verilog/Transformer_logic/src-hls/compute_controller.cpp:648]   --->   Operation 31 'load' 'compute_controller_ControlMemSpace_bool_unsigned_int_bool_bool_bool_bool_197' <Predicate = (!icmp_ln646)> <Delay = 0.67> <CoreInst = "RAM">   --->   Core 82 'RAM' <Latency = 1> <II = 1> <Delay = 0.67> <Storage> <Opcode : 'load' 'store'> <Ports = 2> <Width = 15> <Depth = 2> <RAM>
ST_1 : Operation 32 [2/2] (0.67ns)   --->   "%compute_controller_ControlMemSpace_bool_unsigned_int_bool_bool_bool_bool_198 = load i1 %compute_controller_ControlMemSpace_bool_unsigned_int_bool_bool_bool_bool_188" [/home/luka/Scripting/ELEC_498-Capstone-LiteLM/HLS-Verilog/Transformer_logic/src-hls/compute_controller.cpp:648]   --->   Operation 32 'load' 'compute_controller_ControlMemSpace_bool_unsigned_int_bool_bool_bool_bool_198' <Predicate = (!icmp_ln646)> <Delay = 0.67> <CoreInst = "RAM">   --->   Core 82 'RAM' <Latency = 1> <II = 1> <Delay = 0.67> <Storage> <Opcode : 'load' 'store'> <Ports = 2> <Width = 15> <Depth = 2> <RAM>
ST_1 : Operation 33 [2/2] (0.67ns)   --->   "%compute_controller_ControlMemSpace_bool_unsigned_int_bool_bool_bool_bool_199 = load i1 %compute_controller_ControlMemSpace_bool_unsigned_int_bool_bool_bool_bool_189" [/home/luka/Scripting/ELEC_498-Capstone-LiteLM/HLS-Verilog/Transformer_logic/src-hls/compute_controller.cpp:648]   --->   Operation 33 'load' 'compute_controller_ControlMemSpace_bool_unsigned_int_bool_bool_bool_bool_199' <Predicate = (!icmp_ln646)> <Delay = 0.67> <CoreInst = "RAM">   --->   Core 82 'RAM' <Latency = 1> <II = 1> <Delay = 0.67> <Storage> <Opcode : 'load' 'store'> <Ports = 2> <Width = 15> <Depth = 2> <RAM>
ST_1 : Operation 34 [2/2] (0.67ns)   --->   "%compute_controller_ControlMemSpace_bool_unsigned_int_bool_bool_bool_bool_200 = load i1 %compute_controller_ControlMemSpace_bool_unsigned_int_bool_bool_bool_bool_190" [/home/luka/Scripting/ELEC_498-Capstone-LiteLM/HLS-Verilog/Transformer_logic/src-hls/compute_controller.cpp:648]   --->   Operation 34 'load' 'compute_controller_ControlMemSpace_bool_unsigned_int_bool_bool_bool_bool_200' <Predicate = (!icmp_ln646)> <Delay = 0.67> <CoreInst = "RAM">   --->   Core 82 'RAM' <Latency = 1> <II = 1> <Delay = 0.67> <Storage> <Opcode : 'load' 'store'> <Ports = 2> <Width = 15> <Depth = 2> <RAM>
ST_1 : Operation 35 [2/2] (0.67ns)   --->   "%compute_controller_ControlMemSpace_bool_unsigned_int_bool_bool_bool_bool_201 = load i1 %compute_controller_ControlMemSpace_bool_unsigned_int_bool_bool_bool_bool_191" [/home/luka/Scripting/ELEC_498-Capstone-LiteLM/HLS-Verilog/Transformer_logic/src-hls/compute_controller.cpp:648]   --->   Operation 35 'load' 'compute_controller_ControlMemSpace_bool_unsigned_int_bool_bool_bool_bool_201' <Predicate = (!icmp_ln646)> <Delay = 0.67> <CoreInst = "RAM">   --->   Core 82 'RAM' <Latency = 1> <II = 1> <Delay = 0.67> <Storage> <Opcode : 'load' 'store'> <Ports = 2> <Width = 15> <Depth = 2> <RAM>
ST_1 : Operation 36 [2/2] (0.67ns)   --->   "%compute_controller_ControlMemSpace_bool_unsigned_int_bool_bool_bool_bool_202 = load i1 %compute_controller_ControlMemSpace_bool_unsigned_int_bool_bool_bool_bool_192" [/home/luka/Scripting/ELEC_498-Capstone-LiteLM/HLS-Verilog/Transformer_logic/src-hls/compute_controller.cpp:648]   --->   Operation 36 'load' 'compute_controller_ControlMemSpace_bool_unsigned_int_bool_bool_bool_bool_202' <Predicate = (!icmp_ln646)> <Delay = 0.67> <CoreInst = "RAM">   --->   Core 82 'RAM' <Latency = 1> <II = 1> <Delay = 0.67> <Storage> <Opcode : 'load' 'store'> <Ports = 2> <Width = 15> <Depth = 2> <RAM>
ST_1 : Operation 37 [2/2] (0.67ns)   --->   "%compute_controller_ControlMemSpace_bool_unsigned_int_bool_bool_bool_bool_203 = load i1 %compute_controller_ControlMemSpace_bool_unsigned_int_bool_bool_bool_bool_193" [/home/luka/Scripting/ELEC_498-Capstone-LiteLM/HLS-Verilog/Transformer_logic/src-hls/compute_controller.cpp:648]   --->   Operation 37 'load' 'compute_controller_ControlMemSpace_bool_unsigned_int_bool_bool_bool_bool_203' <Predicate = (!icmp_ln646)> <Delay = 0.67> <CoreInst = "RAM">   --->   Core 82 'RAM' <Latency = 1> <II = 1> <Delay = 0.67> <Storage> <Opcode : 'load' 'store'> <Ports = 2> <Width = 15> <Depth = 2> <RAM>
ST_1 : Operation 38 [2/2] (0.67ns)   --->   "%compute_controller_ControlMemSpace_bool_unsigned_int_bool_bool_bool_bool_204 = load i1 %compute_controller_ControlMemSpace_bool_unsigned_int_bool_bool_bool_bool_194" [/home/luka/Scripting/ELEC_498-Capstone-LiteLM/HLS-Verilog/Transformer_logic/src-hls/compute_controller.cpp:648]   --->   Operation 38 'load' 'compute_controller_ControlMemSpace_bool_unsigned_int_bool_bool_bool_bool_204' <Predicate = (!icmp_ln646)> <Delay = 0.67> <CoreInst = "RAM">   --->   Core 82 'RAM' <Latency = 1> <II = 1> <Delay = 0.67> <Storage> <Opcode : 'load' 'store'> <Ports = 2> <Width = 15> <Depth = 2> <RAM>
ST_1 : Operation 39 [2/2] (0.67ns)   --->   "%compute_controller_ControlMemSpace_bool_unsigned_int_bool_bool_bool_bool_205 = load i1 %compute_controller_ControlMemSpace_bool_unsigned_int_bool_bool_bool_bool_195" [/home/luka/Scripting/ELEC_498-Capstone-LiteLM/HLS-Verilog/Transformer_logic/src-hls/compute_controller.cpp:648]   --->   Operation 39 'load' 'compute_controller_ControlMemSpace_bool_unsigned_int_bool_bool_bool_bool_205' <Predicate = (!icmp_ln646)> <Delay = 0.67> <CoreInst = "RAM">   --->   Core 82 'RAM' <Latency = 1> <II = 1> <Delay = 0.67> <Storage> <Opcode : 'load' 'store'> <Ports = 2> <Width = 15> <Depth = 2> <RAM>
ST_1 : Operation 40 [2/2] (0.67ns)   --->   "%compute_controller_ControlMemSpace_bool_unsigned_int_bool_bool_bool_bool_206 = load i1 %compute_controller_ControlMemSpace_bool_unsigned_int_bool_bool_bool_bool_196" [/home/luka/Scripting/ELEC_498-Capstone-LiteLM/HLS-Verilog/Transformer_logic/src-hls/compute_controller.cpp:648]   --->   Operation 40 'load' 'compute_controller_ControlMemSpace_bool_unsigned_int_bool_bool_bool_bool_206' <Predicate = (!icmp_ln646)> <Delay = 0.67> <CoreInst = "RAM">   --->   Core 82 'RAM' <Latency = 1> <II = 1> <Delay = 0.67> <Storage> <Opcode : 'load' 'store'> <Ports = 2> <Width = 15> <Depth = 2> <RAM>
ST_1 : Operation 41 [2/2] (0.67ns)   --->   "%p_ZZ18compute_controller15ControlMemSpacebjRbS0_bS0_S0_RjPKhPhR12ComputeStateS1_R_84 = load i1 %p_ZZ18compute_controller15ControlMemSpacebjRbS0_bS0_S0_RjPKhPhR12ComputeStateS1_R_78" [/home/luka/Scripting/ELEC_498-Capstone-LiteLM/HLS-Verilog/Transformer_logic/src-hls/compute_controller.cpp:648]   --->   Operation 41 'load' 'p_ZZ18compute_controller15ControlMemSpacebjRbS0_bS0_S0_RjPKhPhR12ComputeStateS1_R_84' <Predicate = (!icmp_ln646)> <Delay = 0.67> <CoreInst = "RAM">   --->   Core 82 'RAM' <Latency = 1> <II = 1> <Delay = 0.67> <Storage> <Opcode : 'load' 'store'> <Ports = 2> <Width = 15> <Depth = 2> <RAM>
ST_1 : Operation 42 [2/2] (0.67ns)   --->   "%p_ZZ18compute_controller15ControlMemSpacebjRbS0_bS0_S0_RjPKhPhR12ComputeStateS1_R_85 = load i1 %p_ZZ18compute_controller15ControlMemSpacebjRbS0_bS0_S0_RjPKhPhR12ComputeStateS1_R_79" [/home/luka/Scripting/ELEC_498-Capstone-LiteLM/HLS-Verilog/Transformer_logic/src-hls/compute_controller.cpp:648]   --->   Operation 42 'load' 'p_ZZ18compute_controller15ControlMemSpacebjRbS0_bS0_S0_RjPKhPhR12ComputeStateS1_R_85' <Predicate = (!icmp_ln646)> <Delay = 0.67> <CoreInst = "RAM">   --->   Core 82 'RAM' <Latency = 1> <II = 1> <Delay = 0.67> <Storage> <Opcode : 'load' 'store'> <Ports = 2> <Width = 15> <Depth = 2> <RAM>
ST_1 : Operation 43 [2/2] (0.67ns)   --->   "%p_ZZ18compute_controller15ControlMemSpacebjRbS0_bS0_S0_RjPKhPhR12ComputeStateS1_R_86 = load i1 %p_ZZ18compute_controller15ControlMemSpacebjRbS0_bS0_S0_RjPKhPhR12ComputeStateS1_R_80" [/home/luka/Scripting/ELEC_498-Capstone-LiteLM/HLS-Verilog/Transformer_logic/src-hls/compute_controller.cpp:648]   --->   Operation 43 'load' 'p_ZZ18compute_controller15ControlMemSpacebjRbS0_bS0_S0_RjPKhPhR12ComputeStateS1_R_86' <Predicate = (!icmp_ln646)> <Delay = 0.67> <CoreInst = "RAM">   --->   Core 82 'RAM' <Latency = 1> <II = 1> <Delay = 0.67> <Storage> <Opcode : 'load' 'store'> <Ports = 2> <Width = 15> <Depth = 2> <RAM>
ST_1 : Operation 44 [2/2] (0.67ns)   --->   "%p_ZZ18compute_controller15ControlMemSpacebjRbS0_bS0_S0_RjPKhPhR12ComputeStateS1_R_87 = load i1 %p_ZZ18compute_controller15ControlMemSpacebjRbS0_bS0_S0_RjPKhPhR12ComputeStateS1_R_81" [/home/luka/Scripting/ELEC_498-Capstone-LiteLM/HLS-Verilog/Transformer_logic/src-hls/compute_controller.cpp:648]   --->   Operation 44 'load' 'p_ZZ18compute_controller15ControlMemSpacebjRbS0_bS0_S0_RjPKhPhR12ComputeStateS1_R_87' <Predicate = (!icmp_ln646)> <Delay = 0.67> <CoreInst = "RAM">   --->   Core 82 'RAM' <Latency = 1> <II = 1> <Delay = 0.67> <Storage> <Opcode : 'load' 'store'> <Ports = 2> <Width = 15> <Depth = 2> <RAM>
ST_1 : Operation 45 [2/2] (0.67ns)   --->   "%p_ZZ18compute_controller15ControlMemSpacebjRbS0_bS0_S0_RjPKhPhR12ComputeStateS1_R_88 = load i1 %p_ZZ18compute_controller15ControlMemSpacebjRbS0_bS0_S0_RjPKhPhR12ComputeStateS1_R_82" [/home/luka/Scripting/ELEC_498-Capstone-LiteLM/HLS-Verilog/Transformer_logic/src-hls/compute_controller.cpp:648]   --->   Operation 45 'load' 'p_ZZ18compute_controller15ControlMemSpacebjRbS0_bS0_S0_RjPKhPhR12ComputeStateS1_R_88' <Predicate = (!icmp_ln646)> <Delay = 0.67> <CoreInst = "RAM">   --->   Core 82 'RAM' <Latency = 1> <II = 1> <Delay = 0.67> <Storage> <Opcode : 'load' 'store'> <Ports = 2> <Width = 15> <Depth = 2> <RAM>
ST_1 : Operation 46 [2/2] (0.67ns)   --->   "%p_ZZ18compute_controller15ControlMemSpacebjRbS0_bS0_S0_RjPKhPhR12ComputeStateS1_R_89 = load i1 %p_ZZ18compute_controller15ControlMemSpacebjRbS0_bS0_S0_RjPKhPhR12ComputeStateS1_R_83" [/home/luka/Scripting/ELEC_498-Capstone-LiteLM/HLS-Verilog/Transformer_logic/src-hls/compute_controller.cpp:648]   --->   Operation 46 'load' 'p_ZZ18compute_controller15ControlMemSpacebjRbS0_bS0_S0_RjPKhPhR12ComputeStateS1_R_89' <Predicate = (!icmp_ln646)> <Delay = 0.67> <CoreInst = "RAM">   --->   Core 82 'RAM' <Latency = 1> <II = 1> <Delay = 0.67> <Storage> <Opcode : 'load' 'store'> <Ports = 2> <Width = 15> <Depth = 2> <RAM>
ST_1 : Operation 47 [1/1] (0.42ns)   --->   "%store_ln646 = store i5 %add_ln646, i5 %i" [/home/luka/Scripting/ELEC_498-Capstone-LiteLM/HLS-Verilog/Transformer_logic/src-hls/compute_controller.cpp:646]   --->   Operation 47 'store' 'store_ln646' <Predicate = (!icmp_ln646)> <Delay = 0.42>
ST_1 : Operation 81 [1/1] (0.42ns)   --->   "%ret_ln0 = ret"   --->   Operation 81 'ret' 'ret_ln0' <Predicate = (icmp_ln646)> <Delay = 0.42>

State 2 <SV = 1> <Delay = 1.84>
ST_2 : Operation 48 [1/1] (0.00ns)   --->   "%trunc_ln646 = trunc i5 %i_4" [/home/luka/Scripting/ELEC_498-Capstone-LiteLM/HLS-Verilog/Transformer_logic/src-hls/compute_controller.cpp:646]   --->   Operation 48 'trunc' 'trunc_ln646' <Predicate = true> <Delay = 0.00>
ST_2 : Operation 49 [1/1] (0.00ns)   --->   "%specpipeline_ln647 = specpipeline void @_ssdm_op_SpecPipeline, i32 1, i32 0, i32 0, i32 0, void @empty_21" [/home/luka/Scripting/ELEC_498-Capstone-LiteLM/HLS-Verilog/Transformer_logic/src-hls/compute_controller.cpp:647]   --->   Operation 49 'specpipeline' 'specpipeline_ln647' <Predicate = true> <Delay = 0.00>
ST_2 : Operation 50 [1/1] (0.00ns)   --->   "%speclooptripcount_ln646 = speclooptripcount void @_ssdm_op_SpecLoopTripCount, i64 22, i64 22, i64 22" [/home/luka/Scripting/ELEC_498-Capstone-LiteLM/HLS-Verilog/Transformer_logic/src-hls/compute_controller.cpp:646]   --->   Operation 50 'speclooptripcount' 'speclooptripcount_ln646' <Predicate = true> <Delay = 0.00>
ST_2 : Operation 51 [1/1] (0.00ns)   --->   "%specloopname_ln646 = specloopname void @_ssdm_op_SpecLoopName, void @empty_2" [/home/luka/Scripting/ELEC_498-Capstone-LiteLM/HLS-Verilog/Transformer_logic/src-hls/compute_controller.cpp:646]   --->   Operation 51 'specloopname' 'specloopname_ln646' <Predicate = true> <Delay = 0.00>
ST_2 : Operation 52 [1/2] ( I:0.67ns O:0.67ns )   --->   "%compute_controller_ControlMemSpace_bool_unsigned_int_bool_bool_bool_bool_197 = load i1 %compute_controller_ControlMemSpace_bool_unsigned_int_bool_bool_bool_bool_187" [/home/luka/Scripting/ELEC_498-Capstone-LiteLM/HLS-Verilog/Transformer_logic/src-hls/compute_controller.cpp:648]   --->   Operation 52 'load' 'compute_controller_ControlMemSpace_bool_unsigned_int_bool_bool_bool_bool_197' <Predicate = true> <Delay = 0.67> <CoreInst = "RAM">   --->   Core 82 'RAM' <Latency = 1> <II = 1> <Delay = 0.67> <Storage> <Opcode : 'load' 'store'> <Ports = 2> <Width = 15> <Depth = 2> <RAM>
ST_2 : Operation 53 [1/2] ( I:0.67ns O:0.67ns )   --->   "%compute_controller_ControlMemSpace_bool_unsigned_int_bool_bool_bool_bool_198 = load i1 %compute_controller_ControlMemSpace_bool_unsigned_int_bool_bool_bool_bool_188" [/home/luka/Scripting/ELEC_498-Capstone-LiteLM/HLS-Verilog/Transformer_logic/src-hls/compute_controller.cpp:648]   --->   Operation 53 'load' 'compute_controller_ControlMemSpace_bool_unsigned_int_bool_bool_bool_bool_198' <Predicate = true> <Delay = 0.67> <CoreInst = "RAM">   --->   Core 82 'RAM' <Latency = 1> <II = 1> <Delay = 0.67> <Storage> <Opcode : 'load' 'store'> <Ports = 2> <Width = 15> <Depth = 2> <RAM>
ST_2 : Operation 54 [1/2] ( I:0.67ns O:0.67ns )   --->   "%compute_controller_ControlMemSpace_bool_unsigned_int_bool_bool_bool_bool_199 = load i1 %compute_controller_ControlMemSpace_bool_unsigned_int_bool_bool_bool_bool_189" [/home/luka/Scripting/ELEC_498-Capstone-LiteLM/HLS-Verilog/Transformer_logic/src-hls/compute_controller.cpp:648]   --->   Operation 54 'load' 'compute_controller_ControlMemSpace_bool_unsigned_int_bool_bool_bool_bool_199' <Predicate = true> <Delay = 0.67> <CoreInst = "RAM">   --->   Core 82 'RAM' <Latency = 1> <II = 1> <Delay = 0.67> <Storage> <Opcode : 'load' 'store'> <Ports = 2> <Width = 15> <Depth = 2> <RAM>
ST_2 : Operation 55 [1/2] ( I:0.67ns O:0.67ns )   --->   "%compute_controller_ControlMemSpace_bool_unsigned_int_bool_bool_bool_bool_200 = load i1 %compute_controller_ControlMemSpace_bool_unsigned_int_bool_bool_bool_bool_190" [/home/luka/Scripting/ELEC_498-Capstone-LiteLM/HLS-Verilog/Transformer_logic/src-hls/compute_controller.cpp:648]   --->   Operation 55 'load' 'compute_controller_ControlMemSpace_bool_unsigned_int_bool_bool_bool_bool_200' <Predicate = true> <Delay = 0.67> <CoreInst = "RAM">   --->   Core 82 'RAM' <Latency = 1> <II = 1> <Delay = 0.67> <Storage> <Opcode : 'load' 'store'> <Ports = 2> <Width = 15> <Depth = 2> <RAM>
ST_2 : Operation 56 [1/2] ( I:0.67ns O:0.67ns )   --->   "%compute_controller_ControlMemSpace_bool_unsigned_int_bool_bool_bool_bool_201 = load i1 %compute_controller_ControlMemSpace_bool_unsigned_int_bool_bool_bool_bool_191" [/home/luka/Scripting/ELEC_498-Capstone-LiteLM/HLS-Verilog/Transformer_logic/src-hls/compute_controller.cpp:648]   --->   Operation 56 'load' 'compute_controller_ControlMemSpace_bool_unsigned_int_bool_bool_bool_bool_201' <Predicate = true> <Delay = 0.67> <CoreInst = "RAM">   --->   Core 82 'RAM' <Latency = 1> <II = 1> <Delay = 0.67> <Storage> <Opcode : 'load' 'store'> <Ports = 2> <Width = 15> <Depth = 2> <RAM>
ST_2 : Operation 57 [1/2] ( I:0.67ns O:0.67ns )   --->   "%compute_controller_ControlMemSpace_bool_unsigned_int_bool_bool_bool_bool_202 = load i1 %compute_controller_ControlMemSpace_bool_unsigned_int_bool_bool_bool_bool_192" [/home/luka/Scripting/ELEC_498-Capstone-LiteLM/HLS-Verilog/Transformer_logic/src-hls/compute_controller.cpp:648]   --->   Operation 57 'load' 'compute_controller_ControlMemSpace_bool_unsigned_int_bool_bool_bool_bool_202' <Predicate = true> <Delay = 0.67> <CoreInst = "RAM">   --->   Core 82 'RAM' <Latency = 1> <II = 1> <Delay = 0.67> <Storage> <Opcode : 'load' 'store'> <Ports = 2> <Width = 15> <Depth = 2> <RAM>
ST_2 : Operation 58 [1/2] ( I:0.67ns O:0.67ns )   --->   "%compute_controller_ControlMemSpace_bool_unsigned_int_bool_bool_bool_bool_203 = load i1 %compute_controller_ControlMemSpace_bool_unsigned_int_bool_bool_bool_bool_193" [/home/luka/Scripting/ELEC_498-Capstone-LiteLM/HLS-Verilog/Transformer_logic/src-hls/compute_controller.cpp:648]   --->   Operation 58 'load' 'compute_controller_ControlMemSpace_bool_unsigned_int_bool_bool_bool_bool_203' <Predicate = true> <Delay = 0.67> <CoreInst = "RAM">   --->   Core 82 'RAM' <Latency = 1> <II = 1> <Delay = 0.67> <Storage> <Opcode : 'load' 'store'> <Ports = 2> <Width = 15> <Depth = 2> <RAM>
ST_2 : Operation 59 [1/2] ( I:0.67ns O:0.67ns )   --->   "%compute_controller_ControlMemSpace_bool_unsigned_int_bool_bool_bool_bool_204 = load i1 %compute_controller_ControlMemSpace_bool_unsigned_int_bool_bool_bool_bool_194" [/home/luka/Scripting/ELEC_498-Capstone-LiteLM/HLS-Verilog/Transformer_logic/src-hls/compute_controller.cpp:648]   --->   Operation 59 'load' 'compute_controller_ControlMemSpace_bool_unsigned_int_bool_bool_bool_bool_204' <Predicate = true> <Delay = 0.67> <CoreInst = "RAM">   --->   Core 82 'RAM' <Latency = 1> <II = 1> <Delay = 0.67> <Storage> <Opcode : 'load' 'store'> <Ports = 2> <Width = 15> <Depth = 2> <RAM>
ST_2 : Operation 60 [1/2] ( I:0.67ns O:0.67ns )   --->   "%compute_controller_ControlMemSpace_bool_unsigned_int_bool_bool_bool_bool_205 = load i1 %compute_controller_ControlMemSpace_bool_unsigned_int_bool_bool_bool_bool_195" [/home/luka/Scripting/ELEC_498-Capstone-LiteLM/HLS-Verilog/Transformer_logic/src-hls/compute_controller.cpp:648]   --->   Operation 60 'load' 'compute_controller_ControlMemSpace_bool_unsigned_int_bool_bool_bool_bool_205' <Predicate = true> <Delay = 0.67> <CoreInst = "RAM">   --->   Core 82 'RAM' <Latency = 1> <II = 1> <Delay = 0.67> <Storage> <Opcode : 'load' 'store'> <Ports = 2> <Width = 15> <Depth = 2> <RAM>
ST_2 : Operation 61 [1/2] ( I:0.67ns O:0.67ns )   --->   "%compute_controller_ControlMemSpace_bool_unsigned_int_bool_bool_bool_bool_206 = load i1 %compute_controller_ControlMemSpace_bool_unsigned_int_bool_bool_bool_bool_196" [/home/luka/Scripting/ELEC_498-Capstone-LiteLM/HLS-Verilog/Transformer_logic/src-hls/compute_controller.cpp:648]   --->   Operation 61 'load' 'compute_controller_ControlMemSpace_bool_unsigned_int_bool_bool_bool_bool_206' <Predicate = true> <Delay = 0.67> <CoreInst = "RAM">   --->   Core 82 'RAM' <Latency = 1> <II = 1> <Delay = 0.67> <Storage> <Opcode : 'load' 'store'> <Ports = 2> <Width = 15> <Depth = 2> <RAM>
ST_2 : Operation 62 [1/2] ( I:0.67ns O:0.67ns )   --->   "%p_ZZ18compute_controller15ControlMemSpacebjRbS0_bS0_S0_RjPKhPhR12ComputeStateS1_R_84 = load i1 %p_ZZ18compute_controller15ControlMemSpacebjRbS0_bS0_S0_RjPKhPhR12ComputeStateS1_R_78" [/home/luka/Scripting/ELEC_498-Capstone-LiteLM/HLS-Verilog/Transformer_logic/src-hls/compute_controller.cpp:648]   --->   Operation 62 'load' 'p_ZZ18compute_controller15ControlMemSpacebjRbS0_bS0_S0_RjPKhPhR12ComputeStateS1_R_84' <Predicate = true> <Delay = 0.67> <CoreInst = "RAM">   --->   Core 82 'RAM' <Latency = 1> <II = 1> <Delay = 0.67> <Storage> <Opcode : 'load' 'store'> <Ports = 2> <Width = 15> <Depth = 2> <RAM>
ST_2 : Operation 63 [1/2] ( I:0.67ns O:0.67ns )   --->   "%p_ZZ18compute_controller15ControlMemSpacebjRbS0_bS0_S0_RjPKhPhR12ComputeStateS1_R_85 = load i1 %p_ZZ18compute_controller15ControlMemSpacebjRbS0_bS0_S0_RjPKhPhR12ComputeStateS1_R_79" [/home/luka/Scripting/ELEC_498-Capstone-LiteLM/HLS-Verilog/Transformer_logic/src-hls/compute_controller.cpp:648]   --->   Operation 63 'load' 'p_ZZ18compute_controller15ControlMemSpacebjRbS0_bS0_S0_RjPKhPhR12ComputeStateS1_R_85' <Predicate = true> <Delay = 0.67> <CoreInst = "RAM">   --->   Core 82 'RAM' <Latency = 1> <II = 1> <Delay = 0.67> <Storage> <Opcode : 'load' 'store'> <Ports = 2> <Width = 15> <Depth = 2> <RAM>
ST_2 : Operation 64 [1/2] ( I:0.67ns O:0.67ns )   --->   "%p_ZZ18compute_controller15ControlMemSpacebjRbS0_bS0_S0_RjPKhPhR12ComputeStateS1_R_86 = load i1 %p_ZZ18compute_controller15ControlMemSpacebjRbS0_bS0_S0_RjPKhPhR12ComputeStateS1_R_80" [/home/luka/Scripting/ELEC_498-Capstone-LiteLM/HLS-Verilog/Transformer_logic/src-hls/compute_controller.cpp:648]   --->   Operation 64 'load' 'p_ZZ18compute_controller15ControlMemSpacebjRbS0_bS0_S0_RjPKhPhR12ComputeStateS1_R_86' <Predicate = true> <Delay = 0.67> <CoreInst = "RAM">   --->   Core 82 'RAM' <Latency = 1> <II = 1> <Delay = 0.67> <Storage> <Opcode : 'load' 'store'> <Ports = 2> <Width = 15> <Depth = 2> <RAM>
ST_2 : Operation 65 [1/2] ( I:0.67ns O:0.67ns )   --->   "%p_ZZ18compute_controller15ControlMemSpacebjRbS0_bS0_S0_RjPKhPhR12ComputeStateS1_R_87 = load i1 %p_ZZ18compute_controller15ControlMemSpacebjRbS0_bS0_S0_RjPKhPhR12ComputeStateS1_R_81" [/home/luka/Scripting/ELEC_498-Capstone-LiteLM/HLS-Verilog/Transformer_logic/src-hls/compute_controller.cpp:648]   --->   Operation 65 'load' 'p_ZZ18compute_controller15ControlMemSpacebjRbS0_bS0_S0_RjPKhPhR12ComputeStateS1_R_87' <Predicate = true> <Delay = 0.67> <CoreInst = "RAM">   --->   Core 82 'RAM' <Latency = 1> <II = 1> <Delay = 0.67> <Storage> <Opcode : 'load' 'store'> <Ports = 2> <Width = 15> <Depth = 2> <RAM>
ST_2 : Operation 66 [1/2] ( I:0.67ns O:0.67ns )   --->   "%p_ZZ18compute_controller15ControlMemSpacebjRbS0_bS0_S0_RjPKhPhR12ComputeStateS1_R_88 = load i1 %p_ZZ18compute_controller15ControlMemSpacebjRbS0_bS0_S0_RjPKhPhR12ComputeStateS1_R_82" [/home/luka/Scripting/ELEC_498-Capstone-LiteLM/HLS-Verilog/Transformer_logic/src-hls/compute_controller.cpp:648]   --->   Operation 66 'load' 'p_ZZ18compute_controller15ControlMemSpacebjRbS0_bS0_S0_RjPKhPhR12ComputeStateS1_R_88' <Predicate = true> <Delay = 0.67> <CoreInst = "RAM">   --->   Core 82 'RAM' <Latency = 1> <II = 1> <Delay = 0.67> <Storage> <Opcode : 'load' 'store'> <Ports = 2> <Width = 15> <Depth = 2> <RAM>
ST_2 : Operation 67 [1/2] ( I:0.67ns O:0.67ns )   --->   "%p_ZZ18compute_controller15ControlMemSpacebjRbS0_bS0_S0_RjPKhPhR12ComputeStateS1_R_89 = load i1 %p_ZZ18compute_controller15ControlMemSpacebjRbS0_bS0_S0_RjPKhPhR12ComputeStateS1_R_83" [/home/luka/Scripting/ELEC_498-Capstone-LiteLM/HLS-Verilog/Transformer_logic/src-hls/compute_controller.cpp:648]   --->   Operation 67 'load' 'p_ZZ18compute_controller15ControlMemSpacebjRbS0_bS0_S0_RjPKhPhR12ComputeStateS1_R_89' <Predicate = true> <Delay = 0.67> <CoreInst = "RAM">   --->   Core 82 'RAM' <Latency = 1> <II = 1> <Delay = 0.67> <Storage> <Opcode : 'load' 'store'> <Ports = 2> <Width = 15> <Depth = 2> <RAM>
ST_2 : Operation 68 [1/1] (0.48ns)   --->   "%v = sparsemux i15 @_ssdm_op_SparseMux.ap_auto.16i15.i15.i4, i4 0, i15 %compute_controller_ControlMemSpace_bool_unsigned_int_bool_bool_bool_bool_197, i4 1, i15 %compute_controller_ControlMemSpace_bool_unsigned_int_bool_bool_bool_bool_198, i4 2, i15 %compute_controller_ControlMemSpace_bool_unsigned_int_bool_bool_bool_bool_199, i4 3, i15 %compute_controller_ControlMemSpace_bool_unsigned_int_bool_bool_bool_bool_200, i4 4, i15 %compute_controller_ControlMemSpace_bool_unsigned_int_bool_bool_bool_bool_201, i4 5, i15 %compute_controller_ControlMemSpace_bool_unsigned_int_bool_bool_bool_bool_202, i4 6, i15 %compute_controller_ControlMemSpace_bool_unsigned_int_bool_bool_bool_bool_203, i4 7, i15 %compute_controller_ControlMemSpace_bool_unsigned_int_bool_bool_bool_bool_204, i4 8, i15 %compute_controller_ControlMemSpace_bool_unsigned_int_bool_bool_bool_bool_205, i4 9, i15 %compute_controller_ControlMemSpace_bool_unsigned_int_bool_bool_bool_bool_206, i4 10, i15 %p_ZZ18compute_controller15ControlMemSpacebjRbS0_bS0_S0_RjPKhPhR12ComputeStateS1_R_84, i4 11, i15 %p_ZZ18compute_controller15ControlMemSpacebjRbS0_bS0_S0_RjPKhPhR12ComputeStateS1_R_85, i4 12, i15 %p_ZZ18compute_controller15ControlMemSpacebjRbS0_bS0_S0_RjPKhPhR12ComputeStateS1_R_86, i4 13, i15 %p_ZZ18compute_controller15ControlMemSpacebjRbS0_bS0_S0_RjPKhPhR12ComputeStateS1_R_87, i4 14, i15 %p_ZZ18compute_controller15ControlMemSpacebjRbS0_bS0_S0_RjPKhPhR12ComputeStateS1_R_88, i4 15, i15 %p_ZZ18compute_controller15ControlMemSpacebjRbS0_bS0_S0_RjPKhPhR12ComputeStateS1_R_89, i15 0, i4 %trunc_ln646" [/home/luka/Scripting/ELEC_498-Capstone-LiteLM/HLS-Verilog/Transformer_logic/src-hls/compute_controller.cpp:648]   --->   Operation 68 'sparsemux' 'v' <Predicate = true> <Delay = 0.48> <CoreInst = "BinarySparseMux_DontCare">   --->   Core 149 'BinarySparseMux_DontCare' <Latency = 0> <II = 1> <Delay = 0.48> <FuncUnit> <Opcode : 'sparsemux'> <InPorts = 2> <OutPorts = 1>
ST_2 : Operation 69 [1/1] (0.00ns)   --->   "%byte_addr_assign_s = bitconcatenate i6 @_ssdm_op_BitConcatenate.i6.i5.i1, i5 %i_4, i1 0" [/home/luka/Scripting/ELEC_498-Capstone-LiteLM/HLS-Verilog/Transformer_logic/src-hls/compute_controller.cpp:648]   --->   Operation 69 'bitconcatenate' 'byte_addr_assign_s' <Predicate = true> <Delay = 0.00>
ST_2 : Operation 70 [1/1] (0.00ns)   --->   "%trunc_ln616 = trunc i15 %v" [/home/luka/Scripting/ELEC_498-Capstone-LiteLM/HLS-Verilog/Transformer_logic/src-hls/../../top_params.hpp:616->/home/luka/Scripting/ELEC_498-Capstone-LiteLM/HLS-Verilog/Transformer_logic/src-hls/compute_controller.cpp:648]   --->   Operation 70 'trunc' 'trunc_ln616' <Predicate = true> <Delay = 0.00>
ST_2 : Operation 71 [1/1] (0.00ns)   --->   "%zext_ln616 = zext i6 %byte_addr_assign_s" [/home/luka/Scripting/ELEC_498-Capstone-LiteLM/HLS-Verilog/Transformer_logic/src-hls/../../top_params.hpp:616->/home/luka/Scripting/ELEC_498-Capstone-LiteLM/HLS-Verilog/Transformer_logic/src-hls/compute_controller.cpp:648]   --->   Operation 71 'zext' 'zext_ln616' <Predicate = true> <Delay = 0.00>
ST_2 : Operation 72 [1/1] (0.00ns)   --->   "%out_buf_addr = getelementptr i8 %out_buf, i64 0, i64 %zext_ln616" [/home/luka/Scripting/ELEC_498-Capstone-LiteLM/HLS-Verilog/Transformer_logic/src-hls/../../top_params.hpp:616->/home/luka/Scripting/ELEC_498-Capstone-LiteLM/HLS-Verilog/Transformer_logic/src-hls/compute_controller.cpp:648]   --->   Operation 72 'getelementptr' 'out_buf_addr' <Predicate = true> <Delay = 0.00>
ST_2 : Operation 73 [1/1] ( I:0.67ns O:0.67ns )   --->   "%store_ln616 = store i8 %trunc_ln616, i6 %out_buf_addr" [/home/luka/Scripting/ELEC_498-Capstone-LiteLM/HLS-Verilog/Transformer_logic/src-hls/../../top_params.hpp:616->/home/luka/Scripting/ELEC_498-Capstone-LiteLM/HLS-Verilog/Transformer_logic/src-hls/compute_controller.cpp:648]   --->   Operation 73 'store' 'store_ln616' <Predicate = true> <Delay = 0.67> <CoreInst = "RAM">   --->   Core 82 'RAM' <Latency = 1> <II = 1> <Delay = 0.67> <Storage> <Opcode : 'load' 'store'> <Ports = 2> <Width = 8> <Depth = 64> <RAM>
ST_2 : Operation 74 [1/1] (0.00ns)   --->   "%tmp_s = partselect i7 @_ssdm_op_PartSelect.i7.i15.i32.i32, i15 %v, i32 8, i32 14" [/home/luka/Scripting/ELEC_498-Capstone-LiteLM/HLS-Verilog/Transformer_logic/src-hls/../../top_params.hpp:617->/home/luka/Scripting/ELEC_498-Capstone-LiteLM/HLS-Verilog/Transformer_logic/src-hls/compute_controller.cpp:648]   --->   Operation 74 'partselect' 'tmp_s' <Predicate = true> <Delay = 0.00>
ST_2 : Operation 75 [1/1] (0.00ns)   --->   "%zext_ln617_1 = zext i7 %tmp_s" [/home/luka/Scripting/ELEC_498-Capstone-LiteLM/HLS-Verilog/Transformer_logic/src-hls/../../top_params.hpp:617->/home/luka/Scripting/ELEC_498-Capstone-LiteLM/HLS-Verilog/Transformer_logic/src-hls/compute_controller.cpp:648]   --->   Operation 75 'zext' 'zext_ln617_1' <Predicate = true> <Delay = 0.00>
ST_2 : Operation 76 [1/1] (0.00ns)   --->   "%or_ln9 = bitconcatenate i6 @_ssdm_op_BitConcatenate.i6.i5.i1, i5 %i_4, i1 1" [/home/luka/Scripting/ELEC_498-Capstone-LiteLM/HLS-Verilog/Transformer_logic/src-hls/../../top_params.hpp:617->/home/luka/Scripting/ELEC_498-Capstone-LiteLM/HLS-Verilog/Transformer_logic/src-hls/compute_controller.cpp:648]   --->   Operation 76 'bitconcatenate' 'or_ln9' <Predicate = true> <Delay = 0.00>
ST_2 : Operation 77 [1/1] (0.00ns)   --->   "%zext_ln617 = zext i6 %or_ln9" [/home/luka/Scripting/ELEC_498-Capstone-LiteLM/HLS-Verilog/Transformer_logic/src-hls/../../top_params.hpp:617->/home/luka/Scripting/ELEC_498-Capstone-LiteLM/HLS-Verilog/Transformer_logic/src-hls/compute_controller.cpp:648]   --->   Operation 77 'zext' 'zext_ln617' <Predicate = true> <Delay = 0.00>
ST_2 : Operation 78 [1/1] (0.00ns)   --->   "%out_buf_addr_4 = getelementptr i8 %out_buf, i64 0, i64 %zext_ln617" [/home/luka/Scripting/ELEC_498-Capstone-LiteLM/HLS-Verilog/Transformer_logic/src-hls/../../top_params.hpp:617->/home/luka/Scripting/ELEC_498-Capstone-LiteLM/HLS-Verilog/Transformer_logic/src-hls/compute_controller.cpp:648]   --->   Operation 78 'getelementptr' 'out_buf_addr_4' <Predicate = true> <Delay = 0.00>
ST_2 : Operation 79 [1/1] ( I:0.67ns O:0.67ns )   --->   "%store_ln617 = store i8 %zext_ln617_1, i6 %out_buf_addr_4" [/home/luka/Scripting/ELEC_498-Capstone-LiteLM/HLS-Verilog/Transformer_logic/src-hls/../../top_params.hpp:617->/home/luka/Scripting/ELEC_498-Capstone-LiteLM/HLS-Verilog/Transformer_logic/src-hls/compute_controller.cpp:648]   --->   Operation 79 'store' 'store_ln617' <Predicate = true> <Delay = 0.67> <CoreInst = "RAM">   --->   Core 82 'RAM' <Latency = 1> <II = 1> <Delay = 0.67> <Storage> <Opcode : 'load' 'store'> <Ports = 2> <Width = 8> <Depth = 64> <RAM>
ST_2 : Operation 80 [1/1] (0.00ns)   --->   "%br_ln646 = br void %for.inc584" [/home/luka/Scripting/ELEC_498-Capstone-LiteLM/HLS-Verilog/Transformer_logic/src-hls/compute_controller.cpp:646]   --->   Operation 80 'br' 'br_ln646' <Predicate = true> <Delay = 0.00>


============================================================
+ Verbose Summary: Timing violations
============================================================
Target clock period: 10.000ns, clock uncertainty: 2.700ns.

 <State 1>: 1.643ns
The critical path consists of the following:
	'store' operation 0 bit ('store_ln646', /home/luka/Scripting/ELEC_498-Capstone-LiteLM/HLS-Verilog/Transformer_logic/src-hls/compute_controller.cpp:646) of constant 0 on local variable 'i', /home/luka/Scripting/ELEC_498-Capstone-LiteLM/HLS-Verilog/Transformer_logic/src-hls/compute_controller.cpp:646 [20]  (0.427 ns)
	'load' operation 5 bit ('i', /home/luka/Scripting/ELEC_498-Capstone-LiteLM/HLS-Verilog/Transformer_logic/src-hls/compute_controller.cpp:646) on local variable 'i', /home/luka/Scripting/ELEC_498-Capstone-LiteLM/HLS-Verilog/Transformer_logic/src-hls/compute_controller.cpp:646 [23]  (0.000 ns)
	'icmp' operation 1 bit ('icmp_ln646', /home/luka/Scripting/ELEC_498-Capstone-LiteLM/HLS-Verilog/Transformer_logic/src-hls/compute_controller.cpp:646) [24]  (0.789 ns)
	'store' operation 0 bit ('store_ln646', /home/luka/Scripting/ELEC_498-Capstone-LiteLM/HLS-Verilog/Transformer_logic/src-hls/compute_controller.cpp:646) of variable 'add_ln646', /home/luka/Scripting/ELEC_498-Capstone-LiteLM/HLS-Verilog/Transformer_logic/src-hls/compute_controller.cpp:646 on local variable 'i', /home/luka/Scripting/ELEC_498-Capstone-LiteLM/HLS-Verilog/Transformer_logic/src-hls/compute_controller.cpp:646 [78]  (0.427 ns)

 <State 2>: 1.843ns
The critical path consists of the following:
	'load' operation 15 bit ('compute_controller_ControlMemSpace_bool_unsigned_int_bool_bool_bool_bool_197', /home/luka/Scripting/ELEC_498-Capstone-LiteLM/HLS-Verilog/Transformer_logic/src-hls/compute_controller.cpp:648) on array 'compute_controller_ControlMemSpace_bool_unsigned_int_bool_bool_bool_bool_138' [50]  (0.677 ns)
	'sparsemux' operation 15 bit ('value', /home/luka/Scripting/ELEC_498-Capstone-LiteLM/HLS-Verilog/Transformer_logic/src-hls/compute_controller.cpp:648) [66]  (0.489 ns)
	'store' operation 0 bit ('store_ln616', /home/luka/Scripting/ELEC_498-Capstone-LiteLM/HLS-Verilog/Transformer_logic/src-hls/../../top_params.hpp:616->/home/luka/Scripting/ELEC_498-Capstone-LiteLM/HLS-Verilog/Transformer_logic/src-hls/compute_controller.cpp:648) of variable 'trunc_ln616', /home/luka/Scripting/ELEC_498-Capstone-LiteLM/HLS-Verilog/Transformer_logic/src-hls/../../top_params.hpp:616->/home/luka/Scripting/ELEC_498-Capstone-LiteLM/HLS-Verilog/Transformer_logic/src-hls/compute_controller.cpp:648 on array 'out_buf' [71]  (0.677 ns)


============================================================
+ Verbose Summary: Binding
============================================================
N/A
* FSMD analyzer results:
  - Output states:
 - Input state : 
  - Chain level:
	State 1
	State 2


============================================================
+ Verbose Summary: Datapath Resource usage 
============================================================
N/A
