

================================================================
== Vitis HLS Report for 'compute_controller_Pipeline_VITIS_LOOP_575_25'
================================================================
* Date:           Tue Feb  3 19:41:29 2026

* Version:        2025.1 (Build 6135595 on May 21 2025)
* Project:        transformer_top
* Solution:       hls (Vivado IP Flow Target)
* Product family: zynquplus
* Target device:  xck26-sfvc784-2LV-c


================================================================
== Performance Estimates
================================================================
+ Timing: 
    * Summary: 
    +--------+----------+----------+------------+
    |  Clock |  Target  | Estimated| Uncertainty|
    +--------+----------+----------+------------+
    |ap_clk  |  10.00 ns|  1.914 ns|     2.70 ns|
    +--------+----------+----------+------------+

+ Latency: 
    * Summary: 
    +---------+---------+----------+----------+-----+-----+------------------------------------------------+
    |  Latency (cycles) |  Latency (absolute) |  Interval |                    Pipeline                    |
    |   min   |   max   |    min   |    max   | min | max |                      Type                      |
    +---------+---------+----------+----------+-----+-----+------------------------------------------------+
    |       18|       18|  0.180 us|  0.180 us|   17|   17|  loop auto-rewind stp (delay=0 clock cycles(s))|
    +---------+---------+----------+----------+-----+-----+------------------------------------------------+

    + Detail: 
        * Instance: 
        N/A

        * Loop: 
        +---------------------+---------+---------+----------+-----------+-----------+------+----------+
        |                     |  Latency (cycles) | Iteration|  Initiation Interval  | Trip |          |
        |      Loop Name      |   min   |   max   |  Latency |  achieved |   target  | Count| Pipelined|
        +---------------------+---------+---------+----------+-----------+-----------+------+----------+
        |- VITIS_LOOP_575_25  |       16|       16|         2|          1|          1|    16|       yes|
        +---------------------+---------+---------+----------+-----------+-----------+------+----------+

============================================================
+ Verbose Summary: Synthesis Manager
============================================================
InlineROM: 1
ExposeGlobal: 0
============================================================
+ Verbose Summary: CDFG Model
============================================================
IsTopModel: 0
ResetActiveHigh: 1
IsCombinational: 0
IsDatapathOnly: 0
HasWiredReturn: 1
HasMFsm: 2
HasVarLatency: 1
IsPipeline: 0
IsRtlPipelined: 0
IsInstanceOverlapped: 0
IsDontTouch: 0
HasImplIP: 0
IsGatedGlobalClock: 0

+ Individual pipeline summary: 
  * Pipeline-0: initiation interval (II) = 1, depth = 2


============================================================
+ Verbose Summary: Schedule
============================================================
* Number of FSM states : 2
* Pipeline : 1
  Pipeline-0 : II = 1, D = 2, States = { 1 2 }
* Dataflow Pipeline: 0

* FSM state transitions: 
1 --> 2 
2 --> 

* FSM state operations: 

State 1 <SV = 0> <Delay = 1.66>
ST_1 : Operation 5 [1/1] (0.00ns)   --->   "%i_4 = alloca i32 1" [/home/luka/Scripting/ELEC_498-Capstone-LiteLM/HLS-Verilog/Transformer_logic/src-hls/compute_controller.cpp:575]   --->   Operation 5 'alloca' 'i_4' <Predicate = true> <Delay = 0.00>
ST_1 : Operation 6 [1/1] (0.00ns)   --->   "%specinterface_ln0 = specinterface void @_ssdm_op_SpecInterface, i8 %in_buf, void @empty_12, i32 0, i32 0, void @empty_21, i32 4294967295, i32 0, void @empty_21, void @empty_21, void @empty_21, i32 0, i32 0, i32 0, i32 0, void @empty_21, void @empty_21, i32 4294967295, i32 0, i32 0"   --->   Operation 6 'specinterface' 'specinterface_ln0' <Predicate = true> <Delay = 0.00>
ST_1 : Operation 7 [1/1] (0.42ns)   --->   "%store_ln575 = store i5 0, i5 %i_4" [/home/luka/Scripting/ELEC_498-Capstone-LiteLM/HLS-Verilog/Transformer_logic/src-hls/compute_controller.cpp:575]   --->   Operation 7 'store' 'store_ln575' <Predicate = true> <Delay = 0.42>
ST_1 : Operation 8 [1/1] (0.00ns)   --->   "%br_ln0 = br void %for.inc431"   --->   Operation 8 'br' 'br_ln0' <Predicate = true> <Delay = 0.00>
ST_1 : Operation 9 [1/1] (0.00ns)   --->   "%i = load i5 %i_4" [/home/luka/Scripting/ELEC_498-Capstone-LiteLM/HLS-Verilog/Transformer_logic/src-hls/compute_controller.cpp:575]   --->   Operation 9 'load' 'i' <Predicate = true> <Delay = 0.00>
ST_1 : Operation 10 [1/1] (0.78ns)   --->   "%icmp_ln575 = icmp_eq  i5 %i, i5 16" [/home/luka/Scripting/ELEC_498-Capstone-LiteLM/HLS-Verilog/Transformer_logic/src-hls/compute_controller.cpp:575]   --->   Operation 10 'icmp' 'icmp_ln575' <Predicate = true> <Delay = 0.78> <CoreInst = "Cmp">   --->   Core 9 'Cmp' <Latency = 0> <II = 1> <Delay = 0.78> <FuncUnit> <Opcode : 'seteq' 'setne' 'setle' 'setge' 'setlt' 'setgt'> <InPorts = 2> <OutPorts = 1>
ST_1 : Operation 11 [1/1] (0.78ns)   --->   "%add_ln575 = add i5 %i, i5 1" [/home/luka/Scripting/ELEC_498-Capstone-LiteLM/HLS-Verilog/Transformer_logic/src-hls/compute_controller.cpp:575]   --->   Operation 11 'add' 'add_ln575' <Predicate = true> <Delay = 0.78> <CoreInst = "Adder">   --->   Core 1 'Adder' <Latency = 0> <II = 1> <Delay = 0.78> <FuncUnit> <Opcode : 'add' 'sub'> <InPorts = 2> <OutPorts = 1>
ST_1 : Operation 12 [1/1] (0.00ns)   --->   "%br_ln575 = br i1 %icmp_ln575, void %for.inc431.split, void %for.inc441.preheader.exitStub" [/home/luka/Scripting/ELEC_498-Capstone-LiteLM/HLS-Verilog/Transformer_logic/src-hls/compute_controller.cpp:575]   --->   Operation 12 'br' 'br_ln575' <Predicate = true> <Delay = 0.00>
ST_1 : Operation 13 [1/1] (0.00ns)   --->   "%trunc_ln575 = trunc i5 %i" [/home/luka/Scripting/ELEC_498-Capstone-LiteLM/HLS-Verilog/Transformer_logic/src-hls/compute_controller.cpp:575]   --->   Operation 13 'trunc' 'trunc_ln575' <Predicate = (!icmp_ln575)> <Delay = 0.00>
ST_1 : Operation 14 [1/1] (0.00ns)   --->   "%zext_ln570 = zext i4 %trunc_ln575" [/home/luka/Scripting/ELEC_498-Capstone-LiteLM/HLS-Verilog/Transformer_logic/src-hls/../../top_params.hpp:570->/home/luka/Scripting/ELEC_498-Capstone-LiteLM/HLS-Verilog/Transformer_logic/src-hls/compute_controller.cpp:578]   --->   Operation 14 'zext' 'zext_ln570' <Predicate = (!icmp_ln575)> <Delay = 0.00>
ST_1 : Operation 15 [1/1] (0.00ns)   --->   "%in_buf_addr_7 = getelementptr i8 %in_buf, i64 0, i64 %zext_ln570" [/home/luka/Scripting/ELEC_498-Capstone-LiteLM/HLS-Verilog/Transformer_logic/src-hls/../../top_params.hpp:570->/home/luka/Scripting/ELEC_498-Capstone-LiteLM/HLS-Verilog/Transformer_logic/src-hls/compute_controller.cpp:578]   --->   Operation 15 'getelementptr' 'in_buf_addr_7' <Predicate = (!icmp_ln575)> <Delay = 0.00>
ST_1 : Operation 16 [2/2] (1.23ns)   --->   "%in_buf_load_7 = load i8 %in_buf_addr_7" [/home/luka/Scripting/ELEC_498-Capstone-LiteLM/HLS-Verilog/Transformer_logic/src-hls/../../top_params.hpp:570->/home/luka/Scripting/ELEC_498-Capstone-LiteLM/HLS-Verilog/Transformer_logic/src-hls/compute_controller.cpp:578]   --->   Operation 16 'load' 'in_buf_load_7' <Predicate = (!icmp_ln575)> <Delay = 1.23> <CoreInst = "RAM">   --->   Core 82 'RAM' <Latency = 1> <II = 1> <Delay = 1.23> <Storage> <Opcode : 'load' 'store'> <Ports = 2> <Width = 8> <Depth = 129> <RAM>
ST_1 : Operation 17 [1/1] (0.79ns)   --->   "%switch_ln577 = switch i4 %trunc_ln575, void %arrayidx430.case.15, i4 0, void %arrayidx430.case.0, i4 1, void %arrayidx430.case.1, i4 2, void %arrayidx430.case.2, i4 3, void %arrayidx430.case.3, i4 4, void %arrayidx430.case.4, i4 5, void %arrayidx430.case.5, i4 6, void %arrayidx430.case.6, i4 7, void %arrayidx430.case.7, i4 8, void %arrayidx430.case.8, i4 9, void %arrayidx430.case.9, i4 10, void %arrayidx430.case.10, i4 11, void %arrayidx430.case.11, i4 12, void %arrayidx430.case.12, i4 13, void %arrayidx430.case.13, i4 14, void %arrayidx430.case.14" [/home/luka/Scripting/ELEC_498-Capstone-LiteLM/HLS-Verilog/Transformer_logic/src-hls/compute_controller.cpp:577]   --->   Operation 17 'switch' 'switch_ln577' <Predicate = (!icmp_ln575)> <Delay = 0.79>
ST_1 : Operation 18 [1/1] (0.42ns)   --->   "%store_ln575 = store i5 %add_ln575, i5 %i_4" [/home/luka/Scripting/ELEC_498-Capstone-LiteLM/HLS-Verilog/Transformer_logic/src-hls/compute_controller.cpp:575]   --->   Operation 18 'store' 'store_ln575' <Predicate = (!icmp_ln575)> <Delay = 0.42>
ST_1 : Operation 19 [1/1] (0.00ns)   --->   "%br_ln575 = br void %for.inc431" [/home/luka/Scripting/ELEC_498-Capstone-LiteLM/HLS-Verilog/Transformer_logic/src-hls/compute_controller.cpp:575]   --->   Operation 19 'br' 'br_ln575' <Predicate = (!icmp_ln575)> <Delay = 0.00>
ST_1 : Operation 57 [1/1] (0.42ns)   --->   "%ret_ln0 = ret"   --->   Operation 57 'ret' 'ret_ln0' <Predicate = (icmp_ln575)> <Delay = 0.42>

State 2 <SV = 1> <Delay = 1.91>
ST_2 : Operation 20 [1/1] (0.00ns)   --->   "%specpipeline_ln576 = specpipeline void @_ssdm_op_SpecPipeline, i32 1, i32 0, i32 0, i32 0, void @empty_21" [/home/luka/Scripting/ELEC_498-Capstone-LiteLM/HLS-Verilog/Transformer_logic/src-hls/compute_controller.cpp:576]   --->   Operation 20 'specpipeline' 'specpipeline_ln576' <Predicate = true> <Delay = 0.00>
ST_2 : Operation 21 [1/1] (0.00ns)   --->   "%speclooptripcount_ln575 = speclooptripcount void @_ssdm_op_SpecLoopTripCount, i64 16, i64 16, i64 16" [/home/luka/Scripting/ELEC_498-Capstone-LiteLM/HLS-Verilog/Transformer_logic/src-hls/compute_controller.cpp:575]   --->   Operation 21 'speclooptripcount' 'speclooptripcount_ln575' <Predicate = true> <Delay = 0.00>
ST_2 : Operation 22 [1/1] (0.00ns)   --->   "%specloopname_ln575 = specloopname void @_ssdm_op_SpecLoopName, void @empty_13" [/home/luka/Scripting/ELEC_498-Capstone-LiteLM/HLS-Verilog/Transformer_logic/src-hls/compute_controller.cpp:575]   --->   Operation 22 'specloopname' 'specloopname_ln575' <Predicate = true> <Delay = 0.00>
ST_2 : Operation 23 [1/2] ( I:1.23ns O:1.23ns )   --->   "%in_buf_load_7 = load i8 %in_buf_addr_7" [/home/luka/Scripting/ELEC_498-Capstone-LiteLM/HLS-Verilog/Transformer_logic/src-hls/../../top_params.hpp:570->/home/luka/Scripting/ELEC_498-Capstone-LiteLM/HLS-Verilog/Transformer_logic/src-hls/compute_controller.cpp:578]   --->   Operation 23 'load' 'in_buf_load_7' <Predicate = true> <Delay = 1.23> <CoreInst = "RAM">   --->   Core 82 'RAM' <Latency = 1> <II = 1> <Delay = 1.23> <Storage> <Opcode : 'load' 'store'> <Ports = 2> <Width = 8> <Depth = 129> <RAM>
ST_2 : Operation 24 [1/1] (0.00ns)   --->   "%sext_ln578 = sext i8 %in_buf_load_7" [/home/luka/Scripting/ELEC_498-Capstone-LiteLM/HLS-Verilog/Transformer_logic/src-hls/compute_controller.cpp:578]   --->   Operation 24 'sext' 'sext_ln578' <Predicate = true> <Delay = 0.00>
ST_2 : Operation 25 [1/1] ( I:0.67ns O:0.67ns )   --->   "%store_ln577 = store i16 %sext_ln578, i16 0" [/home/luka/Scripting/ELEC_498-Capstone-LiteLM/HLS-Verilog/Transformer_logic/src-hls/compute_controller.cpp:577]   --->   Operation 25 'store' 'store_ln577' <Predicate = (trunc_ln575 == 14)> <Delay = 0.67> <CoreInst = "RAM">   --->   Core 82 'RAM' <Latency = 1> <II = 1> <Delay = 0.67> <Storage> <Opcode : 'load' 'store'> <Ports = 2> <Width = 16> <Depth = 2> <RAM>
ST_2 : Operation 26 [1/1] (0.00ns)   --->   "%br_ln577 = br void %arrayidx430.exit" [/home/luka/Scripting/ELEC_498-Capstone-LiteLM/HLS-Verilog/Transformer_logic/src-hls/compute_controller.cpp:577]   --->   Operation 26 'br' 'br_ln577' <Predicate = (trunc_ln575 == 14)> <Delay = 0.00>
ST_2 : Operation 27 [1/1] ( I:0.67ns O:0.67ns )   --->   "%store_ln577 = store i16 %sext_ln578, i16 0" [/home/luka/Scripting/ELEC_498-Capstone-LiteLM/HLS-Verilog/Transformer_logic/src-hls/compute_controller.cpp:577]   --->   Operation 27 'store' 'store_ln577' <Predicate = (trunc_ln575 == 13)> <Delay = 0.67> <CoreInst = "RAM">   --->   Core 82 'RAM' <Latency = 1> <II = 1> <Delay = 0.67> <Storage> <Opcode : 'load' 'store'> <Ports = 2> <Width = 16> <Depth = 2> <RAM>
ST_2 : Operation 28 [1/1] (0.00ns)   --->   "%br_ln577 = br void %arrayidx430.exit" [/home/luka/Scripting/ELEC_498-Capstone-LiteLM/HLS-Verilog/Transformer_logic/src-hls/compute_controller.cpp:577]   --->   Operation 28 'br' 'br_ln577' <Predicate = (trunc_ln575 == 13)> <Delay = 0.00>
ST_2 : Operation 29 [1/1] ( I:0.67ns O:0.67ns )   --->   "%store_ln577 = store i16 %sext_ln578, i16 0" [/home/luka/Scripting/ELEC_498-Capstone-LiteLM/HLS-Verilog/Transformer_logic/src-hls/compute_controller.cpp:577]   --->   Operation 29 'store' 'store_ln577' <Predicate = (trunc_ln575 == 12)> <Delay = 0.67> <CoreInst = "RAM">   --->   Core 82 'RAM' <Latency = 1> <II = 1> <Delay = 0.67> <Storage> <Opcode : 'load' 'store'> <Ports = 2> <Width = 16> <Depth = 2> <RAM>
ST_2 : Operation 30 [1/1] (0.00ns)   --->   "%br_ln577 = br void %arrayidx430.exit" [/home/luka/Scripting/ELEC_498-Capstone-LiteLM/HLS-Verilog/Transformer_logic/src-hls/compute_controller.cpp:577]   --->   Operation 30 'br' 'br_ln577' <Predicate = (trunc_ln575 == 12)> <Delay = 0.00>
ST_2 : Operation 31 [1/1] ( I:0.67ns O:0.67ns )   --->   "%store_ln577 = store i16 %sext_ln578, i16 0" [/home/luka/Scripting/ELEC_498-Capstone-LiteLM/HLS-Verilog/Transformer_logic/src-hls/compute_controller.cpp:577]   --->   Operation 31 'store' 'store_ln577' <Predicate = (trunc_ln575 == 11)> <Delay = 0.67> <CoreInst = "RAM">   --->   Core 82 'RAM' <Latency = 1> <II = 1> <Delay = 0.67> <Storage> <Opcode : 'load' 'store'> <Ports = 2> <Width = 16> <Depth = 2> <RAM>
ST_2 : Operation 32 [1/1] (0.00ns)   --->   "%br_ln577 = br void %arrayidx430.exit" [/home/luka/Scripting/ELEC_498-Capstone-LiteLM/HLS-Verilog/Transformer_logic/src-hls/compute_controller.cpp:577]   --->   Operation 32 'br' 'br_ln577' <Predicate = (trunc_ln575 == 11)> <Delay = 0.00>
ST_2 : Operation 33 [1/1] ( I:0.67ns O:0.67ns )   --->   "%store_ln577 = store i16 %sext_ln578, i16 0" [/home/luka/Scripting/ELEC_498-Capstone-LiteLM/HLS-Verilog/Transformer_logic/src-hls/compute_controller.cpp:577]   --->   Operation 33 'store' 'store_ln577' <Predicate = (trunc_ln575 == 10)> <Delay = 0.67> <CoreInst = "RAM">   --->   Core 82 'RAM' <Latency = 1> <II = 1> <Delay = 0.67> <Storage> <Opcode : 'load' 'store'> <Ports = 2> <Width = 16> <Depth = 2> <RAM>
ST_2 : Operation 34 [1/1] (0.00ns)   --->   "%br_ln577 = br void %arrayidx430.exit" [/home/luka/Scripting/ELEC_498-Capstone-LiteLM/HLS-Verilog/Transformer_logic/src-hls/compute_controller.cpp:577]   --->   Operation 34 'br' 'br_ln577' <Predicate = (trunc_ln575 == 10)> <Delay = 0.00>
ST_2 : Operation 35 [1/1] ( I:0.67ns O:0.67ns )   --->   "%store_ln577 = store i16 %sext_ln578, i16 0" [/home/luka/Scripting/ELEC_498-Capstone-LiteLM/HLS-Verilog/Transformer_logic/src-hls/compute_controller.cpp:577]   --->   Operation 35 'store' 'store_ln577' <Predicate = (trunc_ln575 == 9)> <Delay = 0.67> <CoreInst = "RAM">   --->   Core 82 'RAM' <Latency = 1> <II = 1> <Delay = 0.67> <Storage> <Opcode : 'load' 'store'> <Ports = 2> <Width = 16> <Depth = 2> <RAM>
ST_2 : Operation 36 [1/1] (0.00ns)   --->   "%br_ln577 = br void %arrayidx430.exit" [/home/luka/Scripting/ELEC_498-Capstone-LiteLM/HLS-Verilog/Transformer_logic/src-hls/compute_controller.cpp:577]   --->   Operation 36 'br' 'br_ln577' <Predicate = (trunc_ln575 == 9)> <Delay = 0.00>
ST_2 : Operation 37 [1/1] ( I:0.67ns O:0.67ns )   --->   "%store_ln577 = store i16 %sext_ln578, i16 0" [/home/luka/Scripting/ELEC_498-Capstone-LiteLM/HLS-Verilog/Transformer_logic/src-hls/compute_controller.cpp:577]   --->   Operation 37 'store' 'store_ln577' <Predicate = (trunc_ln575 == 8)> <Delay = 0.67> <CoreInst = "RAM">   --->   Core 82 'RAM' <Latency = 1> <II = 1> <Delay = 0.67> <Storage> <Opcode : 'load' 'store'> <Ports = 2> <Width = 16> <Depth = 2> <RAM>
ST_2 : Operation 38 [1/1] (0.00ns)   --->   "%br_ln577 = br void %arrayidx430.exit" [/home/luka/Scripting/ELEC_498-Capstone-LiteLM/HLS-Verilog/Transformer_logic/src-hls/compute_controller.cpp:577]   --->   Operation 38 'br' 'br_ln577' <Predicate = (trunc_ln575 == 8)> <Delay = 0.00>
ST_2 : Operation 39 [1/1] ( I:0.67ns O:0.67ns )   --->   "%store_ln577 = store i16 %sext_ln578, i16 0" [/home/luka/Scripting/ELEC_498-Capstone-LiteLM/HLS-Verilog/Transformer_logic/src-hls/compute_controller.cpp:577]   --->   Operation 39 'store' 'store_ln577' <Predicate = (trunc_ln575 == 7)> <Delay = 0.67> <CoreInst = "RAM">   --->   Core 82 'RAM' <Latency = 1> <II = 1> <Delay = 0.67> <Storage> <Opcode : 'load' 'store'> <Ports = 2> <Width = 16> <Depth = 2> <RAM>
ST_2 : Operation 40 [1/1] (0.00ns)   --->   "%br_ln577 = br void %arrayidx430.exit" [/home/luka/Scripting/ELEC_498-Capstone-LiteLM/HLS-Verilog/Transformer_logic/src-hls/compute_controller.cpp:577]   --->   Operation 40 'br' 'br_ln577' <Predicate = (trunc_ln575 == 7)> <Delay = 0.00>
ST_2 : Operation 41 [1/1] ( I:0.67ns O:0.67ns )   --->   "%store_ln577 = store i16 %sext_ln578, i16 0" [/home/luka/Scripting/ELEC_498-Capstone-LiteLM/HLS-Verilog/Transformer_logic/src-hls/compute_controller.cpp:577]   --->   Operation 41 'store' 'store_ln577' <Predicate = (trunc_ln575 == 6)> <Delay = 0.67> <CoreInst = "RAM">   --->   Core 82 'RAM' <Latency = 1> <II = 1> <Delay = 0.67> <Storage> <Opcode : 'load' 'store'> <Ports = 2> <Width = 16> <Depth = 2> <RAM>
ST_2 : Operation 42 [1/1] (0.00ns)   --->   "%br_ln577 = br void %arrayidx430.exit" [/home/luka/Scripting/ELEC_498-Capstone-LiteLM/HLS-Verilog/Transformer_logic/src-hls/compute_controller.cpp:577]   --->   Operation 42 'br' 'br_ln577' <Predicate = (trunc_ln575 == 6)> <Delay = 0.00>
ST_2 : Operation 43 [1/1] ( I:0.67ns O:0.67ns )   --->   "%store_ln577 = store i16 %sext_ln578, i16 0" [/home/luka/Scripting/ELEC_498-Capstone-LiteLM/HLS-Verilog/Transformer_logic/src-hls/compute_controller.cpp:577]   --->   Operation 43 'store' 'store_ln577' <Predicate = (trunc_ln575 == 5)> <Delay = 0.67> <CoreInst = "RAM">   --->   Core 82 'RAM' <Latency = 1> <II = 1> <Delay = 0.67> <Storage> <Opcode : 'load' 'store'> <Ports = 2> <Width = 16> <Depth = 2> <RAM>
ST_2 : Operation 44 [1/1] (0.00ns)   --->   "%br_ln577 = br void %arrayidx430.exit" [/home/luka/Scripting/ELEC_498-Capstone-LiteLM/HLS-Verilog/Transformer_logic/src-hls/compute_controller.cpp:577]   --->   Operation 44 'br' 'br_ln577' <Predicate = (trunc_ln575 == 5)> <Delay = 0.00>
ST_2 : Operation 45 [1/1] ( I:0.67ns O:0.67ns )   --->   "%store_ln577 = store i16 %sext_ln578, i16 0" [/home/luka/Scripting/ELEC_498-Capstone-LiteLM/HLS-Verilog/Transformer_logic/src-hls/compute_controller.cpp:577]   --->   Operation 45 'store' 'store_ln577' <Predicate = (trunc_ln575 == 4)> <Delay = 0.67> <CoreInst = "RAM">   --->   Core 82 'RAM' <Latency = 1> <II = 1> <Delay = 0.67> <Storage> <Opcode : 'load' 'store'> <Ports = 2> <Width = 16> <Depth = 2> <RAM>
ST_2 : Operation 46 [1/1] (0.00ns)   --->   "%br_ln577 = br void %arrayidx430.exit" [/home/luka/Scripting/ELEC_498-Capstone-LiteLM/HLS-Verilog/Transformer_logic/src-hls/compute_controller.cpp:577]   --->   Operation 46 'br' 'br_ln577' <Predicate = (trunc_ln575 == 4)> <Delay = 0.00>
ST_2 : Operation 47 [1/1] ( I:0.67ns O:0.67ns )   --->   "%store_ln577 = store i16 %sext_ln578, i16 0" [/home/luka/Scripting/ELEC_498-Capstone-LiteLM/HLS-Verilog/Transformer_logic/src-hls/compute_controller.cpp:577]   --->   Operation 47 'store' 'store_ln577' <Predicate = (trunc_ln575 == 3)> <Delay = 0.67> <CoreInst = "RAM">   --->   Core 82 'RAM' <Latency = 1> <II = 1> <Delay = 0.67> <Storage> <Opcode : 'load' 'store'> <Ports = 2> <Width = 16> <Depth = 2> <RAM>
ST_2 : Operation 48 [1/1] (0.00ns)   --->   "%br_ln577 = br void %arrayidx430.exit" [/home/luka/Scripting/ELEC_498-Capstone-LiteLM/HLS-Verilog/Transformer_logic/src-hls/compute_controller.cpp:577]   --->   Operation 48 'br' 'br_ln577' <Predicate = (trunc_ln575 == 3)> <Delay = 0.00>
ST_2 : Operation 49 [1/1] ( I:0.67ns O:0.67ns )   --->   "%store_ln577 = store i16 %sext_ln578, i16 0" [/home/luka/Scripting/ELEC_498-Capstone-LiteLM/HLS-Verilog/Transformer_logic/src-hls/compute_controller.cpp:577]   --->   Operation 49 'store' 'store_ln577' <Predicate = (trunc_ln575 == 2)> <Delay = 0.67> <CoreInst = "RAM">   --->   Core 82 'RAM' <Latency = 1> <II = 1> <Delay = 0.67> <Storage> <Opcode : 'load' 'store'> <Ports = 2> <Width = 16> <Depth = 2> <RAM>
ST_2 : Operation 50 [1/1] (0.00ns)   --->   "%br_ln577 = br void %arrayidx430.exit" [/home/luka/Scripting/ELEC_498-Capstone-LiteLM/HLS-Verilog/Transformer_logic/src-hls/compute_controller.cpp:577]   --->   Operation 50 'br' 'br_ln577' <Predicate = (trunc_ln575 == 2)> <Delay = 0.00>
ST_2 : Operation 51 [1/1] ( I:0.67ns O:0.67ns )   --->   "%store_ln577 = store i16 %sext_ln578, i16 0" [/home/luka/Scripting/ELEC_498-Capstone-LiteLM/HLS-Verilog/Transformer_logic/src-hls/compute_controller.cpp:577]   --->   Operation 51 'store' 'store_ln577' <Predicate = (trunc_ln575 == 1)> <Delay = 0.67> <CoreInst = "RAM">   --->   Core 82 'RAM' <Latency = 1> <II = 1> <Delay = 0.67> <Storage> <Opcode : 'load' 'store'> <Ports = 2> <Width = 16> <Depth = 2> <RAM>
ST_2 : Operation 52 [1/1] (0.00ns)   --->   "%br_ln577 = br void %arrayidx430.exit" [/home/luka/Scripting/ELEC_498-Capstone-LiteLM/HLS-Verilog/Transformer_logic/src-hls/compute_controller.cpp:577]   --->   Operation 52 'br' 'br_ln577' <Predicate = (trunc_ln575 == 1)> <Delay = 0.00>
ST_2 : Operation 53 [1/1] ( I:0.67ns O:0.67ns )   --->   "%store_ln577 = store i16 %sext_ln578, i16 0" [/home/luka/Scripting/ELEC_498-Capstone-LiteLM/HLS-Verilog/Transformer_logic/src-hls/compute_controller.cpp:577]   --->   Operation 53 'store' 'store_ln577' <Predicate = (trunc_ln575 == 0)> <Delay = 0.67> <CoreInst = "RAM">   --->   Core 82 'RAM' <Latency = 1> <II = 1> <Delay = 0.67> <Storage> <Opcode : 'load' 'store'> <Ports = 2> <Width = 16> <Depth = 2> <RAM>
ST_2 : Operation 54 [1/1] (0.00ns)   --->   "%br_ln577 = br void %arrayidx430.exit" [/home/luka/Scripting/ELEC_498-Capstone-LiteLM/HLS-Verilog/Transformer_logic/src-hls/compute_controller.cpp:577]   --->   Operation 54 'br' 'br_ln577' <Predicate = (trunc_ln575 == 0)> <Delay = 0.00>
ST_2 : Operation 55 [1/1] ( I:0.67ns O:0.67ns )   --->   "%store_ln577 = store i16 %sext_ln578, i16 0" [/home/luka/Scripting/ELEC_498-Capstone-LiteLM/HLS-Verilog/Transformer_logic/src-hls/compute_controller.cpp:577]   --->   Operation 55 'store' 'store_ln577' <Predicate = (trunc_ln575 == 15)> <Delay = 0.67> <CoreInst = "RAM">   --->   Core 82 'RAM' <Latency = 1> <II = 1> <Delay = 0.67> <Storage> <Opcode : 'load' 'store'> <Ports = 2> <Width = 16> <Depth = 2> <RAM>
ST_2 : Operation 56 [1/1] (0.00ns)   --->   "%br_ln577 = br void %arrayidx430.exit" [/home/luka/Scripting/ELEC_498-Capstone-LiteLM/HLS-Verilog/Transformer_logic/src-hls/compute_controller.cpp:577]   --->   Operation 56 'br' 'br_ln577' <Predicate = (trunc_ln575 == 15)> <Delay = 0.00>


============================================================
+ Verbose Summary: Binding
============================================================
STG Binding: 
---------------- STG Properties BEGIN ----------------
- Is combinational: 0
- Is one-state seq: 0
- Is datapath-only: 0
- Is pipelined: 0
- Is top level: 0
Port [ Return ] is wired: 1; IO mode=ap_ctrl_hs:ce=0
Port [ in_buf]:  wired=1; compound=1; hidden=0; nouse=0; global=0; static=0; extern=0; dir=0; type=1; pingpong=0; private_global=0; MemPort=[13]; IO mode=ap_memory:ce=0
Port [ compute_controller_ControlMemSpace_bool_unsigned_int_bool_bool_bool_bool_59]:  wired=1; compound=1; hidden=0; nouse=0; global=1; static=1; extern=0; dir=1; type=1; pingpong=0; private_global=0; MemPort=[03]; IO mode=ap_memory:ce=0
Port [ compute_controller_ControlMemSpace_bool_unsigned_int_bool_bool_bool_bool_57]:  wired=1; compound=1; hidden=0; nouse=0; global=1; static=1; extern=0; dir=1; type=1; pingpong=0; private_global=0; MemPort=[03]; IO mode=ap_memory:ce=0
Port [ compute_controller_ControlMemSpace_bool_unsigned_int_bool_bool_bool_bool_56]:  wired=1; compound=1; hidden=0; nouse=0; global=1; static=1; extern=0; dir=1; type=1; pingpong=0; private_global=0; MemPort=[03]; IO mode=ap_memory:ce=0
Port [ compute_controller_ControlMemSpace_bool_unsigned_int_bool_bool_bool_bool_55]:  wired=1; compound=1; hidden=0; nouse=0; global=1; static=1; extern=0; dir=1; type=1; pingpong=0; private_global=0; MemPort=[03]; IO mode=ap_memory:ce=0
Port [ compute_controller_ControlMemSpace_bool_unsigned_int_bool_bool_bool_bool_54]:  wired=1; compound=1; hidden=0; nouse=0; global=1; static=1; extern=0; dir=1; type=1; pingpong=0; private_global=0; MemPort=[03]; IO mode=ap_memory:ce=0
Port [ compute_controller_ControlMemSpace_bool_unsigned_int_bool_bool_bool_bool_53]:  wired=1; compound=1; hidden=0; nouse=0; global=1; static=1; extern=0; dir=1; type=1; pingpong=0; private_global=0; MemPort=[03]; IO mode=ap_memory:ce=0
Port [ compute_controller_ControlMemSpace_bool_unsigned_int_bool_bool_bool_bool_52]:  wired=1; compound=1; hidden=0; nouse=0; global=1; static=1; extern=0; dir=1; type=1; pingpong=0; private_global=0; MemPort=[03]; IO mode=ap_memory:ce=0
Port [ compute_controller_ControlMemSpace_bool_unsigned_int_bool_bool_bool_bool_51]:  wired=1; compound=1; hidden=0; nouse=0; global=1; static=1; extern=0; dir=1; type=1; pingpong=0; private_global=0; MemPort=[03]; IO mode=ap_memory:ce=0
Port [ compute_controller_ControlMemSpace_bool_unsigned_int_bool_bool_bool_bool_50]:  wired=1; compound=1; hidden=0; nouse=0; global=1; static=1; extern=0; dir=1; type=1; pingpong=0; private_global=0; MemPort=[03]; IO mode=ap_memory:ce=0
Port [ compute_controller_ControlMemSpace_bool_unsigned_int_bool_bool_bool_bool_58]:  wired=1; compound=1; hidden=0; nouse=0; global=1; static=1; extern=0; dir=1; type=1; pingpong=0; private_global=0; MemPort=[03]; IO mode=ap_memory:ce=0
Port [ p_ZZ18compute_controller15ControlMemSpacebjRbS0_bS0_S0_RjPKhPhR12ComputeStateS1_R_23]:  wired=1; compound=1; hidden=0; nouse=0; global=1; static=1; extern=0; dir=1; type=1; pingpong=0; private_global=0; MemPort=[03]; IO mode=ap_memory:ce=0
Port [ p_ZZ18compute_controller15ControlMemSpacebjRbS0_bS0_S0_RjPKhPhR12ComputeStateS1_R_22]:  wired=1; compound=1; hidden=0; nouse=0; global=1; static=1; extern=0; dir=1; type=1; pingpong=0; private_global=0; MemPort=[03]; IO mode=ap_memory:ce=0
Port [ p_ZZ18compute_controller15ControlMemSpacebjRbS0_bS0_S0_RjPKhPhR12ComputeStateS1_R_21]:  wired=1; compound=1; hidden=0; nouse=0; global=1; static=1; extern=0; dir=1; type=1; pingpong=0; private_global=0; MemPort=[03]; IO mode=ap_memory:ce=0
Port [ p_ZZ18compute_controller15ControlMemSpacebjRbS0_bS0_S0_RjPKhPhR12ComputeStateS1_R_20]:  wired=1; compound=1; hidden=0; nouse=0; global=1; static=1; extern=0; dir=1; type=1; pingpong=0; private_global=0; MemPort=[03]; IO mode=ap_memory:ce=0
Port [ p_ZZ18compute_controller15ControlMemSpacebjRbS0_bS0_S0_RjPKhPhR12ComputeStateS1_R_19]:  wired=1; compound=1; hidden=0; nouse=0; global=1; static=1; extern=0; dir=1; type=1; pingpong=0; private_global=0; MemPort=[03]; IO mode=ap_memory:ce=0
Port [ p_ZZ18compute_controller15ControlMemSpacebjRbS0_bS0_S0_RjPKhPhR12ComputeStateS1_R_18]:  wired=1; compound=1; hidden=0; nouse=0; global=1; static=1; extern=0; dir=1; type=1; pingpong=0; private_global=0; MemPort=[03]; IO mode=ap_memory:ce=0
---------------- STG Properties END ------------------

---------------- Datapath Model BEGIN ----------------

<LifeTime>
<method=bitvector/>
i_4                     (alloca           ) [ 010]
specinterface_ln0       (specinterface    ) [ 000]
store_ln575             (store            ) [ 000]
br_ln0                  (br               ) [ 000]
i                       (load             ) [ 000]
icmp_ln575              (icmp             ) [ 010]
add_ln575               (add              ) [ 000]
br_ln575                (br               ) [ 000]
trunc_ln575             (trunc            ) [ 011]
zext_ln570              (zext             ) [ 000]
in_buf_addr_7           (getelementptr    ) [ 011]
switch_ln577            (switch           ) [ 000]
store_ln575             (store            ) [ 000]
br_ln575                (br               ) [ 000]
specpipeline_ln576      (specpipeline     ) [ 000]
speclooptripcount_ln575 (speclooptripcount) [ 000]
specloopname_ln575      (specloopname     ) [ 000]
in_buf_load_7           (load             ) [ 000]
sext_ln578              (sext             ) [ 000]
store_ln577             (store            ) [ 000]
br_ln577                (br               ) [ 000]
store_ln577             (store            ) [ 000]
br_ln577                (br               ) [ 000]
store_ln577             (store            ) [ 000]
br_ln577                (br               ) [ 000]
store_ln577             (store            ) [ 000]
br_ln577                (br               ) [ 000]
store_ln577             (store            ) [ 000]
br_ln577                (br               ) [ 000]
store_ln577             (store            ) [ 000]
br_ln577                (br               ) [ 000]
store_ln577             (store            ) [ 000]
br_ln577                (br               ) [ 000]
store_ln577             (store            ) [ 000]
br_ln577                (br               ) [ 000]
store_ln577             (store            ) [ 000]
br_ln577                (br               ) [ 000]
store_ln577             (store            ) [ 000]
br_ln577                (br               ) [ 000]
store_ln577             (store            ) [ 000]
br_ln577                (br               ) [ 000]
store_ln577             (store            ) [ 000]
br_ln577                (br               ) [ 000]
store_ln577             (store            ) [ 000]
br_ln577                (br               ) [ 000]
store_ln577             (store            ) [ 000]
br_ln577                (br               ) [ 000]
store_ln577             (store            ) [ 000]
br_ln577                (br               ) [ 000]
store_ln577             (store            ) [ 000]
br_ln577                (br               ) [ 000]
ret_ln0                 (ret              ) [ 000]
</LifeTime>

<model>

<comp_list>
<comp id="0" class="1000" name="in_buf">
<pin_list>
<pin id="1" dir="1" index="0" bw="1" slack="0"/>
</pin_list>
<bind>
<StgValue><ssdm name="in_buf"/><MemPortTyVec>1 3 </MemPortTyVec>
</StgValue>
</bind>
</comp>

<comp id="2" class="1000" name="compute_controller_ControlMemSpace_bool_unsigned_int_bool_bool_bool_bool_59">
<pin_list>
<pin id="3" dir="1" index="0" bw="1" slack="2147483647"/>
</pin_list>
<bind>
<StgValue><ssdm name="compute_controller_ControlMemSpace_bool_unsigned_int_bool_bool_bool_bool_59"/><MemPortTyVec>0 3 </MemPortTyVec>
</StgValue>
</bind>
</comp>

<comp id="4" class="1000" name="compute_controller_ControlMemSpace_bool_unsigned_int_bool_bool_bool_bool_57">
<pin_list>
<pin id="5" dir="1" index="0" bw="1" slack="2147483647"/>
</pin_list>
<bind>
<StgValue><ssdm name="compute_controller_ControlMemSpace_bool_unsigned_int_bool_bool_bool_bool_57"/><MemPortTyVec>0 3 </MemPortTyVec>
</StgValue>
</bind>
</comp>

<comp id="6" class="1000" name="compute_controller_ControlMemSpace_bool_unsigned_int_bool_bool_bool_bool_56">
<pin_list>
<pin id="7" dir="1" index="0" bw="1" slack="2147483647"/>
</pin_list>
<bind>
<StgValue><ssdm name="compute_controller_ControlMemSpace_bool_unsigned_int_bool_bool_bool_bool_56"/><MemPortTyVec>0 3 </MemPortTyVec>
</StgValue>
</bind>
</comp>

<comp id="8" class="1000" name="compute_controller_ControlMemSpace_bool_unsigned_int_bool_bool_bool_bool_55">
<pin_list>
<pin id="9" dir="1" index="0" bw="1" slack="2147483647"/>
</pin_list>
<bind>
<StgValue><ssdm name="compute_controller_ControlMemSpace_bool_unsigned_int_bool_bool_bool_bool_55"/><MemPortTyVec>0 3 </MemPortTyVec>
</StgValue>
</bind>
</comp>

<comp id="10" class="1000" name="compute_controller_ControlMemSpace_bool_unsigned_int_bool_bool_bool_bool_54">
<pin_list>
<pin id="11" dir="1" index="0" bw="1" slack="2147483647"/>
</pin_list>
<bind>
<StgValue><ssdm name="compute_controller_ControlMemSpace_bool_unsigned_int_bool_bool_bool_bool_54"/><MemPortTyVec>0 3 </MemPortTyVec>
</StgValue>
</bind>
</comp>

<comp id="12" class="1000" name="compute_controller_ControlMemSpace_bool_unsigned_int_bool_bool_bool_bool_53">
<pin_list>
<pin id="13" dir="1" index="0" bw="1" slack="2147483647"/>
</pin_list>
<bind>
<StgValue><ssdm name="compute_controller_ControlMemSpace_bool_unsigned_int_bool_bool_bool_bool_53"/><MemPortTyVec>0 3 </MemPortTyVec>
</StgValue>
</bind>
</comp>

<comp id="14" class="1000" name="compute_controller_ControlMemSpace_bool_unsigned_int_bool_bool_bool_bool_52">
<pin_list>
<pin id="15" dir="1" index="0" bw="1" slack="2147483647"/>
</pin_list>
<bind>
<StgValue><ssdm name="compute_controller_ControlMemSpace_bool_unsigned_int_bool_bool_bool_bool_52"/><MemPortTyVec>0 3 </MemPortTyVec>
</StgValue>
</bind>
</comp>

<comp id="16" class="1000" name="compute_controller_ControlMemSpace_bool_unsigned_int_bool_bool_bool_bool_51">
<pin_list>
<pin id="17" dir="1" index="0" bw="1" slack="2147483647"/>
</pin_list>
<bind>
<StgValue><ssdm name="compute_controller_ControlMemSpace_bool_unsigned_int_bool_bool_bool_bool_51"/><MemPortTyVec>0 3 </MemPortTyVec>
</StgValue>
</bind>
</comp>

<comp id="18" class="1000" name="compute_controller_ControlMemSpace_bool_unsigned_int_bool_bool_bool_bool_50">
<pin_list>
<pin id="19" dir="1" index="0" bw="1" slack="2147483647"/>
</pin_list>
<bind>
<StgValue><ssdm name="compute_controller_ControlMemSpace_bool_unsigned_int_bool_bool_bool_bool_50"/><MemPortTyVec>0 3 </MemPortTyVec>
</StgValue>
</bind>
</comp>

<comp id="20" class="1000" name="compute_controller_ControlMemSpace_bool_unsigned_int_bool_bool_bool_bool_58">
<pin_list>
<pin id="21" dir="1" index="0" bw="1" slack="2147483647"/>
</pin_list>
<bind>
<StgValue><ssdm name="compute_controller_ControlMemSpace_bool_unsigned_int_bool_bool_bool_bool_58"/><MemPortTyVec>0 3 </MemPortTyVec>
</StgValue>
</bind>
</comp>

<comp id="22" class="1000" name="p_ZZ18compute_controller15ControlMemSpacebjRbS0_bS0_S0_RjPKhPhR12ComputeStateS1_R_23">
<pin_list>
<pin id="23" dir="1" index="0" bw="1" slack="2147483647"/>
</pin_list>
<bind>
<StgValue><ssdm name="p_ZZ18compute_controller15ControlMemSpacebjRbS0_bS0_S0_RjPKhPhR12ComputeStateS1_R_23"/><MemPortTyVec>0 3 </MemPortTyVec>
</StgValue>
</bind>
</comp>

<comp id="24" class="1000" name="p_ZZ18compute_controller15ControlMemSpacebjRbS0_bS0_S0_RjPKhPhR12ComputeStateS1_R_22">
<pin_list>
<pin id="25" dir="1" index="0" bw="1" slack="2147483647"/>
</pin_list>
<bind>
<StgValue><ssdm name="p_ZZ18compute_controller15ControlMemSpacebjRbS0_bS0_S0_RjPKhPhR12ComputeStateS1_R_22"/><MemPortTyVec>0 3 </MemPortTyVec>
</StgValue>
</bind>
</comp>

<comp id="26" class="1000" name="p_ZZ18compute_controller15ControlMemSpacebjRbS0_bS0_S0_RjPKhPhR12ComputeStateS1_R_21">
<pin_list>
<pin id="27" dir="1" index="0" bw="1" slack="2147483647"/>
</pin_list>
<bind>
<StgValue><ssdm name="p_ZZ18compute_controller15ControlMemSpacebjRbS0_bS0_S0_RjPKhPhR12ComputeStateS1_R_21"/><MemPortTyVec>0 3 </MemPortTyVec>
</StgValue>
</bind>
</comp>

<comp id="28" class="1000" name="p_ZZ18compute_controller15ControlMemSpacebjRbS0_bS0_S0_RjPKhPhR12ComputeStateS1_R_20">
<pin_list>
<pin id="29" dir="1" index="0" bw="1" slack="2147483647"/>
</pin_list>
<bind>
<StgValue><ssdm name="p_ZZ18compute_controller15ControlMemSpacebjRbS0_bS0_S0_RjPKhPhR12ComputeStateS1_R_20"/><MemPortTyVec>0 3 </MemPortTyVec>
</StgValue>
</bind>
</comp>

<comp id="30" class="1000" name="p_ZZ18compute_controller15ControlMemSpacebjRbS0_bS0_S0_RjPKhPhR12ComputeStateS1_R_19">
<pin_list>
<pin id="31" dir="1" index="0" bw="1" slack="2147483647"/>
</pin_list>
<bind>
<StgValue><ssdm name="p_ZZ18compute_controller15ControlMemSpacebjRbS0_bS0_S0_RjPKhPhR12ComputeStateS1_R_19"/><MemPortTyVec>0 3 </MemPortTyVec>
</StgValue>
</bind>
</comp>

<comp id="32" class="1000" name="p_ZZ18compute_controller15ControlMemSpacebjRbS0_bS0_S0_RjPKhPhR12ComputeStateS1_R_18">
<pin_list>
<pin id="33" dir="1" index="0" bw="1" slack="2147483647"/>
</pin_list>
<bind>
<StgValue><ssdm name="p_ZZ18compute_controller15ControlMemSpacebjRbS0_bS0_S0_RjPKhPhR12ComputeStateS1_R_18"/><MemPortTyVec>0 3 </MemPortTyVec>
</StgValue>
</bind>
</comp>

<comp id="34" class="1001" name="const_34">
<pin_list>
<pin id="35" dir="1" index="0" bw="1" slack="0"/>
</pin_list>
<bind>
<StgValue><ssdm name=""/></StgValue>
</bind>
</comp>

<comp id="36" class="1001" name="const_36">
<pin_list>
<pin id="37" dir="1" index="0" bw="1" slack="2147483647"/>
</pin_list>
<bind>
<StgValue><ssdm name="_ssdm_op_SpecInterface"/></StgValue>
</bind>
</comp>

<comp id="38" class="1001" name="const_38">
<pin_list>
<pin id="39" dir="1" index="0" bw="1" slack="2147483647"/>
</pin_list>
<bind>
<StgValue><ssdm name="empty_12"/></StgValue>
</bind>
</comp>

<comp id="40" class="1001" name="const_40">
<pin_list>
<pin id="41" dir="1" index="0" bw="1" slack="2147483647"/>
</pin_list>
<bind>
<StgValue><ssdm name=""/></StgValue>
</bind>
</comp>

<comp id="42" class="1001" name="const_42">
<pin_list>
<pin id="43" dir="1" index="0" bw="1" slack="2147483647"/>
</pin_list>
<bind>
<StgValue><ssdm name="empty_21"/></StgValue>
</bind>
</comp>

<comp id="44" class="1001" name="const_44">
<pin_list>
<pin id="45" dir="1" index="0" bw="1" slack="2147483647"/>
</pin_list>
<bind>
<StgValue><ssdm name=""/></StgValue>
</bind>
</comp>

<comp id="46" class="1001" name="const_46">
<pin_list>
<pin id="47" dir="1" index="0" bw="1" slack="0"/>
</pin_list>
<bind>
<StgValue><ssdm name=""/></StgValue>
</bind>
</comp>

<comp id="48" class="1001" name="const_48">
<pin_list>
<pin id="49" dir="1" index="0" bw="1" slack="0"/>
</pin_list>
<bind>
<StgValue><ssdm name=""/></StgValue>
</bind>
</comp>

<comp id="50" class="1001" name="const_50">
<pin_list>
<pin id="51" dir="1" index="0" bw="1" slack="0"/>
</pin_list>
<bind>
<StgValue><ssdm name=""/></StgValue>
</bind>
</comp>

<comp id="52" class="1001" name="const_52">
<pin_list>
<pin id="53" dir="1" index="0" bw="1" slack="0"/>
</pin_list>
<bind>
<StgValue><ssdm name=""/></StgValue>
</bind>
</comp>

<comp id="54" class="1001" name="const_54">
<pin_list>
<pin id="55" dir="1" index="0" bw="1" slack="0"/>
</pin_list>
<bind>
<StgValue><ssdm name=""/></StgValue>
</bind>
</comp>

<comp id="56" class="1001" name="const_56">
<pin_list>
<pin id="57" dir="1" index="0" bw="1" slack="0"/>
</pin_list>
<bind>
<StgValue><ssdm name=""/></StgValue>
</bind>
</comp>

<comp id="58" class="1001" name="const_58">
<pin_list>
<pin id="59" dir="1" index="0" bw="1" slack="0"/>
</pin_list>
<bind>
<StgValue><ssdm name=""/></StgValue>
</bind>
</comp>

<comp id="60" class="1001" name="const_60">
<pin_list>
<pin id="61" dir="1" index="0" bw="1" slack="0"/>
</pin_list>
<bind>
<StgValue><ssdm name=""/></StgValue>
</bind>
</comp>

<comp id="62" class="1001" name="const_62">
<pin_list>
<pin id="63" dir="1" index="0" bw="1" slack="0"/>
</pin_list>
<bind>
<StgValue><ssdm name=""/></StgValue>
</bind>
</comp>

<comp id="64" class="1001" name="const_64">
<pin_list>
<pin id="65" dir="1" index="0" bw="1" slack="0"/>
</pin_list>
<bind>
<StgValue><ssdm name=""/></StgValue>
</bind>
</comp>

<comp id="66" class="1001" name="const_66">
<pin_list>
<pin id="67" dir="1" index="0" bw="1" slack="0"/>
</pin_list>
<bind>
<StgValue><ssdm name=""/></StgValue>
</bind>
</comp>

<comp id="68" class="1001" name="const_68">
<pin_list>
<pin id="69" dir="1" index="0" bw="1" slack="0"/>
</pin_list>
<bind>
<StgValue><ssdm name=""/></StgValue>
</bind>
</comp>

<comp id="70" class="1001" name="const_70">
<pin_list>
<pin id="71" dir="1" index="0" bw="1" slack="0"/>
</pin_list>
<bind>
<StgValue><ssdm name=""/></StgValue>
</bind>
</comp>

<comp id="72" class="1001" name="const_72">
<pin_list>
<pin id="73" dir="1" index="0" bw="1" slack="0"/>
</pin_list>
<bind>
<StgValue><ssdm name=""/></StgValue>
</bind>
</comp>

<comp id="74" class="1001" name="const_74">
<pin_list>
<pin id="75" dir="1" index="0" bw="1" slack="0"/>
</pin_list>
<bind>
<StgValue><ssdm name=""/></StgValue>
</bind>
</comp>

<comp id="76" class="1001" name="const_76">
<pin_list>
<pin id="77" dir="1" index="0" bw="1" slack="0"/>
</pin_list>
<bind>
<StgValue><ssdm name=""/></StgValue>
</bind>
</comp>

<comp id="78" class="1001" name="const_78">
<pin_list>
<pin id="79" dir="1" index="0" bw="1" slack="0"/>
</pin_list>
<bind>
<StgValue><ssdm name=""/></StgValue>
</bind>
</comp>

<comp id="80" class="1001" name="const_80">
<pin_list>
<pin id="81" dir="1" index="0" bw="1" slack="0"/>
</pin_list>
<bind>
<StgValue><ssdm name=""/></StgValue>
</bind>
</comp>

<comp id="82" class="1001" name="const_82">
<pin_list>
<pin id="83" dir="1" index="0" bw="1" slack="0"/>
</pin_list>
<bind>
<StgValue><ssdm name=""/></StgValue>
</bind>
</comp>

<comp id="84" class="1001" name="const_84">
<pin_list>
<pin id="85" dir="1" index="0" bw="1" slack="2147483647"/>
</pin_list>
<bind>
<StgValue><ssdm name="_ssdm_op_SpecPipeline"/></StgValue>
</bind>
</comp>

<comp id="86" class="1001" name="const_86">
<pin_list>
<pin id="87" dir="1" index="0" bw="1" slack="2147483647"/>
</pin_list>
<bind>
<StgValue><ssdm name="_ssdm_op_SpecLoopTripCount"/></StgValue>
</bind>
</comp>

<comp id="88" class="1001" name="const_88">
<pin_list>
<pin id="89" dir="1" index="0" bw="1" slack="2147483647"/>
</pin_list>
<bind>
<StgValue><ssdm name=""/></StgValue>
</bind>
</comp>

<comp id="90" class="1001" name="const_90">
<pin_list>
<pin id="91" dir="1" index="0" bw="1" slack="2147483647"/>
</pin_list>
<bind>
<StgValue><ssdm name="_ssdm_op_SpecLoopName"/></StgValue>
</bind>
</comp>

<comp id="92" class="1001" name="const_92">
<pin_list>
<pin id="93" dir="1" index="0" bw="1" slack="2147483647"/>
</pin_list>
<bind>
<StgValue><ssdm name="empty_13"/></StgValue>
</bind>
</comp>

<comp id="94" class="1001" name="const_94">
<pin_list>
<pin id="95" dir="1" index="0" bw="1" slack="0"/>
</pin_list>
<bind>
<StgValue><ssdm name=""/></StgValue>
</bind>
</comp>

<comp id="96" class="1001" name="const_96">
<pin_list>
<pin id="97" dir="1" index="0" bw="1" slack="0"/>
</pin_list>
<bind>
<StgValue><ssdm name=""/></StgValue>
</bind>
</comp>

<comp id="98" class="1001" name="const_98">
<pin_list>
<pin id="99" dir="1" index="0" bw="1" slack="0"/>
</pin_list>
<bind>
<StgValue><ssdm name=""/></StgValue>
</bind>
</comp>

<comp id="100" class="1001" name="const_100">
<pin_list>
<pin id="101" dir="1" index="0" bw="1" slack="0"/>
</pin_list>
<bind>
<StgValue><ssdm name=""/></StgValue>
</bind>
</comp>

<comp id="102" class="1001" name="const_102">
<pin_list>
<pin id="103" dir="1" index="0" bw="1" slack="0"/>
</pin_list>
<bind>
<StgValue><ssdm name=""/></StgValue>
</bind>
</comp>

<comp id="104" class="1001" name="const_104">
<pin_list>
<pin id="105" dir="1" index="0" bw="1" slack="0"/>
</pin_list>
<bind>
<StgValue><ssdm name=""/></StgValue>
</bind>
</comp>

<comp id="106" class="1001" name="const_106">
<pin_list>
<pin id="107" dir="1" index="0" bw="1" slack="0"/>
</pin_list>
<bind>
<StgValue><ssdm name=""/></StgValue>
</bind>
</comp>

<comp id="108" class="1001" name="const_108">
<pin_list>
<pin id="109" dir="1" index="0" bw="1" slack="0"/>
</pin_list>
<bind>
<StgValue><ssdm name=""/></StgValue>
</bind>
</comp>

<comp id="110" class="1001" name="const_110">
<pin_list>
<pin id="111" dir="1" index="0" bw="1" slack="0"/>
</pin_list>
<bind>
<StgValue><ssdm name=""/></StgValue>
</bind>
</comp>

<comp id="112" class="1001" name="const_112">
<pin_list>
<pin id="113" dir="1" index="0" bw="1" slack="0"/>
</pin_list>
<bind>
<StgValue><ssdm name=""/></StgValue>
</bind>
</comp>

<comp id="114" class="1001" name="const_114">
<pin_list>
<pin id="115" dir="1" index="0" bw="1" slack="0"/>
</pin_list>
<bind>
<StgValue><ssdm name=""/></StgValue>
</bind>
</comp>

<comp id="116" class="1001" name="const_116">
<pin_list>
<pin id="117" dir="1" index="0" bw="1" slack="0"/>
</pin_list>
<bind>
<StgValue><ssdm name=""/></StgValue>
</bind>
</comp>

<comp id="118" class="1001" name="const_118">
<pin_list>
<pin id="119" dir="1" index="0" bw="1" slack="0"/>
</pin_list>
<bind>
<StgValue><ssdm name=""/></StgValue>
</bind>
</comp>

<comp id="120" class="1001" name="const_120">
<pin_list>
<pin id="121" dir="1" index="0" bw="1" slack="0"/>
</pin_list>
<bind>
<StgValue><ssdm name=""/></StgValue>
</bind>
</comp>

<comp id="122" class="1001" name="const_122">
<pin_list>
<pin id="123" dir="1" index="0" bw="1" slack="0"/>
</pin_list>
<bind>
<StgValue><ssdm name=""/></StgValue>
</bind>
</comp>

<comp id="124" class="1001" name="const_124">
<pin_list>
<pin id="125" dir="1" index="0" bw="1" slack="0"/>
</pin_list>
<bind>
<StgValue><ssdm name=""/></StgValue>
</bind>
</comp>

<comp id="126" class="1004" name="i_4_fu_126">
<pin_list>
<pin id="127" dir="0" index="0" bw="1" slack="0"/>
<pin id="128" dir="1" index="1" bw="5" slack="0"/>
</pin_list>
<bind>
<opcode="alloca(26) " fcode="alloca"/>
<opset="i_4/1 "/>
</bind>
</comp>

<comp id="130" class="1004" name="in_buf_addr_7_gep_fu_130">
<pin_list>
<pin id="131" dir="0" index="0" bw="8" slack="0"/>
<pin id="132" dir="0" index="1" bw="1" slack="0"/>
<pin id="133" dir="0" index="2" bw="4" slack="0"/>
<pin id="134" dir="1" index="3" bw="8" slack="0"/>
</pin_list>
<bind>
<opcode="getelementptr(29) " fcode="getelementptr"/>
<opset="in_buf_addr_7/1 "/>
</bind>
</comp>

<comp id="137" class="1004" name="grp_access_fu_137">
<pin_list>
<pin id="138" dir="0" index="0" bw="8" slack="0"/>
<pin id="139" dir="0" index="1" bw="8" slack="2147483647"/>
<pin id="140" dir="0" index="2" bw="0" slack="2147483647"/>
<pin id="141" dir="1" index="3" bw="8" slack="0"/>
</pin_list>
<bind>
<opcode="load(27) " fcode="load"/>
<opset="in_buf_load_7/1 "/>
</bind>
</comp>

<comp id="143" class="1004" name="store_ln577_access_fu_143">
<pin_list>
<pin id="144" dir="0" index="0" bw="16" slack="0"/>
<pin id="145" dir="0" index="1" bw="16" slack="0"/>
<pin id="146" dir="0" index="2" bw="0" slack="2147483647"/>
<pin id="147" dir="1" index="3" bw="16" slack="2147483647"/>
</pin_list>
<bind>
<opcode="store(28) " fcode="store"/>
<opset="store_ln577/2 "/>
</bind>
</comp>

<comp id="149" class="1004" name="store_ln577_access_fu_149">
<pin_list>
<pin id="150" dir="0" index="0" bw="16" slack="0"/>
<pin id="151" dir="0" index="1" bw="16" slack="0"/>
<pin id="152" dir="0" index="2" bw="0" slack="2147483647"/>
<pin id="153" dir="1" index="3" bw="16" slack="2147483647"/>
</pin_list>
<bind>
<opcode="store(28) " fcode="store"/>
<opset="store_ln577/2 "/>
</bind>
</comp>

<comp id="155" class="1004" name="store_ln577_access_fu_155">
<pin_list>
<pin id="156" dir="0" index="0" bw="16" slack="0"/>
<pin id="157" dir="0" index="1" bw="16" slack="0"/>
<pin id="158" dir="0" index="2" bw="0" slack="2147483647"/>
<pin id="159" dir="1" index="3" bw="16" slack="2147483647"/>
</pin_list>
<bind>
<opcode="store(28) " fcode="store"/>
<opset="store_ln577/2 "/>
</bind>
</comp>

<comp id="161" class="1004" name="store_ln577_access_fu_161">
<pin_list>
<pin id="162" dir="0" index="0" bw="16" slack="0"/>
<pin id="163" dir="0" index="1" bw="16" slack="0"/>
<pin id="164" dir="0" index="2" bw="0" slack="2147483647"/>
<pin id="165" dir="1" index="3" bw="16" slack="2147483647"/>
</pin_list>
<bind>
<opcode="store(28) " fcode="store"/>
<opset="store_ln577/2 "/>
</bind>
</comp>

<comp id="167" class="1004" name="store_ln577_access_fu_167">
<pin_list>
<pin id="168" dir="0" index="0" bw="16" slack="0"/>
<pin id="169" dir="0" index="1" bw="16" slack="0"/>
<pin id="170" dir="0" index="2" bw="0" slack="2147483647"/>
<pin id="171" dir="1" index="3" bw="16" slack="2147483647"/>
</pin_list>
<bind>
<opcode="store(28) " fcode="store"/>
<opset="store_ln577/2 "/>
</bind>
</comp>

<comp id="173" class="1004" name="store_ln577_access_fu_173">
<pin_list>
<pin id="174" dir="0" index="0" bw="16" slack="0"/>
<pin id="175" dir="0" index="1" bw="16" slack="0"/>
<pin id="176" dir="0" index="2" bw="0" slack="2147483647"/>
<pin id="177" dir="1" index="3" bw="16" slack="2147483647"/>
</pin_list>
<bind>
<opcode="store(28) " fcode="store"/>
<opset="store_ln577/2 "/>
</bind>
</comp>

<comp id="179" class="1004" name="store_ln577_access_fu_179">
<pin_list>
<pin id="180" dir="0" index="0" bw="16" slack="0"/>
<pin id="181" dir="0" index="1" bw="16" slack="0"/>
<pin id="182" dir="0" index="2" bw="0" slack="2147483647"/>
<pin id="183" dir="1" index="3" bw="16" slack="2147483647"/>
</pin_list>
<bind>
<opcode="store(28) " fcode="store"/>
<opset="store_ln577/2 "/>
</bind>
</comp>

<comp id="185" class="1004" name="store_ln577_access_fu_185">
<pin_list>
<pin id="186" dir="0" index="0" bw="16" slack="0"/>
<pin id="187" dir="0" index="1" bw="16" slack="0"/>
<pin id="188" dir="0" index="2" bw="0" slack="2147483647"/>
<pin id="189" dir="1" index="3" bw="16" slack="2147483647"/>
</pin_list>
<bind>
<opcode="store(28) " fcode="store"/>
<opset="store_ln577/2 "/>
</bind>
</comp>

<comp id="191" class="1004" name="store_ln577_access_fu_191">
<pin_list>
<pin id="192" dir="0" index="0" bw="16" slack="0"/>
<pin id="193" dir="0" index="1" bw="16" slack="0"/>
<pin id="194" dir="0" index="2" bw="0" slack="2147483647"/>
<pin id="195" dir="1" index="3" bw="16" slack="2147483647"/>
</pin_list>
<bind>
<opcode="store(28) " fcode="store"/>
<opset="store_ln577/2 "/>
</bind>
</comp>

<comp id="197" class="1004" name="store_ln577_access_fu_197">
<pin_list>
<pin id="198" dir="0" index="0" bw="16" slack="0"/>
<pin id="199" dir="0" index="1" bw="16" slack="0"/>
<pin id="200" dir="0" index="2" bw="0" slack="2147483647"/>
<pin id="201" dir="1" index="3" bw="16" slack="2147483647"/>
</pin_list>
<bind>
<opcode="store(28) " fcode="store"/>
<opset="store_ln577/2 "/>
</bind>
</comp>

<comp id="203" class="1004" name="store_ln577_access_fu_203">
<pin_list>
<pin id="204" dir="0" index="0" bw="16" slack="0"/>
<pin id="205" dir="0" index="1" bw="16" slack="0"/>
<pin id="206" dir="0" index="2" bw="0" slack="2147483647"/>
<pin id="207" dir="1" index="3" bw="16" slack="2147483647"/>
</pin_list>
<bind>
<opcode="store(28) " fcode="store"/>
<opset="store_ln577/2 "/>
</bind>
</comp>

<comp id="209" class="1004" name="store_ln577_access_fu_209">
<pin_list>
<pin id="210" dir="0" index="0" bw="16" slack="0"/>
<pin id="211" dir="0" index="1" bw="16" slack="0"/>
<pin id="212" dir="0" index="2" bw="0" slack="2147483647"/>
<pin id="213" dir="1" index="3" bw="16" slack="2147483647"/>
</pin_list>
<bind>
<opcode="store(28) " fcode="store"/>
<opset="store_ln577/2 "/>
</bind>
</comp>

<comp id="215" class="1004" name="store_ln577_access_fu_215">
<pin_list>
<pin id="216" dir="0" index="0" bw="16" slack="0"/>
<pin id="217" dir="0" index="1" bw="16" slack="0"/>
<pin id="218" dir="0" index="2" bw="0" slack="2147483647"/>
<pin id="219" dir="1" index="3" bw="16" slack="2147483647"/>
</pin_list>
<bind>
<opcode="store(28) " fcode="store"/>
<opset="store_ln577/2 "/>
</bind>
</comp>

<comp id="221" class="1004" name="store_ln577_access_fu_221">
<pin_list>
<pin id="222" dir="0" index="0" bw="16" slack="0"/>
<pin id="223" dir="0" index="1" bw="16" slack="0"/>
<pin id="224" dir="0" index="2" bw="0" slack="2147483647"/>
<pin id="225" dir="1" index="3" bw="16" slack="2147483647"/>
</pin_list>
<bind>
<opcode="store(28) " fcode="store"/>
<opset="store_ln577/2 "/>
</bind>
</comp>

<comp id="227" class="1004" name="store_ln577_access_fu_227">
<pin_list>
<pin id="228" dir="0" index="0" bw="16" slack="0"/>
<pin id="229" dir="0" index="1" bw="16" slack="0"/>
<pin id="230" dir="0" index="2" bw="0" slack="2147483647"/>
<pin id="231" dir="1" index="3" bw="16" slack="2147483647"/>
</pin_list>
<bind>
<opcode="store(28) " fcode="store"/>
<opset="store_ln577/2 "/>
</bind>
</comp>

<comp id="233" class="1004" name="store_ln577_access_fu_233">
<pin_list>
<pin id="234" dir="0" index="0" bw="16" slack="0"/>
<pin id="235" dir="0" index="1" bw="16" slack="0"/>
<pin id="236" dir="0" index="2" bw="0" slack="2147483647"/>
<pin id="237" dir="1" index="3" bw="16" slack="2147483647"/>
</pin_list>
<bind>
<opcode="store(28) " fcode="store"/>
<opset="store_ln577/2 "/>
</bind>
</comp>

<comp id="239" class="1004" name="store_ln575_store_fu_239">
<pin_list>
<pin id="240" dir="0" index="0" bw="1" slack="0"/>
<pin id="241" dir="0" index="1" bw="5" slack="0"/>
<pin id="242" dir="1" index="2" bw="0" slack="2147483647"/>
</pin_list>
<bind>
<opcode="store(28) " fcode="store"/>
<opset="store_ln575/1 "/>
</bind>
</comp>

<comp id="244" class="1004" name="i_load_fu_244">
<pin_list>
<pin id="245" dir="0" index="0" bw="5" slack="0"/>
<pin id="246" dir="1" index="1" bw="5" slack="0"/>
</pin_list>
<bind>
<opcode="load(27) " fcode="load"/>
<opset="i/1 "/>
</bind>
</comp>

<comp id="247" class="1004" name="icmp_ln575_fu_247">
<pin_list>
<pin id="248" dir="0" index="0" bw="5" slack="0"/>
<pin id="249" dir="0" index="1" bw="5" slack="0"/>
<pin id="250" dir="1" index="2" bw="1" slack="2147483647"/>
</pin_list>
<bind>
<opcode="icmp(45) " fcode="icmp"/>
<opset="icmp_ln575/1 "/>
</bind>
</comp>

<comp id="253" class="1004" name="add_ln575_fu_253">
<pin_list>
<pin id="254" dir="0" index="0" bw="5" slack="0"/>
<pin id="255" dir="0" index="1" bw="1" slack="0"/>
<pin id="256" dir="1" index="2" bw="5" slack="0"/>
</pin_list>
<bind>
<opcode="add(8) " fcode="add"/>
<opset="add_ln575/1 "/>
</bind>
</comp>

<comp id="259" class="1004" name="trunc_ln575_fu_259">
<pin_list>
<pin id="260" dir="0" index="0" bw="5" slack="0"/>
<pin id="261" dir="1" index="1" bw="4" slack="0"/>
</pin_list>
<bind>
<opcode="trunc(33) " fcode="trunc"/>
<opset="trunc_ln575/1 "/>
</bind>
</comp>

<comp id="263" class="1004" name="zext_ln570_fu_263">
<pin_list>
<pin id="264" dir="0" index="0" bw="4" slack="0"/>
<pin id="265" dir="1" index="1" bw="64" slack="0"/>
</pin_list>
<bind>
<opcode="zext(34) " fcode="zext"/>
<opset="zext_ln570/1 "/>
</bind>
</comp>

<comp id="268" class="1004" name="switch_ln577_fu_268">
<pin_list>
<pin id="269" dir="0" index="0" bw="4" slack="0"/>
<pin id="270" dir="0" index="1" bw="1" slack="0"/>
<pin id="271" dir="0" index="2" bw="1" slack="0"/>
<pin id="272" dir="0" index="3" bw="3" slack="0"/>
<pin id="273" dir="0" index="4" bw="3" slack="0"/>
<pin id="274" dir="0" index="5" bw="4" slack="0"/>
<pin id="275" dir="0" index="6" bw="4" slack="0"/>
<pin id="276" dir="0" index="7" bw="4" slack="0"/>
<pin id="277" dir="0" index="8" bw="4" slack="0"/>
<pin id="278" dir="0" index="9" bw="4" slack="0"/>
<pin id="279" dir="0" index="10" bw="4" slack="0"/>
<pin id="280" dir="0" index="11" bw="4" slack="0"/>
<pin id="281" dir="0" index="12" bw="4" slack="0"/>
<pin id="282" dir="0" index="13" bw="3" slack="0"/>
<pin id="283" dir="0" index="14" bw="3" slack="0"/>
<pin id="284" dir="0" index="15" bw="2" slack="0"/>
<pin id="285" dir="1" index="16" bw="0" slack="2147483647"/>
</pin_list>
<bind>
<opcode="switch(3) " fcode="switch"/>
<opset="switch_ln577/1 "/>
</bind>
</comp>

<comp id="302" class="1004" name="store_ln575_store_fu_302">
<pin_list>
<pin id="303" dir="0" index="0" bw="5" slack="0"/>
<pin id="304" dir="0" index="1" bw="5" slack="0"/>
<pin id="305" dir="1" index="2" bw="0" slack="2147483647"/>
</pin_list>
<bind>
<opcode="store(28) " fcode="store"/>
<opset="store_ln575/1 "/>
</bind>
</comp>

<comp id="307" class="1004" name="sext_ln578_fu_307">
<pin_list>
<pin id="308" dir="0" index="0" bw="8" slack="0"/>
<pin id="309" dir="1" index="1" bw="16" slack="0"/>
</pin_list>
<bind>
<opcode="sext(35) " fcode="sext"/>
<opset="sext_ln578/2 "/>
</bind>
</comp>

<comp id="327" class="1005" name="i_4_reg_327">
<pin_list>
<pin id="328" dir="0" index="0" bw="5" slack="0"/>
<pin id="329" dir="1" index="1" bw="5" slack="0"/>
</pin_list>
<bind>
<opset="i_4 "/>
</bind>
</comp>

<comp id="337" class="1005" name="trunc_ln575_reg_337">
<pin_list>
<pin id="338" dir="0" index="0" bw="4" slack="1"/>
<pin id="339" dir="1" index="1" bw="4" slack="2147483647"/>
</pin_list>
<bind>
<opset="trunc_ln575 "/>
</bind>
</comp>

<comp id="341" class="1005" name="in_buf_addr_7_reg_341">
<pin_list>
<pin id="342" dir="0" index="0" bw="8" slack="1"/>
<pin id="343" dir="1" index="1" bw="8" slack="1"/>
</pin_list>
<bind>
<opset="in_buf_addr_7 "/>
</bind>
</comp>

</comp_list>

<net_list>
<net id="129"><net_src comp="34" pin="0"/><net_sink comp="126" pin=0"/></net>

<net id="135"><net_src comp="0" pin="0"/><net_sink comp="130" pin=0"/></net>

<net id="136"><net_src comp="52" pin="0"/><net_sink comp="130" pin=1"/></net>

<net id="142"><net_src comp="130" pin="3"/><net_sink comp="137" pin=0"/></net>

<net id="148"><net_src comp="94" pin="0"/><net_sink comp="143" pin=0"/></net>

<net id="154"><net_src comp="96" pin="0"/><net_sink comp="149" pin=0"/></net>

<net id="160"><net_src comp="98" pin="0"/><net_sink comp="155" pin=0"/></net>

<net id="166"><net_src comp="100" pin="0"/><net_sink comp="161" pin=0"/></net>

<net id="172"><net_src comp="102" pin="0"/><net_sink comp="167" pin=0"/></net>

<net id="178"><net_src comp="104" pin="0"/><net_sink comp="173" pin=0"/></net>

<net id="184"><net_src comp="106" pin="0"/><net_sink comp="179" pin=0"/></net>

<net id="190"><net_src comp="108" pin="0"/><net_sink comp="185" pin=0"/></net>

<net id="196"><net_src comp="110" pin="0"/><net_sink comp="191" pin=0"/></net>

<net id="202"><net_src comp="112" pin="0"/><net_sink comp="197" pin=0"/></net>

<net id="208"><net_src comp="114" pin="0"/><net_sink comp="203" pin=0"/></net>

<net id="214"><net_src comp="116" pin="0"/><net_sink comp="209" pin=0"/></net>

<net id="220"><net_src comp="118" pin="0"/><net_sink comp="215" pin=0"/></net>

<net id="226"><net_src comp="120" pin="0"/><net_sink comp="221" pin=0"/></net>

<net id="232"><net_src comp="122" pin="0"/><net_sink comp="227" pin=0"/></net>

<net id="238"><net_src comp="124" pin="0"/><net_sink comp="233" pin=0"/></net>

<net id="243"><net_src comp="46" pin="0"/><net_sink comp="239" pin=0"/></net>

<net id="251"><net_src comp="244" pin="1"/><net_sink comp="247" pin=0"/></net>

<net id="252"><net_src comp="48" pin="0"/><net_sink comp="247" pin=1"/></net>

<net id="257"><net_src comp="244" pin="1"/><net_sink comp="253" pin=0"/></net>

<net id="258"><net_src comp="50" pin="0"/><net_sink comp="253" pin=1"/></net>

<net id="262"><net_src comp="244" pin="1"/><net_sink comp="259" pin=0"/></net>

<net id="266"><net_src comp="259" pin="1"/><net_sink comp="263" pin=0"/></net>

<net id="267"><net_src comp="263" pin="1"/><net_sink comp="130" pin=2"/></net>

<net id="286"><net_src comp="259" pin="1"/><net_sink comp="268" pin=0"/></net>

<net id="287"><net_src comp="54" pin="0"/><net_sink comp="268" pin=1"/></net>

<net id="288"><net_src comp="56" pin="0"/><net_sink comp="268" pin=2"/></net>

<net id="289"><net_src comp="58" pin="0"/><net_sink comp="268" pin=3"/></net>

<net id="290"><net_src comp="60" pin="0"/><net_sink comp="268" pin=4"/></net>

<net id="291"><net_src comp="62" pin="0"/><net_sink comp="268" pin=5"/></net>

<net id="292"><net_src comp="64" pin="0"/><net_sink comp="268" pin=6"/></net>

<net id="293"><net_src comp="66" pin="0"/><net_sink comp="268" pin=7"/></net>

<net id="294"><net_src comp="68" pin="0"/><net_sink comp="268" pin=8"/></net>

<net id="295"><net_src comp="70" pin="0"/><net_sink comp="268" pin=9"/></net>

<net id="296"><net_src comp="72" pin="0"/><net_sink comp="268" pin=10"/></net>

<net id="297"><net_src comp="74" pin="0"/><net_sink comp="268" pin=11"/></net>

<net id="298"><net_src comp="76" pin="0"/><net_sink comp="268" pin=12"/></net>

<net id="299"><net_src comp="78" pin="0"/><net_sink comp="268" pin=13"/></net>

<net id="300"><net_src comp="80" pin="0"/><net_sink comp="268" pin=14"/></net>

<net id="301"><net_src comp="82" pin="0"/><net_sink comp="268" pin=15"/></net>

<net id="306"><net_src comp="253" pin="2"/><net_sink comp="302" pin=0"/></net>

<net id="310"><net_src comp="137" pin="3"/><net_sink comp="307" pin=0"/></net>

<net id="311"><net_src comp="307" pin="1"/><net_sink comp="143" pin=1"/></net>

<net id="312"><net_src comp="307" pin="1"/><net_sink comp="149" pin=1"/></net>

<net id="313"><net_src comp="307" pin="1"/><net_sink comp="155" pin=1"/></net>

<net id="314"><net_src comp="307" pin="1"/><net_sink comp="161" pin=1"/></net>

<net id="315"><net_src comp="307" pin="1"/><net_sink comp="167" pin=1"/></net>

<net id="316"><net_src comp="307" pin="1"/><net_sink comp="173" pin=1"/></net>

<net id="317"><net_src comp="307" pin="1"/><net_sink comp="179" pin=1"/></net>

<net id="318"><net_src comp="307" pin="1"/><net_sink comp="185" pin=1"/></net>

<net id="319"><net_src comp="307" pin="1"/><net_sink comp="191" pin=1"/></net>

<net id="320"><net_src comp="307" pin="1"/><net_sink comp="197" pin=1"/></net>

<net id="321"><net_src comp="307" pin="1"/><net_sink comp="203" pin=1"/></net>

<net id="322"><net_src comp="307" pin="1"/><net_sink comp="209" pin=1"/></net>

<net id="323"><net_src comp="307" pin="1"/><net_sink comp="215" pin=1"/></net>

<net id="324"><net_src comp="307" pin="1"/><net_sink comp="221" pin=1"/></net>

<net id="325"><net_src comp="307" pin="1"/><net_sink comp="227" pin=1"/></net>

<net id="326"><net_src comp="307" pin="1"/><net_sink comp="233" pin=1"/></net>

<net id="330"><net_src comp="126" pin="1"/><net_sink comp="327" pin=0"/></net>

<net id="331"><net_src comp="327" pin="1"/><net_sink comp="239" pin=1"/></net>

<net id="332"><net_src comp="327" pin="1"/><net_sink comp="244" pin=0"/></net>

<net id="333"><net_src comp="327" pin="1"/><net_sink comp="302" pin=1"/></net>

<net id="340"><net_src comp="259" pin="1"/><net_sink comp="337" pin=0"/></net>

<net id="344"><net_src comp="130" pin="3"/><net_sink comp="341" pin=0"/></net>

<net id="345"><net_src comp="341" pin="1"/><net_sink comp="137" pin=0"/></net>

</net_list>

</model> 
---------------- Datapath Model END ------------------

* FSMD analyzer results:
  - Output states:
	Port: compute_controller_ControlMemSpace_bool_unsigned_int_bool_bool_bool_bool_59 | {2 }
	Port: compute_controller_ControlMemSpace_bool_unsigned_int_bool_bool_bool_bool_57 | {2 }
	Port: compute_controller_ControlMemSpace_bool_unsigned_int_bool_bool_bool_bool_56 | {2 }
	Port: compute_controller_ControlMemSpace_bool_unsigned_int_bool_bool_bool_bool_55 | {2 }
	Port: compute_controller_ControlMemSpace_bool_unsigned_int_bool_bool_bool_bool_54 | {2 }
	Port: compute_controller_ControlMemSpace_bool_unsigned_int_bool_bool_bool_bool_53 | {2 }
	Port: compute_controller_ControlMemSpace_bool_unsigned_int_bool_bool_bool_bool_52 | {2 }
	Port: compute_controller_ControlMemSpace_bool_unsigned_int_bool_bool_bool_bool_51 | {2 }
	Port: compute_controller_ControlMemSpace_bool_unsigned_int_bool_bool_bool_bool_50 | {2 }
	Port: compute_controller_ControlMemSpace_bool_unsigned_int_bool_bool_bool_bool_58 | {2 }
	Port: p_ZZ18compute_controller15ControlMemSpacebjRbS0_bS0_S0_RjPKhPhR12ComputeStateS1_R_23 | {2 }
	Port: p_ZZ18compute_controller15ControlMemSpacebjRbS0_bS0_S0_RjPKhPhR12ComputeStateS1_R_22 | {2 }
	Port: p_ZZ18compute_controller15ControlMemSpacebjRbS0_bS0_S0_RjPKhPhR12ComputeStateS1_R_21 | {2 }
	Port: p_ZZ18compute_controller15ControlMemSpacebjRbS0_bS0_S0_RjPKhPhR12ComputeStateS1_R_20 | {2 }
	Port: p_ZZ18compute_controller15ControlMemSpacebjRbS0_bS0_S0_RjPKhPhR12ComputeStateS1_R_19 | {2 }
	Port: p_ZZ18compute_controller15ControlMemSpacebjRbS0_bS0_S0_RjPKhPhR12ComputeStateS1_R_18 | {2 }
 - Input state : 
	Port: compute_controller_Pipeline_VITIS_LOOP_575_25 : in_buf | {1 2 }
  - Chain level:
	State 1
		store_ln575 : 1
		i : 1
		icmp_ln575 : 2
		add_ln575 : 2
		br_ln575 : 3
		trunc_ln575 : 2
		zext_ln570 : 3
		in_buf_addr_7 : 4
		in_buf_load_7 : 5
		switch_ln577 : 3
		store_ln575 : 3
	State 2
		sext_ln578 : 1
		store_ln577 : 2
		store_ln577 : 2
		store_ln577 : 2
		store_ln577 : 2
		store_ln577 : 2
		store_ln577 : 2
		store_ln577 : 2
		store_ln577 : 2
		store_ln577 : 2
		store_ln577 : 2
		store_ln577 : 2
		store_ln577 : 2
		store_ln577 : 2
		store_ln577 : 2
		store_ln577 : 2
		store_ln577 : 2


============================================================
+ Verbose Summary: Datapath Resource usage 
============================================================

* Functional unit list:
|----------|---------------------|---------|---------|
| Operation|   Functional Unit   |    FF   |   LUT   |
|----------|---------------------|---------|---------|
|   icmp   |  icmp_ln575_fu_247  |    0    |    12   |
|----------|---------------------|---------|---------|
|    add   |   add_ln575_fu_253  |    0    |    12   |
|----------|---------------------|---------|---------|
|   trunc  |  trunc_ln575_fu_259 |    0    |    0    |
|----------|---------------------|---------|---------|
|   zext   |  zext_ln570_fu_263  |    0    |    0    |
|----------|---------------------|---------|---------|
|  switch  | switch_ln577_fu_268 |    0    |    0    |
|----------|---------------------|---------|---------|
|   sext   |  sext_ln578_fu_307  |    0    |    0    |
|----------|---------------------|---------|---------|
|   Total  |                     |    0    |    24   |
|----------|---------------------|---------|---------|

Memories:
N/A

* Register list:
+---------------------+--------+
|                     |   FF   |
+---------------------+--------+
|     i_4_reg_327     |    5   |
|in_buf_addr_7_reg_341|    8   |
| trunc_ln575_reg_337 |    4   |
+---------------------+--------+
|        Total        |   17   |
+---------------------+--------+

* Multiplexer (MUX) list: 
|-------------------|------|------|------|--------||---------||---------||---------|
|        Comp       |  Pin | Size |  BW  | S x BW ||  Delay  ||    FF   ||   LUT   |
|-------------------|------|------|------|--------||---------||---------||---------|
| grp_access_fu_137 |  p0  |   2  |   8  |   16   ||    0    ||    9    |
|-------------------|------|------|------|--------||---------||---------||---------|
|       Total       |      |      |      |   16   ||  0.427  ||    0    ||    9    |
|-------------------|------|------|------|--------||---------||---------||---------|



* Summary:
+-----------+--------+--------+--------+
|           |  Delay |   FF   |   LUT  |
+-----------+--------+--------+--------+
|  Function |    -   |    0   |   24   |
|   Memory  |    -   |    -   |    -   |
|Multiplexer|    0   |    0   |    9   |
|  Register |    -   |   17   |    -   |
+-----------+--------+--------+--------+
|   Total   |    0   |   17   |   33   |
+-----------+--------+--------+--------+
