

================================================================
== Vitis HLS Report for 'compute_controller_Pipeline_VITIS_LOOP_605_31'
================================================================
* Date:           Tue Feb  3 19:41:29 2026

* Version:        2025.1 (Build 6135595 on May 21 2025)
* Project:        transformer_top
* Solution:       hls (Vivado IP Flow Target)
* Product family: zynquplus
* Target device:  xck26-sfvc784-2LV-c


================================================================
== Performance Estimates
================================================================
+ Timing: 
    * Summary: 
    +--------+----------+----------+------------+
    |  Clock |  Target  | Estimated| Uncertainty|
    +--------+----------+----------+------------+
    |ap_clk  |  10.00 ns|  1.664 ns|     2.70 ns|
    +--------+----------+----------+------------+

+ Latency: 
    * Summary: 
    +---------+---------+-----------+-----------+-----+-----+------------------------------------------------+
    |  Latency (cycles) |   Latency (absolute)  |  Interval |                    Pipeline                    |
    |   min   |   max   |    min    |    max    | min | max |                      Type                      |
    +---------+---------+-----------+-----------+-----+-----+------------------------------------------------+
    |        6|        6|  60.000 ns|  60.000 ns|    5|    5|  loop auto-rewind stp (delay=0 clock cycles(s))|
    +---------+---------+-----------+-----------+-----+-----+------------------------------------------------+

    + Detail: 
        * Instance: 
        N/A

        * Loop: 
        +---------------------+---------+---------+----------+-----------+-----------+------+----------+
        |                     |  Latency (cycles) | Iteration|  Initiation Interval  | Trip |          |
        |      Loop Name      |   min   |   max   |  Latency |  achieved |   target  | Count| Pipelined|
        +---------------------+---------+---------+----------+-----------+-----------+------+----------+
        |- VITIS_LOOP_605_31  |        4|        4|         2|          1|          1|     4|       yes|
        +---------------------+---------+---------+----------+-----------+-----------+------+----------+

============================================================
+ Verbose Summary: Synthesis Manager
============================================================
InlineROM: 1
ExposeGlobal: 0
============================================================
+ Verbose Summary: CDFG Model
============================================================
IsTopModel: 0
ResetActiveHigh: 1
IsCombinational: 0
IsDatapathOnly: 0
HasWiredReturn: 1
HasMFsm: 2
HasVarLatency: 1
IsPipeline: 0
IsRtlPipelined: 0
IsInstanceOverlapped: 0
IsDontTouch: 0
HasImplIP: 0
IsGatedGlobalClock: 0

+ Individual pipeline summary: 
  * Pipeline-0: initiation interval (II) = 1, depth = 2


============================================================
+ Verbose Summary: Schedule
============================================================
* Number of FSM states : 2
* Pipeline : 1
  Pipeline-0 : II = 1, D = 2, States = { 1 2 }
* Dataflow Pipeline: 0

* FSM state transitions: 
1 --> 2 
2 --> 

* FSM state operations: 

State 1 <SV = 0> <Delay = 1.66>
ST_1 : Operation 5 [1/1] (0.00ns)   --->   "%i = alloca i32 1" [/home/luka/Scripting/ELEC_498-Capstone-LiteLM/HLS-Verilog/Transformer_logic/src-hls/compute_controller.cpp:605]   --->   Operation 5 'alloca' 'i' <Predicate = true> <Delay = 0.00>
ST_1 : Operation 6 [1/1] (0.00ns)   --->   "%compute_controller_ControlMemSpace_bool_unsigned_int_bool_bool_bool_bool_186 = alloca i32 1"   --->   Operation 6 'alloca' 'compute_controller_ControlMemSpace_bool_unsigned_int_bool_bool_bool_bool_186' <Predicate = true> <Delay = 0.00>
ST_1 : Operation 7 [1/1] (0.00ns)   --->   "%compute_controller_ControlMemSpace_bool_unsigned_int_bool_bool_bool_bool_185 = alloca i32 1"   --->   Operation 7 'alloca' 'compute_controller_ControlMemSpace_bool_unsigned_int_bool_bool_bool_bool_185' <Predicate = true> <Delay = 0.00>
ST_1 : Operation 8 [1/1] (0.00ns)   --->   "%compute_controller_ControlMemSpace_bool_unsigned_int_bool_bool_bool_bool_184 = alloca i32 1"   --->   Operation 8 'alloca' 'compute_controller_ControlMemSpace_bool_unsigned_int_bool_bool_bool_bool_184' <Predicate = true> <Delay = 0.00>
ST_1 : Operation 9 [1/1] (0.00ns)   --->   "%compute_controller_ControlMemSpace_bool_unsigned_int_bool_bool_bool_bool_183 = alloca i32 1"   --->   Operation 9 'alloca' 'compute_controller_ControlMemSpace_bool_unsigned_int_bool_bool_bool_bool_183' <Predicate = true> <Delay = 0.00>
ST_1 : Operation 10 [1/1] (0.00ns)   --->   "%specinterface_ln0 = specinterface void @_ssdm_op_SpecInterface, i8 %in_buf, void @empty_12, i32 0, i32 0, void @empty_21, i32 4294967295, i32 0, void @empty_21, void @empty_21, void @empty_21, i32 0, i32 0, i32 0, i32 0, void @empty_21, void @empty_21, i32 4294967295, i32 0, i32 0"   --->   Operation 10 'specinterface' 'specinterface_ln0' <Predicate = true> <Delay = 0.00>
ST_1 : Operation 11 [1/1] (0.00ns)   --->   "%compute_controller_ControlMemSpace_bool_unsigned_int_bool_bool_bool_bool_225 = read i16 @_ssdm_op_Read.ap_auto.i16, i16 %compute_controller_ControlMemSpace_bool_unsigned_int_bool_bool_bool_bool_128"   --->   Operation 11 'read' 'compute_controller_ControlMemSpace_bool_unsigned_int_bool_bool_bool_bool_225' <Predicate = true> <Delay = 0.00>
ST_1 : Operation 12 [1/1] (0.00ns)   --->   "%compute_controller_ControlMemSpace_bool_unsigned_int_bool_bool_bool_bool_226 = read i16 @_ssdm_op_Read.ap_auto.i16, i16 %compute_controller_ControlMemSpace_bool_unsigned_int_bool_bool_bool_bool_127"   --->   Operation 12 'read' 'compute_controller_ControlMemSpace_bool_unsigned_int_bool_bool_bool_bool_226' <Predicate = true> <Delay = 0.00>
ST_1 : Operation 13 [1/1] (0.00ns)   --->   "%compute_controller_ControlMemSpace_bool_unsigned_int_bool_bool_bool_bool_227 = read i16 @_ssdm_op_Read.ap_auto.i16, i16 %compute_controller_ControlMemSpace_bool_unsigned_int_bool_bool_bool_bool_126"   --->   Operation 13 'read' 'compute_controller_ControlMemSpace_bool_unsigned_int_bool_bool_bool_bool_227' <Predicate = true> <Delay = 0.00>
ST_1 : Operation 14 [1/1] (0.00ns)   --->   "%compute_controller_ControlMemSpace_bool_unsigned_int_bool_bool_bool_bool_228 = read i16 @_ssdm_op_Read.ap_auto.i16, i16 %compute_controller_ControlMemSpace_bool_unsigned_int_bool_bool_bool_bool_125"   --->   Operation 14 'read' 'compute_controller_ControlMemSpace_bool_unsigned_int_bool_bool_bool_bool_228' <Predicate = true> <Delay = 0.00>
ST_1 : Operation 15 [1/1] (0.42ns)   --->   "%store_ln0 = store i16 %compute_controller_ControlMemSpace_bool_unsigned_int_bool_bool_bool_bool_228, i16 %compute_controller_ControlMemSpace_bool_unsigned_int_bool_bool_bool_bool_183"   --->   Operation 15 'store' 'store_ln0' <Predicate = true> <Delay = 0.42>
ST_1 : Operation 16 [1/1] (0.42ns)   --->   "%store_ln0 = store i16 %compute_controller_ControlMemSpace_bool_unsigned_int_bool_bool_bool_bool_227, i16 %compute_controller_ControlMemSpace_bool_unsigned_int_bool_bool_bool_bool_184"   --->   Operation 16 'store' 'store_ln0' <Predicate = true> <Delay = 0.42>
ST_1 : Operation 17 [1/1] (0.42ns)   --->   "%store_ln0 = store i16 %compute_controller_ControlMemSpace_bool_unsigned_int_bool_bool_bool_bool_226, i16 %compute_controller_ControlMemSpace_bool_unsigned_int_bool_bool_bool_bool_185"   --->   Operation 17 'store' 'store_ln0' <Predicate = true> <Delay = 0.42>
ST_1 : Operation 18 [1/1] (0.42ns)   --->   "%store_ln0 = store i16 %compute_controller_ControlMemSpace_bool_unsigned_int_bool_bool_bool_bool_225, i16 %compute_controller_ControlMemSpace_bool_unsigned_int_bool_bool_bool_bool_186"   --->   Operation 18 'store' 'store_ln0' <Predicate = true> <Delay = 0.42>
ST_1 : Operation 19 [1/1] (0.42ns)   --->   "%store_ln605 = store i3 0, i3 %i" [/home/luka/Scripting/ELEC_498-Capstone-LiteLM/HLS-Verilog/Transformer_logic/src-hls/compute_controller.cpp:605]   --->   Operation 19 'store' 'store_ln605' <Predicate = true> <Delay = 0.42>
ST_1 : Operation 20 [1/1] (0.00ns)   --->   "%br_ln0 = br void %for.inc513"   --->   Operation 20 'br' 'br_ln0' <Predicate = true> <Delay = 0.00>
ST_1 : Operation 21 [1/1] (0.00ns)   --->   "%i_6 = load i3 %i" [/home/luka/Scripting/ELEC_498-Capstone-LiteLM/HLS-Verilog/Transformer_logic/src-hls/compute_controller.cpp:605]   --->   Operation 21 'load' 'i_6' <Predicate = true> <Delay = 0.00>
ST_1 : Operation 22 [1/1] (0.67ns)   --->   "%icmp_ln605 = icmp_eq  i3 %i_6, i3 4" [/home/luka/Scripting/ELEC_498-Capstone-LiteLM/HLS-Verilog/Transformer_logic/src-hls/compute_controller.cpp:605]   --->   Operation 22 'icmp' 'icmp_ln605' <Predicate = true> <Delay = 0.67> <CoreInst = "Cmp">   --->   Core 9 'Cmp' <Latency = 0> <II = 1> <Delay = 0.67> <FuncUnit> <Opcode : 'seteq' 'setne' 'setle' 'setge' 'setlt' 'setgt'> <InPorts = 2> <OutPorts = 1>
ST_1 : Operation 23 [1/1] (0.67ns)   --->   "%add_ln605 = add i3 %i_6, i3 1" [/home/luka/Scripting/ELEC_498-Capstone-LiteLM/HLS-Verilog/Transformer_logic/src-hls/compute_controller.cpp:605]   --->   Operation 23 'add' 'add_ln605' <Predicate = true> <Delay = 0.67> <CoreInst = "Adder">   --->   Core 1 'Adder' <Latency = 0> <II = 1> <Delay = 0.67> <FuncUnit> <Opcode : 'add' 'sub'> <InPorts = 2> <OutPorts = 1>
ST_1 : Operation 24 [1/1] (0.00ns)   --->   "%br_ln605 = br i1 %icmp_ln605, void %for.inc513.split, void %for.inc523.exitStub" [/home/luka/Scripting/ELEC_498-Capstone-LiteLM/HLS-Verilog/Transformer_logic/src-hls/compute_controller.cpp:605]   --->   Operation 24 'br' 'br_ln605' <Predicate = true> <Delay = 0.00>
ST_1 : Operation 25 [1/1] (0.00ns)   --->   "%trunc_ln605 = trunc i3 %i_6" [/home/luka/Scripting/ELEC_498-Capstone-LiteLM/HLS-Verilog/Transformer_logic/src-hls/compute_controller.cpp:605]   --->   Operation 25 'trunc' 'trunc_ln605' <Predicate = (!icmp_ln605)> <Delay = 0.00>
ST_1 : Operation 26 [1/1] (0.00ns)   --->   "%shl_ln607 = shl i3 %i_6, i3 1" [/home/luka/Scripting/ELEC_498-Capstone-LiteLM/HLS-Verilog/Transformer_logic/src-hls/compute_controller.cpp:607]   --->   Operation 26 'shl' 'shl_ln607' <Predicate = (!icmp_ln605)> <Delay = 0.00>
ST_1 : Operation 27 [1/1] (0.00ns)   --->   "%zext_ln607 = zext i3 %shl_ln607" [/home/luka/Scripting/ELEC_498-Capstone-LiteLM/HLS-Verilog/Transformer_logic/src-hls/compute_controller.cpp:607]   --->   Operation 27 'zext' 'zext_ln607' <Predicate = (!icmp_ln605)> <Delay = 0.00>
ST_1 : Operation 28 [1/1] (0.00ns)   --->   "%zext_ln582_3_cast = bitconcatenate i7 @_ssdm_op_BitConcatenate.i7.i1.i6, i1 1, i6 %zext_ln607" [/home/luka/Scripting/ELEC_498-Capstone-LiteLM/HLS-Verilog/Transformer_logic/src-hls/../../top_params.hpp:582->/home/luka/Scripting/ELEC_498-Capstone-LiteLM/HLS-Verilog/Transformer_logic/src-hls/compute_controller.cpp:607]   --->   Operation 28 'bitconcatenate' 'zext_ln582_3_cast' <Predicate = (!icmp_ln605)> <Delay = 0.00>
ST_1 : Operation 29 [1/1] (0.00ns)   --->   "%zext_ln582 = zext i7 %zext_ln582_3_cast" [/home/luka/Scripting/ELEC_498-Capstone-LiteLM/HLS-Verilog/Transformer_logic/src-hls/../../top_params.hpp:582->/home/luka/Scripting/ELEC_498-Capstone-LiteLM/HLS-Verilog/Transformer_logic/src-hls/compute_controller.cpp:607]   --->   Operation 29 'zext' 'zext_ln582' <Predicate = (!icmp_ln605)> <Delay = 0.00>
ST_1 : Operation 30 [1/1] (0.00ns)   --->   "%in_buf_addr = getelementptr i8 %in_buf, i64 0, i64 %zext_ln582" [/home/luka/Scripting/ELEC_498-Capstone-LiteLM/HLS-Verilog/Transformer_logic/src-hls/../../top_params.hpp:582->/home/luka/Scripting/ELEC_498-Capstone-LiteLM/HLS-Verilog/Transformer_logic/src-hls/compute_controller.cpp:607]   --->   Operation 30 'getelementptr' 'in_buf_addr' <Predicate = (!icmp_ln605)> <Delay = 0.00>
ST_1 : Operation 31 [2/2] (1.23ns)   --->   "%in_buf_load = load i8 %in_buf_addr" [/home/luka/Scripting/ELEC_498-Capstone-LiteLM/HLS-Verilog/Transformer_logic/src-hls/../../top_params.hpp:582->/home/luka/Scripting/ELEC_498-Capstone-LiteLM/HLS-Verilog/Transformer_logic/src-hls/compute_controller.cpp:607]   --->   Operation 31 'load' 'in_buf_load' <Predicate = (!icmp_ln605)> <Delay = 1.23> <CoreInst = "RAM">   --->   Core 82 'RAM' <Latency = 1> <II = 1> <Delay = 1.23> <Storage> <Opcode : 'load' 'store'> <Ports = 2> <Width = 8> <Depth = 129> <RAM>
ST_1 : Operation 32 [1/1] (0.00ns)   --->   "%zext_ln583 = zext i2 %trunc_ln605" [/home/luka/Scripting/ELEC_498-Capstone-LiteLM/HLS-Verilog/Transformer_logic/src-hls/../../top_params.hpp:583->/home/luka/Scripting/ELEC_498-Capstone-LiteLM/HLS-Verilog/Transformer_logic/src-hls/compute_controller.cpp:607]   --->   Operation 32 'zext' 'zext_ln583' <Predicate = (!icmp_ln605)> <Delay = 0.00>
ST_1 : Operation 33 [1/1] (0.00ns)   --->   "%zext_ln583_3_cast = bitconcatenate i7 @_ssdm_op_BitConcatenate.i7.i1.i5.i1, i1 1, i5 %zext_ln583, i1 1" [/home/luka/Scripting/ELEC_498-Capstone-LiteLM/HLS-Verilog/Transformer_logic/src-hls/../../top_params.hpp:583->/home/luka/Scripting/ELEC_498-Capstone-LiteLM/HLS-Verilog/Transformer_logic/src-hls/compute_controller.cpp:607]   --->   Operation 33 'bitconcatenate' 'zext_ln583_3_cast' <Predicate = (!icmp_ln605)> <Delay = 0.00>
ST_1 : Operation 34 [1/1] (0.00ns)   --->   "%zext_ln583_1 = zext i7 %zext_ln583_3_cast" [/home/luka/Scripting/ELEC_498-Capstone-LiteLM/HLS-Verilog/Transformer_logic/src-hls/../../top_params.hpp:583->/home/luka/Scripting/ELEC_498-Capstone-LiteLM/HLS-Verilog/Transformer_logic/src-hls/compute_controller.cpp:607]   --->   Operation 34 'zext' 'zext_ln583_1' <Predicate = (!icmp_ln605)> <Delay = 0.00>
ST_1 : Operation 35 [1/1] (0.00ns)   --->   "%in_buf_addr_7 = getelementptr i8 %in_buf, i64 0, i64 %zext_ln583_1" [/home/luka/Scripting/ELEC_498-Capstone-LiteLM/HLS-Verilog/Transformer_logic/src-hls/../../top_params.hpp:583->/home/luka/Scripting/ELEC_498-Capstone-LiteLM/HLS-Verilog/Transformer_logic/src-hls/compute_controller.cpp:607]   --->   Operation 35 'getelementptr' 'in_buf_addr_7' <Predicate = (!icmp_ln605)> <Delay = 0.00>
ST_1 : Operation 36 [2/2] (1.23ns)   --->   "%in_buf_load_7 = load i8 %in_buf_addr_7" [/home/luka/Scripting/ELEC_498-Capstone-LiteLM/HLS-Verilog/Transformer_logic/src-hls/../../top_params.hpp:583->/home/luka/Scripting/ELEC_498-Capstone-LiteLM/HLS-Verilog/Transformer_logic/src-hls/compute_controller.cpp:607]   --->   Operation 36 'load' 'in_buf_load_7' <Predicate = (!icmp_ln605)> <Delay = 1.23> <CoreInst = "RAM">   --->   Core 82 'RAM' <Latency = 1> <II = 1> <Delay = 1.23> <Storage> <Opcode : 'load' 'store'> <Ports = 2> <Width = 8> <Depth = 129> <RAM>
ST_1 : Operation 37 [1/1] (0.54ns)   --->   "%switch_ln607 = switch i2 %trunc_ln605, void %arrayidx512.case.3, i2 0, void %arrayidx512.case.0, i2 1, void %arrayidx512.case.1, i2 2, void %arrayidx512.case.2" [/home/luka/Scripting/ELEC_498-Capstone-LiteLM/HLS-Verilog/Transformer_logic/src-hls/compute_controller.cpp:607]   --->   Operation 37 'switch' 'switch_ln607' <Predicate = (!icmp_ln605)> <Delay = 0.54>
ST_1 : Operation 38 [1/1] (0.42ns)   --->   "%store_ln605 = store i3 %add_ln605, i3 %i" [/home/luka/Scripting/ELEC_498-Capstone-LiteLM/HLS-Verilog/Transformer_logic/src-hls/compute_controller.cpp:605]   --->   Operation 38 'store' 'store_ln605' <Predicate = (!icmp_ln605)> <Delay = 0.42>
ST_1 : Operation 39 [1/1] (0.00ns)   --->   "%br_ln605 = br void %for.inc513" [/home/luka/Scripting/ELEC_498-Capstone-LiteLM/HLS-Verilog/Transformer_logic/src-hls/compute_controller.cpp:605]   --->   Operation 39 'br' 'br_ln605' <Predicate = (!icmp_ln605)> <Delay = 0.00>
ST_1 : Operation 58 [1/1] (0.00ns)   --->   "%compute_controller_ControlMemSpace_bool_unsigned_int_bool_bool_bool_bool_229 = load i16 %compute_controller_ControlMemSpace_bool_unsigned_int_bool_bool_bool_bool_186"   --->   Operation 58 'load' 'compute_controller_ControlMemSpace_bool_unsigned_int_bool_bool_bool_bool_229' <Predicate = (icmp_ln605)> <Delay = 0.00>
ST_1 : Operation 59 [1/1] (0.00ns)   --->   "%compute_controller_ControlMemSpace_bool_unsigned_int_bool_bool_bool_bool_230 = load i16 %compute_controller_ControlMemSpace_bool_unsigned_int_bool_bool_bool_bool_185"   --->   Operation 59 'load' 'compute_controller_ControlMemSpace_bool_unsigned_int_bool_bool_bool_bool_230' <Predicate = (icmp_ln605)> <Delay = 0.00>
ST_1 : Operation 60 [1/1] (0.00ns)   --->   "%compute_controller_ControlMemSpace_bool_unsigned_int_bool_bool_bool_bool_231 = load i16 %compute_controller_ControlMemSpace_bool_unsigned_int_bool_bool_bool_bool_184"   --->   Operation 60 'load' 'compute_controller_ControlMemSpace_bool_unsigned_int_bool_bool_bool_bool_231' <Predicate = (icmp_ln605)> <Delay = 0.00>
ST_1 : Operation 61 [1/1] (0.00ns)   --->   "%compute_controller_ControlMemSpace_bool_unsigned_int_bool_bool_bool_bool_232 = load i16 %compute_controller_ControlMemSpace_bool_unsigned_int_bool_bool_bool_bool_183"   --->   Operation 61 'load' 'compute_controller_ControlMemSpace_bool_unsigned_int_bool_bool_bool_bool_232' <Predicate = (icmp_ln605)> <Delay = 0.00>
ST_1 : Operation 62 [1/1] (0.00ns)   --->   "%write_ln0 = write void @_ssdm_op_Write.ap_auto.i16P0A, i16 %compute_controller_ControlMemSpace_bool_unsigned_int_bool_bool_bool_bool_183_out, i16 %compute_controller_ControlMemSpace_bool_unsigned_int_bool_bool_bool_bool_232"   --->   Operation 62 'write' 'write_ln0' <Predicate = (icmp_ln605)> <Delay = 0.00>
ST_1 : Operation 63 [1/1] (0.00ns)   --->   "%write_ln0 = write void @_ssdm_op_Write.ap_auto.i16P0A, i16 %compute_controller_ControlMemSpace_bool_unsigned_int_bool_bool_bool_bool_184_out, i16 %compute_controller_ControlMemSpace_bool_unsigned_int_bool_bool_bool_bool_231"   --->   Operation 63 'write' 'write_ln0' <Predicate = (icmp_ln605)> <Delay = 0.00>
ST_1 : Operation 64 [1/1] (0.00ns)   --->   "%write_ln0 = write void @_ssdm_op_Write.ap_auto.i16P0A, i16 %compute_controller_ControlMemSpace_bool_unsigned_int_bool_bool_bool_bool_185_out, i16 %compute_controller_ControlMemSpace_bool_unsigned_int_bool_bool_bool_bool_230"   --->   Operation 64 'write' 'write_ln0' <Predicate = (icmp_ln605)> <Delay = 0.00>
ST_1 : Operation 65 [1/1] (0.00ns)   --->   "%write_ln0 = write void @_ssdm_op_Write.ap_auto.i16P0A, i16 %compute_controller_ControlMemSpace_bool_unsigned_int_bool_bool_bool_bool_186_out, i16 %compute_controller_ControlMemSpace_bool_unsigned_int_bool_bool_bool_bool_229"   --->   Operation 65 'write' 'write_ln0' <Predicate = (icmp_ln605)> <Delay = 0.00>
ST_1 : Operation 66 [1/1] (0.42ns)   --->   "%ret_ln0 = ret"   --->   Operation 66 'ret' 'ret_ln0' <Predicate = (icmp_ln605)> <Delay = 0.42>

State 2 <SV = 1> <Delay = 1.66>
ST_2 : Operation 40 [1/1] (0.00ns)   --->   "%specpipeline_ln606 = specpipeline void @_ssdm_op_SpecPipeline, i32 1, i32 0, i32 0, i32 0, void @empty_21" [/home/luka/Scripting/ELEC_498-Capstone-LiteLM/HLS-Verilog/Transformer_logic/src-hls/compute_controller.cpp:606]   --->   Operation 40 'specpipeline' 'specpipeline_ln606' <Predicate = true> <Delay = 0.00>
ST_2 : Operation 41 [1/1] (0.00ns)   --->   "%speclooptripcount_ln605 = speclooptripcount void @_ssdm_op_SpecLoopTripCount, i64 4, i64 4, i64 4" [/home/luka/Scripting/ELEC_498-Capstone-LiteLM/HLS-Verilog/Transformer_logic/src-hls/compute_controller.cpp:605]   --->   Operation 41 'speclooptripcount' 'speclooptripcount_ln605' <Predicate = true> <Delay = 0.00>
ST_2 : Operation 42 [1/1] (0.00ns)   --->   "%specloopname_ln605 = specloopname void @_ssdm_op_SpecLoopName, void @empty" [/home/luka/Scripting/ELEC_498-Capstone-LiteLM/HLS-Verilog/Transformer_logic/src-hls/compute_controller.cpp:605]   --->   Operation 42 'specloopname' 'specloopname_ln605' <Predicate = true> <Delay = 0.00>
ST_2 : Operation 43 [1/2] ( I:1.23ns O:1.23ns )   --->   "%in_buf_load = load i8 %in_buf_addr" [/home/luka/Scripting/ELEC_498-Capstone-LiteLM/HLS-Verilog/Transformer_logic/src-hls/../../top_params.hpp:582->/home/luka/Scripting/ELEC_498-Capstone-LiteLM/HLS-Verilog/Transformer_logic/src-hls/compute_controller.cpp:607]   --->   Operation 43 'load' 'in_buf_load' <Predicate = true> <Delay = 1.23> <CoreInst = "RAM">   --->   Core 82 'RAM' <Latency = 1> <II = 1> <Delay = 1.23> <Storage> <Opcode : 'load' 'store'> <Ports = 2> <Width = 8> <Depth = 129> <RAM>
ST_2 : Operation 44 [1/2] ( I:1.23ns O:1.23ns )   --->   "%in_buf_load_7 = load i8 %in_buf_addr_7" [/home/luka/Scripting/ELEC_498-Capstone-LiteLM/HLS-Verilog/Transformer_logic/src-hls/../../top_params.hpp:583->/home/luka/Scripting/ELEC_498-Capstone-LiteLM/HLS-Verilog/Transformer_logic/src-hls/compute_controller.cpp:607]   --->   Operation 44 'load' 'in_buf_load_7' <Predicate = true> <Delay = 1.23> <CoreInst = "RAM">   --->   Core 82 'RAM' <Latency = 1> <II = 1> <Delay = 1.23> <Storage> <Opcode : 'load' 'store'> <Ports = 2> <Width = 8> <Depth = 129> <RAM>
ST_2 : Operation 45 [1/1] (0.00ns)   --->   "%v = bitconcatenate i16 @_ssdm_op_BitConcatenate.i16.i8.i8, i8 %in_buf_load_7, i8 %in_buf_load" [/home/luka/Scripting/ELEC_498-Capstone-LiteLM/HLS-Verilog/Transformer_logic/src-hls/../../top_params.hpp:584->/home/luka/Scripting/ELEC_498-Capstone-LiteLM/HLS-Verilog/Transformer_logic/src-hls/compute_controller.cpp:607]   --->   Operation 45 'bitconcatenate' 'v' <Predicate = true> <Delay = 0.00>
ST_2 : Operation 46 [1/1] (0.00ns)   --->   "%store_ln607 = store i16 %v, i16 %compute_controller_ControlMemSpace_bool_unsigned_int_bool_bool_bool_bool_62" [/home/luka/Scripting/ELEC_498-Capstone-LiteLM/HLS-Verilog/Transformer_logic/src-hls/compute_controller.cpp:607]   --->   Operation 46 'store' 'store_ln607' <Predicate = (trunc_ln605 == 2)> <Delay = 0.00>
ST_2 : Operation 47 [1/1] (0.42ns)   --->   "%store_ln584 = store i16 %v, i16 %compute_controller_ControlMemSpace_bool_unsigned_int_bool_bool_bool_bool_185" [/home/luka/Scripting/ELEC_498-Capstone-LiteLM/HLS-Verilog/Transformer_logic/src-hls/../../top_params.hpp:584->/home/luka/Scripting/ELEC_498-Capstone-LiteLM/HLS-Verilog/Transformer_logic/src-hls/compute_controller.cpp:607]   --->   Operation 47 'store' 'store_ln584' <Predicate = (trunc_ln605 == 2)> <Delay = 0.42>
ST_2 : Operation 48 [1/1] (0.00ns)   --->   "%br_ln607 = br void %arrayidx512.exit" [/home/luka/Scripting/ELEC_498-Capstone-LiteLM/HLS-Verilog/Transformer_logic/src-hls/compute_controller.cpp:607]   --->   Operation 48 'br' 'br_ln607' <Predicate = (trunc_ln605 == 2)> <Delay = 0.00>
ST_2 : Operation 49 [1/1] (0.00ns)   --->   "%store_ln607 = store i16 %v, i16 %compute_controller_ControlMemSpace_bool_unsigned_int_bool_bool_bool_bool_63" [/home/luka/Scripting/ELEC_498-Capstone-LiteLM/HLS-Verilog/Transformer_logic/src-hls/compute_controller.cpp:607]   --->   Operation 49 'store' 'store_ln607' <Predicate = (trunc_ln605 == 1)> <Delay = 0.00>
ST_2 : Operation 50 [1/1] (0.42ns)   --->   "%store_ln584 = store i16 %v, i16 %compute_controller_ControlMemSpace_bool_unsigned_int_bool_bool_bool_bool_184" [/home/luka/Scripting/ELEC_498-Capstone-LiteLM/HLS-Verilog/Transformer_logic/src-hls/../../top_params.hpp:584->/home/luka/Scripting/ELEC_498-Capstone-LiteLM/HLS-Verilog/Transformer_logic/src-hls/compute_controller.cpp:607]   --->   Operation 50 'store' 'store_ln584' <Predicate = (trunc_ln605 == 1)> <Delay = 0.42>
ST_2 : Operation 51 [1/1] (0.00ns)   --->   "%br_ln607 = br void %arrayidx512.exit" [/home/luka/Scripting/ELEC_498-Capstone-LiteLM/HLS-Verilog/Transformer_logic/src-hls/compute_controller.cpp:607]   --->   Operation 51 'br' 'br_ln607' <Predicate = (trunc_ln605 == 1)> <Delay = 0.00>
ST_2 : Operation 52 [1/1] (0.00ns)   --->   "%store_ln607 = store i16 %v, i16 %compute_controller_ControlMemSpace_bool_unsigned_int_bool_bool_bool_bool_64" [/home/luka/Scripting/ELEC_498-Capstone-LiteLM/HLS-Verilog/Transformer_logic/src-hls/compute_controller.cpp:607]   --->   Operation 52 'store' 'store_ln607' <Predicate = (trunc_ln605 == 0)> <Delay = 0.00>
ST_2 : Operation 53 [1/1] (0.42ns)   --->   "%store_ln584 = store i16 %v, i16 %compute_controller_ControlMemSpace_bool_unsigned_int_bool_bool_bool_bool_183" [/home/luka/Scripting/ELEC_498-Capstone-LiteLM/HLS-Verilog/Transformer_logic/src-hls/../../top_params.hpp:584->/home/luka/Scripting/ELEC_498-Capstone-LiteLM/HLS-Verilog/Transformer_logic/src-hls/compute_controller.cpp:607]   --->   Operation 53 'store' 'store_ln584' <Predicate = (trunc_ln605 == 0)> <Delay = 0.42>
ST_2 : Operation 54 [1/1] (0.00ns)   --->   "%br_ln607 = br void %arrayidx512.exit" [/home/luka/Scripting/ELEC_498-Capstone-LiteLM/HLS-Verilog/Transformer_logic/src-hls/compute_controller.cpp:607]   --->   Operation 54 'br' 'br_ln607' <Predicate = (trunc_ln605 == 0)> <Delay = 0.00>
ST_2 : Operation 55 [1/1] (0.00ns)   --->   "%store_ln607 = store i16 %v, i16 %compute_controller_ControlMemSpace_bool_unsigned_int_bool_bool_bool_bool_61" [/home/luka/Scripting/ELEC_498-Capstone-LiteLM/HLS-Verilog/Transformer_logic/src-hls/compute_controller.cpp:607]   --->   Operation 55 'store' 'store_ln607' <Predicate = (trunc_ln605 == 3)> <Delay = 0.00>
ST_2 : Operation 56 [1/1] (0.42ns)   --->   "%store_ln584 = store i16 %v, i16 %compute_controller_ControlMemSpace_bool_unsigned_int_bool_bool_bool_bool_186" [/home/luka/Scripting/ELEC_498-Capstone-LiteLM/HLS-Verilog/Transformer_logic/src-hls/../../top_params.hpp:584->/home/luka/Scripting/ELEC_498-Capstone-LiteLM/HLS-Verilog/Transformer_logic/src-hls/compute_controller.cpp:607]   --->   Operation 56 'store' 'store_ln584' <Predicate = (trunc_ln605 == 3)> <Delay = 0.42>
ST_2 : Operation 57 [1/1] (0.00ns)   --->   "%br_ln607 = br void %arrayidx512.exit" [/home/luka/Scripting/ELEC_498-Capstone-LiteLM/HLS-Verilog/Transformer_logic/src-hls/compute_controller.cpp:607]   --->   Operation 57 'br' 'br_ln607' <Predicate = (trunc_ln605 == 3)> <Delay = 0.00>


============================================================
+ Verbose Summary: Timing violations
============================================================
Target clock period: 10.000ns, clock uncertainty: 2.700ns.

 <State 1>: 1.664ns
The critical path consists of the following:
	'store' operation 0 bit ('store_ln605', /home/luka/Scripting/ELEC_498-Capstone-LiteLM/HLS-Verilog/Transformer_logic/src-hls/compute_controller.cpp:605) of constant 0 on local variable 'i', /home/luka/Scripting/ELEC_498-Capstone-LiteLM/HLS-Verilog/Transformer_logic/src-hls/compute_controller.cpp:605 [28]  (0.427 ns)
	'load' operation 3 bit ('i', /home/luka/Scripting/ELEC_498-Capstone-LiteLM/HLS-Verilog/Transformer_logic/src-hls/compute_controller.cpp:605) on local variable 'i', /home/luka/Scripting/ELEC_498-Capstone-LiteLM/HLS-Verilog/Transformer_logic/src-hls/compute_controller.cpp:605 [31]  (0.000 ns)
	'shl' operation 3 bit ('shl_ln607', /home/luka/Scripting/ELEC_498-Capstone-LiteLM/HLS-Verilog/Transformer_logic/src-hls/compute_controller.cpp:607) [40]  (0.000 ns)
	'getelementptr' operation 8 bit ('in_buf_addr', /home/luka/Scripting/ELEC_498-Capstone-LiteLM/HLS-Verilog/Transformer_logic/src-hls/../../top_params.hpp:582->/home/luka/Scripting/ELEC_498-Capstone-LiteLM/HLS-Verilog/Transformer_logic/src-hls/compute_controller.cpp:607) [44]  (0.000 ns)
	'load' operation 8 bit ('in_buf_load', /home/luka/Scripting/ELEC_498-Capstone-LiteLM/HLS-Verilog/Transformer_logic/src-hls/../../top_params.hpp:582->/home/luka/Scripting/ELEC_498-Capstone-LiteLM/HLS-Verilog/Transformer_logic/src-hls/compute_controller.cpp:607) on array 'in_buf' [45]  (1.237 ns)

 <State 2>: 1.664ns
The critical path consists of the following:
	'load' operation 8 bit ('in_buf_load', /home/luka/Scripting/ELEC_498-Capstone-LiteLM/HLS-Verilog/Transformer_logic/src-hls/../../top_params.hpp:582->/home/luka/Scripting/ELEC_498-Capstone-LiteLM/HLS-Verilog/Transformer_logic/src-hls/compute_controller.cpp:607) on array 'in_buf' [45]  (1.237 ns)
	'store' operation 0 bit ('store_ln584', /home/luka/Scripting/ELEC_498-Capstone-LiteLM/HLS-Verilog/Transformer_logic/src-hls/../../top_params.hpp:584->/home/luka/Scripting/ELEC_498-Capstone-LiteLM/HLS-Verilog/Transformer_logic/src-hls/compute_controller.cpp:607) of variable 'v', /home/luka/Scripting/ELEC_498-Capstone-LiteLM/HLS-Verilog/Transformer_logic/src-hls/../../top_params.hpp:584->/home/luka/Scripting/ELEC_498-Capstone-LiteLM/HLS-Verilog/Transformer_logic/src-hls/compute_controller.cpp:607 on local variable 'compute_controller_ControlMemSpace_bool_unsigned_int_bool_bool_bool_bool_183' [63]  (0.427 ns)


============================================================
+ Verbose Summary: Binding
============================================================
N/A
* FSMD analyzer results:
  - Output states:
 - Input state : 
  - Chain level:
	State 1
	State 2


============================================================
+ Verbose Summary: Datapath Resource usage 
============================================================
N/A
