

================================================================
== Vitis HLS Report for 'compute_controller_Pipeline_VITIS_LOOP_567_24'
================================================================
* Date:           Tue Feb  3 19:41:29 2026

* Version:        2025.1 (Build 6135595 on May 21 2025)
* Project:        transformer_top
* Solution:       hls (Vivado IP Flow Target)
* Product family: zynquplus
* Target device:  xck26-sfvc784-2LV-c


================================================================
== Performance Estimates
================================================================
+ Timing: 
    * Summary: 
    +--------+----------+----------+------------+
    |  Clock |  Target  | Estimated| Uncertainty|
    +--------+----------+----------+------------+
    |ap_clk  |  10.00 ns|  1.893 ns|     2.70 ns|
    +--------+----------+----------+------------+

+ Latency: 
    * Summary: 
    +---------+---------+----------+----------+-----+-----+------------------------------------------------+
    |  Latency (cycles) |  Latency (absolute) |  Interval |                    Pipeline                    |
    |   min   |   max   |    min   |    max   | min | max |                      Type                      |
    +---------+---------+----------+----------+-----+-----+------------------------------------------------+
    |       34|       34|  0.340 us|  0.340 us|   33|   33|  loop auto-rewind stp (delay=0 clock cycles(s))|
    +---------+---------+----------+----------+-----+-----+------------------------------------------------+

    + Detail: 
        * Instance: 
        N/A

        * Loop: 
        +---------------------+---------+---------+----------+-----------+-----------+------+----------+
        |                     |  Latency (cycles) | Iteration|  Initiation Interval  | Trip |          |
        |      Loop Name      |   min   |   max   |  Latency |  achieved |   target  | Count| Pipelined|
        +---------------------+---------+---------+----------+-----------+-----------+------+----------+
        |- VITIS_LOOP_567_24  |       32|       32|         2|          2|          1|    16|       yes|
        +---------------------+---------+---------+----------+-----------+-----------+------+----------+

============================================================
+ Verbose Summary: Synthesis Manager
============================================================
InlineROM: 1
ExposeGlobal: 0
============================================================
+ Verbose Summary: CDFG Model
============================================================
IsTopModel: 0
ResetActiveHigh: 1
IsCombinational: 0
IsDatapathOnly: 0
HasWiredReturn: 1
HasMFsm: 2
HasVarLatency: 1
IsPipeline: 0
IsRtlPipelined: 0
IsInstanceOverlapped: 0
IsDontTouch: 0
HasImplIP: 0
IsGatedGlobalClock: 0

+ Individual pipeline summary: 
  * Pipeline-0: initiation interval (II) = 2, depth = 2


============================================================
+ Verbose Summary: Schedule
============================================================
* Number of FSM states : 2
* Pipeline : 1
  Pipeline-0 : II = 2, D = 2, States = { 1 2 }
* Dataflow Pipeline: 0

* FSM state transitions: 
1 --> 2 
2 --> 

* FSM state operations: 

State 1 <SV = 0> <Delay = 1.89>
ST_1 : Operation 5 [1/1] (0.00ns)   --->   "%i = alloca i32 1" [/home/luka/Scripting/ELEC_498-Capstone-LiteLM/HLS-Verilog/Transformer_logic/src-hls/compute_controller.cpp:567]   --->   Operation 5 'alloca' 'i' <Predicate = true> <Delay = 0.00>
ST_1 : Operation 6 [1/1] (0.00ns)   --->   "%specinterface_ln0 = specinterface void @_ssdm_op_SpecInterface, i8 %out_buf, void @empty_12, i32 0, i32 0, void @empty_21, i32 4294967295, i32 0, void @empty_21, void @empty_21, void @empty_21, i32 0, i32 0, i32 0, i32 0, void @empty_21, void @empty_21, i32 4294967295, i32 0, i32 0"   --->   Operation 6 'specinterface' 'specinterface_ln0' <Predicate = true> <Delay = 0.00>
ST_1 : Operation 7 [1/1] (0.00ns)   --->   "%p_ZZ18compute_controller15ControlMemSpacebjRbS0_bS0_S0_RjPKhPhR12ComputeStateS1_R_102 = read i32 @_ssdm_op_Read.ap_auto.i32, i32 %p_ZZ18compute_controller15ControlMemSpacebjRbS0_bS0_S0_RjPKhPhR12ComputeStateS1_R_89"   --->   Operation 7 'read' 'p_ZZ18compute_controller15ControlMemSpacebjRbS0_bS0_S0_RjPKhPhR12ComputeStateS1_R_102' <Predicate = true> <Delay = 0.00>
ST_1 : Operation 8 [1/1] (0.00ns)   --->   "%p_ZZ18compute_controller15ControlMemSpacebjRbS0_bS0_S0_RjPKhPhR12ComputeStateS1_R_103 = read i32 @_ssdm_op_Read.ap_auto.i32, i32 %p_ZZ18compute_controller15ControlMemSpacebjRbS0_bS0_S0_RjPKhPhR12ComputeStateS1_R_88"   --->   Operation 8 'read' 'p_ZZ18compute_controller15ControlMemSpacebjRbS0_bS0_S0_RjPKhPhR12ComputeStateS1_R_103' <Predicate = true> <Delay = 0.00>
ST_1 : Operation 9 [1/1] (0.00ns)   --->   "%p_ZZ18compute_controller15ControlMemSpacebjRbS0_bS0_S0_RjPKhPhR12ComputeStateS1_R_104 = read i32 @_ssdm_op_Read.ap_auto.i32, i32 %p_ZZ18compute_controller15ControlMemSpacebjRbS0_bS0_S0_RjPKhPhR12ComputeStateS1_R_87"   --->   Operation 9 'read' 'p_ZZ18compute_controller15ControlMemSpacebjRbS0_bS0_S0_RjPKhPhR12ComputeStateS1_R_104' <Predicate = true> <Delay = 0.00>
ST_1 : Operation 10 [1/1] (0.00ns)   --->   "%p_ZZ18compute_controller15ControlMemSpacebjRbS0_bS0_S0_RjPKhPhR12ComputeStateS1_R_105 = read i32 @_ssdm_op_Read.ap_auto.i32, i32 %p_ZZ18compute_controller15ControlMemSpacebjRbS0_bS0_S0_RjPKhPhR12ComputeStateS1_R_86"   --->   Operation 10 'read' 'p_ZZ18compute_controller15ControlMemSpacebjRbS0_bS0_S0_RjPKhPhR12ComputeStateS1_R_105' <Predicate = true> <Delay = 0.00>
ST_1 : Operation 11 [1/1] (0.00ns)   --->   "%p_ZZ18compute_controller15ControlMemSpacebjRbS0_bS0_S0_RjPKhPhR12ComputeStateS1_R_106 = read i32 @_ssdm_op_Read.ap_auto.i32, i32 %p_ZZ18compute_controller15ControlMemSpacebjRbS0_bS0_S0_RjPKhPhR12ComputeStateS1_R_85"   --->   Operation 11 'read' 'p_ZZ18compute_controller15ControlMemSpacebjRbS0_bS0_S0_RjPKhPhR12ComputeStateS1_R_106' <Predicate = true> <Delay = 0.00>
ST_1 : Operation 12 [1/1] (0.00ns)   --->   "%p_ZZ18compute_controller15ControlMemSpacebjRbS0_bS0_S0_RjPKhPhR12ComputeStateS1_R_107 = read i32 @_ssdm_op_Read.ap_auto.i32, i32 %p_ZZ18compute_controller15ControlMemSpacebjRbS0_bS0_S0_RjPKhPhR12ComputeStateS1_R_84"   --->   Operation 12 'read' 'p_ZZ18compute_controller15ControlMemSpacebjRbS0_bS0_S0_RjPKhPhR12ComputeStateS1_R_107' <Predicate = true> <Delay = 0.00>
ST_1 : Operation 13 [1/1] (0.00ns)   --->   "%compute_controller_ControlMemSpace_bool_unsigned_int_bool_bool_bool_bool_243 = read i32 @_ssdm_op_Read.ap_auto.i32, i32 %compute_controller_ControlMemSpace_bool_unsigned_int_bool_bool_bool_bool_172"   --->   Operation 13 'read' 'compute_controller_ControlMemSpace_bool_unsigned_int_bool_bool_bool_bool_243' <Predicate = true> <Delay = 0.00>
ST_1 : Operation 14 [1/1] (0.00ns)   --->   "%compute_controller_ControlMemSpace_bool_unsigned_int_bool_bool_bool_bool_244 = read i32 @_ssdm_op_Read.ap_auto.i32, i32 %compute_controller_ControlMemSpace_bool_unsigned_int_bool_bool_bool_bool_171"   --->   Operation 14 'read' 'compute_controller_ControlMemSpace_bool_unsigned_int_bool_bool_bool_bool_244' <Predicate = true> <Delay = 0.00>
ST_1 : Operation 15 [1/1] (0.00ns)   --->   "%compute_controller_ControlMemSpace_bool_unsigned_int_bool_bool_bool_bool_245 = read i32 @_ssdm_op_Read.ap_auto.i32, i32 %compute_controller_ControlMemSpace_bool_unsigned_int_bool_bool_bool_bool_170"   --->   Operation 15 'read' 'compute_controller_ControlMemSpace_bool_unsigned_int_bool_bool_bool_bool_245' <Predicate = true> <Delay = 0.00>
ST_1 : Operation 16 [1/1] (0.00ns)   --->   "%compute_controller_ControlMemSpace_bool_unsigned_int_bool_bool_bool_bool_246 = read i32 @_ssdm_op_Read.ap_auto.i32, i32 %compute_controller_ControlMemSpace_bool_unsigned_int_bool_bool_bool_bool_169"   --->   Operation 16 'read' 'compute_controller_ControlMemSpace_bool_unsigned_int_bool_bool_bool_bool_246' <Predicate = true> <Delay = 0.00>
ST_1 : Operation 17 [1/1] (0.00ns)   --->   "%compute_controller_ControlMemSpace_bool_unsigned_int_bool_bool_bool_bool_247 = read i32 @_ssdm_op_Read.ap_auto.i32, i32 %compute_controller_ControlMemSpace_bool_unsigned_int_bool_bool_bool_bool_168"   --->   Operation 17 'read' 'compute_controller_ControlMemSpace_bool_unsigned_int_bool_bool_bool_bool_247' <Predicate = true> <Delay = 0.00>
ST_1 : Operation 18 [1/1] (0.00ns)   --->   "%compute_controller_ControlMemSpace_bool_unsigned_int_bool_bool_bool_bool_248 = read i32 @_ssdm_op_Read.ap_auto.i32, i32 %compute_controller_ControlMemSpace_bool_unsigned_int_bool_bool_bool_bool_167"   --->   Operation 18 'read' 'compute_controller_ControlMemSpace_bool_unsigned_int_bool_bool_bool_bool_248' <Predicate = true> <Delay = 0.00>
ST_1 : Operation 19 [1/1] (0.00ns)   --->   "%compute_controller_ControlMemSpace_bool_unsigned_int_bool_bool_bool_bool_249 = read i32 @_ssdm_op_Read.ap_auto.i32, i32 %compute_controller_ControlMemSpace_bool_unsigned_int_bool_bool_bool_bool_166"   --->   Operation 19 'read' 'compute_controller_ControlMemSpace_bool_unsigned_int_bool_bool_bool_bool_249' <Predicate = true> <Delay = 0.00>
ST_1 : Operation 20 [1/1] (0.00ns)   --->   "%compute_controller_ControlMemSpace_bool_unsigned_int_bool_bool_bool_bool_250 = read i32 @_ssdm_op_Read.ap_auto.i32, i32 %compute_controller_ControlMemSpace_bool_unsigned_int_bool_bool_bool_bool_165"   --->   Operation 20 'read' 'compute_controller_ControlMemSpace_bool_unsigned_int_bool_bool_bool_bool_250' <Predicate = true> <Delay = 0.00>
ST_1 : Operation 21 [1/1] (0.00ns)   --->   "%compute_controller_ControlMemSpace_bool_unsigned_int_bool_bool_bool_bool_251 = read i32 @_ssdm_op_Read.ap_auto.i32, i32 %compute_controller_ControlMemSpace_bool_unsigned_int_bool_bool_bool_bool_164"   --->   Operation 21 'read' 'compute_controller_ControlMemSpace_bool_unsigned_int_bool_bool_bool_bool_251' <Predicate = true> <Delay = 0.00>
ST_1 : Operation 22 [1/1] (0.00ns)   --->   "%compute_controller_ControlMemSpace_bool_unsigned_int_bool_bool_bool_bool_252 = read i32 @_ssdm_op_Read.ap_auto.i32, i32 %compute_controller_ControlMemSpace_bool_unsigned_int_bool_bool_bool_bool_163"   --->   Operation 22 'read' 'compute_controller_ControlMemSpace_bool_unsigned_int_bool_bool_bool_bool_252' <Predicate = true> <Delay = 0.00>
ST_1 : Operation 23 [1/1] (0.42ns)   --->   "%store_ln567 = store i5 0, i5 %i" [/home/luka/Scripting/ELEC_498-Capstone-LiteLM/HLS-Verilog/Transformer_logic/src-hls/compute_controller.cpp:567]   --->   Operation 23 'store' 'store_ln567' <Predicate = true> <Delay = 0.42>
ST_1 : Operation 24 [1/1] (0.00ns)   --->   "%br_ln0 = br void %for.inc417"   --->   Operation 24 'br' 'br_ln0' <Predicate = true> <Delay = 0.00>
ST_1 : Operation 25 [1/1] (0.00ns)   --->   "%i_9 = load i5 %i" [/home/luka/Scripting/ELEC_498-Capstone-LiteLM/HLS-Verilog/Transformer_logic/src-hls/compute_controller.cpp:567]   --->   Operation 25 'load' 'i_9' <Predicate = true> <Delay = 0.00>
ST_1 : Operation 26 [1/1] (0.78ns)   --->   "%icmp_ln567 = icmp_eq  i5 %i_9, i5 16" [/home/luka/Scripting/ELEC_498-Capstone-LiteLM/HLS-Verilog/Transformer_logic/src-hls/compute_controller.cpp:567]   --->   Operation 26 'icmp' 'icmp_ln567' <Predicate = true> <Delay = 0.78> <CoreInst = "Cmp">   --->   Core 9 'Cmp' <Latency = 0> <II = 1> <Delay = 0.78> <FuncUnit> <Opcode : 'seteq' 'setne' 'setle' 'setge' 'setlt' 'setgt'> <InPorts = 2> <OutPorts = 1>
ST_1 : Operation 27 [1/1] (0.78ns)   --->   "%add_ln567 = add i5 %i_9, i5 1" [/home/luka/Scripting/ELEC_498-Capstone-LiteLM/HLS-Verilog/Transformer_logic/src-hls/compute_controller.cpp:567]   --->   Operation 27 'add' 'add_ln567' <Predicate = true> <Delay = 0.78> <CoreInst = "Adder">   --->   Core 1 'Adder' <Latency = 0> <II = 1> <Delay = 0.78> <FuncUnit> <Opcode : 'add' 'sub'> <InPorts = 2> <OutPorts = 1>
ST_1 : Operation 28 [1/1] (0.00ns)   --->   "%br_ln567 = br i1 %icmp_ln567, void %for.inc417.split, void %sw.epilog.loopexit4759.exitStub" [/home/luka/Scripting/ELEC_498-Capstone-LiteLM/HLS-Verilog/Transformer_logic/src-hls/compute_controller.cpp:567]   --->   Operation 28 'br' 'br_ln567' <Predicate = true> <Delay = 0.00>
ST_1 : Operation 29 [1/1] (0.00ns)   --->   "%trunc_ln567 = trunc i5 %i_9" [/home/luka/Scripting/ELEC_498-Capstone-LiteLM/HLS-Verilog/Transformer_logic/src-hls/compute_controller.cpp:567]   --->   Operation 29 'trunc' 'trunc_ln567' <Predicate = (!icmp_ln567)> <Delay = 0.00>
ST_1 : Operation 30 [1/1] (0.48ns)   --->   "%v = sparsemux i32 @_ssdm_op_SparseMux.ap_auto.16i32.i32.i4, i4 0, i32 %compute_controller_ControlMemSpace_bool_unsigned_int_bool_bool_bool_bool_252, i4 1, i32 %compute_controller_ControlMemSpace_bool_unsigned_int_bool_bool_bool_bool_251, i4 2, i32 %compute_controller_ControlMemSpace_bool_unsigned_int_bool_bool_bool_bool_250, i4 3, i32 %compute_controller_ControlMemSpace_bool_unsigned_int_bool_bool_bool_bool_249, i4 4, i32 %compute_controller_ControlMemSpace_bool_unsigned_int_bool_bool_bool_bool_248, i4 5, i32 %compute_controller_ControlMemSpace_bool_unsigned_int_bool_bool_bool_bool_247, i4 6, i32 %compute_controller_ControlMemSpace_bool_unsigned_int_bool_bool_bool_bool_246, i4 7, i32 %compute_controller_ControlMemSpace_bool_unsigned_int_bool_bool_bool_bool_245, i4 8, i32 %compute_controller_ControlMemSpace_bool_unsigned_int_bool_bool_bool_bool_244, i4 9, i32 %compute_controller_ControlMemSpace_bool_unsigned_int_bool_bool_bool_bool_243, i4 10, i32 %p_ZZ18compute_controller15ControlMemSpacebjRbS0_bS0_S0_RjPKhPhR12ComputeStateS1_R_107, i4 11, i32 %p_ZZ18compute_controller15ControlMemSpacebjRbS0_bS0_S0_RjPKhPhR12ComputeStateS1_R_106, i4 12, i32 %p_ZZ18compute_controller15ControlMemSpacebjRbS0_bS0_S0_RjPKhPhR12ComputeStateS1_R_105, i4 13, i32 %p_ZZ18compute_controller15ControlMemSpacebjRbS0_bS0_S0_RjPKhPhR12ComputeStateS1_R_104, i4 14, i32 %p_ZZ18compute_controller15ControlMemSpacebjRbS0_bS0_S0_RjPKhPhR12ComputeStateS1_R_103, i4 15, i32 %p_ZZ18compute_controller15ControlMemSpacebjRbS0_bS0_S0_RjPKhPhR12ComputeStateS1_R_102, i32 0, i4 %trunc_ln567" [/home/luka/Scripting/ELEC_498-Capstone-LiteLM/HLS-Verilog/Transformer_logic/src-hls/compute_controller.cpp:569]   --->   Operation 30 'sparsemux' 'v' <Predicate = (!icmp_ln567)> <Delay = 0.48> <CoreInst = "BinarySparseMux_DontCare">   --->   Core 149 'BinarySparseMux_DontCare' <Latency = 0> <II = 1> <Delay = 0.48> <FuncUnit> <Opcode : 'sparsemux'> <InPorts = 2> <OutPorts = 1>
ST_1 : Operation 31 [1/1] (0.00ns)   --->   "%byte_addr_assign_9 = bitconcatenate i6 @_ssdm_op_BitConcatenate.i6.i4.i2, i4 %trunc_ln567, i2 0" [/home/luka/Scripting/ELEC_498-Capstone-LiteLM/HLS-Verilog/Transformer_logic/src-hls/compute_controller.cpp:569]   --->   Operation 31 'bitconcatenate' 'byte_addr_assign_9' <Predicate = (!icmp_ln567)> <Delay = 0.00>
ST_1 : Operation 32 [1/1] (0.00ns)   --->   "%trunc_ln622 = trunc i32 %v" [/home/luka/Scripting/ELEC_498-Capstone-LiteLM/HLS-Verilog/Transformer_logic/src-hls/../../top_params.hpp:622->/home/luka/Scripting/ELEC_498-Capstone-LiteLM/HLS-Verilog/Transformer_logic/src-hls/compute_controller.cpp:569]   --->   Operation 32 'trunc' 'trunc_ln622' <Predicate = (!icmp_ln567)> <Delay = 0.00>
ST_1 : Operation 33 [1/1] (0.00ns)   --->   "%zext_ln622 = zext i6 %byte_addr_assign_9" [/home/luka/Scripting/ELEC_498-Capstone-LiteLM/HLS-Verilog/Transformer_logic/src-hls/../../top_params.hpp:622->/home/luka/Scripting/ELEC_498-Capstone-LiteLM/HLS-Verilog/Transformer_logic/src-hls/compute_controller.cpp:569]   --->   Operation 33 'zext' 'zext_ln622' <Predicate = (!icmp_ln567)> <Delay = 0.00>
ST_1 : Operation 34 [1/1] (0.00ns)   --->   "%out_buf_addr_3 = getelementptr i8 %out_buf, i64 0, i64 %zext_ln622" [/home/luka/Scripting/ELEC_498-Capstone-LiteLM/HLS-Verilog/Transformer_logic/src-hls/../../top_params.hpp:622->/home/luka/Scripting/ELEC_498-Capstone-LiteLM/HLS-Verilog/Transformer_logic/src-hls/compute_controller.cpp:569]   --->   Operation 34 'getelementptr' 'out_buf_addr_3' <Predicate = (!icmp_ln567)> <Delay = 0.00>
ST_1 : Operation 35 [1/1] ( I:0.67ns O:0.67ns )   --->   "%store_ln622 = store i8 %trunc_ln622, i6 %out_buf_addr_3" [/home/luka/Scripting/ELEC_498-Capstone-LiteLM/HLS-Verilog/Transformer_logic/src-hls/../../top_params.hpp:622->/home/luka/Scripting/ELEC_498-Capstone-LiteLM/HLS-Verilog/Transformer_logic/src-hls/compute_controller.cpp:569]   --->   Operation 35 'store' 'store_ln622' <Predicate = (!icmp_ln567)> <Delay = 0.67> <CoreInst = "RAM">   --->   Core 82 'RAM' <Latency = 1> <II = 1> <Delay = 0.67> <Storage> <Opcode : 'load' 'store'> <Ports = 2> <Width = 8> <Depth = 64> <RAM>
ST_1 : Operation 36 [1/1] (0.00ns)   --->   "%trunc_ln = partselect i8 @_ssdm_op_PartSelect.i8.i32.i32.i32, i32 %v, i32 8, i32 15" [/home/luka/Scripting/ELEC_498-Capstone-LiteLM/HLS-Verilog/Transformer_logic/src-hls/../../top_params.hpp:623->/home/luka/Scripting/ELEC_498-Capstone-LiteLM/HLS-Verilog/Transformer_logic/src-hls/compute_controller.cpp:569]   --->   Operation 36 'partselect' 'trunc_ln' <Predicate = (!icmp_ln567)> <Delay = 0.00>
ST_1 : Operation 37 [1/1] (0.00ns)   --->   "%or_ln6 = bitconcatenate i6 @_ssdm_op_BitConcatenate.i6.i4.i2, i4 %trunc_ln567, i2 1" [/home/luka/Scripting/ELEC_498-Capstone-LiteLM/HLS-Verilog/Transformer_logic/src-hls/../../top_params.hpp:623->/home/luka/Scripting/ELEC_498-Capstone-LiteLM/HLS-Verilog/Transformer_logic/src-hls/compute_controller.cpp:569]   --->   Operation 37 'bitconcatenate' 'or_ln6' <Predicate = (!icmp_ln567)> <Delay = 0.00>
ST_1 : Operation 38 [1/1] (0.00ns)   --->   "%zext_ln623 = zext i6 %or_ln6" [/home/luka/Scripting/ELEC_498-Capstone-LiteLM/HLS-Verilog/Transformer_logic/src-hls/../../top_params.hpp:623->/home/luka/Scripting/ELEC_498-Capstone-LiteLM/HLS-Verilog/Transformer_logic/src-hls/compute_controller.cpp:569]   --->   Operation 38 'zext' 'zext_ln623' <Predicate = (!icmp_ln567)> <Delay = 0.00>
ST_1 : Operation 39 [1/1] (0.00ns)   --->   "%out_buf_addr_4 = getelementptr i8 %out_buf, i64 0, i64 %zext_ln623" [/home/luka/Scripting/ELEC_498-Capstone-LiteLM/HLS-Verilog/Transformer_logic/src-hls/../../top_params.hpp:623->/home/luka/Scripting/ELEC_498-Capstone-LiteLM/HLS-Verilog/Transformer_logic/src-hls/compute_controller.cpp:569]   --->   Operation 39 'getelementptr' 'out_buf_addr_4' <Predicate = (!icmp_ln567)> <Delay = 0.00>
ST_1 : Operation 40 [1/1] ( I:0.67ns O:0.67ns )   --->   "%store_ln623 = store i8 %trunc_ln, i6 %out_buf_addr_4" [/home/luka/Scripting/ELEC_498-Capstone-LiteLM/HLS-Verilog/Transformer_logic/src-hls/../../top_params.hpp:623->/home/luka/Scripting/ELEC_498-Capstone-LiteLM/HLS-Verilog/Transformer_logic/src-hls/compute_controller.cpp:569]   --->   Operation 40 'store' 'store_ln623' <Predicate = (!icmp_ln567)> <Delay = 0.67> <CoreInst = "RAM">   --->   Core 82 'RAM' <Latency = 1> <II = 1> <Delay = 0.67> <Storage> <Opcode : 'load' 'store'> <Ports = 2> <Width = 8> <Depth = 64> <RAM>
ST_1 : Operation 41 [1/1] (0.00ns)   --->   "%trunc_ln1 = partselect i8 @_ssdm_op_PartSelect.i8.i32.i32.i32, i32 %v, i32 16, i32 23" [/home/luka/Scripting/ELEC_498-Capstone-LiteLM/HLS-Verilog/Transformer_logic/src-hls/../../top_params.hpp:624->/home/luka/Scripting/ELEC_498-Capstone-LiteLM/HLS-Verilog/Transformer_logic/src-hls/compute_controller.cpp:569]   --->   Operation 41 'partselect' 'trunc_ln1' <Predicate = (!icmp_ln567)> <Delay = 0.00>
ST_1 : Operation 42 [1/1] (0.00ns)   --->   "%trunc_ln2 = partselect i8 @_ssdm_op_PartSelect.i8.i32.i32.i32, i32 %v, i32 24, i32 31" [/home/luka/Scripting/ELEC_498-Capstone-LiteLM/HLS-Verilog/Transformer_logic/src-hls/../../top_params.hpp:625->/home/luka/Scripting/ELEC_498-Capstone-LiteLM/HLS-Verilog/Transformer_logic/src-hls/compute_controller.cpp:569]   --->   Operation 42 'partselect' 'trunc_ln2' <Predicate = (!icmp_ln567)> <Delay = 0.00>
ST_1 : Operation 43 [1/1] (0.42ns)   --->   "%store_ln567 = store i5 %add_ln567, i5 %i" [/home/luka/Scripting/ELEC_498-Capstone-LiteLM/HLS-Verilog/Transformer_logic/src-hls/compute_controller.cpp:567]   --->   Operation 43 'store' 'store_ln567' <Predicate = (!icmp_ln567)> <Delay = 0.42>
ST_1 : Operation 56 [1/1] (0.42ns)   --->   "%ret_ln0 = ret"   --->   Operation 56 'ret' 'ret_ln0' <Predicate = (icmp_ln567)> <Delay = 0.42>

State 2 <SV = 1> <Delay = 0.67>
ST_2 : Operation 44 [1/1] (0.00ns)   --->   "%specpipeline_ln568 = specpipeline void @_ssdm_op_SpecPipeline, i32 1, i32 0, i32 0, i32 0, void @empty_21" [/home/luka/Scripting/ELEC_498-Capstone-LiteLM/HLS-Verilog/Transformer_logic/src-hls/compute_controller.cpp:568]   --->   Operation 44 'specpipeline' 'specpipeline_ln568' <Predicate = true> <Delay = 0.00>
ST_2 : Operation 45 [1/1] (0.00ns)   --->   "%speclooptripcount_ln567 = speclooptripcount void @_ssdm_op_SpecLoopTripCount, i64 16, i64 16, i64 16" [/home/luka/Scripting/ELEC_498-Capstone-LiteLM/HLS-Verilog/Transformer_logic/src-hls/compute_controller.cpp:567]   --->   Operation 45 'speclooptripcount' 'speclooptripcount_ln567' <Predicate = true> <Delay = 0.00>
ST_2 : Operation 46 [1/1] (0.00ns)   --->   "%specloopname_ln567 = specloopname void @_ssdm_op_SpecLoopName, void @empty_24" [/home/luka/Scripting/ELEC_498-Capstone-LiteLM/HLS-Verilog/Transformer_logic/src-hls/compute_controller.cpp:567]   --->   Operation 46 'specloopname' 'specloopname_ln567' <Predicate = true> <Delay = 0.00>
ST_2 : Operation 47 [1/1] (0.00ns)   --->   "%or_ln7 = bitconcatenate i6 @_ssdm_op_BitConcatenate.i6.i4.i2, i4 %trunc_ln567, i2 2" [/home/luka/Scripting/ELEC_498-Capstone-LiteLM/HLS-Verilog/Transformer_logic/src-hls/../../top_params.hpp:624->/home/luka/Scripting/ELEC_498-Capstone-LiteLM/HLS-Verilog/Transformer_logic/src-hls/compute_controller.cpp:569]   --->   Operation 47 'bitconcatenate' 'or_ln7' <Predicate = true> <Delay = 0.00>
ST_2 : Operation 48 [1/1] (0.00ns)   --->   "%zext_ln624 = zext i6 %or_ln7" [/home/luka/Scripting/ELEC_498-Capstone-LiteLM/HLS-Verilog/Transformer_logic/src-hls/../../top_params.hpp:624->/home/luka/Scripting/ELEC_498-Capstone-LiteLM/HLS-Verilog/Transformer_logic/src-hls/compute_controller.cpp:569]   --->   Operation 48 'zext' 'zext_ln624' <Predicate = true> <Delay = 0.00>
ST_2 : Operation 49 [1/1] (0.00ns)   --->   "%out_buf_addr_5 = getelementptr i8 %out_buf, i64 0, i64 %zext_ln624" [/home/luka/Scripting/ELEC_498-Capstone-LiteLM/HLS-Verilog/Transformer_logic/src-hls/../../top_params.hpp:624->/home/luka/Scripting/ELEC_498-Capstone-LiteLM/HLS-Verilog/Transformer_logic/src-hls/compute_controller.cpp:569]   --->   Operation 49 'getelementptr' 'out_buf_addr_5' <Predicate = true> <Delay = 0.00>
ST_2 : Operation 50 [1/1] ( I:0.67ns O:0.67ns )   --->   "%store_ln624 = store i8 %trunc_ln1, i6 %out_buf_addr_5" [/home/luka/Scripting/ELEC_498-Capstone-LiteLM/HLS-Verilog/Transformer_logic/src-hls/../../top_params.hpp:624->/home/luka/Scripting/ELEC_498-Capstone-LiteLM/HLS-Verilog/Transformer_logic/src-hls/compute_controller.cpp:569]   --->   Operation 50 'store' 'store_ln624' <Predicate = true> <Delay = 0.67> <CoreInst = "RAM">   --->   Core 82 'RAM' <Latency = 1> <II = 1> <Delay = 0.67> <Storage> <Opcode : 'load' 'store'> <Ports = 2> <Width = 8> <Depth = 64> <RAM>
ST_2 : Operation 51 [1/1] (0.00ns)   --->   "%or_ln8 = bitconcatenate i6 @_ssdm_op_BitConcatenate.i6.i4.i2, i4 %trunc_ln567, i2 3" [/home/luka/Scripting/ELEC_498-Capstone-LiteLM/HLS-Verilog/Transformer_logic/src-hls/../../top_params.hpp:625->/home/luka/Scripting/ELEC_498-Capstone-LiteLM/HLS-Verilog/Transformer_logic/src-hls/compute_controller.cpp:569]   --->   Operation 51 'bitconcatenate' 'or_ln8' <Predicate = true> <Delay = 0.00>
ST_2 : Operation 52 [1/1] (0.00ns)   --->   "%zext_ln625 = zext i6 %or_ln8" [/home/luka/Scripting/ELEC_498-Capstone-LiteLM/HLS-Verilog/Transformer_logic/src-hls/../../top_params.hpp:625->/home/luka/Scripting/ELEC_498-Capstone-LiteLM/HLS-Verilog/Transformer_logic/src-hls/compute_controller.cpp:569]   --->   Operation 52 'zext' 'zext_ln625' <Predicate = true> <Delay = 0.00>
ST_2 : Operation 53 [1/1] (0.00ns)   --->   "%out_buf_addr = getelementptr i8 %out_buf, i64 0, i64 %zext_ln625" [/home/luka/Scripting/ELEC_498-Capstone-LiteLM/HLS-Verilog/Transformer_logic/src-hls/../../top_params.hpp:625->/home/luka/Scripting/ELEC_498-Capstone-LiteLM/HLS-Verilog/Transformer_logic/src-hls/compute_controller.cpp:569]   --->   Operation 53 'getelementptr' 'out_buf_addr' <Predicate = true> <Delay = 0.00>
ST_2 : Operation 54 [1/1] ( I:0.67ns O:0.67ns )   --->   "%store_ln625 = store i8 %trunc_ln2, i6 %out_buf_addr" [/home/luka/Scripting/ELEC_498-Capstone-LiteLM/HLS-Verilog/Transformer_logic/src-hls/../../top_params.hpp:625->/home/luka/Scripting/ELEC_498-Capstone-LiteLM/HLS-Verilog/Transformer_logic/src-hls/compute_controller.cpp:569]   --->   Operation 54 'store' 'store_ln625' <Predicate = true> <Delay = 0.67> <CoreInst = "RAM">   --->   Core 82 'RAM' <Latency = 1> <II = 1> <Delay = 0.67> <Storage> <Opcode : 'load' 'store'> <Ports = 2> <Width = 8> <Depth = 64> <RAM>
ST_2 : Operation 55 [1/1] (0.00ns)   --->   "%br_ln567 = br void %for.inc417" [/home/luka/Scripting/ELEC_498-Capstone-LiteLM/HLS-Verilog/Transformer_logic/src-hls/compute_controller.cpp:567]   --->   Operation 55 'br' 'br_ln567' <Predicate = true> <Delay = 0.00>


============================================================
+ Verbose Summary: Timing violations
============================================================
Target clock period: 10.000ns, clock uncertainty: 2.700ns.

 <State 1>: 1.893ns
The critical path consists of the following:
	'store' operation 0 bit ('store_ln567', /home/luka/Scripting/ELEC_498-Capstone-LiteLM/HLS-Verilog/Transformer_logic/src-hls/compute_controller.cpp:567) of constant 0 on local variable 'i', /home/luka/Scripting/ELEC_498-Capstone-LiteLM/HLS-Verilog/Transformer_logic/src-hls/compute_controller.cpp:567 [36]  (0.427 ns)
	'load' operation 5 bit ('i', /home/luka/Scripting/ELEC_498-Capstone-LiteLM/HLS-Verilog/Transformer_logic/src-hls/compute_controller.cpp:567) on local variable 'i', /home/luka/Scripting/ELEC_498-Capstone-LiteLM/HLS-Verilog/Transformer_logic/src-hls/compute_controller.cpp:567 [39]  (0.000 ns)
	'icmp' operation 1 bit ('icmp_ln567', /home/luka/Scripting/ELEC_498-Capstone-LiteLM/HLS-Verilog/Transformer_logic/src-hls/compute_controller.cpp:567) [40]  (0.789 ns)
	'store' operation 0 bit ('store_ln622', /home/luka/Scripting/ELEC_498-Capstone-LiteLM/HLS-Verilog/Transformer_logic/src-hls/../../top_params.hpp:622->/home/luka/Scripting/ELEC_498-Capstone-LiteLM/HLS-Verilog/Transformer_logic/src-hls/compute_controller.cpp:569) of variable 'trunc_ln622', /home/luka/Scripting/ELEC_498-Capstone-LiteLM/HLS-Verilog/Transformer_logic/src-hls/../../top_params.hpp:622->/home/luka/Scripting/ELEC_498-Capstone-LiteLM/HLS-Verilog/Transformer_logic/src-hls/compute_controller.cpp:569 on array 'out_buf' [53]  (0.677 ns)

 <State 2>: 0.677ns
The critical path consists of the following:
	'getelementptr' operation 6 bit ('out_buf_addr_5', /home/luka/Scripting/ELEC_498-Capstone-LiteLM/HLS-Verilog/Transformer_logic/src-hls/../../top_params.hpp:624->/home/luka/Scripting/ELEC_498-Capstone-LiteLM/HLS-Verilog/Transformer_logic/src-hls/compute_controller.cpp:569) [62]  (0.000 ns)
	'store' operation 0 bit ('store_ln624', /home/luka/Scripting/ELEC_498-Capstone-LiteLM/HLS-Verilog/Transformer_logic/src-hls/../../top_params.hpp:624->/home/luka/Scripting/ELEC_498-Capstone-LiteLM/HLS-Verilog/Transformer_logic/src-hls/compute_controller.cpp:569) of variable 'trunc_ln1', /home/luka/Scripting/ELEC_498-Capstone-LiteLM/HLS-Verilog/Transformer_logic/src-hls/../../top_params.hpp:624->/home/luka/Scripting/ELEC_498-Capstone-LiteLM/HLS-Verilog/Transformer_logic/src-hls/compute_controller.cpp:569 on array 'out_buf' [63]  (0.677 ns)


============================================================
+ Verbose Summary: Binding
============================================================
N/A
* FSMD analyzer results:
  - Output states:
 - Input state : 
  - Chain level:
	State 1
	State 2


============================================================
+ Verbose Summary: Datapath Resource usage 
============================================================
N/A
