

================================================================
== Vitis HLS Report for 'compute_controller_Pipeline_VITIS_LOOP_567_24'
================================================================
* Date:           Tue Feb  3 19:41:29 2026

* Version:        2025.1 (Build 6135595 on May 21 2025)
* Project:        transformer_top
* Solution:       hls (Vivado IP Flow Target)
* Product family: zynquplus
* Target device:  xck26-sfvc784-2LV-c


================================================================
== Performance Estimates
================================================================
+ Timing: 
    * Summary: 
    +--------+----------+----------+------------+
    |  Clock |  Target  | Estimated| Uncertainty|
    +--------+----------+----------+------------+
    |ap_clk  |  10.00 ns|  1.893 ns|     2.70 ns|
    +--------+----------+----------+------------+

+ Latency: 
    * Summary: 
    +---------+---------+----------+----------+-----+-----+------------------------------------------------+
    |  Latency (cycles) |  Latency (absolute) |  Interval |                    Pipeline                    |
    |   min   |   max   |    min   |    max   | min | max |                      Type                      |
    +---------+---------+----------+----------+-----+-----+------------------------------------------------+
    |       34|       34|  0.340 us|  0.340 us|   33|   33|  loop auto-rewind stp (delay=0 clock cycles(s))|
    +---------+---------+----------+----------+-----+-----+------------------------------------------------+

    + Detail: 
        * Instance: 
        N/A

        * Loop: 
        +---------------------+---------+---------+----------+-----------+-----------+------+----------+
        |                     |  Latency (cycles) | Iteration|  Initiation Interval  | Trip |          |
        |      Loop Name      |   min   |   max   |  Latency |  achieved |   target  | Count| Pipelined|
        +---------------------+---------+---------+----------+-----------+-----------+------+----------+
        |- VITIS_LOOP_567_24  |       32|       32|         2|          2|          1|    16|       yes|
        +---------------------+---------+---------+----------+-----------+-----------+------+----------+

============================================================
+ Verbose Summary: Synthesis Manager
============================================================
InlineROM: 1
ExposeGlobal: 0
============================================================
+ Verbose Summary: CDFG Model
============================================================
IsTopModel: 0
ResetActiveHigh: 1
IsCombinational: 0
IsDatapathOnly: 0
HasWiredReturn: 1
HasMFsm: 2
HasVarLatency: 1
IsPipeline: 0
IsRtlPipelined: 0
IsInstanceOverlapped: 0
IsDontTouch: 0
HasImplIP: 0
IsGatedGlobalClock: 0

+ Individual pipeline summary: 
  * Pipeline-0: initiation interval (II) = 2, depth = 2


============================================================
+ Verbose Summary: Schedule
============================================================
* Number of FSM states : 2
* Pipeline : 1
  Pipeline-0 : II = 2, D = 2, States = { 1 2 }
* Dataflow Pipeline: 0

* FSM state transitions: 
1 --> 2 
2 --> 

* FSM state operations: 

State 1 <SV = 0> <Delay = 1.89>
ST_1 : Operation 5 [1/1] (0.00ns)   --->   "%i = alloca i32 1" [/home/luka/Scripting/ELEC_498-Capstone-LiteLM/HLS-Verilog/Transformer_logic/src-hls/compute_controller.cpp:567]   --->   Operation 5 'alloca' 'i' <Predicate = true> <Delay = 0.00>
ST_1 : Operation 6 [1/1] (0.00ns)   --->   "%specinterface_ln0 = specinterface void @_ssdm_op_SpecInterface, i8 %out_buf, void @empty_12, i32 0, i32 0, void @empty_21, i32 4294967295, i32 0, void @empty_21, void @empty_21, void @empty_21, i32 0, i32 0, i32 0, i32 0, void @empty_21, void @empty_21, i32 4294967295, i32 0, i32 0"   --->   Operation 6 'specinterface' 'specinterface_ln0' <Predicate = true> <Delay = 0.00>
ST_1 : Operation 7 [1/1] (0.00ns)   --->   "%p_ZZ18compute_controller15ControlMemSpacebjRbS0_bS0_S0_RjPKhPhR12ComputeStateS1_R_102 = read i32 @_ssdm_op_Read.ap_auto.i32, i32 %p_ZZ18compute_controller15ControlMemSpacebjRbS0_bS0_S0_RjPKhPhR12ComputeStateS1_R_89"   --->   Operation 7 'read' 'p_ZZ18compute_controller15ControlMemSpacebjRbS0_bS0_S0_RjPKhPhR12ComputeStateS1_R_102' <Predicate = true> <Delay = 0.00>
ST_1 : Operation 8 [1/1] (0.00ns)   --->   "%p_ZZ18compute_controller15ControlMemSpacebjRbS0_bS0_S0_RjPKhPhR12ComputeStateS1_R_103 = read i32 @_ssdm_op_Read.ap_auto.i32, i32 %p_ZZ18compute_controller15ControlMemSpacebjRbS0_bS0_S0_RjPKhPhR12ComputeStateS1_R_88"   --->   Operation 8 'read' 'p_ZZ18compute_controller15ControlMemSpacebjRbS0_bS0_S0_RjPKhPhR12ComputeStateS1_R_103' <Predicate = true> <Delay = 0.00>
ST_1 : Operation 9 [1/1] (0.00ns)   --->   "%p_ZZ18compute_controller15ControlMemSpacebjRbS0_bS0_S0_RjPKhPhR12ComputeStateS1_R_104 = read i32 @_ssdm_op_Read.ap_auto.i32, i32 %p_ZZ18compute_controller15ControlMemSpacebjRbS0_bS0_S0_RjPKhPhR12ComputeStateS1_R_87"   --->   Operation 9 'read' 'p_ZZ18compute_controller15ControlMemSpacebjRbS0_bS0_S0_RjPKhPhR12ComputeStateS1_R_104' <Predicate = true> <Delay = 0.00>
ST_1 : Operation 10 [1/1] (0.00ns)   --->   "%p_ZZ18compute_controller15ControlMemSpacebjRbS0_bS0_S0_RjPKhPhR12ComputeStateS1_R_105 = read i32 @_ssdm_op_Read.ap_auto.i32, i32 %p_ZZ18compute_controller15ControlMemSpacebjRbS0_bS0_S0_RjPKhPhR12ComputeStateS1_R_86"   --->   Operation 10 'read' 'p_ZZ18compute_controller15ControlMemSpacebjRbS0_bS0_S0_RjPKhPhR12ComputeStateS1_R_105' <Predicate = true> <Delay = 0.00>
ST_1 : Operation 11 [1/1] (0.00ns)   --->   "%p_ZZ18compute_controller15ControlMemSpacebjRbS0_bS0_S0_RjPKhPhR12ComputeStateS1_R_106 = read i32 @_ssdm_op_Read.ap_auto.i32, i32 %p_ZZ18compute_controller15ControlMemSpacebjRbS0_bS0_S0_RjPKhPhR12ComputeStateS1_R_85"   --->   Operation 11 'read' 'p_ZZ18compute_controller15ControlMemSpacebjRbS0_bS0_S0_RjPKhPhR12ComputeStateS1_R_106' <Predicate = true> <Delay = 0.00>
ST_1 : Operation 12 [1/1] (0.00ns)   --->   "%p_ZZ18compute_controller15ControlMemSpacebjRbS0_bS0_S0_RjPKhPhR12ComputeStateS1_R_107 = read i32 @_ssdm_op_Read.ap_auto.i32, i32 %p_ZZ18compute_controller15ControlMemSpacebjRbS0_bS0_S0_RjPKhPhR12ComputeStateS1_R_84"   --->   Operation 12 'read' 'p_ZZ18compute_controller15ControlMemSpacebjRbS0_bS0_S0_RjPKhPhR12ComputeStateS1_R_107' <Predicate = true> <Delay = 0.00>
ST_1 : Operation 13 [1/1] (0.00ns)   --->   "%compute_controller_ControlMemSpace_bool_unsigned_int_bool_bool_bool_bool_243 = read i32 @_ssdm_op_Read.ap_auto.i32, i32 %compute_controller_ControlMemSpace_bool_unsigned_int_bool_bool_bool_bool_172"   --->   Operation 13 'read' 'compute_controller_ControlMemSpace_bool_unsigned_int_bool_bool_bool_bool_243' <Predicate = true> <Delay = 0.00>
ST_1 : Operation 14 [1/1] (0.00ns)   --->   "%compute_controller_ControlMemSpace_bool_unsigned_int_bool_bool_bool_bool_244 = read i32 @_ssdm_op_Read.ap_auto.i32, i32 %compute_controller_ControlMemSpace_bool_unsigned_int_bool_bool_bool_bool_171"   --->   Operation 14 'read' 'compute_controller_ControlMemSpace_bool_unsigned_int_bool_bool_bool_bool_244' <Predicate = true> <Delay = 0.00>
ST_1 : Operation 15 [1/1] (0.00ns)   --->   "%compute_controller_ControlMemSpace_bool_unsigned_int_bool_bool_bool_bool_245 = read i32 @_ssdm_op_Read.ap_auto.i32, i32 %compute_controller_ControlMemSpace_bool_unsigned_int_bool_bool_bool_bool_170"   --->   Operation 15 'read' 'compute_controller_ControlMemSpace_bool_unsigned_int_bool_bool_bool_bool_245' <Predicate = true> <Delay = 0.00>
ST_1 : Operation 16 [1/1] (0.00ns)   --->   "%compute_controller_ControlMemSpace_bool_unsigned_int_bool_bool_bool_bool_246 = read i32 @_ssdm_op_Read.ap_auto.i32, i32 %compute_controller_ControlMemSpace_bool_unsigned_int_bool_bool_bool_bool_169"   --->   Operation 16 'read' 'compute_controller_ControlMemSpace_bool_unsigned_int_bool_bool_bool_bool_246' <Predicate = true> <Delay = 0.00>
ST_1 : Operation 17 [1/1] (0.00ns)   --->   "%compute_controller_ControlMemSpace_bool_unsigned_int_bool_bool_bool_bool_247 = read i32 @_ssdm_op_Read.ap_auto.i32, i32 %compute_controller_ControlMemSpace_bool_unsigned_int_bool_bool_bool_bool_168"   --->   Operation 17 'read' 'compute_controller_ControlMemSpace_bool_unsigned_int_bool_bool_bool_bool_247' <Predicate = true> <Delay = 0.00>
ST_1 : Operation 18 [1/1] (0.00ns)   --->   "%compute_controller_ControlMemSpace_bool_unsigned_int_bool_bool_bool_bool_248 = read i32 @_ssdm_op_Read.ap_auto.i32, i32 %compute_controller_ControlMemSpace_bool_unsigned_int_bool_bool_bool_bool_167"   --->   Operation 18 'read' 'compute_controller_ControlMemSpace_bool_unsigned_int_bool_bool_bool_bool_248' <Predicate = true> <Delay = 0.00>
ST_1 : Operation 19 [1/1] (0.00ns)   --->   "%compute_controller_ControlMemSpace_bool_unsigned_int_bool_bool_bool_bool_249 = read i32 @_ssdm_op_Read.ap_auto.i32, i32 %compute_controller_ControlMemSpace_bool_unsigned_int_bool_bool_bool_bool_166"   --->   Operation 19 'read' 'compute_controller_ControlMemSpace_bool_unsigned_int_bool_bool_bool_bool_249' <Predicate = true> <Delay = 0.00>
ST_1 : Operation 20 [1/1] (0.00ns)   --->   "%compute_controller_ControlMemSpace_bool_unsigned_int_bool_bool_bool_bool_250 = read i32 @_ssdm_op_Read.ap_auto.i32, i32 %compute_controller_ControlMemSpace_bool_unsigned_int_bool_bool_bool_bool_165"   --->   Operation 20 'read' 'compute_controller_ControlMemSpace_bool_unsigned_int_bool_bool_bool_bool_250' <Predicate = true> <Delay = 0.00>
ST_1 : Operation 21 [1/1] (0.00ns)   --->   "%compute_controller_ControlMemSpace_bool_unsigned_int_bool_bool_bool_bool_251 = read i32 @_ssdm_op_Read.ap_auto.i32, i32 %compute_controller_ControlMemSpace_bool_unsigned_int_bool_bool_bool_bool_164"   --->   Operation 21 'read' 'compute_controller_ControlMemSpace_bool_unsigned_int_bool_bool_bool_bool_251' <Predicate = true> <Delay = 0.00>
ST_1 : Operation 22 [1/1] (0.00ns)   --->   "%compute_controller_ControlMemSpace_bool_unsigned_int_bool_bool_bool_bool_252 = read i32 @_ssdm_op_Read.ap_auto.i32, i32 %compute_controller_ControlMemSpace_bool_unsigned_int_bool_bool_bool_bool_163"   --->   Operation 22 'read' 'compute_controller_ControlMemSpace_bool_unsigned_int_bool_bool_bool_bool_252' <Predicate = true> <Delay = 0.00>
ST_1 : Operation 23 [1/1] (0.42ns)   --->   "%store_ln567 = store i5 0, i5 %i" [/home/luka/Scripting/ELEC_498-Capstone-LiteLM/HLS-Verilog/Transformer_logic/src-hls/compute_controller.cpp:567]   --->   Operation 23 'store' 'store_ln567' <Predicate = true> <Delay = 0.42>
ST_1 : Operation 24 [1/1] (0.00ns)   --->   "%br_ln0 = br void %for.inc417"   --->   Operation 24 'br' 'br_ln0' <Predicate = true> <Delay = 0.00>
ST_1 : Operation 25 [1/1] (0.00ns)   --->   "%i_9 = load i5 %i" [/home/luka/Scripting/ELEC_498-Capstone-LiteLM/HLS-Verilog/Transformer_logic/src-hls/compute_controller.cpp:567]   --->   Operation 25 'load' 'i_9' <Predicate = true> <Delay = 0.00>
ST_1 : Operation 26 [1/1] (0.78ns)   --->   "%icmp_ln567 = icmp_eq  i5 %i_9, i5 16" [/home/luka/Scripting/ELEC_498-Capstone-LiteLM/HLS-Verilog/Transformer_logic/src-hls/compute_controller.cpp:567]   --->   Operation 26 'icmp' 'icmp_ln567' <Predicate = true> <Delay = 0.78> <CoreInst = "Cmp">   --->   Core 9 'Cmp' <Latency = 0> <II = 1> <Delay = 0.78> <FuncUnit> <Opcode : 'seteq' 'setne' 'setle' 'setge' 'setlt' 'setgt'> <InPorts = 2> <OutPorts = 1>
ST_1 : Operation 27 [1/1] (0.78ns)   --->   "%add_ln567 = add i5 %i_9, i5 1" [/home/luka/Scripting/ELEC_498-Capstone-LiteLM/HLS-Verilog/Transformer_logic/src-hls/compute_controller.cpp:567]   --->   Operation 27 'add' 'add_ln567' <Predicate = true> <Delay = 0.78> <CoreInst = "Adder">   --->   Core 1 'Adder' <Latency = 0> <II = 1> <Delay = 0.78> <FuncUnit> <Opcode : 'add' 'sub'> <InPorts = 2> <OutPorts = 1>
ST_1 : Operation 28 [1/1] (0.00ns)   --->   "%br_ln567 = br i1 %icmp_ln567, void %for.inc417.split, void %sw.epilog.loopexit4759.exitStub" [/home/luka/Scripting/ELEC_498-Capstone-LiteLM/HLS-Verilog/Transformer_logic/src-hls/compute_controller.cpp:567]   --->   Operation 28 'br' 'br_ln567' <Predicate = true> <Delay = 0.00>
ST_1 : Operation 29 [1/1] (0.00ns)   --->   "%trunc_ln567 = trunc i5 %i_9" [/home/luka/Scripting/ELEC_498-Capstone-LiteLM/HLS-Verilog/Transformer_logic/src-hls/compute_controller.cpp:567]   --->   Operation 29 'trunc' 'trunc_ln567' <Predicate = (!icmp_ln567)> <Delay = 0.00>
ST_1 : Operation 30 [1/1] (0.48ns)   --->   "%v = sparsemux i32 @_ssdm_op_SparseMux.ap_auto.16i32.i32.i4, i4 0, i32 %compute_controller_ControlMemSpace_bool_unsigned_int_bool_bool_bool_bool_252, i4 1, i32 %compute_controller_ControlMemSpace_bool_unsigned_int_bool_bool_bool_bool_251, i4 2, i32 %compute_controller_ControlMemSpace_bool_unsigned_int_bool_bool_bool_bool_250, i4 3, i32 %compute_controller_ControlMemSpace_bool_unsigned_int_bool_bool_bool_bool_249, i4 4, i32 %compute_controller_ControlMemSpace_bool_unsigned_int_bool_bool_bool_bool_248, i4 5, i32 %compute_controller_ControlMemSpace_bool_unsigned_int_bool_bool_bool_bool_247, i4 6, i32 %compute_controller_ControlMemSpace_bool_unsigned_int_bool_bool_bool_bool_246, i4 7, i32 %compute_controller_ControlMemSpace_bool_unsigned_int_bool_bool_bool_bool_245, i4 8, i32 %compute_controller_ControlMemSpace_bool_unsigned_int_bool_bool_bool_bool_244, i4 9, i32 %compute_controller_ControlMemSpace_bool_unsigned_int_bool_bool_bool_bool_243, i4 10, i32 %p_ZZ18compute_controller15ControlMemSpacebjRbS0_bS0_S0_RjPKhPhR12ComputeStateS1_R_107, i4 11, i32 %p_ZZ18compute_controller15ControlMemSpacebjRbS0_bS0_S0_RjPKhPhR12ComputeStateS1_R_106, i4 12, i32 %p_ZZ18compute_controller15ControlMemSpacebjRbS0_bS0_S0_RjPKhPhR12ComputeStateS1_R_105, i4 13, i32 %p_ZZ18compute_controller15ControlMemSpacebjRbS0_bS0_S0_RjPKhPhR12ComputeStateS1_R_104, i4 14, i32 %p_ZZ18compute_controller15ControlMemSpacebjRbS0_bS0_S0_RjPKhPhR12ComputeStateS1_R_103, i4 15, i32 %p_ZZ18compute_controller15ControlMemSpacebjRbS0_bS0_S0_RjPKhPhR12ComputeStateS1_R_102, i32 0, i4 %trunc_ln567" [/home/luka/Scripting/ELEC_498-Capstone-LiteLM/HLS-Verilog/Transformer_logic/src-hls/compute_controller.cpp:569]   --->   Operation 30 'sparsemux' 'v' <Predicate = (!icmp_ln567)> <Delay = 0.48> <CoreInst = "BinarySparseMux_DontCare">   --->   Core 149 'BinarySparseMux_DontCare' <Latency = 0> <II = 1> <Delay = 0.48> <FuncUnit> <Opcode : 'sparsemux'> <InPorts = 2> <OutPorts = 1>
ST_1 : Operation 31 [1/1] (0.00ns)   --->   "%byte_addr_assign_9 = bitconcatenate i6 @_ssdm_op_BitConcatenate.i6.i4.i2, i4 %trunc_ln567, i2 0" [/home/luka/Scripting/ELEC_498-Capstone-LiteLM/HLS-Verilog/Transformer_logic/src-hls/compute_controller.cpp:569]   --->   Operation 31 'bitconcatenate' 'byte_addr_assign_9' <Predicate = (!icmp_ln567)> <Delay = 0.00>
ST_1 : Operation 32 [1/1] (0.00ns)   --->   "%trunc_ln622 = trunc i32 %v" [/home/luka/Scripting/ELEC_498-Capstone-LiteLM/HLS-Verilog/Transformer_logic/src-hls/../../top_params.hpp:622->/home/luka/Scripting/ELEC_498-Capstone-LiteLM/HLS-Verilog/Transformer_logic/src-hls/compute_controller.cpp:569]   --->   Operation 32 'trunc' 'trunc_ln622' <Predicate = (!icmp_ln567)> <Delay = 0.00>
ST_1 : Operation 33 [1/1] (0.00ns)   --->   "%zext_ln622 = zext i6 %byte_addr_assign_9" [/home/luka/Scripting/ELEC_498-Capstone-LiteLM/HLS-Verilog/Transformer_logic/src-hls/../../top_params.hpp:622->/home/luka/Scripting/ELEC_498-Capstone-LiteLM/HLS-Verilog/Transformer_logic/src-hls/compute_controller.cpp:569]   --->   Operation 33 'zext' 'zext_ln622' <Predicate = (!icmp_ln567)> <Delay = 0.00>
ST_1 : Operation 34 [1/1] (0.00ns)   --->   "%out_buf_addr_3 = getelementptr i8 %out_buf, i64 0, i64 %zext_ln622" [/home/luka/Scripting/ELEC_498-Capstone-LiteLM/HLS-Verilog/Transformer_logic/src-hls/../../top_params.hpp:622->/home/luka/Scripting/ELEC_498-Capstone-LiteLM/HLS-Verilog/Transformer_logic/src-hls/compute_controller.cpp:569]   --->   Operation 34 'getelementptr' 'out_buf_addr_3' <Predicate = (!icmp_ln567)> <Delay = 0.00>
ST_1 : Operation 35 [1/1] ( I:0.67ns O:0.67ns )   --->   "%store_ln622 = store i8 %trunc_ln622, i6 %out_buf_addr_3" [/home/luka/Scripting/ELEC_498-Capstone-LiteLM/HLS-Verilog/Transformer_logic/src-hls/../../top_params.hpp:622->/home/luka/Scripting/ELEC_498-Capstone-LiteLM/HLS-Verilog/Transformer_logic/src-hls/compute_controller.cpp:569]   --->   Operation 35 'store' 'store_ln622' <Predicate = (!icmp_ln567)> <Delay = 0.67> <CoreInst = "RAM">   --->   Core 82 'RAM' <Latency = 1> <II = 1> <Delay = 0.67> <Storage> <Opcode : 'load' 'store'> <Ports = 2> <Width = 8> <Depth = 64> <RAM>
ST_1 : Operation 36 [1/1] (0.00ns)   --->   "%trunc_ln = partselect i8 @_ssdm_op_PartSelect.i8.i32.i32.i32, i32 %v, i32 8, i32 15" [/home/luka/Scripting/ELEC_498-Capstone-LiteLM/HLS-Verilog/Transformer_logic/src-hls/../../top_params.hpp:623->/home/luka/Scripting/ELEC_498-Capstone-LiteLM/HLS-Verilog/Transformer_logic/src-hls/compute_controller.cpp:569]   --->   Operation 36 'partselect' 'trunc_ln' <Predicate = (!icmp_ln567)> <Delay = 0.00>
ST_1 : Operation 37 [1/1] (0.00ns)   --->   "%or_ln6 = bitconcatenate i6 @_ssdm_op_BitConcatenate.i6.i4.i2, i4 %trunc_ln567, i2 1" [/home/luka/Scripting/ELEC_498-Capstone-LiteLM/HLS-Verilog/Transformer_logic/src-hls/../../top_params.hpp:623->/home/luka/Scripting/ELEC_498-Capstone-LiteLM/HLS-Verilog/Transformer_logic/src-hls/compute_controller.cpp:569]   --->   Operation 37 'bitconcatenate' 'or_ln6' <Predicate = (!icmp_ln567)> <Delay = 0.00>
ST_1 : Operation 38 [1/1] (0.00ns)   --->   "%zext_ln623 = zext i6 %or_ln6" [/home/luka/Scripting/ELEC_498-Capstone-LiteLM/HLS-Verilog/Transformer_logic/src-hls/../../top_params.hpp:623->/home/luka/Scripting/ELEC_498-Capstone-LiteLM/HLS-Verilog/Transformer_logic/src-hls/compute_controller.cpp:569]   --->   Operation 38 'zext' 'zext_ln623' <Predicate = (!icmp_ln567)> <Delay = 0.00>
ST_1 : Operation 39 [1/1] (0.00ns)   --->   "%out_buf_addr_4 = getelementptr i8 %out_buf, i64 0, i64 %zext_ln623" [/home/luka/Scripting/ELEC_498-Capstone-LiteLM/HLS-Verilog/Transformer_logic/src-hls/../../top_params.hpp:623->/home/luka/Scripting/ELEC_498-Capstone-LiteLM/HLS-Verilog/Transformer_logic/src-hls/compute_controller.cpp:569]   --->   Operation 39 'getelementptr' 'out_buf_addr_4' <Predicate = (!icmp_ln567)> <Delay = 0.00>
ST_1 : Operation 40 [1/1] ( I:0.67ns O:0.67ns )   --->   "%store_ln623 = store i8 %trunc_ln, i6 %out_buf_addr_4" [/home/luka/Scripting/ELEC_498-Capstone-LiteLM/HLS-Verilog/Transformer_logic/src-hls/../../top_params.hpp:623->/home/luka/Scripting/ELEC_498-Capstone-LiteLM/HLS-Verilog/Transformer_logic/src-hls/compute_controller.cpp:569]   --->   Operation 40 'store' 'store_ln623' <Predicate = (!icmp_ln567)> <Delay = 0.67> <CoreInst = "RAM">   --->   Core 82 'RAM' <Latency = 1> <II = 1> <Delay = 0.67> <Storage> <Opcode : 'load' 'store'> <Ports = 2> <Width = 8> <Depth = 64> <RAM>
ST_1 : Operation 41 [1/1] (0.00ns)   --->   "%trunc_ln1 = partselect i8 @_ssdm_op_PartSelect.i8.i32.i32.i32, i32 %v, i32 16, i32 23" [/home/luka/Scripting/ELEC_498-Capstone-LiteLM/HLS-Verilog/Transformer_logic/src-hls/../../top_params.hpp:624->/home/luka/Scripting/ELEC_498-Capstone-LiteLM/HLS-Verilog/Transformer_logic/src-hls/compute_controller.cpp:569]   --->   Operation 41 'partselect' 'trunc_ln1' <Predicate = (!icmp_ln567)> <Delay = 0.00>
ST_1 : Operation 42 [1/1] (0.00ns)   --->   "%trunc_ln2 = partselect i8 @_ssdm_op_PartSelect.i8.i32.i32.i32, i32 %v, i32 24, i32 31" [/home/luka/Scripting/ELEC_498-Capstone-LiteLM/HLS-Verilog/Transformer_logic/src-hls/../../top_params.hpp:625->/home/luka/Scripting/ELEC_498-Capstone-LiteLM/HLS-Verilog/Transformer_logic/src-hls/compute_controller.cpp:569]   --->   Operation 42 'partselect' 'trunc_ln2' <Predicate = (!icmp_ln567)> <Delay = 0.00>
ST_1 : Operation 43 [1/1] (0.42ns)   --->   "%store_ln567 = store i5 %add_ln567, i5 %i" [/home/luka/Scripting/ELEC_498-Capstone-LiteLM/HLS-Verilog/Transformer_logic/src-hls/compute_controller.cpp:567]   --->   Operation 43 'store' 'store_ln567' <Predicate = (!icmp_ln567)> <Delay = 0.42>
ST_1 : Operation 56 [1/1] (0.42ns)   --->   "%ret_ln0 = ret"   --->   Operation 56 'ret' 'ret_ln0' <Predicate = (icmp_ln567)> <Delay = 0.42>

State 2 <SV = 1> <Delay = 0.67>
ST_2 : Operation 44 [1/1] (0.00ns)   --->   "%specpipeline_ln568 = specpipeline void @_ssdm_op_SpecPipeline, i32 1, i32 0, i32 0, i32 0, void @empty_21" [/home/luka/Scripting/ELEC_498-Capstone-LiteLM/HLS-Verilog/Transformer_logic/src-hls/compute_controller.cpp:568]   --->   Operation 44 'specpipeline' 'specpipeline_ln568' <Predicate = true> <Delay = 0.00>
ST_2 : Operation 45 [1/1] (0.00ns)   --->   "%speclooptripcount_ln567 = speclooptripcount void @_ssdm_op_SpecLoopTripCount, i64 16, i64 16, i64 16" [/home/luka/Scripting/ELEC_498-Capstone-LiteLM/HLS-Verilog/Transformer_logic/src-hls/compute_controller.cpp:567]   --->   Operation 45 'speclooptripcount' 'speclooptripcount_ln567' <Predicate = true> <Delay = 0.00>
ST_2 : Operation 46 [1/1] (0.00ns)   --->   "%specloopname_ln567 = specloopname void @_ssdm_op_SpecLoopName, void @empty_24" [/home/luka/Scripting/ELEC_498-Capstone-LiteLM/HLS-Verilog/Transformer_logic/src-hls/compute_controller.cpp:567]   --->   Operation 46 'specloopname' 'specloopname_ln567' <Predicate = true> <Delay = 0.00>
ST_2 : Operation 47 [1/1] (0.00ns)   --->   "%or_ln7 = bitconcatenate i6 @_ssdm_op_BitConcatenate.i6.i4.i2, i4 %trunc_ln567, i2 2" [/home/luka/Scripting/ELEC_498-Capstone-LiteLM/HLS-Verilog/Transformer_logic/src-hls/../../top_params.hpp:624->/home/luka/Scripting/ELEC_498-Capstone-LiteLM/HLS-Verilog/Transformer_logic/src-hls/compute_controller.cpp:569]   --->   Operation 47 'bitconcatenate' 'or_ln7' <Predicate = true> <Delay = 0.00>
ST_2 : Operation 48 [1/1] (0.00ns)   --->   "%zext_ln624 = zext i6 %or_ln7" [/home/luka/Scripting/ELEC_498-Capstone-LiteLM/HLS-Verilog/Transformer_logic/src-hls/../../top_params.hpp:624->/home/luka/Scripting/ELEC_498-Capstone-LiteLM/HLS-Verilog/Transformer_logic/src-hls/compute_controller.cpp:569]   --->   Operation 48 'zext' 'zext_ln624' <Predicate = true> <Delay = 0.00>
ST_2 : Operation 49 [1/1] (0.00ns)   --->   "%out_buf_addr_5 = getelementptr i8 %out_buf, i64 0, i64 %zext_ln624" [/home/luka/Scripting/ELEC_498-Capstone-LiteLM/HLS-Verilog/Transformer_logic/src-hls/../../top_params.hpp:624->/home/luka/Scripting/ELEC_498-Capstone-LiteLM/HLS-Verilog/Transformer_logic/src-hls/compute_controller.cpp:569]   --->   Operation 49 'getelementptr' 'out_buf_addr_5' <Predicate = true> <Delay = 0.00>
ST_2 : Operation 50 [1/1] ( I:0.67ns O:0.67ns )   --->   "%store_ln624 = store i8 %trunc_ln1, i6 %out_buf_addr_5" [/home/luka/Scripting/ELEC_498-Capstone-LiteLM/HLS-Verilog/Transformer_logic/src-hls/../../top_params.hpp:624->/home/luka/Scripting/ELEC_498-Capstone-LiteLM/HLS-Verilog/Transformer_logic/src-hls/compute_controller.cpp:569]   --->   Operation 50 'store' 'store_ln624' <Predicate = true> <Delay = 0.67> <CoreInst = "RAM">   --->   Core 82 'RAM' <Latency = 1> <II = 1> <Delay = 0.67> <Storage> <Opcode : 'load' 'store'> <Ports = 2> <Width = 8> <Depth = 64> <RAM>
ST_2 : Operation 51 [1/1] (0.00ns)   --->   "%or_ln8 = bitconcatenate i6 @_ssdm_op_BitConcatenate.i6.i4.i2, i4 %trunc_ln567, i2 3" [/home/luka/Scripting/ELEC_498-Capstone-LiteLM/HLS-Verilog/Transformer_logic/src-hls/../../top_params.hpp:625->/home/luka/Scripting/ELEC_498-Capstone-LiteLM/HLS-Verilog/Transformer_logic/src-hls/compute_controller.cpp:569]   --->   Operation 51 'bitconcatenate' 'or_ln8' <Predicate = true> <Delay = 0.00>
ST_2 : Operation 52 [1/1] (0.00ns)   --->   "%zext_ln625 = zext i6 %or_ln8" [/home/luka/Scripting/ELEC_498-Capstone-LiteLM/HLS-Verilog/Transformer_logic/src-hls/../../top_params.hpp:625->/home/luka/Scripting/ELEC_498-Capstone-LiteLM/HLS-Verilog/Transformer_logic/src-hls/compute_controller.cpp:569]   --->   Operation 52 'zext' 'zext_ln625' <Predicate = true> <Delay = 0.00>
ST_2 : Operation 53 [1/1] (0.00ns)   --->   "%out_buf_addr = getelementptr i8 %out_buf, i64 0, i64 %zext_ln625" [/home/luka/Scripting/ELEC_498-Capstone-LiteLM/HLS-Verilog/Transformer_logic/src-hls/../../top_params.hpp:625->/home/luka/Scripting/ELEC_498-Capstone-LiteLM/HLS-Verilog/Transformer_logic/src-hls/compute_controller.cpp:569]   --->   Operation 53 'getelementptr' 'out_buf_addr' <Predicate = true> <Delay = 0.00>
ST_2 : Operation 54 [1/1] ( I:0.67ns O:0.67ns )   --->   "%store_ln625 = store i8 %trunc_ln2, i6 %out_buf_addr" [/home/luka/Scripting/ELEC_498-Capstone-LiteLM/HLS-Verilog/Transformer_logic/src-hls/../../top_params.hpp:625->/home/luka/Scripting/ELEC_498-Capstone-LiteLM/HLS-Verilog/Transformer_logic/src-hls/compute_controller.cpp:569]   --->   Operation 54 'store' 'store_ln625' <Predicate = true> <Delay = 0.67> <CoreInst = "RAM">   --->   Core 82 'RAM' <Latency = 1> <II = 1> <Delay = 0.67> <Storage> <Opcode : 'load' 'store'> <Ports = 2> <Width = 8> <Depth = 64> <RAM>
ST_2 : Operation 55 [1/1] (0.00ns)   --->   "%br_ln567 = br void %for.inc417" [/home/luka/Scripting/ELEC_498-Capstone-LiteLM/HLS-Verilog/Transformer_logic/src-hls/compute_controller.cpp:567]   --->   Operation 55 'br' 'br_ln567' <Predicate = true> <Delay = 0.00>


============================================================
+ Verbose Summary: Binding
============================================================
STG Binding: 
---------------- STG Properties BEGIN ----------------
- Is combinational: 0
- Is one-state seq: 0
- Is datapath-only: 0
- Is pipelined: 0
- Is top level: 0
Port [ Return ] is wired: 1; IO mode=ap_ctrl_hs:ce=0
Port [ compute_controller_ControlMemSpace_bool_unsigned_int_bool_bool_bool_bool_163]:  wired=1; compound=0; hidden=0; nouse=0; global=0; static=0; extern=0; dir=0; type=0; pingpong=0; private_global=0; IO mode=ap_none:ce=0
Port [ compute_controller_ControlMemSpace_bool_unsigned_int_bool_bool_bool_bool_164]:  wired=1; compound=0; hidden=0; nouse=0; global=0; static=0; extern=0; dir=0; type=0; pingpong=0; private_global=0; IO mode=ap_none:ce=0
Port [ compute_controller_ControlMemSpace_bool_unsigned_int_bool_bool_bool_bool_165]:  wired=1; compound=0; hidden=0; nouse=0; global=0; static=0; extern=0; dir=0; type=0; pingpong=0; private_global=0; IO mode=ap_none:ce=0
Port [ compute_controller_ControlMemSpace_bool_unsigned_int_bool_bool_bool_bool_166]:  wired=1; compound=0; hidden=0; nouse=0; global=0; static=0; extern=0; dir=0; type=0; pingpong=0; private_global=0; IO mode=ap_none:ce=0
Port [ compute_controller_ControlMemSpace_bool_unsigned_int_bool_bool_bool_bool_167]:  wired=1; compound=0; hidden=0; nouse=0; global=0; static=0; extern=0; dir=0; type=0; pingpong=0; private_global=0; IO mode=ap_none:ce=0
Port [ compute_controller_ControlMemSpace_bool_unsigned_int_bool_bool_bool_bool_168]:  wired=1; compound=0; hidden=0; nouse=0; global=0; static=0; extern=0; dir=0; type=0; pingpong=0; private_global=0; IO mode=ap_none:ce=0
Port [ compute_controller_ControlMemSpace_bool_unsigned_int_bool_bool_bool_bool_169]:  wired=1; compound=0; hidden=0; nouse=0; global=0; static=0; extern=0; dir=0; type=0; pingpong=0; private_global=0; IO mode=ap_none:ce=0
Port [ compute_controller_ControlMemSpace_bool_unsigned_int_bool_bool_bool_bool_170]:  wired=1; compound=0; hidden=0; nouse=0; global=0; static=0; extern=0; dir=0; type=0; pingpong=0; private_global=0; IO mode=ap_none:ce=0
Port [ compute_controller_ControlMemSpace_bool_unsigned_int_bool_bool_bool_bool_171]:  wired=1; compound=0; hidden=0; nouse=0; global=0; static=0; extern=0; dir=0; type=0; pingpong=0; private_global=0; IO mode=ap_none:ce=0
Port [ compute_controller_ControlMemSpace_bool_unsigned_int_bool_bool_bool_bool_172]:  wired=1; compound=0; hidden=0; nouse=0; global=0; static=0; extern=0; dir=0; type=0; pingpong=0; private_global=0; IO mode=ap_none:ce=0
Port [ p_ZZ18compute_controller15ControlMemSpacebjRbS0_bS0_S0_RjPKhPhR12ComputeStateS1_R_84]:  wired=1; compound=0; hidden=0; nouse=0; global=0; static=0; extern=0; dir=0; type=0; pingpong=0; private_global=0; IO mode=ap_none:ce=0
Port [ p_ZZ18compute_controller15ControlMemSpacebjRbS0_bS0_S0_RjPKhPhR12ComputeStateS1_R_85]:  wired=1; compound=0; hidden=0; nouse=0; global=0; static=0; extern=0; dir=0; type=0; pingpong=0; private_global=0; IO mode=ap_none:ce=0
Port [ p_ZZ18compute_controller15ControlMemSpacebjRbS0_bS0_S0_RjPKhPhR12ComputeStateS1_R_86]:  wired=1; compound=0; hidden=0; nouse=0; global=0; static=0; extern=0; dir=0; type=0; pingpong=0; private_global=0; IO mode=ap_none:ce=0
Port [ p_ZZ18compute_controller15ControlMemSpacebjRbS0_bS0_S0_RjPKhPhR12ComputeStateS1_R_87]:  wired=1; compound=0; hidden=0; nouse=0; global=0; static=0; extern=0; dir=0; type=0; pingpong=0; private_global=0; IO mode=ap_none:ce=0
Port [ p_ZZ18compute_controller15ControlMemSpacebjRbS0_bS0_S0_RjPKhPhR12ComputeStateS1_R_88]:  wired=1; compound=0; hidden=0; nouse=0; global=0; static=0; extern=0; dir=0; type=0; pingpong=0; private_global=0; IO mode=ap_none:ce=0
Port [ p_ZZ18compute_controller15ControlMemSpacebjRbS0_bS0_S0_RjPKhPhR12ComputeStateS1_R_89]:  wired=1; compound=0; hidden=0; nouse=0; global=0; static=0; extern=0; dir=0; type=0; pingpong=0; private_global=0; IO mode=ap_none:ce=0
Port [ out_buf]:  wired=1; compound=1; hidden=0; nouse=0; global=0; static=0; extern=0; dir=1; type=1; pingpong=0; private_global=0; MemPort=[00]; IO mode=ap_memory:ce=0
---------------- STG Properties END ------------------

---------------- Datapath Model BEGIN ----------------

<LifeTime>
<method=bitvector/>
i                                                                                     (alloca           ) [ 010]
specinterface_ln0                                                                     (specinterface    ) [ 000]
p_ZZ18compute_controller15ControlMemSpacebjRbS0_bS0_S0_RjPKhPhR12ComputeStateS1_R_102 (read             ) [ 000]
p_ZZ18compute_controller15ControlMemSpacebjRbS0_bS0_S0_RjPKhPhR12ComputeStateS1_R_103 (read             ) [ 000]
p_ZZ18compute_controller15ControlMemSpacebjRbS0_bS0_S0_RjPKhPhR12ComputeStateS1_R_104 (read             ) [ 000]
p_ZZ18compute_controller15ControlMemSpacebjRbS0_bS0_S0_RjPKhPhR12ComputeStateS1_R_105 (read             ) [ 000]
p_ZZ18compute_controller15ControlMemSpacebjRbS0_bS0_S0_RjPKhPhR12ComputeStateS1_R_106 (read             ) [ 000]
p_ZZ18compute_controller15ControlMemSpacebjRbS0_bS0_S0_RjPKhPhR12ComputeStateS1_R_107 (read             ) [ 000]
compute_controller_ControlMemSpace_bool_unsigned_int_bool_bool_bool_bool_243          (read             ) [ 000]
compute_controller_ControlMemSpace_bool_unsigned_int_bool_bool_bool_bool_244          (read             ) [ 000]
compute_controller_ControlMemSpace_bool_unsigned_int_bool_bool_bool_bool_245          (read             ) [ 000]
compute_controller_ControlMemSpace_bool_unsigned_int_bool_bool_bool_bool_246          (read             ) [ 000]
compute_controller_ControlMemSpace_bool_unsigned_int_bool_bool_bool_bool_247          (read             ) [ 000]
compute_controller_ControlMemSpace_bool_unsigned_int_bool_bool_bool_bool_248          (read             ) [ 000]
compute_controller_ControlMemSpace_bool_unsigned_int_bool_bool_bool_bool_249          (read             ) [ 000]
compute_controller_ControlMemSpace_bool_unsigned_int_bool_bool_bool_bool_250          (read             ) [ 000]
compute_controller_ControlMemSpace_bool_unsigned_int_bool_bool_bool_bool_251          (read             ) [ 000]
compute_controller_ControlMemSpace_bool_unsigned_int_bool_bool_bool_bool_252          (read             ) [ 000]
store_ln567                                                                           (store            ) [ 000]
br_ln0                                                                                (br               ) [ 000]
i_9                                                                                   (load             ) [ 000]
icmp_ln567                                                                            (icmp             ) [ 010]
add_ln567                                                                             (add              ) [ 000]
br_ln567                                                                              (br               ) [ 000]
trunc_ln567                                                                           (trunc            ) [ 001]
v                                                                                     (sparsemux        ) [ 000]
byte_addr_assign_9                                                                    (bitconcatenate   ) [ 000]
trunc_ln622                                                                           (trunc            ) [ 000]
zext_ln622                                                                            (zext             ) [ 000]
out_buf_addr_3                                                                        (getelementptr    ) [ 000]
store_ln622                                                                           (store            ) [ 000]
trunc_ln                                                                              (partselect       ) [ 000]
or_ln6                                                                                (bitconcatenate   ) [ 000]
zext_ln623                                                                            (zext             ) [ 000]
out_buf_addr_4                                                                        (getelementptr    ) [ 000]
store_ln623                                                                           (store            ) [ 000]
trunc_ln1                                                                             (partselect       ) [ 001]
trunc_ln2                                                                             (partselect       ) [ 001]
store_ln567                                                                           (store            ) [ 000]
specpipeline_ln568                                                                    (specpipeline     ) [ 000]
speclooptripcount_ln567                                                               (speclooptripcount) [ 000]
specloopname_ln567                                                                    (specloopname     ) [ 000]
or_ln7                                                                                (bitconcatenate   ) [ 000]
zext_ln624                                                                            (zext             ) [ 000]
out_buf_addr_5                                                                        (getelementptr    ) [ 000]
store_ln624                                                                           (store            ) [ 000]
or_ln8                                                                                (bitconcatenate   ) [ 000]
zext_ln625                                                                            (zext             ) [ 000]
out_buf_addr                                                                          (getelementptr    ) [ 000]
store_ln625                                                                           (store            ) [ 000]
br_ln567                                                                              (br               ) [ 000]
ret_ln0                                                                               (ret              ) [ 000]
</LifeTime>

<model>

<comp_list>
<comp id="0" class="1000" name="compute_controller_ControlMemSpace_bool_unsigned_int_bool_bool_bool_bool_163">
<pin_list>
<pin id="1" dir="1" index="0" bw="1" slack="0"/>
</pin_list>
<bind>
<StgValue><ssdm name="compute_controller_ControlMemSpace_bool_unsigned_int_bool_bool_bool_bool_163"/></StgValue>
</bind>
</comp>

<comp id="2" class="1000" name="compute_controller_ControlMemSpace_bool_unsigned_int_bool_bool_bool_bool_164">
<pin_list>
<pin id="3" dir="1" index="0" bw="1" slack="0"/>
</pin_list>
<bind>
<StgValue><ssdm name="compute_controller_ControlMemSpace_bool_unsigned_int_bool_bool_bool_bool_164"/></StgValue>
</bind>
</comp>

<comp id="4" class="1000" name="compute_controller_ControlMemSpace_bool_unsigned_int_bool_bool_bool_bool_165">
<pin_list>
<pin id="5" dir="1" index="0" bw="1" slack="0"/>
</pin_list>
<bind>
<StgValue><ssdm name="compute_controller_ControlMemSpace_bool_unsigned_int_bool_bool_bool_bool_165"/></StgValue>
</bind>
</comp>

<comp id="6" class="1000" name="compute_controller_ControlMemSpace_bool_unsigned_int_bool_bool_bool_bool_166">
<pin_list>
<pin id="7" dir="1" index="0" bw="1" slack="0"/>
</pin_list>
<bind>
<StgValue><ssdm name="compute_controller_ControlMemSpace_bool_unsigned_int_bool_bool_bool_bool_166"/></StgValue>
</bind>
</comp>

<comp id="8" class="1000" name="compute_controller_ControlMemSpace_bool_unsigned_int_bool_bool_bool_bool_167">
<pin_list>
<pin id="9" dir="1" index="0" bw="1" slack="0"/>
</pin_list>
<bind>
<StgValue><ssdm name="compute_controller_ControlMemSpace_bool_unsigned_int_bool_bool_bool_bool_167"/></StgValue>
</bind>
</comp>

<comp id="10" class="1000" name="compute_controller_ControlMemSpace_bool_unsigned_int_bool_bool_bool_bool_168">
<pin_list>
<pin id="11" dir="1" index="0" bw="1" slack="0"/>
</pin_list>
<bind>
<StgValue><ssdm name="compute_controller_ControlMemSpace_bool_unsigned_int_bool_bool_bool_bool_168"/></StgValue>
</bind>
</comp>

<comp id="12" class="1000" name="compute_controller_ControlMemSpace_bool_unsigned_int_bool_bool_bool_bool_169">
<pin_list>
<pin id="13" dir="1" index="0" bw="1" slack="0"/>
</pin_list>
<bind>
<StgValue><ssdm name="compute_controller_ControlMemSpace_bool_unsigned_int_bool_bool_bool_bool_169"/></StgValue>
</bind>
</comp>

<comp id="14" class="1000" name="compute_controller_ControlMemSpace_bool_unsigned_int_bool_bool_bool_bool_170">
<pin_list>
<pin id="15" dir="1" index="0" bw="1" slack="0"/>
</pin_list>
<bind>
<StgValue><ssdm name="compute_controller_ControlMemSpace_bool_unsigned_int_bool_bool_bool_bool_170"/></StgValue>
</bind>
</comp>

<comp id="16" class="1000" name="compute_controller_ControlMemSpace_bool_unsigned_int_bool_bool_bool_bool_171">
<pin_list>
<pin id="17" dir="1" index="0" bw="1" slack="0"/>
</pin_list>
<bind>
<StgValue><ssdm name="compute_controller_ControlMemSpace_bool_unsigned_int_bool_bool_bool_bool_171"/></StgValue>
</bind>
</comp>

<comp id="18" class="1000" name="compute_controller_ControlMemSpace_bool_unsigned_int_bool_bool_bool_bool_172">
<pin_list>
<pin id="19" dir="1" index="0" bw="1" slack="0"/>
</pin_list>
<bind>
<StgValue><ssdm name="compute_controller_ControlMemSpace_bool_unsigned_int_bool_bool_bool_bool_172"/></StgValue>
</bind>
</comp>

<comp id="20" class="1000" name="p_ZZ18compute_controller15ControlMemSpacebjRbS0_bS0_S0_RjPKhPhR12ComputeStateS1_R_84">
<pin_list>
<pin id="21" dir="1" index="0" bw="1" slack="0"/>
</pin_list>
<bind>
<StgValue><ssdm name="p_ZZ18compute_controller15ControlMemSpacebjRbS0_bS0_S0_RjPKhPhR12ComputeStateS1_R_84"/></StgValue>
</bind>
</comp>

<comp id="22" class="1000" name="p_ZZ18compute_controller15ControlMemSpacebjRbS0_bS0_S0_RjPKhPhR12ComputeStateS1_R_85">
<pin_list>
<pin id="23" dir="1" index="0" bw="1" slack="0"/>
</pin_list>
<bind>
<StgValue><ssdm name="p_ZZ18compute_controller15ControlMemSpacebjRbS0_bS0_S0_RjPKhPhR12ComputeStateS1_R_85"/></StgValue>
</bind>
</comp>

<comp id="24" class="1000" name="p_ZZ18compute_controller15ControlMemSpacebjRbS0_bS0_S0_RjPKhPhR12ComputeStateS1_R_86">
<pin_list>
<pin id="25" dir="1" index="0" bw="1" slack="0"/>
</pin_list>
<bind>
<StgValue><ssdm name="p_ZZ18compute_controller15ControlMemSpacebjRbS0_bS0_S0_RjPKhPhR12ComputeStateS1_R_86"/></StgValue>
</bind>
</comp>

<comp id="26" class="1000" name="p_ZZ18compute_controller15ControlMemSpacebjRbS0_bS0_S0_RjPKhPhR12ComputeStateS1_R_87">
<pin_list>
<pin id="27" dir="1" index="0" bw="1" slack="0"/>
</pin_list>
<bind>
<StgValue><ssdm name="p_ZZ18compute_controller15ControlMemSpacebjRbS0_bS0_S0_RjPKhPhR12ComputeStateS1_R_87"/></StgValue>
</bind>
</comp>

<comp id="28" class="1000" name="p_ZZ18compute_controller15ControlMemSpacebjRbS0_bS0_S0_RjPKhPhR12ComputeStateS1_R_88">
<pin_list>
<pin id="29" dir="1" index="0" bw="1" slack="0"/>
</pin_list>
<bind>
<StgValue><ssdm name="p_ZZ18compute_controller15ControlMemSpacebjRbS0_bS0_S0_RjPKhPhR12ComputeStateS1_R_88"/></StgValue>
</bind>
</comp>

<comp id="30" class="1000" name="p_ZZ18compute_controller15ControlMemSpacebjRbS0_bS0_S0_RjPKhPhR12ComputeStateS1_R_89">
<pin_list>
<pin id="31" dir="1" index="0" bw="1" slack="0"/>
</pin_list>
<bind>
<StgValue><ssdm name="p_ZZ18compute_controller15ControlMemSpacebjRbS0_bS0_S0_RjPKhPhR12ComputeStateS1_R_89"/></StgValue>
</bind>
</comp>

<comp id="32" class="1000" name="out_buf">
<pin_list>
<pin id="33" dir="1" index="0" bw="1" slack="0"/>
</pin_list>
<bind>
<StgValue><ssdm name="out_buf"/><MemPortTyVec>0 0 </MemPortTyVec>
</StgValue>
</bind>
</comp>

<comp id="34" class="1001" name="const_34">
<pin_list>
<pin id="35" dir="1" index="0" bw="1" slack="0"/>
</pin_list>
<bind>
<StgValue><ssdm name=""/></StgValue>
</bind>
</comp>

<comp id="36" class="1001" name="const_36">
<pin_list>
<pin id="37" dir="1" index="0" bw="1" slack="2147483647"/>
</pin_list>
<bind>
<StgValue><ssdm name="_ssdm_op_SpecInterface"/></StgValue>
</bind>
</comp>

<comp id="38" class="1001" name="const_38">
<pin_list>
<pin id="39" dir="1" index="0" bw="1" slack="2147483647"/>
</pin_list>
<bind>
<StgValue><ssdm name="empty_12"/></StgValue>
</bind>
</comp>

<comp id="40" class="1001" name="const_40">
<pin_list>
<pin id="41" dir="1" index="0" bw="1" slack="2147483647"/>
</pin_list>
<bind>
<StgValue><ssdm name=""/></StgValue>
</bind>
</comp>

<comp id="42" class="1001" name="const_42">
<pin_list>
<pin id="43" dir="1" index="0" bw="1" slack="2147483647"/>
</pin_list>
<bind>
<StgValue><ssdm name="empty_21"/></StgValue>
</bind>
</comp>

<comp id="44" class="1001" name="const_44">
<pin_list>
<pin id="45" dir="1" index="0" bw="1" slack="2147483647"/>
</pin_list>
<bind>
<StgValue><ssdm name=""/></StgValue>
</bind>
</comp>

<comp id="46" class="1001" name="const_46">
<pin_list>
<pin id="47" dir="1" index="0" bw="1" slack="0"/>
</pin_list>
<bind>
<StgValue><ssdm name="_ssdm_op_Read.ap_auto.i32"/></StgValue>
</bind>
</comp>

<comp id="48" class="1001" name="const_48">
<pin_list>
<pin id="49" dir="1" index="0" bw="1" slack="0"/>
</pin_list>
<bind>
<StgValue><ssdm name=""/></StgValue>
</bind>
</comp>

<comp id="50" class="1001" name="const_50">
<pin_list>
<pin id="51" dir="1" index="0" bw="1" slack="0"/>
</pin_list>
<bind>
<StgValue><ssdm name=""/></StgValue>
</bind>
</comp>

<comp id="52" class="1001" name="const_52">
<pin_list>
<pin id="53" dir="1" index="0" bw="1" slack="0"/>
</pin_list>
<bind>
<StgValue><ssdm name=""/></StgValue>
</bind>
</comp>

<comp id="54" class="1001" name="const_54">
<pin_list>
<pin id="55" dir="1" index="0" bw="1" slack="0"/>
</pin_list>
<bind>
<StgValue><ssdm name="_ssdm_op_SparseMux.ap_auto.16i32.i32.i4"/></StgValue>
</bind>
</comp>

<comp id="56" class="1001" name="const_56">
<pin_list>
<pin id="57" dir="1" index="0" bw="1" slack="0"/>
</pin_list>
<bind>
<StgValue><ssdm name=""/></StgValue>
</bind>
</comp>

<comp id="58" class="1001" name="const_58">
<pin_list>
<pin id="59" dir="1" index="0" bw="1" slack="0"/>
</pin_list>
<bind>
<StgValue><ssdm name=""/></StgValue>
</bind>
</comp>

<comp id="60" class="1001" name="const_60">
<pin_list>
<pin id="61" dir="1" index="0" bw="1" slack="0"/>
</pin_list>
<bind>
<StgValue><ssdm name=""/></StgValue>
</bind>
</comp>

<comp id="62" class="1001" name="const_62">
<pin_list>
<pin id="63" dir="1" index="0" bw="1" slack="0"/>
</pin_list>
<bind>
<StgValue><ssdm name=""/></StgValue>
</bind>
</comp>

<comp id="64" class="1001" name="const_64">
<pin_list>
<pin id="65" dir="1" index="0" bw="1" slack="0"/>
</pin_list>
<bind>
<StgValue><ssdm name=""/></StgValue>
</bind>
</comp>

<comp id="66" class="1001" name="const_66">
<pin_list>
<pin id="67" dir="1" index="0" bw="1" slack="0"/>
</pin_list>
<bind>
<StgValue><ssdm name=""/></StgValue>
</bind>
</comp>

<comp id="68" class="1001" name="const_68">
<pin_list>
<pin id="69" dir="1" index="0" bw="1" slack="0"/>
</pin_list>
<bind>
<StgValue><ssdm name=""/></StgValue>
</bind>
</comp>

<comp id="70" class="1001" name="const_70">
<pin_list>
<pin id="71" dir="1" index="0" bw="1" slack="0"/>
</pin_list>
<bind>
<StgValue><ssdm name=""/></StgValue>
</bind>
</comp>

<comp id="72" class="1001" name="const_72">
<pin_list>
<pin id="73" dir="1" index="0" bw="1" slack="0"/>
</pin_list>
<bind>
<StgValue><ssdm name=""/></StgValue>
</bind>
</comp>

<comp id="74" class="1001" name="const_74">
<pin_list>
<pin id="75" dir="1" index="0" bw="1" slack="0"/>
</pin_list>
<bind>
<StgValue><ssdm name=""/></StgValue>
</bind>
</comp>

<comp id="76" class="1001" name="const_76">
<pin_list>
<pin id="77" dir="1" index="0" bw="1" slack="0"/>
</pin_list>
<bind>
<StgValue><ssdm name=""/></StgValue>
</bind>
</comp>

<comp id="78" class="1001" name="const_78">
<pin_list>
<pin id="79" dir="1" index="0" bw="1" slack="0"/>
</pin_list>
<bind>
<StgValue><ssdm name=""/></StgValue>
</bind>
</comp>

<comp id="80" class="1001" name="const_80">
<pin_list>
<pin id="81" dir="1" index="0" bw="1" slack="0"/>
</pin_list>
<bind>
<StgValue><ssdm name=""/></StgValue>
</bind>
</comp>

<comp id="82" class="1001" name="const_82">
<pin_list>
<pin id="83" dir="1" index="0" bw="1" slack="0"/>
</pin_list>
<bind>
<StgValue><ssdm name=""/></StgValue>
</bind>
</comp>

<comp id="84" class="1001" name="const_84">
<pin_list>
<pin id="85" dir="1" index="0" bw="1" slack="0"/>
</pin_list>
<bind>
<StgValue><ssdm name=""/></StgValue>
</bind>
</comp>

<comp id="86" class="1001" name="const_86">
<pin_list>
<pin id="87" dir="1" index="0" bw="1" slack="0"/>
</pin_list>
<bind>
<StgValue><ssdm name=""/></StgValue>
</bind>
</comp>

<comp id="88" class="1001" name="const_88">
<pin_list>
<pin id="89" dir="1" index="0" bw="1" slack="0"/>
</pin_list>
<bind>
<StgValue><ssdm name=""/></StgValue>
</bind>
</comp>

<comp id="90" class="1001" name="const_90">
<pin_list>
<pin id="91" dir="1" index="0" bw="1" slack="0"/>
</pin_list>
<bind>
<StgValue><ssdm name="_ssdm_op_BitConcatenate.i6.i4.i2"/></StgValue>
</bind>
</comp>

<comp id="92" class="1001" name="const_92">
<pin_list>
<pin id="93" dir="1" index="0" bw="1" slack="0"/>
</pin_list>
<bind>
<StgValue><ssdm name=""/></StgValue>
</bind>
</comp>

<comp id="94" class="1001" name="const_94">
<pin_list>
<pin id="95" dir="1" index="0" bw="1" slack="0"/>
</pin_list>
<bind>
<StgValue><ssdm name=""/></StgValue>
</bind>
</comp>

<comp id="96" class="1001" name="const_96">
<pin_list>
<pin id="97" dir="1" index="0" bw="1" slack="0"/>
</pin_list>
<bind>
<StgValue><ssdm name="_ssdm_op_PartSelect.i8.i32.i32.i32"/></StgValue>
</bind>
</comp>

<comp id="98" class="1001" name="const_98">
<pin_list>
<pin id="99" dir="1" index="0" bw="1" slack="0"/>
</pin_list>
<bind>
<StgValue><ssdm name=""/></StgValue>
</bind>
</comp>

<comp id="100" class="1001" name="const_100">
<pin_list>
<pin id="101" dir="1" index="0" bw="1" slack="0"/>
</pin_list>
<bind>
<StgValue><ssdm name=""/></StgValue>
</bind>
</comp>

<comp id="102" class="1001" name="const_102">
<pin_list>
<pin id="103" dir="1" index="0" bw="1" slack="0"/>
</pin_list>
<bind>
<StgValue><ssdm name=""/></StgValue>
</bind>
</comp>

<comp id="104" class="1001" name="const_104">
<pin_list>
<pin id="105" dir="1" index="0" bw="1" slack="0"/>
</pin_list>
<bind>
<StgValue><ssdm name=""/></StgValue>
</bind>
</comp>

<comp id="106" class="1001" name="const_106">
<pin_list>
<pin id="107" dir="1" index="0" bw="1" slack="0"/>
</pin_list>
<bind>
<StgValue><ssdm name=""/></StgValue>
</bind>
</comp>

<comp id="108" class="1001" name="const_108">
<pin_list>
<pin id="109" dir="1" index="0" bw="1" slack="0"/>
</pin_list>
<bind>
<StgValue><ssdm name=""/></StgValue>
</bind>
</comp>

<comp id="110" class="1001" name="const_110">
<pin_list>
<pin id="111" dir="1" index="0" bw="1" slack="0"/>
</pin_list>
<bind>
<StgValue><ssdm name=""/></StgValue>
</bind>
</comp>

<comp id="112" class="1001" name="const_112">
<pin_list>
<pin id="113" dir="1" index="0" bw="1" slack="2147483647"/>
</pin_list>
<bind>
<StgValue><ssdm name="_ssdm_op_SpecPipeline"/></StgValue>
</bind>
</comp>

<comp id="114" class="1001" name="const_114">
<pin_list>
<pin id="115" dir="1" index="0" bw="1" slack="2147483647"/>
</pin_list>
<bind>
<StgValue><ssdm name="_ssdm_op_SpecLoopTripCount"/></StgValue>
</bind>
</comp>

<comp id="116" class="1001" name="const_116">
<pin_list>
<pin id="117" dir="1" index="0" bw="1" slack="2147483647"/>
</pin_list>
<bind>
<StgValue><ssdm name=""/></StgValue>
</bind>
</comp>

<comp id="118" class="1001" name="const_118">
<pin_list>
<pin id="119" dir="1" index="0" bw="1" slack="2147483647"/>
</pin_list>
<bind>
<StgValue><ssdm name="_ssdm_op_SpecLoopName"/></StgValue>
</bind>
</comp>

<comp id="120" class="1001" name="const_120">
<pin_list>
<pin id="121" dir="1" index="0" bw="1" slack="2147483647"/>
</pin_list>
<bind>
<StgValue><ssdm name="empty_24"/></StgValue>
</bind>
</comp>

<comp id="122" class="1001" name="const_122">
<pin_list>
<pin id="123" dir="1" index="0" bw="1" slack="0"/>
</pin_list>
<bind>
<StgValue><ssdm name=""/></StgValue>
</bind>
</comp>

<comp id="124" class="1001" name="const_124">
<pin_list>
<pin id="125" dir="1" index="0" bw="1" slack="0"/>
</pin_list>
<bind>
<StgValue><ssdm name=""/></StgValue>
</bind>
</comp>

<comp id="126" class="1004" name="i_fu_126">
<pin_list>
<pin id="127" dir="0" index="0" bw="1" slack="0"/>
<pin id="128" dir="1" index="1" bw="5" slack="0"/>
</pin_list>
<bind>
<opcode="alloca(26) " fcode="alloca"/>
<opset="i/1 "/>
</bind>
</comp>

<comp id="130" class="1004" name="p_ZZ18compute_controller15ControlMemSpacebjRbS0_bS0_S0_RjPKhPhR12ComputeStateS1_R_102_read_fu_130">
<pin_list>
<pin id="131" dir="0" index="0" bw="32" slack="0"/>
<pin id="132" dir="0" index="1" bw="32" slack="0"/>
<pin id="133" dir="1" index="2" bw="32" slack="0"/>
</pin_list>
<bind>
<opcode="read(1150) " fcode="read"/>
<opset="p_ZZ18compute_controller15ControlMemSpacebjRbS0_bS0_S0_RjPKhPhR12ComputeStateS1_R_102/1 "/>
</bind>
</comp>

<comp id="136" class="1004" name="p_ZZ18compute_controller15ControlMemSpacebjRbS0_bS0_S0_RjPKhPhR12ComputeStateS1_R_103_read_fu_136">
<pin_list>
<pin id="137" dir="0" index="0" bw="32" slack="0"/>
<pin id="138" dir="0" index="1" bw="32" slack="0"/>
<pin id="139" dir="1" index="2" bw="32" slack="0"/>
</pin_list>
<bind>
<opcode="read(1150) " fcode="read"/>
<opset="p_ZZ18compute_controller15ControlMemSpacebjRbS0_bS0_S0_RjPKhPhR12ComputeStateS1_R_103/1 "/>
</bind>
</comp>

<comp id="142" class="1004" name="p_ZZ18compute_controller15ControlMemSpacebjRbS0_bS0_S0_RjPKhPhR12ComputeStateS1_R_104_read_fu_142">
<pin_list>
<pin id="143" dir="0" index="0" bw="32" slack="0"/>
<pin id="144" dir="0" index="1" bw="32" slack="0"/>
<pin id="145" dir="1" index="2" bw="32" slack="0"/>
</pin_list>
<bind>
<opcode="read(1150) " fcode="read"/>
<opset="p_ZZ18compute_controller15ControlMemSpacebjRbS0_bS0_S0_RjPKhPhR12ComputeStateS1_R_104/1 "/>
</bind>
</comp>

<comp id="148" class="1004" name="p_ZZ18compute_controller15ControlMemSpacebjRbS0_bS0_S0_RjPKhPhR12ComputeStateS1_R_105_read_fu_148">
<pin_list>
<pin id="149" dir="0" index="0" bw="32" slack="0"/>
<pin id="150" dir="0" index="1" bw="32" slack="0"/>
<pin id="151" dir="1" index="2" bw="32" slack="0"/>
</pin_list>
<bind>
<opcode="read(1150) " fcode="read"/>
<opset="p_ZZ18compute_controller15ControlMemSpacebjRbS0_bS0_S0_RjPKhPhR12ComputeStateS1_R_105/1 "/>
</bind>
</comp>

<comp id="154" class="1004" name="p_ZZ18compute_controller15ControlMemSpacebjRbS0_bS0_S0_RjPKhPhR12ComputeStateS1_R_106_read_fu_154">
<pin_list>
<pin id="155" dir="0" index="0" bw="32" slack="0"/>
<pin id="156" dir="0" index="1" bw="32" slack="0"/>
<pin id="157" dir="1" index="2" bw="32" slack="0"/>
</pin_list>
<bind>
<opcode="read(1150) " fcode="read"/>
<opset="p_ZZ18compute_controller15ControlMemSpacebjRbS0_bS0_S0_RjPKhPhR12ComputeStateS1_R_106/1 "/>
</bind>
</comp>

<comp id="160" class="1004" name="p_ZZ18compute_controller15ControlMemSpacebjRbS0_bS0_S0_RjPKhPhR12ComputeStateS1_R_107_read_fu_160">
<pin_list>
<pin id="161" dir="0" index="0" bw="32" slack="0"/>
<pin id="162" dir="0" index="1" bw="32" slack="0"/>
<pin id="163" dir="1" index="2" bw="32" slack="0"/>
</pin_list>
<bind>
<opcode="read(1150) " fcode="read"/>
<opset="p_ZZ18compute_controller15ControlMemSpacebjRbS0_bS0_S0_RjPKhPhR12ComputeStateS1_R_107/1 "/>
</bind>
</comp>

<comp id="166" class="1004" name="compute_controller_ControlMemSpace_bool_unsigned_int_bool_bool_bool_bool_243_read_fu_166">
<pin_list>
<pin id="167" dir="0" index="0" bw="32" slack="0"/>
<pin id="168" dir="0" index="1" bw="32" slack="0"/>
<pin id="169" dir="1" index="2" bw="32" slack="0"/>
</pin_list>
<bind>
<opcode="read(1150) " fcode="read"/>
<opset="compute_controller_ControlMemSpace_bool_unsigned_int_bool_bool_bool_bool_243/1 "/>
</bind>
</comp>

<comp id="172" class="1004" name="compute_controller_ControlMemSpace_bool_unsigned_int_bool_bool_bool_bool_244_read_fu_172">
<pin_list>
<pin id="173" dir="0" index="0" bw="32" slack="0"/>
<pin id="174" dir="0" index="1" bw="32" slack="0"/>
<pin id="175" dir="1" index="2" bw="32" slack="0"/>
</pin_list>
<bind>
<opcode="read(1150) " fcode="read"/>
<opset="compute_controller_ControlMemSpace_bool_unsigned_int_bool_bool_bool_bool_244/1 "/>
</bind>
</comp>

<comp id="178" class="1004" name="compute_controller_ControlMemSpace_bool_unsigned_int_bool_bool_bool_bool_245_read_fu_178">
<pin_list>
<pin id="179" dir="0" index="0" bw="32" slack="0"/>
<pin id="180" dir="0" index="1" bw="32" slack="0"/>
<pin id="181" dir="1" index="2" bw="32" slack="0"/>
</pin_list>
<bind>
<opcode="read(1150) " fcode="read"/>
<opset="compute_controller_ControlMemSpace_bool_unsigned_int_bool_bool_bool_bool_245/1 "/>
</bind>
</comp>

<comp id="184" class="1004" name="compute_controller_ControlMemSpace_bool_unsigned_int_bool_bool_bool_bool_246_read_fu_184">
<pin_list>
<pin id="185" dir="0" index="0" bw="32" slack="0"/>
<pin id="186" dir="0" index="1" bw="32" slack="0"/>
<pin id="187" dir="1" index="2" bw="32" slack="0"/>
</pin_list>
<bind>
<opcode="read(1150) " fcode="read"/>
<opset="compute_controller_ControlMemSpace_bool_unsigned_int_bool_bool_bool_bool_246/1 "/>
</bind>
</comp>

<comp id="190" class="1004" name="compute_controller_ControlMemSpace_bool_unsigned_int_bool_bool_bool_bool_247_read_fu_190">
<pin_list>
<pin id="191" dir="0" index="0" bw="32" slack="0"/>
<pin id="192" dir="0" index="1" bw="32" slack="0"/>
<pin id="193" dir="1" index="2" bw="32" slack="0"/>
</pin_list>
<bind>
<opcode="read(1150) " fcode="read"/>
<opset="compute_controller_ControlMemSpace_bool_unsigned_int_bool_bool_bool_bool_247/1 "/>
</bind>
</comp>

<comp id="196" class="1004" name="compute_controller_ControlMemSpace_bool_unsigned_int_bool_bool_bool_bool_248_read_fu_196">
<pin_list>
<pin id="197" dir="0" index="0" bw="32" slack="0"/>
<pin id="198" dir="0" index="1" bw="32" slack="0"/>
<pin id="199" dir="1" index="2" bw="32" slack="0"/>
</pin_list>
<bind>
<opcode="read(1150) " fcode="read"/>
<opset="compute_controller_ControlMemSpace_bool_unsigned_int_bool_bool_bool_bool_248/1 "/>
</bind>
</comp>

<comp id="202" class="1004" name="compute_controller_ControlMemSpace_bool_unsigned_int_bool_bool_bool_bool_249_read_fu_202">
<pin_list>
<pin id="203" dir="0" index="0" bw="32" slack="0"/>
<pin id="204" dir="0" index="1" bw="32" slack="0"/>
<pin id="205" dir="1" index="2" bw="32" slack="0"/>
</pin_list>
<bind>
<opcode="read(1150) " fcode="read"/>
<opset="compute_controller_ControlMemSpace_bool_unsigned_int_bool_bool_bool_bool_249/1 "/>
</bind>
</comp>

<comp id="208" class="1004" name="compute_controller_ControlMemSpace_bool_unsigned_int_bool_bool_bool_bool_250_read_fu_208">
<pin_list>
<pin id="209" dir="0" index="0" bw="32" slack="0"/>
<pin id="210" dir="0" index="1" bw="32" slack="0"/>
<pin id="211" dir="1" index="2" bw="32" slack="0"/>
</pin_list>
<bind>
<opcode="read(1150) " fcode="read"/>
<opset="compute_controller_ControlMemSpace_bool_unsigned_int_bool_bool_bool_bool_250/1 "/>
</bind>
</comp>

<comp id="214" class="1004" name="compute_controller_ControlMemSpace_bool_unsigned_int_bool_bool_bool_bool_251_read_fu_214">
<pin_list>
<pin id="215" dir="0" index="0" bw="32" slack="0"/>
<pin id="216" dir="0" index="1" bw="32" slack="0"/>
<pin id="217" dir="1" index="2" bw="32" slack="0"/>
</pin_list>
<bind>
<opcode="read(1150) " fcode="read"/>
<opset="compute_controller_ControlMemSpace_bool_unsigned_int_bool_bool_bool_bool_251/1 "/>
</bind>
</comp>

<comp id="220" class="1004" name="compute_controller_ControlMemSpace_bool_unsigned_int_bool_bool_bool_bool_252_read_fu_220">
<pin_list>
<pin id="221" dir="0" index="0" bw="32" slack="0"/>
<pin id="222" dir="0" index="1" bw="32" slack="0"/>
<pin id="223" dir="1" index="2" bw="32" slack="0"/>
</pin_list>
<bind>
<opcode="read(1150) " fcode="read"/>
<opset="compute_controller_ControlMemSpace_bool_unsigned_int_bool_bool_bool_bool_252/1 "/>
</bind>
</comp>

<comp id="226" class="1004" name="out_buf_addr_3_gep_fu_226">
<pin_list>
<pin id="227" dir="0" index="0" bw="8" slack="0"/>
<pin id="228" dir="0" index="1" bw="1" slack="0"/>
<pin id="229" dir="0" index="2" bw="6" slack="0"/>
<pin id="230" dir="1" index="3" bw="6" slack="0"/>
</pin_list>
<bind>
<opcode="getelementptr(29) " fcode="getelementptr"/>
<opset="out_buf_addr_3/1 "/>
</bind>
</comp>

<comp id="233" class="1004" name="grp_access_fu_233">
<pin_list>
<pin id="234" dir="0" index="0" bw="6" slack="0"/>
<pin id="235" dir="0" index="1" bw="8" slack="0"/>
<pin id="236" dir="0" index="2" bw="0" slack="0"/>
<pin id="238" dir="0" index="4" bw="6" slack="0"/>
<pin id="239" dir="0" index="5" bw="8" slack="2147483647"/>
<pin id="240" dir="0" index="6" bw="0" slack="2147483647"/>
<pin id="237" dir="1" index="3" bw="8" slack="2147483647"/>
<pin id="241" dir="1" index="7" bw="8" slack="2147483647"/>
</pin_list>
<bind>
<opcode="store(28) " fcode="store"/>
<opset="store_ln622/1 store_ln623/1 store_ln624/2 store_ln625/2 "/>
</bind>
</comp>

<comp id="243" class="1004" name="out_buf_addr_4_gep_fu_243">
<pin_list>
<pin id="244" dir="0" index="0" bw="8" slack="0"/>
<pin id="245" dir="0" index="1" bw="1" slack="0"/>
<pin id="246" dir="0" index="2" bw="6" slack="0"/>
<pin id="247" dir="1" index="3" bw="6" slack="0"/>
</pin_list>
<bind>
<opcode="getelementptr(29) " fcode="getelementptr"/>
<opset="out_buf_addr_4/1 "/>
</bind>
</comp>

<comp id="251" class="1004" name="out_buf_addr_5_gep_fu_251">
<pin_list>
<pin id="252" dir="0" index="0" bw="8" slack="0"/>
<pin id="253" dir="0" index="1" bw="1" slack="0"/>
<pin id="254" dir="0" index="2" bw="6" slack="0"/>
<pin id="255" dir="1" index="3" bw="6" slack="0"/>
</pin_list>
<bind>
<opcode="getelementptr(29) " fcode="getelementptr"/>
<opset="out_buf_addr_5/2 "/>
</bind>
</comp>

<comp id="259" class="1004" name="out_buf_addr_gep_fu_259">
<pin_list>
<pin id="260" dir="0" index="0" bw="8" slack="0"/>
<pin id="261" dir="0" index="1" bw="1" slack="0"/>
<pin id="262" dir="0" index="2" bw="6" slack="0"/>
<pin id="263" dir="1" index="3" bw="6" slack="0"/>
</pin_list>
<bind>
<opcode="getelementptr(29) " fcode="getelementptr"/>
<opset="out_buf_addr/2 "/>
</bind>
</comp>

<comp id="267" class="1004" name="store_ln567_store_fu_267">
<pin_list>
<pin id="268" dir="0" index="0" bw="1" slack="0"/>
<pin id="269" dir="0" index="1" bw="5" slack="0"/>
<pin id="270" dir="1" index="2" bw="0" slack="2147483647"/>
</pin_list>
<bind>
<opcode="store(28) " fcode="store"/>
<opset="store_ln567/1 "/>
</bind>
</comp>

<comp id="272" class="1004" name="i_9_load_fu_272">
<pin_list>
<pin id="273" dir="0" index="0" bw="5" slack="0"/>
<pin id="274" dir="1" index="1" bw="5" slack="0"/>
</pin_list>
<bind>
<opcode="load(27) " fcode="load"/>
<opset="i_9/1 "/>
</bind>
</comp>

<comp id="275" class="1004" name="icmp_ln567_fu_275">
<pin_list>
<pin id="276" dir="0" index="0" bw="5" slack="0"/>
<pin id="277" dir="0" index="1" bw="5" slack="0"/>
<pin id="278" dir="1" index="2" bw="1" slack="2147483647"/>
</pin_list>
<bind>
<opcode="icmp(45) " fcode="icmp"/>
<opset="icmp_ln567/1 "/>
</bind>
</comp>

<comp id="281" class="1004" name="add_ln567_fu_281">
<pin_list>
<pin id="282" dir="0" index="0" bw="5" slack="0"/>
<pin id="283" dir="0" index="1" bw="1" slack="0"/>
<pin id="284" dir="1" index="2" bw="5" slack="0"/>
</pin_list>
<bind>
<opcode="add(8) " fcode="add"/>
<opset="add_ln567/1 "/>
</bind>
</comp>

<comp id="287" class="1004" name="trunc_ln567_fu_287">
<pin_list>
<pin id="288" dir="0" index="0" bw="5" slack="0"/>
<pin id="289" dir="1" index="1" bw="4" slack="0"/>
</pin_list>
<bind>
<opcode="trunc(33) " fcode="trunc"/>
<opset="trunc_ln567/1 "/>
</bind>
</comp>

<comp id="291" class="1004" name="v_fu_291">
<pin_list>
<pin id="292" dir="0" index="0" bw="32" slack="0"/>
<pin id="293" dir="0" index="1" bw="4" slack="0"/>
<pin id="294" dir="0" index="2" bw="32" slack="0"/>
<pin id="295" dir="0" index="3" bw="4" slack="0"/>
<pin id="296" dir="0" index="4" bw="32" slack="0"/>
<pin id="297" dir="0" index="5" bw="4" slack="0"/>
<pin id="298" dir="0" index="6" bw="32" slack="0"/>
<pin id="299" dir="0" index="7" bw="4" slack="0"/>
<pin id="300" dir="0" index="8" bw="32" slack="0"/>
<pin id="301" dir="0" index="9" bw="4" slack="0"/>
<pin id="302" dir="0" index="10" bw="32" slack="0"/>
<pin id="303" dir="0" index="11" bw="4" slack="0"/>
<pin id="304" dir="0" index="12" bw="32" slack="0"/>
<pin id="305" dir="0" index="13" bw="4" slack="0"/>
<pin id="306" dir="0" index="14" bw="32" slack="0"/>
<pin id="307" dir="0" index="15" bw="4" slack="0"/>
<pin id="308" dir="0" index="16" bw="32" slack="0"/>
<pin id="309" dir="0" index="17" bw="4" slack="0"/>
<pin id="310" dir="0" index="18" bw="32" slack="0"/>
<pin id="311" dir="0" index="19" bw="4" slack="0"/>
<pin id="312" dir="0" index="20" bw="32" slack="0"/>
<pin id="313" dir="0" index="21" bw="4" slack="0"/>
<pin id="314" dir="0" index="22" bw="32" slack="0"/>
<pin id="315" dir="0" index="23" bw="4" slack="0"/>
<pin id="316" dir="0" index="24" bw="32" slack="0"/>
<pin id="317" dir="0" index="25" bw="4" slack="0"/>
<pin id="318" dir="0" index="26" bw="32" slack="0"/>
<pin id="319" dir="0" index="27" bw="4" slack="0"/>
<pin id="320" dir="0" index="28" bw="32" slack="0"/>
<pin id="321" dir="0" index="29" bw="4" slack="0"/>
<pin id="322" dir="0" index="30" bw="32" slack="0"/>
<pin id="323" dir="0" index="31" bw="4" slack="0"/>
<pin id="324" dir="0" index="32" bw="32" slack="0"/>
<pin id="325" dir="0" index="33" bw="32" slack="0"/>
<pin id="326" dir="0" index="34" bw="4" slack="0"/>
<pin id="327" dir="1" index="35" bw="32" slack="0"/>
</pin_list>
<bind>
<opcode="sparsemux(1197) " fcode="sparsemux"/>
<opset="v/1 "/>
</bind>
</comp>

<comp id="363" class="1004" name="byte_addr_assign_9_fu_363">
<pin_list>
<pin id="364" dir="0" index="0" bw="6" slack="0"/>
<pin id="365" dir="0" index="1" bw="4" slack="0"/>
<pin id="366" dir="0" index="2" bw="1" slack="0"/>
<pin id="367" dir="1" index="3" bw="6" slack="0"/>
</pin_list>
<bind>
<opcode="bitconcatenate(1004) " fcode="bitconcatenate"/>
<opset="byte_addr_assign_9/1 "/>
</bind>
</comp>

<comp id="371" class="1004" name="trunc_ln622_fu_371">
<pin_list>
<pin id="372" dir="0" index="0" bw="32" slack="0"/>
<pin id="373" dir="1" index="1" bw="8" slack="0"/>
</pin_list>
<bind>
<opcode="trunc(33) " fcode="trunc"/>
<opset="trunc_ln622/1 "/>
</bind>
</comp>

<comp id="376" class="1004" name="zext_ln622_fu_376">
<pin_list>
<pin id="377" dir="0" index="0" bw="6" slack="0"/>
<pin id="378" dir="1" index="1" bw="64" slack="0"/>
</pin_list>
<bind>
<opcode="zext(34) " fcode="zext"/>
<opset="zext_ln622/1 "/>
</bind>
</comp>

<comp id="381" class="1004" name="trunc_ln_fu_381">
<pin_list>
<pin id="382" dir="0" index="0" bw="8" slack="0"/>
<pin id="383" dir="0" index="1" bw="32" slack="0"/>
<pin id="384" dir="0" index="2" bw="5" slack="0"/>
<pin id="385" dir="0" index="3" bw="5" slack="0"/>
<pin id="386" dir="1" index="4" bw="8" slack="0"/>
</pin_list>
<bind>
<opcode="partselect(1002) " fcode="partselect"/>
<opset="trunc_ln/1 "/>
</bind>
</comp>

<comp id="392" class="1004" name="or_ln6_fu_392">
<pin_list>
<pin id="393" dir="0" index="0" bw="6" slack="0"/>
<pin id="394" dir="0" index="1" bw="4" slack="0"/>
<pin id="395" dir="0" index="2" bw="1" slack="0"/>
<pin id="396" dir="1" index="3" bw="6" slack="0"/>
</pin_list>
<bind>
<opcode="bitconcatenate(1004) " fcode="bitconcatenate"/>
<opset="or_ln6/1 "/>
</bind>
</comp>

<comp id="400" class="1004" name="zext_ln623_fu_400">
<pin_list>
<pin id="401" dir="0" index="0" bw="6" slack="0"/>
<pin id="402" dir="1" index="1" bw="64" slack="0"/>
</pin_list>
<bind>
<opcode="zext(34) " fcode="zext"/>
<opset="zext_ln623/1 "/>
</bind>
</comp>

<comp id="405" class="1004" name="trunc_ln1_fu_405">
<pin_list>
<pin id="406" dir="0" index="0" bw="8" slack="0"/>
<pin id="407" dir="0" index="1" bw="32" slack="0"/>
<pin id="408" dir="0" index="2" bw="6" slack="0"/>
<pin id="409" dir="0" index="3" bw="6" slack="0"/>
<pin id="410" dir="1" index="4" bw="8" slack="1"/>
</pin_list>
<bind>
<opcode="partselect(1002) " fcode="partselect"/>
<opset="trunc_ln1/1 "/>
</bind>
</comp>

<comp id="415" class="1004" name="trunc_ln2_fu_415">
<pin_list>
<pin id="416" dir="0" index="0" bw="8" slack="0"/>
<pin id="417" dir="0" index="1" bw="32" slack="0"/>
<pin id="418" dir="0" index="2" bw="6" slack="0"/>
<pin id="419" dir="0" index="3" bw="6" slack="0"/>
<pin id="420" dir="1" index="4" bw="8" slack="1"/>
</pin_list>
<bind>
<opcode="partselect(1002) " fcode="partselect"/>
<opset="trunc_ln2/1 "/>
</bind>
</comp>

<comp id="425" class="1004" name="store_ln567_store_fu_425">
<pin_list>
<pin id="426" dir="0" index="0" bw="5" slack="0"/>
<pin id="427" dir="0" index="1" bw="5" slack="0"/>
<pin id="428" dir="1" index="2" bw="0" slack="2147483647"/>
</pin_list>
<bind>
<opcode="store(28) " fcode="store"/>
<opset="store_ln567/1 "/>
</bind>
</comp>

<comp id="430" class="1004" name="or_ln7_fu_430">
<pin_list>
<pin id="431" dir="0" index="0" bw="6" slack="0"/>
<pin id="432" dir="0" index="1" bw="4" slack="1"/>
<pin id="433" dir="0" index="2" bw="2" slack="0"/>
<pin id="434" dir="1" index="3" bw="6" slack="0"/>
</pin_list>
<bind>
<opcode="bitconcatenate(1004) " fcode="bitconcatenate"/>
<opset="or_ln7/2 "/>
</bind>
</comp>

<comp id="437" class="1004" name="zext_ln624_fu_437">
<pin_list>
<pin id="438" dir="0" index="0" bw="6" slack="0"/>
<pin id="439" dir="1" index="1" bw="64" slack="0"/>
</pin_list>
<bind>
<opcode="zext(34) " fcode="zext"/>
<opset="zext_ln624/2 "/>
</bind>
</comp>

<comp id="442" class="1004" name="or_ln8_fu_442">
<pin_list>
<pin id="443" dir="0" index="0" bw="6" slack="0"/>
<pin id="444" dir="0" index="1" bw="4" slack="1"/>
<pin id="445" dir="0" index="2" bw="1" slack="0"/>
<pin id="446" dir="1" index="3" bw="6" slack="0"/>
</pin_list>
<bind>
<opcode="bitconcatenate(1004) " fcode="bitconcatenate"/>
<opset="or_ln8/2 "/>
</bind>
</comp>

<comp id="449" class="1004" name="zext_ln625_fu_449">
<pin_list>
<pin id="450" dir="0" index="0" bw="6" slack="0"/>
<pin id="451" dir="1" index="1" bw="64" slack="0"/>
</pin_list>
<bind>
<opcode="zext(34) " fcode="zext"/>
<opset="zext_ln625/2 "/>
</bind>
</comp>

<comp id="454" class="1005" name="i_reg_454">
<pin_list>
<pin id="455" dir="0" index="0" bw="5" slack="0"/>
<pin id="456" dir="1" index="1" bw="5" slack="0"/>
</pin_list>
<bind>
<opset="i "/>
</bind>
</comp>

<comp id="464" class="1005" name="trunc_ln567_reg_464">
<pin_list>
<pin id="465" dir="0" index="0" bw="4" slack="1"/>
<pin id="466" dir="1" index="1" bw="4" slack="1"/>
</pin_list>
<bind>
<opset="trunc_ln567 "/>
</bind>
</comp>

<comp id="470" class="1005" name="trunc_ln1_reg_470">
<pin_list>
<pin id="471" dir="0" index="0" bw="8" slack="1"/>
<pin id="472" dir="1" index="1" bw="8" slack="1"/>
</pin_list>
<bind>
<opset="trunc_ln1 "/>
</bind>
</comp>

<comp id="475" class="1005" name="trunc_ln2_reg_475">
<pin_list>
<pin id="476" dir="0" index="0" bw="8" slack="1"/>
<pin id="477" dir="1" index="1" bw="8" slack="1"/>
</pin_list>
<bind>
<opset="trunc_ln2 "/>
</bind>
</comp>

</comp_list>

<net_list>
<net id="129"><net_src comp="34" pin="0"/><net_sink comp="126" pin=0"/></net>

<net id="134"><net_src comp="46" pin="0"/><net_sink comp="130" pin=0"/></net>

<net id="135"><net_src comp="30" pin="0"/><net_sink comp="130" pin=1"/></net>

<net id="140"><net_src comp="46" pin="0"/><net_sink comp="136" pin=0"/></net>

<net id="141"><net_src comp="28" pin="0"/><net_sink comp="136" pin=1"/></net>

<net id="146"><net_src comp="46" pin="0"/><net_sink comp="142" pin=0"/></net>

<net id="147"><net_src comp="26" pin="0"/><net_sink comp="142" pin=1"/></net>

<net id="152"><net_src comp="46" pin="0"/><net_sink comp="148" pin=0"/></net>

<net id="153"><net_src comp="24" pin="0"/><net_sink comp="148" pin=1"/></net>

<net id="158"><net_src comp="46" pin="0"/><net_sink comp="154" pin=0"/></net>

<net id="159"><net_src comp="22" pin="0"/><net_sink comp="154" pin=1"/></net>

<net id="164"><net_src comp="46" pin="0"/><net_sink comp="160" pin=0"/></net>

<net id="165"><net_src comp="20" pin="0"/><net_sink comp="160" pin=1"/></net>

<net id="170"><net_src comp="46" pin="0"/><net_sink comp="166" pin=0"/></net>

<net id="171"><net_src comp="18" pin="0"/><net_sink comp="166" pin=1"/></net>

<net id="176"><net_src comp="46" pin="0"/><net_sink comp="172" pin=0"/></net>

<net id="177"><net_src comp="16" pin="0"/><net_sink comp="172" pin=1"/></net>

<net id="182"><net_src comp="46" pin="0"/><net_sink comp="178" pin=0"/></net>

<net id="183"><net_src comp="14" pin="0"/><net_sink comp="178" pin=1"/></net>

<net id="188"><net_src comp="46" pin="0"/><net_sink comp="184" pin=0"/></net>

<net id="189"><net_src comp="12" pin="0"/><net_sink comp="184" pin=1"/></net>

<net id="194"><net_src comp="46" pin="0"/><net_sink comp="190" pin=0"/></net>

<net id="195"><net_src comp="10" pin="0"/><net_sink comp="190" pin=1"/></net>

<net id="200"><net_src comp="46" pin="0"/><net_sink comp="196" pin=0"/></net>

<net id="201"><net_src comp="8" pin="0"/><net_sink comp="196" pin=1"/></net>

<net id="206"><net_src comp="46" pin="0"/><net_sink comp="202" pin=0"/></net>

<net id="207"><net_src comp="6" pin="0"/><net_sink comp="202" pin=1"/></net>

<net id="212"><net_src comp="46" pin="0"/><net_sink comp="208" pin=0"/></net>

<net id="213"><net_src comp="4" pin="0"/><net_sink comp="208" pin=1"/></net>

<net id="218"><net_src comp="46" pin="0"/><net_sink comp="214" pin=0"/></net>

<net id="219"><net_src comp="2" pin="0"/><net_sink comp="214" pin=1"/></net>

<net id="224"><net_src comp="46" pin="0"/><net_sink comp="220" pin=0"/></net>

<net id="225"><net_src comp="0" pin="0"/><net_sink comp="220" pin=1"/></net>

<net id="231"><net_src comp="32" pin="0"/><net_sink comp="226" pin=0"/></net>

<net id="232"><net_src comp="94" pin="0"/><net_sink comp="226" pin=1"/></net>

<net id="242"><net_src comp="226" pin="3"/><net_sink comp="233" pin=2"/></net>

<net id="248"><net_src comp="32" pin="0"/><net_sink comp="243" pin=0"/></net>

<net id="249"><net_src comp="94" pin="0"/><net_sink comp="243" pin=1"/></net>

<net id="250"><net_src comp="243" pin="3"/><net_sink comp="233" pin=0"/></net>

<net id="256"><net_src comp="32" pin="0"/><net_sink comp="251" pin=0"/></net>

<net id="257"><net_src comp="94" pin="0"/><net_sink comp="251" pin=1"/></net>

<net id="258"><net_src comp="251" pin="3"/><net_sink comp="233" pin=2"/></net>

<net id="264"><net_src comp="32" pin="0"/><net_sink comp="259" pin=0"/></net>

<net id="265"><net_src comp="94" pin="0"/><net_sink comp="259" pin=1"/></net>

<net id="266"><net_src comp="259" pin="3"/><net_sink comp="233" pin=0"/></net>

<net id="271"><net_src comp="48" pin="0"/><net_sink comp="267" pin=0"/></net>

<net id="279"><net_src comp="272" pin="1"/><net_sink comp="275" pin=0"/></net>

<net id="280"><net_src comp="50" pin="0"/><net_sink comp="275" pin=1"/></net>

<net id="285"><net_src comp="272" pin="1"/><net_sink comp="281" pin=0"/></net>

<net id="286"><net_src comp="52" pin="0"/><net_sink comp="281" pin=1"/></net>

<net id="290"><net_src comp="272" pin="1"/><net_sink comp="287" pin=0"/></net>

<net id="328"><net_src comp="54" pin="0"/><net_sink comp="291" pin=0"/></net>

<net id="329"><net_src comp="56" pin="0"/><net_sink comp="291" pin=1"/></net>

<net id="330"><net_src comp="220" pin="2"/><net_sink comp="291" pin=2"/></net>

<net id="331"><net_src comp="58" pin="0"/><net_sink comp="291" pin=3"/></net>

<net id="332"><net_src comp="214" pin="2"/><net_sink comp="291" pin=4"/></net>

<net id="333"><net_src comp="60" pin="0"/><net_sink comp="291" pin=5"/></net>

<net id="334"><net_src comp="208" pin="2"/><net_sink comp="291" pin=6"/></net>

<net id="335"><net_src comp="62" pin="0"/><net_sink comp="291" pin=7"/></net>

<net id="336"><net_src comp="202" pin="2"/><net_sink comp="291" pin=8"/></net>

<net id="337"><net_src comp="64" pin="0"/><net_sink comp="291" pin=9"/></net>

<net id="338"><net_src comp="196" pin="2"/><net_sink comp="291" pin=10"/></net>

<net id="339"><net_src comp="66" pin="0"/><net_sink comp="291" pin=11"/></net>

<net id="340"><net_src comp="190" pin="2"/><net_sink comp="291" pin=12"/></net>

<net id="341"><net_src comp="68" pin="0"/><net_sink comp="291" pin=13"/></net>

<net id="342"><net_src comp="184" pin="2"/><net_sink comp="291" pin=14"/></net>

<net id="343"><net_src comp="70" pin="0"/><net_sink comp="291" pin=15"/></net>

<net id="344"><net_src comp="178" pin="2"/><net_sink comp="291" pin=16"/></net>

<net id="345"><net_src comp="72" pin="0"/><net_sink comp="291" pin=17"/></net>

<net id="346"><net_src comp="172" pin="2"/><net_sink comp="291" pin=18"/></net>

<net id="347"><net_src comp="74" pin="0"/><net_sink comp="291" pin=19"/></net>

<net id="348"><net_src comp="166" pin="2"/><net_sink comp="291" pin=20"/></net>

<net id="349"><net_src comp="76" pin="0"/><net_sink comp="291" pin=21"/></net>

<net id="350"><net_src comp="160" pin="2"/><net_sink comp="291" pin=22"/></net>

<net id="351"><net_src comp="78" pin="0"/><net_sink comp="291" pin=23"/></net>

<net id="352"><net_src comp="154" pin="2"/><net_sink comp="291" pin=24"/></net>

<net id="353"><net_src comp="80" pin="0"/><net_sink comp="291" pin=25"/></net>

<net id="354"><net_src comp="148" pin="2"/><net_sink comp="291" pin=26"/></net>

<net id="355"><net_src comp="82" pin="0"/><net_sink comp="291" pin=27"/></net>

<net id="356"><net_src comp="142" pin="2"/><net_sink comp="291" pin=28"/></net>

<net id="357"><net_src comp="84" pin="0"/><net_sink comp="291" pin=29"/></net>

<net id="358"><net_src comp="136" pin="2"/><net_sink comp="291" pin=30"/></net>

<net id="359"><net_src comp="86" pin="0"/><net_sink comp="291" pin=31"/></net>

<net id="360"><net_src comp="130" pin="2"/><net_sink comp="291" pin=32"/></net>

<net id="361"><net_src comp="88" pin="0"/><net_sink comp="291" pin=33"/></net>

<net id="362"><net_src comp="287" pin="1"/><net_sink comp="291" pin=34"/></net>

<net id="368"><net_src comp="90" pin="0"/><net_sink comp="363" pin=0"/></net>

<net id="369"><net_src comp="287" pin="1"/><net_sink comp="363" pin=1"/></net>

<net id="370"><net_src comp="92" pin="0"/><net_sink comp="363" pin=2"/></net>

<net id="374"><net_src comp="291" pin="35"/><net_sink comp="371" pin=0"/></net>

<net id="375"><net_src comp="371" pin="1"/><net_sink comp="233" pin=4"/></net>

<net id="379"><net_src comp="363" pin="3"/><net_sink comp="376" pin=0"/></net>

<net id="380"><net_src comp="376" pin="1"/><net_sink comp="226" pin=2"/></net>

<net id="387"><net_src comp="96" pin="0"/><net_sink comp="381" pin=0"/></net>

<net id="388"><net_src comp="291" pin="35"/><net_sink comp="381" pin=1"/></net>

<net id="389"><net_src comp="98" pin="0"/><net_sink comp="381" pin=2"/></net>

<net id="390"><net_src comp="100" pin="0"/><net_sink comp="381" pin=3"/></net>

<net id="391"><net_src comp="381" pin="4"/><net_sink comp="233" pin=1"/></net>

<net id="397"><net_src comp="90" pin="0"/><net_sink comp="392" pin=0"/></net>

<net id="398"><net_src comp="287" pin="1"/><net_sink comp="392" pin=1"/></net>

<net id="399"><net_src comp="102" pin="0"/><net_sink comp="392" pin=2"/></net>

<net id="403"><net_src comp="392" pin="3"/><net_sink comp="400" pin=0"/></net>

<net id="404"><net_src comp="400" pin="1"/><net_sink comp="243" pin=2"/></net>

<net id="411"><net_src comp="96" pin="0"/><net_sink comp="405" pin=0"/></net>

<net id="412"><net_src comp="291" pin="35"/><net_sink comp="405" pin=1"/></net>

<net id="413"><net_src comp="104" pin="0"/><net_sink comp="405" pin=2"/></net>

<net id="414"><net_src comp="106" pin="0"/><net_sink comp="405" pin=3"/></net>

<net id="421"><net_src comp="96" pin="0"/><net_sink comp="415" pin=0"/></net>

<net id="422"><net_src comp="291" pin="35"/><net_sink comp="415" pin=1"/></net>

<net id="423"><net_src comp="108" pin="0"/><net_sink comp="415" pin=2"/></net>

<net id="424"><net_src comp="110" pin="0"/><net_sink comp="415" pin=3"/></net>

<net id="429"><net_src comp="281" pin="2"/><net_sink comp="425" pin=0"/></net>

<net id="435"><net_src comp="90" pin="0"/><net_sink comp="430" pin=0"/></net>

<net id="436"><net_src comp="122" pin="0"/><net_sink comp="430" pin=2"/></net>

<net id="440"><net_src comp="430" pin="3"/><net_sink comp="437" pin=0"/></net>

<net id="441"><net_src comp="437" pin="1"/><net_sink comp="251" pin=2"/></net>

<net id="447"><net_src comp="90" pin="0"/><net_sink comp="442" pin=0"/></net>

<net id="448"><net_src comp="124" pin="0"/><net_sink comp="442" pin=2"/></net>

<net id="452"><net_src comp="442" pin="3"/><net_sink comp="449" pin=0"/></net>

<net id="453"><net_src comp="449" pin="1"/><net_sink comp="259" pin=2"/></net>

<net id="457"><net_src comp="126" pin="1"/><net_sink comp="454" pin=0"/></net>

<net id="458"><net_src comp="454" pin="1"/><net_sink comp="267" pin=1"/></net>

<net id="459"><net_src comp="454" pin="1"/><net_sink comp="272" pin=0"/></net>

<net id="460"><net_src comp="454" pin="1"/><net_sink comp="425" pin=1"/></net>

<net id="467"><net_src comp="287" pin="1"/><net_sink comp="464" pin=0"/></net>

<net id="468"><net_src comp="464" pin="1"/><net_sink comp="430" pin=1"/></net>

<net id="469"><net_src comp="464" pin="1"/><net_sink comp="442" pin=1"/></net>

<net id="473"><net_src comp="405" pin="4"/><net_sink comp="470" pin=0"/></net>

<net id="474"><net_src comp="470" pin="1"/><net_sink comp="233" pin=4"/></net>

<net id="478"><net_src comp="415" pin="4"/><net_sink comp="475" pin=0"/></net>

<net id="479"><net_src comp="475" pin="1"/><net_sink comp="233" pin=1"/></net>

</net_list>

</model> 
---------------- Datapath Model END ------------------

* FSMD analyzer results:
  - Output states:
	Port: out_buf | {1 2 }
 - Input state : 
	Port: compute_controller_Pipeline_VITIS_LOOP_567_24 : compute_controller_ControlMemSpace_bool_unsigned_int_bool_bool_bool_bool_163 | {1 }
	Port: compute_controller_Pipeline_VITIS_LOOP_567_24 : compute_controller_ControlMemSpace_bool_unsigned_int_bool_bool_bool_bool_164 | {1 }
	Port: compute_controller_Pipeline_VITIS_LOOP_567_24 : compute_controller_ControlMemSpace_bool_unsigned_int_bool_bool_bool_bool_165 | {1 }
	Port: compute_controller_Pipeline_VITIS_LOOP_567_24 : compute_controller_ControlMemSpace_bool_unsigned_int_bool_bool_bool_bool_166 | {1 }
	Port: compute_controller_Pipeline_VITIS_LOOP_567_24 : compute_controller_ControlMemSpace_bool_unsigned_int_bool_bool_bool_bool_167 | {1 }
	Port: compute_controller_Pipeline_VITIS_LOOP_567_24 : compute_controller_ControlMemSpace_bool_unsigned_int_bool_bool_bool_bool_168 | {1 }
	Port: compute_controller_Pipeline_VITIS_LOOP_567_24 : compute_controller_ControlMemSpace_bool_unsigned_int_bool_bool_bool_bool_169 | {1 }
	Port: compute_controller_Pipeline_VITIS_LOOP_567_24 : compute_controller_ControlMemSpace_bool_unsigned_int_bool_bool_bool_bool_170 | {1 }
	Port: compute_controller_Pipeline_VITIS_LOOP_567_24 : compute_controller_ControlMemSpace_bool_unsigned_int_bool_bool_bool_bool_171 | {1 }
	Port: compute_controller_Pipeline_VITIS_LOOP_567_24 : compute_controller_ControlMemSpace_bool_unsigned_int_bool_bool_bool_bool_172 | {1 }
	Port: compute_controller_Pipeline_VITIS_LOOP_567_24 : p_ZZ18compute_controller15ControlMemSpacebjRbS0_bS0_S0_RjPKhPhR12ComputeStateS1_R_84 | {1 }
	Port: compute_controller_Pipeline_VITIS_LOOP_567_24 : p_ZZ18compute_controller15ControlMemSpacebjRbS0_bS0_S0_RjPKhPhR12ComputeStateS1_R_85 | {1 }
	Port: compute_controller_Pipeline_VITIS_LOOP_567_24 : p_ZZ18compute_controller15ControlMemSpacebjRbS0_bS0_S0_RjPKhPhR12ComputeStateS1_R_86 | {1 }
	Port: compute_controller_Pipeline_VITIS_LOOP_567_24 : p_ZZ18compute_controller15ControlMemSpacebjRbS0_bS0_S0_RjPKhPhR12ComputeStateS1_R_87 | {1 }
	Port: compute_controller_Pipeline_VITIS_LOOP_567_24 : p_ZZ18compute_controller15ControlMemSpacebjRbS0_bS0_S0_RjPKhPhR12ComputeStateS1_R_88 | {1 }
	Port: compute_controller_Pipeline_VITIS_LOOP_567_24 : p_ZZ18compute_controller15ControlMemSpacebjRbS0_bS0_S0_RjPKhPhR12ComputeStateS1_R_89 | {1 }
  - Chain level:
	State 1
		store_ln567 : 1
		i_9 : 1
		icmp_ln567 : 2
		add_ln567 : 2
		br_ln567 : 3
		trunc_ln567 : 2
		v : 3
		byte_addr_assign_9 : 3
		trunc_ln622 : 4
		zext_ln622 : 4
		out_buf_addr_3 : 5
		store_ln622 : 6
		trunc_ln : 4
		or_ln6 : 3
		zext_ln623 : 4
		out_buf_addr_4 : 5
		store_ln623 : 6
		trunc_ln1 : 4
		trunc_ln2 : 4
		store_ln567 : 3
	State 2
		zext_ln624 : 1
		out_buf_addr_5 : 2
		store_ln624 : 3
		zext_ln625 : 1
		out_buf_addr : 2
		store_ln625 : 3


============================================================
+ Verbose Summary: Datapath Resource usage 
============================================================

* Functional unit list:
|----------|---------------------------------------------------------------------------------------------------|---------|---------|
| Operation|                                          Functional Unit                                          |    FF   |   LUT   |
|----------|---------------------------------------------------------------------------------------------------|---------|---------|
| sparsemux|                                              v_fu_291                                             |    0    |    65   |
|----------|---------------------------------------------------------------------------------------------------|---------|---------|
|   icmp   |                                         icmp_ln567_fu_275                                         |    0    |    12   |
|----------|---------------------------------------------------------------------------------------------------|---------|---------|
|    add   |                                          add_ln567_fu_281                                         |    0    |    12   |
|----------|---------------------------------------------------------------------------------------------------|---------|---------|
|          | p_ZZ18compute_controller15ControlMemSpacebjRbS0_bS0_S0_RjPKhPhR12ComputeStateS1_R_102_read_fu_130 |    0    |    0    |
|          | p_ZZ18compute_controller15ControlMemSpacebjRbS0_bS0_S0_RjPKhPhR12ComputeStateS1_R_103_read_fu_136 |    0    |    0    |
|          | p_ZZ18compute_controller15ControlMemSpacebjRbS0_bS0_S0_RjPKhPhR12ComputeStateS1_R_104_read_fu_142 |    0    |    0    |
|          | p_ZZ18compute_controller15ControlMemSpacebjRbS0_bS0_S0_RjPKhPhR12ComputeStateS1_R_105_read_fu_148 |    0    |    0    |
|          | p_ZZ18compute_controller15ControlMemSpacebjRbS0_bS0_S0_RjPKhPhR12ComputeStateS1_R_106_read_fu_154 |    0    |    0    |
|          | p_ZZ18compute_controller15ControlMemSpacebjRbS0_bS0_S0_RjPKhPhR12ComputeStateS1_R_107_read_fu_160 |    0    |    0    |
|          |      compute_controller_ControlMemSpace_bool_unsigned_int_bool_bool_bool_bool_243_read_fu_166     |    0    |    0    |
|   read   |      compute_controller_ControlMemSpace_bool_unsigned_int_bool_bool_bool_bool_244_read_fu_172     |    0    |    0    |
|          |      compute_controller_ControlMemSpace_bool_unsigned_int_bool_bool_bool_bool_245_read_fu_178     |    0    |    0    |
|          |      compute_controller_ControlMemSpace_bool_unsigned_int_bool_bool_bool_bool_246_read_fu_184     |    0    |    0    |
|          |      compute_controller_ControlMemSpace_bool_unsigned_int_bool_bool_bool_bool_247_read_fu_190     |    0    |    0    |
|          |      compute_controller_ControlMemSpace_bool_unsigned_int_bool_bool_bool_bool_248_read_fu_196     |    0    |    0    |
|          |      compute_controller_ControlMemSpace_bool_unsigned_int_bool_bool_bool_bool_249_read_fu_202     |    0    |    0    |
|          |      compute_controller_ControlMemSpace_bool_unsigned_int_bool_bool_bool_bool_250_read_fu_208     |    0    |    0    |
|          |      compute_controller_ControlMemSpace_bool_unsigned_int_bool_bool_bool_bool_251_read_fu_214     |    0    |    0    |
|          |      compute_controller_ControlMemSpace_bool_unsigned_int_bool_bool_bool_bool_252_read_fu_220     |    0    |    0    |
|----------|---------------------------------------------------------------------------------------------------|---------|---------|
|   trunc  |                                         trunc_ln567_fu_287                                        |    0    |    0    |
|          |                                         trunc_ln622_fu_371                                        |    0    |    0    |
|----------|---------------------------------------------------------------------------------------------------|---------|---------|
|          |                                     byte_addr_assign_9_fu_363                                     |    0    |    0    |
|bitconcatenate|                                           or_ln6_fu_392                                           |    0    |    0    |
|          |                                           or_ln7_fu_430                                           |    0    |    0    |
|          |                                           or_ln8_fu_442                                           |    0    |    0    |
|----------|---------------------------------------------------------------------------------------------------|---------|---------|
|          |                                         zext_ln622_fu_376                                         |    0    |    0    |
|   zext   |                                         zext_ln623_fu_400                                         |    0    |    0    |
|          |                                         zext_ln624_fu_437                                         |    0    |    0    |
|          |                                         zext_ln625_fu_449                                         |    0    |    0    |
|----------|---------------------------------------------------------------------------------------------------|---------|---------|
|          |                                          trunc_ln_fu_381                                          |    0    |    0    |
|partselect|                                          trunc_ln1_fu_405                                         |    0    |    0    |
|          |                                          trunc_ln2_fu_415                                         |    0    |    0    |
|----------|---------------------------------------------------------------------------------------------------|---------|---------|
|   Total  |                                                                                                   |    0    |    89   |
|----------|---------------------------------------------------------------------------------------------------|---------|---------|

Memories:
N/A

* Register list:
+-------------------+--------+
|                   |   FF   |
+-------------------+--------+
|     i_reg_454     |    5   |
| trunc_ln1_reg_470 |    8   |
| trunc_ln2_reg_475 |    8   |
|trunc_ln567_reg_464|    4   |
+-------------------+--------+
|       Total       |   25   |
+-------------------+--------+

* Multiplexer (MUX) list: 
|-------------------|------|------|------|--------||---------||---------||---------|
|        Comp       |  Pin | Size |  BW  | S x BW ||  Delay  ||    FF   ||   LUT   |
|-------------------|------|------|------|--------||---------||---------||---------|
| grp_access_fu_233 |  p0  |   2  |   6  |   12   ||    0    ||    9    |
| grp_access_fu_233 |  p1  |   2  |   8  |   16   ||    0    ||    9    |
| grp_access_fu_233 |  p2  |   2  |   0  |    0   ||    0    ||    9    |
| grp_access_fu_233 |  p4  |   2  |   6  |   12   ||    0    ||    9    |
|-------------------|------|------|------|--------||---------||---------||---------|
|       Total       |      |      |      |   40   ||  1.708  ||    0    ||    36   |
|-------------------|------|------|------|--------||---------||---------||---------|



* Summary:
+-----------+--------+--------+--------+
|           |  Delay |   FF   |   LUT  |
+-----------+--------+--------+--------+
|  Function |    -   |    0   |   89   |
|   Memory  |    -   |    -   |    -   |
|Multiplexer|    1   |    0   |   36   |
|  Register |    -   |   25   |    -   |
+-----------+--------+--------+--------+
|   Total   |    1   |   25   |   125  |
+-----------+--------+--------+--------+
