/home/luka/Scripting/ELEC_498-Capstone-LiteLM/vitis_simulations/Top_Module/Top_Module/transformer_top/hls/.autopilot/db/ControlMemInterface.pp.0.cpp:2575:5: warning: Added loop label VITIS_LOOP_676_1:   [xilinx-label-all-loops]
    for (unsigned i = low; i != high+1; ++i) {
    ^~~
    VITIS_LOOP_676_1: 
/home/luka/Scripting/ELEC_498-Capstone-LiteLM/vitis_simulations/Top_Module/Top_Module/transformer_top/hls/.autopilot/db/ControlMemInterface.pp.0.cpp:2575:5: note: FIX-IT applied suggested code changes
/home/luka/Scripting/ELEC_498-Capstone-LiteLM/vitis_simulations/Top_Module/Top_Module/transformer_top/hls/.autopilot/db/ControlMemInterface.pp.0.cpp:2589:5: warning: Added loop label VITIS_LOOP_690_1:   [xilinx-label-all-loops]
    for (unsigned i = low; i != high+1; ++i) {
    ^~~
    VITIS_LOOP_690_1: 
/home/luka/Scripting/ELEC_498-Capstone-LiteLM/vitis_simulations/Top_Module/Top_Module/transformer_top/hls/.autopilot/db/ControlMemInterface.pp.0.cpp:2589:5: note: FIX-IT applied suggested code changes
/home/luka/Scripting/ELEC_498-Capstone-LiteLM/vitis_simulations/Top_Module/Top_Module/transformer_top/hls/.autopilot/db/ControlMemInterface.pp.0.cpp:2603:5: warning: Added loop label VITIS_LOOP_704_1:   [xilinx-label-all-loops]
    for (unsigned i = low; i != high+1; ++i) {
    ^~~
    VITIS_LOOP_704_1: 
/home/luka/Scripting/ELEC_498-Capstone-LiteLM/vitis_simulations/Top_Module/Top_Module/transformer_top/hls/.autopilot/db/ControlMemInterface.pp.0.cpp:2603:5: note: FIX-IT applied suggested code changes
/home/luka/Scripting/ELEC_498-Capstone-LiteLM/vitis_simulations/Top_Module/Top_Module/transformer_top/hls/.autopilot/db/ControlMemInterface.pp.0.cpp:4571:7: warning: Added loop label VITIS_LOOP_1248_1:   [xilinx-label-all-loops]
      for (i = 0; i < __N - 1; ++i) {
      ^~~
      VITIS_LOOP_1248_1: 
/home/luka/Scripting/ELEC_498-Capstone-LiteLM/vitis_simulations/Top_Module/Top_Module/transformer_top/hls/.autopilot/db/ControlMemInterface.pp.0.cpp:4571:7: note: FIX-IT applied suggested code changes
