Time resolution is 1 ps
   Cycle  Start  Reset     Busy |        State | AXIS_v AXIS_r AXIS_last | WL_rdy WL_strt_o  WL_addr WL_head WL_tile |  CmpStrt   CmpRdy  CmpDone      CmpOp
       0      -      -        - |       S_IDLE |      -      -        - |      1      -      UNK x x |        -        1        -        UNK
1             1      1        - |       S_IDLE |      -      -        - |      1      -      UNK x x |        -        1        -        UNK
2             1      1        - |       S_IDLE |      -      -        - |      1      -      UNK x x |        -        1        -        UNK
3             -      1        - |       S_IDLE |      -      -        - |      1      -      UNK x x |        -        1        -        UNK
4             -      1        - |       S_IDLE |      -      -        - |      1      -      UNK x x |        -        1        -        UNK
5             -      1        - |       S_IDLE |      -      -        - |      1      -      UNK x x |        -        1        -        UNK
6             -      1        - |       S_IDLE |      -      -        - |      1      -      UNK x x |        -        1        -        UNK
7             -      1        - |       S_IDLE |      -      -        - |      1      -      UNK x x |        -        1        -        UNK
8             -      1        - |       S_IDLE |      -      -        - |      1      -      UNK x x |        -        1        -        UNK
9             -      1        - |       S_IDLE |      -      -        - |      1      -      UNK x x |        -        1        -        UNK
10            -      1        - |       S_IDLE |      -      -        - |      1      -      UNK x x |        -        1        -        UNK
11            -      1        - |       S_IDLE |      -      -        - |      1      -      UNK x x |        -        1        -        UNK
12            -      1        - |       S_IDLE |      -      -        - |      1      -      UNK x x |        -        1        -        UNK
13            -      1        - |       S_IDLE |      -      -        - |      1      -      UNK x x |        -        1        -        UNK
14            -      1        - |       S_IDLE |      -      -        - |      1      -      UNK x x |        -        1        -        UNK
15            -      1        - |       S_IDLE |      -      -        - |      1      -      UNK x x |        -        1        -        UNK
16            -      1        - |       S_IDLE |      -      -        - |      1      -      UNK x x |        -        1        -        UNK
17            -      1        - |       S_IDLE |      -      -        - |      1      -      UNK x x |        -        1        -        UNK
18            -      1        - |       S_IDLE |      -      -        - |      1      -      UNK x x |        -        1        -        UNK
19            -      1        - |       S_IDLE |      -      -        - |      1      -      UNK x x |        -        1        -        UNK
20            -      1        - |       S_IDLE |      -      -        - |      1      -      UNK x x |        -        1        -        UNK
21            -      1        - |       S_IDLE |      -      -        - |      1      -      UNK x x |        -        1        -        UNK
22            -      1        - |       S_IDLE |      -      -        - |      1      -      UNK x x |        -        1        -        UNK
23            -      1        - |       S_IDLE |      -      -        - |      1      -      UNK x x |        -        1        -        UNK
24            -      1        - |       S_IDLE |      -      -        - |      1      -      UNK x x |        -        1        -        UNK
25            -      1        - |       S_IDLE |      -      -        - |      1      -      UNK x x |        -        1        -        UNK
26            -      1        - |       S_IDLE |      -      -        - |      1      -      UNK x x |        -        1        -        UNK
27            -      1        - |       S_IDLE |      -      -        - |      1      -      UNK x x |        -        1        -        UNK
28            -      1        - |       S_IDLE |      -      -        - |      1      -      UNK x x |        -        1        -        UNK
29            -      1        - |       S_IDLE |      -      -        - |      1      -      UNK x x |        -        1        -        UNK
30            -      1        - |       S_IDLE |      -      -        - |      1      -      UNK x x |        -        1        -        UNK
31            -      1        - |       S_IDLE |      -      -        - |      1      -      UNK x x |        -        1        -        UNK
32            -      1        - |       S_IDLE |      -      -        - |      1      -      UNK x x |        -        1        -        UNK
33            -      1        - |       S_IDLE |      -      -        - |      1      -      UNK x x |        -        1        -        UNK
34            -      1        - |       S_IDLE |      -      -        - |      1      -      UNK x x |        -        1        -        UNK
35            -      1        - |       S_IDLE |      -      -        - |      1      -      UNK x x |        -        1        -        UNK
36            -      1        - |       S_IDLE |      -      -        - |      1      -      UNK x x |        -        1        -        UNK
37            -      1        - |       S_IDLE |      -      -        - |      1      -      UNK x x |        -        1        -        UNK
38            -      1        - |       S_IDLE |      -      -        - |      1      -      UNK x x |        -        1        -        UNK
39            -      1        - |       S_IDLE |      -      -        - |      1      -      UNK x x |        -        1        -        UNK
40            -      1        - |       S_IDLE |      -      -        - |      1      -      UNK x x |        -        1        -        UNK
41            -      1        - |       S_IDLE |      -      -        - |      1      -      UNK x x |        -        1        -        UNK
42            -      1        - |       S_IDLE |      -      -        - |      1      -      UNK x x |        -        1        -        UNK
43            -      1        - |       S_IDLE |      -      -        - |      1      -      UNK x x |        -        1        -        UNK
44            -      1        - |       S_IDLE |      -      -        - |      1      -      UNK x x |        -        1        -        UNK
45            -      1        - |       S_IDLE |      -      -        - |      1      -      UNK x x |        -        1        -        UNK
46            -      1        - |       S_IDLE |      -      -        - |      1      -      UNK x x |        -        1        -        UNK
47            -      1        - |       S_IDLE |      -      -        - |      1      -      UNK x x |        -        1        -        UNK
48            -      1        - |       S_IDLE |      -      -        - |      1      -      UNK x x |        -        1        -        UNK
49            -      1        - |       S_IDLE |      -      -        - |      1      -      UNK x x |        -        1        -        UNK
50            -      1        - |       S_IDLE |      -      -        - |      1      -      UNK x x |        -        1        -        UNK
51            -      1        - |       S_IDLE |      -      -        - |      1      -      UNK x x |        -        1        -        UNK
52            -      1        - |       S_IDLE |      -      -        - |      1      -      UNK x x |        -        1        -        UNK
53            -      1        - |       S_IDLE |      -      -        - |      1      -      UNK x x |        -        1        -        UNK
54            -      1        - |       S_IDLE |      -      -        - |      1      -      UNK x x |        -        1        -        UNK
55            -      1        - |       S_IDLE |      -      -        - |      1      -      UNK x x |        -        1        -        UNK
56            -      1        - |       S_IDLE |      -      -        - |      1      -      UNK x x |        -        1        -        UNK
57            -      1        - |       S_IDLE |      -      -        - |      1      -      UNK x x |        -        1        -        UNK
58            -      1        - |       S_IDLE |      -      -        - |      1      -      UNK x x |        -        1        -        UNK
59            -      1        - |       S_IDLE |      -      -        - |      1      -      UNK x x |        -        1        -        UNK
60            -      1        - |       S_IDLE |      -      -        - |      1      -      UNK x x |        -        1        -        UNK
61            -      1        - |       S_IDLE |      -      -        - |      1      -      UNK x x |        -        1        -        UNK
62            -      1        - |       S_IDLE |      -      -        - |      1      -      UNK x x |        -        1        -        UNK
63            -      1        - |       S_IDLE |      -      -        - |      1      -      UNK x x |        -        1        -        UNK
64            -      1        - |       S_IDLE |      -      -        - |      1      -      UNK x x |        -        1        -        UNK
65            -      1        - |       S_IDLE |      -      -        - |      1      -      UNK x x |        -        1        -        UNK
66            -      1        - |       S_IDLE |      -      -        - |      1      -      UNK x x |        -        1        -        UNK
67            -      1        - |       S_IDLE |      -      -        - |      1      -      UNK x x |        -        1        -        UNK
68            -      1        - |       S_IDLE |      -      -        - |      1      -      UNK x x |        -        1        -        UNK
69            -      1        - |       S_IDLE |      -      -        - |      1      -      UNK x x |        -        1        -        UNK
70            -      1        - |       S_IDLE |      -      -        - |      1      -      UNK x x |        -        1        -        UNK
71            -      1        - |       S_IDLE |      -      -        - |      1      -      UNK x x |        -        1        -        UNK
72            -      1        - |       S_IDLE |      -      -        - |      1      -      UNK x x |        -        1        -        UNK
73            -      1        - |       S_IDLE |      -      -        - |      1      -      UNK x x |        -        1        -        UNK
74            -      1        - |       S_IDLE |      -      -        - |      1      -      UNK x x |        -        1        -        UNK
75            -      1        - |       S_IDLE |      -      -        - |      1      -      UNK x x |        -        1        -        UNK
76            -      1        - |       S_IDLE |      -      -        - |      1      -      UNK x x |        -        1        -        UNK
77            -      1        - |       S_IDLE |      -      -        - |      1      -      UNK x x |        -        1        -        UNK
78            -      1        - |       S_IDLE |      -      -        - |      1      -      UNK x x |        -        1        -        UNK
79            -      1        - |       S_IDLE |      -      -        - |      1      -      UNK x x |        -        1        -        UNK
80            -      1        - |       S_IDLE |      -      -        - |      1      -      UNK x x |        -        1        -        UNK
81            -      1        - |       S_IDLE |      -      -        - |      1      -      UNK x x |        -        1        -        UNK
82            -      1        - |       S_IDLE |      -      -        - |      1      -      UNK x x |        -        1        -        UNK
83            -      1        - |       S_IDLE |      -      -        - |      1      -      UNK x x |        -        1        -        UNK
84            -      1        - |       S_IDLE |      -      -        - |      1      -      UNK x x |        -        1        -        UNK
85            -      1        - |       S_IDLE |      -      -        - |      1      -      UNK x x |        -        1        -        UNK
86            -      1        - |       S_IDLE |      -      -        - |      1      -      UNK x x |        -        1        -        UNK
87            -      1        - |       S_IDLE |      -      -        - |      1      -      UNK x x |        -        1        -        UNK
88            -      1        - |       S_IDLE |      -      -        - |      1      -      UNK x x |        -        1        -        UNK
89            -      1        - |       S_IDLE |      -      -        - |      1      -      UNK x x |        -        1        -        UNK
90            -      1        - |       S_IDLE |      -      -        - |      1      -      UNK x x |        -        1        -        UNK
91            -      1        - |       S_IDLE |      -      -        - |      1      -      UNK x x |        -        1        -        UNK
92            -      1        - |       S_IDLE |      -      -        - |      1      -      UNK x x |        -        1        -        UNK
93            -      1        - |       S_IDLE |      -      -        - |      1      -      UNK x x |        -        1        -        UNK
94            -      1        - |       S_IDLE |      -      -        - |      1      -      UNK x x |        -        1        -        UNK
95            -      1        - |       S_IDLE |      -      -        - |      1      -      UNK x x |        -        1        -        UNK
96            -      1        - |       S_IDLE |      -      -        - |      1      -      UNK x x |        -        1        -        UNK
   Cycle  Start  Reset     Busy |        State | AXIS_v AXIS_r AXIS_last | WL_rdy WL_strt_o  WL_addr WL_head WL_tile |  CmpStrt   CmpRdy  CmpDone      CmpOp
       0      -      -        - |       S_IDLE |      -      -        - |      1      -      UNK x x |        -        1        -        UNK
1             1      1        - |       S_IDLE |      -      -        - |      1      -      UNK x x |        -        1        -        UNK
2             1      1        - |       S_IDLE |      -      -        - |      1      -      UNK x x |        -        1        -        UNK
3             -      1        - |       S_IDLE |      -      -        - |      1      -      UNK x x |        -        1        -        UNK
4             -      1        - |       S_IDLE |      -      -        - |      1      -      UNK x x |        -        1        -        UNK
5             -      1        - |       S_IDLE |      -      -        - |      1      -      UNK x x |        -        1        -        UNK
6             -      1        - |       S_IDLE |      -      -        - |      1      -      UNK x x |        -        1        -        UNK
