

================================================================
== Vitis HLS Report for 'drive_group_head_phase'
================================================================
* Date:           Tue Jan  6 12:44:51 2026

* Version:        2025.1 (Build 6135595 on May 21 2025)
* Project:        transformer_top
* Solution:       hls (Vivado IP Flow Target)
* Product family: zynquplus
* Target device:  xck26-sfvc784-2LV-c


================================================================
== Performance Estimates
================================================================
+ Timing: 
    * Summary: 
    +--------+----------+----------+------------+
    |  Clock |  Target  | Estimated| Uncertainty|
    +--------+----------+----------+------------+
    |ap_clk  |  10.00 ns|  4.511 ns|     2.70 ns|
    +--------+----------+----------+------------+

+ Latency: 
    * Summary: 
    +---------+---------+----------+----------+-----+-----+---------+
    |  Latency (cycles) |  Latency (absolute) |  Interval | Pipeline|
    |   min   |   max   |    min   |    max   | min | max |   Type  |
    +---------+---------+----------+----------+-----+-----+---------+
    |        0|        0|      0 ns|      0 ns|    0|    0|       no|
    +---------+---------+----------+----------+-----+-----+---------+

    + Detail: 
        * Instance: 
        N/A

        * Loop: 
        N/A



================================================================
== Utilization Estimates
================================================================
* Summary: 
+-----------------+---------+------+--------+--------+-----+
|       Name      | BRAM_18K|  DSP |   FF   |   LUT  | URAM|
+-----------------+---------+------+--------+--------+-----+
|DSP              |        -|     -|       -|       -|    -|
|Expression       |        -|     -|       0|    1976|    -|
|FIFO             |        -|     -|       -|       -|    -|
|Instance         |        -|     -|       -|       -|    -|
|Memory           |        -|     -|       -|       -|    -|
|Multiplexer      |        -|     -|       0|    2682|    -|
|Register         |        -|     -|       -|       -|    -|
+-----------------+---------+------+--------+--------+-----+
|Total            |        0|     0|       0|    4658|    0|
+-----------------+---------+------+--------+--------+-----+
|Available        |      288|  1248|  234240|  117120|   64|
+-----------------+---------+------+--------+--------+-----+
|Utilization (%)  |        0|     0|       0|       3|    0|
+-----------------+---------+------+--------+--------+-----+

+ Detail: 
    * Instance: 
    N/A

    * DSP: 
    N/A

    * Memory: 
    N/A

    * FIFO: 
    N/A

    * Expression: 
    +------------------------------------------------------+----------+----+---+----+------------+------------+
    |                     Variable Name                    | Operation| DSP| FF| LUT| Bitwidth P0| Bitwidth P1|
    +------------------------------------------------------+----------+----+---+----+------------+------------+
    |and_ln101_1_fu_13097_p2                               |       and|   0|  0|   2|           1|           1|
    |and_ln101_fu_10015_p2                                 |       and|   0|  0|   2|           1|           1|
    |and_ln102_1_fu_13115_p2                               |       and|   0|  0|   2|           1|           1|
    |and_ln102_fu_10033_p2                                 |       and|   0|  0|   2|           1|           1|
    |and_ln103_1_fu_13133_p2                               |       and|   0|  0|   2|           1|           1|
    |and_ln103_fu_10051_p2                                 |       and|   0|  0|   2|           1|           1|
    |and_ln104_1_fu_13151_p2                               |       and|   0|  0|   2|           1|           1|
    |and_ln104_fu_10069_p2                                 |       and|   0|  0|   2|           1|           1|
    |and_ln105_1_fu_13169_p2                               |       and|   0|  0|   2|           1|           1|
    |and_ln105_fu_10087_p2                                 |       and|   0|  0|   2|           1|           1|
    |and_ln107_1_fu_13037_p2                               |       and|   0|  0|   2|           1|           1|
    |and_ln107_fu_9955_p2                                  |       and|   0|  0|   2|           1|           1|
    |and_ln108_1_fu_13049_p2                               |       and|   0|  0|   2|           1|           1|
    |and_ln108_fu_9967_p2                                  |       and|   0|  0|   2|           1|           1|
    |and_ln109_1_fu_13061_p2                               |       and|   0|  0|   2|           1|           1|
    |and_ln109_fu_9979_p2                                  |       and|   0|  0|   2|           1|           1|
    |and_ln110_1_fu_13073_p2                               |       and|   0|  0|   2|           1|           1|
    |and_ln110_fu_9991_p2                                  |       and|   0|  0|   2|           1|           1|
    |and_ln111_1_fu_13085_p2                               |       and|   0|  0|   2|           1|           1|
    |and_ln111_fu_10003_p2                                 |       and|   0|  0|   2|           1|           1|
    |and_ln118_1_fu_13401_p2                               |       and|   0|  0|   2|           1|           1|
    |and_ln118_fu_10319_p2                                 |       and|   0|  0|   2|           1|           1|
    |and_ln119_1_fu_13413_p2                               |       and|   0|  0|   2|           1|           1|
    |and_ln119_fu_10331_p2                                 |       and|   0|  0|   2|           1|           1|
    |and_ln120_1_fu_13425_p2                               |       and|   0|  0|   2|           1|           1|
    |and_ln120_fu_10343_p2                                 |       and|   0|  0|   2|           1|           1|
    |and_ln121_1_fu_13437_p2                               |       and|   0|  0|   2|           1|           1|
    |and_ln121_fu_10355_p2                                 |       and|   0|  0|   2|           1|           1|
    |and_ln122_1_fu_13449_p2                               |       and|   0|  0|   2|           1|           1|
    |and_ln122_fu_10367_p2                                 |       and|   0|  0|   2|           1|           1|
    |and_ln123_1_fu_13461_p2                               |       and|   0|  0|   2|           1|           1|
    |and_ln123_fu_10379_p2                                 |       and|   0|  0|   2|           1|           1|
    |and_ln124_1_fu_13473_p2                               |       and|   0|  0|   2|           1|           1|
    |and_ln124_fu_10391_p2                                 |       and|   0|  0|   2|           1|           1|
    |and_ln125_1_fu_13485_p2                               |       and|   0|  0|   2|           1|           1|
    |and_ln125_fu_10403_p2                                 |       and|   0|  0|   2|           1|           1|
    |and_ln126_1_fu_13497_p2                               |       and|   0|  0|   2|           1|           1|
    |and_ln126_fu_10415_p2                                 |       and|   0|  0|   2|           1|           1|
    |and_ln127_1_fu_13509_p2                               |       and|   0|  0|   2|           1|           1|
    |and_ln127_fu_10427_p2                                 |       and|   0|  0|   2|           1|           1|
    |and_ln128_1_fu_13521_p2                               |       and|   0|  0|   2|           1|           1|
    |and_ln128_fu_10439_p2                                 |       and|   0|  0|   2|           1|           1|
    |and_ln134_10_fu_11689_p2                              |       and|   0|  0|   2|           1|           1|
    |and_ln134_11_fu_11696_p2                              |       and|   0|  0|   2|           1|           1|
    |and_ln134_12_fu_11703_p2                              |       and|   0|  0|   2|           1|           1|
    |and_ln134_13_fu_11710_p2                              |       and|   0|  0|   2|           1|           1|
    |and_ln134_14_fu_11717_p2                              |       and|   0|  0|   2|           1|           1|
    |and_ln134_15_fu_11724_p2                              |       and|   0|  0|   2|           1|           1|
    |and_ln134_16_fu_11731_p2                              |       and|   0|  0|   2|           1|           1|
    |and_ln134_17_fu_11738_p2                              |       and|   0|  0|   2|           1|           1|
    |and_ln134_18_fu_11745_p2                              |       and|   0|  0|   2|           1|           1|
    |and_ln134_19_fu_11752_p2                              |       and|   0|  0|   2|           1|           1|
    |and_ln134_1_fu_11593_p2                               |       and|   0|  0|   2|           1|           1|
    |and_ln134_20_fu_11759_p2                              |       and|   0|  0|   2|           1|           1|
    |and_ln134_21_fu_11766_p2                              |       and|   0|  0|   2|           1|           1|
    |and_ln134_22_fu_11773_p2                              |       and|   0|  0|   2|           1|           1|
    |and_ln134_23_fu_11780_p2                              |       and|   0|  0|   2|           1|           1|
    |and_ln134_24_fu_11787_p2                              |       and|   0|  0|   2|           1|           1|
    |and_ln134_25_fu_11794_p2                              |       and|   0|  0|   2|           1|           1|
    |and_ln134_26_fu_11801_p2                              |       and|   0|  0|   2|           1|           1|
    |and_ln134_27_fu_11808_p2                              |       and|   0|  0|   2|           1|           1|
    |and_ln134_28_fu_11815_p2                              |       and|   0|  0|   2|           1|           1|
    |and_ln134_29_fu_11822_p2                              |       and|   0|  0|   2|           1|           1|
    |and_ln134_2_fu_11600_p2                               |       and|   0|  0|   2|           1|           1|
    |and_ln134_30_fu_11829_p2                              |       and|   0|  0|   2|           1|           1|
    |and_ln134_31_fu_14675_p2                              |       and|   0|  0|   2|           1|           1|
    |and_ln134_32_fu_14682_p2                              |       and|   0|  0|   2|           1|           1|
    |and_ln134_33_fu_14689_p2                              |       and|   0|  0|   2|           1|           1|
    |and_ln134_34_fu_14720_p2                              |       and|   0|  0|   2|           1|           1|
    |and_ln134_35_fu_14736_p2                              |       and|   0|  0|   2|           1|           1|
    |and_ln134_36_fu_14743_p2                              |       and|   0|  0|   2|           1|           1|
    |and_ln134_37_fu_14750_p2                              |       and|   0|  0|   2|           1|           1|
    |and_ln134_38_fu_14757_p2                              |       and|   0|  0|   2|           1|           1|
    |and_ln134_39_fu_14764_p2                              |       and|   0|  0|   2|           1|           1|
    |and_ln134_3_fu_11640_p2                               |       and|   0|  0|   2|           1|           1|
    |and_ln134_40_fu_14771_p2                              |       and|   0|  0|   2|           1|           1|
    |and_ln134_41_fu_14778_p2                              |       and|   0|  0|   2|           1|           1|
    |and_ln134_42_fu_14785_p2                              |       and|   0|  0|   2|           1|           1|
    |and_ln134_43_fu_14792_p2                              |       and|   0|  0|   2|           1|           1|
    |and_ln134_44_fu_14799_p2                              |       and|   0|  0|   2|           1|           1|
    |and_ln134_45_fu_14806_p2                              |       and|   0|  0|   2|           1|           1|
    |and_ln134_46_fu_14813_p2                              |       and|   0|  0|   2|           1|           1|
    |and_ln134_47_fu_14820_p2                              |       and|   0|  0|   2|           1|           1|
    |and_ln134_48_fu_14827_p2                              |       and|   0|  0|   2|           1|           1|
    |and_ln134_49_fu_14834_p2                              |       and|   0|  0|   2|           1|           1|
    |and_ln134_4_fu_11647_p2                               |       and|   0|  0|   2|           1|           1|
    |and_ln134_50_fu_14841_p2                              |       and|   0|  0|   2|           1|           1|
    |and_ln134_51_fu_14848_p2                              |       and|   0|  0|   2|           1|           1|
    |and_ln134_52_fu_14855_p2                              |       and|   0|  0|   2|           1|           1|
    |and_ln134_53_fu_14862_p2                              |       and|   0|  0|   2|           1|           1|
    |and_ln134_54_fu_14869_p2                              |       and|   0|  0|   2|           1|           1|
    |and_ln134_55_fu_14876_p2                              |       and|   0|  0|   2|           1|           1|
    |and_ln134_56_fu_14883_p2                              |       and|   0|  0|   2|           1|           1|
    |and_ln134_57_fu_14890_p2                              |       and|   0|  0|   2|           1|           1|
    |and_ln134_58_fu_14897_p2                              |       and|   0|  0|   2|           1|           1|
    |and_ln134_59_fu_14904_p2                              |       and|   0|  0|   2|           1|           1|
    |and_ln134_5_fu_11654_p2                               |       and|   0|  0|   2|           1|           1|
    |and_ln134_60_fu_14911_p2                              |       and|   0|  0|   2|           1|           1|
    |and_ln134_61_fu_14918_p2                              |       and|   0|  0|   2|           1|           1|
    |and_ln134_6_fu_11661_p2                               |       and|   0|  0|   2|           1|           1|
    |and_ln134_7_fu_11668_p2                               |       and|   0|  0|   2|           1|           1|
    |and_ln134_8_fu_11675_p2                               |       and|   0|  0|   2|           1|           1|
    |and_ln134_9_fu_11682_p2                               |       and|   0|  0|   2|           1|           1|
    |and_ln134_fu_11586_p2                                 |       and|   0|  0|   2|           1|           1|
    |and_ln185_1_fu_14569_p2                               |       and|   0|  0|   2|           1|           1|
    |and_ln185_fu_11487_p2                                 |       and|   0|  0|   2|           1|           1|
    |and_ln190_1_fu_14575_p2                               |       and|   0|  0|   2|           1|           1|
    |and_ln190_fu_11493_p2                                 |       and|   0|  0|   2|           1|           1|
    |and_ln204_1_fu_14510_p2                               |       and|   0|  0|   2|           1|           1|
    |and_ln204_fu_11428_p2                                 |       and|   0|  0|   2|           1|           1|
    |and_ln209_1_fu_14516_p2                               |       and|   0|  0|   2|           1|           1|
    |and_ln209_fu_11434_p2                                 |       and|   0|  0|   2|           1|           1|
    |and_ln239_1_fu_14411_p2                               |       and|   0|  0|   2|           1|           1|
    |and_ln239_fu_11329_p2                                 |       and|   0|  0|   2|           1|           1|
    |and_ln244_1_fu_14417_p2                               |       and|   0|  0|   2|           1|           1|
    |and_ln244_fu_11335_p2                                 |       and|   0|  0|   2|           1|           1|
    |and_ln286_1_fu_14272_p2                               |       and|   0|  0|   2|           1|           1|
    |and_ln286_fu_11190_p2                                 |       and|   0|  0|   2|           1|           1|
    |and_ln290_1_fu_14278_p2                               |       and|   0|  0|   2|           1|           1|
    |and_ln290_fu_11196_p2                                 |       and|   0|  0|   2|           1|           1|
    |and_ln328_1_fu_14133_p2                               |       and|   0|  0|   2|           1|           1|
    |and_ln328_fu_11051_p2                                 |       and|   0|  0|   2|           1|           1|
    |and_ln332_1_fu_14139_p2                               |       and|   0|  0|   2|           1|           1|
    |and_ln332_fu_11057_p2                                 |       and|   0|  0|   2|           1|           1|
    |and_ln344_fu_14662_p2                                 |       and|   0|  0|   2|           1|           1|
    |and_ln384_1_fu_11873_p2                               |       and|   0|  0|   2|           1|           1|
    |and_ln384_fu_8790_p2                                  |       and|   0|  0|   2|           1|           1|
    |head_ctx_ref_att_scores_compute_done_0_0_fu_9555_p2   |       and|   0|  0|   2|           1|           1|
    |head_ctx_ref_att_scores_compute_done_1_1_fu_12679_p2  |       and|   0|  0|   2|           1|           1|
    |head_ctx_ref_att_scores_dma_done_0_0_fu_9603_p2       |       and|   0|  0|   2|           1|           1|
    |head_ctx_ref_att_scores_dma_done_1_1_fu_12727_p2      |       and|   0|  0|   2|           1|           1|
    |head_ctx_ref_att_scores_started_0_0_fu_9323_p2        |       and|   0|  0|   2|           1|           1|
    |head_ctx_ref_att_scores_started_1_1_fu_12448_p2       |       and|   0|  0|   2|           1|           1|
    |head_ctx_ref_att_value_compute_done_0_0_fu_9573_p2    |       and|   0|  0|   2|           1|           1|
    |head_ctx_ref_att_value_compute_done_1_1_fu_12697_p2   |       and|   0|  0|   2|           1|           1|
    |head_ctx_ref_att_value_dma_done_0_0_fu_9609_p2        |       and|   0|  0|   2|           1|           1|
    |head_ctx_ref_att_value_dma_done_1_1_fu_12733_p2       |       and|   0|  0|   2|           1|           1|
    |head_ctx_ref_att_value_started_0_0_fu_9440_p2         |       and|   0|  0|   2|           1|           1|
    |head_ctx_ref_att_value_started_1_1_fu_12565_p2        |       and|   0|  0|   2|           1|           1|
    |head_ctx_ref_compute_done_0_0_fu_8829_p2              |       and|   0|  0|   2|           1|           1|
    |head_ctx_ref_compute_done_1_1_fu_11912_p2             |       and|   0|  0|   2|           1|           1|
    |head_ctx_ref_compute_ready_0_0_fu_8975_p2             |       and|   0|  0|   2|           1|           1|
    |head_ctx_ref_compute_ready_1_1_fu_11959_p2            |       and|   0|  0|   2|           1|           1|
    |head_ctx_ref_compute_start_0_0_fu_8870_p2             |       and|   0|  0|   2|           1|           1|
    |head_ctx_ref_compute_start_0_1_fu_9831_p2             |       and|   0|  0|   2|           1|           1|
    |head_ctx_ref_compute_start_1_1_fu_11953_p2            |       and|   0|  0|   2|           1|           1|
    |head_ctx_ref_compute_start_1_2_fu_12913_p2            |       and|   0|  0|   2|           1|           1|
    |head_ctx_ref_dma_done_0_0_fu_9005_p2                  |       and|   0|  0|   2|           1|           1|
    |head_ctx_ref_dma_done_1_1_fu_12088_p2                 |       and|   0|  0|   2|           1|           1|
    |head_ctx_ref_k_compute_done_0_0_fu_9525_p2            |       and|   0|  0|   2|           1|           1|
    |head_ctx_ref_k_compute_done_1_1_fu_12649_p2           |       and|   0|  0|   2|           1|           1|
    |head_ctx_ref_k_dma_done_0_0_fu_9591_p2                |       and|   0|  0|   2|           1|           1|
    |head_ctx_ref_k_dma_done_1_1_fu_12715_p2               |       and|   0|  0|   2|           1|           1|
    |head_ctx_ref_k_requant_compute_done_0_0_fu_9531_p2    |       and|   0|  0|   2|           1|           1|
    |head_ctx_ref_k_requant_compute_done_1_1_fu_12655_p2   |       and|   0|  0|   2|           1|           1|
    |head_ctx_ref_k_requant_started_0_0_fu_9167_p2         |       and|   0|  0|   2|           1|           1|
    |head_ctx_ref_k_requant_started_1_1_fu_12292_p2        |       and|   0|  0|   2|           1|           1|
    |head_ctx_ref_k_started_0_0_fu_9128_p2                 |       and|   0|  0|   2|           1|           1|
    |head_ctx_ref_k_started_1_1_fu_12253_p2                |       and|   0|  0|   2|           1|           1|
    |head_ctx_ref_q_compute_done_0_0_fu_9519_p2            |       and|   0|  0|   2|           1|           1|
    |head_ctx_ref_q_compute_done_1_1_fu_12643_p2           |       and|   0|  0|   2|           1|           1|
    |head_ctx_ref_q_dma_done_0_0_fu_9585_p2                |       and|   0|  0|   2|           1|           1|
    |head_ctx_ref_q_dma_done_1_1_fu_12709_p2               |       and|   0|  0|   2|           1|           1|
    |head_ctx_ref_q_started_0_0_fu_9089_p2                 |       and|   0|  0|   2|           1|           1|
    |head_ctx_ref_q_started_1_1_fu_12214_p2                |       and|   0|  0|   2|           1|           1|
    |head_ctx_ref_requant2_compute_done_0_0_fu_9579_p2     |       and|   0|  0|   2|           1|           1|
    |head_ctx_ref_requant2_compute_done_1_1_fu_12703_p2    |       and|   0|  0|   2|           1|           1|
    |head_ctx_ref_requant2_started_0_0_fu_9479_p2          |       and|   0|  0|   2|           1|           1|
    |head_ctx_ref_requant2_started_1_1_fu_12604_p2         |       and|   0|  0|   2|           1|           1|
    |head_ctx_ref_requant_q_compute_done_0_0_fu_9549_p2    |       and|   0|  0|   2|           1|           1|
    |head_ctx_ref_requant_q_compute_done_1_1_fu_12673_p2   |       and|   0|  0|   2|           1|           1|
    |head_ctx_ref_requant_q_started_0_0_fu_9284_p2         |       and|   0|  0|   2|           1|           1|
    |head_ctx_ref_requant_q_started_1_1_fu_12409_p2        |       and|   0|  0|   2|           1|           1|
    |head_ctx_ref_softmax_compute_done_0_0_fu_9567_p2      |       and|   0|  0|   2|           1|           1|
    |head_ctx_ref_softmax_compute_done_1_1_fu_12691_p2     |       and|   0|  0|   2|           1|           1|
    |head_ctx_ref_softmax_started_0_0_fu_9401_p2           |       and|   0|  0|   2|           1|           1|
    |head_ctx_ref_softmax_started_1_1_fu_12526_p2          |       and|   0|  0|   2|           1|           1|
    |head_ctx_ref_start_head_0_0_fu_9047_p2                |       and|   0|  0|   2|           1|           1|
    |head_ctx_ref_start_head_1_1_fu_12172_p2               |       and|   0|  0|   2|           1|           1|
    |head_ctx_ref_v_compute_done_0_0_fu_9537_p2            |       and|   0|  0|   2|           1|           1|
    |head_ctx_ref_v_compute_done_1_1_fu_12661_p2           |       and|   0|  0|   2|           1|           1|
    |head_ctx_ref_v_dma_done_0_0_fu_9597_p2                |       and|   0|  0|   2|           1|           1|
    |head_ctx_ref_v_dma_done_1_1_fu_12721_p2               |       and|   0|  0|   2|           1|           1|
    |head_ctx_ref_v_requant_compute_done_0_0_fu_9543_p2    |       and|   0|  0|   2|           1|           1|
    |head_ctx_ref_v_requant_compute_done_1_1_fu_12667_p2   |       and|   0|  0|   2|           1|           1|
    |head_ctx_ref_v_requant_started_0_0_fu_9245_p2         |       and|   0|  0|   2|           1|           1|
    |head_ctx_ref_v_requant_started_1_1_fu_12370_p2        |       and|   0|  0|   2|           1|           1|
    |head_ctx_ref_v_started_0_0_fu_9206_p2                 |       and|   0|  0|   2|           1|           1|
    |head_ctx_ref_v_started_1_1_fu_12331_p2                |       and|   0|  0|   2|           1|           1|
    |head_ctx_ref_val_scale_compute_done_0_0_fu_9561_p2    |       and|   0|  0|   2|           1|           1|
    |head_ctx_ref_val_scale_compute_done_1_1_fu_12685_p2   |       and|   0|  0|   2|           1|           1|
    |head_ctx_ref_val_scale_started_0_0_fu_9362_p2         |       and|   0|  0|   2|           1|           1|
    |head_ctx_ref_val_scale_started_1_1_fu_12487_p2        |       and|   0|  0|   2|           1|           1|
    |head_ctx_ref_wl_ready_0_0_fu_9615_p2                  |       and|   0|  0|   2|           1|           1|
    |head_ctx_ref_wl_ready_1_1_fu_12130_p2                 |       and|   0|  0|   2|           1|           1|
    |head_ctx_ref_wl_start_0_1_fu_9783_p2                  |       and|   0|  0|   2|           1|           1|
    |head_ctx_ref_wl_start_1_2_fu_12865_p2                 |       and|   0|  0|   2|           1|           1|
    |not_or_ln94_1_fu_12949_p2                             |       and|   0|  0|   2|           1|           1|
    |not_or_ln94_fu_9867_p2                                |       and|   0|  0|   2|           1|           1|
    |not_sel_tmp1_fu_10451_p2                              |       and|   0|  0|   2|           1|           1|
    |not_sel_tmp82_fu_13533_p2                             |       and|   0|  0|   2|           1|           1|
    |or_ln118_1_fu_13539_p2                                |       and|   0|  0|   2|           1|           1|
    |or_ln118_fu_10457_p2                                  |       and|   0|  0|   2|           1|           1|
    |or_ln119_1_fu_13586_p2                                |       and|   0|  0|   2|           1|           1|
    |or_ln119_fu_10504_p2                                  |       and|   0|  0|   2|           1|           1|
    |or_ln120_1_fu_13633_p2                                |       and|   0|  0|   2|           1|           1|
    |or_ln120_fu_10551_p2                                  |       and|   0|  0|   2|           1|           1|
    |or_ln121_1_fu_13679_p2                                |       and|   0|  0|   2|           1|           1|
    |or_ln121_fu_10597_p2                                  |       and|   0|  0|   2|           1|           1|
    |or_ln122_1_fu_13726_p2                                |       and|   0|  0|   2|           1|           1|
    |or_ln122_fu_10644_p2                                  |       and|   0|  0|   2|           1|           1|
    |or_ln123_1_fu_13772_p2                                |       and|   0|  0|   2|           1|           1|
    |or_ln123_fu_10690_p2                                  |       and|   0|  0|   2|           1|           1|
    |or_ln124_1_fu_13818_p2                                |       and|   0|  0|   2|           1|           1|
    |or_ln124_fu_10736_p2                                  |       and|   0|  0|   2|           1|           1|
    |or_ln125_1_fu_13865_p2                                |       and|   0|  0|   2|           1|           1|
    |or_ln125_fu_10783_p2                                  |       and|   0|  0|   2|           1|           1|
    |or_ln126_1_fu_13911_p2                                |       and|   0|  0|   2|           1|           1|
    |or_ln126_fu_10829_p2                                  |       and|   0|  0|   2|           1|           1|
    |or_ln127_2_fu_13957_p2                                |       and|   0|  0|   2|           1|           1|
    |or_ln127_fu_10875_p2                                  |       and|   0|  0|   2|           1|           1|
    |or_ln128_1_fu_14004_p2                                |       and|   0|  0|   2|           1|           1|
    |or_ln128_fu_10922_p2                                  |       and|   0|  0|   2|           1|           1|
    |or_ln89_1_fu_12823_p2                                 |       and|   0|  0|   2|           1|           1|
    |or_ln89_fu_9741_p2                                    |       and|   0|  0|   2|           1|           1|
    |icmp_ln101_1_fu_13091_p2                              |      icmp|   0|  0|  12|           4|           1|
    |icmp_ln101_fu_10009_p2                                |      icmp|   0|  0|  12|           4|           1|
    |icmp_ln102_1_fu_13109_p2                              |      icmp|   0|  0|  12|           4|           2|
    |icmp_ln102_fu_10027_p2                                |      icmp|   0|  0|  12|           4|           2|
    |icmp_ln103_1_fu_13127_p2                              |      icmp|   0|  0|  12|           4|           2|
    |icmp_ln103_fu_10045_p2                                |      icmp|   0|  0|  12|           4|           2|
    |icmp_ln104_1_fu_13145_p2                              |      icmp|   0|  0|  12|           4|           3|
    |icmp_ln104_fu_10063_p2                                |      icmp|   0|  0|  12|           4|           3|
    |icmp_ln105_1_fu_13163_p2                              |      icmp|   0|  0|  12|           4|           3|
    |icmp_ln105_fu_10081_p2                                |      icmp|   0|  0|  12|           4|           3|
    |icmp_ln118_1_fu_13395_p2                              |      icmp|   0|  0|  15|           8|           1|
    |icmp_ln118_fu_10313_p2                                |      icmp|   0|  0|  15|           8|           1|
    |icmp_ln119_1_fu_13407_p2                              |      icmp|   0|  0|  15|           8|           2|
    |icmp_ln119_fu_10325_p2                                |      icmp|   0|  0|  15|           8|           2|
    |icmp_ln120_1_fu_13419_p2                              |      icmp|   0|  0|  15|           8|           2|
    |icmp_ln120_fu_10337_p2                                |      icmp|   0|  0|  15|           8|           2|
    |icmp_ln121_1_fu_13431_p2                              |      icmp|   0|  0|  15|           8|           3|
    |icmp_ln121_fu_10349_p2                                |      icmp|   0|  0|  15|           8|           3|
    |icmp_ln122_1_fu_13443_p2                              |      icmp|   0|  0|  15|           8|           3|
    |icmp_ln122_fu_10361_p2                                |      icmp|   0|  0|  15|           8|           3|
    |icmp_ln123_1_fu_13455_p2                              |      icmp|   0|  0|  15|           8|           3|
    |icmp_ln123_fu_10373_p2                                |      icmp|   0|  0|  15|           8|           3|
    |icmp_ln124_1_fu_13467_p2                              |      icmp|   0|  0|  15|           8|           3|
    |icmp_ln124_fu_10385_p2                                |      icmp|   0|  0|  15|           8|           3|
    |icmp_ln125_1_fu_13479_p2                              |      icmp|   0|  0|  15|           8|           4|
    |icmp_ln125_fu_10397_p2                                |      icmp|   0|  0|  15|           8|           4|
    |icmp_ln126_1_fu_13491_p2                              |      icmp|   0|  0|  15|           8|           4|
    |icmp_ln126_fu_10409_p2                                |      icmp|   0|  0|  15|           8|           4|
    |icmp_ln127_1_fu_13503_p2                              |      icmp|   0|  0|  15|           8|           4|
    |icmp_ln127_fu_10421_p2                                |      icmp|   0|  0|  15|           8|           4|
    |icmp_ln128_1_fu_13515_p2                              |      icmp|   0|  0|  15|           8|           4|
    |icmp_ln128_fu_10433_p2                                |      icmp|   0|  0|  15|           8|           4|
    |icmp_ln384_1_fu_11867_p2                              |      icmp|   0|  0|  12|           4|           1|
    |icmp_ln384_fu_8784_p2                                 |      icmp|   0|  0|  12|           4|           1|
    |icmp_ln386_1_fu_11880_p2                              |      icmp|   0|  0|  12|           4|           3|
    |icmp_ln386_fu_8797_p2                                 |      icmp|   0|  0|  12|           4|           3|
    |icmp_ln86_1_fu_11886_p2                               |      icmp|   0|  0|  39|          32|          32|
    |icmp_ln86_fu_8803_p2                                  |      icmp|   0|  0|  39|          32|          32|
    |head_ctx_ref_att_scores_compute_done_0_2_fu_10742_p2  |        or|   0|  0|   2|           1|           1|
    |head_ctx_ref_att_scores_compute_done_1_3_fu_13824_p2  |        or|   0|  0|   2|           1|           1|
    |head_ctx_ref_att_value_compute_done_0_2_fu_10881_p2   |        or|   0|  0|   2|           1|           1|
    |head_ctx_ref_att_value_compute_done_1_3_fu_13963_p2   |        or|   0|  0|   2|           1|           1|
    |head_ctx_ref_k_compute_done_0_2_fu_10510_p2           |        or|   0|  0|   2|           1|           1|
    |head_ctx_ref_k_compute_done_1_3_fu_13592_p2           |        or|   0|  0|   2|           1|           1|
    |head_ctx_ref_k_requant_compute_done_0_2_fu_10557_p2   |        or|   0|  0|   2|           1|           1|
    |head_ctx_ref_k_requant_compute_done_1_3_fu_13639_p2   |        or|   0|  0|   2|           1|           1|
    |head_ctx_ref_q_compute_done_0_2_fu_10463_p2           |        or|   0|  0|   2|           1|           1|
    |head_ctx_ref_q_compute_done_1_3_fu_13545_p2           |        or|   0|  0|   2|           1|           1|
    |head_ctx_ref_requant2_compute_done_0_2_fu_10928_p2    |        or|   0|  0|   2|           1|           1|
    |head_ctx_ref_requant2_compute_done_1_3_fu_14010_p2    |        or|   0|  0|   2|           1|           1|
    |head_ctx_ref_requant_q_compute_done_0_2_fu_10696_p2   |        or|   0|  0|   2|           1|           1|
    |head_ctx_ref_requant_q_compute_done_1_3_fu_13778_p2   |        or|   0|  0|   2|           1|           1|
    |head_ctx_ref_softmax_compute_done_0_2_fu_10835_p2     |        or|   0|  0|   2|           1|           1|
    |head_ctx_ref_softmax_compute_done_1_3_fu_13917_p2     |        or|   0|  0|   2|           1|           1|
    |head_ctx_ref_v_compute_done_0_2_fu_10603_p2           |        or|   0|  0|   2|           1|           1|
    |head_ctx_ref_v_compute_done_1_3_fu_13685_p2           |        or|   0|  0|   2|           1|           1|
    |head_ctx_ref_v_requant_compute_done_0_2_fu_10650_p2   |        or|   0|  0|   2|           1|           1|
    |head_ctx_ref_v_requant_compute_done_1_3_fu_13732_p2   |        or|   0|  0|   2|           1|           1|
    |head_ctx_ref_val_scale_compute_done_0_2_fu_10789_p2   |        or|   0|  0|   2|           1|           1|
    |head_ctx_ref_val_scale_compute_done_1_3_fu_13871_p2   |        or|   0|  0|   2|           1|           1|
    |or_ln100_1_fu_13025_p2                                |        or|   0|  0|   2|           1|           1|
    |or_ln100_fu_9943_p2                                   |        or|   0|  0|   2|           1|           1|
    |or_ln101_1_fu_13103_p2                                |        or|   0|  0|   2|           1|           1|
    |or_ln101_fu_10021_p2                                  |        or|   0|  0|   2|           1|           1|
    |or_ln102_1_fu_13121_p2                                |        or|   0|  0|   2|           1|           1|
    |or_ln102_fu_10039_p2                                  |        or|   0|  0|   2|           1|           1|
    |or_ln103_1_fu_13139_p2                                |        or|   0|  0|   2|           1|           1|
    |or_ln103_fu_10057_p2                                  |        or|   0|  0|   2|           1|           1|
    |or_ln104_1_fu_13157_p2                                |        or|   0|  0|   2|           1|           1|
    |or_ln104_fu_10075_p2                                  |        or|   0|  0|   2|           1|           1|
    |or_ln105_1_fu_13175_p2                                |        or|   0|  0|   2|           1|           1|
    |or_ln105_fu_10093_p2                                  |        or|   0|  0|   2|           1|           1|
    |or_ln134_1_fu_11624_p2                                |        or|   0|  0|   2|           1|           1|
    |or_ln134_2_fu_14696_p2                                |        or|   0|  0|   2|           1|           1|
    |or_ln134_3_fu_14703_p2                                |        or|   0|  0|   2|           1|           1|
    |or_ln134_fu_11607_p2                                  |        or|   0|  0|   2|           1|           1|
    |or_ln178_1_fu_14563_p2                                |        or|   0|  0|   2|           1|           1|
    |or_ln178_fu_11481_p2                                  |        or|   0|  0|   2|           1|           1|
    |or_ln190_1_fu_14588_p2                                |        or|   0|  0|   2|           1|           1|
    |or_ln190_fu_11506_p2                                  |        or|   0|  0|   2|           1|           1|
    |or_ln197_1_fu_14504_p2                                |        or|   0|  0|   2|           1|           1|
    |or_ln197_fu_11422_p2                                  |        or|   0|  0|   2|           1|           1|
    |or_ln209_1_fu_14529_p2                                |        or|   0|  0|   2|           1|           1|
    |or_ln209_fu_11447_p2                                  |        or|   0|  0|   2|           1|           1|
    |or_ln216_1_fu_14464_p2                                |        or|   0|  0|   2|           1|           1|
    |or_ln216_fu_11382_p2                                  |        or|   0|  0|   2|           1|           1|
    |or_ln221_1_fu_14488_p2                                |        or|   0|  0|   2|           1|           1|
    |or_ln221_fu_11406_p2                                  |        or|   0|  0|   2|           1|           1|
    |or_ln232_1_fu_14405_p2                                |        or|   0|  0|   2|           1|           1|
    |or_ln232_fu_11323_p2                                  |        or|   0|  0|   2|           1|           1|
    |or_ln244_1_fu_14430_p2                                |        or|   0|  0|   2|           1|           1|
    |or_ln244_fu_11348_p2                                  |        or|   0|  0|   2|           1|           1|
    |or_ln251_1_fu_14365_p2                                |        or|   0|  0|   2|           1|           1|
    |or_ln251_fu_11283_p2                                  |        or|   0|  0|   2|           1|           1|
    |or_ln256_1_fu_14389_p2                                |        or|   0|  0|   2|           1|           1|
    |or_ln256_fu_11307_p2                                  |        or|   0|  0|   2|           1|           1|
    |or_ln267_1_fu_14325_p2                                |        or|   0|  0|   2|           1|           1|
    |or_ln267_fu_11243_p2                                  |        or|   0|  0|   2|           1|           1|
    |or_ln272_1_fu_14349_p2                                |        or|   0|  0|   2|           1|           1|
    |or_ln272_fu_11267_p2                                  |        or|   0|  0|   2|           1|           1|
    |or_ln279_1_fu_14266_p2                                |        or|   0|  0|   2|           1|           1|
    |or_ln279_fu_11184_p2                                  |        or|   0|  0|   2|           1|           1|
    |or_ln290_1_fu_14291_p2                                |        or|   0|  0|   2|           1|           1|
    |or_ln290_fu_11209_p2                                  |        or|   0|  0|   2|           1|           1|
    |or_ln297_1_fu_14226_p2                                |        or|   0|  0|   2|           1|           1|
    |or_ln297_fu_11144_p2                                  |        or|   0|  0|   2|           1|           1|
    |or_ln302_1_fu_14250_p2                                |        or|   0|  0|   2|           1|           1|
    |or_ln302_fu_11168_p2                                  |        or|   0|  0|   2|           1|           1|
    |or_ln309_1_fu_14186_p2                                |        or|   0|  0|   2|           1|           1|
    |or_ln309_fu_11104_p2                                  |        or|   0|  0|   2|           1|           1|
    |or_ln314_1_fu_14210_p2                                |        or|   0|  0|   2|           1|           1|
    |or_ln314_fu_11128_p2                                  |        or|   0|  0|   2|           1|           1|
    |or_ln321_1_fu_14127_p2                                |        or|   0|  0|   2|           1|           1|
    |or_ln321_fu_11045_p2                                  |        or|   0|  0|   2|           1|           1|
    |or_ln332_1_fu_14152_p2                                |        or|   0|  0|   2|           1|           1|
    |or_ln332_fu_11070_p2                                  |        or|   0|  0|   2|           1|           1|
    |or_ln339_1_fu_14622_p2                                |        or|   0|  0|   2|           1|           1|
    |or_ln339_fu_11540_p2                                  |        or|   0|  0|   2|           1|           1|
    |or_ln344_1_fu_14646_p2                                |        or|   0|  0|   2|           1|           1|
    |or_ln344_fu_11564_p2                                  |        or|   0|  0|   2|           1|           1|
    |or_ln94_1_fu_12907_p2                                 |        or|   0|  0|   2|           1|           1|
    |or_ln94_fu_9825_p2                                    |        or|   0|  0|   2|           1|           1|
    |write_flag13_2_fu_12955_p2                            |        or|   0|  0|   2|           1|           1|
    |write_flag24_1_fu_9747_p2                             |        or|   0|  0|   2|           1|           1|
    |write_flag27_2_fu_12829_p2                            |        or|   0|  0|   2|           1|           1|
    |write_flag_1_fu_9873_p2                               |        or|   0|  0|   2|           1|           1|
    |empty_11_fu_9727_p3                                   |    select|   0|  0|   4|           1|           4|
    |empty_12_fu_12809_p3                                  |    select|   0|  0|   4|           1|           4|
    |head_ctx_ref_att_scores_dma_done_0_3_fu_10225_p3      |    select|   0|  0|   2|           1|           1|
    |head_ctx_ref_att_scores_dma_done_1_4_fu_13307_p3      |    select|   0|  0|   2|           1|           1|
    |head_ctx_ref_att_value_dma_done_0_3_fu_10267_p3       |    select|   0|  0|   2|           1|           1|
    |head_ctx_ref_att_value_dma_done_1_4_fu_13349_p3       |    select|   0|  0|   2|           1|           1|
    |head_ctx_ref_compute_op_0_1_fu_9904_p3                |    select|   0|  0|  32|           1|          32|
    |head_ctx_ref_compute_op_1_2_fu_12986_p3               |    select|   0|  0|  32|           1|          32|
    |head_ctx_ref_k_dma_done_0_3_fu_10141_p3               |    select|   0|  0|   2|           1|           1|
    |head_ctx_ref_k_dma_done_1_4_fu_13223_p3               |    select|   0|  0|   2|           1|           1|
    |head_ctx_ref_last_wl_addr_0_0_fu_9657_p3              |    select|   0|  0|   4|           1|           4|
    |head_ctx_ref_last_wl_addr_1_1_fu_12739_p3             |    select|   0|  0|   4|           1|           4|
    |head_ctx_ref_q_dma_done_0_3_fu_10099_p3               |    select|   0|  0|   2|           1|           1|
    |head_ctx_ref_q_dma_done_1_4_fu_13181_p3               |    select|   0|  0|   2|           1|           1|
    |head_ctx_ref_v_dma_done_0_3_fu_10183_p3               |    select|   0|  0|   2|           1|           1|
    |head_ctx_ref_v_dma_done_1_4_fu_13265_p3               |    select|   0|  0|   2|           1|           1|
    |packed_op_assign_1_fu_12777_p3                        |    select|   0|  0|  32|           1|          32|
    |packed_op_assign_fu_9695_p3                           |    select|   0|  0|  32|           1|          32|
    |select_ln134_1_fu_11631_p3                            |    select|   0|  0|  32|           1|          32|
    |select_ln134_2_fu_11836_p3                            |    select|   0|  0|   4|           1|           1|
    |select_ln134_3_fu_11845_p3                            |    select|   0|  0|  32|           1|          32|
    |select_ln134_4_fu_14711_p3                            |    select|   0|  0|  32|           1|          32|
    |select_ln134_5_fu_14727_p3                            |    select|   0|  0|  32|           1|          32|
    |select_ln134_6_fu_14925_p3                            |    select|   0|  0|   4|           1|           1|
    |select_ln134_7_fu_14934_p3                            |    select|   0|  0|  32|           1|          32|
    |select_ln134_fu_11615_p3                              |    select|   0|  0|  32|           1|          32|
    |select_ln190_1_fu_14595_p3                            |    select|   0|  0|   2|           1|           2|
    |select_ln190_fu_11513_p3                              |    select|   0|  0|   2|           1|           2|
    |select_ln209_1_fu_14536_p3                            |    select|   0|  0|   2|           1|           2|
    |select_ln209_fu_11454_p3                              |    select|   0|  0|   2|           1|           2|
    |select_ln221_1_fu_14495_p3                            |    select|   0|  0|   3|           1|           3|
    |select_ln221_fu_11413_p3                              |    select|   0|  0|   3|           1|           3|
    |select_ln244_1_fu_14437_p3                            |    select|   0|  0|   3|           1|           3|
    |select_ln244_fu_11355_p3                              |    select|   0|  0|   3|           1|           3|
    |select_ln256_1_fu_14396_p3                            |    select|   0|  0|   3|           1|           3|
    |select_ln256_fu_11314_p3                              |    select|   0|  0|   3|           1|           3|
    |select_ln272_1_fu_14356_p3                            |    select|   0|  0|   4|           1|           4|
    |select_ln272_fu_11274_p3                              |    select|   0|  0|   4|           1|           4|
    |select_ln290_1_fu_14298_p3                            |    select|   0|  0|   4|           1|           4|
    |select_ln290_fu_11216_p3                              |    select|   0|  0|   4|           1|           4|
    |select_ln302_1_fu_14257_p3                            |    select|   0|  0|   4|           1|           4|
    |select_ln302_fu_11175_p3                              |    select|   0|  0|   4|           1|           4|
    |select_ln314_1_fu_14217_p3                            |    select|   0|  0|   4|           1|           4|
    |select_ln314_fu_11135_p3                              |    select|   0|  0|   4|           1|           4|
    |select_ln332_1_fu_14159_p3                            |    select|   0|  0|   3|           1|           3|
    |select_ln332_fu_11077_p3                              |    select|   0|  0|   3|           1|           3|
    |select_ln344_1_fu_14653_p3                            |    select|   0|  0|   3|           1|           3|
    |select_ln344_fu_11571_p3                              |    select|   0|  0|   3|           1|           3|
    |select_ln398_10_fu_15044_p3                           |    select|   0|  0|   4|           1|           4|
    |select_ln398_11_fu_15056_p3                           |    select|   0|  0|   4|           1|           4|
    |select_ln398_1_fu_14964_p3                            |    select|   0|  0|  32|           1|          32|
    |select_ln398_2_fu_14972_p3                            |    select|   0|  0|   4|           1|           4|
    |select_ln398_3_fu_14984_p3                            |    select|   0|  0|   4|           1|           4|
    |select_ln398_4_fu_14996_p3                            |    select|   0|  0|  32|           1|          32|
    |select_ln398_5_fu_15004_p3                            |    select|   0|  0|  32|           1|          32|
    |select_ln398_6_fu_15012_p3                            |    select|   0|  0|  32|           1|          32|
    |select_ln398_7_fu_15020_p3                            |    select|   0|  0|  32|           1|          32|
    |select_ln398_8_fu_15028_p3                            |    select|   0|  0|  32|           1|          32|
    |select_ln398_9_fu_15036_p3                            |    select|   0|  0|  32|           1|          32|
    |select_ln398_fu_14956_p3                              |    select|   0|  0|  32|           1|          32|
    |head_ctx_ref_compute_ready_0_0_not_fu_9861_p2         |       xor|   0|  0|   2|           1|           2|
    |head_ctx_ref_compute_ready_1_1_not_fu_12943_p2        |       xor|   0|  0|   2|           1|           2|
    |head_ctx_ref_compute_start_0_1_not_fu_10445_p2        |       xor|   0|  0|   2|           1|           2|
    |head_ctx_ref_compute_start_1_2_not_fu_13527_p2        |       xor|   0|  0|   2|           1|           2|
    |not_head_ctx_ref_wl_ready_0_0_fu_9735_p2              |       xor|   0|  0|   2|           1|           2|
    |not_head_ctx_ref_wl_ready_1_1_fu_12817_p2             |       xor|   0|  0|   2|           1|           2|
    |not_icmp_ln86_1_fu_11989_p2                           |       xor|   0|  0|   2|           1|           2|
    |not_icmp_ln86_fu_8876_p2                              |       xor|   0|  0|   2|           1|           2|
    |xor_ln100_1_fu_13019_p2                               |       xor|   0|  0|   2|           1|           2|
    |xor_ln100_fu_9937_p2                                  |       xor|   0|  0|   2|           1|           2|
    |xor_ln107_1_fu_13031_p2                               |       xor|   0|  0|   2|           1|           2|
    |xor_ln107_fu_9949_p2                                  |       xor|   0|  0|   2|           1|           2|
    |xor_ln108_1_fu_13043_p2                               |       xor|   0|  0|   2|           1|           2|
    |xor_ln108_fu_9961_p2                                  |       xor|   0|  0|   2|           1|           2|
    |xor_ln109_1_fu_13055_p2                               |       xor|   0|  0|   2|           1|           2|
    |xor_ln109_fu_9973_p2                                  |       xor|   0|  0|   2|           1|           2|
    |xor_ln110_1_fu_13067_p2                               |       xor|   0|  0|   2|           1|           2|
    |xor_ln110_fu_9985_p2                                  |       xor|   0|  0|   2|           1|           2|
    |xor_ln111_1_fu_13079_p2                               |       xor|   0|  0|   2|           1|           2|
    |xor_ln111_fu_9997_p2                                  |       xor|   0|  0|   2|           1|           2|
    |xor_ln134_1_fu_14669_p2                               |       xor|   0|  0|   2|           2|           1|
    |xor_ln134_fu_11580_p2                                 |       xor|   0|  0|   2|           2|           1|
    |xor_ln190_1_fu_14581_p2                               |       xor|   0|  0|   2|           1|           1|
    |xor_ln190_fu_11499_p2                                 |       xor|   0|  0|   2|           1|           1|
    |xor_ln209_1_fu_14522_p2                               |       xor|   0|  0|   2|           1|           1|
    |xor_ln209_fu_11440_p2                                 |       xor|   0|  0|   2|           1|           1|
    |xor_ln244_1_fu_14423_p2                               |       xor|   0|  0|   2|           1|           1|
    |xor_ln244_fu_11341_p2                                 |       xor|   0|  0|   2|           1|           1|
    |xor_ln290_1_fu_14284_p2                               |       xor|   0|  0|   2|           1|           1|
    |xor_ln290_fu_11202_p2                                 |       xor|   0|  0|   2|           1|           1|
    |xor_ln332_1_fu_14145_p2                               |       xor|   0|  0|   2|           1|           1|
    |xor_ln332_fu_11063_p2                                 |       xor|   0|  0|   2|           1|           1|
    |xor_ln94_1_fu_12901_p2                                |       xor|   0|  0|   2|           1|           2|
    |xor_ln94_fu_9819_p2                                   |       xor|   0|  0|   2|           1|           2|
    +------------------------------------------------------+----------+----+---+----+------------+------------+
    |Total                                                 |          |   0|  0|1976|         705|        1219|
    +------------------------------------------------------+----------+----+---+----+------------+------------+

    * Multiplexer: 
    +---------------------------------------------------------------------+----+-----------+-----+-----------+
    |                                 Name                                | LUT| Input Size| Bits| Total Bits|
    +---------------------------------------------------------------------+----+-----------+-----+-----------+
    |ap_phi_mux_group_finished_1_phi_fu_8668_p74                          |  20|          4|    1|          4|
    |ap_phi_mux_group_finished_phi_fu_4666_p74                            |  20|          4|    1|          4|
    |ap_phi_mux_head_ctx_ref_att_scores_compute_done_0_4_phi_fu_3347_p74  |  20|          4|    1|          4|
    |ap_phi_mux_head_ctx_ref_att_scores_compute_done_1_0_phi_fu_7349_p74  |  20|          4|    1|          4|
    |ap_phi_mux_head_ctx_ref_att_scores_dma_done_0_5_phi_fu_3993_p74      |  26|          5|    1|          5|
    |ap_phi_mux_head_ctx_ref_att_scores_dma_done_1_0_phi_fu_7995_p74      |  26|          5|    1|          5|
    |ap_phi_mux_head_ctx_ref_att_scores_started_0_2_phi_fu_2456_p74       |  31|          6|    1|          6|
    |ap_phi_mux_head_ctx_ref_att_scores_started_1_0_phi_fu_6458_p74       |  31|          6|    1|          6|
    |ap_phi_mux_head_ctx_ref_att_value_compute_done_0_4_phi_fu_3589_p74   |  20|          4|    1|          4|
    |ap_phi_mux_head_ctx_ref_att_value_compute_done_1_0_phi_fu_7591_p74   |  20|          4|    1|          4|
    |ap_phi_mux_head_ctx_ref_att_value_dma_done_0_5_phi_fu_4074_p74       |  26|          5|    1|          5|
    |ap_phi_mux_head_ctx_ref_att_value_dma_done_1_0_phi_fu_8076_p74       |  26|          5|    1|          5|
    |ap_phi_mux_head_ctx_ref_att_value_started_0_2_phi_fu_2701_p74        |  31|          6|    1|          6|
    |ap_phi_mux_head_ctx_ref_att_value_started_1_0_phi_fu_6703_p74        |  31|          6|    1|          6|
    |ap_phi_mux_head_ctx_ref_compute_done_0_2_phi_fu_779_p74              |  20|          4|    1|          4|
    |ap_phi_mux_head_ctx_ref_compute_done_1_0_phi_fu_4781_p74             |  20|          4|    1|          4|
    |ap_phi_mux_head_ctx_ref_compute_op_0_3_phi_fu_1041_p74               |  65|         13|   32|        416|
    |ap_phi_mux_head_ctx_ref_compute_op_1_0_phi_fu_8484_p74               |  65|         13|   32|        416|
    |ap_phi_mux_head_ctx_ref_compute_ready_0_2_phi_fu_1121_p74            |  26|          5|    1|          5|
    |ap_phi_mux_head_ctx_ref_compute_ready_1_0_phi_fu_4952_p74            |  26|          5|    1|          5|
    |ap_phi_mux_head_ctx_ref_compute_start_0_3_phi_fu_859_p74             |  26|          5|    1|          5|
    |ap_phi_mux_head_ctx_ref_compute_start_1_0_phi_fu_4861_p74            |  26|          5|    1|          5|
    |ap_phi_mux_head_ctx_ref_dma_done_0_1_phi_fu_1723_p74                 |  14|          3|    1|          3|
    |ap_phi_mux_head_ctx_ref_dma_done_1_0_phi_fu_5730_p74                 |  14|          3|    1|          3|
    |ap_phi_mux_head_ctx_ref_k_compute_done_0_4_phi_fu_2944_p74           |  20|          4|    1|          4|
    |ap_phi_mux_head_ctx_ref_k_compute_done_1_0_phi_fu_6946_p74           |  20|          4|    1|          4|
    |ap_phi_mux_head_ctx_ref_k_dma_done_0_5_phi_fu_3831_p74               |  26|          5|    1|          5|
    |ap_phi_mux_head_ctx_ref_k_dma_done_1_0_phi_fu_7833_p74               |  26|          5|    1|          5|
    |ap_phi_mux_head_ctx_ref_k_requant_compute_done_0_4_phi_fu_3024_p74   |  26|          5|    1|          5|
    |ap_phi_mux_head_ctx_ref_k_requant_compute_done_1_0_phi_fu_7026_p74   |  26|          5|    1|          5|
    |ap_phi_mux_head_ctx_ref_k_requant_started_0_2_phi_fu_2129_p74        |  31|          6|    1|          6|
    |ap_phi_mux_head_ctx_ref_k_requant_started_1_0_phi_fu_6131_p74        |  31|          6|    1|          6|
    |ap_phi_mux_head_ctx_ref_k_started_0_2_phi_fu_2048_p74                |  31|          6|    1|          6|
    |ap_phi_mux_head_ctx_ref_k_started_1_0_phi_fu_6050_p74                |  31|          6|    1|          6|
    |ap_phi_mux_head_ctx_ref_last_compute_op_0_2_phi_fu_4482_p74          |  65|         15|   32|        480|
    |ap_phi_mux_head_ctx_ref_last_compute_op_1_0_phi_fu_8322_p74          |  65|         15|   32|        480|
    |ap_phi_mux_head_ctx_ref_last_wl_addr_0_2_phi_fu_4315_p74             |  49|          9|    4|         36|
    |ap_phi_mux_head_ctx_ref_last_wl_addr_1_0_phi_fu_8157_p74             |  49|          9|    4|         36|
    |ap_phi_mux_head_ctx_ref_phase_0_2_phi_fu_4562_p74                    |  65|         16|    4|         64|
    |ap_phi_mux_head_ctx_ref_phase_1_0_phi_fu_8564_p74                    |  65|         16|    4|         64|
    |ap_phi_mux_head_ctx_ref_q_compute_done_0_4_phi_fu_2864_p74           |  20|          4|    1|          4|
    |ap_phi_mux_head_ctx_ref_q_compute_done_1_0_phi_fu_6866_p74           |  20|          4|    1|          4|
    |ap_phi_mux_head_ctx_ref_q_dma_done_0_5_phi_fu_3750_p74               |  26|          5|    1|          5|
    |ap_phi_mux_head_ctx_ref_q_dma_done_1_0_phi_fu_7752_p74               |  26|          5|    1|          5|
    |ap_phi_mux_head_ctx_ref_q_started_0_2_phi_fu_1967_p74                |  31|          6|    1|          6|
    |ap_phi_mux_head_ctx_ref_q_started_1_0_phi_fu_5969_p74                |  31|          6|    1|          6|
    |ap_phi_mux_head_ctx_ref_requant2_compute_done_0_4_phi_fu_3669_p74    |  26|          5|    1|          5|
    |ap_phi_mux_head_ctx_ref_requant2_compute_done_1_0_phi_fu_7671_p74    |  26|          5|    1|          5|
    |ap_phi_mux_head_ctx_ref_requant2_started_0_2_phi_fu_2782_p74         |  31|          6|    1|          6|
    |ap_phi_mux_head_ctx_ref_requant2_started_1_0_phi_fu_6784_p74         |  31|          6|    1|          6|
    |ap_phi_mux_head_ctx_ref_requant_q_compute_done_0_4_phi_fu_3266_p74   |  26|          5|    1|          5|
    |ap_phi_mux_head_ctx_ref_requant_q_compute_done_1_0_phi_fu_7268_p74   |  26|          5|    1|          5|
    |ap_phi_mux_head_ctx_ref_requant_q_started_0_2_phi_fu_2374_p74        |  31|          6|    1|          6|
    |ap_phi_mux_head_ctx_ref_requant_q_started_1_0_phi_fu_6376_p74        |  31|          6|    1|          6|
    |ap_phi_mux_head_ctx_ref_softmax_compute_done_0_4_phi_fu_3508_p74     |  26|          5|    1|          5|
    |ap_phi_mux_head_ctx_ref_softmax_compute_done_1_0_phi_fu_7510_p74     |  26|          5|    1|          5|
    |ap_phi_mux_head_ctx_ref_softmax_started_0_2_phi_fu_2619_p74          |  31|          6|    1|          6|
    |ap_phi_mux_head_ctx_ref_softmax_started_1_0_phi_fu_6621_p74          |  31|          6|    1|          6|
    |ap_phi_mux_head_ctx_ref_start_head_0_1_phi_fu_1888_p74               |  14|          3|    1|          3|
    |ap_phi_mux_head_ctx_ref_start_head_1_0_phi_fu_5890_p74               |  14|          3|    1|          3|
    |ap_phi_mux_head_ctx_ref_v_compute_done_0_4_phi_fu_3105_p74           |  20|          4|    1|          4|
    |ap_phi_mux_head_ctx_ref_v_compute_done_1_0_phi_fu_7107_p74           |  20|          4|    1|          4|
    |ap_phi_mux_head_ctx_ref_v_dma_done_0_5_phi_fu_3912_p74               |  26|          5|    1|          5|
    |ap_phi_mux_head_ctx_ref_v_dma_done_1_0_phi_fu_7914_p74               |  26|          5|    1|          5|
    |ap_phi_mux_head_ctx_ref_v_requant_compute_done_0_4_phi_fu_3185_p74   |  26|          5|    1|          5|
    |ap_phi_mux_head_ctx_ref_v_requant_compute_done_1_0_phi_fu_7187_p74   |  26|          5|    1|          5|
    |ap_phi_mux_head_ctx_ref_v_requant_started_0_2_phi_fu_2292_p74        |  31|          6|    1|          6|
    |ap_phi_mux_head_ctx_ref_v_requant_started_1_0_phi_fu_6294_p74        |  31|          6|    1|          6|
    |ap_phi_mux_head_ctx_ref_v_started_0_2_phi_fu_2211_p74                |  31|          6|    1|          6|
    |ap_phi_mux_head_ctx_ref_v_started_1_0_phi_fu_6213_p74                |  31|          6|    1|          6|
    |ap_phi_mux_head_ctx_ref_val_scale_compute_done_0_4_phi_fu_3427_p74   |  26|          5|    1|          5|
    |ap_phi_mux_head_ctx_ref_val_scale_compute_done_1_0_phi_fu_7429_p74   |  26|          5|    1|          5|
    |ap_phi_mux_head_ctx_ref_val_scale_started_0_2_phi_fu_2537_p74        |  31|          6|    1|          6|
    |ap_phi_mux_head_ctx_ref_val_scale_started_1_0_phi_fu_6539_p74        |  31|          6|    1|          6|
    |ap_phi_mux_head_ctx_ref_wl_addr_sel_0_3_phi_fu_1407_p74              |  37|          7|    3|         21|
    |ap_phi_mux_head_ctx_ref_wl_addr_sel_1_0_phi_fu_5134_p74              |  37|          7|    3|         21|
    |ap_phi_mux_head_ctx_ref_wl_head_0_2_phi_fu_1608_p74                  |  14|          3|   32|         96|
    |ap_phi_mux_head_ctx_ref_wl_head_1_0_phi_fu_5615_p74                  |  14|          3|   32|         96|
    |ap_phi_mux_head_ctx_ref_wl_layer_0_2_phi_fu_1292_p74                 |  14|          3|   32|         96|
    |ap_phi_mux_head_ctx_ref_wl_layer_1_0_phi_fu_5415_p74                 |  14|          3|   32|         96|
    |ap_phi_mux_head_ctx_ref_wl_ready_0_1_phi_fu_4235_p74                 |  14|          3|    1|          3|
    |ap_phi_mux_head_ctx_ref_wl_ready_1_0_phi_fu_5810_p74                 |  14|          3|    1|          3|
    |ap_phi_mux_head_ctx_ref_wl_start_0_3_phi_fu_1803_p74                 |  26|          5|    1|          5|
    |ap_phi_mux_head_ctx_ref_wl_start_1_0_phi_fu_5530_p74                 |  26|          5|    1|          5|
    |ap_phi_mux_write_flag11_0_phi_fu_8402_p74                            |  65|         16|    1|         16|
    |ap_phi_mux_write_flag13_0_phi_fu_5043_p74                            |  20|          4|    1|          4|
    |ap_phi_mux_write_flag24_3_phi_fu_1523_p74                            |  26|          5|    1|          5|
    |ap_phi_mux_write_flag27_0_phi_fu_5250_p74                            |  26|          5|    1|          5|
    |ap_phi_mux_write_flag2_1_phi_fu_4155_p74                             |  14|          3|    1|          3|
    |ap_phi_mux_write_flag30_2_phi_fu_1212_p74                            |  20|          4|    1|          4|
    |ap_phi_mux_write_flag33_0_phi_fu_5335_p74                            |  20|          4|    1|          4|
    |ap_phi_mux_write_flag5_0_phi_fu_8242_p74                             |  14|          3|    1|          3|
    |ap_phi_mux_write_flag8_2_phi_fu_4400_p74                             |  65|         16|    1|         16|
    |ap_phi_mux_write_flag_3_phi_fu_950_p74                               |  20|          4|    1|          4|
    +---------------------------------------------------------------------+----+-----------+-----+-----------+
    |Total                                                                |2682|        542|  358|       2828|
    +---------------------------------------------------------------------+----+-----------+-----+-----------+

    * Register: 
    N/A



================================================================
== Interface
================================================================
* Summary: 
+----------------------------------+-----+-----+------------+----------------------------------+--------------+
|             RTL Ports            | Dir | Bits|  Protocol  |           Source Object          |    C Type    |
+----------------------------------+-----+-----+------------+----------------------------------+--------------+
|ap_ready                          |  out|    1|  ap_ctrl_hs|            drive_group_head_phase|  return value|
|ap_return_0                       |  out|    1|  ap_ctrl_hs|            drive_group_head_phase|  return value|
|ap_return_1                       |  out|    1|  ap_ctrl_hs|            drive_group_head_phase|  return value|
|ap_return_2                       |  out|    1|  ap_ctrl_hs|            drive_group_head_phase|  return value|
|ap_return_3                       |  out|    1|  ap_ctrl_hs|            drive_group_head_phase|  return value|
|ap_return_4                       |  out|    1|  ap_ctrl_hs|            drive_group_head_phase|  return value|
|ap_return_5                       |  out|    1|  ap_ctrl_hs|            drive_group_head_phase|  return value|
|ap_return_6                       |  out|    1|  ap_ctrl_hs|            drive_group_head_phase|  return value|
|ap_return_7                       |  out|   32|  ap_ctrl_hs|            drive_group_head_phase|  return value|
|ap_return_8                       |  out|   32|  ap_ctrl_hs|            drive_group_head_phase|  return value|
|ap_return_9                       |  out|   32|  ap_ctrl_hs|            drive_group_head_phase|  return value|
|ap_return_10                      |  out|   32|  ap_ctrl_hs|            drive_group_head_phase|  return value|
|ap_return_11                      |  out|    8|  ap_ctrl_hs|            drive_group_head_phase|  return value|
|ap_return_12                      |  out|    8|  ap_ctrl_hs|            drive_group_head_phase|  return value|
|ap_return_13                      |  out|    1|  ap_ctrl_hs|            drive_group_head_phase|  return value|
|ap_return_14                      |  out|    1|  ap_ctrl_hs|            drive_group_head_phase|  return value|
|ap_return_15                      |  out|    1|  ap_ctrl_hs|            drive_group_head_phase|  return value|
|ap_return_16                      |  out|    1|  ap_ctrl_hs|            drive_group_head_phase|  return value|
|ap_return_17                      |  out|    8|  ap_ctrl_hs|            drive_group_head_phase|  return value|
|ap_return_18                      |  out|    8|  ap_ctrl_hs|            drive_group_head_phase|  return value|
|ap_return_19                      |  out|   32|  ap_ctrl_hs|            drive_group_head_phase|  return value|
|ap_return_20                      |  out|   32|  ap_ctrl_hs|            drive_group_head_phase|  return value|
|ap_return_21                      |  out|   32|  ap_ctrl_hs|            drive_group_head_phase|  return value|
|ap_return_22                      |  out|   32|  ap_ctrl_hs|            drive_group_head_phase|  return value|
|ap_return_23                      |  out|    1|  ap_ctrl_hs|            drive_group_head_phase|  return value|
|ap_return_24                      |  out|    1|  ap_ctrl_hs|            drive_group_head_phase|  return value|
|ap_return_25                      |  out|    1|  ap_ctrl_hs|            drive_group_head_phase|  return value|
|ap_return_26                      |  out|    1|  ap_ctrl_hs|            drive_group_head_phase|  return value|
|ap_return_27                      |  out|    1|  ap_ctrl_hs|            drive_group_head_phase|  return value|
|ap_return_28                      |  out|    1|  ap_ctrl_hs|            drive_group_head_phase|  return value|
|ap_return_29                      |  out|    1|  ap_ctrl_hs|            drive_group_head_phase|  return value|
|ap_return_30                      |  out|    1|  ap_ctrl_hs|            drive_group_head_phase|  return value|
|ap_return_31                      |  out|    1|  ap_ctrl_hs|            drive_group_head_phase|  return value|
|ap_return_32                      |  out|    1|  ap_ctrl_hs|            drive_group_head_phase|  return value|
|ap_return_33                      |  out|    1|  ap_ctrl_hs|            drive_group_head_phase|  return value|
|ap_return_34                      |  out|    1|  ap_ctrl_hs|            drive_group_head_phase|  return value|
|ap_return_35                      |  out|    1|  ap_ctrl_hs|            drive_group_head_phase|  return value|
|ap_return_36                      |  out|    1|  ap_ctrl_hs|            drive_group_head_phase|  return value|
|ap_return_37                      |  out|    1|  ap_ctrl_hs|            drive_group_head_phase|  return value|
|ap_return_38                      |  out|    1|  ap_ctrl_hs|            drive_group_head_phase|  return value|
|ap_return_39                      |  out|    1|  ap_ctrl_hs|            drive_group_head_phase|  return value|
|ap_return_40                      |  out|    1|  ap_ctrl_hs|            drive_group_head_phase|  return value|
|ap_return_41                      |  out|    1|  ap_ctrl_hs|            drive_group_head_phase|  return value|
|ap_return_42                      |  out|    1|  ap_ctrl_hs|            drive_group_head_phase|  return value|
|ap_return_43                      |  out|    1|  ap_ctrl_hs|            drive_group_head_phase|  return value|
|ap_return_44                      |  out|    1|  ap_ctrl_hs|            drive_group_head_phase|  return value|
|ap_return_45                      |  out|    1|  ap_ctrl_hs|            drive_group_head_phase|  return value|
|ap_return_46                      |  out|    1|  ap_ctrl_hs|            drive_group_head_phase|  return value|
|ap_return_47                      |  out|    1|  ap_ctrl_hs|            drive_group_head_phase|  return value|
|ap_return_48                      |  out|    1|  ap_ctrl_hs|            drive_group_head_phase|  return value|
|ap_return_49                      |  out|    1|  ap_ctrl_hs|            drive_group_head_phase|  return value|
|ap_return_50                      |  out|    1|  ap_ctrl_hs|            drive_group_head_phase|  return value|
|ap_return_51                      |  out|    1|  ap_ctrl_hs|            drive_group_head_phase|  return value|
|ap_return_52                      |  out|    1|  ap_ctrl_hs|            drive_group_head_phase|  return value|
|ap_return_53                      |  out|    1|  ap_ctrl_hs|            drive_group_head_phase|  return value|
|ap_return_54                      |  out|    1|  ap_ctrl_hs|            drive_group_head_phase|  return value|
|ap_return_55                      |  out|    1|  ap_ctrl_hs|            drive_group_head_phase|  return value|
|ap_return_56                      |  out|    1|  ap_ctrl_hs|            drive_group_head_phase|  return value|
|ap_return_57                      |  out|    1|  ap_ctrl_hs|            drive_group_head_phase|  return value|
|ap_return_58                      |  out|    1|  ap_ctrl_hs|            drive_group_head_phase|  return value|
|ap_return_59                      |  out|    1|  ap_ctrl_hs|            drive_group_head_phase|  return value|
|ap_return_60                      |  out|    1|  ap_ctrl_hs|            drive_group_head_phase|  return value|
|ap_return_61                      |  out|    1|  ap_ctrl_hs|            drive_group_head_phase|  return value|
|ap_return_62                      |  out|    1|  ap_ctrl_hs|            drive_group_head_phase|  return value|
|ap_return_63                      |  out|    1|  ap_ctrl_hs|            drive_group_head_phase|  return value|
|ap_return_64                      |  out|    1|  ap_ctrl_hs|            drive_group_head_phase|  return value|
|ap_return_65                      |  out|    1|  ap_ctrl_hs|            drive_group_head_phase|  return value|
|ap_return_66                      |  out|    1|  ap_ctrl_hs|            drive_group_head_phase|  return value|
|ap_return_67                      |  out|    1|  ap_ctrl_hs|            drive_group_head_phase|  return value|
|ap_return_68                      |  out|    1|  ap_ctrl_hs|            drive_group_head_phase|  return value|
|ap_return_69                      |  out|    1|  ap_ctrl_hs|            drive_group_head_phase|  return value|
|ap_return_70                      |  out|    1|  ap_ctrl_hs|            drive_group_head_phase|  return value|
|ap_return_71                      |  out|    1|  ap_ctrl_hs|            drive_group_head_phase|  return value|
|ap_return_72                      |  out|    1|  ap_ctrl_hs|            drive_group_head_phase|  return value|
|ap_return_73                      |  out|    1|  ap_ctrl_hs|            drive_group_head_phase|  return value|
|ap_return_74                      |  out|    1|  ap_ctrl_hs|            drive_group_head_phase|  return value|
|ap_return_75                      |  out|    1|  ap_ctrl_hs|            drive_group_head_phase|  return value|
|ap_return_76                      |  out|    1|  ap_ctrl_hs|            drive_group_head_phase|  return value|
|ap_return_77                      |  out|    1|  ap_ctrl_hs|            drive_group_head_phase|  return value|
|ap_return_78                      |  out|    1|  ap_ctrl_hs|            drive_group_head_phase|  return value|
|ap_return_79                      |  out|    1|  ap_ctrl_hs|            drive_group_head_phase|  return value|
|ap_return_80                      |  out|    1|  ap_ctrl_hs|            drive_group_head_phase|  return value|
|ap_return_81                      |  out|   32|  ap_ctrl_hs|            drive_group_head_phase|  return value|
|ap_return_82                      |  out|   32|  ap_ctrl_hs|            drive_group_head_phase|  return value|
|ap_return_83                      |  out|    8|  ap_ctrl_hs|            drive_group_head_phase|  return value|
|ap_return_84                      |  out|    8|  ap_ctrl_hs|            drive_group_head_phase|  return value|
|ap_rst                            |   in|    1|  ap_ctrl_hs|            drive_group_head_phase|  return value|
|p_read                            |   in|   32|     ap_none|                            p_read|        scalar|
|p_read1                           |   in|   32|     ap_none|                           p_read1|        scalar|
|head_ctx_ref_head_idx_0_val       |   in|   32|     ap_none|       head_ctx_ref_head_idx_0_val|        scalar|
|head_ctx_ref_head_idx_1_val       |   in|   32|     ap_none|       head_ctx_ref_head_idx_1_val|        scalar|
|head_ctx_ref_phase_read           |   in|    4|     ap_none|           head_ctx_ref_phase_read|        scalar|
|head_ctx_ref_phase_read_5         |   in|    4|     ap_none|         head_ctx_ref_phase_read_5|        scalar|
|p_read4                           |   in|    1|     ap_none|                           p_read4|        scalar|
|p_read13                          |   in|    1|     ap_none|                          p_read13|        scalar|
|p_read14                          |   in|    1|     ap_none|                          p_read14|        scalar|
|p_read15                          |   in|    1|     ap_none|                          p_read15|        scalar|
|p_read16                          |   in|    1|     ap_none|                          p_read16|        scalar|
|p_read17                          |   in|    1|     ap_none|                          p_read17|        scalar|
|p_read18                          |   in|   32|     ap_none|                          p_read18|        scalar|
|p_read19                          |   in|   32|     ap_none|                          p_read19|        scalar|
|p_read20                          |   in|   32|     ap_none|                          p_read20|        scalar|
|p_read21                          |   in|   32|     ap_none|                          p_read21|        scalar|
|head_ctx_ref_last_wl_addr_read    |   in|    4|     ap_none|    head_ctx_ref_last_wl_addr_read|        scalar|
|head_ctx_ref_last_wl_addr_read_5  |   in|    4|     ap_none|  head_ctx_ref_last_wl_addr_read_5|        scalar|
|p_read24                          |   in|    1|     ap_none|                          p_read24|        scalar|
|p_read25                          |   in|    1|     ap_none|                          p_read25|        scalar|
|p_read26                          |   in|    1|     ap_none|                          p_read26|        scalar|
|p_read27                          |   in|    1|     ap_none|                          p_read27|        scalar|
|head_ctx_ref_wl_addr_sel_read     |   in|    4|     ap_none|     head_ctx_ref_wl_addr_sel_read|        scalar|
|head_ctx_ref_wl_addr_sel_read_5   |   in|    4|     ap_none|   head_ctx_ref_wl_addr_sel_read_5|        scalar|
|p_read30                          |   in|   32|     ap_none|                          p_read30|        scalar|
|p_read31                          |   in|   32|     ap_none|                          p_read31|        scalar|
|p_read32                          |   in|   32|     ap_none|                          p_read32|        scalar|
|p_read33                          |   in|   32|     ap_none|                          p_read33|        scalar|
|p_read34                          |   in|    1|     ap_none|                          p_read34|        scalar|
|p_read35                          |   in|    1|     ap_none|                          p_read35|        scalar|
|p_read38                          |   in|    1|     ap_none|                          p_read38|        scalar|
|p_read39                          |   in|    1|     ap_none|                          p_read39|        scalar|
|p_read40                          |   in|    1|     ap_none|                          p_read40|        scalar|
|p_read41                          |   in|    1|     ap_none|                          p_read41|        scalar|
|p_read42                          |   in|    1|     ap_none|                          p_read42|        scalar|
|p_read43                          |   in|    1|     ap_none|                          p_read43|        scalar|
|p_read44                          |   in|    1|     ap_none|                          p_read44|        scalar|
|p_read45                          |   in|    1|     ap_none|                          p_read45|        scalar|
|p_read46                          |   in|    1|     ap_none|                          p_read46|        scalar|
|p_read47                          |   in|    1|     ap_none|                          p_read47|        scalar|
|p_read48                          |   in|    1|     ap_none|                          p_read48|        scalar|
|p_read49                          |   in|    1|     ap_none|                          p_read49|        scalar|
|p_read50                          |   in|    1|     ap_none|                          p_read50|        scalar|
|p_read51                          |   in|    1|     ap_none|                          p_read51|        scalar|
|p_read52                          |   in|    1|     ap_none|                          p_read52|        scalar|
|p_read53                          |   in|    1|     ap_none|                          p_read53|        scalar|
|p_read54                          |   in|    1|     ap_none|                          p_read54|        scalar|
|p_read55                          |   in|    1|     ap_none|                          p_read55|        scalar|
|p_read56                          |   in|    1|     ap_none|                          p_read56|        scalar|
|p_read57                          |   in|    1|     ap_none|                          p_read57|        scalar|
|p_read58                          |   in|    1|     ap_none|                          p_read58|        scalar|
|p_read59                          |   in|    1|     ap_none|                          p_read59|        scalar|
|p_read60                          |   in|    1|     ap_none|                          p_read60|        scalar|
|p_read61                          |   in|    1|     ap_none|                          p_read61|        scalar|
|p_read62                          |   in|    1|     ap_none|                          p_read62|        scalar|
|p_read63                          |   in|    1|     ap_none|                          p_read63|        scalar|
|p_read64                          |   in|    1|     ap_none|                          p_read64|        scalar|
|p_read65                          |   in|    1|     ap_none|                          p_read65|        scalar|
|p_read66                          |   in|    1|     ap_none|                          p_read66|        scalar|
|p_read67                          |   in|    1|     ap_none|                          p_read67|        scalar|
|p_read68                          |   in|    1|     ap_none|                          p_read68|        scalar|
|p_read69                          |   in|    1|     ap_none|                          p_read69|        scalar|
|p_read70                          |   in|    1|     ap_none|                          p_read70|        scalar|
|p_read71                          |   in|    1|     ap_none|                          p_read71|        scalar|
|p_read72                          |   in|    1|     ap_none|                          p_read72|        scalar|
|p_read73                          |   in|    1|     ap_none|                          p_read73|        scalar|
|p_read74                          |   in|    1|     ap_none|                          p_read74|        scalar|
|p_read75                          |   in|    1|     ap_none|                          p_read75|        scalar|
|p_read76                          |   in|    1|     ap_none|                          p_read76|        scalar|
|p_read77                          |   in|    1|     ap_none|                          p_read77|        scalar|
|p_read78                          |   in|    1|     ap_none|                          p_read78|        scalar|
|p_read79                          |   in|    1|     ap_none|                          p_read79|        scalar|
|p_read80                          |   in|    1|     ap_none|                          p_read80|        scalar|
|p_read81                          |   in|    1|     ap_none|                          p_read81|        scalar|
|p_read82                          |   in|    1|     ap_none|                          p_read82|        scalar|
|p_read83                          |   in|    1|     ap_none|                          p_read83|        scalar|
|p_read84                          |   in|    1|     ap_none|                          p_read84|        scalar|
|p_read85                          |   in|    1|     ap_none|                          p_read85|        scalar|
|p_read86                          |   in|    1|     ap_none|                          p_read86|        scalar|
|p_read87                          |   in|    1|     ap_none|                          p_read87|        scalar|
|p_read88                          |   in|    1|     ap_none|                          p_read88|        scalar|
|p_read89                          |   in|    1|     ap_none|                          p_read89|        scalar|
|p_read90                          |   in|    1|     ap_none|                          p_read90|        scalar|
|p_read91                          |   in|    1|     ap_none|                          p_read91|        scalar|
|layer_idx                         |   in|   32|     ap_none|                         layer_idx|        scalar|
|start_r                           |   in|    1|     ap_none|                           start_r|        scalar|
+----------------------------------+-----+-----+------------+----------------------------------+--------------+

