

================================================================
== Vitis HLS Report for 'headed_compute_controller_Pipeline_VITIS_LOOP_496_7'
================================================================
* Date:           Fri Jan 30 15:25:11 2026

* Version:        2025.1 (Build 6135595 on May 21 2025)
* Project:        headed_compute_controller
* Solution:       hls (Vivado IP Flow Target)
* Product family: zynquplus
* Target device:  xck26-sfvc784-2LV-c


================================================================
== Performance Estimates
================================================================
+ Timing: 
    * Summary: 
    +--------+----------+----------+------------+
    |  Clock |  Target  | Estimated| Uncertainty|
    +--------+----------+----------+------------+
    |ap_clk  |  10.00 ns|  1.643 ns|     2.70 ns|
    +--------+----------+----------+------------+

+ Latency: 
    * Summary: 
    +---------+---------+----------+----------+-----+-----+------------------------------------------------+
    |  Latency (cycles) |  Latency (absolute) |  Interval |                    Pipeline                    |
    |   min   |   max   |    min   |    max   | min | max |                      Type                      |
    +---------+---------+----------+----------+-----+-----+------------------------------------------------+
    |       18|       18|  0.180 us|  0.180 us|   17|   17|  loop auto-rewind stp (delay=0 clock cycles(s))|
    +---------+---------+----------+----------+-----+-----+------------------------------------------------+

    + Detail: 
        * Instance: 
        N/A

        * Loop: 
        +--------------------+---------+---------+----------+-----------+-----------+------+----------+
        |                    |  Latency (cycles) | Iteration|  Initiation Interval  | Trip |          |
        |      Loop Name     |   min   |   max   |  Latency |  achieved |   target  | Count| Pipelined|
        +--------------------+---------+---------+----------+-----------+-----------+------+----------+
        |- VITIS_LOOP_496_7  |       16|       16|         1|          1|          1|    16|       yes|
        +--------------------+---------+---------+----------+-----------+-----------+------+----------+

============================================================
+ Verbose Summary: Synthesis Manager
============================================================
InlineROM: 1
ExposeGlobal: 0
============================================================
+ Verbose Summary: CDFG Model
============================================================
IsTopModel: 0
ResetActiveHigh: 1
IsCombinational: 0
IsDatapathOnly: 0
HasWiredReturn: 1
HasMFsm: 2
HasVarLatency: 1
IsPipeline: 0
IsRtlPipelined: 0
IsInstanceOverlapped: 0
IsDontTouch: 0
HasImplIP: 0
IsGatedGlobalClock: 0

+ Individual pipeline summary: 
  * Pipeline-0: initiation interval (II) = 1, depth = 1


============================================================
+ Verbose Summary: Schedule
============================================================
* Number of FSM states : 1
* Pipeline : 1
  Pipeline-0 : II = 1, D = 1, States = { 1 }
* Dataflow Pipeline: 0

* FSM state transitions: 
1 --> 

* FSM state operations: 

State 1 <SV = 0> <Delay = 1.64>
ST_1 : Operation 4 [1/1] (0.00ns)   --->   "%i = alloca i32 1" [/home/luka/Scripting/ELEC_498-Capstone-LiteLM/HLS-Verilog/Transformer_logic/src-hls/headed_compute_controller.cpp:496]   --->   Operation 4 'alloca' 'i' <Predicate = true> <Delay = 0.00>
ST_1 : Operation 5 [1/1] (0.42ns)   --->   "%store_ln496 = store i5 0, i5 %i" [/home/luka/Scripting/ELEC_498-Capstone-LiteLM/HLS-Verilog/Transformer_logic/src-hls/headed_compute_controller.cpp:496]   --->   Operation 5 'store' 'store_ln496' <Predicate = true> <Delay = 0.42>
ST_1 : Operation 6 [1/1] (0.00ns)   --->   "%br_ln0 = br void %for.inc147"   --->   Operation 6 'br' 'br_ln0' <Predicate = true> <Delay = 0.00>
ST_1 : Operation 7 [1/1] (0.00ns)   --->   "%i_5 = load i5 %i" [/home/luka/Scripting/ELEC_498-Capstone-LiteLM/HLS-Verilog/Transformer_logic/src-hls/headed_compute_controller.cpp:496]   --->   Operation 7 'load' 'i_5' <Predicate = true> <Delay = 0.00>
ST_1 : Operation 8 [1/1] (0.78ns)   --->   "%icmp_ln496 = icmp_eq  i5 %i_5, i5 16" [/home/luka/Scripting/ELEC_498-Capstone-LiteLM/HLS-Verilog/Transformer_logic/src-hls/headed_compute_controller.cpp:496]   --->   Operation 8 'icmp' 'icmp_ln496' <Predicate = true> <Delay = 0.78> <CoreInst = "Cmp">   --->   Core 9 'Cmp' <Latency = 0> <II = 1> <Delay = 0.78> <FuncUnit> <Opcode : 'seteq' 'setne' 'setle' 'setge' 'setlt' 'setgt'> <InPorts = 2> <OutPorts = 1>
ST_1 : Operation 9 [1/1] (0.78ns)   --->   "%add_ln496 = add i5 %i_5, i5 1" [/home/luka/Scripting/ELEC_498-Capstone-LiteLM/HLS-Verilog/Transformer_logic/src-hls/headed_compute_controller.cpp:496]   --->   Operation 9 'add' 'add_ln496' <Predicate = true> <Delay = 0.78> <CoreInst = "Adder">   --->   Core 1 'Adder' <Latency = 0> <II = 1> <Delay = 0.78> <FuncUnit> <Opcode : 'add' 'sub'> <InPorts = 2> <OutPorts = 1>
ST_1 : Operation 10 [1/1] (0.00ns)   --->   "%br_ln496 = br i1 %icmp_ln496, void %for.inc147.split, void %for.inc158.preheader.exitStub" [/home/luka/Scripting/ELEC_498-Capstone-LiteLM/HLS-Verilog/Transformer_logic/src-hls/headed_compute_controller.cpp:496]   --->   Operation 10 'br' 'br_ln496' <Predicate = true> <Delay = 0.00>
ST_1 : Operation 11 [1/1] (0.00ns)   --->   "%trunc_ln496 = trunc i5 %i_5" [/home/luka/Scripting/ELEC_498-Capstone-LiteLM/HLS-Verilog/Transformer_logic/src-hls/headed_compute_controller.cpp:496]   --->   Operation 11 'trunc' 'trunc_ln496' <Predicate = (!icmp_ln496)> <Delay = 0.00>
ST_1 : Operation 12 [1/1] (0.00ns)   --->   "%specpipeline_ln497 = specpipeline void @_ssdm_op_SpecPipeline, i32 1, i32 0, i32 0, i32 0, void @empty_0" [/home/luka/Scripting/ELEC_498-Capstone-LiteLM/HLS-Verilog/Transformer_logic/src-hls/headed_compute_controller.cpp:497]   --->   Operation 12 'specpipeline' 'specpipeline_ln497' <Predicate = (!icmp_ln496)> <Delay = 0.00>
ST_1 : Operation 13 [1/1] (0.00ns)   --->   "%speclooptripcount_ln496 = speclooptripcount void @_ssdm_op_SpecLoopTripCount, i64 16, i64 16, i64 16" [/home/luka/Scripting/ELEC_498-Capstone-LiteLM/HLS-Verilog/Transformer_logic/src-hls/headed_compute_controller.cpp:496]   --->   Operation 13 'speclooptripcount' 'speclooptripcount_ln496' <Predicate = (!icmp_ln496)> <Delay = 0.00>
ST_1 : Operation 14 [1/1] (0.00ns)   --->   "%specloopname_ln496 = specloopname void @_ssdm_op_SpecLoopName, void @empty_16" [/home/luka/Scripting/ELEC_498-Capstone-LiteLM/HLS-Verilog/Transformer_logic/src-hls/headed_compute_controller.cpp:496]   --->   Operation 14 'specloopname' 'specloopname_ln496' <Predicate = (!icmp_ln496)> <Delay = 0.00>
ST_1 : Operation 15 [1/1] (0.79ns)   --->   "%switch_ln498 = switch i4 %trunc_ln496, void %arrayidx146.case.15, i4 0, void %arrayidx146.case.0, i4 1, void %arrayidx146.case.1, i4 2, void %arrayidx146.case.2, i4 3, void %arrayidx146.case.3, i4 4, void %arrayidx146.case.4, i4 5, void %arrayidx146.case.5, i4 6, void %arrayidx146.case.6, i4 7, void %arrayidx146.case.7, i4 8, void %arrayidx146.case.8, i4 9, void %arrayidx146.case.9, i4 10, void %arrayidx146.case.10, i4 11, void %arrayidx146.case.11, i4 12, void %arrayidx146.case.12, i4 13, void %arrayidx146.case.13, i4 14, void %arrayidx146.case.14" [/home/luka/Scripting/ELEC_498-Capstone-LiteLM/HLS-Verilog/Transformer_logic/src-hls/headed_compute_controller.cpp:498]   --->   Operation 15 'switch' 'switch_ln498' <Predicate = (!icmp_ln496)> <Delay = 0.79>
ST_1 : Operation 16 [1/1] (0.00ns)   --->   "%store_ln498 = store i8 0, i8 %p_ZZ25headed_compute_controllerbbjRbS_bS_S_RjPKhPhR12ComputeStateS0_RhS6_S6_S6_S_1" [/home/luka/Scripting/ELEC_498-Capstone-LiteLM/HLS-Verilog/Transformer_logic/src-hls/headed_compute_controller.cpp:498]   --->   Operation 16 'store' 'store_ln498' <Predicate = (!icmp_ln496 & trunc_ln496 == 14)> <Delay = 0.00>
ST_1 : Operation 17 [1/1] (0.00ns)   --->   "%br_ln498 = br void %arrayidx146.exit" [/home/luka/Scripting/ELEC_498-Capstone-LiteLM/HLS-Verilog/Transformer_logic/src-hls/headed_compute_controller.cpp:498]   --->   Operation 17 'br' 'br_ln498' <Predicate = (!icmp_ln496 & trunc_ln496 == 14)> <Delay = 0.00>
ST_1 : Operation 18 [1/1] (0.00ns)   --->   "%store_ln498 = store i8 0, i8 %p_ZZ25headed_compute_controllerbbjRbS_bS_S_RjPKhPhR12ComputeStateS0_RhS6_S6_S6_S_2" [/home/luka/Scripting/ELEC_498-Capstone-LiteLM/HLS-Verilog/Transformer_logic/src-hls/headed_compute_controller.cpp:498]   --->   Operation 18 'store' 'store_ln498' <Predicate = (!icmp_ln496 & trunc_ln496 == 13)> <Delay = 0.00>
ST_1 : Operation 19 [1/1] (0.00ns)   --->   "%br_ln498 = br void %arrayidx146.exit" [/home/luka/Scripting/ELEC_498-Capstone-LiteLM/HLS-Verilog/Transformer_logic/src-hls/headed_compute_controller.cpp:498]   --->   Operation 19 'br' 'br_ln498' <Predicate = (!icmp_ln496 & trunc_ln496 == 13)> <Delay = 0.00>
ST_1 : Operation 20 [1/1] (0.00ns)   --->   "%store_ln498 = store i8 0, i8 %p_ZZ25headed_compute_controllerbbjRbS_bS_S_RjPKhPhR12ComputeStateS0_RhS6_S6_S6_S_3" [/home/luka/Scripting/ELEC_498-Capstone-LiteLM/HLS-Verilog/Transformer_logic/src-hls/headed_compute_controller.cpp:498]   --->   Operation 20 'store' 'store_ln498' <Predicate = (!icmp_ln496 & trunc_ln496 == 12)> <Delay = 0.00>
ST_1 : Operation 21 [1/1] (0.00ns)   --->   "%br_ln498 = br void %arrayidx146.exit" [/home/luka/Scripting/ELEC_498-Capstone-LiteLM/HLS-Verilog/Transformer_logic/src-hls/headed_compute_controller.cpp:498]   --->   Operation 21 'br' 'br_ln498' <Predicate = (!icmp_ln496 & trunc_ln496 == 12)> <Delay = 0.00>
ST_1 : Operation 22 [1/1] (0.00ns)   --->   "%store_ln498 = store i8 0, i8 %p_ZZ25headed_compute_controllerbbjRbS_bS_S_RjPKhPhR12ComputeStateS0_RhS6_S6_S6_S_4" [/home/luka/Scripting/ELEC_498-Capstone-LiteLM/HLS-Verilog/Transformer_logic/src-hls/headed_compute_controller.cpp:498]   --->   Operation 22 'store' 'store_ln498' <Predicate = (!icmp_ln496 & trunc_ln496 == 11)> <Delay = 0.00>
ST_1 : Operation 23 [1/1] (0.00ns)   --->   "%br_ln498 = br void %arrayidx146.exit" [/home/luka/Scripting/ELEC_498-Capstone-LiteLM/HLS-Verilog/Transformer_logic/src-hls/headed_compute_controller.cpp:498]   --->   Operation 23 'br' 'br_ln498' <Predicate = (!icmp_ln496 & trunc_ln496 == 11)> <Delay = 0.00>
ST_1 : Operation 24 [1/1] (0.00ns)   --->   "%store_ln498 = store i8 0, i8 %p_ZZ25headed_compute_controllerbbjRbS_bS_S_RjPKhPhR12ComputeStateS0_RhS6_S6_S6_S_5" [/home/luka/Scripting/ELEC_498-Capstone-LiteLM/HLS-Verilog/Transformer_logic/src-hls/headed_compute_controller.cpp:498]   --->   Operation 24 'store' 'store_ln498' <Predicate = (!icmp_ln496 & trunc_ln496 == 10)> <Delay = 0.00>
ST_1 : Operation 25 [1/1] (0.00ns)   --->   "%br_ln498 = br void %arrayidx146.exit" [/home/luka/Scripting/ELEC_498-Capstone-LiteLM/HLS-Verilog/Transformer_logic/src-hls/headed_compute_controller.cpp:498]   --->   Operation 25 'br' 'br_ln498' <Predicate = (!icmp_ln496 & trunc_ln496 == 10)> <Delay = 0.00>
ST_1 : Operation 26 [1/1] (0.00ns)   --->   "%store_ln498 = store i8 0, i8 %headed_compute_controller_bool_bool_unsigned_int_bool_bool_bool_bool_b_4" [/home/luka/Scripting/ELEC_498-Capstone-LiteLM/HLS-Verilog/Transformer_logic/src-hls/headed_compute_controller.cpp:498]   --->   Operation 26 'store' 'store_ln498' <Predicate = (!icmp_ln496 & trunc_ln496 == 9)> <Delay = 0.00>
ST_1 : Operation 27 [1/1] (0.00ns)   --->   "%br_ln498 = br void %arrayidx146.exit" [/home/luka/Scripting/ELEC_498-Capstone-LiteLM/HLS-Verilog/Transformer_logic/src-hls/headed_compute_controller.cpp:498]   --->   Operation 27 'br' 'br_ln498' <Predicate = (!icmp_ln496 & trunc_ln496 == 9)> <Delay = 0.00>
ST_1 : Operation 28 [1/1] (0.00ns)   --->   "%store_ln498 = store i8 0, i8 %headed_compute_controller_bool_bool_unsigned_int_bool_bool_bool_bool_b_5" [/home/luka/Scripting/ELEC_498-Capstone-LiteLM/HLS-Verilog/Transformer_logic/src-hls/headed_compute_controller.cpp:498]   --->   Operation 28 'store' 'store_ln498' <Predicate = (!icmp_ln496 & trunc_ln496 == 8)> <Delay = 0.00>
ST_1 : Operation 29 [1/1] (0.00ns)   --->   "%br_ln498 = br void %arrayidx146.exit" [/home/luka/Scripting/ELEC_498-Capstone-LiteLM/HLS-Verilog/Transformer_logic/src-hls/headed_compute_controller.cpp:498]   --->   Operation 29 'br' 'br_ln498' <Predicate = (!icmp_ln496 & trunc_ln496 == 8)> <Delay = 0.00>
ST_1 : Operation 30 [1/1] (0.00ns)   --->   "%store_ln498 = store i8 0, i8 %headed_compute_controller_bool_bool_unsigned_int_bool_bool_bool_bool_b_6" [/home/luka/Scripting/ELEC_498-Capstone-LiteLM/HLS-Verilog/Transformer_logic/src-hls/headed_compute_controller.cpp:498]   --->   Operation 30 'store' 'store_ln498' <Predicate = (!icmp_ln496 & trunc_ln496 == 7)> <Delay = 0.00>
ST_1 : Operation 31 [1/1] (0.00ns)   --->   "%br_ln498 = br void %arrayidx146.exit" [/home/luka/Scripting/ELEC_498-Capstone-LiteLM/HLS-Verilog/Transformer_logic/src-hls/headed_compute_controller.cpp:498]   --->   Operation 31 'br' 'br_ln498' <Predicate = (!icmp_ln496 & trunc_ln496 == 7)> <Delay = 0.00>
ST_1 : Operation 32 [1/1] (0.00ns)   --->   "%store_ln498 = store i8 0, i8 %headed_compute_controller_bool_bool_unsigned_int_bool_bool_bool_bool_b_7" [/home/luka/Scripting/ELEC_498-Capstone-LiteLM/HLS-Verilog/Transformer_logic/src-hls/headed_compute_controller.cpp:498]   --->   Operation 32 'store' 'store_ln498' <Predicate = (!icmp_ln496 & trunc_ln496 == 6)> <Delay = 0.00>
ST_1 : Operation 33 [1/1] (0.00ns)   --->   "%br_ln498 = br void %arrayidx146.exit" [/home/luka/Scripting/ELEC_498-Capstone-LiteLM/HLS-Verilog/Transformer_logic/src-hls/headed_compute_controller.cpp:498]   --->   Operation 33 'br' 'br_ln498' <Predicate = (!icmp_ln496 & trunc_ln496 == 6)> <Delay = 0.00>
ST_1 : Operation 34 [1/1] (0.00ns)   --->   "%store_ln498 = store i8 0, i8 %headed_compute_controller_bool_bool_unsigned_int_bool_bool_bool_bool_b_8" [/home/luka/Scripting/ELEC_498-Capstone-LiteLM/HLS-Verilog/Transformer_logic/src-hls/headed_compute_controller.cpp:498]   --->   Operation 34 'store' 'store_ln498' <Predicate = (!icmp_ln496 & trunc_ln496 == 5)> <Delay = 0.00>
ST_1 : Operation 35 [1/1] (0.00ns)   --->   "%br_ln498 = br void %arrayidx146.exit" [/home/luka/Scripting/ELEC_498-Capstone-LiteLM/HLS-Verilog/Transformer_logic/src-hls/headed_compute_controller.cpp:498]   --->   Operation 35 'br' 'br_ln498' <Predicate = (!icmp_ln496 & trunc_ln496 == 5)> <Delay = 0.00>
ST_1 : Operation 36 [1/1] (0.00ns)   --->   "%store_ln498 = store i8 0, i8 %headed_compute_controller_bool_bool_unsigned_int_bool_bool_bool_bool_b_9" [/home/luka/Scripting/ELEC_498-Capstone-LiteLM/HLS-Verilog/Transformer_logic/src-hls/headed_compute_controller.cpp:498]   --->   Operation 36 'store' 'store_ln498' <Predicate = (!icmp_ln496 & trunc_ln496 == 4)> <Delay = 0.00>
ST_1 : Operation 37 [1/1] (0.00ns)   --->   "%br_ln498 = br void %arrayidx146.exit" [/home/luka/Scripting/ELEC_498-Capstone-LiteLM/HLS-Verilog/Transformer_logic/src-hls/headed_compute_controller.cpp:498]   --->   Operation 37 'br' 'br_ln498' <Predicate = (!icmp_ln496 & trunc_ln496 == 4)> <Delay = 0.00>
ST_1 : Operation 38 [1/1] (0.00ns)   --->   "%store_ln498 = store i8 0, i8 %headed_compute_controller_bool_bool_unsigned_int_bool_bool_bool_bool_b_10" [/home/luka/Scripting/ELEC_498-Capstone-LiteLM/HLS-Verilog/Transformer_logic/src-hls/headed_compute_controller.cpp:498]   --->   Operation 38 'store' 'store_ln498' <Predicate = (!icmp_ln496 & trunc_ln496 == 3)> <Delay = 0.00>
ST_1 : Operation 39 [1/1] (0.00ns)   --->   "%br_ln498 = br void %arrayidx146.exit" [/home/luka/Scripting/ELEC_498-Capstone-LiteLM/HLS-Verilog/Transformer_logic/src-hls/headed_compute_controller.cpp:498]   --->   Operation 39 'br' 'br_ln498' <Predicate = (!icmp_ln496 & trunc_ln496 == 3)> <Delay = 0.00>
ST_1 : Operation 40 [1/1] (0.00ns)   --->   "%store_ln498 = store i8 0, i8 %headed_compute_controller_bool_bool_unsigned_int_bool_bool_bool_bool_b_11" [/home/luka/Scripting/ELEC_498-Capstone-LiteLM/HLS-Verilog/Transformer_logic/src-hls/headed_compute_controller.cpp:498]   --->   Operation 40 'store' 'store_ln498' <Predicate = (!icmp_ln496 & trunc_ln496 == 2)> <Delay = 0.00>
ST_1 : Operation 41 [1/1] (0.00ns)   --->   "%br_ln498 = br void %arrayidx146.exit" [/home/luka/Scripting/ELEC_498-Capstone-LiteLM/HLS-Verilog/Transformer_logic/src-hls/headed_compute_controller.cpp:498]   --->   Operation 41 'br' 'br_ln498' <Predicate = (!icmp_ln496 & trunc_ln496 == 2)> <Delay = 0.00>
ST_1 : Operation 42 [1/1] (0.00ns)   --->   "%store_ln498 = store i8 0, i8 %headed_compute_controller_bool_bool_unsigned_int_bool_bool_bool_bool_b_12" [/home/luka/Scripting/ELEC_498-Capstone-LiteLM/HLS-Verilog/Transformer_logic/src-hls/headed_compute_controller.cpp:498]   --->   Operation 42 'store' 'store_ln498' <Predicate = (!icmp_ln496 & trunc_ln496 == 1)> <Delay = 0.00>
ST_1 : Operation 43 [1/1] (0.00ns)   --->   "%br_ln498 = br void %arrayidx146.exit" [/home/luka/Scripting/ELEC_498-Capstone-LiteLM/HLS-Verilog/Transformer_logic/src-hls/headed_compute_controller.cpp:498]   --->   Operation 43 'br' 'br_ln498' <Predicate = (!icmp_ln496 & trunc_ln496 == 1)> <Delay = 0.00>
ST_1 : Operation 44 [1/1] (0.00ns)   --->   "%store_ln498 = store i8 0, i8 %headed_compute_controller_bool_bool_unsigned_int_bool_bool_bool_bool_b_13" [/home/luka/Scripting/ELEC_498-Capstone-LiteLM/HLS-Verilog/Transformer_logic/src-hls/headed_compute_controller.cpp:498]   --->   Operation 44 'store' 'store_ln498' <Predicate = (!icmp_ln496 & trunc_ln496 == 0)> <Delay = 0.00>
ST_1 : Operation 45 [1/1] (0.00ns)   --->   "%br_ln498 = br void %arrayidx146.exit" [/home/luka/Scripting/ELEC_498-Capstone-LiteLM/HLS-Verilog/Transformer_logic/src-hls/headed_compute_controller.cpp:498]   --->   Operation 45 'br' 'br_ln498' <Predicate = (!icmp_ln496 & trunc_ln496 == 0)> <Delay = 0.00>
ST_1 : Operation 46 [1/1] (0.00ns)   --->   "%store_ln498 = store i8 0, i8 %p_ZZ25headed_compute_controllerbbjRbS_bS_S_RjPKhPhR12ComputeStateS0_RhS6_S6_S6_S_s" [/home/luka/Scripting/ELEC_498-Capstone-LiteLM/HLS-Verilog/Transformer_logic/src-hls/headed_compute_controller.cpp:498]   --->   Operation 46 'store' 'store_ln498' <Predicate = (!icmp_ln496 & trunc_ln496 == 15)> <Delay = 0.00>
ST_1 : Operation 47 [1/1] (0.00ns)   --->   "%br_ln498 = br void %arrayidx146.exit" [/home/luka/Scripting/ELEC_498-Capstone-LiteLM/HLS-Verilog/Transformer_logic/src-hls/headed_compute_controller.cpp:498]   --->   Operation 47 'br' 'br_ln498' <Predicate = (!icmp_ln496 & trunc_ln496 == 15)> <Delay = 0.00>
ST_1 : Operation 48 [1/1] (0.42ns)   --->   "%store_ln496 = store i5 %add_ln496, i5 %i" [/home/luka/Scripting/ELEC_498-Capstone-LiteLM/HLS-Verilog/Transformer_logic/src-hls/headed_compute_controller.cpp:496]   --->   Operation 48 'store' 'store_ln496' <Predicate = (!icmp_ln496)> <Delay = 0.42>
ST_1 : Operation 49 [1/1] (0.00ns)   --->   "%br_ln496 = br void %for.inc147" [/home/luka/Scripting/ELEC_498-Capstone-LiteLM/HLS-Verilog/Transformer_logic/src-hls/headed_compute_controller.cpp:496]   --->   Operation 49 'br' 'br_ln496' <Predicate = (!icmp_ln496)> <Delay = 0.00>
ST_1 : Operation 50 [1/1] (0.42ns)   --->   "%ret_ln0 = ret"   --->   Operation 50 'ret' 'ret_ln0' <Predicate = (icmp_ln496)> <Delay = 0.42>


============================================================
+ Verbose Summary: Binding
============================================================
STG Binding: 
---------------- STG Properties BEGIN ----------------
- Is combinational: 0
- Is one-state seq: 0
- Is datapath-only: 0
- Is pipelined: 0
- Is top level: 0
Port [ Return ] is wired: 1; IO mode=ap_ctrl_hs:ce=0
Port [ headed_compute_controller_bool_bool_unsigned_int_bool_bool_bool_bool_b_13]:  wired=1; compound=0; hidden=0; nouse=0; global=1; static=1; extern=0; dir=1; type=0; pingpong=0; private_global=0; IO mode=ap_vld:ce=0
Port [ headed_compute_controller_bool_bool_unsigned_int_bool_bool_bool_bool_b_12]:  wired=1; compound=0; hidden=0; nouse=0; global=1; static=1; extern=0; dir=1; type=0; pingpong=0; private_global=0; IO mode=ap_vld:ce=0
Port [ headed_compute_controller_bool_bool_unsigned_int_bool_bool_bool_bool_b_11]:  wired=1; compound=0; hidden=0; nouse=0; global=1; static=1; extern=0; dir=1; type=0; pingpong=0; private_global=0; IO mode=ap_vld:ce=0
Port [ headed_compute_controller_bool_bool_unsigned_int_bool_bool_bool_bool_b_10]:  wired=1; compound=0; hidden=0; nouse=0; global=1; static=1; extern=0; dir=1; type=0; pingpong=0; private_global=0; IO mode=ap_vld:ce=0
Port [ headed_compute_controller_bool_bool_unsigned_int_bool_bool_bool_bool_b_9]:  wired=1; compound=0; hidden=0; nouse=0; global=1; static=1; extern=0; dir=1; type=0; pingpong=0; private_global=0; IO mode=ap_vld:ce=0
Port [ headed_compute_controller_bool_bool_unsigned_int_bool_bool_bool_bool_b_8]:  wired=1; compound=0; hidden=0; nouse=0; global=1; static=1; extern=0; dir=1; type=0; pingpong=0; private_global=0; IO mode=ap_vld:ce=0
Port [ headed_compute_controller_bool_bool_unsigned_int_bool_bool_bool_bool_b_7]:  wired=1; compound=0; hidden=0; nouse=0; global=1; static=1; extern=0; dir=1; type=0; pingpong=0; private_global=0; IO mode=ap_vld:ce=0
Port [ headed_compute_controller_bool_bool_unsigned_int_bool_bool_bool_bool_b_6]:  wired=1; compound=0; hidden=0; nouse=0; global=1; static=1; extern=0; dir=1; type=0; pingpong=0; private_global=0; IO mode=ap_vld:ce=0
Port [ headed_compute_controller_bool_bool_unsigned_int_bool_bool_bool_bool_b_5]:  wired=1; compound=0; hidden=0; nouse=0; global=1; static=1; extern=0; dir=1; type=0; pingpong=0; private_global=0; IO mode=ap_vld:ce=0
Port [ headed_compute_controller_bool_bool_unsigned_int_bool_bool_bool_bool_b_4]:  wired=1; compound=0; hidden=0; nouse=0; global=1; static=1; extern=0; dir=1; type=0; pingpong=0; private_global=0; IO mode=ap_vld:ce=0
Port [ p_ZZ25headed_compute_controllerbbjRbS_bS_S_RjPKhPhR12ComputeStateS0_RhS6_S6_S6_S_5]:  wired=1; compound=0; hidden=0; nouse=0; global=1; static=1; extern=0; dir=1; type=0; pingpong=0; private_global=0; IO mode=ap_vld:ce=0
Port [ p_ZZ25headed_compute_controllerbbjRbS_bS_S_RjPKhPhR12ComputeStateS0_RhS6_S6_S6_S_4]:  wired=1; compound=0; hidden=0; nouse=0; global=1; static=1; extern=0; dir=1; type=0; pingpong=0; private_global=0; IO mode=ap_vld:ce=0
Port [ p_ZZ25headed_compute_controllerbbjRbS_bS_S_RjPKhPhR12ComputeStateS0_RhS6_S6_S6_S_3]:  wired=1; compound=0; hidden=0; nouse=0; global=1; static=1; extern=0; dir=1; type=0; pingpong=0; private_global=0; IO mode=ap_vld:ce=0
Port [ p_ZZ25headed_compute_controllerbbjRbS_bS_S_RjPKhPhR12ComputeStateS0_RhS6_S6_S6_S_2]:  wired=1; compound=0; hidden=0; nouse=0; global=1; static=1; extern=0; dir=1; type=0; pingpong=0; private_global=0; IO mode=ap_vld:ce=0
Port [ p_ZZ25headed_compute_controllerbbjRbS_bS_S_RjPKhPhR12ComputeStateS0_RhS6_S6_S6_S_1]:  wired=1; compound=0; hidden=0; nouse=0; global=1; static=1; extern=0; dir=1; type=0; pingpong=0; private_global=0; IO mode=ap_vld:ce=0
Port [ p_ZZ25headed_compute_controllerbbjRbS_bS_S_RjPKhPhR12ComputeStateS0_RhS6_S6_S6_S_s]:  wired=1; compound=0; hidden=0; nouse=0; global=1; static=1; extern=0; dir=1; type=0; pingpong=0; private_global=0; IO mode=ap_vld:ce=0
---------------- STG Properties END ------------------

---------------- Datapath Model BEGIN ----------------

<LifeTime>
<method=bitvector/>
i                       (alloca           ) [ 01]
store_ln496             (store            ) [ 00]
br_ln0                  (br               ) [ 00]
i_5                     (load             ) [ 00]
icmp_ln496              (icmp             ) [ 01]
add_ln496               (add              ) [ 00]
br_ln496                (br               ) [ 00]
trunc_ln496             (trunc            ) [ 01]
specpipeline_ln497      (specpipeline     ) [ 00]
speclooptripcount_ln496 (speclooptripcount) [ 00]
specloopname_ln496      (specloopname     ) [ 00]
switch_ln498            (switch           ) [ 00]
store_ln498             (store            ) [ 00]
br_ln498                (br               ) [ 00]
store_ln498             (store            ) [ 00]
br_ln498                (br               ) [ 00]
store_ln498             (store            ) [ 00]
br_ln498                (br               ) [ 00]
store_ln498             (store            ) [ 00]
br_ln498                (br               ) [ 00]
store_ln498             (store            ) [ 00]
br_ln498                (br               ) [ 00]
store_ln498             (store            ) [ 00]
br_ln498                (br               ) [ 00]
store_ln498             (store            ) [ 00]
br_ln498                (br               ) [ 00]
store_ln498             (store            ) [ 00]
br_ln498                (br               ) [ 00]
store_ln498             (store            ) [ 00]
br_ln498                (br               ) [ 00]
store_ln498             (store            ) [ 00]
br_ln498                (br               ) [ 00]
store_ln498             (store            ) [ 00]
br_ln498                (br               ) [ 00]
store_ln498             (store            ) [ 00]
br_ln498                (br               ) [ 00]
store_ln498             (store            ) [ 00]
br_ln498                (br               ) [ 00]
store_ln498             (store            ) [ 00]
br_ln498                (br               ) [ 00]
store_ln498             (store            ) [ 00]
br_ln498                (br               ) [ 00]
store_ln498             (store            ) [ 00]
br_ln498                (br               ) [ 00]
store_ln496             (store            ) [ 00]
br_ln496                (br               ) [ 00]
ret_ln0                 (ret              ) [ 00]
</LifeTime>

<model>

<comp_list>
<comp id="0" class="1000" name="headed_compute_controller_bool_bool_unsigned_int_bool_bool_bool_bool_b_13">
<pin_list>
<pin id="1" dir="1" index="0" bw="1" slack="0"/>
</pin_list>
<bind>
<StgValue><ssdm name="headed_compute_controller_bool_bool_unsigned_int_bool_bool_bool_bool_b_13"/></StgValue>
</bind>
</comp>

<comp id="2" class="1000" name="headed_compute_controller_bool_bool_unsigned_int_bool_bool_bool_bool_b_12">
<pin_list>
<pin id="3" dir="1" index="0" bw="1" slack="0"/>
</pin_list>
<bind>
<StgValue><ssdm name="headed_compute_controller_bool_bool_unsigned_int_bool_bool_bool_bool_b_12"/></StgValue>
</bind>
</comp>

<comp id="4" class="1000" name="headed_compute_controller_bool_bool_unsigned_int_bool_bool_bool_bool_b_11">
<pin_list>
<pin id="5" dir="1" index="0" bw="1" slack="0"/>
</pin_list>
<bind>
<StgValue><ssdm name="headed_compute_controller_bool_bool_unsigned_int_bool_bool_bool_bool_b_11"/></StgValue>
</bind>
</comp>

<comp id="6" class="1000" name="headed_compute_controller_bool_bool_unsigned_int_bool_bool_bool_bool_b_10">
<pin_list>
<pin id="7" dir="1" index="0" bw="1" slack="0"/>
</pin_list>
<bind>
<StgValue><ssdm name="headed_compute_controller_bool_bool_unsigned_int_bool_bool_bool_bool_b_10"/></StgValue>
</bind>
</comp>

<comp id="8" class="1000" name="headed_compute_controller_bool_bool_unsigned_int_bool_bool_bool_bool_b_9">
<pin_list>
<pin id="9" dir="1" index="0" bw="1" slack="0"/>
</pin_list>
<bind>
<StgValue><ssdm name="headed_compute_controller_bool_bool_unsigned_int_bool_bool_bool_bool_b_9"/></StgValue>
</bind>
</comp>

<comp id="10" class="1000" name="headed_compute_controller_bool_bool_unsigned_int_bool_bool_bool_bool_b_8">
<pin_list>
<pin id="11" dir="1" index="0" bw="1" slack="0"/>
</pin_list>
<bind>
<StgValue><ssdm name="headed_compute_controller_bool_bool_unsigned_int_bool_bool_bool_bool_b_8"/></StgValue>
</bind>
</comp>

<comp id="12" class="1000" name="headed_compute_controller_bool_bool_unsigned_int_bool_bool_bool_bool_b_7">
<pin_list>
<pin id="13" dir="1" index="0" bw="1" slack="0"/>
</pin_list>
<bind>
<StgValue><ssdm name="headed_compute_controller_bool_bool_unsigned_int_bool_bool_bool_bool_b_7"/></StgValue>
</bind>
</comp>

<comp id="14" class="1000" name="headed_compute_controller_bool_bool_unsigned_int_bool_bool_bool_bool_b_6">
<pin_list>
<pin id="15" dir="1" index="0" bw="1" slack="0"/>
</pin_list>
<bind>
<StgValue><ssdm name="headed_compute_controller_bool_bool_unsigned_int_bool_bool_bool_bool_b_6"/></StgValue>
</bind>
</comp>

<comp id="16" class="1000" name="headed_compute_controller_bool_bool_unsigned_int_bool_bool_bool_bool_b_5">
<pin_list>
<pin id="17" dir="1" index="0" bw="1" slack="0"/>
</pin_list>
<bind>
<StgValue><ssdm name="headed_compute_controller_bool_bool_unsigned_int_bool_bool_bool_bool_b_5"/></StgValue>
</bind>
</comp>

<comp id="18" class="1000" name="headed_compute_controller_bool_bool_unsigned_int_bool_bool_bool_bool_b_4">
<pin_list>
<pin id="19" dir="1" index="0" bw="1" slack="0"/>
</pin_list>
<bind>
<StgValue><ssdm name="headed_compute_controller_bool_bool_unsigned_int_bool_bool_bool_bool_b_4"/></StgValue>
</bind>
</comp>

<comp id="20" class="1000" name="p_ZZ25headed_compute_controllerbbjRbS_bS_S_RjPKhPhR12ComputeStateS0_RhS6_S6_S6_S_5">
<pin_list>
<pin id="21" dir="1" index="0" bw="1" slack="0"/>
</pin_list>
<bind>
<StgValue><ssdm name="p_ZZ25headed_compute_controllerbbjRbS_bS_S_RjPKhPhR12ComputeStateS0_RhS6_S6_S6_S_5"/></StgValue>
</bind>
</comp>

<comp id="22" class="1000" name="p_ZZ25headed_compute_controllerbbjRbS_bS_S_RjPKhPhR12ComputeStateS0_RhS6_S6_S6_S_4">
<pin_list>
<pin id="23" dir="1" index="0" bw="1" slack="0"/>
</pin_list>
<bind>
<StgValue><ssdm name="p_ZZ25headed_compute_controllerbbjRbS_bS_S_RjPKhPhR12ComputeStateS0_RhS6_S6_S6_S_4"/></StgValue>
</bind>
</comp>

<comp id="24" class="1000" name="p_ZZ25headed_compute_controllerbbjRbS_bS_S_RjPKhPhR12ComputeStateS0_RhS6_S6_S6_S_3">
<pin_list>
<pin id="25" dir="1" index="0" bw="1" slack="0"/>
</pin_list>
<bind>
<StgValue><ssdm name="p_ZZ25headed_compute_controllerbbjRbS_bS_S_RjPKhPhR12ComputeStateS0_RhS6_S6_S6_S_3"/></StgValue>
</bind>
</comp>

<comp id="26" class="1000" name="p_ZZ25headed_compute_controllerbbjRbS_bS_S_RjPKhPhR12ComputeStateS0_RhS6_S6_S6_S_2">
<pin_list>
<pin id="27" dir="1" index="0" bw="1" slack="0"/>
</pin_list>
<bind>
<StgValue><ssdm name="p_ZZ25headed_compute_controllerbbjRbS_bS_S_RjPKhPhR12ComputeStateS0_RhS6_S6_S6_S_2"/></StgValue>
</bind>
</comp>

<comp id="28" class="1000" name="p_ZZ25headed_compute_controllerbbjRbS_bS_S_RjPKhPhR12ComputeStateS0_RhS6_S6_S6_S_1">
<pin_list>
<pin id="29" dir="1" index="0" bw="1" slack="0"/>
</pin_list>
<bind>
<StgValue><ssdm name="p_ZZ25headed_compute_controllerbbjRbS_bS_S_RjPKhPhR12ComputeStateS0_RhS6_S6_S6_S_1"/></StgValue>
</bind>
</comp>

<comp id="30" class="1000" name="p_ZZ25headed_compute_controllerbbjRbS_bS_S_RjPKhPhR12ComputeStateS0_RhS6_S6_S6_S_s">
<pin_list>
<pin id="31" dir="1" index="0" bw="1" slack="0"/>
</pin_list>
<bind>
<StgValue><ssdm name="p_ZZ25headed_compute_controllerbbjRbS_bS_S_RjPKhPhR12ComputeStateS0_RhS6_S6_S6_S_s"/></StgValue>
</bind>
</comp>

<comp id="32" class="1001" name="const_32">
<pin_list>
<pin id="33" dir="1" index="0" bw="1" slack="0"/>
</pin_list>
<bind>
<StgValue><ssdm name=""/></StgValue>
</bind>
</comp>

<comp id="34" class="1001" name="const_34">
<pin_list>
<pin id="35" dir="1" index="0" bw="1" slack="0"/>
</pin_list>
<bind>
<StgValue><ssdm name=""/></StgValue>
</bind>
</comp>

<comp id="36" class="1001" name="const_36">
<pin_list>
<pin id="37" dir="1" index="0" bw="1" slack="0"/>
</pin_list>
<bind>
<StgValue><ssdm name=""/></StgValue>
</bind>
</comp>

<comp id="38" class="1001" name="const_38">
<pin_list>
<pin id="39" dir="1" index="0" bw="1" slack="0"/>
</pin_list>
<bind>
<StgValue><ssdm name=""/></StgValue>
</bind>
</comp>

<comp id="40" class="1001" name="const_40">
<pin_list>
<pin id="41" dir="1" index="0" bw="1" slack="2147483647"/>
</pin_list>
<bind>
<StgValue><ssdm name="_ssdm_op_SpecPipeline"/></StgValue>
</bind>
</comp>

<comp id="42" class="1001" name="const_42">
<pin_list>
<pin id="43" dir="1" index="0" bw="1" slack="2147483647"/>
</pin_list>
<bind>
<StgValue><ssdm name=""/></StgValue>
</bind>
</comp>

<comp id="44" class="1001" name="const_44">
<pin_list>
<pin id="45" dir="1" index="0" bw="1" slack="2147483647"/>
</pin_list>
<bind>
<StgValue><ssdm name="empty_0"/></StgValue>
</bind>
</comp>

<comp id="46" class="1001" name="const_46">
<pin_list>
<pin id="47" dir="1" index="0" bw="1" slack="2147483647"/>
</pin_list>
<bind>
<StgValue><ssdm name="_ssdm_op_SpecLoopTripCount"/></StgValue>
</bind>
</comp>

<comp id="48" class="1001" name="const_48">
<pin_list>
<pin id="49" dir="1" index="0" bw="1" slack="2147483647"/>
</pin_list>
<bind>
<StgValue><ssdm name=""/></StgValue>
</bind>
</comp>

<comp id="50" class="1001" name="const_50">
<pin_list>
<pin id="51" dir="1" index="0" bw="1" slack="2147483647"/>
</pin_list>
<bind>
<StgValue><ssdm name="_ssdm_op_SpecLoopName"/></StgValue>
</bind>
</comp>

<comp id="52" class="1001" name="const_52">
<pin_list>
<pin id="53" dir="1" index="0" bw="1" slack="2147483647"/>
</pin_list>
<bind>
<StgValue><ssdm name="empty_16"/></StgValue>
</bind>
</comp>

<comp id="54" class="1001" name="const_54">
<pin_list>
<pin id="55" dir="1" index="0" bw="1" slack="0"/>
</pin_list>
<bind>
<StgValue><ssdm name=""/></StgValue>
</bind>
</comp>

<comp id="56" class="1001" name="const_56">
<pin_list>
<pin id="57" dir="1" index="0" bw="1" slack="0"/>
</pin_list>
<bind>
<StgValue><ssdm name=""/></StgValue>
</bind>
</comp>

<comp id="58" class="1001" name="const_58">
<pin_list>
<pin id="59" dir="1" index="0" bw="1" slack="0"/>
</pin_list>
<bind>
<StgValue><ssdm name=""/></StgValue>
</bind>
</comp>

<comp id="60" class="1001" name="const_60">
<pin_list>
<pin id="61" dir="1" index="0" bw="1" slack="0"/>
</pin_list>
<bind>
<StgValue><ssdm name=""/></StgValue>
</bind>
</comp>

<comp id="62" class="1001" name="const_62">
<pin_list>
<pin id="63" dir="1" index="0" bw="1" slack="0"/>
</pin_list>
<bind>
<StgValue><ssdm name=""/></StgValue>
</bind>
</comp>

<comp id="64" class="1001" name="const_64">
<pin_list>
<pin id="65" dir="1" index="0" bw="1" slack="0"/>
</pin_list>
<bind>
<StgValue><ssdm name=""/></StgValue>
</bind>
</comp>

<comp id="66" class="1001" name="const_66">
<pin_list>
<pin id="67" dir="1" index="0" bw="1" slack="0"/>
</pin_list>
<bind>
<StgValue><ssdm name=""/></StgValue>
</bind>
</comp>

<comp id="68" class="1001" name="const_68">
<pin_list>
<pin id="69" dir="1" index="0" bw="1" slack="0"/>
</pin_list>
<bind>
<StgValue><ssdm name=""/></StgValue>
</bind>
</comp>

<comp id="70" class="1001" name="const_70">
<pin_list>
<pin id="71" dir="1" index="0" bw="1" slack="0"/>
</pin_list>
<bind>
<StgValue><ssdm name=""/></StgValue>
</bind>
</comp>

<comp id="72" class="1001" name="const_72">
<pin_list>
<pin id="73" dir="1" index="0" bw="1" slack="0"/>
</pin_list>
<bind>
<StgValue><ssdm name=""/></StgValue>
</bind>
</comp>

<comp id="74" class="1001" name="const_74">
<pin_list>
<pin id="75" dir="1" index="0" bw="1" slack="0"/>
</pin_list>
<bind>
<StgValue><ssdm name=""/></StgValue>
</bind>
</comp>

<comp id="76" class="1001" name="const_76">
<pin_list>
<pin id="77" dir="1" index="0" bw="1" slack="0"/>
</pin_list>
<bind>
<StgValue><ssdm name=""/></StgValue>
</bind>
</comp>

<comp id="78" class="1001" name="const_78">
<pin_list>
<pin id="79" dir="1" index="0" bw="1" slack="0"/>
</pin_list>
<bind>
<StgValue><ssdm name=""/></StgValue>
</bind>
</comp>

<comp id="80" class="1001" name="const_80">
<pin_list>
<pin id="81" dir="1" index="0" bw="1" slack="0"/>
</pin_list>
<bind>
<StgValue><ssdm name=""/></StgValue>
</bind>
</comp>

<comp id="82" class="1001" name="const_82">
<pin_list>
<pin id="83" dir="1" index="0" bw="1" slack="0"/>
</pin_list>
<bind>
<StgValue><ssdm name=""/></StgValue>
</bind>
</comp>

<comp id="84" class="1001" name="const_84">
<pin_list>
<pin id="85" dir="1" index="0" bw="1" slack="0"/>
</pin_list>
<bind>
<StgValue><ssdm name=""/></StgValue>
</bind>
</comp>

<comp id="86" class="1004" name="i_fu_86">
<pin_list>
<pin id="87" dir="0" index="0" bw="1" slack="0"/>
<pin id="88" dir="1" index="1" bw="5" slack="0"/>
</pin_list>
<bind>
<opcode="alloca(26) " fcode="alloca"/>
<opset="i/1 "/>
</bind>
</comp>

<comp id="90" class="1004" name="store_ln496_store_fu_90">
<pin_list>
<pin id="91" dir="0" index="0" bw="1" slack="0"/>
<pin id="92" dir="0" index="1" bw="5" slack="0"/>
<pin id="93" dir="1" index="2" bw="0" slack="2147483647"/>
</pin_list>
<bind>
<opcode="store(28) " fcode="store"/>
<opset="store_ln496/1 "/>
</bind>
</comp>

<comp id="95" class="1004" name="i_5_load_fu_95">
<pin_list>
<pin id="96" dir="0" index="0" bw="5" slack="0"/>
<pin id="97" dir="1" index="1" bw="5" slack="0"/>
</pin_list>
<bind>
<opcode="load(27) " fcode="load"/>
<opset="i_5/1 "/>
</bind>
</comp>

<comp id="98" class="1004" name="icmp_ln496_fu_98">
<pin_list>
<pin id="99" dir="0" index="0" bw="5" slack="0"/>
<pin id="100" dir="0" index="1" bw="5" slack="0"/>
<pin id="101" dir="1" index="2" bw="1" slack="2147483647"/>
</pin_list>
<bind>
<opcode="icmp(45) " fcode="icmp"/>
<opset="icmp_ln496/1 "/>
</bind>
</comp>

<comp id="104" class="1004" name="add_ln496_fu_104">
<pin_list>
<pin id="105" dir="0" index="0" bw="5" slack="0"/>
<pin id="106" dir="0" index="1" bw="1" slack="0"/>
<pin id="107" dir="1" index="2" bw="5" slack="0"/>
</pin_list>
<bind>
<opcode="add(8) " fcode="add"/>
<opset="add_ln496/1 "/>
</bind>
</comp>

<comp id="110" class="1004" name="trunc_ln496_fu_110">
<pin_list>
<pin id="111" dir="0" index="0" bw="5" slack="0"/>
<pin id="112" dir="1" index="1" bw="4" slack="0"/>
</pin_list>
<bind>
<opcode="trunc(33) " fcode="trunc"/>
<opset="trunc_ln496/1 "/>
</bind>
</comp>

<comp id="114" class="1004" name="switch_ln498_fu_114">
<pin_list>
<pin id="115" dir="0" index="0" bw="4" slack="0"/>
<pin id="116" dir="0" index="1" bw="1" slack="0"/>
<pin id="117" dir="0" index="2" bw="1" slack="0"/>
<pin id="118" dir="0" index="3" bw="3" slack="0"/>
<pin id="119" dir="0" index="4" bw="3" slack="0"/>
<pin id="120" dir="0" index="5" bw="4" slack="0"/>
<pin id="121" dir="0" index="6" bw="4" slack="0"/>
<pin id="122" dir="0" index="7" bw="4" slack="0"/>
<pin id="123" dir="0" index="8" bw="4" slack="0"/>
<pin id="124" dir="0" index="9" bw="4" slack="0"/>
<pin id="125" dir="0" index="10" bw="4" slack="0"/>
<pin id="126" dir="0" index="11" bw="4" slack="0"/>
<pin id="127" dir="0" index="12" bw="4" slack="0"/>
<pin id="128" dir="0" index="13" bw="3" slack="0"/>
<pin id="129" dir="0" index="14" bw="3" slack="0"/>
<pin id="130" dir="0" index="15" bw="2" slack="0"/>
<pin id="131" dir="1" index="16" bw="0" slack="2147483647"/>
</pin_list>
<bind>
<opcode="switch(3) " fcode="switch"/>
<opset="switch_ln498/1 "/>
</bind>
</comp>

<comp id="148" class="1004" name="store_ln498_store_fu_148">
<pin_list>
<pin id="149" dir="0" index="0" bw="1" slack="0"/>
<pin id="150" dir="0" index="1" bw="8" slack="0"/>
<pin id="151" dir="1" index="2" bw="0" slack="2147483647"/>
</pin_list>
<bind>
<opcode="store(28) " fcode="store"/>
<opset="store_ln498/1 "/>
</bind>
</comp>

<comp id="154" class="1004" name="store_ln498_store_fu_154">
<pin_list>
<pin id="155" dir="0" index="0" bw="1" slack="0"/>
<pin id="156" dir="0" index="1" bw="8" slack="0"/>
<pin id="157" dir="1" index="2" bw="0" slack="2147483647"/>
</pin_list>
<bind>
<opcode="store(28) " fcode="store"/>
<opset="store_ln498/1 "/>
</bind>
</comp>

<comp id="160" class="1004" name="store_ln498_store_fu_160">
<pin_list>
<pin id="161" dir="0" index="0" bw="1" slack="0"/>
<pin id="162" dir="0" index="1" bw="8" slack="0"/>
<pin id="163" dir="1" index="2" bw="0" slack="2147483647"/>
</pin_list>
<bind>
<opcode="store(28) " fcode="store"/>
<opset="store_ln498/1 "/>
</bind>
</comp>

<comp id="166" class="1004" name="store_ln498_store_fu_166">
<pin_list>
<pin id="167" dir="0" index="0" bw="1" slack="0"/>
<pin id="168" dir="0" index="1" bw="8" slack="0"/>
<pin id="169" dir="1" index="2" bw="0" slack="2147483647"/>
</pin_list>
<bind>
<opcode="store(28) " fcode="store"/>
<opset="store_ln498/1 "/>
</bind>
</comp>

<comp id="172" class="1004" name="store_ln498_store_fu_172">
<pin_list>
<pin id="173" dir="0" index="0" bw="1" slack="0"/>
<pin id="174" dir="0" index="1" bw="8" slack="0"/>
<pin id="175" dir="1" index="2" bw="0" slack="2147483647"/>
</pin_list>
<bind>
<opcode="store(28) " fcode="store"/>
<opset="store_ln498/1 "/>
</bind>
</comp>

<comp id="178" class="1004" name="store_ln498_store_fu_178">
<pin_list>
<pin id="179" dir="0" index="0" bw="1" slack="0"/>
<pin id="180" dir="0" index="1" bw="8" slack="0"/>
<pin id="181" dir="1" index="2" bw="0" slack="2147483647"/>
</pin_list>
<bind>
<opcode="store(28) " fcode="store"/>
<opset="store_ln498/1 "/>
</bind>
</comp>

<comp id="184" class="1004" name="store_ln498_store_fu_184">
<pin_list>
<pin id="185" dir="0" index="0" bw="1" slack="0"/>
<pin id="186" dir="0" index="1" bw="8" slack="0"/>
<pin id="187" dir="1" index="2" bw="0" slack="2147483647"/>
</pin_list>
<bind>
<opcode="store(28) " fcode="store"/>
<opset="store_ln498/1 "/>
</bind>
</comp>

<comp id="190" class="1004" name="store_ln498_store_fu_190">
<pin_list>
<pin id="191" dir="0" index="0" bw="1" slack="0"/>
<pin id="192" dir="0" index="1" bw="8" slack="0"/>
<pin id="193" dir="1" index="2" bw="0" slack="2147483647"/>
</pin_list>
<bind>
<opcode="store(28) " fcode="store"/>
<opset="store_ln498/1 "/>
</bind>
</comp>

<comp id="196" class="1004" name="store_ln498_store_fu_196">
<pin_list>
<pin id="197" dir="0" index="0" bw="1" slack="0"/>
<pin id="198" dir="0" index="1" bw="8" slack="0"/>
<pin id="199" dir="1" index="2" bw="0" slack="2147483647"/>
</pin_list>
<bind>
<opcode="store(28) " fcode="store"/>
<opset="store_ln498/1 "/>
</bind>
</comp>

<comp id="202" class="1004" name="store_ln498_store_fu_202">
<pin_list>
<pin id="203" dir="0" index="0" bw="1" slack="0"/>
<pin id="204" dir="0" index="1" bw="8" slack="0"/>
<pin id="205" dir="1" index="2" bw="0" slack="2147483647"/>
</pin_list>
<bind>
<opcode="store(28) " fcode="store"/>
<opset="store_ln498/1 "/>
</bind>
</comp>

<comp id="208" class="1004" name="store_ln498_store_fu_208">
<pin_list>
<pin id="209" dir="0" index="0" bw="1" slack="0"/>
<pin id="210" dir="0" index="1" bw="8" slack="0"/>
<pin id="211" dir="1" index="2" bw="0" slack="2147483647"/>
</pin_list>
<bind>
<opcode="store(28) " fcode="store"/>
<opset="store_ln498/1 "/>
</bind>
</comp>

<comp id="214" class="1004" name="store_ln498_store_fu_214">
<pin_list>
<pin id="215" dir="0" index="0" bw="1" slack="0"/>
<pin id="216" dir="0" index="1" bw="8" slack="0"/>
<pin id="217" dir="1" index="2" bw="0" slack="2147483647"/>
</pin_list>
<bind>
<opcode="store(28) " fcode="store"/>
<opset="store_ln498/1 "/>
</bind>
</comp>

<comp id="220" class="1004" name="store_ln498_store_fu_220">
<pin_list>
<pin id="221" dir="0" index="0" bw="1" slack="0"/>
<pin id="222" dir="0" index="1" bw="8" slack="0"/>
<pin id="223" dir="1" index="2" bw="0" slack="2147483647"/>
</pin_list>
<bind>
<opcode="store(28) " fcode="store"/>
<opset="store_ln498/1 "/>
</bind>
</comp>

<comp id="226" class="1004" name="store_ln498_store_fu_226">
<pin_list>
<pin id="227" dir="0" index="0" bw="1" slack="0"/>
<pin id="228" dir="0" index="1" bw="8" slack="0"/>
<pin id="229" dir="1" index="2" bw="0" slack="2147483647"/>
</pin_list>
<bind>
<opcode="store(28) " fcode="store"/>
<opset="store_ln498/1 "/>
</bind>
</comp>

<comp id="232" class="1004" name="store_ln498_store_fu_232">
<pin_list>
<pin id="233" dir="0" index="0" bw="1" slack="0"/>
<pin id="234" dir="0" index="1" bw="8" slack="0"/>
<pin id="235" dir="1" index="2" bw="0" slack="2147483647"/>
</pin_list>
<bind>
<opcode="store(28) " fcode="store"/>
<opset="store_ln498/1 "/>
</bind>
</comp>

<comp id="238" class="1004" name="store_ln498_store_fu_238">
<pin_list>
<pin id="239" dir="0" index="0" bw="1" slack="0"/>
<pin id="240" dir="0" index="1" bw="8" slack="0"/>
<pin id="241" dir="1" index="2" bw="0" slack="2147483647"/>
</pin_list>
<bind>
<opcode="store(28) " fcode="store"/>
<opset="store_ln498/1 "/>
</bind>
</comp>

<comp id="244" class="1004" name="store_ln496_store_fu_244">
<pin_list>
<pin id="245" dir="0" index="0" bw="5" slack="0"/>
<pin id="246" dir="0" index="1" bw="5" slack="0"/>
<pin id="247" dir="1" index="2" bw="0" slack="2147483647"/>
</pin_list>
<bind>
<opcode="store(28) " fcode="store"/>
<opset="store_ln496/1 "/>
</bind>
</comp>

<comp id="249" class="1005" name="i_reg_249">
<pin_list>
<pin id="250" dir="0" index="0" bw="5" slack="0"/>
<pin id="251" dir="1" index="1" bw="5" slack="0"/>
</pin_list>
<bind>
<opset="i "/>
</bind>
</comp>

</comp_list>

<net_list>
<net id="89"><net_src comp="32" pin="0"/><net_sink comp="86" pin=0"/></net>

<net id="94"><net_src comp="34" pin="0"/><net_sink comp="90" pin=0"/></net>

<net id="102"><net_src comp="95" pin="1"/><net_sink comp="98" pin=0"/></net>

<net id="103"><net_src comp="36" pin="0"/><net_sink comp="98" pin=1"/></net>

<net id="108"><net_src comp="95" pin="1"/><net_sink comp="104" pin=0"/></net>

<net id="109"><net_src comp="38" pin="0"/><net_sink comp="104" pin=1"/></net>

<net id="113"><net_src comp="95" pin="1"/><net_sink comp="110" pin=0"/></net>

<net id="132"><net_src comp="110" pin="1"/><net_sink comp="114" pin=0"/></net>

<net id="133"><net_src comp="54" pin="0"/><net_sink comp="114" pin=1"/></net>

<net id="134"><net_src comp="56" pin="0"/><net_sink comp="114" pin=2"/></net>

<net id="135"><net_src comp="58" pin="0"/><net_sink comp="114" pin=3"/></net>

<net id="136"><net_src comp="60" pin="0"/><net_sink comp="114" pin=4"/></net>

<net id="137"><net_src comp="62" pin="0"/><net_sink comp="114" pin=5"/></net>

<net id="138"><net_src comp="64" pin="0"/><net_sink comp="114" pin=6"/></net>

<net id="139"><net_src comp="66" pin="0"/><net_sink comp="114" pin=7"/></net>

<net id="140"><net_src comp="68" pin="0"/><net_sink comp="114" pin=8"/></net>

<net id="141"><net_src comp="70" pin="0"/><net_sink comp="114" pin=9"/></net>

<net id="142"><net_src comp="72" pin="0"/><net_sink comp="114" pin=10"/></net>

<net id="143"><net_src comp="74" pin="0"/><net_sink comp="114" pin=11"/></net>

<net id="144"><net_src comp="76" pin="0"/><net_sink comp="114" pin=12"/></net>

<net id="145"><net_src comp="78" pin="0"/><net_sink comp="114" pin=13"/></net>

<net id="146"><net_src comp="80" pin="0"/><net_sink comp="114" pin=14"/></net>

<net id="147"><net_src comp="82" pin="0"/><net_sink comp="114" pin=15"/></net>

<net id="152"><net_src comp="84" pin="0"/><net_sink comp="148" pin=0"/></net>

<net id="153"><net_src comp="28" pin="0"/><net_sink comp="148" pin=1"/></net>

<net id="158"><net_src comp="84" pin="0"/><net_sink comp="154" pin=0"/></net>

<net id="159"><net_src comp="26" pin="0"/><net_sink comp="154" pin=1"/></net>

<net id="164"><net_src comp="84" pin="0"/><net_sink comp="160" pin=0"/></net>

<net id="165"><net_src comp="24" pin="0"/><net_sink comp="160" pin=1"/></net>

<net id="170"><net_src comp="84" pin="0"/><net_sink comp="166" pin=0"/></net>

<net id="171"><net_src comp="22" pin="0"/><net_sink comp="166" pin=1"/></net>

<net id="176"><net_src comp="84" pin="0"/><net_sink comp="172" pin=0"/></net>

<net id="177"><net_src comp="20" pin="0"/><net_sink comp="172" pin=1"/></net>

<net id="182"><net_src comp="84" pin="0"/><net_sink comp="178" pin=0"/></net>

<net id="183"><net_src comp="18" pin="0"/><net_sink comp="178" pin=1"/></net>

<net id="188"><net_src comp="84" pin="0"/><net_sink comp="184" pin=0"/></net>

<net id="189"><net_src comp="16" pin="0"/><net_sink comp="184" pin=1"/></net>

<net id="194"><net_src comp="84" pin="0"/><net_sink comp="190" pin=0"/></net>

<net id="195"><net_src comp="14" pin="0"/><net_sink comp="190" pin=1"/></net>

<net id="200"><net_src comp="84" pin="0"/><net_sink comp="196" pin=0"/></net>

<net id="201"><net_src comp="12" pin="0"/><net_sink comp="196" pin=1"/></net>

<net id="206"><net_src comp="84" pin="0"/><net_sink comp="202" pin=0"/></net>

<net id="207"><net_src comp="10" pin="0"/><net_sink comp="202" pin=1"/></net>

<net id="212"><net_src comp="84" pin="0"/><net_sink comp="208" pin=0"/></net>

<net id="213"><net_src comp="8" pin="0"/><net_sink comp="208" pin=1"/></net>

<net id="218"><net_src comp="84" pin="0"/><net_sink comp="214" pin=0"/></net>

<net id="219"><net_src comp="6" pin="0"/><net_sink comp="214" pin=1"/></net>

<net id="224"><net_src comp="84" pin="0"/><net_sink comp="220" pin=0"/></net>

<net id="225"><net_src comp="4" pin="0"/><net_sink comp="220" pin=1"/></net>

<net id="230"><net_src comp="84" pin="0"/><net_sink comp="226" pin=0"/></net>

<net id="231"><net_src comp="2" pin="0"/><net_sink comp="226" pin=1"/></net>

<net id="236"><net_src comp="84" pin="0"/><net_sink comp="232" pin=0"/></net>

<net id="237"><net_src comp="0" pin="0"/><net_sink comp="232" pin=1"/></net>

<net id="242"><net_src comp="84" pin="0"/><net_sink comp="238" pin=0"/></net>

<net id="243"><net_src comp="30" pin="0"/><net_sink comp="238" pin=1"/></net>

<net id="248"><net_src comp="104" pin="2"/><net_sink comp="244" pin=0"/></net>

<net id="252"><net_src comp="86" pin="1"/><net_sink comp="249" pin=0"/></net>

<net id="253"><net_src comp="249" pin="1"/><net_sink comp="90" pin=1"/></net>

<net id="254"><net_src comp="249" pin="1"/><net_sink comp="95" pin=0"/></net>

<net id="255"><net_src comp="249" pin="1"/><net_sink comp="244" pin=1"/></net>

</net_list>

</model> 
---------------- Datapath Model END ------------------

* FSMD analyzer results:
  - Output states:
	Port: headed_compute_controller_bool_bool_unsigned_int_bool_bool_bool_bool_b_13 | {1 }
	Port: headed_compute_controller_bool_bool_unsigned_int_bool_bool_bool_bool_b_12 | {1 }
	Port: headed_compute_controller_bool_bool_unsigned_int_bool_bool_bool_bool_b_11 | {1 }
	Port: headed_compute_controller_bool_bool_unsigned_int_bool_bool_bool_bool_b_10 | {1 }
	Port: headed_compute_controller_bool_bool_unsigned_int_bool_bool_bool_bool_b_9 | {1 }
	Port: headed_compute_controller_bool_bool_unsigned_int_bool_bool_bool_bool_b_8 | {1 }
	Port: headed_compute_controller_bool_bool_unsigned_int_bool_bool_bool_bool_b_7 | {1 }
	Port: headed_compute_controller_bool_bool_unsigned_int_bool_bool_bool_bool_b_6 | {1 }
	Port: headed_compute_controller_bool_bool_unsigned_int_bool_bool_bool_bool_b_5 | {1 }
	Port: headed_compute_controller_bool_bool_unsigned_int_bool_bool_bool_bool_b_4 | {1 }
	Port: p_ZZ25headed_compute_controllerbbjRbS_bS_S_RjPKhPhR12ComputeStateS0_RhS6_S6_S6_S_5 | {1 }
	Port: p_ZZ25headed_compute_controllerbbjRbS_bS_S_RjPKhPhR12ComputeStateS0_RhS6_S6_S6_S_4 | {1 }
	Port: p_ZZ25headed_compute_controllerbbjRbS_bS_S_RjPKhPhR12ComputeStateS0_RhS6_S6_S6_S_3 | {1 }
	Port: p_ZZ25headed_compute_controllerbbjRbS_bS_S_RjPKhPhR12ComputeStateS0_RhS6_S6_S6_S_2 | {1 }
	Port: p_ZZ25headed_compute_controllerbbjRbS_bS_S_RjPKhPhR12ComputeStateS0_RhS6_S6_S6_S_1 | {1 }
	Port: p_ZZ25headed_compute_controllerbbjRbS_bS_S_RjPKhPhR12ComputeStateS0_RhS6_S6_S6_S_s | {1 }
 - Input state : 
  - Chain level:
	State 1
		store_ln496 : 1
		i_5 : 1
		icmp_ln496 : 2
		add_ln496 : 2
		br_ln496 : 3
		trunc_ln496 : 2
		switch_ln498 : 3
		store_ln496 : 3


============================================================
+ Verbose Summary: Datapath Resource usage 
============================================================

* Functional unit list:
|----------|---------------------|---------|---------|
| Operation|   Functional Unit   |    FF   |   LUT   |
|----------|---------------------|---------|---------|
|   icmp   |   icmp_ln496_fu_98  |    0    |    12   |
|----------|---------------------|---------|---------|
|    add   |   add_ln496_fu_104  |    0    |    12   |
|----------|---------------------|---------|---------|
|   trunc  |  trunc_ln496_fu_110 |    0    |    0    |
|----------|---------------------|---------|---------|
|  switch  | switch_ln498_fu_114 |    0    |    0    |
|----------|---------------------|---------|---------|
|   Total  |                     |    0    |    24   |
|----------|---------------------|---------|---------|

Memories:
N/A

* Register list:
+---------+--------+
|         |   FF   |
+---------+--------+
|i_reg_249|    5   |
+---------+--------+
|  Total  |    5   |
+---------+--------+

* Multiplexer (MUX) list: 
|--------|------|------|------|--------|
|  Comp  |  Pin | Size |  BW  | S x BW |
|--------|------|------|------|--------|
|  Total |      |      |      |    0   |
|--------|------|------|------|--------|



* Summary:
+-----------+--------+--------+
|           |   FF   |   LUT  |
+-----------+--------+--------+
|  Function |    0   |   24   |
|   Memory  |    -   |    -   |
|Multiplexer|    -   |    -   |
|  Register |    5   |    -   |
+-----------+--------+--------+
|   Total   |    5   |   24   |
+-----------+--------+--------+
