/home/luka/Scripting/ELEC_498-Capstone-LiteLM/vitis_simulations/Top_Module/Headed_Compute_Controller/headed_compute_controller/hls/.autopilot/db/headed_compute_controller.pp.0.cpp:2575:5: warning: Added loop label VITIS_LOOP_676_1:   [xilinx-label-all-loops]
    for (unsigned i = low; i != high+1; ++i) {
    ^~~
    VITIS_LOOP_676_1: 
/home/luka/Scripting/ELEC_498-Capstone-LiteLM/vitis_simulations/Top_Module/Headed_Compute_Controller/headed_compute_controller/hls/.autopilot/db/headed_compute_controller.pp.0.cpp:2575:5: note: FIX-IT applied suggested code changes
/home/luka/Scripting/ELEC_498-Capstone-LiteLM/vitis_simulations/Top_Module/Headed_Compute_Controller/headed_compute_controller/hls/.autopilot/db/headed_compute_controller.pp.0.cpp:2589:5: warning: Added loop label VITIS_LOOP_690_1:   [xilinx-label-all-loops]
    for (unsigned i = low; i != high+1; ++i) {
    ^~~
    VITIS_LOOP_690_1: 
/home/luka/Scripting/ELEC_498-Capstone-LiteLM/vitis_simulations/Top_Module/Headed_Compute_Controller/headed_compute_controller/hls/.autopilot/db/headed_compute_controller.pp.0.cpp:2589:5: note: FIX-IT applied suggested code changes
/home/luka/Scripting/ELEC_498-Capstone-LiteLM/vitis_simulations/Top_Module/Headed_Compute_Controller/headed_compute_controller/hls/.autopilot/db/headed_compute_controller.pp.0.cpp:2603:5: warning: Added loop label VITIS_LOOP_704_1:   [xilinx-label-all-loops]
    for (unsigned i = low; i != high+1; ++i) {
    ^~~
    VITIS_LOOP_704_1: 
/home/luka/Scripting/ELEC_498-Capstone-LiteLM/vitis_simulations/Top_Module/Headed_Compute_Controller/headed_compute_controller/hls/.autopilot/db/headed_compute_controller.pp.0.cpp:2603:5: note: FIX-IT applied suggested code changes
/home/luka/Scripting/ELEC_498-Capstone-LiteLM/vitis_simulations/Top_Module/Headed_Compute_Controller/headed_compute_controller/hls/.autopilot/db/headed_compute_controller.pp.0.cpp:4571:7: warning: Added loop label VITIS_LOOP_1248_1:   [xilinx-label-all-loops]
      for (i = 0; i < __N - 1; ++i) {
      ^~~
      VITIS_LOOP_1248_1: 
/home/luka/Scripting/ELEC_498-Capstone-LiteLM/vitis_simulations/Top_Module/Headed_Compute_Controller/headed_compute_controller/hls/.autopilot/db/headed_compute_controller.pp.0.cpp:4571:7: note: FIX-IT applied suggested code changes
/home/luka/Scripting/ELEC_498-Capstone-LiteLM/vitis_simulations/Top_Module/Headed_Compute_Controller/headed_compute_controller/hls/.autopilot/db/headed_compute_controller.pp.0.cpp:7994:2: warning: Added loop label VITIS_LOOP_21_1:   [xilinx-label-all-loops]
 for (int h = 0; h < D_HEADS; ++h) {
 ^~~
 VITIS_LOOP_21_1: 
/home/luka/Scripting/ELEC_498-Capstone-LiteLM/vitis_simulations/Top_Module/Headed_Compute_Controller/headed_compute_controller/hls/.autopilot/db/headed_compute_controller.pp.0.cpp:7994:2: note: FIX-IT applied suggested code changes
/home/luka/Scripting/ELEC_498-Capstone-LiteLM/vitis_simulations/Top_Module/Headed_Compute_Controller/headed_compute_controller/hls/.autopilot/db/headed_compute_controller.pp.0.cpp:7997:9: warning: Added loop label VITIS_LOOP_24_2:   [xilinx-label-all-loops]
        for (int i = 0; i < D_MODEL; ++i) {
        ^~~
        VITIS_LOOP_24_2: 
/home/luka/Scripting/ELEC_498-Capstone-LiteLM/vitis_simulations/Top_Module/Headed_Compute_Controller/headed_compute_controller/hls/.autopilot/db/headed_compute_controller.pp.0.cpp:7997:9: note: FIX-IT applied suggested code changes
/home/luka/Scripting/ELEC_498-Capstone-LiteLM/vitis_simulations/Top_Module/Headed_Compute_Controller/headed_compute_controller/hls/.autopilot/db/headed_compute_controller.pp.0.cpp:8013:5: warning: Added loop label VITIS_LOOP_50_1:   [xilinx-label-all-loops]
    for (int t = 0; t < CONTEXT_LENGTH; ++t) {
    ^~~
    VITIS_LOOP_50_1: 
/home/luka/Scripting/ELEC_498-Capstone-LiteLM/vitis_simulations/Top_Module/Headed_Compute_Controller/headed_compute_controller/hls/.autopilot/db/headed_compute_controller.pp.0.cpp:8013:5: note: FIX-IT applied suggested code changes
/home/luka/Scripting/ELEC_498-Capstone-LiteLM/vitis_simulations/Top_Module/Headed_Compute_Controller/headed_compute_controller/hls/.autopilot/db/headed_compute_controller.pp.0.cpp:8015:9: warning: Added loop label VITIS_LOOP_52_2:   [xilinx-label-all-loops]
        for (int d = 0; d < D_HEADS; ++d) {
        ^~~
        VITIS_LOOP_52_2: 
/home/luka/Scripting/ELEC_498-Capstone-LiteLM/vitis_simulations/Top_Module/Headed_Compute_Controller/headed_compute_controller/hls/.autopilot/db/headed_compute_controller.pp.0.cpp:8015:9: note: FIX-IT applied suggested code changes
/home/luka/Scripting/ELEC_498-Capstone-LiteLM/vitis_simulations/Top_Module/Headed_Compute_Controller/headed_compute_controller/hls/.autopilot/db/headed_compute_controller.pp.0.cpp:8030:5: warning: Added loop label VITIS_LOOP_67_1:   [xilinx-label-all-loops]
    for (int h = 0; h < D_HEADS; ++h) {
    ^~~
    VITIS_LOOP_67_1: 
/home/luka/Scripting/ELEC_498-Capstone-LiteLM/vitis_simulations/Top_Module/Headed_Compute_Controller/headed_compute_controller/hls/.autopilot/db/headed_compute_controller.pp.0.cpp:8030:5: note: FIX-IT applied suggested code changes
/home/luka/Scripting/ELEC_498-Capstone-LiteLM/vitis_simulations/Top_Module/Headed_Compute_Controller/headed_compute_controller/hls/.autopilot/db/headed_compute_controller.pp.0.cpp:8032:9: warning: Added loop label VITIS_LOOP_69_2:   [xilinx-label-all-loops]
        for (int t = 0; t < CONTEXT_LENGTH; ++t) {
        ^~~
        VITIS_LOOP_69_2: 
/home/luka/Scripting/ELEC_498-Capstone-LiteLM/vitis_simulations/Top_Module/Headed_Compute_Controller/headed_compute_controller/hls/.autopilot/db/headed_compute_controller.pp.0.cpp:8032:9: note: FIX-IT applied suggested code changes
/home/luka/Scripting/ELEC_498-Capstone-LiteLM/vitis_simulations/Top_Module/Headed_Compute_Controller/headed_compute_controller/hls/.autopilot/db/headed_compute_controller.pp.0.cpp:8051:5: warning: Added loop label VITIS_LOOP_88_1:   [xilinx-label-all-loops]
    for (int i = 0; i < HEAD_VECTOR_MAX; ++i) {
    ^~~
    VITIS_LOOP_88_1: 
/home/luka/Scripting/ELEC_498-Capstone-LiteLM/vitis_simulations/Top_Module/Headed_Compute_Controller/headed_compute_controller/hls/.autopilot/db/headed_compute_controller.pp.0.cpp:8051:5: note: FIX-IT applied suggested code changes
/home/luka/Scripting/ELEC_498-Capstone-LiteLM/vitis_simulations/Top_Module/Headed_Compute_Controller/headed_compute_controller/hls/.autopilot/db/headed_compute_controller.pp.0.cpp:8055:5: warning: Added loop label VITIS_LOOP_92_2:   [xilinx-label-all-loops]
    for (int r = 0; r < HEAD_ACCUM_MAX; ++r) {
    ^~~
    VITIS_LOOP_92_2: 
/home/luka/Scripting/ELEC_498-Capstone-LiteLM/vitis_simulations/Top_Module/Headed_Compute_Controller/headed_compute_controller/hls/.autopilot/db/headed_compute_controller.pp.0.cpp:8055:5: note: FIX-IT applied suggested code changes
/home/luka/Scripting/ELEC_498-Capstone-LiteLM/vitis_simulations/Top_Module/Headed_Compute_Controller/headed_compute_controller/hls/.autopilot/db/headed_compute_controller.pp.0.cpp:8057:9: warning: Added loop label VITIS_LOOP_94_3:   [xilinx-label-all-loops]
        for (int c = 0; c < HEAD_VECTOR_MAX; ++c) {
        ^~~
        VITIS_LOOP_94_3: 
/home/luka/Scripting/ELEC_498-Capstone-LiteLM/vitis_simulations/Top_Module/Headed_Compute_Controller/headed_compute_controller/hls/.autopilot/db/headed_compute_controller.pp.0.cpp:8057:9: note: FIX-IT applied suggested code changes
/home/luka/Scripting/ELEC_498-Capstone-LiteLM/vitis_simulations/Top_Module/Headed_Compute_Controller/headed_compute_controller/hls/.autopilot/db/headed_compute_controller.pp.0.cpp:8063:5: warning: Added loop label VITIS_LOOP_100_4:   [xilinx-label-all-loops]
    for (int i = 0; i < HEAD_ACCUM_MAX; ++i) {
    ^~~
    VITIS_LOOP_100_4: 
/home/luka/Scripting/ELEC_498-Capstone-LiteLM/vitis_simulations/Top_Module/Headed_Compute_Controller/headed_compute_controller/hls/.autopilot/db/headed_compute_controller.pp.0.cpp:8063:5: note: FIX-IT applied suggested code changes
/home/luka/Scripting/ELEC_498-Capstone-LiteLM/vitis_simulations/Top_Module/Headed_Compute_Controller/headed_compute_controller/hls/.autopilot/db/headed_compute_controller.pp.0.cpp:8102:9: warning: Added loop label VITIS_LOOP_139_1:   [xilinx-label-all-loops]
        for (int out = 0; out < HEAD_ACCUM_MAX; ++out) {
        ^~~
        VITIS_LOOP_139_1: 
/home/luka/Scripting/ELEC_498-Capstone-LiteLM/vitis_simulations/Top_Module/Headed_Compute_Controller/headed_compute_controller/hls/.autopilot/db/headed_compute_controller.pp.0.cpp:8102:9: note: FIX-IT applied suggested code changes
/home/luka/Scripting/ELEC_498-Capstone-LiteLM/vitis_simulations/Top_Module/Headed_Compute_Controller/headed_compute_controller/hls/.autopilot/db/headed_compute_controller.pp.0.cpp:8104:13: warning: Added loop label VITIS_LOOP_141_2:   [xilinx-label-all-loops]
            for (int i = 0; i < HEAD_VECTOR_MAX; ++i) {
            ^~~
            VITIS_LOOP_141_2: 
/home/luka/Scripting/ELEC_498-Capstone-LiteLM/vitis_simulations/Top_Module/Headed_Compute_Controller/headed_compute_controller/hls/.autopilot/db/headed_compute_controller.pp.0.cpp:8104:13: note: FIX-IT applied suggested code changes
/home/luka/Scripting/ELEC_498-Capstone-LiteLM/vitis_simulations/Top_Module/Headed_Compute_Controller/headed_compute_controller/hls/.autopilot/db/headed_compute_controller.pp.0.cpp:8123:2: warning: Added loop label VITIS_LOOP_160_1:   [xilinx-label-all-loops]
 for (int i = 0; i < CONTEXT_LENGTH; ++i) {
 ^~~
 VITIS_LOOP_160_1: 
/home/luka/Scripting/ELEC_498-Capstone-LiteLM/vitis_simulations/Top_Module/Headed_Compute_Controller/headed_compute_controller/hls/.autopilot/db/headed_compute_controller.pp.0.cpp:8123:2: note: FIX-IT applied suggested code changes
/home/luka/Scripting/ELEC_498-Capstone-LiteLM/vitis_simulations/Top_Module/Headed_Compute_Controller/headed_compute_controller/hls/.autopilot/db/headed_compute_controller.pp.0.cpp:8195:5: warning: Added loop label VITIS_LOOP_232_1:   [xilinx-label-all-loops]
    for (int i = 1; i < CONTEXT_LENGTH; ++i) {
    ^~~
    VITIS_LOOP_232_1: 
/home/luka/Scripting/ELEC_498-Capstone-LiteLM/vitis_simulations/Top_Module/Headed_Compute_Controller/headed_compute_controller/hls/.autopilot/db/headed_compute_controller.pp.0.cpp:8195:5: note: FIX-IT applied suggested code changes
/home/luka/Scripting/ELEC_498-Capstone-LiteLM/vitis_simulations/Top_Module/Headed_Compute_Controller/headed_compute_controller/hls/.autopilot/db/headed_compute_controller.pp.0.cpp:8208:5: warning: Added loop label VITIS_LOOP_245_2:   [xilinx-label-all-loops]
    for (int i = 0; i < CONTEXT_LENGTH; ++i) {
    ^~~
    VITIS_LOOP_245_2: 
/home/luka/Scripting/ELEC_498-Capstone-LiteLM/vitis_simulations/Top_Module/Headed_Compute_Controller/headed_compute_controller/hls/.autopilot/db/headed_compute_controller.pp.0.cpp:8208:5: note: FIX-IT applied suggested code changes
/home/luka/Scripting/ELEC_498-Capstone-LiteLM/vitis_simulations/Top_Module/Headed_Compute_Controller/headed_compute_controller/hls/.autopilot/db/headed_compute_controller.pp.0.cpp:8229:5: warning: Added loop label VITIS_LOOP_266_3:   [xilinx-label-all-loops]
    for (int i = 0; i < CONTEXT_LENGTH; ++i) {
    ^~~
    VITIS_LOOP_266_3: 
/home/luka/Scripting/ELEC_498-Capstone-LiteLM/vitis_simulations/Top_Module/Headed_Compute_Controller/headed_compute_controller/hls/.autopilot/db/headed_compute_controller.pp.0.cpp:8229:5: note: FIX-IT applied suggested code changes
/home/luka/Scripting/ELEC_498-Capstone-LiteLM/vitis_simulations/Top_Module/Headed_Compute_Controller/headed_compute_controller/hls/.autopilot/db/headed_compute_controller.pp.0.cpp:8250:2: warning: Added loop label VITIS_LOOP_287_1:   [xilinx-label-all-loops]
 for (int t = 0; t < D_HEADS; ++t) {
 ^~~
 VITIS_LOOP_287_1: 
/home/luka/Scripting/ELEC_498-Capstone-LiteLM/vitis_simulations/Top_Module/Headed_Compute_Controller/headed_compute_controller/hls/.autopilot/db/headed_compute_controller.pp.0.cpp:8250:2: note: FIX-IT applied suggested code changes
/home/luka/Scripting/ELEC_498-Capstone-LiteLM/vitis_simulations/Top_Module/Headed_Compute_Controller/headed_compute_controller/hls/.autopilot/db/headed_compute_controller.pp.0.cpp:8362:9: warning: Added loop label VITIS_LOOP_395_1:   [xilinx-label-all-loops]
        for (int i = 0; i < HEAD_VECTOR_MAX; ++i) {
        ^~~
        VITIS_LOOP_395_1: 
/home/luka/Scripting/ELEC_498-Capstone-LiteLM/vitis_simulations/Top_Module/Headed_Compute_Controller/headed_compute_controller/hls/.autopilot/db/headed_compute_controller.pp.0.cpp:8362:9: note: FIX-IT applied suggested code changes
/home/luka/Scripting/ELEC_498-Capstone-LiteLM/vitis_simulations/Top_Module/Headed_Compute_Controller/headed_compute_controller/hls/.autopilot/db/headed_compute_controller.pp.0.cpp:8366:9: warning: Added loop label VITIS_LOOP_399_2:   [xilinx-label-all-loops]
        for (int i = 0; i < HEAD_MATRIX_MAX; ++i) {
        ^~~
        VITIS_LOOP_399_2: 
/home/luka/Scripting/ELEC_498-Capstone-LiteLM/vitis_simulations/Top_Module/Headed_Compute_Controller/headed_compute_controller/hls/.autopilot/db/headed_compute_controller.pp.0.cpp:8366:9: note: FIX-IT applied suggested code changes
/home/luka/Scripting/ELEC_498-Capstone-LiteLM/vitis_simulations/Top_Module/Headed_Compute_Controller/headed_compute_controller/hls/.autopilot/db/headed_compute_controller.pp.0.cpp:8370:9: warning: Added loop label VITIS_LOOP_403_3:   [xilinx-label-all-loops]
        for (int i = 0; i < HEAD_ACCUM_MAX; ++i) {
        ^~~
        VITIS_LOOP_403_3: 
/home/luka/Scripting/ELEC_498-Capstone-LiteLM/vitis_simulations/Top_Module/Headed_Compute_Controller/headed_compute_controller/hls/.autopilot/db/headed_compute_controller.pp.0.cpp:8370:9: note: FIX-IT applied suggested code changes
/home/luka/Scripting/ELEC_498-Capstone-LiteLM/vitis_simulations/Top_Module/Headed_Compute_Controller/headed_compute_controller/hls/.autopilot/db/headed_compute_controller.pp.0.cpp:8375:9: warning: Added loop label VITIS_LOOP_408_4:   [xilinx-label-all-loops]
        for (int i = 0; i < D_HEADS; ++i) {
        ^~~
        VITIS_LOOP_408_4: 
/home/luka/Scripting/ELEC_498-Capstone-LiteLM/vitis_simulations/Top_Module/Headed_Compute_Controller/headed_compute_controller/hls/.autopilot/db/headed_compute_controller.pp.0.cpp:8375:9: note: FIX-IT applied suggested code changes
/home/luka/Scripting/ELEC_498-Capstone-LiteLM/vitis_simulations/Top_Module/Headed_Compute_Controller/headed_compute_controller/hls/.autopilot/db/headed_compute_controller.pp.0.cpp:8380:9: warning: Added loop label VITIS_LOOP_413_5:   [xilinx-label-all-loops]
        for (int i = 0; i < CONTEXT_LENGTH; ++i) {
        ^~~
        VITIS_LOOP_413_5: 
/home/luka/Scripting/ELEC_498-Capstone-LiteLM/vitis_simulations/Top_Module/Headed_Compute_Controller/headed_compute_controller/hls/.autopilot/db/headed_compute_controller.pp.0.cpp:8380:9: note: FIX-IT applied suggested code changes
/home/luka/Scripting/ELEC_498-Capstone-LiteLM/vitis_simulations/Top_Module/Headed_Compute_Controller/headed_compute_controller/hls/.autopilot/db/headed_compute_controller.pp.0.cpp:8407:17: warning: Added loop label VITIS_LOOP_440_6:   [xilinx-label-all-loops]
                for (int i = 0; i < head_buf::OUT_BUF_BYTES; ++i) {
                ^~~
                VITIS_LOOP_440_6: 
/home/luka/Scripting/ELEC_498-Capstone-LiteLM/vitis_simulations/Top_Module/Headed_Compute_Controller/headed_compute_controller/hls/.autopilot/db/headed_compute_controller.pp.0.cpp:8407:17: note: FIX-IT applied suggested code changes
/home/luka/Scripting/ELEC_498-Capstone-LiteLM/vitis_simulations/Top_Module/Headed_Compute_Controller/headed_compute_controller/hls/.autopilot/db/headed_compute_controller.pp.0.cpp:8463:21: warning: Added loop label VITIS_LOOP_496_7:   [xilinx-label-all-loops]
                    for (int i = 0; i < HEAD_VECTOR_MAX; ++i) {
                    ^~~
                    VITIS_LOOP_496_7: 
/home/luka/Scripting/ELEC_498-Capstone-LiteLM/vitis_simulations/Top_Module/Headed_Compute_Controller/headed_compute_controller/hls/.autopilot/db/headed_compute_controller.pp.0.cpp:8463:21: note: FIX-IT applied suggested code changes
/home/luka/Scripting/ELEC_498-Capstone-LiteLM/vitis_simulations/Top_Module/Headed_Compute_Controller/headed_compute_controller/hls/.autopilot/db/headed_compute_controller.pp.0.cpp:8467:21: warning: Added loop label VITIS_LOOP_500_8:   [xilinx-label-all-loops]
                    for (int i = 0; i < D_MODEL; ++i) {
                    ^~~
                    VITIS_LOOP_500_8: 
/home/luka/Scripting/ELEC_498-Capstone-LiteLM/vitis_simulations/Top_Module/Headed_Compute_Controller/headed_compute_controller/hls/.autopilot/db/headed_compute_controller.pp.0.cpp:8467:21: note: FIX-IT applied suggested code changes
/home/luka/Scripting/ELEC_498-Capstone-LiteLM/vitis_simulations/Top_Module/Headed_Compute_Controller/headed_compute_controller/hls/.autopilot/db/headed_compute_controller.pp.0.cpp:8473:21: warning: Added loop label VITIS_LOOP_506_9:   [xilinx-label-all-loops]
                    for (int i = 0; i < HEAD_MATRIX_MAX; ++i) {
                    ^~~
                    VITIS_LOOP_506_9: 
/home/luka/Scripting/ELEC_498-Capstone-LiteLM/vitis_simulations/Top_Module/Headed_Compute_Controller/headed_compute_controller/hls/.autopilot/db/headed_compute_controller.pp.0.cpp:8473:21: note: FIX-IT applied suggested code changes
/home/luka/Scripting/ELEC_498-Capstone-LiteLM/vitis_simulations/Top_Module/Headed_Compute_Controller/headed_compute_controller/hls/.autopilot/db/headed_compute_controller.pp.0.cpp:8477:21: warning: Added loop label VITIS_LOOP_510_10:   [xilinx-label-all-loops]
                    for (int h = 0; h < D_HEADS; ++h) {
                    ^~~
                    VITIS_LOOP_510_10: 
/home/luka/Scripting/ELEC_498-Capstone-LiteLM/vitis_simulations/Top_Module/Headed_Compute_Controller/headed_compute_controller/hls/.autopilot/db/headed_compute_controller.pp.0.cpp:8477:21: note: FIX-IT applied suggested code changes
/home/luka/Scripting/ELEC_498-Capstone-LiteLM/vitis_simulations/Top_Module/Headed_Compute_Controller/headed_compute_controller/hls/.autopilot/db/headed_compute_controller.pp.0.cpp:8479:2: warning: Added loop label VITIS_LOOP_512_11:   [xilinx-label-all-loops]
 for (int i = 0; i < D_MODEL; ++i) {
 ^~~
 VITIS_LOOP_512_11: 
/home/luka/Scripting/ELEC_498-Capstone-LiteLM/vitis_simulations/Top_Module/Headed_Compute_Controller/headed_compute_controller/hls/.autopilot/db/headed_compute_controller.pp.0.cpp:8479:2: note: FIX-IT applied suggested code changes
/home/luka/Scripting/ELEC_498-Capstone-LiteLM/vitis_simulations/Top_Module/Headed_Compute_Controller/headed_compute_controller/hls/.autopilot/db/headed_compute_controller.pp.0.cpp:8487:21: warning: Added loop label VITIS_LOOP_520_12:   [xilinx-label-all-loops]
                    for (int h = 0; h < D_HEADS; ++h) {
                    ^~~
                    VITIS_LOOP_520_12: 
/home/luka/Scripting/ELEC_498-Capstone-LiteLM/vitis_simulations/Top_Module/Headed_Compute_Controller/headed_compute_controller/hls/.autopilot/db/headed_compute_controller.pp.0.cpp:8487:21: note: FIX-IT applied suggested code changes
/home/luka/Scripting/ELEC_498-Capstone-LiteLM/vitis_simulations/Top_Module/Headed_Compute_Controller/headed_compute_controller/hls/.autopilot/db/headed_compute_controller.pp.0.cpp:8491:21: warning: Added loop label VITIS_LOOP_524_13:   [xilinx-label-all-loops]
                    for (int h = D_HEADS; h < HEAD_ACCUM_MAX; ++h) {
                    ^~~
                    VITIS_LOOP_524_13: 
/home/luka/Scripting/ELEC_498-Capstone-LiteLM/vitis_simulations/Top_Module/Headed_Compute_Controller/headed_compute_controller/hls/.autopilot/db/headed_compute_controller.pp.0.cpp:8491:21: note: FIX-IT applied suggested code changes
/home/luka/Scripting/ELEC_498-Capstone-LiteLM/vitis_simulations/Top_Module/Headed_Compute_Controller/headed_compute_controller/hls/.autopilot/db/headed_compute_controller.pp.0.cpp:8501:25: warning: Added loop label VITIS_LOOP_534_14:   [xilinx-label-all-loops]
                        for (int h = 0; h < D_HEADS; ++h) {
                        ^~~
                        VITIS_LOOP_534_14: 
/home/luka/Scripting/ELEC_498-Capstone-LiteLM/vitis_simulations/Top_Module/Headed_Compute_Controller/headed_compute_controller/hls/.autopilot/db/headed_compute_controller.pp.0.cpp:8501:25: note: FIX-IT applied suggested code changes
/home/luka/Scripting/ELEC_498-Capstone-LiteLM/vitis_simulations/Top_Module/Headed_Compute_Controller/headed_compute_controller/hls/.autopilot/db/headed_compute_controller.pp.0.cpp:8515:21: warning: Added loop label VITIS_LOOP_548_15:   [xilinx-label-all-loops]
                    for (int h = 0; h < D_HEADS; ++h) {
                    ^~~
                    VITIS_LOOP_548_15: 
/home/luka/Scripting/ELEC_498-Capstone-LiteLM/vitis_simulations/Top_Module/Headed_Compute_Controller/headed_compute_controller/hls/.autopilot/db/headed_compute_controller.pp.0.cpp:8515:21: note: FIX-IT applied suggested code changes
/home/luka/Scripting/ELEC_498-Capstone-LiteLM/vitis_simulations/Top_Module/Headed_Compute_Controller/headed_compute_controller/hls/.autopilot/db/headed_compute_controller.pp.0.cpp:8522:21: warning: Added loop label VITIS_LOOP_555_16:   [xilinx-label-all-loops]
                    for (int h = 0; h < D_HEADS; ++h) {
                    ^~~
                    VITIS_LOOP_555_16: 
/home/luka/Scripting/ELEC_498-Capstone-LiteLM/vitis_simulations/Top_Module/Headed_Compute_Controller/headed_compute_controller/hls/.autopilot/db/headed_compute_controller.pp.0.cpp:8522:21: note: FIX-IT applied suggested code changes
/home/luka/Scripting/ELEC_498-Capstone-LiteLM/vitis_simulations/Top_Module/Headed_Compute_Controller/headed_compute_controller/hls/.autopilot/db/headed_compute_controller.pp.0.cpp:8531:21: warning: Added loop label VITIS_LOOP_564_17:   [xilinx-label-all-loops]
                    for (int i = 0; i < HEAD_VECTOR_MAX; ++i) {
                    ^~~
                    VITIS_LOOP_564_17: 
/home/luka/Scripting/ELEC_498-Capstone-LiteLM/vitis_simulations/Top_Module/Headed_Compute_Controller/headed_compute_controller/hls/.autopilot/db/headed_compute_controller.pp.0.cpp:8531:21: note: FIX-IT applied suggested code changes
/home/luka/Scripting/ELEC_498-Capstone-LiteLM/vitis_simulations/Top_Module/Headed_Compute_Controller/headed_compute_controller/hls/.autopilot/db/headed_compute_controller.pp.0.cpp:8535:21: warning: Added loop label VITIS_LOOP_568_18:   [xilinx-label-all-loops]
                    for (int h = 0; h < D_HEADS; ++h) {
                    ^~~
                    VITIS_LOOP_568_18: 
/home/luka/Scripting/ELEC_498-Capstone-LiteLM/vitis_simulations/Top_Module/Headed_Compute_Controller/headed_compute_controller/hls/.autopilot/db/headed_compute_controller.pp.0.cpp:8535:21: note: FIX-IT applied suggested code changes
/home/luka/Scripting/ELEC_498-Capstone-LiteLM/vitis_simulations/Top_Module/Headed_Compute_Controller/headed_compute_controller/hls/.autopilot/db/headed_compute_controller.pp.0.cpp:8541:21: warning: Added loop label VITIS_LOOP_574_19:   [xilinx-label-all-loops]
                    for (int i = 0; i < HEAD_MATRIX_MAX; ++i) {
                    ^~~
                    VITIS_LOOP_574_19: 
/home/luka/Scripting/ELEC_498-Capstone-LiteLM/vitis_simulations/Top_Module/Headed_Compute_Controller/headed_compute_controller/hls/.autopilot/db/headed_compute_controller.pp.0.cpp:8541:21: note: FIX-IT applied suggested code changes
/home/luka/Scripting/ELEC_498-Capstone-LiteLM/vitis_simulations/Top_Module/Headed_Compute_Controller/headed_compute_controller/hls/.autopilot/db/headed_compute_controller.pp.0.cpp:8545:21: warning: Added loop label VITIS_LOOP_578_20:   [xilinx-label-all-loops]
                    for (int t = 0; t < CONTEXT_LENGTH; ++t) {
                    ^~~
                    VITIS_LOOP_578_20: 
/home/luka/Scripting/ELEC_498-Capstone-LiteLM/vitis_simulations/Top_Module/Headed_Compute_Controller/headed_compute_controller/hls/.autopilot/db/headed_compute_controller.pp.0.cpp:8545:21: note: FIX-IT applied suggested code changes
/home/luka/Scripting/ELEC_498-Capstone-LiteLM/vitis_simulations/Top_Module/Headed_Compute_Controller/headed_compute_controller/hls/.autopilot/db/headed_compute_controller.pp.0.cpp:8547:2: warning: Added loop label VITIS_LOOP_580_21:   [xilinx-label-all-loops]
 for (int h = 0; h < D_HEADS; ++h) {
 ^~~
 VITIS_LOOP_580_21: 
/home/luka/Scripting/ELEC_498-Capstone-LiteLM/vitis_simulations/Top_Module/Headed_Compute_Controller/headed_compute_controller/hls/.autopilot/db/headed_compute_controller.pp.0.cpp:8547:2: note: FIX-IT applied suggested code changes
/home/luka/Scripting/ELEC_498-Capstone-LiteLM/vitis_simulations/Top_Module/Headed_Compute_Controller/headed_compute_controller/hls/.autopilot/db/headed_compute_controller.pp.0.cpp:8556:21: warning: Added loop label VITIS_LOOP_589_22:   [xilinx-label-all-loops]
                    for (int h = 0; h < HEAD_ACCUM_MAX; ++h) {
                    ^~~
                    VITIS_LOOP_589_22: 
/home/luka/Scripting/ELEC_498-Capstone-LiteLM/vitis_simulations/Top_Module/Headed_Compute_Controller/headed_compute_controller/hls/.autopilot/db/headed_compute_controller.pp.0.cpp:8556:21: note: FIX-IT applied suggested code changes
/home/luka/Scripting/ELEC_498-Capstone-LiteLM/vitis_simulations/Top_Module/Headed_Compute_Controller/headed_compute_controller/hls/.autopilot/db/headed_compute_controller.pp.0.cpp:8566:25: warning: Added loop label VITIS_LOOP_599_23:   [xilinx-label-all-loops]
                        for (int t = 0; t < CONTEXT_LENGTH; ++t) {
                        ^~~
                        VITIS_LOOP_599_23: 
/home/luka/Scripting/ELEC_498-Capstone-LiteLM/vitis_simulations/Top_Module/Headed_Compute_Controller/headed_compute_controller/hls/.autopilot/db/headed_compute_controller.pp.0.cpp:8566:25: note: FIX-IT applied suggested code changes
/home/luka/Scripting/ELEC_498-Capstone-LiteLM/vitis_simulations/Top_Module/Headed_Compute_Controller/headed_compute_controller/hls/.autopilot/db/headed_compute_controller.pp.0.cpp:8577:21: warning: Added loop label VITIS_LOOP_610_24:   [xilinx-label-all-loops]
                    for (int t = 0; t < CONTEXT_LENGTH; ++t) {
                    ^~~
                    VITIS_LOOP_610_24: 
/home/luka/Scripting/ELEC_498-Capstone-LiteLM/vitis_simulations/Top_Module/Headed_Compute_Controller/headed_compute_controller/hls/.autopilot/db/headed_compute_controller.pp.0.cpp:8577:21: note: FIX-IT applied suggested code changes
/home/luka/Scripting/ELEC_498-Capstone-LiteLM/vitis_simulations/Top_Module/Headed_Compute_Controller/headed_compute_controller/hls/.autopilot/db/headed_compute_controller.pp.0.cpp:8582:21: warning: Added loop label VITIS_LOOP_615_25:   [xilinx-label-all-loops]
                    for (int t = 0; t < CONTEXT_LENGTH; ++t) {
                    ^~~
                    VITIS_LOOP_615_25: 
/home/luka/Scripting/ELEC_498-Capstone-LiteLM/vitis_simulations/Top_Module/Headed_Compute_Controller/headed_compute_controller/hls/.autopilot/db/headed_compute_controller.pp.0.cpp:8582:21: note: FIX-IT applied suggested code changes
/home/luka/Scripting/ELEC_498-Capstone-LiteLM/vitis_simulations/Top_Module/Headed_Compute_Controller/headed_compute_controller/hls/.autopilot/db/headed_compute_controller.pp.0.cpp:8589:21: warning: Added loop label VITIS_LOOP_622_26:   [xilinx-label-all-loops]
                    for (int t = 0; t < CONTEXT_LENGTH; ++t) {
                    ^~~
                    VITIS_LOOP_622_26: 
/home/luka/Scripting/ELEC_498-Capstone-LiteLM/vitis_simulations/Top_Module/Headed_Compute_Controller/headed_compute_controller/hls/.autopilot/db/headed_compute_controller.pp.0.cpp:8589:21: note: FIX-IT applied suggested code changes
/home/luka/Scripting/ELEC_498-Capstone-LiteLM/vitis_simulations/Top_Module/Headed_Compute_Controller/headed_compute_controller/hls/.autopilot/db/headed_compute_controller.pp.0.cpp:8594:21: warning: Added loop label VITIS_LOOP_627_27:   [xilinx-label-all-loops]
                    for (int t = 0; t < CONTEXT_LENGTH; ++t) {
                    ^~~
                    VITIS_LOOP_627_27: 
/home/luka/Scripting/ELEC_498-Capstone-LiteLM/vitis_simulations/Top_Module/Headed_Compute_Controller/headed_compute_controller/hls/.autopilot/db/headed_compute_controller.pp.0.cpp:8594:21: note: FIX-IT applied suggested code changes
/home/luka/Scripting/ELEC_498-Capstone-LiteLM/vitis_simulations/Top_Module/Headed_Compute_Controller/headed_compute_controller/hls/.autopilot/db/headed_compute_controller.pp.0.cpp:8603:21: warning: Added loop label VITIS_LOOP_636_28:   [xilinx-label-all-loops]
                    for (int i = 0; i < HEAD_VECTOR_MAX; ++i) {
                    ^~~
                    VITIS_LOOP_636_28: 
/home/luka/Scripting/ELEC_498-Capstone-LiteLM/vitis_simulations/Top_Module/Headed_Compute_Controller/headed_compute_controller/hls/.autopilot/db/headed_compute_controller.pp.0.cpp:8603:21: note: FIX-IT applied suggested code changes
/home/luka/Scripting/ELEC_498-Capstone-LiteLM/vitis_simulations/Top_Module/Headed_Compute_Controller/headed_compute_controller/hls/.autopilot/db/headed_compute_controller.pp.0.cpp:8607:21: warning: Added loop label VITIS_LOOP_640_29:   [xilinx-label-all-loops]
                    for (int t = 0; t < CONTEXT_LENGTH; ++t) {
                    ^~~
                    VITIS_LOOP_640_29: 
/home/luka/Scripting/ELEC_498-Capstone-LiteLM/vitis_simulations/Top_Module/Headed_Compute_Controller/headed_compute_controller/hls/.autopilot/db/headed_compute_controller.pp.0.cpp:8607:21: note: FIX-IT applied suggested code changes
/home/luka/Scripting/ELEC_498-Capstone-LiteLM/vitis_simulations/Top_Module/Headed_Compute_Controller/headed_compute_controller/hls/.autopilot/db/headed_compute_controller.pp.0.cpp:8613:21: warning: Added loop label VITIS_LOOP_646_30:   [xilinx-label-all-loops]
                    for (int i = 0; i < HEAD_MATRIX_MAX; ++i) {
                    ^~~
                    VITIS_LOOP_646_30: 
/home/luka/Scripting/ELEC_498-Capstone-LiteLM/vitis_simulations/Top_Module/Headed_Compute_Controller/headed_compute_controller/hls/.autopilot/db/headed_compute_controller.pp.0.cpp:8613:21: note: FIX-IT applied suggested code changes
/home/luka/Scripting/ELEC_498-Capstone-LiteLM/vitis_simulations/Top_Module/Headed_Compute_Controller/headed_compute_controller/hls/.autopilot/db/headed_compute_controller.pp.0.cpp:8617:21: warning: Added loop label VITIS_LOOP_650_31:   [xilinx-label-all-loops]
                    for (int h = 0; h < D_HEADS; ++h) {
                    ^~~
                    VITIS_LOOP_650_31: 
/home/luka/Scripting/ELEC_498-Capstone-LiteLM/vitis_simulations/Top_Module/Headed_Compute_Controller/headed_compute_controller/hls/.autopilot/db/headed_compute_controller.pp.0.cpp:8617:21: note: FIX-IT applied suggested code changes
/home/luka/Scripting/ELEC_498-Capstone-LiteLM/vitis_simulations/Top_Module/Headed_Compute_Controller/headed_compute_controller/hls/.autopilot/db/headed_compute_controller.pp.0.cpp:8619:2: warning: Added loop label VITIS_LOOP_652_32:   [xilinx-label-all-loops]
 for (int t = 0; t < CONTEXT_LENGTH; ++t) {
 ^~~
 VITIS_LOOP_652_32: 
/home/luka/Scripting/ELEC_498-Capstone-LiteLM/vitis_simulations/Top_Module/Headed_Compute_Controller/headed_compute_controller/hls/.autopilot/db/headed_compute_controller.pp.0.cpp:8619:2: note: FIX-IT applied suggested code changes
/home/luka/Scripting/ELEC_498-Capstone-LiteLM/vitis_simulations/Top_Module/Headed_Compute_Controller/headed_compute_controller/hls/.autopilot/db/headed_compute_controller.pp.0.cpp:8628:21: warning: Added loop label VITIS_LOOP_661_33:   [xilinx-label-all-loops]
                    for (int h = 0; h < HEAD_ACCUM_MAX; ++h) {
                    ^~~
                    VITIS_LOOP_661_33: 
/home/luka/Scripting/ELEC_498-Capstone-LiteLM/vitis_simulations/Top_Module/Headed_Compute_Controller/headed_compute_controller/hls/.autopilot/db/headed_compute_controller.pp.0.cpp:8628:21: note: FIX-IT applied suggested code changes
/home/luka/Scripting/ELEC_498-Capstone-LiteLM/vitis_simulations/Top_Module/Headed_Compute_Controller/headed_compute_controller/hls/.autopilot/db/headed_compute_controller.pp.0.cpp:8639:25: warning: Added loop label VITIS_LOOP_672_34:   [xilinx-label-all-loops]
                        for (int h = 0; h < D_HEADS; ++h) {
                        ^~~
                        VITIS_LOOP_672_34: 
/home/luka/Scripting/ELEC_498-Capstone-LiteLM/vitis_simulations/Top_Module/Headed_Compute_Controller/headed_compute_controller/hls/.autopilot/db/headed_compute_controller.pp.0.cpp:8639:25: note: FIX-IT applied suggested code changes
