

================================================================
== Vitis HLS Report for 'headed_compute_controller_Pipeline_VITIS_LOOP_500_8'
================================================================
* Date:           Fri Jan 30 15:25:11 2026

* Version:        2025.1 (Build 6135595 on May 21 2025)
* Project:        headed_compute_controller
* Solution:       hls (Vivado IP Flow Target)
* Product family: zynquplus
* Target device:  xck26-sfvc784-2LV-c


================================================================
== Performance Estimates
================================================================
+ Timing: 
    * Summary: 
    +--------+----------+----------+------------+
    |  Clock |  Target  | Estimated| Uncertainty|
    +--------+----------+----------+------------+
    |ap_clk  |  10.00 ns|  1.643 ns|     2.70 ns|
    +--------+----------+----------+------------+

+ Latency: 
    * Summary: 
    +---------+---------+----------+----------+-----+-----+------------------------------------------------+
    |  Latency (cycles) |  Latency (absolute) |  Interval |                    Pipeline                    |
    |   min   |   max   |    min   |    max   | min | max |                      Type                      |
    +---------+---------+----------+----------+-----+-----+------------------------------------------------+
    |       18|       18|  0.180 us|  0.180 us|   17|   17|  loop auto-rewind stp (delay=0 clock cycles(s))|
    +---------+---------+----------+----------+-----+-----+------------------------------------------------+

    + Detail: 
        * Instance: 
        N/A

        * Loop: 
        +--------------------+---------+---------+----------+-----------+-----------+------+----------+
        |                    |  Latency (cycles) | Iteration|  Initiation Interval  | Trip |          |
        |      Loop Name     |   min   |   max   |  Latency |  achieved |   target  | Count| Pipelined|
        +--------------------+---------+---------+----------+-----------+-----------+------+----------+
        |- VITIS_LOOP_500_8  |       16|       16|         2|          1|          1|    16|       yes|
        +--------------------+---------+---------+----------+-----------+-----------+------+----------+

============================================================
+ Verbose Summary: Synthesis Manager
============================================================
InlineROM: 1
ExposeGlobal: 0
============================================================
+ Verbose Summary: CDFG Model
============================================================
IsTopModel: 0
ResetActiveHigh: 1
IsCombinational: 0
IsDatapathOnly: 0
HasWiredReturn: 1
HasMFsm: 2
HasVarLatency: 1
IsPipeline: 0
IsRtlPipelined: 0
IsInstanceOverlapped: 0
IsDontTouch: 0
HasImplIP: 0
IsGatedGlobalClock: 0

+ Individual pipeline summary: 
  * Pipeline-0: initiation interval (II) = 1, depth = 2


============================================================
+ Verbose Summary: Schedule
============================================================
* Number of FSM states : 2
* Pipeline : 1
  Pipeline-0 : II = 1, D = 2, States = { 1 2 }
* Dataflow Pipeline: 0

* FSM state transitions: 
1 --> 2 
2 --> 

* FSM state operations: 

State 1 <SV = 0> <Delay = 1.64>
ST_1 : Operation 5 [1/1] (0.00ns)   --->   "%i_4 = alloca i32 1" [/home/luka/Scripting/ELEC_498-Capstone-LiteLM/HLS-Verilog/Transformer_logic/src-hls/headed_compute_controller.cpp:500]   --->   Operation 5 'alloca' 'i_4' <Predicate = true> <Delay = 0.00>
ST_1 : Operation 6 [1/1] (0.00ns)   --->   "%specinterface_ln0 = specinterface void @_ssdm_op_SpecInterface, i8 %in_buf, void @empty_17, i32 0, i32 0, void @empty_0, i32 4294967295, i32 0, void @empty_0, void @empty_0, void @empty_0, i32 0, i32 0, i32 0, i32 0, void @empty_0, void @empty_0, i32 4294967295, i32 0, i32 0"   --->   Operation 6 'specinterface' 'specinterface_ln0' <Predicate = true> <Delay = 0.00>
ST_1 : Operation 7 [1/1] (0.42ns)   --->   "%store_ln500 = store i5 0, i5 %i_4" [/home/luka/Scripting/ELEC_498-Capstone-LiteLM/HLS-Verilog/Transformer_logic/src-hls/headed_compute_controller.cpp:500]   --->   Operation 7 'store' 'store_ln500' <Predicate = true> <Delay = 0.42>
ST_1 : Operation 8 [1/1] (0.00ns)   --->   "%br_ln0 = br void %for.inc158"   --->   Operation 8 'br' 'br_ln0' <Predicate = true> <Delay = 0.00>
ST_1 : Operation 9 [1/1] (0.00ns)   --->   "%i = load i5 %i_4" [/home/luka/Scripting/ELEC_498-Capstone-LiteLM/HLS-Verilog/Transformer_logic/src-hls/headed_compute_controller.cpp:500]   --->   Operation 9 'load' 'i' <Predicate = true> <Delay = 0.00>
ST_1 : Operation 10 [1/1] (0.78ns)   --->   "%icmp_ln500 = icmp_eq  i5 %i, i5 16" [/home/luka/Scripting/ELEC_498-Capstone-LiteLM/HLS-Verilog/Transformer_logic/src-hls/headed_compute_controller.cpp:500]   --->   Operation 10 'icmp' 'icmp_ln500' <Predicate = true> <Delay = 0.78> <CoreInst = "Cmp">   --->   Core 9 'Cmp' <Latency = 0> <II = 1> <Delay = 0.78> <FuncUnit> <Opcode : 'seteq' 'setne' 'setle' 'setge' 'setlt' 'setgt'> <InPorts = 2> <OutPorts = 1>
ST_1 : Operation 11 [1/1] (0.78ns)   --->   "%add_ln500 = add i5 %i, i5 1" [/home/luka/Scripting/ELEC_498-Capstone-LiteLM/HLS-Verilog/Transformer_logic/src-hls/headed_compute_controller.cpp:500]   --->   Operation 11 'add' 'add_ln500' <Predicate = true> <Delay = 0.78> <CoreInst = "Adder">   --->   Core 1 'Adder' <Latency = 0> <II = 1> <Delay = 0.78> <FuncUnit> <Opcode : 'add' 'sub'> <InPorts = 2> <OutPorts = 1>
ST_1 : Operation 12 [1/1] (0.00ns)   --->   "%br_ln500 = br i1 %icmp_ln500, void %for.inc158.split, void %for.inc168.preheader.exitStub" [/home/luka/Scripting/ELEC_498-Capstone-LiteLM/HLS-Verilog/Transformer_logic/src-hls/headed_compute_controller.cpp:500]   --->   Operation 12 'br' 'br_ln500' <Predicate = true> <Delay = 0.00>
ST_1 : Operation 13 [1/1] (0.00ns)   --->   "%trunc_ln500 = trunc i5 %i" [/home/luka/Scripting/ELEC_498-Capstone-LiteLM/HLS-Verilog/Transformer_logic/src-hls/headed_compute_controller.cpp:500]   --->   Operation 13 'trunc' 'trunc_ln500' <Predicate = (!icmp_ln500)> <Delay = 0.00>
ST_1 : Operation 14 [1/1] (0.00ns)   --->   "%zext_ln561 = zext i4 %trunc_ln500" [/home/luka/Scripting/ELEC_498-Capstone-LiteLM/HLS-Verilog/Transformer_logic/src-hls/../../top_params.hpp:561->/home/luka/Scripting/ELEC_498-Capstone-LiteLM/HLS-Verilog/Transformer_logic/src-hls/headed_compute_controller.cpp:502]   --->   Operation 14 'zext' 'zext_ln561' <Predicate = (!icmp_ln500)> <Delay = 0.00>
ST_1 : Operation 15 [1/1] (0.00ns)   --->   "%in_buf_addr_18 = getelementptr i8 %in_buf, i64 0, i64 %zext_ln561" [/home/luka/Scripting/ELEC_498-Capstone-LiteLM/HLS-Verilog/Transformer_logic/src-hls/../../top_params.hpp:561->/home/luka/Scripting/ELEC_498-Capstone-LiteLM/HLS-Verilog/Transformer_logic/src-hls/headed_compute_controller.cpp:502]   --->   Operation 15 'getelementptr' 'in_buf_addr_18' <Predicate = (!icmp_ln500)> <Delay = 0.00>
ST_1 : Operation 16 [2/2] (0.67ns)   --->   "%in_buf_load_18 = load i7 %in_buf_addr_18" [/home/luka/Scripting/ELEC_498-Capstone-LiteLM/HLS-Verilog/Transformer_logic/src-hls/../../top_params.hpp:561->/home/luka/Scripting/ELEC_498-Capstone-LiteLM/HLS-Verilog/Transformer_logic/src-hls/headed_compute_controller.cpp:502]   --->   Operation 16 'load' 'in_buf_load_18' <Predicate = (!icmp_ln500)> <Delay = 0.67> <CoreInst = "RAM">   --->   Core 82 'RAM' <Latency = 1> <II = 1> <Delay = 0.67> <Storage> <Opcode : 'load' 'store'> <Ports = 2> <Width = 8> <Depth = 80> <RAM>
ST_1 : Operation 17 [1/1] (0.79ns)   --->   "%switch_ln502 = switch i4 %trunc_ln500, void %arrayidx157.case.15, i4 0, void %arrayidx157.case.0, i4 1, void %arrayidx157.case.1, i4 2, void %arrayidx157.case.2, i4 3, void %arrayidx157.case.3, i4 4, void %arrayidx157.case.4, i4 5, void %arrayidx157.case.5, i4 6, void %arrayidx157.case.6, i4 7, void %arrayidx157.case.7, i4 8, void %arrayidx157.case.8, i4 9, void %arrayidx157.case.9, i4 10, void %arrayidx157.case.10, i4 11, void %arrayidx157.case.11, i4 12, void %arrayidx157.case.12, i4 13, void %arrayidx157.case.13, i4 14, void %arrayidx157.case.14" [/home/luka/Scripting/ELEC_498-Capstone-LiteLM/HLS-Verilog/Transformer_logic/src-hls/headed_compute_controller.cpp:502]   --->   Operation 17 'switch' 'switch_ln502' <Predicate = (!icmp_ln500)> <Delay = 0.79>
ST_1 : Operation 18 [1/1] (0.42ns)   --->   "%store_ln500 = store i5 %add_ln500, i5 %i_4" [/home/luka/Scripting/ELEC_498-Capstone-LiteLM/HLS-Verilog/Transformer_logic/src-hls/headed_compute_controller.cpp:500]   --->   Operation 18 'store' 'store_ln500' <Predicate = (!icmp_ln500)> <Delay = 0.42>
ST_1 : Operation 19 [1/1] (0.00ns)   --->   "%br_ln500 = br void %for.inc158" [/home/luka/Scripting/ELEC_498-Capstone-LiteLM/HLS-Verilog/Transformer_logic/src-hls/headed_compute_controller.cpp:500]   --->   Operation 19 'br' 'br_ln500' <Predicate = (!icmp_ln500)> <Delay = 0.00>
ST_1 : Operation 56 [1/1] (0.42ns)   --->   "%ret_ln0 = ret"   --->   Operation 56 'ret' 'ret_ln0' <Predicate = (icmp_ln500)> <Delay = 0.42>

State 2 <SV = 1> <Delay = 0.67>
ST_2 : Operation 20 [1/1] (0.00ns)   --->   "%specpipeline_ln501 = specpipeline void @_ssdm_op_SpecPipeline, i32 1, i32 0, i32 0, i32 0, void @empty_0" [/home/luka/Scripting/ELEC_498-Capstone-LiteLM/HLS-Verilog/Transformer_logic/src-hls/headed_compute_controller.cpp:501]   --->   Operation 20 'specpipeline' 'specpipeline_ln501' <Predicate = true> <Delay = 0.00>
ST_2 : Operation 21 [1/1] (0.00ns)   --->   "%speclooptripcount_ln500 = speclooptripcount void @_ssdm_op_SpecLoopTripCount, i64 16, i64 16, i64 16" [/home/luka/Scripting/ELEC_498-Capstone-LiteLM/HLS-Verilog/Transformer_logic/src-hls/headed_compute_controller.cpp:500]   --->   Operation 21 'speclooptripcount' 'speclooptripcount_ln500' <Predicate = true> <Delay = 0.00>
ST_2 : Operation 22 [1/1] (0.00ns)   --->   "%specloopname_ln500 = specloopname void @_ssdm_op_SpecLoopName, void @empty_13" [/home/luka/Scripting/ELEC_498-Capstone-LiteLM/HLS-Verilog/Transformer_logic/src-hls/headed_compute_controller.cpp:500]   --->   Operation 22 'specloopname' 'specloopname_ln500' <Predicate = true> <Delay = 0.00>
ST_2 : Operation 23 [1/2] ( I:0.67ns O:0.67ns )   --->   "%in_buf_load_18 = load i7 %in_buf_addr_18" [/home/luka/Scripting/ELEC_498-Capstone-LiteLM/HLS-Verilog/Transformer_logic/src-hls/../../top_params.hpp:561->/home/luka/Scripting/ELEC_498-Capstone-LiteLM/HLS-Verilog/Transformer_logic/src-hls/headed_compute_controller.cpp:502]   --->   Operation 23 'load' 'in_buf_load_18' <Predicate = true> <Delay = 0.67> <CoreInst = "RAM">   --->   Core 82 'RAM' <Latency = 1> <II = 1> <Delay = 0.67> <Storage> <Opcode : 'load' 'store'> <Ports = 2> <Width = 8> <Depth = 80> <RAM>
ST_2 : Operation 24 [1/1] (0.00ns)   --->   "%store_ln502 = store i8 %in_buf_load_18, i8 %p_ZZ25headed_compute_controllerbbjRbS_bS_S_RjPKhPhR12ComputeStateS0_RhS6_S6_S6_S_1" [/home/luka/Scripting/ELEC_498-Capstone-LiteLM/HLS-Verilog/Transformer_logic/src-hls/headed_compute_controller.cpp:502]   --->   Operation 24 'store' 'store_ln502' <Predicate = (trunc_ln500 == 14)> <Delay = 0.00>
ST_2 : Operation 25 [1/1] (0.00ns)   --->   "%br_ln502 = br void %arrayidx157.exit" [/home/luka/Scripting/ELEC_498-Capstone-LiteLM/HLS-Verilog/Transformer_logic/src-hls/headed_compute_controller.cpp:502]   --->   Operation 25 'br' 'br_ln502' <Predicate = (trunc_ln500 == 14)> <Delay = 0.00>
ST_2 : Operation 26 [1/1] (0.00ns)   --->   "%store_ln502 = store i8 %in_buf_load_18, i8 %p_ZZ25headed_compute_controllerbbjRbS_bS_S_RjPKhPhR12ComputeStateS0_RhS6_S6_S6_S_2" [/home/luka/Scripting/ELEC_498-Capstone-LiteLM/HLS-Verilog/Transformer_logic/src-hls/headed_compute_controller.cpp:502]   --->   Operation 26 'store' 'store_ln502' <Predicate = (trunc_ln500 == 13)> <Delay = 0.00>
ST_2 : Operation 27 [1/1] (0.00ns)   --->   "%br_ln502 = br void %arrayidx157.exit" [/home/luka/Scripting/ELEC_498-Capstone-LiteLM/HLS-Verilog/Transformer_logic/src-hls/headed_compute_controller.cpp:502]   --->   Operation 27 'br' 'br_ln502' <Predicate = (trunc_ln500 == 13)> <Delay = 0.00>
ST_2 : Operation 28 [1/1] (0.00ns)   --->   "%store_ln502 = store i8 %in_buf_load_18, i8 %p_ZZ25headed_compute_controllerbbjRbS_bS_S_RjPKhPhR12ComputeStateS0_RhS6_S6_S6_S_3" [/home/luka/Scripting/ELEC_498-Capstone-LiteLM/HLS-Verilog/Transformer_logic/src-hls/headed_compute_controller.cpp:502]   --->   Operation 28 'store' 'store_ln502' <Predicate = (trunc_ln500 == 12)> <Delay = 0.00>
ST_2 : Operation 29 [1/1] (0.00ns)   --->   "%br_ln502 = br void %arrayidx157.exit" [/home/luka/Scripting/ELEC_498-Capstone-LiteLM/HLS-Verilog/Transformer_logic/src-hls/headed_compute_controller.cpp:502]   --->   Operation 29 'br' 'br_ln502' <Predicate = (trunc_ln500 == 12)> <Delay = 0.00>
ST_2 : Operation 30 [1/1] (0.00ns)   --->   "%store_ln502 = store i8 %in_buf_load_18, i8 %p_ZZ25headed_compute_controllerbbjRbS_bS_S_RjPKhPhR12ComputeStateS0_RhS6_S6_S6_S_4" [/home/luka/Scripting/ELEC_498-Capstone-LiteLM/HLS-Verilog/Transformer_logic/src-hls/headed_compute_controller.cpp:502]   --->   Operation 30 'store' 'store_ln502' <Predicate = (trunc_ln500 == 11)> <Delay = 0.00>
ST_2 : Operation 31 [1/1] (0.00ns)   --->   "%br_ln502 = br void %arrayidx157.exit" [/home/luka/Scripting/ELEC_498-Capstone-LiteLM/HLS-Verilog/Transformer_logic/src-hls/headed_compute_controller.cpp:502]   --->   Operation 31 'br' 'br_ln502' <Predicate = (trunc_ln500 == 11)> <Delay = 0.00>
ST_2 : Operation 32 [1/1] (0.00ns)   --->   "%store_ln502 = store i8 %in_buf_load_18, i8 %p_ZZ25headed_compute_controllerbbjRbS_bS_S_RjPKhPhR12ComputeStateS0_RhS6_S6_S6_S_5" [/home/luka/Scripting/ELEC_498-Capstone-LiteLM/HLS-Verilog/Transformer_logic/src-hls/headed_compute_controller.cpp:502]   --->   Operation 32 'store' 'store_ln502' <Predicate = (trunc_ln500 == 10)> <Delay = 0.00>
ST_2 : Operation 33 [1/1] (0.00ns)   --->   "%br_ln502 = br void %arrayidx157.exit" [/home/luka/Scripting/ELEC_498-Capstone-LiteLM/HLS-Verilog/Transformer_logic/src-hls/headed_compute_controller.cpp:502]   --->   Operation 33 'br' 'br_ln502' <Predicate = (trunc_ln500 == 10)> <Delay = 0.00>
ST_2 : Operation 34 [1/1] (0.00ns)   --->   "%store_ln502 = store i8 %in_buf_load_18, i8 %headed_compute_controller_bool_bool_unsigned_int_bool_bool_bool_bool_b_4" [/home/luka/Scripting/ELEC_498-Capstone-LiteLM/HLS-Verilog/Transformer_logic/src-hls/headed_compute_controller.cpp:502]   --->   Operation 34 'store' 'store_ln502' <Predicate = (trunc_ln500 == 9)> <Delay = 0.00>
ST_2 : Operation 35 [1/1] (0.00ns)   --->   "%br_ln502 = br void %arrayidx157.exit" [/home/luka/Scripting/ELEC_498-Capstone-LiteLM/HLS-Verilog/Transformer_logic/src-hls/headed_compute_controller.cpp:502]   --->   Operation 35 'br' 'br_ln502' <Predicate = (trunc_ln500 == 9)> <Delay = 0.00>
ST_2 : Operation 36 [1/1] (0.00ns)   --->   "%store_ln502 = store i8 %in_buf_load_18, i8 %headed_compute_controller_bool_bool_unsigned_int_bool_bool_bool_bool_b_5" [/home/luka/Scripting/ELEC_498-Capstone-LiteLM/HLS-Verilog/Transformer_logic/src-hls/headed_compute_controller.cpp:502]   --->   Operation 36 'store' 'store_ln502' <Predicate = (trunc_ln500 == 8)> <Delay = 0.00>
ST_2 : Operation 37 [1/1] (0.00ns)   --->   "%br_ln502 = br void %arrayidx157.exit" [/home/luka/Scripting/ELEC_498-Capstone-LiteLM/HLS-Verilog/Transformer_logic/src-hls/headed_compute_controller.cpp:502]   --->   Operation 37 'br' 'br_ln502' <Predicate = (trunc_ln500 == 8)> <Delay = 0.00>
ST_2 : Operation 38 [1/1] (0.00ns)   --->   "%store_ln502 = store i8 %in_buf_load_18, i8 %headed_compute_controller_bool_bool_unsigned_int_bool_bool_bool_bool_b_6" [/home/luka/Scripting/ELEC_498-Capstone-LiteLM/HLS-Verilog/Transformer_logic/src-hls/headed_compute_controller.cpp:502]   --->   Operation 38 'store' 'store_ln502' <Predicate = (trunc_ln500 == 7)> <Delay = 0.00>
ST_2 : Operation 39 [1/1] (0.00ns)   --->   "%br_ln502 = br void %arrayidx157.exit" [/home/luka/Scripting/ELEC_498-Capstone-LiteLM/HLS-Verilog/Transformer_logic/src-hls/headed_compute_controller.cpp:502]   --->   Operation 39 'br' 'br_ln502' <Predicate = (trunc_ln500 == 7)> <Delay = 0.00>
ST_2 : Operation 40 [1/1] (0.00ns)   --->   "%store_ln502 = store i8 %in_buf_load_18, i8 %headed_compute_controller_bool_bool_unsigned_int_bool_bool_bool_bool_b_7" [/home/luka/Scripting/ELEC_498-Capstone-LiteLM/HLS-Verilog/Transformer_logic/src-hls/headed_compute_controller.cpp:502]   --->   Operation 40 'store' 'store_ln502' <Predicate = (trunc_ln500 == 6)> <Delay = 0.00>
ST_2 : Operation 41 [1/1] (0.00ns)   --->   "%br_ln502 = br void %arrayidx157.exit" [/home/luka/Scripting/ELEC_498-Capstone-LiteLM/HLS-Verilog/Transformer_logic/src-hls/headed_compute_controller.cpp:502]   --->   Operation 41 'br' 'br_ln502' <Predicate = (trunc_ln500 == 6)> <Delay = 0.00>
ST_2 : Operation 42 [1/1] (0.00ns)   --->   "%store_ln502 = store i8 %in_buf_load_18, i8 %headed_compute_controller_bool_bool_unsigned_int_bool_bool_bool_bool_b_8" [/home/luka/Scripting/ELEC_498-Capstone-LiteLM/HLS-Verilog/Transformer_logic/src-hls/headed_compute_controller.cpp:502]   --->   Operation 42 'store' 'store_ln502' <Predicate = (trunc_ln500 == 5)> <Delay = 0.00>
ST_2 : Operation 43 [1/1] (0.00ns)   --->   "%br_ln502 = br void %arrayidx157.exit" [/home/luka/Scripting/ELEC_498-Capstone-LiteLM/HLS-Verilog/Transformer_logic/src-hls/headed_compute_controller.cpp:502]   --->   Operation 43 'br' 'br_ln502' <Predicate = (trunc_ln500 == 5)> <Delay = 0.00>
ST_2 : Operation 44 [1/1] (0.00ns)   --->   "%store_ln502 = store i8 %in_buf_load_18, i8 %headed_compute_controller_bool_bool_unsigned_int_bool_bool_bool_bool_b_9" [/home/luka/Scripting/ELEC_498-Capstone-LiteLM/HLS-Verilog/Transformer_logic/src-hls/headed_compute_controller.cpp:502]   --->   Operation 44 'store' 'store_ln502' <Predicate = (trunc_ln500 == 4)> <Delay = 0.00>
ST_2 : Operation 45 [1/1] (0.00ns)   --->   "%br_ln502 = br void %arrayidx157.exit" [/home/luka/Scripting/ELEC_498-Capstone-LiteLM/HLS-Verilog/Transformer_logic/src-hls/headed_compute_controller.cpp:502]   --->   Operation 45 'br' 'br_ln502' <Predicate = (trunc_ln500 == 4)> <Delay = 0.00>
ST_2 : Operation 46 [1/1] (0.00ns)   --->   "%store_ln502 = store i8 %in_buf_load_18, i8 %headed_compute_controller_bool_bool_unsigned_int_bool_bool_bool_bool_b_10" [/home/luka/Scripting/ELEC_498-Capstone-LiteLM/HLS-Verilog/Transformer_logic/src-hls/headed_compute_controller.cpp:502]   --->   Operation 46 'store' 'store_ln502' <Predicate = (trunc_ln500 == 3)> <Delay = 0.00>
ST_2 : Operation 47 [1/1] (0.00ns)   --->   "%br_ln502 = br void %arrayidx157.exit" [/home/luka/Scripting/ELEC_498-Capstone-LiteLM/HLS-Verilog/Transformer_logic/src-hls/headed_compute_controller.cpp:502]   --->   Operation 47 'br' 'br_ln502' <Predicate = (trunc_ln500 == 3)> <Delay = 0.00>
ST_2 : Operation 48 [1/1] (0.00ns)   --->   "%store_ln502 = store i8 %in_buf_load_18, i8 %headed_compute_controller_bool_bool_unsigned_int_bool_bool_bool_bool_b_11" [/home/luka/Scripting/ELEC_498-Capstone-LiteLM/HLS-Verilog/Transformer_logic/src-hls/headed_compute_controller.cpp:502]   --->   Operation 48 'store' 'store_ln502' <Predicate = (trunc_ln500 == 2)> <Delay = 0.00>
ST_2 : Operation 49 [1/1] (0.00ns)   --->   "%br_ln502 = br void %arrayidx157.exit" [/home/luka/Scripting/ELEC_498-Capstone-LiteLM/HLS-Verilog/Transformer_logic/src-hls/headed_compute_controller.cpp:502]   --->   Operation 49 'br' 'br_ln502' <Predicate = (trunc_ln500 == 2)> <Delay = 0.00>
ST_2 : Operation 50 [1/1] (0.00ns)   --->   "%store_ln502 = store i8 %in_buf_load_18, i8 %headed_compute_controller_bool_bool_unsigned_int_bool_bool_bool_bool_b_12" [/home/luka/Scripting/ELEC_498-Capstone-LiteLM/HLS-Verilog/Transformer_logic/src-hls/headed_compute_controller.cpp:502]   --->   Operation 50 'store' 'store_ln502' <Predicate = (trunc_ln500 == 1)> <Delay = 0.00>
ST_2 : Operation 51 [1/1] (0.00ns)   --->   "%br_ln502 = br void %arrayidx157.exit" [/home/luka/Scripting/ELEC_498-Capstone-LiteLM/HLS-Verilog/Transformer_logic/src-hls/headed_compute_controller.cpp:502]   --->   Operation 51 'br' 'br_ln502' <Predicate = (trunc_ln500 == 1)> <Delay = 0.00>
ST_2 : Operation 52 [1/1] (0.00ns)   --->   "%store_ln502 = store i8 %in_buf_load_18, i8 %headed_compute_controller_bool_bool_unsigned_int_bool_bool_bool_bool_b_13" [/home/luka/Scripting/ELEC_498-Capstone-LiteLM/HLS-Verilog/Transformer_logic/src-hls/headed_compute_controller.cpp:502]   --->   Operation 52 'store' 'store_ln502' <Predicate = (trunc_ln500 == 0)> <Delay = 0.00>
ST_2 : Operation 53 [1/1] (0.00ns)   --->   "%br_ln502 = br void %arrayidx157.exit" [/home/luka/Scripting/ELEC_498-Capstone-LiteLM/HLS-Verilog/Transformer_logic/src-hls/headed_compute_controller.cpp:502]   --->   Operation 53 'br' 'br_ln502' <Predicate = (trunc_ln500 == 0)> <Delay = 0.00>
ST_2 : Operation 54 [1/1] (0.00ns)   --->   "%store_ln502 = store i8 %in_buf_load_18, i8 %p_ZZ25headed_compute_controllerbbjRbS_bS_S_RjPKhPhR12ComputeStateS0_RhS6_S6_S6_S_s" [/home/luka/Scripting/ELEC_498-Capstone-LiteLM/HLS-Verilog/Transformer_logic/src-hls/headed_compute_controller.cpp:502]   --->   Operation 54 'store' 'store_ln502' <Predicate = (trunc_ln500 == 15)> <Delay = 0.00>
ST_2 : Operation 55 [1/1] (0.00ns)   --->   "%br_ln502 = br void %arrayidx157.exit" [/home/luka/Scripting/ELEC_498-Capstone-LiteLM/HLS-Verilog/Transformer_logic/src-hls/headed_compute_controller.cpp:502]   --->   Operation 55 'br' 'br_ln502' <Predicate = (trunc_ln500 == 15)> <Delay = 0.00>


============================================================
+ Verbose Summary: Timing violations
============================================================
Target clock period: 10.000ns, clock uncertainty: 2.700ns.

 <State 1>: 1.643ns
The critical path consists of the following:
	'store' operation 0 bit ('store_ln500', /home/luka/Scripting/ELEC_498-Capstone-LiteLM/HLS-Verilog/Transformer_logic/src-hls/headed_compute_controller.cpp:500) of constant 0 on local variable 'i', /home/luka/Scripting/ELEC_498-Capstone-LiteLM/HLS-Verilog/Transformer_logic/src-hls/headed_compute_controller.cpp:500 [20]  (0.427 ns)
	'load' operation 5 bit ('i', /home/luka/Scripting/ELEC_498-Capstone-LiteLM/HLS-Verilog/Transformer_logic/src-hls/headed_compute_controller.cpp:500) on local variable 'i', /home/luka/Scripting/ELEC_498-Capstone-LiteLM/HLS-Verilog/Transformer_logic/src-hls/headed_compute_controller.cpp:500 [23]  (0.000 ns)
	'icmp' operation 1 bit ('icmp_ln500', /home/luka/Scripting/ELEC_498-Capstone-LiteLM/HLS-Verilog/Transformer_logic/src-hls/headed_compute_controller.cpp:500) [24]  (0.789 ns)
	'store' operation 0 bit ('store_ln500', /home/luka/Scripting/ELEC_498-Capstone-LiteLM/HLS-Verilog/Transformer_logic/src-hls/headed_compute_controller.cpp:500) of variable 'add_ln500', /home/luka/Scripting/ELEC_498-Capstone-LiteLM/HLS-Verilog/Transformer_logic/src-hls/headed_compute_controller.cpp:500 on local variable 'i', /home/luka/Scripting/ELEC_498-Capstone-LiteLM/HLS-Verilog/Transformer_logic/src-hls/headed_compute_controller.cpp:500 [85]  (0.427 ns)

 <State 2>: 0.677ns
The critical path consists of the following:
	'load' operation 8 bit ('in_buf_load_18', /home/luka/Scripting/ELEC_498-Capstone-LiteLM/HLS-Verilog/Transformer_logic/src-hls/../../top_params.hpp:561->/home/luka/Scripting/ELEC_498-Capstone-LiteLM/HLS-Verilog/Transformer_logic/src-hls/headed_compute_controller.cpp:502) on array 'in_buf' [34]  (0.677 ns)
	'store' operation 0 bit ('store_ln502', /home/luka/Scripting/ELEC_498-Capstone-LiteLM/HLS-Verilog/Transformer_logic/src-hls/headed_compute_controller.cpp:502) of variable 'in_buf_load_18', /home/luka/Scripting/ELEC_498-Capstone-LiteLM/HLS-Verilog/Transformer_logic/src-hls/../../top_params.hpp:561->/home/luka/Scripting/ELEC_498-Capstone-LiteLM/HLS-Verilog/Transformer_logic/src-hls/headed_compute_controller.cpp:502 on static variable 'p_ZZ25headed_compute_controllerbbjRbS_bS_S_RjPKhPhR12ComputeStateS0_RhS6_S6_S6_S_4' [46]  (0.000 ns)


============================================================
+ Verbose Summary: Binding
============================================================
N/A
* FSMD analyzer results:
  - Output states:
 - Input state : 
  - Chain level:
	State 1
	State 2


============================================================
+ Verbose Summary: Datapath Resource usage 
============================================================
N/A
