

================================================================
== Vitis HLS Report for 'headed_compute_controller_Pipeline_VITIS_LOOP_568_18'
================================================================
* Date:           Fri Jan 30 15:25:10 2026

* Version:        2025.1 (Build 6135595 on May 21 2025)
* Project:        headed_compute_controller
* Solution:       hls (Vivado IP Flow Target)
* Product family: zynquplus
* Target device:  xck26-sfvc784-2LV-c


================================================================
== Performance Estimates
================================================================
+ Timing: 
    * Summary: 
    +--------+----------+----------+------------+
    |  Clock |  Target  | Estimated| Uncertainty|
    +--------+----------+----------+------------+
    |ap_clk  |  10.00 ns|  1.527 ns|     2.70 ns|
    +--------+----------+----------+------------+

+ Latency: 
    * Summary: 
    +---------+---------+-----------+-----------+-----+-----+------------------------------------------------+
    |  Latency (cycles) |   Latency (absolute)  |  Interval |                    Pipeline                    |
    |   min   |   max   |    min    |    max    | min | max |                      Type                      |
    +---------+---------+-----------+-----------+-----+-----+------------------------------------------------+
    |        6|        6|  60.000 ns|  60.000 ns|    5|    5|  loop auto-rewind stp (delay=0 clock cycles(s))|
    +---------+---------+-----------+-----------+-----+-----+------------------------------------------------+

    + Detail: 
        * Instance: 
        N/A

        * Loop: 
        +---------------------+---------+---------+----------+-----------+-----------+------+----------+
        |                     |  Latency (cycles) | Iteration|  Initiation Interval  | Trip |          |
        |      Loop Name      |   min   |   max   |  Latency |  achieved |   target  | Count| Pipelined|
        +---------------------+---------+---------+----------+-----------+-----------+------+----------+
        |- VITIS_LOOP_568_18  |        4|        4|         2|          1|          1|     4|       yes|
        +---------------------+---------+---------+----------+-----------+-----------+------+----------+

============================================================
+ Verbose Summary: Synthesis Manager
============================================================
InlineROM: 1
ExposeGlobal: 0
============================================================
+ Verbose Summary: CDFG Model
============================================================
IsTopModel: 0
ResetActiveHigh: 1
IsCombinational: 0
IsDatapathOnly: 0
HasWiredReturn: 1
HasMFsm: 2
HasVarLatency: 1
IsPipeline: 0
IsRtlPipelined: 0
IsInstanceOverlapped: 0
IsDontTouch: 0
HasImplIP: 0
IsGatedGlobalClock: 0

+ Individual pipeline summary: 
  * Pipeline-0: initiation interval (II) = 1, depth = 2


============================================================
+ Verbose Summary: Schedule
============================================================
* Number of FSM states : 2
* Pipeline : 1
  Pipeline-0 : II = 1, D = 2, States = { 1 2 }
* Dataflow Pipeline: 0

* FSM state transitions: 
1 --> 2 
2 --> 

* FSM state operations: 

State 1 <SV = 0> <Delay = 1.52>
ST_1 : Operation 5 [1/1] (0.00ns)   --->   "%h_2 = alloca i32 1" [/home/luka/Scripting/ELEC_498-Capstone-LiteLM/HLS-Verilog/Transformer_logic/src-hls/headed_compute_controller.cpp:568]   --->   Operation 5 'alloca' 'h_2' <Predicate = true> <Delay = 0.00>
ST_1 : Operation 6 [1/1] (0.00ns)   --->   "%specinterface_ln0 = specinterface void @_ssdm_op_SpecInterface, i8 %in_buf, void @empty_17, i32 0, i32 0, void @empty_0, i32 4294967295, i32 0, void @empty_0, void @empty_0, void @empty_0, i32 0, i32 0, i32 0, i32 0, void @empty_0, void @empty_0, i32 4294967295, i32 0, i32 0"   --->   Operation 6 'specinterface' 'specinterface_ln0' <Predicate = true> <Delay = 0.00>
ST_1 : Operation 7 [1/1] (0.42ns)   --->   "%store_ln568 = store i3 0, i3 %h_2" [/home/luka/Scripting/ELEC_498-Capstone-LiteLM/HLS-Verilog/Transformer_logic/src-hls/headed_compute_controller.cpp:568]   --->   Operation 7 'store' 'store_ln568' <Predicate = true> <Delay = 0.42>
ST_1 : Operation 8 [1/1] (0.00ns)   --->   "%br_ln0 = br void %for.inc282"   --->   Operation 8 'br' 'br_ln0' <Predicate = true> <Delay = 0.00>
ST_1 : Operation 9 [1/1] (0.00ns)   --->   "%h = load i3 %h_2" [/home/luka/Scripting/ELEC_498-Capstone-LiteLM/HLS-Verilog/Transformer_logic/src-hls/headed_compute_controller.cpp:568]   --->   Operation 9 'load' 'h' <Predicate = true> <Delay = 0.00>
ST_1 : Operation 10 [1/1] (0.67ns)   --->   "%icmp_ln568 = icmp_eq  i3 %h, i3 4" [/home/luka/Scripting/ELEC_498-Capstone-LiteLM/HLS-Verilog/Transformer_logic/src-hls/headed_compute_controller.cpp:568]   --->   Operation 10 'icmp' 'icmp_ln568' <Predicate = true> <Delay = 0.67> <CoreInst = "Cmp">   --->   Core 9 'Cmp' <Latency = 0> <II = 1> <Delay = 0.67> <FuncUnit> <Opcode : 'seteq' 'setne' 'setle' 'setge' 'setlt' 'setgt'> <InPorts = 2> <OutPorts = 1>
ST_1 : Operation 11 [1/1] (0.67ns)   --->   "%add_ln568 = add i3 %h, i3 1" [/home/luka/Scripting/ELEC_498-Capstone-LiteLM/HLS-Verilog/Transformer_logic/src-hls/headed_compute_controller.cpp:568]   --->   Operation 11 'add' 'add_ln568' <Predicate = true> <Delay = 0.67> <CoreInst = "Adder">   --->   Core 1 'Adder' <Latency = 0> <II = 1> <Delay = 0.67> <FuncUnit> <Opcode : 'add' 'sub'> <InPorts = 2> <OutPorts = 1>
ST_1 : Operation 12 [1/1] (0.00ns)   --->   "%br_ln568 = br i1 %icmp_ln568, void %for.inc282.split, void %for.inc292.preheader.exitStub" [/home/luka/Scripting/ELEC_498-Capstone-LiteLM/HLS-Verilog/Transformer_logic/src-hls/headed_compute_controller.cpp:568]   --->   Operation 12 'br' 'br_ln568' <Predicate = true> <Delay = 0.00>
ST_1 : Operation 13 [1/1] (0.00ns)   --->   "%trunc_ln568 = trunc i3 %h" [/home/luka/Scripting/ELEC_498-Capstone-LiteLM/HLS-Verilog/Transformer_logic/src-hls/headed_compute_controller.cpp:568]   --->   Operation 13 'trunc' 'trunc_ln568' <Predicate = (!icmp_ln568)> <Delay = 0.00>
ST_1 : Operation 14 [1/1] (0.00ns)   --->   "%zext_ln561_1 = zext i2 %trunc_ln568" [/home/luka/Scripting/ELEC_498-Capstone-LiteLM/HLS-Verilog/Transformer_logic/src-hls/../../top_params.hpp:561->/home/luka/Scripting/ELEC_498-Capstone-LiteLM/HLS-Verilog/Transformer_logic/src-hls/headed_compute_controller.cpp:570]   --->   Operation 14 'zext' 'zext_ln561_1' <Predicate = (!icmp_ln568)> <Delay = 0.00>
ST_1 : Operation 15 [1/1] (0.00ns)   --->   "%in_buf_addr_19 = getelementptr i8 %in_buf, i64 0, i64 %zext_ln561_1" [/home/luka/Scripting/ELEC_498-Capstone-LiteLM/HLS-Verilog/Transformer_logic/src-hls/../../top_params.hpp:561->/home/luka/Scripting/ELEC_498-Capstone-LiteLM/HLS-Verilog/Transformer_logic/src-hls/headed_compute_controller.cpp:570]   --->   Operation 15 'getelementptr' 'in_buf_addr_19' <Predicate = (!icmp_ln568)> <Delay = 0.00>
ST_1 : Operation 16 [2/2] (0.67ns)   --->   "%in_buf_load_19 = load i7 %in_buf_addr_19" [/home/luka/Scripting/ELEC_498-Capstone-LiteLM/HLS-Verilog/Transformer_logic/src-hls/../../top_params.hpp:561->/home/luka/Scripting/ELEC_498-Capstone-LiteLM/HLS-Verilog/Transformer_logic/src-hls/headed_compute_controller.cpp:570]   --->   Operation 16 'load' 'in_buf_load_19' <Predicate = (!icmp_ln568)> <Delay = 0.67> <CoreInst = "RAM">   --->   Core 82 'RAM' <Latency = 1> <II = 1> <Delay = 0.67> <Storage> <Opcode : 'load' 'store'> <Ports = 2> <Width = 8> <Depth = 80> <RAM>
ST_1 : Operation 17 [1/1] (0.54ns)   --->   "%switch_ln570 = switch i2 %trunc_ln568, void %arrayidx281.case.3, i2 0, void %arrayidx281.case.0, i2 1, void %arrayidx281.case.1, i2 2, void %arrayidx281.case.2" [/home/luka/Scripting/ELEC_498-Capstone-LiteLM/HLS-Verilog/Transformer_logic/src-hls/headed_compute_controller.cpp:570]   --->   Operation 17 'switch' 'switch_ln570' <Predicate = (!icmp_ln568)> <Delay = 0.54>
ST_1 : Operation 18 [1/1] (0.42ns)   --->   "%store_ln568 = store i3 %add_ln568, i3 %h_2" [/home/luka/Scripting/ELEC_498-Capstone-LiteLM/HLS-Verilog/Transformer_logic/src-hls/headed_compute_controller.cpp:568]   --->   Operation 18 'store' 'store_ln568' <Predicate = (!icmp_ln568)> <Delay = 0.42>
ST_1 : Operation 19 [1/1] (0.00ns)   --->   "%br_ln568 = br void %for.inc282" [/home/luka/Scripting/ELEC_498-Capstone-LiteLM/HLS-Verilog/Transformer_logic/src-hls/headed_compute_controller.cpp:568]   --->   Operation 19 'br' 'br_ln568' <Predicate = (!icmp_ln568)> <Delay = 0.00>
ST_1 : Operation 32 [1/1] (0.42ns)   --->   "%ret_ln0 = ret"   --->   Operation 32 'ret' 'ret_ln0' <Predicate = (icmp_ln568)> <Delay = 0.42>

State 2 <SV = 1> <Delay = 0.67>
ST_2 : Operation 20 [1/1] (0.00ns)   --->   "%specpipeline_ln569 = specpipeline void @_ssdm_op_SpecPipeline, i32 1, i32 0, i32 0, i32 0, void @empty_0" [/home/luka/Scripting/ELEC_498-Capstone-LiteLM/HLS-Verilog/Transformer_logic/src-hls/headed_compute_controller.cpp:569]   --->   Operation 20 'specpipeline' 'specpipeline_ln569' <Predicate = true> <Delay = 0.00>
ST_2 : Operation 21 [1/1] (0.00ns)   --->   "%speclooptripcount_ln568 = speclooptripcount void @_ssdm_op_SpecLoopTripCount, i64 4, i64 4, i64 4" [/home/luka/Scripting/ELEC_498-Capstone-LiteLM/HLS-Verilog/Transformer_logic/src-hls/headed_compute_controller.cpp:568]   --->   Operation 21 'speclooptripcount' 'speclooptripcount_ln568' <Predicate = true> <Delay = 0.00>
ST_2 : Operation 22 [1/1] (0.00ns)   --->   "%specloopname_ln568 = specloopname void @_ssdm_op_SpecLoopName, void @empty_23" [/home/luka/Scripting/ELEC_498-Capstone-LiteLM/HLS-Verilog/Transformer_logic/src-hls/headed_compute_controller.cpp:568]   --->   Operation 22 'specloopname' 'specloopname_ln568' <Predicate = true> <Delay = 0.00>
ST_2 : Operation 23 [1/2] ( I:0.67ns O:0.67ns )   --->   "%in_buf_load_19 = load i7 %in_buf_addr_19" [/home/luka/Scripting/ELEC_498-Capstone-LiteLM/HLS-Verilog/Transformer_logic/src-hls/../../top_params.hpp:561->/home/luka/Scripting/ELEC_498-Capstone-LiteLM/HLS-Verilog/Transformer_logic/src-hls/headed_compute_controller.cpp:570]   --->   Operation 23 'load' 'in_buf_load_19' <Predicate = true> <Delay = 0.67> <CoreInst = "RAM">   --->   Core 82 'RAM' <Latency = 1> <II = 1> <Delay = 0.67> <Storage> <Opcode : 'load' 'store'> <Ports = 2> <Width = 8> <Depth = 80> <RAM>
ST_2 : Operation 24 [1/1] (0.00ns)   --->   "%store_ln570 = store i8 %in_buf_load_19, i8 %headed_compute_controller_bool_bool_unsigned_int_bool_bool_bool_bool_b_11" [/home/luka/Scripting/ELEC_498-Capstone-LiteLM/HLS-Verilog/Transformer_logic/src-hls/headed_compute_controller.cpp:570]   --->   Operation 24 'store' 'store_ln570' <Predicate = (trunc_ln568 == 2)> <Delay = 0.00>
ST_2 : Operation 25 [1/1] (0.00ns)   --->   "%br_ln570 = br void %arrayidx281.exit" [/home/luka/Scripting/ELEC_498-Capstone-LiteLM/HLS-Verilog/Transformer_logic/src-hls/headed_compute_controller.cpp:570]   --->   Operation 25 'br' 'br_ln570' <Predicate = (trunc_ln568 == 2)> <Delay = 0.00>
ST_2 : Operation 26 [1/1] (0.00ns)   --->   "%store_ln570 = store i8 %in_buf_load_19, i8 %headed_compute_controller_bool_bool_unsigned_int_bool_bool_bool_bool_b_12" [/home/luka/Scripting/ELEC_498-Capstone-LiteLM/HLS-Verilog/Transformer_logic/src-hls/headed_compute_controller.cpp:570]   --->   Operation 26 'store' 'store_ln570' <Predicate = (trunc_ln568 == 1)> <Delay = 0.00>
ST_2 : Operation 27 [1/1] (0.00ns)   --->   "%br_ln570 = br void %arrayidx281.exit" [/home/luka/Scripting/ELEC_498-Capstone-LiteLM/HLS-Verilog/Transformer_logic/src-hls/headed_compute_controller.cpp:570]   --->   Operation 27 'br' 'br_ln570' <Predicate = (trunc_ln568 == 1)> <Delay = 0.00>
ST_2 : Operation 28 [1/1] (0.00ns)   --->   "%store_ln570 = store i8 %in_buf_load_19, i8 %headed_compute_controller_bool_bool_unsigned_int_bool_bool_bool_bool_b_13" [/home/luka/Scripting/ELEC_498-Capstone-LiteLM/HLS-Verilog/Transformer_logic/src-hls/headed_compute_controller.cpp:570]   --->   Operation 28 'store' 'store_ln570' <Predicate = (trunc_ln568 == 0)> <Delay = 0.00>
ST_2 : Operation 29 [1/1] (0.00ns)   --->   "%br_ln570 = br void %arrayidx281.exit" [/home/luka/Scripting/ELEC_498-Capstone-LiteLM/HLS-Verilog/Transformer_logic/src-hls/headed_compute_controller.cpp:570]   --->   Operation 29 'br' 'br_ln570' <Predicate = (trunc_ln568 == 0)> <Delay = 0.00>
ST_2 : Operation 30 [1/1] (0.00ns)   --->   "%store_ln570 = store i8 %in_buf_load_19, i8 %headed_compute_controller_bool_bool_unsigned_int_bool_bool_bool_bool_b_10" [/home/luka/Scripting/ELEC_498-Capstone-LiteLM/HLS-Verilog/Transformer_logic/src-hls/headed_compute_controller.cpp:570]   --->   Operation 30 'store' 'store_ln570' <Predicate = (trunc_ln568 == 3)> <Delay = 0.00>
ST_2 : Operation 31 [1/1] (0.00ns)   --->   "%br_ln570 = br void %arrayidx281.exit" [/home/luka/Scripting/ELEC_498-Capstone-LiteLM/HLS-Verilog/Transformer_logic/src-hls/headed_compute_controller.cpp:570]   --->   Operation 31 'br' 'br_ln570' <Predicate = (trunc_ln568 == 3)> <Delay = 0.00>


============================================================
+ Verbose Summary: Timing violations
============================================================
Target clock period: 10.000ns, clock uncertainty: 2.700ns.

 <State 1>: 1.527ns
The critical path consists of the following:
	'store' operation 0 bit ('store_ln568', /home/luka/Scripting/ELEC_498-Capstone-LiteLM/HLS-Verilog/Transformer_logic/src-hls/headed_compute_controller.cpp:568) of constant 0 on local variable 'h', /home/luka/Scripting/ELEC_498-Capstone-LiteLM/HLS-Verilog/Transformer_logic/src-hls/headed_compute_controller.cpp:568 [8]  (0.427 ns)
	'load' operation 3 bit ('h', /home/luka/Scripting/ELEC_498-Capstone-LiteLM/HLS-Verilog/Transformer_logic/src-hls/headed_compute_controller.cpp:568) on local variable 'h', /home/luka/Scripting/ELEC_498-Capstone-LiteLM/HLS-Verilog/Transformer_logic/src-hls/headed_compute_controller.cpp:568 [11]  (0.000 ns)
	'icmp' operation 1 bit ('icmp_ln568', /home/luka/Scripting/ELEC_498-Capstone-LiteLM/HLS-Verilog/Transformer_logic/src-hls/headed_compute_controller.cpp:568) [12]  (0.673 ns)
	'store' operation 0 bit ('store_ln568', /home/luka/Scripting/ELEC_498-Capstone-LiteLM/HLS-Verilog/Transformer_logic/src-hls/headed_compute_controller.cpp:568) of variable 'add_ln568', /home/luka/Scripting/ELEC_498-Capstone-LiteLM/HLS-Verilog/Transformer_logic/src-hls/headed_compute_controller.cpp:568 on local variable 'h', /home/luka/Scripting/ELEC_498-Capstone-LiteLM/HLS-Verilog/Transformer_logic/src-hls/headed_compute_controller.cpp:568 [37]  (0.427 ns)

 <State 2>: 0.677ns
The critical path consists of the following:
	'load' operation 8 bit ('in_buf_load_19', /home/luka/Scripting/ELEC_498-Capstone-LiteLM/HLS-Verilog/Transformer_logic/src-hls/../../top_params.hpp:561->/home/luka/Scripting/ELEC_498-Capstone-LiteLM/HLS-Verilog/Transformer_logic/src-hls/headed_compute_controller.cpp:570) on array 'in_buf' [22]  (0.677 ns)
	'store' operation 0 bit ('store_ln570', /home/luka/Scripting/ELEC_498-Capstone-LiteLM/HLS-Verilog/Transformer_logic/src-hls/headed_compute_controller.cpp:570) of variable 'in_buf_load_19', /home/luka/Scripting/ELEC_498-Capstone-LiteLM/HLS-Verilog/Transformer_logic/src-hls/../../top_params.hpp:561->/home/luka/Scripting/ELEC_498-Capstone-LiteLM/HLS-Verilog/Transformer_logic/src-hls/headed_compute_controller.cpp:570 on static variable 'headed_compute_controller_bool_bool_unsigned_int_bool_bool_bool_bool_b_10' [34]  (0.000 ns)


============================================================
+ Verbose Summary: Binding
============================================================
N/A
* FSMD analyzer results:
  - Output states:
 - Input state : 
  - Chain level:
	State 1
	State 2


============================================================
+ Verbose Summary: Datapath Resource usage 
============================================================
N/A
