

================================================================
== Vitis HLS Report for 'headed_compute_controller_Pipeline_VITIS_LOOP_548_15'
================================================================
* Date:           Tue Feb  3 14:27:10 2026

* Version:        2025.1 (Build 6135595 on May 21 2025)
* Project:        headed_compute_controller
* Solution:       hls (Vivado IP Flow Target)
* Product family: zynquplus
* Target device:  xck26-sfvc784-2LV-c


================================================================
== Performance Estimates
================================================================
+ Timing: 
    * Summary: 
    +--------+----------+----------+------------+
    |  Clock |  Target  | Estimated| Uncertainty|
    +--------+----------+----------+------------+
    |ap_clk  |  10.00 ns|  1.527 ns|     2.70 ns|
    +--------+----------+----------+------------+

+ Latency: 
    * Summary: 
    +---------+---------+----------+----------+-----+-----+------------------------------------------------+
    |  Latency (cycles) |  Latency (absolute) |  Interval |                    Pipeline                    |
    |   min   |   max   |    min   |    max   | min | max |                      Type                      |
    +---------+---------+----------+----------+-----+-----+------------------------------------------------+
    |       10|       10|  0.100 us|  0.100 us|    9|    9|  loop auto-rewind stp (delay=0 clock cycles(s))|
    +---------+---------+----------+----------+-----+-----+------------------------------------------------+

    + Detail: 
        * Instance: 
        N/A

        * Loop: 
        +---------------------+---------+---------+----------+-----------+-----------+------+----------+
        |                     |  Latency (cycles) | Iteration|  Initiation Interval  | Trip |          |
        |      Loop Name      |   min   |   max   |  Latency |  achieved |   target  | Count| Pipelined|
        +---------------------+---------+---------+----------+-----------+-----------+------+----------+
        |- VITIS_LOOP_548_15  |        8|        8|         3|          2|          1|     4|       yes|
        +---------------------+---------+---------+----------+-----------+-----------+------+----------+

============================================================
+ Verbose Summary: Synthesis Manager
============================================================
InlineROM: 1
ExposeGlobal: 0
============================================================
+ Verbose Summary: CDFG Model
============================================================
IsTopModel: 0
ResetActiveHigh: 1
IsCombinational: 0
IsDatapathOnly: 0
HasWiredReturn: 1
HasMFsm: 2
HasVarLatency: 1
IsPipeline: 0
IsRtlPipelined: 0
IsInstanceOverlapped: 0
IsDontTouch: 0
HasImplIP: 0
IsGatedGlobalClock: 0

+ Individual pipeline summary: 
  * Pipeline-0: initiation interval (II) = 2, depth = 3


============================================================
+ Verbose Summary: Schedule
============================================================
* Number of FSM states : 3
* Pipeline : 1
  Pipeline-0 : II = 2, D = 3, States = { 1 2 3 }
* Dataflow Pipeline: 0

* FSM state transitions: 
1 --> 2 
2 --> 3 
3 --> 

* FSM state operations: 

State 1 <SV = 0> <Delay = 1.52>
ST_1 : Operation 6 [1/1] (0.00ns)   --->   "%h = alloca i32 1" [/home/luka/Scripting/ELEC_498-Capstone-LiteLM/HLS-Verilog/Transformer_logic/src-hls/headed_compute_controller.cpp:548]   --->   Operation 6 'alloca' 'h' <Predicate = true> <Delay = 0.00>
ST_1 : Operation 7 [1/1] (0.00ns)   --->   "%specinterface_ln0 = specinterface void @_ssdm_op_SpecInterface, i8 %in_buf, void @empty_17, i32 0, i32 0, void @empty_0, i32 4294967295, i32 0, void @empty_0, void @empty_0, void @empty_0, i32 0, i32 0, i32 0, i32 0, void @empty_0, void @empty_0, i32 4294967295, i32 0, i32 0"   --->   Operation 7 'specinterface' 'specinterface_ln0' <Predicate = true> <Delay = 0.00>
ST_1 : Operation 8 [1/1] (0.42ns)   --->   "%store_ln548 = store i3 0, i3 %h" [/home/luka/Scripting/ELEC_498-Capstone-LiteLM/HLS-Verilog/Transformer_logic/src-hls/headed_compute_controller.cpp:548]   --->   Operation 8 'store' 'store_ln548' <Predicate = true> <Delay = 0.42>
ST_1 : Operation 9 [1/1] (0.00ns)   --->   "%br_ln0 = br void %for.inc246"   --->   Operation 9 'br' 'br_ln0' <Predicate = true> <Delay = 0.00>
ST_1 : Operation 10 [1/1] (0.00ns)   --->   "%h_5 = load i3 %h" [/home/luka/Scripting/ELEC_498-Capstone-LiteLM/HLS-Verilog/Transformer_logic/src-hls/headed_compute_controller.cpp:548]   --->   Operation 10 'load' 'h_5' <Predicate = true> <Delay = 0.00>
ST_1 : Operation 11 [1/1] (0.67ns)   --->   "%icmp_ln548 = icmp_eq  i3 %h_5, i3 4" [/home/luka/Scripting/ELEC_498-Capstone-LiteLM/HLS-Verilog/Transformer_logic/src-hls/headed_compute_controller.cpp:548]   --->   Operation 11 'icmp' 'icmp_ln548' <Predicate = true> <Delay = 0.67> <CoreInst = "Cmp">   --->   Core 9 'Cmp' <Latency = 0> <II = 1> <Delay = 0.67> <FuncUnit> <Opcode : 'seteq' 'setne' 'setle' 'setge' 'setlt' 'setgt'> <InPorts = 2> <OutPorts = 1>
ST_1 : Operation 12 [1/1] (0.67ns)   --->   "%add_ln548 = add i3 %h_5, i3 1" [/home/luka/Scripting/ELEC_498-Capstone-LiteLM/HLS-Verilog/Transformer_logic/src-hls/headed_compute_controller.cpp:548]   --->   Operation 12 'add' 'add_ln548' <Predicate = true> <Delay = 0.67> <CoreInst = "Adder">   --->   Core 1 'Adder' <Latency = 0> <II = 1> <Delay = 0.67> <FuncUnit> <Opcode : 'add' 'sub'> <InPorts = 2> <OutPorts = 1>
ST_1 : Operation 13 [1/1] (0.00ns)   --->   "%br_ln548 = br i1 %icmp_ln548, void %for.inc246.split, void %for.end248.exitStub" [/home/luka/Scripting/ELEC_498-Capstone-LiteLM/HLS-Verilog/Transformer_logic/src-hls/headed_compute_controller.cpp:548]   --->   Operation 13 'br' 'br_ln548' <Predicate = true> <Delay = 0.00>
ST_1 : Operation 14 [1/1] (0.00ns)   --->   "%trunc_ln548 = trunc i3 %h_5" [/home/luka/Scripting/ELEC_498-Capstone-LiteLM/HLS-Verilog/Transformer_logic/src-hls/headed_compute_controller.cpp:548]   --->   Operation 14 'trunc' 'trunc_ln548' <Predicate = (!icmp_ln548)> <Delay = 0.00>
ST_1 : Operation 15 [1/1] (0.00ns)   --->   "%byte_addr_assign = bitconcatenate i4 @_ssdm_op_BitConcatenate.i4.i2.i2, i2 %trunc_ln548, i2 0" [/home/luka/Scripting/ELEC_498-Capstone-LiteLM/HLS-Verilog/Transformer_logic/src-hls/headed_compute_controller.cpp:550]   --->   Operation 15 'bitconcatenate' 'byte_addr_assign' <Predicate = (!icmp_ln548)> <Delay = 0.00>
ST_1 : Operation 16 [1/1] (0.00ns)   --->   "%zext_ln580 = zext i4 %byte_addr_assign" [/home/luka/Scripting/ELEC_498-Capstone-LiteLM/HLS-Verilog/Transformer_logic/src-hls/../../top_params.hpp:580->/home/luka/Scripting/ELEC_498-Capstone-LiteLM/HLS-Verilog/Transformer_logic/src-hls/headed_compute_controller.cpp:550]   --->   Operation 16 'zext' 'zext_ln580' <Predicate = (!icmp_ln548)> <Delay = 0.00>
ST_1 : Operation 17 [1/1] (0.00ns)   --->   "%in_buf_addr_8 = getelementptr i8 %in_buf, i64 0, i64 %zext_ln580" [/home/luka/Scripting/ELEC_498-Capstone-LiteLM/HLS-Verilog/Transformer_logic/src-hls/../../top_params.hpp:580->/home/luka/Scripting/ELEC_498-Capstone-LiteLM/HLS-Verilog/Transformer_logic/src-hls/headed_compute_controller.cpp:550]   --->   Operation 17 'getelementptr' 'in_buf_addr_8' <Predicate = (!icmp_ln548)> <Delay = 0.00>
ST_1 : Operation 18 [2/2] (0.67ns)   --->   "%in_buf_load_8 = load i7 %in_buf_addr_8" [/home/luka/Scripting/ELEC_498-Capstone-LiteLM/HLS-Verilog/Transformer_logic/src-hls/../../top_params.hpp:580->/home/luka/Scripting/ELEC_498-Capstone-LiteLM/HLS-Verilog/Transformer_logic/src-hls/headed_compute_controller.cpp:550]   --->   Operation 18 'load' 'in_buf_load_8' <Predicate = (!icmp_ln548)> <Delay = 0.67> <CoreInst = "RAM">   --->   Core 82 'RAM' <Latency = 1> <II = 1> <Delay = 0.67> <Storage> <Opcode : 'load' 'store'> <Ports = 2> <Width = 8> <Depth = 80> <RAM>
ST_1 : Operation 19 [1/1] (0.00ns)   --->   "%or_ln = bitconcatenate i4 @_ssdm_op_BitConcatenate.i4.i2.i2, i2 %trunc_ln548, i2 1" [/home/luka/Scripting/ELEC_498-Capstone-LiteLM/HLS-Verilog/Transformer_logic/src-hls/../../top_params.hpp:581->/home/luka/Scripting/ELEC_498-Capstone-LiteLM/HLS-Verilog/Transformer_logic/src-hls/headed_compute_controller.cpp:550]   --->   Operation 19 'bitconcatenate' 'or_ln' <Predicate = (!icmp_ln548)> <Delay = 0.00>
ST_1 : Operation 20 [1/1] (0.00ns)   --->   "%zext_ln581 = zext i4 %or_ln" [/home/luka/Scripting/ELEC_498-Capstone-LiteLM/HLS-Verilog/Transformer_logic/src-hls/../../top_params.hpp:581->/home/luka/Scripting/ELEC_498-Capstone-LiteLM/HLS-Verilog/Transformer_logic/src-hls/headed_compute_controller.cpp:550]   --->   Operation 20 'zext' 'zext_ln581' <Predicate = (!icmp_ln548)> <Delay = 0.00>
ST_1 : Operation 21 [1/1] (0.00ns)   --->   "%in_buf_addr_9 = getelementptr i8 %in_buf, i64 0, i64 %zext_ln581" [/home/luka/Scripting/ELEC_498-Capstone-LiteLM/HLS-Verilog/Transformer_logic/src-hls/../../top_params.hpp:581->/home/luka/Scripting/ELEC_498-Capstone-LiteLM/HLS-Verilog/Transformer_logic/src-hls/headed_compute_controller.cpp:550]   --->   Operation 21 'getelementptr' 'in_buf_addr_9' <Predicate = (!icmp_ln548)> <Delay = 0.00>
ST_1 : Operation 22 [2/2] (0.67ns)   --->   "%in_buf_load_9 = load i7 %in_buf_addr_9" [/home/luka/Scripting/ELEC_498-Capstone-LiteLM/HLS-Verilog/Transformer_logic/src-hls/../../top_params.hpp:581->/home/luka/Scripting/ELEC_498-Capstone-LiteLM/HLS-Verilog/Transformer_logic/src-hls/headed_compute_controller.cpp:550]   --->   Operation 22 'load' 'in_buf_load_9' <Predicate = (!icmp_ln548)> <Delay = 0.67> <CoreInst = "RAM">   --->   Core 82 'RAM' <Latency = 1> <II = 1> <Delay = 0.67> <Storage> <Opcode : 'load' 'store'> <Ports = 2> <Width = 8> <Depth = 80> <RAM>
ST_1 : Operation 23 [1/1] (0.54ns)   --->   "%switch_ln550 = switch i2 %trunc_ln548, void %arrayidx245.case.3, i2 0, void %arrayidx245.case.0, i2 1, void %arrayidx245.case.1, i2 2, void %arrayidx245.case.2" [/home/luka/Scripting/ELEC_498-Capstone-LiteLM/HLS-Verilog/Transformer_logic/src-hls/headed_compute_controller.cpp:550]   --->   Operation 23 'switch' 'switch_ln550' <Predicate = (!icmp_ln548)> <Delay = 0.54>
ST_1 : Operation 24 [1/1] (0.42ns)   --->   "%store_ln548 = store i3 %add_ln548, i3 %h" [/home/luka/Scripting/ELEC_498-Capstone-LiteLM/HLS-Verilog/Transformer_logic/src-hls/headed_compute_controller.cpp:548]   --->   Operation 24 'store' 'store_ln548' <Predicate = (!icmp_ln548)> <Delay = 0.42>
ST_1 : Operation 25 [1/1] (0.00ns)   --->   "%br_ln548 = br void %for.inc246" [/home/luka/Scripting/ELEC_498-Capstone-LiteLM/HLS-Verilog/Transformer_logic/src-hls/headed_compute_controller.cpp:548]   --->   Operation 25 'br' 'br_ln548' <Predicate = (!icmp_ln548)> <Delay = 0.00>
ST_1 : Operation 50 [1/1] (0.42ns)   --->   "%ret_ln0 = ret"   --->   Operation 50 'ret' 'ret_ln0' <Predicate = (icmp_ln548)> <Delay = 0.42>

State 2 <SV = 1> <Delay = 0.67>
ST_2 : Operation 26 [1/2] ( I:0.67ns O:0.67ns )   --->   "%in_buf_load_8 = load i7 %in_buf_addr_8" [/home/luka/Scripting/ELEC_498-Capstone-LiteLM/HLS-Verilog/Transformer_logic/src-hls/../../top_params.hpp:580->/home/luka/Scripting/ELEC_498-Capstone-LiteLM/HLS-Verilog/Transformer_logic/src-hls/headed_compute_controller.cpp:550]   --->   Operation 26 'load' 'in_buf_load_8' <Predicate = (!icmp_ln548)> <Delay = 0.67> <CoreInst = "RAM">   --->   Core 82 'RAM' <Latency = 1> <II = 1> <Delay = 0.67> <Storage> <Opcode : 'load' 'store'> <Ports = 2> <Width = 8> <Depth = 80> <RAM>
ST_2 : Operation 27 [1/2] ( I:0.67ns O:0.67ns )   --->   "%in_buf_load_9 = load i7 %in_buf_addr_9" [/home/luka/Scripting/ELEC_498-Capstone-LiteLM/HLS-Verilog/Transformer_logic/src-hls/../../top_params.hpp:581->/home/luka/Scripting/ELEC_498-Capstone-LiteLM/HLS-Verilog/Transformer_logic/src-hls/headed_compute_controller.cpp:550]   --->   Operation 27 'load' 'in_buf_load_9' <Predicate = (!icmp_ln548)> <Delay = 0.67> <CoreInst = "RAM">   --->   Core 82 'RAM' <Latency = 1> <II = 1> <Delay = 0.67> <Storage> <Opcode : 'load' 'store'> <Ports = 2> <Width = 8> <Depth = 80> <RAM>
ST_2 : Operation 28 [1/1] (0.00ns)   --->   "%or_ln1 = bitconcatenate i4 @_ssdm_op_BitConcatenate.i4.i2.i2, i2 %trunc_ln548, i2 2" [/home/luka/Scripting/ELEC_498-Capstone-LiteLM/HLS-Verilog/Transformer_logic/src-hls/../../top_params.hpp:582->/home/luka/Scripting/ELEC_498-Capstone-LiteLM/HLS-Verilog/Transformer_logic/src-hls/headed_compute_controller.cpp:550]   --->   Operation 28 'bitconcatenate' 'or_ln1' <Predicate = (!icmp_ln548)> <Delay = 0.00>
ST_2 : Operation 29 [1/1] (0.00ns)   --->   "%zext_ln582 = zext i4 %or_ln1" [/home/luka/Scripting/ELEC_498-Capstone-LiteLM/HLS-Verilog/Transformer_logic/src-hls/../../top_params.hpp:582->/home/luka/Scripting/ELEC_498-Capstone-LiteLM/HLS-Verilog/Transformer_logic/src-hls/headed_compute_controller.cpp:550]   --->   Operation 29 'zext' 'zext_ln582' <Predicate = (!icmp_ln548)> <Delay = 0.00>
ST_2 : Operation 30 [1/1] (0.00ns)   --->   "%in_buf_addr_10 = getelementptr i8 %in_buf, i64 0, i64 %zext_ln582" [/home/luka/Scripting/ELEC_498-Capstone-LiteLM/HLS-Verilog/Transformer_logic/src-hls/../../top_params.hpp:582->/home/luka/Scripting/ELEC_498-Capstone-LiteLM/HLS-Verilog/Transformer_logic/src-hls/headed_compute_controller.cpp:550]   --->   Operation 30 'getelementptr' 'in_buf_addr_10' <Predicate = (!icmp_ln548)> <Delay = 0.00>
ST_2 : Operation 31 [2/2] (0.67ns)   --->   "%in_buf_load_10 = load i7 %in_buf_addr_10" [/home/luka/Scripting/ELEC_498-Capstone-LiteLM/HLS-Verilog/Transformer_logic/src-hls/../../top_params.hpp:582->/home/luka/Scripting/ELEC_498-Capstone-LiteLM/HLS-Verilog/Transformer_logic/src-hls/headed_compute_controller.cpp:550]   --->   Operation 31 'load' 'in_buf_load_10' <Predicate = (!icmp_ln548)> <Delay = 0.67> <CoreInst = "RAM">   --->   Core 82 'RAM' <Latency = 1> <II = 1> <Delay = 0.67> <Storage> <Opcode : 'load' 'store'> <Ports = 2> <Width = 8> <Depth = 80> <RAM>
ST_2 : Operation 32 [1/1] (0.00ns)   --->   "%or_ln2 = bitconcatenate i4 @_ssdm_op_BitConcatenate.i4.i2.i2, i2 %trunc_ln548, i2 3" [/home/luka/Scripting/ELEC_498-Capstone-LiteLM/HLS-Verilog/Transformer_logic/src-hls/../../top_params.hpp:583->/home/luka/Scripting/ELEC_498-Capstone-LiteLM/HLS-Verilog/Transformer_logic/src-hls/headed_compute_controller.cpp:550]   --->   Operation 32 'bitconcatenate' 'or_ln2' <Predicate = (!icmp_ln548)> <Delay = 0.00>
ST_2 : Operation 33 [1/1] (0.00ns)   --->   "%zext_ln583 = zext i4 %or_ln2" [/home/luka/Scripting/ELEC_498-Capstone-LiteLM/HLS-Verilog/Transformer_logic/src-hls/../../top_params.hpp:583->/home/luka/Scripting/ELEC_498-Capstone-LiteLM/HLS-Verilog/Transformer_logic/src-hls/headed_compute_controller.cpp:550]   --->   Operation 33 'zext' 'zext_ln583' <Predicate = (!icmp_ln548)> <Delay = 0.00>
ST_2 : Operation 34 [1/1] (0.00ns)   --->   "%in_buf_addr_11 = getelementptr i8 %in_buf, i64 0, i64 %zext_ln583" [/home/luka/Scripting/ELEC_498-Capstone-LiteLM/HLS-Verilog/Transformer_logic/src-hls/../../top_params.hpp:583->/home/luka/Scripting/ELEC_498-Capstone-LiteLM/HLS-Verilog/Transformer_logic/src-hls/headed_compute_controller.cpp:550]   --->   Operation 34 'getelementptr' 'in_buf_addr_11' <Predicate = (!icmp_ln548)> <Delay = 0.00>
ST_2 : Operation 35 [2/2] (0.67ns)   --->   "%in_buf_load_11 = load i7 %in_buf_addr_11" [/home/luka/Scripting/ELEC_498-Capstone-LiteLM/HLS-Verilog/Transformer_logic/src-hls/../../top_params.hpp:583->/home/luka/Scripting/ELEC_498-Capstone-LiteLM/HLS-Verilog/Transformer_logic/src-hls/headed_compute_controller.cpp:550]   --->   Operation 35 'load' 'in_buf_load_11' <Predicate = (!icmp_ln548)> <Delay = 0.67> <CoreInst = "RAM">   --->   Core 82 'RAM' <Latency = 1> <II = 1> <Delay = 0.67> <Storage> <Opcode : 'load' 'store'> <Ports = 2> <Width = 8> <Depth = 80> <RAM>

State 3 <SV = 2> <Delay = 0.67>
ST_3 : Operation 36 [1/1] (0.00ns)   --->   "%specpipeline_ln549 = specpipeline void @_ssdm_op_SpecPipeline, i32 1, i32 0, i32 0, i32 0, void @empty_0" [/home/luka/Scripting/ELEC_498-Capstone-LiteLM/HLS-Verilog/Transformer_logic/src-hls/headed_compute_controller.cpp:549]   --->   Operation 36 'specpipeline' 'specpipeline_ln549' <Predicate = true> <Delay = 0.00>
ST_3 : Operation 37 [1/1] (0.00ns)   --->   "%speclooptripcount_ln548 = speclooptripcount void @_ssdm_op_SpecLoopTripCount, i64 4, i64 4, i64 4" [/home/luka/Scripting/ELEC_498-Capstone-LiteLM/HLS-Verilog/Transformer_logic/src-hls/headed_compute_controller.cpp:548]   --->   Operation 37 'speclooptripcount' 'speclooptripcount_ln548' <Predicate = true> <Delay = 0.00>
ST_3 : Operation 38 [1/1] (0.00ns)   --->   "%specloopname_ln548 = specloopname void @_ssdm_op_SpecLoopName, void @empty_12" [/home/luka/Scripting/ELEC_498-Capstone-LiteLM/HLS-Verilog/Transformer_logic/src-hls/headed_compute_controller.cpp:548]   --->   Operation 38 'specloopname' 'specloopname_ln548' <Predicate = true> <Delay = 0.00>
ST_3 : Operation 39 [1/2] ( I:0.67ns O:0.67ns )   --->   "%in_buf_load_10 = load i7 %in_buf_addr_10" [/home/luka/Scripting/ELEC_498-Capstone-LiteLM/HLS-Verilog/Transformer_logic/src-hls/../../top_params.hpp:582->/home/luka/Scripting/ELEC_498-Capstone-LiteLM/HLS-Verilog/Transformer_logic/src-hls/headed_compute_controller.cpp:550]   --->   Operation 39 'load' 'in_buf_load_10' <Predicate = true> <Delay = 0.67> <CoreInst = "RAM">   --->   Core 82 'RAM' <Latency = 1> <II = 1> <Delay = 0.67> <Storage> <Opcode : 'load' 'store'> <Ports = 2> <Width = 8> <Depth = 80> <RAM>
ST_3 : Operation 40 [1/2] ( I:0.67ns O:0.67ns )   --->   "%in_buf_load_11 = load i7 %in_buf_addr_11" [/home/luka/Scripting/ELEC_498-Capstone-LiteLM/HLS-Verilog/Transformer_logic/src-hls/../../top_params.hpp:583->/home/luka/Scripting/ELEC_498-Capstone-LiteLM/HLS-Verilog/Transformer_logic/src-hls/headed_compute_controller.cpp:550]   --->   Operation 40 'load' 'in_buf_load_11' <Predicate = true> <Delay = 0.67> <CoreInst = "RAM">   --->   Core 82 'RAM' <Latency = 1> <II = 1> <Delay = 0.67> <Storage> <Opcode : 'load' 'store'> <Ports = 2> <Width = 8> <Depth = 80> <RAM>
ST_3 : Operation 41 [1/1] (0.00ns)   --->   "%v = bitconcatenate i32 @_ssdm_op_BitConcatenate.i32.i8.i8.i8.i8, i8 %in_buf_load_11, i8 %in_buf_load_10, i8 %in_buf_load_9, i8 %in_buf_load_8" [/home/luka/Scripting/ELEC_498-Capstone-LiteLM/HLS-Verilog/Transformer_logic/src-hls/../../top_params.hpp:584->/home/luka/Scripting/ELEC_498-Capstone-LiteLM/HLS-Verilog/Transformer_logic/src-hls/headed_compute_controller.cpp:550]   --->   Operation 41 'bitconcatenate' 'v' <Predicate = true> <Delay = 0.00>
ST_3 : Operation 42 [1/1] (0.00ns)   --->   "%store_ln550 = store i32 %v, i32 %headed_compute_controller_bool_bool_unsigned_int_bool_bool_bool_bool_b_1" [/home/luka/Scripting/ELEC_498-Capstone-LiteLM/HLS-Verilog/Transformer_logic/src-hls/headed_compute_controller.cpp:550]   --->   Operation 42 'store' 'store_ln550' <Predicate = (trunc_ln548 == 2)> <Delay = 0.00>
ST_3 : Operation 43 [1/1] (0.00ns)   --->   "%br_ln550 = br void %arrayidx245.exit" [/home/luka/Scripting/ELEC_498-Capstone-LiteLM/HLS-Verilog/Transformer_logic/src-hls/headed_compute_controller.cpp:550]   --->   Operation 43 'br' 'br_ln550' <Predicate = (trunc_ln548 == 2)> <Delay = 0.00>
ST_3 : Operation 44 [1/1] (0.00ns)   --->   "%store_ln550 = store i32 %v, i32 %headed_compute_controller_bool_bool_unsigned_int_bool_bool_bool_bool_b_2" [/home/luka/Scripting/ELEC_498-Capstone-LiteLM/HLS-Verilog/Transformer_logic/src-hls/headed_compute_controller.cpp:550]   --->   Operation 44 'store' 'store_ln550' <Predicate = (trunc_ln548 == 1)> <Delay = 0.00>
ST_3 : Operation 45 [1/1] (0.00ns)   --->   "%br_ln550 = br void %arrayidx245.exit" [/home/luka/Scripting/ELEC_498-Capstone-LiteLM/HLS-Verilog/Transformer_logic/src-hls/headed_compute_controller.cpp:550]   --->   Operation 45 'br' 'br_ln550' <Predicate = (trunc_ln548 == 1)> <Delay = 0.00>
ST_3 : Operation 46 [1/1] (0.00ns)   --->   "%store_ln550 = store i32 %v, i32 %headed_compute_controller_bool_bool_unsigned_int_bool_bool_bool_bool_b_3" [/home/luka/Scripting/ELEC_498-Capstone-LiteLM/HLS-Verilog/Transformer_logic/src-hls/headed_compute_controller.cpp:550]   --->   Operation 46 'store' 'store_ln550' <Predicate = (trunc_ln548 == 0)> <Delay = 0.00>
ST_3 : Operation 47 [1/1] (0.00ns)   --->   "%br_ln550 = br void %arrayidx245.exit" [/home/luka/Scripting/ELEC_498-Capstone-LiteLM/HLS-Verilog/Transformer_logic/src-hls/headed_compute_controller.cpp:550]   --->   Operation 47 'br' 'br_ln550' <Predicate = (trunc_ln548 == 0)> <Delay = 0.00>
ST_3 : Operation 48 [1/1] (0.00ns)   --->   "%store_ln550 = store i32 %v, i32 %headed_compute_controller_bool_bool_unsigned_int_bool_bool_bool_bool_b" [/home/luka/Scripting/ELEC_498-Capstone-LiteLM/HLS-Verilog/Transformer_logic/src-hls/headed_compute_controller.cpp:550]   --->   Operation 48 'store' 'store_ln550' <Predicate = (trunc_ln548 == 3)> <Delay = 0.00>
ST_3 : Operation 49 [1/1] (0.00ns)   --->   "%br_ln550 = br void %arrayidx245.exit" [/home/luka/Scripting/ELEC_498-Capstone-LiteLM/HLS-Verilog/Transformer_logic/src-hls/headed_compute_controller.cpp:550]   --->   Operation 49 'br' 'br_ln550' <Predicate = (trunc_ln548 == 3)> <Delay = 0.00>


============================================================
+ Verbose Summary: Binding
============================================================
STG Binding: 
---------------- STG Properties BEGIN ----------------
- Is combinational: 0
- Is one-state seq: 0
- Is datapath-only: 0
- Is pipelined: 0
- Is top level: 0
Port [ Return ] is wired: 1; IO mode=ap_ctrl_hs:ce=0
Port [ in_buf]:  wired=1; compound=1; hidden=0; nouse=0; global=0; static=0; extern=0; dir=0; type=1; pingpong=0; private_global=0; MemPort=[11]; IO mode=ap_memory:ce=0
Port [ headed_compute_controller_bool_bool_unsigned_int_bool_bool_bool_bool_b_3]:  wired=1; compound=0; hidden=0; nouse=0; global=1; static=1; extern=0; dir=1; type=0; pingpong=0; private_global=0; IO mode=ap_vld:ce=0
Port [ headed_compute_controller_bool_bool_unsigned_int_bool_bool_bool_bool_b_2]:  wired=1; compound=0; hidden=0; nouse=0; global=1; static=1; extern=0; dir=1; type=0; pingpong=0; private_global=0; IO mode=ap_vld:ce=0
Port [ headed_compute_controller_bool_bool_unsigned_int_bool_bool_bool_bool_b_1]:  wired=1; compound=0; hidden=0; nouse=0; global=1; static=1; extern=0; dir=1; type=0; pingpong=0; private_global=0; IO mode=ap_vld:ce=0
Port [ headed_compute_controller_bool_bool_unsigned_int_bool_bool_bool_bool_b]:  wired=1; compound=0; hidden=0; nouse=0; global=1; static=1; extern=0; dir=1; type=0; pingpong=0; private_global=0; IO mode=ap_vld:ce=0
---------------- STG Properties END ------------------

---------------- Datapath Model BEGIN ----------------

<LifeTime>
<method=bitvector/>
h                       (alloca           ) [ 0100]
specinterface_ln0       (specinterface    ) [ 0000]
store_ln548             (store            ) [ 0000]
br_ln0                  (br               ) [ 0000]
h_5                     (load             ) [ 0000]
icmp_ln548              (icmp             ) [ 0110]
add_ln548               (add              ) [ 0000]
br_ln548                (br               ) [ 0000]
trunc_ln548             (trunc            ) [ 0111]
byte_addr_assign        (bitconcatenate   ) [ 0000]
zext_ln580              (zext             ) [ 0000]
in_buf_addr_8           (getelementptr    ) [ 0010]
or_ln                   (bitconcatenate   ) [ 0000]
zext_ln581              (zext             ) [ 0000]
in_buf_addr_9           (getelementptr    ) [ 0010]
switch_ln550            (switch           ) [ 0000]
store_ln548             (store            ) [ 0000]
br_ln548                (br               ) [ 0000]
in_buf_load_8           (load             ) [ 0101]
in_buf_load_9           (load             ) [ 0101]
or_ln1                  (bitconcatenate   ) [ 0000]
zext_ln582              (zext             ) [ 0000]
in_buf_addr_10          (getelementptr    ) [ 0101]
or_ln2                  (bitconcatenate   ) [ 0000]
zext_ln583              (zext             ) [ 0000]
in_buf_addr_11          (getelementptr    ) [ 0101]
specpipeline_ln549      (specpipeline     ) [ 0000]
speclooptripcount_ln548 (speclooptripcount) [ 0000]
specloopname_ln548      (specloopname     ) [ 0000]
in_buf_load_10          (load             ) [ 0000]
in_buf_load_11          (load             ) [ 0000]
v                       (bitconcatenate   ) [ 0000]
store_ln550             (store            ) [ 0000]
br_ln550                (br               ) [ 0000]
store_ln550             (store            ) [ 0000]
br_ln550                (br               ) [ 0000]
store_ln550             (store            ) [ 0000]
br_ln550                (br               ) [ 0000]
store_ln550             (store            ) [ 0000]
br_ln550                (br               ) [ 0000]
ret_ln0                 (ret              ) [ 0000]
</LifeTime>

<model>

<comp_list>
<comp id="0" class="1000" name="in_buf">
<pin_list>
<pin id="1" dir="1" index="0" bw="1" slack="0"/>
</pin_list>
<bind>
<StgValue><ssdm name="in_buf"/><MemPortTyVec>1 1 </MemPortTyVec>
</StgValue>
</bind>
</comp>

<comp id="2" class="1000" name="headed_compute_controller_bool_bool_unsigned_int_bool_bool_bool_bool_b_3">
<pin_list>
<pin id="3" dir="1" index="0" bw="1" slack="0"/>
</pin_list>
<bind>
<StgValue><ssdm name="headed_compute_controller_bool_bool_unsigned_int_bool_bool_bool_bool_b_3"/></StgValue>
</bind>
</comp>

<comp id="4" class="1000" name="headed_compute_controller_bool_bool_unsigned_int_bool_bool_bool_bool_b_2">
<pin_list>
<pin id="5" dir="1" index="0" bw="1" slack="0"/>
</pin_list>
<bind>
<StgValue><ssdm name="headed_compute_controller_bool_bool_unsigned_int_bool_bool_bool_bool_b_2"/></StgValue>
</bind>
</comp>

<comp id="6" class="1000" name="headed_compute_controller_bool_bool_unsigned_int_bool_bool_bool_bool_b_1">
<pin_list>
<pin id="7" dir="1" index="0" bw="1" slack="0"/>
</pin_list>
<bind>
<StgValue><ssdm name="headed_compute_controller_bool_bool_unsigned_int_bool_bool_bool_bool_b_1"/></StgValue>
</bind>
</comp>

<comp id="8" class="1000" name="headed_compute_controller_bool_bool_unsigned_int_bool_bool_bool_bool_b">
<pin_list>
<pin id="9" dir="1" index="0" bw="1" slack="0"/>
</pin_list>
<bind>
<StgValue><ssdm name="headed_compute_controller_bool_bool_unsigned_int_bool_bool_bool_bool_b"/></StgValue>
</bind>
</comp>

<comp id="10" class="1001" name="const_10">
<pin_list>
<pin id="11" dir="1" index="0" bw="1" slack="0"/>
</pin_list>
<bind>
<StgValue><ssdm name=""/></StgValue>
</bind>
</comp>

<comp id="12" class="1001" name="const_12">
<pin_list>
<pin id="13" dir="1" index="0" bw="1" slack="2147483647"/>
</pin_list>
<bind>
<StgValue><ssdm name="_ssdm_op_SpecInterface"/></StgValue>
</bind>
</comp>

<comp id="14" class="1001" name="const_14">
<pin_list>
<pin id="15" dir="1" index="0" bw="1" slack="2147483647"/>
</pin_list>
<bind>
<StgValue><ssdm name="empty_17"/></StgValue>
</bind>
</comp>

<comp id="16" class="1001" name="const_16">
<pin_list>
<pin id="17" dir="1" index="0" bw="1" slack="2147483647"/>
</pin_list>
<bind>
<StgValue><ssdm name=""/></StgValue>
</bind>
</comp>

<comp id="18" class="1001" name="const_18">
<pin_list>
<pin id="19" dir="1" index="0" bw="1" slack="2147483647"/>
</pin_list>
<bind>
<StgValue><ssdm name="empty_0"/></StgValue>
</bind>
</comp>

<comp id="20" class="1001" name="const_20">
<pin_list>
<pin id="21" dir="1" index="0" bw="1" slack="2147483647"/>
</pin_list>
<bind>
<StgValue><ssdm name=""/></StgValue>
</bind>
</comp>

<comp id="22" class="1001" name="const_22">
<pin_list>
<pin id="23" dir="1" index="0" bw="1" slack="0"/>
</pin_list>
<bind>
<StgValue><ssdm name=""/></StgValue>
</bind>
</comp>

<comp id="24" class="1001" name="const_24">
<pin_list>
<pin id="25" dir="1" index="0" bw="1" slack="0"/>
</pin_list>
<bind>
<StgValue><ssdm name=""/></StgValue>
</bind>
</comp>

<comp id="26" class="1001" name="const_26">
<pin_list>
<pin id="27" dir="1" index="0" bw="1" slack="0"/>
</pin_list>
<bind>
<StgValue><ssdm name=""/></StgValue>
</bind>
</comp>

<comp id="28" class="1001" name="const_28">
<pin_list>
<pin id="29" dir="1" index="0" bw="1" slack="0"/>
</pin_list>
<bind>
<StgValue><ssdm name="_ssdm_op_BitConcatenate.i4.i2.i2"/></StgValue>
</bind>
</comp>

<comp id="30" class="1001" name="const_30">
<pin_list>
<pin id="31" dir="1" index="0" bw="1" slack="0"/>
</pin_list>
<bind>
<StgValue><ssdm name=""/></StgValue>
</bind>
</comp>

<comp id="32" class="1001" name="const_32">
<pin_list>
<pin id="33" dir="1" index="0" bw="1" slack="0"/>
</pin_list>
<bind>
<StgValue><ssdm name=""/></StgValue>
</bind>
</comp>

<comp id="34" class="1001" name="const_34">
<pin_list>
<pin id="35" dir="1" index="0" bw="1" slack="0"/>
</pin_list>
<bind>
<StgValue><ssdm name=""/></StgValue>
</bind>
</comp>

<comp id="36" class="1001" name="const_36">
<pin_list>
<pin id="37" dir="1" index="0" bw="1" slack="0"/>
</pin_list>
<bind>
<StgValue><ssdm name=""/></StgValue>
</bind>
</comp>

<comp id="38" class="1001" name="const_38">
<pin_list>
<pin id="39" dir="1" index="0" bw="1" slack="0"/>
</pin_list>
<bind>
<StgValue><ssdm name=""/></StgValue>
</bind>
</comp>

<comp id="40" class="1001" name="const_40">
<pin_list>
<pin id="41" dir="1" index="0" bw="1" slack="2147483647"/>
</pin_list>
<bind>
<StgValue><ssdm name="_ssdm_op_SpecPipeline"/></StgValue>
</bind>
</comp>

<comp id="42" class="1001" name="const_42">
<pin_list>
<pin id="43" dir="1" index="0" bw="1" slack="2147483647"/>
</pin_list>
<bind>
<StgValue><ssdm name="_ssdm_op_SpecLoopTripCount"/></StgValue>
</bind>
</comp>

<comp id="44" class="1001" name="const_44">
<pin_list>
<pin id="45" dir="1" index="0" bw="1" slack="2147483647"/>
</pin_list>
<bind>
<StgValue><ssdm name=""/></StgValue>
</bind>
</comp>

<comp id="46" class="1001" name="const_46">
<pin_list>
<pin id="47" dir="1" index="0" bw="1" slack="2147483647"/>
</pin_list>
<bind>
<StgValue><ssdm name="_ssdm_op_SpecLoopName"/></StgValue>
</bind>
</comp>

<comp id="48" class="1001" name="const_48">
<pin_list>
<pin id="49" dir="1" index="0" bw="1" slack="2147483647"/>
</pin_list>
<bind>
<StgValue><ssdm name="empty_12"/></StgValue>
</bind>
</comp>

<comp id="50" class="1001" name="const_50">
<pin_list>
<pin id="51" dir="1" index="0" bw="1" slack="0"/>
</pin_list>
<bind>
<StgValue><ssdm name="_ssdm_op_BitConcatenate.i32.i8.i8.i8.i8"/></StgValue>
</bind>
</comp>

<comp id="52" class="1004" name="h_fu_52">
<pin_list>
<pin id="53" dir="0" index="0" bw="1" slack="0"/>
<pin id="54" dir="1" index="1" bw="3" slack="0"/>
</pin_list>
<bind>
<opcode="alloca(26) " fcode="alloca"/>
<opset="h/1 "/>
</bind>
</comp>

<comp id="56" class="1004" name="in_buf_addr_8_gep_fu_56">
<pin_list>
<pin id="57" dir="0" index="0" bw="8" slack="0"/>
<pin id="58" dir="0" index="1" bw="1" slack="0"/>
<pin id="59" dir="0" index="2" bw="4" slack="0"/>
<pin id="60" dir="1" index="3" bw="7" slack="0"/>
</pin_list>
<bind>
<opcode="getelementptr(29) " fcode="getelementptr"/>
<opset="in_buf_addr_8/1 "/>
</bind>
</comp>

<comp id="63" class="1004" name="grp_access_fu_63">
<pin_list>
<pin id="64" dir="0" index="0" bw="7" slack="0"/>
<pin id="65" dir="0" index="1" bw="8" slack="2147483647"/>
<pin id="66" dir="0" index="2" bw="0" slack="0"/>
<pin id="68" dir="0" index="4" bw="7" slack="2147483647"/>
<pin id="69" dir="0" index="5" bw="8" slack="2147483647"/>
<pin id="70" dir="0" index="6" bw="0" slack="2147483647"/>
<pin id="67" dir="1" index="3" bw="8" slack="0"/>
<pin id="71" dir="1" index="7" bw="8" slack="0"/>
</pin_list>
<bind>
<opcode="load(27) " fcode="load"/>
<opset="in_buf_load_8/1 in_buf_load_9/1 in_buf_load_10/2 in_buf_load_11/2 "/>
</bind>
</comp>

<comp id="73" class="1004" name="in_buf_addr_9_gep_fu_73">
<pin_list>
<pin id="74" dir="0" index="0" bw="8" slack="0"/>
<pin id="75" dir="0" index="1" bw="1" slack="0"/>
<pin id="76" dir="0" index="2" bw="4" slack="0"/>
<pin id="77" dir="1" index="3" bw="7" slack="0"/>
</pin_list>
<bind>
<opcode="getelementptr(29) " fcode="getelementptr"/>
<opset="in_buf_addr_9/1 "/>
</bind>
</comp>

<comp id="81" class="1004" name="in_buf_addr_10_gep_fu_81">
<pin_list>
<pin id="82" dir="0" index="0" bw="8" slack="0"/>
<pin id="83" dir="0" index="1" bw="1" slack="0"/>
<pin id="84" dir="0" index="2" bw="4" slack="0"/>
<pin id="85" dir="1" index="3" bw="7" slack="0"/>
</pin_list>
<bind>
<opcode="getelementptr(29) " fcode="getelementptr"/>
<opset="in_buf_addr_10/2 "/>
</bind>
</comp>

<comp id="89" class="1004" name="in_buf_addr_11_gep_fu_89">
<pin_list>
<pin id="90" dir="0" index="0" bw="8" slack="0"/>
<pin id="91" dir="0" index="1" bw="1" slack="0"/>
<pin id="92" dir="0" index="2" bw="4" slack="0"/>
<pin id="93" dir="1" index="3" bw="7" slack="0"/>
</pin_list>
<bind>
<opcode="getelementptr(29) " fcode="getelementptr"/>
<opset="in_buf_addr_11/2 "/>
</bind>
</comp>

<comp id="97" class="1004" name="store_ln548_store_fu_97">
<pin_list>
<pin id="98" dir="0" index="0" bw="1" slack="0"/>
<pin id="99" dir="0" index="1" bw="3" slack="0"/>
<pin id="100" dir="1" index="2" bw="0" slack="2147483647"/>
</pin_list>
<bind>
<opcode="store(28) " fcode="store"/>
<opset="store_ln548/1 "/>
</bind>
</comp>

<comp id="102" class="1004" name="h_5_load_fu_102">
<pin_list>
<pin id="103" dir="0" index="0" bw="3" slack="0"/>
<pin id="104" dir="1" index="1" bw="3" slack="0"/>
</pin_list>
<bind>
<opcode="load(27) " fcode="load"/>
<opset="h_5/1 "/>
</bind>
</comp>

<comp id="105" class="1004" name="icmp_ln548_fu_105">
<pin_list>
<pin id="106" dir="0" index="0" bw="3" slack="0"/>
<pin id="107" dir="0" index="1" bw="3" slack="0"/>
<pin id="108" dir="1" index="2" bw="1" slack="1"/>
</pin_list>
<bind>
<opcode="icmp(45) " fcode="icmp"/>
<opset="icmp_ln548/1 "/>
</bind>
</comp>

<comp id="111" class="1004" name="add_ln548_fu_111">
<pin_list>
<pin id="112" dir="0" index="0" bw="3" slack="0"/>
<pin id="113" dir="0" index="1" bw="1" slack="0"/>
<pin id="114" dir="1" index="2" bw="3" slack="0"/>
</pin_list>
<bind>
<opcode="add(8) " fcode="add"/>
<opset="add_ln548/1 "/>
</bind>
</comp>

<comp id="117" class="1004" name="trunc_ln548_fu_117">
<pin_list>
<pin id="118" dir="0" index="0" bw="3" slack="0"/>
<pin id="119" dir="1" index="1" bw="2" slack="0"/>
</pin_list>
<bind>
<opcode="trunc(33) " fcode="trunc"/>
<opset="trunc_ln548/1 "/>
</bind>
</comp>

<comp id="121" class="1004" name="byte_addr_assign_fu_121">
<pin_list>
<pin id="122" dir="0" index="0" bw="4" slack="0"/>
<pin id="123" dir="0" index="1" bw="2" slack="0"/>
<pin id="124" dir="0" index="2" bw="1" slack="0"/>
<pin id="125" dir="1" index="3" bw="4" slack="0"/>
</pin_list>
<bind>
<opcode="bitconcatenate(1004) " fcode="bitconcatenate"/>
<opset="byte_addr_assign/1 "/>
</bind>
</comp>

<comp id="129" class="1004" name="zext_ln580_fu_129">
<pin_list>
<pin id="130" dir="0" index="0" bw="4" slack="0"/>
<pin id="131" dir="1" index="1" bw="64" slack="0"/>
</pin_list>
<bind>
<opcode="zext(34) " fcode="zext"/>
<opset="zext_ln580/1 "/>
</bind>
</comp>

<comp id="134" class="1004" name="or_ln_fu_134">
<pin_list>
<pin id="135" dir="0" index="0" bw="4" slack="0"/>
<pin id="136" dir="0" index="1" bw="2" slack="0"/>
<pin id="137" dir="0" index="2" bw="1" slack="0"/>
<pin id="138" dir="1" index="3" bw="4" slack="0"/>
</pin_list>
<bind>
<opcode="bitconcatenate(1004) " fcode="bitconcatenate"/>
<opset="or_ln/1 "/>
</bind>
</comp>

<comp id="142" class="1004" name="zext_ln581_fu_142">
<pin_list>
<pin id="143" dir="0" index="0" bw="4" slack="0"/>
<pin id="144" dir="1" index="1" bw="64" slack="0"/>
</pin_list>
<bind>
<opcode="zext(34) " fcode="zext"/>
<opset="zext_ln581/1 "/>
</bind>
</comp>

<comp id="147" class="1004" name="switch_ln550_fu_147">
<pin_list>
<pin id="148" dir="0" index="0" bw="2" slack="0"/>
<pin id="149" dir="0" index="1" bw="1" slack="0"/>
<pin id="150" dir="0" index="2" bw="1" slack="0"/>
<pin id="151" dir="0" index="3" bw="2" slack="0"/>
<pin id="152" dir="1" index="4" bw="0" slack="2147483647"/>
</pin_list>
<bind>
<opcode="switch(3) " fcode="switch"/>
<opset="switch_ln550/1 "/>
</bind>
</comp>

<comp id="157" class="1004" name="store_ln548_store_fu_157">
<pin_list>
<pin id="158" dir="0" index="0" bw="3" slack="0"/>
<pin id="159" dir="0" index="1" bw="3" slack="0"/>
<pin id="160" dir="1" index="2" bw="0" slack="2147483647"/>
</pin_list>
<bind>
<opcode="store(28) " fcode="store"/>
<opset="store_ln548/1 "/>
</bind>
</comp>

<comp id="162" class="1004" name="or_ln1_fu_162">
<pin_list>
<pin id="163" dir="0" index="0" bw="4" slack="0"/>
<pin id="164" dir="0" index="1" bw="2" slack="1"/>
<pin id="165" dir="0" index="2" bw="2" slack="0"/>
<pin id="166" dir="1" index="3" bw="4" slack="0"/>
</pin_list>
<bind>
<opcode="bitconcatenate(1004) " fcode="bitconcatenate"/>
<opset="or_ln1/2 "/>
</bind>
</comp>

<comp id="169" class="1004" name="zext_ln582_fu_169">
<pin_list>
<pin id="170" dir="0" index="0" bw="4" slack="0"/>
<pin id="171" dir="1" index="1" bw="64" slack="0"/>
</pin_list>
<bind>
<opcode="zext(34) " fcode="zext"/>
<opset="zext_ln582/2 "/>
</bind>
</comp>

<comp id="174" class="1004" name="or_ln2_fu_174">
<pin_list>
<pin id="175" dir="0" index="0" bw="4" slack="0"/>
<pin id="176" dir="0" index="1" bw="2" slack="1"/>
<pin id="177" dir="0" index="2" bw="1" slack="0"/>
<pin id="178" dir="1" index="3" bw="4" slack="0"/>
</pin_list>
<bind>
<opcode="bitconcatenate(1004) " fcode="bitconcatenate"/>
<opset="or_ln2/2 "/>
</bind>
</comp>

<comp id="181" class="1004" name="zext_ln583_fu_181">
<pin_list>
<pin id="182" dir="0" index="0" bw="4" slack="0"/>
<pin id="183" dir="1" index="1" bw="64" slack="0"/>
</pin_list>
<bind>
<opcode="zext(34) " fcode="zext"/>
<opset="zext_ln583/2 "/>
</bind>
</comp>

<comp id="186" class="1004" name="v_fu_186">
<pin_list>
<pin id="187" dir="0" index="0" bw="32" slack="0"/>
<pin id="188" dir="0" index="1" bw="8" slack="0"/>
<pin id="189" dir="0" index="2" bw="8" slack="0"/>
<pin id="190" dir="0" index="3" bw="8" slack="1"/>
<pin id="191" dir="0" index="4" bw="8" slack="1"/>
<pin id="192" dir="1" index="5" bw="32" slack="0"/>
</pin_list>
<bind>
<opcode="bitconcatenate(1004) " fcode="bitconcatenate"/>
<opset="v/3 "/>
</bind>
</comp>

<comp id="196" class="1004" name="store_ln550_store_fu_196">
<pin_list>
<pin id="197" dir="0" index="0" bw="32" slack="0"/>
<pin id="198" dir="0" index="1" bw="32" slack="0"/>
<pin id="199" dir="1" index="2" bw="0" slack="2147483647"/>
</pin_list>
<bind>
<opcode="store(28) " fcode="store"/>
<opset="store_ln550/3 "/>
</bind>
</comp>

<comp id="202" class="1004" name="store_ln550_store_fu_202">
<pin_list>
<pin id="203" dir="0" index="0" bw="32" slack="0"/>
<pin id="204" dir="0" index="1" bw="32" slack="0"/>
<pin id="205" dir="1" index="2" bw="0" slack="2147483647"/>
</pin_list>
<bind>
<opcode="store(28) " fcode="store"/>
<opset="store_ln550/3 "/>
</bind>
</comp>

<comp id="208" class="1004" name="store_ln550_store_fu_208">
<pin_list>
<pin id="209" dir="0" index="0" bw="32" slack="0"/>
<pin id="210" dir="0" index="1" bw="32" slack="0"/>
<pin id="211" dir="1" index="2" bw="0" slack="2147483647"/>
</pin_list>
<bind>
<opcode="store(28) " fcode="store"/>
<opset="store_ln550/3 "/>
</bind>
</comp>

<comp id="214" class="1004" name="store_ln550_store_fu_214">
<pin_list>
<pin id="215" dir="0" index="0" bw="32" slack="0"/>
<pin id="216" dir="0" index="1" bw="32" slack="0"/>
<pin id="217" dir="1" index="2" bw="0" slack="2147483647"/>
</pin_list>
<bind>
<opcode="store(28) " fcode="store"/>
<opset="store_ln550/3 "/>
</bind>
</comp>

<comp id="220" class="1005" name="h_reg_220">
<pin_list>
<pin id="221" dir="0" index="0" bw="3" slack="0"/>
<pin id="222" dir="1" index="1" bw="3" slack="0"/>
</pin_list>
<bind>
<opset="h "/>
</bind>
</comp>

<comp id="227" class="1005" name="icmp_ln548_reg_227">
<pin_list>
<pin id="228" dir="0" index="0" bw="1" slack="1"/>
<pin id="229" dir="1" index="1" bw="1" slack="2147483647"/>
</pin_list>
<bind>
<opset="icmp_ln548 "/>
</bind>
</comp>

<comp id="231" class="1005" name="trunc_ln548_reg_231">
<pin_list>
<pin id="232" dir="0" index="0" bw="2" slack="1"/>
<pin id="233" dir="1" index="1" bw="2" slack="1"/>
</pin_list>
<bind>
<opset="trunc_ln548 "/>
</bind>
</comp>

<comp id="237" class="1005" name="in_buf_addr_8_reg_237">
<pin_list>
<pin id="238" dir="0" index="0" bw="7" slack="1"/>
<pin id="239" dir="1" index="1" bw="7" slack="1"/>
</pin_list>
<bind>
<opset="in_buf_addr_8 "/>
</bind>
</comp>

<comp id="242" class="1005" name="in_buf_addr_9_reg_242">
<pin_list>
<pin id="243" dir="0" index="0" bw="7" slack="1"/>
<pin id="244" dir="1" index="1" bw="7" slack="1"/>
</pin_list>
<bind>
<opset="in_buf_addr_9 "/>
</bind>
</comp>

<comp id="247" class="1005" name="in_buf_load_8_reg_247">
<pin_list>
<pin id="248" dir="0" index="0" bw="8" slack="1"/>
<pin id="249" dir="1" index="1" bw="8" slack="1"/>
</pin_list>
<bind>
<opset="in_buf_load_8 "/>
</bind>
</comp>

<comp id="252" class="1005" name="in_buf_load_9_reg_252">
<pin_list>
<pin id="253" dir="0" index="0" bw="8" slack="1"/>
<pin id="254" dir="1" index="1" bw="8" slack="1"/>
</pin_list>
<bind>
<opset="in_buf_load_9 "/>
</bind>
</comp>

<comp id="257" class="1005" name="in_buf_addr_10_reg_257">
<pin_list>
<pin id="258" dir="0" index="0" bw="7" slack="1"/>
<pin id="259" dir="1" index="1" bw="7" slack="1"/>
</pin_list>
<bind>
<opset="in_buf_addr_10 "/>
</bind>
</comp>

<comp id="262" class="1005" name="in_buf_addr_11_reg_262">
<pin_list>
<pin id="263" dir="0" index="0" bw="7" slack="1"/>
<pin id="264" dir="1" index="1" bw="7" slack="1"/>
</pin_list>
<bind>
<opset="in_buf_addr_11 "/>
</bind>
</comp>

</comp_list>

<net_list>
<net id="55"><net_src comp="10" pin="0"/><net_sink comp="52" pin=0"/></net>

<net id="61"><net_src comp="0" pin="0"/><net_sink comp="56" pin=0"/></net>

<net id="62"><net_src comp="32" pin="0"/><net_sink comp="56" pin=1"/></net>

<net id="72"><net_src comp="56" pin="3"/><net_sink comp="63" pin=2"/></net>

<net id="78"><net_src comp="0" pin="0"/><net_sink comp="73" pin=0"/></net>

<net id="79"><net_src comp="32" pin="0"/><net_sink comp="73" pin=1"/></net>

<net id="80"><net_src comp="73" pin="3"/><net_sink comp="63" pin=0"/></net>

<net id="86"><net_src comp="0" pin="0"/><net_sink comp="81" pin=0"/></net>

<net id="87"><net_src comp="32" pin="0"/><net_sink comp="81" pin=1"/></net>

<net id="88"><net_src comp="81" pin="3"/><net_sink comp="63" pin=2"/></net>

<net id="94"><net_src comp="0" pin="0"/><net_sink comp="89" pin=0"/></net>

<net id="95"><net_src comp="32" pin="0"/><net_sink comp="89" pin=1"/></net>

<net id="96"><net_src comp="89" pin="3"/><net_sink comp="63" pin=0"/></net>

<net id="101"><net_src comp="22" pin="0"/><net_sink comp="97" pin=0"/></net>

<net id="109"><net_src comp="102" pin="1"/><net_sink comp="105" pin=0"/></net>

<net id="110"><net_src comp="24" pin="0"/><net_sink comp="105" pin=1"/></net>

<net id="115"><net_src comp="102" pin="1"/><net_sink comp="111" pin=0"/></net>

<net id="116"><net_src comp="26" pin="0"/><net_sink comp="111" pin=1"/></net>

<net id="120"><net_src comp="102" pin="1"/><net_sink comp="117" pin=0"/></net>

<net id="126"><net_src comp="28" pin="0"/><net_sink comp="121" pin=0"/></net>

<net id="127"><net_src comp="117" pin="1"/><net_sink comp="121" pin=1"/></net>

<net id="128"><net_src comp="30" pin="0"/><net_sink comp="121" pin=2"/></net>

<net id="132"><net_src comp="121" pin="3"/><net_sink comp="129" pin=0"/></net>

<net id="133"><net_src comp="129" pin="1"/><net_sink comp="56" pin=2"/></net>

<net id="139"><net_src comp="28" pin="0"/><net_sink comp="134" pin=0"/></net>

<net id="140"><net_src comp="117" pin="1"/><net_sink comp="134" pin=1"/></net>

<net id="141"><net_src comp="34" pin="0"/><net_sink comp="134" pin=2"/></net>

<net id="145"><net_src comp="134" pin="3"/><net_sink comp="142" pin=0"/></net>

<net id="146"><net_src comp="142" pin="1"/><net_sink comp="73" pin=2"/></net>

<net id="153"><net_src comp="117" pin="1"/><net_sink comp="147" pin=0"/></net>

<net id="154"><net_src comp="30" pin="0"/><net_sink comp="147" pin=1"/></net>

<net id="155"><net_src comp="34" pin="0"/><net_sink comp="147" pin=2"/></net>

<net id="156"><net_src comp="36" pin="0"/><net_sink comp="147" pin=3"/></net>

<net id="161"><net_src comp="111" pin="2"/><net_sink comp="157" pin=0"/></net>

<net id="167"><net_src comp="28" pin="0"/><net_sink comp="162" pin=0"/></net>

<net id="168"><net_src comp="36" pin="0"/><net_sink comp="162" pin=2"/></net>

<net id="172"><net_src comp="162" pin="3"/><net_sink comp="169" pin=0"/></net>

<net id="173"><net_src comp="169" pin="1"/><net_sink comp="81" pin=2"/></net>

<net id="179"><net_src comp="28" pin="0"/><net_sink comp="174" pin=0"/></net>

<net id="180"><net_src comp="38" pin="0"/><net_sink comp="174" pin=2"/></net>

<net id="184"><net_src comp="174" pin="3"/><net_sink comp="181" pin=0"/></net>

<net id="185"><net_src comp="181" pin="1"/><net_sink comp="89" pin=2"/></net>

<net id="193"><net_src comp="50" pin="0"/><net_sink comp="186" pin=0"/></net>

<net id="194"><net_src comp="63" pin="3"/><net_sink comp="186" pin=1"/></net>

<net id="195"><net_src comp="63" pin="7"/><net_sink comp="186" pin=2"/></net>

<net id="200"><net_src comp="186" pin="5"/><net_sink comp="196" pin=0"/></net>

<net id="201"><net_src comp="6" pin="0"/><net_sink comp="196" pin=1"/></net>

<net id="206"><net_src comp="186" pin="5"/><net_sink comp="202" pin=0"/></net>

<net id="207"><net_src comp="4" pin="0"/><net_sink comp="202" pin=1"/></net>

<net id="212"><net_src comp="186" pin="5"/><net_sink comp="208" pin=0"/></net>

<net id="213"><net_src comp="2" pin="0"/><net_sink comp="208" pin=1"/></net>

<net id="218"><net_src comp="186" pin="5"/><net_sink comp="214" pin=0"/></net>

<net id="219"><net_src comp="8" pin="0"/><net_sink comp="214" pin=1"/></net>

<net id="223"><net_src comp="52" pin="1"/><net_sink comp="220" pin=0"/></net>

<net id="224"><net_src comp="220" pin="1"/><net_sink comp="97" pin=1"/></net>

<net id="225"><net_src comp="220" pin="1"/><net_sink comp="102" pin=0"/></net>

<net id="226"><net_src comp="220" pin="1"/><net_sink comp="157" pin=1"/></net>

<net id="230"><net_src comp="105" pin="2"/><net_sink comp="227" pin=0"/></net>

<net id="234"><net_src comp="117" pin="1"/><net_sink comp="231" pin=0"/></net>

<net id="235"><net_src comp="231" pin="1"/><net_sink comp="162" pin=1"/></net>

<net id="236"><net_src comp="231" pin="1"/><net_sink comp="174" pin=1"/></net>

<net id="240"><net_src comp="56" pin="3"/><net_sink comp="237" pin=0"/></net>

<net id="241"><net_src comp="237" pin="1"/><net_sink comp="63" pin=2"/></net>

<net id="245"><net_src comp="73" pin="3"/><net_sink comp="242" pin=0"/></net>

<net id="246"><net_src comp="242" pin="1"/><net_sink comp="63" pin=0"/></net>

<net id="250"><net_src comp="63" pin="7"/><net_sink comp="247" pin=0"/></net>

<net id="251"><net_src comp="247" pin="1"/><net_sink comp="186" pin=4"/></net>

<net id="255"><net_src comp="63" pin="3"/><net_sink comp="252" pin=0"/></net>

<net id="256"><net_src comp="252" pin="1"/><net_sink comp="186" pin=3"/></net>

<net id="260"><net_src comp="81" pin="3"/><net_sink comp="257" pin=0"/></net>

<net id="261"><net_src comp="257" pin="1"/><net_sink comp="63" pin=2"/></net>

<net id="265"><net_src comp="89" pin="3"/><net_sink comp="262" pin=0"/></net>

<net id="266"><net_src comp="262" pin="1"/><net_sink comp="63" pin=0"/></net>

</net_list>

</model> 
---------------- Datapath Model END ------------------

* FSMD analyzer results:
  - Output states:
	Port: headed_compute_controller_bool_bool_unsigned_int_bool_bool_bool_bool_b_3 | {3 }
	Port: headed_compute_controller_bool_bool_unsigned_int_bool_bool_bool_bool_b_2 | {3 }
	Port: headed_compute_controller_bool_bool_unsigned_int_bool_bool_bool_bool_b_1 | {3 }
	Port: headed_compute_controller_bool_bool_unsigned_int_bool_bool_bool_bool_b | {3 }
 - Input state : 
	Port: headed_compute_controller_Pipeline_VITIS_LOOP_548_15 : in_buf | {1 2 3 }
  - Chain level:
	State 1
		store_ln548 : 1
		h_5 : 1
		icmp_ln548 : 2
		add_ln548 : 2
		br_ln548 : 3
		trunc_ln548 : 2
		byte_addr_assign : 3
		zext_ln580 : 4
		in_buf_addr_8 : 5
		in_buf_load_8 : 6
		or_ln : 3
		zext_ln581 : 4
		in_buf_addr_9 : 5
		in_buf_load_9 : 6
		switch_ln550 : 3
		store_ln548 : 3
	State 2
		zext_ln582 : 1
		in_buf_addr_10 : 2
		in_buf_load_10 : 3
		zext_ln583 : 1
		in_buf_addr_11 : 2
		in_buf_load_11 : 3
	State 3
		v : 1
		store_ln550 : 2
		store_ln550 : 2
		store_ln550 : 2
		store_ln550 : 2


============================================================
+ Verbose Summary: Datapath Resource usage 
============================================================

* Functional unit list:
|----------|-------------------------|---------|---------|
| Operation|     Functional Unit     |    FF   |   LUT   |
|----------|-------------------------|---------|---------|
|   icmp   |    icmp_ln548_fu_105    |    0    |    10   |
|----------|-------------------------|---------|---------|
|    add   |     add_ln548_fu_111    |    0    |    10   |
|----------|-------------------------|---------|---------|
|   trunc  |    trunc_ln548_fu_117   |    0    |    0    |
|----------|-------------------------|---------|---------|
|          | byte_addr_assign_fu_121 |    0    |    0    |
|          |       or_ln_fu_134      |    0    |    0    |
|bitconcatenate|      or_ln1_fu_162      |    0    |    0    |
|          |      or_ln2_fu_174      |    0    |    0    |
|          |         v_fu_186        |    0    |    0    |
|----------|-------------------------|---------|---------|
|          |    zext_ln580_fu_129    |    0    |    0    |
|   zext   |    zext_ln581_fu_142    |    0    |    0    |
|          |    zext_ln582_fu_169    |    0    |    0    |
|          |    zext_ln583_fu_181    |    0    |    0    |
|----------|-------------------------|---------|---------|
|  switch  |   switch_ln550_fu_147   |    0    |    0    |
|----------|-------------------------|---------|---------|
|   Total  |                         |    0    |    20   |
|----------|-------------------------|---------|---------|

Memories:
N/A

* Register list:
+----------------------+--------+
|                      |   FF   |
+----------------------+--------+
|       h_reg_220      |    3   |
|  icmp_ln548_reg_227  |    1   |
|in_buf_addr_10_reg_257|    7   |
|in_buf_addr_11_reg_262|    7   |
| in_buf_addr_8_reg_237|    7   |
| in_buf_addr_9_reg_242|    7   |
| in_buf_load_8_reg_247|    8   |
| in_buf_load_9_reg_252|    8   |
|  trunc_ln548_reg_231 |    2   |
+----------------------+--------+
|         Total        |   50   |
+----------------------+--------+

* Multiplexer (MUX) list: 
|------------------|------|------|------|--------||---------||---------||---------|
|       Comp       |  Pin | Size |  BW  | S x BW ||  Delay  ||    FF   ||   LUT   |
|------------------|------|------|------|--------||---------||---------||---------|
| grp_access_fu_63 |  p0  |   4  |   7  |   28   ||    0    ||    20   |
| grp_access_fu_63 |  p2  |   4  |   0  |    0   ||    0    ||    20   |
|------------------|------|------|------|--------||---------||---------||---------|
|       Total      |      |      |      |   28   ||   1.05  ||    0    ||    40   |
|------------------|------|------|------|--------||---------||---------||---------|



* Summary:
+-----------+--------+--------+--------+
|           |  Delay |   FF   |   LUT  |
+-----------+--------+--------+--------+
|  Function |    -   |    0   |   20   |
|   Memory  |    -   |    -   |    -   |
|Multiplexer|    1   |    0   |   40   |
|  Register |    -   |   50   |    -   |
+-----------+--------+--------+--------+
|   Total   |    1   |   50   |   60   |
+-----------+--------+--------+--------+
