

================================================================
== Vitis HLS Report for 'headed_compute_controller_Pipeline_VITIS_LOOP_610_24'
================================================================
* Date:           Fri Jan 30 15:25:10 2026

* Version:        2025.1 (Build 6135595 on May 21 2025)
* Project:        headed_compute_controller
* Solution:       hls (Vivado IP Flow Target)
* Product family: zynquplus
* Target device:  xck26-sfvc784-2LV-c


================================================================
== Performance Estimates
================================================================
+ Timing: 
    * Summary: 
    +--------+----------+----------+------------+
    |  Clock |  Target  | Estimated| Uncertainty|
    +--------+----------+----------+------------+
    |ap_clk  |  10.00 ns|  1.643 ns|     2.70 ns|
    +--------+----------+----------+------------+

+ Latency: 
    * Summary: 
    +---------+---------+----------+----------+-----+-----+------------------------------------------------+
    |  Latency (cycles) |  Latency (absolute) |  Interval |                    Pipeline                    |
    |   min   |   max   |    min   |    max   | min | max |                      Type                      |
    +---------+---------+----------+----------+-----+-----+------------------------------------------------+
    |       34|       34|  0.340 us|  0.340 us|   33|   33|  loop auto-rewind stp (delay=0 clock cycles(s))|
    +---------+---------+----------+----------+-----+-----+------------------------------------------------+

    + Detail: 
        * Instance: 
        N/A

        * Loop: 
        +---------------------+---------+---------+----------+-----------+-----------+------+----------+
        |                     |  Latency (cycles) | Iteration|  Initiation Interval  | Trip |          |
        |      Loop Name      |   min   |   max   |  Latency |  achieved |   target  | Count| Pipelined|
        +---------------------+---------+---------+----------+-----------+-----------+------+----------+
        |- VITIS_LOOP_610_24  |       32|       32|         3|          2|          1|    16|       yes|
        +---------------------+---------+---------+----------+-----------+-----------+------+----------+

============================================================
+ Verbose Summary: Synthesis Manager
============================================================
InlineROM: 1
ExposeGlobal: 0
============================================================
+ Verbose Summary: CDFG Model
============================================================
IsTopModel: 0
ResetActiveHigh: 1
IsCombinational: 0
IsDatapathOnly: 0
HasWiredReturn: 1
HasMFsm: 2
HasVarLatency: 1
IsPipeline: 0
IsRtlPipelined: 0
IsInstanceOverlapped: 0
IsDontTouch: 0
HasImplIP: 0
IsGatedGlobalClock: 0

+ Individual pipeline summary: 
  * Pipeline-0: initiation interval (II) = 2, depth = 3


============================================================
+ Verbose Summary: Schedule
============================================================
* Number of FSM states : 3
* Pipeline : 1
  Pipeline-0 : II = 2, D = 3, States = { 1 2 3 }
* Dataflow Pipeline: 0

* FSM state transitions: 
1 --> 2 
2 --> 3 
3 --> 

* FSM state operations: 

State 1 <SV = 0> <Delay = 1.64>
ST_1 : Operation 6 [1/1] (0.00ns)   --->   "%t = alloca i32 1" [/home/luka/Scripting/ELEC_498-Capstone-LiteLM/HLS-Verilog/Transformer_logic/src-hls/headed_compute_controller.cpp:610]   --->   Operation 6 'alloca' 't' <Predicate = true> <Delay = 0.00>
ST_1 : Operation 7 [1/1] (0.00ns)   --->   "%specinterface_ln0 = specinterface void @_ssdm_op_SpecInterface, i8 %in_buf, void @empty_17, i32 0, i32 0, void @empty_0, i32 4294967295, i32 0, void @empty_0, void @empty_0, void @empty_0, i32 0, i32 0, i32 0, i32 0, void @empty_0, void @empty_0, i32 4294967295, i32 0, i32 0"   --->   Operation 7 'specinterface' 'specinterface_ln0' <Predicate = true> <Delay = 0.00>
ST_1 : Operation 8 [1/1] (0.42ns)   --->   "%store_ln610 = store i5 0, i5 %t" [/home/luka/Scripting/ELEC_498-Capstone-LiteLM/HLS-Verilog/Transformer_logic/src-hls/headed_compute_controller.cpp:610]   --->   Operation 8 'store' 'store_ln610' <Predicate = true> <Delay = 0.42>
ST_1 : Operation 9 [1/1] (0.00ns)   --->   "%br_ln0 = br void %for.inc358"   --->   Operation 9 'br' 'br_ln0' <Predicate = true> <Delay = 0.00>
ST_1 : Operation 10 [1/1] (0.00ns)   --->   "%t_4 = load i5 %t" [/home/luka/Scripting/ELEC_498-Capstone-LiteLM/HLS-Verilog/Transformer_logic/src-hls/headed_compute_controller.cpp:610]   --->   Operation 10 'load' 't_4' <Predicate = true> <Delay = 0.00>
ST_1 : Operation 11 [1/1] (0.78ns)   --->   "%icmp_ln610 = icmp_eq  i5 %t_4, i5 16" [/home/luka/Scripting/ELEC_498-Capstone-LiteLM/HLS-Verilog/Transformer_logic/src-hls/headed_compute_controller.cpp:610]   --->   Operation 11 'icmp' 'icmp_ln610' <Predicate = true> <Delay = 0.78> <CoreInst = "Cmp">   --->   Core 9 'Cmp' <Latency = 0> <II = 1> <Delay = 0.78> <FuncUnit> <Opcode : 'seteq' 'setne' 'setle' 'setge' 'setlt' 'setgt'> <InPorts = 2> <OutPorts = 1>
ST_1 : Operation 12 [1/1] (0.78ns)   --->   "%add_ln610 = add i5 %t_4, i5 1" [/home/luka/Scripting/ELEC_498-Capstone-LiteLM/HLS-Verilog/Transformer_logic/src-hls/headed_compute_controller.cpp:610]   --->   Operation 12 'add' 'add_ln610' <Predicate = true> <Delay = 0.78> <CoreInst = "Adder">   --->   Core 1 'Adder' <Latency = 0> <II = 1> <Delay = 0.78> <FuncUnit> <Opcode : 'add' 'sub'> <InPorts = 2> <OutPorts = 1>
ST_1 : Operation 13 [1/1] (0.00ns)   --->   "%br_ln610 = br i1 %icmp_ln610, void %for.inc358.split, void %for.body.i28.preheader.exitStub" [/home/luka/Scripting/ELEC_498-Capstone-LiteLM/HLS-Verilog/Transformer_logic/src-hls/headed_compute_controller.cpp:610]   --->   Operation 13 'br' 'br_ln610' <Predicate = true> <Delay = 0.00>
ST_1 : Operation 14 [1/1] (0.00ns)   --->   "%trunc_ln612 = trunc i5 %t_4" [/home/luka/Scripting/ELEC_498-Capstone-LiteLM/HLS-Verilog/Transformer_logic/src-hls/headed_compute_controller.cpp:612]   --->   Operation 14 'trunc' 'trunc_ln612' <Predicate = (!icmp_ln610)> <Delay = 0.00>
ST_1 : Operation 15 [1/1] (0.00ns)   --->   "%byte_addr_assign_1 = bitconcatenate i6 @_ssdm_op_BitConcatenate.i6.i4.i2, i4 %trunc_ln612, i2 0" [/home/luka/Scripting/ELEC_498-Capstone-LiteLM/HLS-Verilog/Transformer_logic/src-hls/headed_compute_controller.cpp:612]   --->   Operation 15 'bitconcatenate' 'byte_addr_assign_1' <Predicate = (!icmp_ln610)> <Delay = 0.00>
ST_1 : Operation 16 [1/1] (0.00ns)   --->   "%zext_ln580 = zext i6 %byte_addr_assign_1" [/home/luka/Scripting/ELEC_498-Capstone-LiteLM/HLS-Verilog/Transformer_logic/src-hls/../../top_params.hpp:580->/home/luka/Scripting/ELEC_498-Capstone-LiteLM/HLS-Verilog/Transformer_logic/src-hls/headed_compute_controller.cpp:612]   --->   Operation 16 'zext' 'zext_ln580' <Predicate = (!icmp_ln610)> <Delay = 0.00>
ST_1 : Operation 17 [1/1] (0.00ns)   --->   "%in_buf_addr_12 = getelementptr i8 %in_buf, i64 0, i64 %zext_ln580" [/home/luka/Scripting/ELEC_498-Capstone-LiteLM/HLS-Verilog/Transformer_logic/src-hls/../../top_params.hpp:580->/home/luka/Scripting/ELEC_498-Capstone-LiteLM/HLS-Verilog/Transformer_logic/src-hls/headed_compute_controller.cpp:612]   --->   Operation 17 'getelementptr' 'in_buf_addr_12' <Predicate = (!icmp_ln610)> <Delay = 0.00>
ST_1 : Operation 18 [2/2] (0.67ns)   --->   "%in_buf_load_12 = load i7 %in_buf_addr_12" [/home/luka/Scripting/ELEC_498-Capstone-LiteLM/HLS-Verilog/Transformer_logic/src-hls/../../top_params.hpp:580->/home/luka/Scripting/ELEC_498-Capstone-LiteLM/HLS-Verilog/Transformer_logic/src-hls/headed_compute_controller.cpp:612]   --->   Operation 18 'load' 'in_buf_load_12' <Predicate = (!icmp_ln610)> <Delay = 0.67> <CoreInst = "RAM">   --->   Core 82 'RAM' <Latency = 1> <II = 1> <Delay = 0.67> <Storage> <Opcode : 'load' 'store'> <Ports = 2> <Width = 8> <Depth = 80> <RAM>
ST_1 : Operation 19 [1/1] (0.00ns)   --->   "%or_ln581_1 = bitconcatenate i6 @_ssdm_op_BitConcatenate.i6.i4.i2, i4 %trunc_ln612, i2 1" [/home/luka/Scripting/ELEC_498-Capstone-LiteLM/HLS-Verilog/Transformer_logic/src-hls/../../top_params.hpp:581->/home/luka/Scripting/ELEC_498-Capstone-LiteLM/HLS-Verilog/Transformer_logic/src-hls/headed_compute_controller.cpp:612]   --->   Operation 19 'bitconcatenate' 'or_ln581_1' <Predicate = (!icmp_ln610)> <Delay = 0.00>
ST_1 : Operation 20 [1/1] (0.00ns)   --->   "%zext_ln581 = zext i6 %or_ln581_1" [/home/luka/Scripting/ELEC_498-Capstone-LiteLM/HLS-Verilog/Transformer_logic/src-hls/../../top_params.hpp:581->/home/luka/Scripting/ELEC_498-Capstone-LiteLM/HLS-Verilog/Transformer_logic/src-hls/headed_compute_controller.cpp:612]   --->   Operation 20 'zext' 'zext_ln581' <Predicate = (!icmp_ln610)> <Delay = 0.00>
ST_1 : Operation 21 [1/1] (0.00ns)   --->   "%in_buf_addr_13 = getelementptr i8 %in_buf, i64 0, i64 %zext_ln581" [/home/luka/Scripting/ELEC_498-Capstone-LiteLM/HLS-Verilog/Transformer_logic/src-hls/../../top_params.hpp:581->/home/luka/Scripting/ELEC_498-Capstone-LiteLM/HLS-Verilog/Transformer_logic/src-hls/headed_compute_controller.cpp:612]   --->   Operation 21 'getelementptr' 'in_buf_addr_13' <Predicate = (!icmp_ln610)> <Delay = 0.00>
ST_1 : Operation 22 [2/2] (0.67ns)   --->   "%in_buf_load_13 = load i7 %in_buf_addr_13" [/home/luka/Scripting/ELEC_498-Capstone-LiteLM/HLS-Verilog/Transformer_logic/src-hls/../../top_params.hpp:581->/home/luka/Scripting/ELEC_498-Capstone-LiteLM/HLS-Verilog/Transformer_logic/src-hls/headed_compute_controller.cpp:612]   --->   Operation 22 'load' 'in_buf_load_13' <Predicate = (!icmp_ln610)> <Delay = 0.67> <CoreInst = "RAM">   --->   Core 82 'RAM' <Latency = 1> <II = 1> <Delay = 0.67> <Storage> <Opcode : 'load' 'store'> <Ports = 2> <Width = 8> <Depth = 80> <RAM>
ST_1 : Operation 23 [1/1] (0.42ns)   --->   "%store_ln610 = store i5 %add_ln610, i5 %t" [/home/luka/Scripting/ELEC_498-Capstone-LiteLM/HLS-Verilog/Transformer_logic/src-hls/headed_compute_controller.cpp:610]   --->   Operation 23 'store' 'store_ln610' <Predicate = (!icmp_ln610)> <Delay = 0.42>
ST_1 : Operation 44 [1/1] (0.42ns)   --->   "%ret_ln0 = ret"   --->   Operation 44 'ret' 'ret_ln0' <Predicate = (icmp_ln610)> <Delay = 0.42>

State 2 <SV = 1> <Delay = 0.67>
ST_2 : Operation 24 [1/2] ( I:0.67ns O:0.67ns )   --->   "%in_buf_load_12 = load i7 %in_buf_addr_12" [/home/luka/Scripting/ELEC_498-Capstone-LiteLM/HLS-Verilog/Transformer_logic/src-hls/../../top_params.hpp:580->/home/luka/Scripting/ELEC_498-Capstone-LiteLM/HLS-Verilog/Transformer_logic/src-hls/headed_compute_controller.cpp:612]   --->   Operation 24 'load' 'in_buf_load_12' <Predicate = (!icmp_ln610)> <Delay = 0.67> <CoreInst = "RAM">   --->   Core 82 'RAM' <Latency = 1> <II = 1> <Delay = 0.67> <Storage> <Opcode : 'load' 'store'> <Ports = 2> <Width = 8> <Depth = 80> <RAM>
ST_2 : Operation 25 [1/2] ( I:0.67ns O:0.67ns )   --->   "%in_buf_load_13 = load i7 %in_buf_addr_13" [/home/luka/Scripting/ELEC_498-Capstone-LiteLM/HLS-Verilog/Transformer_logic/src-hls/../../top_params.hpp:581->/home/luka/Scripting/ELEC_498-Capstone-LiteLM/HLS-Verilog/Transformer_logic/src-hls/headed_compute_controller.cpp:612]   --->   Operation 25 'load' 'in_buf_load_13' <Predicate = (!icmp_ln610)> <Delay = 0.67> <CoreInst = "RAM">   --->   Core 82 'RAM' <Latency = 1> <II = 1> <Delay = 0.67> <Storage> <Opcode : 'load' 'store'> <Ports = 2> <Width = 8> <Depth = 80> <RAM>
ST_2 : Operation 26 [1/1] (0.00ns)   --->   "%or_ln582_1 = bitconcatenate i6 @_ssdm_op_BitConcatenate.i6.i4.i2, i4 %trunc_ln612, i2 2" [/home/luka/Scripting/ELEC_498-Capstone-LiteLM/HLS-Verilog/Transformer_logic/src-hls/../../top_params.hpp:582->/home/luka/Scripting/ELEC_498-Capstone-LiteLM/HLS-Verilog/Transformer_logic/src-hls/headed_compute_controller.cpp:612]   --->   Operation 26 'bitconcatenate' 'or_ln582_1' <Predicate = (!icmp_ln610)> <Delay = 0.00>
ST_2 : Operation 27 [1/1] (0.00ns)   --->   "%zext_ln582 = zext i6 %or_ln582_1" [/home/luka/Scripting/ELEC_498-Capstone-LiteLM/HLS-Verilog/Transformer_logic/src-hls/../../top_params.hpp:582->/home/luka/Scripting/ELEC_498-Capstone-LiteLM/HLS-Verilog/Transformer_logic/src-hls/headed_compute_controller.cpp:612]   --->   Operation 27 'zext' 'zext_ln582' <Predicate = (!icmp_ln610)> <Delay = 0.00>
ST_2 : Operation 28 [1/1] (0.00ns)   --->   "%in_buf_addr_14 = getelementptr i8 %in_buf, i64 0, i64 %zext_ln582" [/home/luka/Scripting/ELEC_498-Capstone-LiteLM/HLS-Verilog/Transformer_logic/src-hls/../../top_params.hpp:582->/home/luka/Scripting/ELEC_498-Capstone-LiteLM/HLS-Verilog/Transformer_logic/src-hls/headed_compute_controller.cpp:612]   --->   Operation 28 'getelementptr' 'in_buf_addr_14' <Predicate = (!icmp_ln610)> <Delay = 0.00>
ST_2 : Operation 29 [2/2] (0.67ns)   --->   "%in_buf_load_14 = load i7 %in_buf_addr_14" [/home/luka/Scripting/ELEC_498-Capstone-LiteLM/HLS-Verilog/Transformer_logic/src-hls/../../top_params.hpp:582->/home/luka/Scripting/ELEC_498-Capstone-LiteLM/HLS-Verilog/Transformer_logic/src-hls/headed_compute_controller.cpp:612]   --->   Operation 29 'load' 'in_buf_load_14' <Predicate = (!icmp_ln610)> <Delay = 0.67> <CoreInst = "RAM">   --->   Core 82 'RAM' <Latency = 1> <II = 1> <Delay = 0.67> <Storage> <Opcode : 'load' 'store'> <Ports = 2> <Width = 8> <Depth = 80> <RAM>
ST_2 : Operation 30 [1/1] (0.00ns)   --->   "%or_ln583_1 = bitconcatenate i6 @_ssdm_op_BitConcatenate.i6.i4.i2, i4 %trunc_ln612, i2 3" [/home/luka/Scripting/ELEC_498-Capstone-LiteLM/HLS-Verilog/Transformer_logic/src-hls/../../top_params.hpp:583->/home/luka/Scripting/ELEC_498-Capstone-LiteLM/HLS-Verilog/Transformer_logic/src-hls/headed_compute_controller.cpp:612]   --->   Operation 30 'bitconcatenate' 'or_ln583_1' <Predicate = (!icmp_ln610)> <Delay = 0.00>
ST_2 : Operation 31 [1/1] (0.00ns)   --->   "%zext_ln583 = zext i6 %or_ln583_1" [/home/luka/Scripting/ELEC_498-Capstone-LiteLM/HLS-Verilog/Transformer_logic/src-hls/../../top_params.hpp:583->/home/luka/Scripting/ELEC_498-Capstone-LiteLM/HLS-Verilog/Transformer_logic/src-hls/headed_compute_controller.cpp:612]   --->   Operation 31 'zext' 'zext_ln583' <Predicate = (!icmp_ln610)> <Delay = 0.00>
ST_2 : Operation 32 [1/1] (0.00ns)   --->   "%in_buf_addr_15 = getelementptr i8 %in_buf, i64 0, i64 %zext_ln583" [/home/luka/Scripting/ELEC_498-Capstone-LiteLM/HLS-Verilog/Transformer_logic/src-hls/../../top_params.hpp:583->/home/luka/Scripting/ELEC_498-Capstone-LiteLM/HLS-Verilog/Transformer_logic/src-hls/headed_compute_controller.cpp:612]   --->   Operation 32 'getelementptr' 'in_buf_addr_15' <Predicate = (!icmp_ln610)> <Delay = 0.00>
ST_2 : Operation 33 [2/2] (0.67ns)   --->   "%in_buf_load_15 = load i7 %in_buf_addr_15" [/home/luka/Scripting/ELEC_498-Capstone-LiteLM/HLS-Verilog/Transformer_logic/src-hls/../../top_params.hpp:583->/home/luka/Scripting/ELEC_498-Capstone-LiteLM/HLS-Verilog/Transformer_logic/src-hls/headed_compute_controller.cpp:612]   --->   Operation 33 'load' 'in_buf_load_15' <Predicate = (!icmp_ln610)> <Delay = 0.67> <CoreInst = "RAM">   --->   Core 82 'RAM' <Latency = 1> <II = 1> <Delay = 0.67> <Storage> <Opcode : 'load' 'store'> <Ports = 2> <Width = 8> <Depth = 80> <RAM>

State 3 <SV = 2> <Delay = 1.35>
ST_3 : Operation 34 [1/1] (0.00ns)   --->   "%zext_ln610 = zext i5 %t_4" [/home/luka/Scripting/ELEC_498-Capstone-LiteLM/HLS-Verilog/Transformer_logic/src-hls/headed_compute_controller.cpp:610]   --->   Operation 34 'zext' 'zext_ln610' <Predicate = true> <Delay = 0.00>
ST_3 : Operation 35 [1/1] (0.00ns)   --->   "%specpipeline_ln611 = specpipeline void @_ssdm_op_SpecPipeline, i32 1, i32 0, i32 0, i32 0, void @empty_0" [/home/luka/Scripting/ELEC_498-Capstone-LiteLM/HLS-Verilog/Transformer_logic/src-hls/headed_compute_controller.cpp:611]   --->   Operation 35 'specpipeline' 'specpipeline_ln611' <Predicate = true> <Delay = 0.00>
ST_3 : Operation 36 [1/1] (0.00ns)   --->   "%speclooptripcount_ln610 = speclooptripcount void @_ssdm_op_SpecLoopTripCount, i64 16, i64 16, i64 16" [/home/luka/Scripting/ELEC_498-Capstone-LiteLM/HLS-Verilog/Transformer_logic/src-hls/headed_compute_controller.cpp:610]   --->   Operation 36 'speclooptripcount' 'speclooptripcount_ln610' <Predicate = true> <Delay = 0.00>
ST_3 : Operation 37 [1/1] (0.00ns)   --->   "%specloopname_ln610 = specloopname void @_ssdm_op_SpecLoopName, void @empty_26" [/home/luka/Scripting/ELEC_498-Capstone-LiteLM/HLS-Verilog/Transformer_logic/src-hls/headed_compute_controller.cpp:610]   --->   Operation 37 'specloopname' 'specloopname_ln610' <Predicate = true> <Delay = 0.00>
ST_3 : Operation 38 [1/2] ( I:0.67ns O:0.67ns )   --->   "%in_buf_load_14 = load i7 %in_buf_addr_14" [/home/luka/Scripting/ELEC_498-Capstone-LiteLM/HLS-Verilog/Transformer_logic/src-hls/../../top_params.hpp:582->/home/luka/Scripting/ELEC_498-Capstone-LiteLM/HLS-Verilog/Transformer_logic/src-hls/headed_compute_controller.cpp:612]   --->   Operation 38 'load' 'in_buf_load_14' <Predicate = true> <Delay = 0.67> <CoreInst = "RAM">   --->   Core 82 'RAM' <Latency = 1> <II = 1> <Delay = 0.67> <Storage> <Opcode : 'load' 'store'> <Ports = 2> <Width = 8> <Depth = 80> <RAM>
ST_3 : Operation 39 [1/2] ( I:0.67ns O:0.67ns )   --->   "%in_buf_load_15 = load i7 %in_buf_addr_15" [/home/luka/Scripting/ELEC_498-Capstone-LiteLM/HLS-Verilog/Transformer_logic/src-hls/../../top_params.hpp:583->/home/luka/Scripting/ELEC_498-Capstone-LiteLM/HLS-Verilog/Transformer_logic/src-hls/headed_compute_controller.cpp:612]   --->   Operation 39 'load' 'in_buf_load_15' <Predicate = true> <Delay = 0.67> <CoreInst = "RAM">   --->   Core 82 'RAM' <Latency = 1> <II = 1> <Delay = 0.67> <Storage> <Opcode : 'load' 'store'> <Ports = 2> <Width = 8> <Depth = 80> <RAM>
ST_3 : Operation 40 [1/1] (0.00ns)   --->   "%v = bitconcatenate i32 @_ssdm_op_BitConcatenate.i32.i8.i8.i8.i8, i8 %in_buf_load_15, i8 %in_buf_load_14, i8 %in_buf_load_13, i8 %in_buf_load_12" [/home/luka/Scripting/ELEC_498-Capstone-LiteLM/HLS-Verilog/Transformer_logic/src-hls/../../top_params.hpp:584->/home/luka/Scripting/ELEC_498-Capstone-LiteLM/HLS-Verilog/Transformer_logic/src-hls/headed_compute_controller.cpp:612]   --->   Operation 40 'bitconcatenate' 'v' <Predicate = true> <Delay = 0.00>
ST_3 : Operation 41 [1/1] (0.00ns)   --->   "%val_in_addr = getelementptr i32 %val_in, i64 0, i64 %zext_ln610" [/home/luka/Scripting/ELEC_498-Capstone-LiteLM/HLS-Verilog/Transformer_logic/src-hls/headed_compute_controller.cpp:612]   --->   Operation 41 'getelementptr' 'val_in_addr' <Predicate = true> <Delay = 0.00>
ST_3 : Operation 42 [1/1] ( I:0.67ns O:0.67ns )   --->   "%store_ln612 = store i32 %v, i4 %val_in_addr" [/home/luka/Scripting/ELEC_498-Capstone-LiteLM/HLS-Verilog/Transformer_logic/src-hls/headed_compute_controller.cpp:612]   --->   Operation 42 'store' 'store_ln612' <Predicate = true> <Delay = 0.67> <CoreInst = "RAM">   --->   Core 82 'RAM' <Latency = 1> <II = 1> <Delay = 0.67> <Storage> <Opcode : 'load' 'store'> <Ports = 2> <Width = 32> <Depth = 16> <RAM>
ST_3 : Operation 43 [1/1] (0.00ns)   --->   "%br_ln610 = br void %for.inc358" [/home/luka/Scripting/ELEC_498-Capstone-LiteLM/HLS-Verilog/Transformer_logic/src-hls/headed_compute_controller.cpp:610]   --->   Operation 43 'br' 'br_ln610' <Predicate = true> <Delay = 0.00>


============================================================
+ Verbose Summary: Timing violations
============================================================
Target clock period: 10.000ns, clock uncertainty: 2.700ns.

 <State 1>: 1.643ns
The critical path consists of the following:
	'store' operation 0 bit ('store_ln610', /home/luka/Scripting/ELEC_498-Capstone-LiteLM/HLS-Verilog/Transformer_logic/src-hls/headed_compute_controller.cpp:610) of constant 0 on local variable 't', /home/luka/Scripting/ELEC_498-Capstone-LiteLM/HLS-Verilog/Transformer_logic/src-hls/headed_compute_controller.cpp:610 [5]  (0.427 ns)
	'load' operation 5 bit ('t', /home/luka/Scripting/ELEC_498-Capstone-LiteLM/HLS-Verilog/Transformer_logic/src-hls/headed_compute_controller.cpp:610) on local variable 't', /home/luka/Scripting/ELEC_498-Capstone-LiteLM/HLS-Verilog/Transformer_logic/src-hls/headed_compute_controller.cpp:610 [8]  (0.000 ns)
	'add' operation 5 bit ('add_ln610', /home/luka/Scripting/ELEC_498-Capstone-LiteLM/HLS-Verilog/Transformer_logic/src-hls/headed_compute_controller.cpp:610) [10]  (0.789 ns)
	'store' operation 0 bit ('store_ln610', /home/luka/Scripting/ELEC_498-Capstone-LiteLM/HLS-Verilog/Transformer_logic/src-hls/headed_compute_controller.cpp:610) of variable 'add_ln610', /home/luka/Scripting/ELEC_498-Capstone-LiteLM/HLS-Verilog/Transformer_logic/src-hls/headed_compute_controller.cpp:610 on local variable 't', /home/luka/Scripting/ELEC_498-Capstone-LiteLM/HLS-Verilog/Transformer_logic/src-hls/headed_compute_controller.cpp:610 [37]  (0.427 ns)

 <State 2>: 0.677ns
The critical path consists of the following:
	'load' operation 8 bit ('in_buf_load_12', /home/luka/Scripting/ELEC_498-Capstone-LiteLM/HLS-Verilog/Transformer_logic/src-hls/../../top_params.hpp:580->/home/luka/Scripting/ELEC_498-Capstone-LiteLM/HLS-Verilog/Transformer_logic/src-hls/headed_compute_controller.cpp:612) on array 'in_buf' [21]  (0.677 ns)

 <State 3>: 1.354ns
The critical path consists of the following:
	'load' operation 8 bit ('in_buf_load_14', /home/luka/Scripting/ELEC_498-Capstone-LiteLM/HLS-Verilog/Transformer_logic/src-hls/../../top_params.hpp:582->/home/luka/Scripting/ELEC_498-Capstone-LiteLM/HLS-Verilog/Transformer_logic/src-hls/headed_compute_controller.cpp:612) on array 'in_buf' [29]  (0.677 ns)
	'store' operation 0 bit ('store_ln612', /home/luka/Scripting/ELEC_498-Capstone-LiteLM/HLS-Verilog/Transformer_logic/src-hls/headed_compute_controller.cpp:612) of variable 'v', /home/luka/Scripting/ELEC_498-Capstone-LiteLM/HLS-Verilog/Transformer_logic/src-hls/../../top_params.hpp:584->/home/luka/Scripting/ELEC_498-Capstone-LiteLM/HLS-Verilog/Transformer_logic/src-hls/headed_compute_controller.cpp:612 on array 'val_in' [36]  (0.677 ns)


============================================================
+ Verbose Summary: Binding
============================================================
N/A
* FSMD analyzer results:
  - Output states:
 - Input state : 
  - Chain level:
	State 1
	State 2
	State 3


============================================================
+ Verbose Summary: Datapath Resource usage 
============================================================
N/A
