

================================================================
== Vitis HLS Report for 'headed_compute_controller_Pipeline_VITIS_LOOP_506_9'
================================================================
* Date:           Tue Feb  3 14:27:10 2026

* Version:        2025.1 (Build 6135595 on May 21 2025)
* Project:        headed_compute_controller
* Solution:       hls (Vivado IP Flow Target)
* Product family: zynquplus
* Target device:  xck26-sfvc784-2LV-c


================================================================
== Performance Estimates
================================================================
+ Timing: 
    * Summary: 
    +--------+----------+----------+------------+
    |  Clock |  Target  | Estimated| Uncertainty|
    +--------+----------+----------+------------+
    |ap_clk  |  10.00 ns|  1.901 ns|     2.70 ns|
    +--------+----------+----------+------------+

+ Latency: 
    * Summary: 
    +---------+---------+----------+----------+-----+-----+------------------------------------------------+
    |  Latency (cycles) |  Latency (absolute) |  Interval |                    Pipeline                    |
    |   min   |   max   |    min   |    max   | min | max |                      Type                      |
    +---------+---------+----------+----------+-----+-----+------------------------------------------------+
    |      258|      258|  2.580 us|  2.580 us|  257|  257|  loop auto-rewind stp (delay=0 clock cycles(s))|
    +---------+---------+----------+----------+-----+-----+------------------------------------------------+

    + Detail: 
        * Instance: 
        N/A

        * Loop: 
        +--------------------+---------+---------+----------+-----------+-----------+------+----------+
        |                    |  Latency (cycles) | Iteration|  Initiation Interval  | Trip |          |
        |      Loop Name     |   min   |   max   |  Latency |  achieved |   target  | Count| Pipelined|
        +--------------------+---------+---------+----------+-----------+-----------+------+----------+
        |- VITIS_LOOP_506_9  |      256|      256|         1|          1|          1|   256|       yes|
        +--------------------+---------+---------+----------+-----------+-----------+------+----------+

============================================================
+ Verbose Summary: Synthesis Manager
============================================================
InlineROM: 1
ExposeGlobal: 0
============================================================
+ Verbose Summary: CDFG Model
============================================================
IsTopModel: 0
ResetActiveHigh: 1
IsCombinational: 0
IsDatapathOnly: 0
HasWiredReturn: 1
HasMFsm: 2
HasVarLatency: 1
IsPipeline: 0
IsRtlPipelined: 0
IsInstanceOverlapped: 0
IsDontTouch: 0
HasImplIP: 0
IsGatedGlobalClock: 0

+ Individual pipeline summary: 
  * Pipeline-0: initiation interval (II) = 1, depth = 1


============================================================
+ Verbose Summary: Schedule
============================================================
* Number of FSM states : 1
* Pipeline : 1
  Pipeline-0 : II = 1, D = 1, States = { 1 }
* Dataflow Pipeline: 0

* FSM state transitions: 
1 --> 

* FSM state operations: 

State 1 <SV = 0> <Delay = 1.90>
ST_1 : Operation 4 [1/1] (0.00ns)   --->   "%i = alloca i32 1" [/home/luka/Scripting/ELEC_498-Capstone-LiteLM/HLS-Verilog/Transformer_logic/src-hls/headed_compute_controller.cpp:506]   --->   Operation 4 'alloca' 'i' <Predicate = true> <Delay = 0.00>
ST_1 : Operation 5 [1/1] (0.42ns)   --->   "%store_ln506 = store i9 0, i9 %i" [/home/luka/Scripting/ELEC_498-Capstone-LiteLM/HLS-Verilog/Transformer_logic/src-hls/headed_compute_controller.cpp:506]   --->   Operation 5 'store' 'store_ln506' <Predicate = true> <Delay = 0.42>
ST_1 : Operation 6 [1/1] (0.00ns)   --->   "%br_ln0 = br void %for.inc168"   --->   Operation 6 'br' 'br_ln0' <Predicate = true> <Delay = 0.00>
ST_1 : Operation 7 [1/1] (0.00ns)   --->   "%i_4 = load i9 %i" [/home/luka/Scripting/ELEC_498-Capstone-LiteLM/HLS-Verilog/Transformer_logic/src-hls/headed_compute_controller.cpp:506]   --->   Operation 7 'load' 'i_4' <Predicate = true> <Delay = 0.00>
ST_1 : Operation 8 [1/1] (0.77ns)   --->   "%icmp_ln506 = icmp_eq  i9 %i_4, i9 256" [/home/luka/Scripting/ELEC_498-Capstone-LiteLM/HLS-Verilog/Transformer_logic/src-hls/headed_compute_controller.cpp:506]   --->   Operation 8 'icmp' 'icmp_ln506' <Predicate = true> <Delay = 0.77> <CoreInst = "Cmp">   --->   Core 9 'Cmp' <Latency = 0> <II = 1> <Delay = 0.77> <FuncUnit> <Opcode : 'seteq' 'setne' 'setle' 'setge' 'setlt' 'setgt'> <InPorts = 2> <OutPorts = 1>
ST_1 : Operation 9 [1/1] (0.77ns)   --->   "%add_ln506 = add i9 %i_4, i9 1" [/home/luka/Scripting/ELEC_498-Capstone-LiteLM/HLS-Verilog/Transformer_logic/src-hls/headed_compute_controller.cpp:506]   --->   Operation 9 'add' 'add_ln506' <Predicate = true> <Delay = 0.77> <CoreInst = "Adder">   --->   Core 1 'Adder' <Latency = 0> <II = 1> <Delay = 0.77> <FuncUnit> <Opcode : 'add' 'sub'> <InPorts = 2> <OutPorts = 1>
ST_1 : Operation 10 [1/1] (0.00ns)   --->   "%br_ln506 = br i1 %icmp_ln506, void %for.inc168.split, void %VITIS_LOOP_512_11.preheader.exitStub" [/home/luka/Scripting/ELEC_498-Capstone-LiteLM/HLS-Verilog/Transformer_logic/src-hls/headed_compute_controller.cpp:506]   --->   Operation 10 'br' 'br_ln506' <Predicate = true> <Delay = 0.00>
ST_1 : Operation 11 [1/1] (0.00ns)   --->   "%trunc_ln506 = trunc i9 %i_4" [/home/luka/Scripting/ELEC_498-Capstone-LiteLM/HLS-Verilog/Transformer_logic/src-hls/headed_compute_controller.cpp:506]   --->   Operation 11 'trunc' 'trunc_ln506' <Predicate = (!icmp_ln506)> <Delay = 0.00>
ST_1 : Operation 12 [1/1] (0.00ns)   --->   "%specpipeline_ln507 = specpipeline void @_ssdm_op_SpecPipeline, i32 1, i32 0, i32 0, i32 0, void @empty_0" [/home/luka/Scripting/ELEC_498-Capstone-LiteLM/HLS-Verilog/Transformer_logic/src-hls/headed_compute_controller.cpp:507]   --->   Operation 12 'specpipeline' 'specpipeline_ln507' <Predicate = (!icmp_ln506)> <Delay = 0.00>
ST_1 : Operation 13 [1/1] (0.00ns)   --->   "%speclooptripcount_ln506 = speclooptripcount void @_ssdm_op_SpecLoopTripCount, i64 256, i64 256, i64 256" [/home/luka/Scripting/ELEC_498-Capstone-LiteLM/HLS-Verilog/Transformer_logic/src-hls/headed_compute_controller.cpp:506]   --->   Operation 13 'speclooptripcount' 'speclooptripcount_ln506' <Predicate = (!icmp_ln506)> <Delay = 0.00>
ST_1 : Operation 14 [1/1] (0.00ns)   --->   "%specloopname_ln506 = specloopname void @_ssdm_op_SpecLoopName, void @empty_3" [/home/luka/Scripting/ELEC_498-Capstone-LiteLM/HLS-Verilog/Transformer_logic/src-hls/headed_compute_controller.cpp:506]   --->   Operation 14 'specloopname' 'specloopname_ln506' <Predicate = (!icmp_ln506)> <Delay = 0.00>
ST_1 : Operation 15 [1/1] (0.00ns)   --->   "%lshr_ln = partselect i4 @_ssdm_op_PartSelect.i4.i9.i32.i32, i9 %i_4, i32 4, i32 7" [/home/luka/Scripting/ELEC_498-Capstone-LiteLM/HLS-Verilog/Transformer_logic/src-hls/headed_compute_controller.cpp:506]   --->   Operation 15 'partselect' 'lshr_ln' <Predicate = (!icmp_ln506)> <Delay = 0.00>
ST_1 : Operation 16 [1/1] (0.00ns)   --->   "%zext_ln506 = zext i4 %lshr_ln" [/home/luka/Scripting/ELEC_498-Capstone-LiteLM/HLS-Verilog/Transformer_logic/src-hls/headed_compute_controller.cpp:506]   --->   Operation 16 'zext' 'zext_ln506' <Predicate = (!icmp_ln506)> <Delay = 0.00>
ST_1 : Operation 17 [1/1] (0.00ns)   --->   "%headed_compute_controller_bool_bool_unsigned_int_bool_bool_bool_bool_b_100 = getelementptr i8 %headed_compute_controller_bool_bool_unsigned_int_bool_bool_bool_bool_b_33, i64 0, i64 %zext_ln506" [/home/luka/Scripting/ELEC_498-Capstone-LiteLM/HLS-Verilog/Transformer_logic/src-hls/headed_compute_controller.cpp:508]   --->   Operation 17 'getelementptr' 'headed_compute_controller_bool_bool_unsigned_int_bool_bool_bool_bool_b_100' <Predicate = (!icmp_ln506)> <Delay = 0.00>
ST_1 : Operation 18 [1/1] (0.00ns)   --->   "%headed_compute_controller_bool_bool_unsigned_int_bool_bool_bool_bool_b_101 = getelementptr i8 %headed_compute_controller_bool_bool_unsigned_int_bool_bool_bool_bool_b_32, i64 0, i64 %zext_ln506" [/home/luka/Scripting/ELEC_498-Capstone-LiteLM/HLS-Verilog/Transformer_logic/src-hls/headed_compute_controller.cpp:508]   --->   Operation 18 'getelementptr' 'headed_compute_controller_bool_bool_unsigned_int_bool_bool_bool_bool_b_101' <Predicate = (!icmp_ln506)> <Delay = 0.00>
ST_1 : Operation 19 [1/1] (0.00ns)   --->   "%headed_compute_controller_bool_bool_unsigned_int_bool_bool_bool_bool_b_102 = getelementptr i8 %headed_compute_controller_bool_bool_unsigned_int_bool_bool_bool_bool_b_31, i64 0, i64 %zext_ln506" [/home/luka/Scripting/ELEC_498-Capstone-LiteLM/HLS-Verilog/Transformer_logic/src-hls/headed_compute_controller.cpp:508]   --->   Operation 19 'getelementptr' 'headed_compute_controller_bool_bool_unsigned_int_bool_bool_bool_bool_b_102' <Predicate = (!icmp_ln506)> <Delay = 0.00>
ST_1 : Operation 20 [1/1] (0.00ns)   --->   "%headed_compute_controller_bool_bool_unsigned_int_bool_bool_bool_bool_b_103 = getelementptr i8 %headed_compute_controller_bool_bool_unsigned_int_bool_bool_bool_bool_b_30, i64 0, i64 %zext_ln506" [/home/luka/Scripting/ELEC_498-Capstone-LiteLM/HLS-Verilog/Transformer_logic/src-hls/headed_compute_controller.cpp:508]   --->   Operation 20 'getelementptr' 'headed_compute_controller_bool_bool_unsigned_int_bool_bool_bool_bool_b_103' <Predicate = (!icmp_ln506)> <Delay = 0.00>
ST_1 : Operation 21 [1/1] (0.00ns)   --->   "%headed_compute_controller_bool_bool_unsigned_int_bool_bool_bool_bool_b_104 = getelementptr i8 %headed_compute_controller_bool_bool_unsigned_int_bool_bool_bool_bool_b_29, i64 0, i64 %zext_ln506" [/home/luka/Scripting/ELEC_498-Capstone-LiteLM/HLS-Verilog/Transformer_logic/src-hls/headed_compute_controller.cpp:508]   --->   Operation 21 'getelementptr' 'headed_compute_controller_bool_bool_unsigned_int_bool_bool_bool_bool_b_104' <Predicate = (!icmp_ln506)> <Delay = 0.00>
ST_1 : Operation 22 [1/1] (0.00ns)   --->   "%headed_compute_controller_bool_bool_unsigned_int_bool_bool_bool_bool_b_105 = getelementptr i8 %headed_compute_controller_bool_bool_unsigned_int_bool_bool_bool_bool_b_28, i64 0, i64 %zext_ln506" [/home/luka/Scripting/ELEC_498-Capstone-LiteLM/HLS-Verilog/Transformer_logic/src-hls/headed_compute_controller.cpp:508]   --->   Operation 22 'getelementptr' 'headed_compute_controller_bool_bool_unsigned_int_bool_bool_bool_bool_b_105' <Predicate = (!icmp_ln506)> <Delay = 0.00>
ST_1 : Operation 23 [1/1] (0.00ns)   --->   "%headed_compute_controller_bool_bool_unsigned_int_bool_bool_bool_bool_b_106 = getelementptr i8 %headed_compute_controller_bool_bool_unsigned_int_bool_bool_bool_bool_b_27, i64 0, i64 %zext_ln506" [/home/luka/Scripting/ELEC_498-Capstone-LiteLM/HLS-Verilog/Transformer_logic/src-hls/headed_compute_controller.cpp:508]   --->   Operation 23 'getelementptr' 'headed_compute_controller_bool_bool_unsigned_int_bool_bool_bool_bool_b_106' <Predicate = (!icmp_ln506)> <Delay = 0.00>
ST_1 : Operation 24 [1/1] (0.00ns)   --->   "%headed_compute_controller_bool_bool_unsigned_int_bool_bool_bool_bool_b_107 = getelementptr i8 %headed_compute_controller_bool_bool_unsigned_int_bool_bool_bool_bool_b_26, i64 0, i64 %zext_ln506" [/home/luka/Scripting/ELEC_498-Capstone-LiteLM/HLS-Verilog/Transformer_logic/src-hls/headed_compute_controller.cpp:508]   --->   Operation 24 'getelementptr' 'headed_compute_controller_bool_bool_unsigned_int_bool_bool_bool_bool_b_107' <Predicate = (!icmp_ln506)> <Delay = 0.00>
ST_1 : Operation 25 [1/1] (0.00ns)   --->   "%headed_compute_controller_bool_bool_unsigned_int_bool_bool_bool_bool_b_108 = getelementptr i8 %headed_compute_controller_bool_bool_unsigned_int_bool_bool_bool_bool_b_25, i64 0, i64 %zext_ln506" [/home/luka/Scripting/ELEC_498-Capstone-LiteLM/HLS-Verilog/Transformer_logic/src-hls/headed_compute_controller.cpp:508]   --->   Operation 25 'getelementptr' 'headed_compute_controller_bool_bool_unsigned_int_bool_bool_bool_bool_b_108' <Predicate = (!icmp_ln506)> <Delay = 0.00>
ST_1 : Operation 26 [1/1] (0.00ns)   --->   "%headed_compute_controller_bool_bool_unsigned_int_bool_bool_bool_bool_b_109 = getelementptr i8 %headed_compute_controller_bool_bool_unsigned_int_bool_bool_bool_bool_b_24, i64 0, i64 %zext_ln506" [/home/luka/Scripting/ELEC_498-Capstone-LiteLM/HLS-Verilog/Transformer_logic/src-hls/headed_compute_controller.cpp:508]   --->   Operation 26 'getelementptr' 'headed_compute_controller_bool_bool_unsigned_int_bool_bool_bool_bool_b_109' <Predicate = (!icmp_ln506)> <Delay = 0.00>
ST_1 : Operation 27 [1/1] (0.00ns)   --->   "%p_ZZ25headed_compute_controllerbbjRbS_bS_S_RjPKhPhR12ComputeStateS0_RhS6_S6_S6_S_48 = getelementptr i8 %p_ZZ25headed_compute_controllerbbjRbS_bS_S_RjPKhPhR12ComputeStateS0_RhS6_S6_S6_S_17, i64 0, i64 %zext_ln506" [/home/luka/Scripting/ELEC_498-Capstone-LiteLM/HLS-Verilog/Transformer_logic/src-hls/headed_compute_controller.cpp:508]   --->   Operation 27 'getelementptr' 'p_ZZ25headed_compute_controllerbbjRbS_bS_S_RjPKhPhR12ComputeStateS0_RhS6_S6_S6_S_48' <Predicate = (!icmp_ln506)> <Delay = 0.00>
ST_1 : Operation 28 [1/1] (0.00ns)   --->   "%p_ZZ25headed_compute_controllerbbjRbS_bS_S_RjPKhPhR12ComputeStateS0_RhS6_S6_S6_S_49 = getelementptr i8 %p_ZZ25headed_compute_controllerbbjRbS_bS_S_RjPKhPhR12ComputeStateS0_RhS6_S6_S6_S_16, i64 0, i64 %zext_ln506" [/home/luka/Scripting/ELEC_498-Capstone-LiteLM/HLS-Verilog/Transformer_logic/src-hls/headed_compute_controller.cpp:508]   --->   Operation 28 'getelementptr' 'p_ZZ25headed_compute_controllerbbjRbS_bS_S_RjPKhPhR12ComputeStateS0_RhS6_S6_S6_S_49' <Predicate = (!icmp_ln506)> <Delay = 0.00>
ST_1 : Operation 29 [1/1] (0.00ns)   --->   "%p_ZZ25headed_compute_controllerbbjRbS_bS_S_RjPKhPhR12ComputeStateS0_RhS6_S6_S6_S_50 = getelementptr i8 %p_ZZ25headed_compute_controllerbbjRbS_bS_S_RjPKhPhR12ComputeStateS0_RhS6_S6_S6_S_15, i64 0, i64 %zext_ln506" [/home/luka/Scripting/ELEC_498-Capstone-LiteLM/HLS-Verilog/Transformer_logic/src-hls/headed_compute_controller.cpp:508]   --->   Operation 29 'getelementptr' 'p_ZZ25headed_compute_controllerbbjRbS_bS_S_RjPKhPhR12ComputeStateS0_RhS6_S6_S6_S_50' <Predicate = (!icmp_ln506)> <Delay = 0.00>
ST_1 : Operation 30 [1/1] (0.00ns)   --->   "%p_ZZ25headed_compute_controllerbbjRbS_bS_S_RjPKhPhR12ComputeStateS0_RhS6_S6_S6_S_51 = getelementptr i8 %p_ZZ25headed_compute_controllerbbjRbS_bS_S_RjPKhPhR12ComputeStateS0_RhS6_S6_S6_S_14, i64 0, i64 %zext_ln506" [/home/luka/Scripting/ELEC_498-Capstone-LiteLM/HLS-Verilog/Transformer_logic/src-hls/headed_compute_controller.cpp:508]   --->   Operation 30 'getelementptr' 'p_ZZ25headed_compute_controllerbbjRbS_bS_S_RjPKhPhR12ComputeStateS0_RhS6_S6_S6_S_51' <Predicate = (!icmp_ln506)> <Delay = 0.00>
ST_1 : Operation 31 [1/1] (0.00ns)   --->   "%p_ZZ25headed_compute_controllerbbjRbS_bS_S_RjPKhPhR12ComputeStateS0_RhS6_S6_S6_S_52 = getelementptr i8 %p_ZZ25headed_compute_controllerbbjRbS_bS_S_RjPKhPhR12ComputeStateS0_RhS6_S6_S6_S_13, i64 0, i64 %zext_ln506" [/home/luka/Scripting/ELEC_498-Capstone-LiteLM/HLS-Verilog/Transformer_logic/src-hls/headed_compute_controller.cpp:508]   --->   Operation 31 'getelementptr' 'p_ZZ25headed_compute_controllerbbjRbS_bS_S_RjPKhPhR12ComputeStateS0_RhS6_S6_S6_S_52' <Predicate = (!icmp_ln506)> <Delay = 0.00>
ST_1 : Operation 32 [1/1] (0.00ns)   --->   "%p_ZZ25headed_compute_controllerbbjRbS_bS_S_RjPKhPhR12ComputeStateS0_RhS6_S6_S6_S_53 = getelementptr i8 %p_ZZ25headed_compute_controllerbbjRbS_bS_S_RjPKhPhR12ComputeStateS0_RhS6_S6_S6_S_12, i64 0, i64 %zext_ln506" [/home/luka/Scripting/ELEC_498-Capstone-LiteLM/HLS-Verilog/Transformer_logic/src-hls/headed_compute_controller.cpp:508]   --->   Operation 32 'getelementptr' 'p_ZZ25headed_compute_controllerbbjRbS_bS_S_RjPKhPhR12ComputeStateS0_RhS6_S6_S6_S_53' <Predicate = (!icmp_ln506)> <Delay = 0.00>
ST_1 : Operation 33 [1/1] (0.79ns)   --->   "%switch_ln508 = switch i4 %trunc_ln506, void %arrayidx167.case.15, i4 0, void %arrayidx167.case.0, i4 1, void %arrayidx167.case.1, i4 2, void %arrayidx167.case.2, i4 3, void %arrayidx167.case.3, i4 4, void %arrayidx167.case.4, i4 5, void %arrayidx167.case.5, i4 6, void %arrayidx167.case.6, i4 7, void %arrayidx167.case.7, i4 8, void %arrayidx167.case.8, i4 9, void %arrayidx167.case.9, i4 10, void %arrayidx167.case.10, i4 11, void %arrayidx167.case.11, i4 12, void %arrayidx167.case.12, i4 13, void %arrayidx167.case.13, i4 14, void %arrayidx167.case.14" [/home/luka/Scripting/ELEC_498-Capstone-LiteLM/HLS-Verilog/Transformer_logic/src-hls/headed_compute_controller.cpp:508]   --->   Operation 33 'switch' 'switch_ln508' <Predicate = (!icmp_ln506)> <Delay = 0.79>
ST_1 : Operation 34 [1/1] ( I:0.67ns O:0.67ns )   --->   "%store_ln508 = store i8 0, i4 %p_ZZ25headed_compute_controllerbbjRbS_bS_S_RjPKhPhR12ComputeStateS0_RhS6_S6_S6_S_52" [/home/luka/Scripting/ELEC_498-Capstone-LiteLM/HLS-Verilog/Transformer_logic/src-hls/headed_compute_controller.cpp:508]   --->   Operation 34 'store' 'store_ln508' <Predicate = (!icmp_ln506 & trunc_ln506 == 14)> <Delay = 0.67> <CoreInst = "RAM">   --->   Core 82 'RAM' <Latency = 1> <II = 1> <Delay = 0.67> <Storage> <Opcode : 'load' 'store'> <Ports = 2> <Width = 8> <Depth = 16> <RAM>
ST_1 : Operation 35 [1/1] (0.00ns)   --->   "%br_ln508 = br void %arrayidx167.exit" [/home/luka/Scripting/ELEC_498-Capstone-LiteLM/HLS-Verilog/Transformer_logic/src-hls/headed_compute_controller.cpp:508]   --->   Operation 35 'br' 'br_ln508' <Predicate = (!icmp_ln506 & trunc_ln506 == 14)> <Delay = 0.00>
ST_1 : Operation 36 [1/1] ( I:0.67ns O:0.67ns )   --->   "%store_ln508 = store i8 0, i4 %p_ZZ25headed_compute_controllerbbjRbS_bS_S_RjPKhPhR12ComputeStateS0_RhS6_S6_S6_S_51" [/home/luka/Scripting/ELEC_498-Capstone-LiteLM/HLS-Verilog/Transformer_logic/src-hls/headed_compute_controller.cpp:508]   --->   Operation 36 'store' 'store_ln508' <Predicate = (!icmp_ln506 & trunc_ln506 == 13)> <Delay = 0.67> <CoreInst = "RAM">   --->   Core 82 'RAM' <Latency = 1> <II = 1> <Delay = 0.67> <Storage> <Opcode : 'load' 'store'> <Ports = 2> <Width = 8> <Depth = 16> <RAM>
ST_1 : Operation 37 [1/1] (0.00ns)   --->   "%br_ln508 = br void %arrayidx167.exit" [/home/luka/Scripting/ELEC_498-Capstone-LiteLM/HLS-Verilog/Transformer_logic/src-hls/headed_compute_controller.cpp:508]   --->   Operation 37 'br' 'br_ln508' <Predicate = (!icmp_ln506 & trunc_ln506 == 13)> <Delay = 0.00>
ST_1 : Operation 38 [1/1] ( I:0.67ns O:0.67ns )   --->   "%store_ln508 = store i8 0, i4 %p_ZZ25headed_compute_controllerbbjRbS_bS_S_RjPKhPhR12ComputeStateS0_RhS6_S6_S6_S_50" [/home/luka/Scripting/ELEC_498-Capstone-LiteLM/HLS-Verilog/Transformer_logic/src-hls/headed_compute_controller.cpp:508]   --->   Operation 38 'store' 'store_ln508' <Predicate = (!icmp_ln506 & trunc_ln506 == 12)> <Delay = 0.67> <CoreInst = "RAM">   --->   Core 82 'RAM' <Latency = 1> <II = 1> <Delay = 0.67> <Storage> <Opcode : 'load' 'store'> <Ports = 2> <Width = 8> <Depth = 16> <RAM>
ST_1 : Operation 39 [1/1] (0.00ns)   --->   "%br_ln508 = br void %arrayidx167.exit" [/home/luka/Scripting/ELEC_498-Capstone-LiteLM/HLS-Verilog/Transformer_logic/src-hls/headed_compute_controller.cpp:508]   --->   Operation 39 'br' 'br_ln508' <Predicate = (!icmp_ln506 & trunc_ln506 == 12)> <Delay = 0.00>
ST_1 : Operation 40 [1/1] ( I:0.67ns O:0.67ns )   --->   "%store_ln508 = store i8 0, i4 %p_ZZ25headed_compute_controllerbbjRbS_bS_S_RjPKhPhR12ComputeStateS0_RhS6_S6_S6_S_49" [/home/luka/Scripting/ELEC_498-Capstone-LiteLM/HLS-Verilog/Transformer_logic/src-hls/headed_compute_controller.cpp:508]   --->   Operation 40 'store' 'store_ln508' <Predicate = (!icmp_ln506 & trunc_ln506 == 11)> <Delay = 0.67> <CoreInst = "RAM">   --->   Core 82 'RAM' <Latency = 1> <II = 1> <Delay = 0.67> <Storage> <Opcode : 'load' 'store'> <Ports = 2> <Width = 8> <Depth = 16> <RAM>
ST_1 : Operation 41 [1/1] (0.00ns)   --->   "%br_ln508 = br void %arrayidx167.exit" [/home/luka/Scripting/ELEC_498-Capstone-LiteLM/HLS-Verilog/Transformer_logic/src-hls/headed_compute_controller.cpp:508]   --->   Operation 41 'br' 'br_ln508' <Predicate = (!icmp_ln506 & trunc_ln506 == 11)> <Delay = 0.00>
ST_1 : Operation 42 [1/1] ( I:0.67ns O:0.67ns )   --->   "%store_ln508 = store i8 0, i4 %p_ZZ25headed_compute_controllerbbjRbS_bS_S_RjPKhPhR12ComputeStateS0_RhS6_S6_S6_S_48" [/home/luka/Scripting/ELEC_498-Capstone-LiteLM/HLS-Verilog/Transformer_logic/src-hls/headed_compute_controller.cpp:508]   --->   Operation 42 'store' 'store_ln508' <Predicate = (!icmp_ln506 & trunc_ln506 == 10)> <Delay = 0.67> <CoreInst = "RAM">   --->   Core 82 'RAM' <Latency = 1> <II = 1> <Delay = 0.67> <Storage> <Opcode : 'load' 'store'> <Ports = 2> <Width = 8> <Depth = 16> <RAM>
ST_1 : Operation 43 [1/1] (0.00ns)   --->   "%br_ln508 = br void %arrayidx167.exit" [/home/luka/Scripting/ELEC_498-Capstone-LiteLM/HLS-Verilog/Transformer_logic/src-hls/headed_compute_controller.cpp:508]   --->   Operation 43 'br' 'br_ln508' <Predicate = (!icmp_ln506 & trunc_ln506 == 10)> <Delay = 0.00>
ST_1 : Operation 44 [1/1] ( I:0.67ns O:0.67ns )   --->   "%store_ln508 = store i8 0, i4 %headed_compute_controller_bool_bool_unsigned_int_bool_bool_bool_bool_b_109" [/home/luka/Scripting/ELEC_498-Capstone-LiteLM/HLS-Verilog/Transformer_logic/src-hls/headed_compute_controller.cpp:508]   --->   Operation 44 'store' 'store_ln508' <Predicate = (!icmp_ln506 & trunc_ln506 == 9)> <Delay = 0.67> <CoreInst = "RAM">   --->   Core 82 'RAM' <Latency = 1> <II = 1> <Delay = 0.67> <Storage> <Opcode : 'load' 'store'> <Ports = 2> <Width = 8> <Depth = 16> <RAM>
ST_1 : Operation 45 [1/1] (0.00ns)   --->   "%br_ln508 = br void %arrayidx167.exit" [/home/luka/Scripting/ELEC_498-Capstone-LiteLM/HLS-Verilog/Transformer_logic/src-hls/headed_compute_controller.cpp:508]   --->   Operation 45 'br' 'br_ln508' <Predicate = (!icmp_ln506 & trunc_ln506 == 9)> <Delay = 0.00>
ST_1 : Operation 46 [1/1] ( I:0.67ns O:0.67ns )   --->   "%store_ln508 = store i8 0, i4 %headed_compute_controller_bool_bool_unsigned_int_bool_bool_bool_bool_b_108" [/home/luka/Scripting/ELEC_498-Capstone-LiteLM/HLS-Verilog/Transformer_logic/src-hls/headed_compute_controller.cpp:508]   --->   Operation 46 'store' 'store_ln508' <Predicate = (!icmp_ln506 & trunc_ln506 == 8)> <Delay = 0.67> <CoreInst = "RAM">   --->   Core 82 'RAM' <Latency = 1> <II = 1> <Delay = 0.67> <Storage> <Opcode : 'load' 'store'> <Ports = 2> <Width = 8> <Depth = 16> <RAM>
ST_1 : Operation 47 [1/1] (0.00ns)   --->   "%br_ln508 = br void %arrayidx167.exit" [/home/luka/Scripting/ELEC_498-Capstone-LiteLM/HLS-Verilog/Transformer_logic/src-hls/headed_compute_controller.cpp:508]   --->   Operation 47 'br' 'br_ln508' <Predicate = (!icmp_ln506 & trunc_ln506 == 8)> <Delay = 0.00>
ST_1 : Operation 48 [1/1] ( I:0.67ns O:0.67ns )   --->   "%store_ln508 = store i8 0, i4 %headed_compute_controller_bool_bool_unsigned_int_bool_bool_bool_bool_b_107" [/home/luka/Scripting/ELEC_498-Capstone-LiteLM/HLS-Verilog/Transformer_logic/src-hls/headed_compute_controller.cpp:508]   --->   Operation 48 'store' 'store_ln508' <Predicate = (!icmp_ln506 & trunc_ln506 == 7)> <Delay = 0.67> <CoreInst = "RAM">   --->   Core 82 'RAM' <Latency = 1> <II = 1> <Delay = 0.67> <Storage> <Opcode : 'load' 'store'> <Ports = 2> <Width = 8> <Depth = 16> <RAM>
ST_1 : Operation 49 [1/1] (0.00ns)   --->   "%br_ln508 = br void %arrayidx167.exit" [/home/luka/Scripting/ELEC_498-Capstone-LiteLM/HLS-Verilog/Transformer_logic/src-hls/headed_compute_controller.cpp:508]   --->   Operation 49 'br' 'br_ln508' <Predicate = (!icmp_ln506 & trunc_ln506 == 7)> <Delay = 0.00>
ST_1 : Operation 50 [1/1] ( I:0.67ns O:0.67ns )   --->   "%store_ln508 = store i8 0, i4 %headed_compute_controller_bool_bool_unsigned_int_bool_bool_bool_bool_b_106" [/home/luka/Scripting/ELEC_498-Capstone-LiteLM/HLS-Verilog/Transformer_logic/src-hls/headed_compute_controller.cpp:508]   --->   Operation 50 'store' 'store_ln508' <Predicate = (!icmp_ln506 & trunc_ln506 == 6)> <Delay = 0.67> <CoreInst = "RAM">   --->   Core 82 'RAM' <Latency = 1> <II = 1> <Delay = 0.67> <Storage> <Opcode : 'load' 'store'> <Ports = 2> <Width = 8> <Depth = 16> <RAM>
ST_1 : Operation 51 [1/1] (0.00ns)   --->   "%br_ln508 = br void %arrayidx167.exit" [/home/luka/Scripting/ELEC_498-Capstone-LiteLM/HLS-Verilog/Transformer_logic/src-hls/headed_compute_controller.cpp:508]   --->   Operation 51 'br' 'br_ln508' <Predicate = (!icmp_ln506 & trunc_ln506 == 6)> <Delay = 0.00>
ST_1 : Operation 52 [1/1] ( I:0.67ns O:0.67ns )   --->   "%store_ln508 = store i8 0, i4 %headed_compute_controller_bool_bool_unsigned_int_bool_bool_bool_bool_b_105" [/home/luka/Scripting/ELEC_498-Capstone-LiteLM/HLS-Verilog/Transformer_logic/src-hls/headed_compute_controller.cpp:508]   --->   Operation 52 'store' 'store_ln508' <Predicate = (!icmp_ln506 & trunc_ln506 == 5)> <Delay = 0.67> <CoreInst = "RAM">   --->   Core 82 'RAM' <Latency = 1> <II = 1> <Delay = 0.67> <Storage> <Opcode : 'load' 'store'> <Ports = 2> <Width = 8> <Depth = 16> <RAM>
ST_1 : Operation 53 [1/1] (0.00ns)   --->   "%br_ln508 = br void %arrayidx167.exit" [/home/luka/Scripting/ELEC_498-Capstone-LiteLM/HLS-Verilog/Transformer_logic/src-hls/headed_compute_controller.cpp:508]   --->   Operation 53 'br' 'br_ln508' <Predicate = (!icmp_ln506 & trunc_ln506 == 5)> <Delay = 0.00>
ST_1 : Operation 54 [1/1] ( I:0.67ns O:0.67ns )   --->   "%store_ln508 = store i8 0, i4 %headed_compute_controller_bool_bool_unsigned_int_bool_bool_bool_bool_b_104" [/home/luka/Scripting/ELEC_498-Capstone-LiteLM/HLS-Verilog/Transformer_logic/src-hls/headed_compute_controller.cpp:508]   --->   Operation 54 'store' 'store_ln508' <Predicate = (!icmp_ln506 & trunc_ln506 == 4)> <Delay = 0.67> <CoreInst = "RAM">   --->   Core 82 'RAM' <Latency = 1> <II = 1> <Delay = 0.67> <Storage> <Opcode : 'load' 'store'> <Ports = 2> <Width = 8> <Depth = 16> <RAM>
ST_1 : Operation 55 [1/1] (0.00ns)   --->   "%br_ln508 = br void %arrayidx167.exit" [/home/luka/Scripting/ELEC_498-Capstone-LiteLM/HLS-Verilog/Transformer_logic/src-hls/headed_compute_controller.cpp:508]   --->   Operation 55 'br' 'br_ln508' <Predicate = (!icmp_ln506 & trunc_ln506 == 4)> <Delay = 0.00>
ST_1 : Operation 56 [1/1] ( I:0.67ns O:0.67ns )   --->   "%store_ln508 = store i8 0, i4 %headed_compute_controller_bool_bool_unsigned_int_bool_bool_bool_bool_b_103" [/home/luka/Scripting/ELEC_498-Capstone-LiteLM/HLS-Verilog/Transformer_logic/src-hls/headed_compute_controller.cpp:508]   --->   Operation 56 'store' 'store_ln508' <Predicate = (!icmp_ln506 & trunc_ln506 == 3)> <Delay = 0.67> <CoreInst = "RAM">   --->   Core 82 'RAM' <Latency = 1> <II = 1> <Delay = 0.67> <Storage> <Opcode : 'load' 'store'> <Ports = 2> <Width = 8> <Depth = 16> <RAM>
ST_1 : Operation 57 [1/1] (0.00ns)   --->   "%br_ln508 = br void %arrayidx167.exit" [/home/luka/Scripting/ELEC_498-Capstone-LiteLM/HLS-Verilog/Transformer_logic/src-hls/headed_compute_controller.cpp:508]   --->   Operation 57 'br' 'br_ln508' <Predicate = (!icmp_ln506 & trunc_ln506 == 3)> <Delay = 0.00>
ST_1 : Operation 58 [1/1] ( I:0.67ns O:0.67ns )   --->   "%store_ln508 = store i8 0, i4 %headed_compute_controller_bool_bool_unsigned_int_bool_bool_bool_bool_b_102" [/home/luka/Scripting/ELEC_498-Capstone-LiteLM/HLS-Verilog/Transformer_logic/src-hls/headed_compute_controller.cpp:508]   --->   Operation 58 'store' 'store_ln508' <Predicate = (!icmp_ln506 & trunc_ln506 == 2)> <Delay = 0.67> <CoreInst = "RAM">   --->   Core 82 'RAM' <Latency = 1> <II = 1> <Delay = 0.67> <Storage> <Opcode : 'load' 'store'> <Ports = 2> <Width = 8> <Depth = 16> <RAM>
ST_1 : Operation 59 [1/1] (0.00ns)   --->   "%br_ln508 = br void %arrayidx167.exit" [/home/luka/Scripting/ELEC_498-Capstone-LiteLM/HLS-Verilog/Transformer_logic/src-hls/headed_compute_controller.cpp:508]   --->   Operation 59 'br' 'br_ln508' <Predicate = (!icmp_ln506 & trunc_ln506 == 2)> <Delay = 0.00>
ST_1 : Operation 60 [1/1] ( I:0.67ns O:0.67ns )   --->   "%store_ln508 = store i8 0, i4 %headed_compute_controller_bool_bool_unsigned_int_bool_bool_bool_bool_b_101" [/home/luka/Scripting/ELEC_498-Capstone-LiteLM/HLS-Verilog/Transformer_logic/src-hls/headed_compute_controller.cpp:508]   --->   Operation 60 'store' 'store_ln508' <Predicate = (!icmp_ln506 & trunc_ln506 == 1)> <Delay = 0.67> <CoreInst = "RAM">   --->   Core 82 'RAM' <Latency = 1> <II = 1> <Delay = 0.67> <Storage> <Opcode : 'load' 'store'> <Ports = 2> <Width = 8> <Depth = 16> <RAM>
ST_1 : Operation 61 [1/1] (0.00ns)   --->   "%br_ln508 = br void %arrayidx167.exit" [/home/luka/Scripting/ELEC_498-Capstone-LiteLM/HLS-Verilog/Transformer_logic/src-hls/headed_compute_controller.cpp:508]   --->   Operation 61 'br' 'br_ln508' <Predicate = (!icmp_ln506 & trunc_ln506 == 1)> <Delay = 0.00>
ST_1 : Operation 62 [1/1] ( I:0.67ns O:0.67ns )   --->   "%store_ln508 = store i8 0, i4 %headed_compute_controller_bool_bool_unsigned_int_bool_bool_bool_bool_b_100" [/home/luka/Scripting/ELEC_498-Capstone-LiteLM/HLS-Verilog/Transformer_logic/src-hls/headed_compute_controller.cpp:508]   --->   Operation 62 'store' 'store_ln508' <Predicate = (!icmp_ln506 & trunc_ln506 == 0)> <Delay = 0.67> <CoreInst = "RAM">   --->   Core 82 'RAM' <Latency = 1> <II = 1> <Delay = 0.67> <Storage> <Opcode : 'load' 'store'> <Ports = 2> <Width = 8> <Depth = 16> <RAM>
ST_1 : Operation 63 [1/1] (0.00ns)   --->   "%br_ln508 = br void %arrayidx167.exit" [/home/luka/Scripting/ELEC_498-Capstone-LiteLM/HLS-Verilog/Transformer_logic/src-hls/headed_compute_controller.cpp:508]   --->   Operation 63 'br' 'br_ln508' <Predicate = (!icmp_ln506 & trunc_ln506 == 0)> <Delay = 0.00>
ST_1 : Operation 64 [1/1] ( I:0.67ns O:0.67ns )   --->   "%store_ln508 = store i8 0, i4 %p_ZZ25headed_compute_controllerbbjRbS_bS_S_RjPKhPhR12ComputeStateS0_RhS6_S6_S6_S_53" [/home/luka/Scripting/ELEC_498-Capstone-LiteLM/HLS-Verilog/Transformer_logic/src-hls/headed_compute_controller.cpp:508]   --->   Operation 64 'store' 'store_ln508' <Predicate = (!icmp_ln506 & trunc_ln506 == 15)> <Delay = 0.67> <CoreInst = "RAM">   --->   Core 82 'RAM' <Latency = 1> <II = 1> <Delay = 0.67> <Storage> <Opcode : 'load' 'store'> <Ports = 2> <Width = 8> <Depth = 16> <RAM>
ST_1 : Operation 65 [1/1] (0.00ns)   --->   "%br_ln508 = br void %arrayidx167.exit" [/home/luka/Scripting/ELEC_498-Capstone-LiteLM/HLS-Verilog/Transformer_logic/src-hls/headed_compute_controller.cpp:508]   --->   Operation 65 'br' 'br_ln508' <Predicate = (!icmp_ln506 & trunc_ln506 == 15)> <Delay = 0.00>
ST_1 : Operation 66 [1/1] (0.42ns)   --->   "%store_ln506 = store i9 %add_ln506, i9 %i" [/home/luka/Scripting/ELEC_498-Capstone-LiteLM/HLS-Verilog/Transformer_logic/src-hls/headed_compute_controller.cpp:506]   --->   Operation 66 'store' 'store_ln506' <Predicate = (!icmp_ln506)> <Delay = 0.42>
ST_1 : Operation 67 [1/1] (0.00ns)   --->   "%br_ln506 = br void %for.inc168" [/home/luka/Scripting/ELEC_498-Capstone-LiteLM/HLS-Verilog/Transformer_logic/src-hls/headed_compute_controller.cpp:506]   --->   Operation 67 'br' 'br_ln506' <Predicate = (!icmp_ln506)> <Delay = 0.00>
ST_1 : Operation 68 [1/1] (0.42ns)   --->   "%ret_ln0 = ret"   --->   Operation 68 'ret' 'ret_ln0' <Predicate = (icmp_ln506)> <Delay = 0.42>


============================================================
+ Verbose Summary: Timing violations
============================================================
Target clock period: 10.000ns, clock uncertainty: 2.700ns.

 <State 1>: 1.901ns
The critical path consists of the following:
	'store' operation 0 bit ('store_ln506', /home/luka/Scripting/ELEC_498-Capstone-LiteLM/HLS-Verilog/Transformer_logic/src-hls/headed_compute_controller.cpp:506) of constant 0 on local variable 'i', /home/luka/Scripting/ELEC_498-Capstone-LiteLM/HLS-Verilog/Transformer_logic/src-hls/headed_compute_controller.cpp:506 [18]  (0.427 ns)
	'load' operation 9 bit ('i', /home/luka/Scripting/ELEC_498-Capstone-LiteLM/HLS-Verilog/Transformer_logic/src-hls/headed_compute_controller.cpp:506) on local variable 'i', /home/luka/Scripting/ELEC_498-Capstone-LiteLM/HLS-Verilog/Transformer_logic/src-hls/headed_compute_controller.cpp:506 [21]  (0.000 ns)
	'store' operation 0 bit ('store_ln508', /home/luka/Scripting/ELEC_498-Capstone-LiteLM/HLS-Verilog/Transformer_logic/src-hls/headed_compute_controller.cpp:508) of constant 0 on array 'headed_compute_controller_bool_bool_unsigned_int_bool_bool_bool_bool_b_26' [71]  (0.677 ns)
	blocking operation 0.797 ns on control path)


============================================================
+ Verbose Summary: Binding
============================================================
N/A
* FSMD analyzer results:
  - Output states:
 - Input state : 
  - Chain level:
	State 1


============================================================
+ Verbose Summary: Datapath Resource usage 
============================================================
N/A
