

================================================================
== Vitis HLS Report for 'headed_compute_controller_Pipeline_VITIS_LOOP_578_20'
================================================================
* Date:           Fri Jan 30 15:25:10 2026

* Version:        2025.1 (Build 6135595 on May 21 2025)
* Project:        headed_compute_controller
* Solution:       hls (Vivado IP Flow Target)
* Product family: zynquplus
* Target device:  xck26-sfvc784-2LV-c


================================================================
== Performance Estimates
================================================================
+ Timing: 
    * Summary: 
    +--------+----------+----------+------------+
    |  Clock |  Target  | Estimated| Uncertainty|
    +--------+----------+----------+------------+
    |ap_clk  |  10.00 ns|  1.885 ns|     2.70 ns|
    +--------+----------+----------+------------+

+ Latency: 
    * Summary: 
    +---------+---------+----------+----------+-----+-----+------------------------------------------------+
    |  Latency (cycles) |  Latency (absolute) |  Interval |                    Pipeline                    |
    |   min   |   max   |    min   |    max   | min | max |                      Type                      |
    +---------+---------+----------+----------+-----+-----+------------------------------------------------+
    |       34|       34|  0.340 us|  0.340 us|   33|   33|  loop auto-rewind stp (delay=0 clock cycles(s))|
    +---------+---------+----------+----------+-----+-----+------------------------------------------------+

    + Detail: 
        * Instance: 
        N/A

        * Loop: 
        +---------------------+---------+---------+----------+-----------+-----------+------+----------+
        |                     |  Latency (cycles) | Iteration|  Initiation Interval  | Trip |          |
        |      Loop Name      |   min   |   max   |  Latency |  achieved |   target  | Count| Pipelined|
        +---------------------+---------+---------+----------+-----------+-----------+------+----------+
        |- VITIS_LOOP_578_20  |       32|       32|         3|          2|          1|    16|       yes|
        +---------------------+---------+---------+----------+-----------+-----------+------+----------+

============================================================
+ Verbose Summary: Synthesis Manager
============================================================
InlineROM: 1
ExposeGlobal: 0
============================================================
+ Verbose Summary: CDFG Model
============================================================
IsTopModel: 0
ResetActiveHigh: 1
IsCombinational: 0
IsDatapathOnly: 0
HasWiredReturn: 1
HasMFsm: 2
HasVarLatency: 1
IsPipeline: 0
IsRtlPipelined: 0
IsInstanceOverlapped: 0
IsDontTouch: 0
HasImplIP: 0
IsGatedGlobalClock: 0

+ Individual pipeline summary: 
  * Pipeline-0: initiation interval (II) = 2, depth = 3


============================================================
+ Verbose Summary: Schedule
============================================================
* Number of FSM states : 3
* Pipeline : 1
  Pipeline-0 : II = 2, D = 3, States = { 1 2 3 }
* Dataflow Pipeline: 0

* FSM state transitions: 
1 --> 2 
2 --> 3 
3 --> 

* FSM state operations: 

State 1 <SV = 0> <Delay = 1.88>
ST_1 : Operation 6 [1/1] (0.00ns)   --->   "%t_5 = alloca i32 1" [/home/luka/Scripting/ELEC_498-Capstone-LiteLM/HLS-Verilog/Transformer_logic/src-hls/headed_compute_controller.cpp:578]   --->   Operation 6 'alloca' 't_5' <Predicate = true> <Delay = 0.00>
ST_1 : Operation 7 [1/1] (0.00ns)   --->   "%specinterface_ln0 = specinterface void @_ssdm_op_SpecInterface, i8 %in_buf, void @empty_17, i32 0, i32 0, void @empty_0, i32 4294967295, i32 0, void @empty_0, void @empty_0, void @empty_0, i32 0, i32 0, i32 0, i32 0, void @empty_0, void @empty_0, i32 4294967295, i32 0, i32 0"   --->   Operation 7 'specinterface' 'specinterface_ln0' <Predicate = true> <Delay = 0.00>
ST_1 : Operation 8 [1/1] (0.42ns)   --->   "%store_ln578 = store i5 0, i5 %t_5" [/home/luka/Scripting/ELEC_498-Capstone-LiteLM/HLS-Verilog/Transformer_logic/src-hls/headed_compute_controller.cpp:578]   --->   Operation 8 'store' 'store_ln578' <Predicate = true> <Delay = 0.42>
ST_1 : Operation 9 [1/1] (0.00ns)   --->   "%br_ln0 = br void %VITIS_LOOP_580_21"   --->   Operation 9 'br' 'br_ln0' <Predicate = true> <Delay = 0.00>
ST_1 : Operation 10 [1/1] (0.00ns)   --->   "%t = load i5 %t_5" [/home/luka/Scripting/ELEC_498-Capstone-LiteLM/HLS-Verilog/Transformer_logic/src-hls/headed_compute_controller.cpp:578]   --->   Operation 10 'load' 't' <Predicate = true> <Delay = 0.00>
ST_1 : Operation 11 [1/1] (0.78ns)   --->   "%icmp_ln578 = icmp_eq  i5 %t, i5 16" [/home/luka/Scripting/ELEC_498-Capstone-LiteLM/HLS-Verilog/Transformer_logic/src-hls/headed_compute_controller.cpp:578]   --->   Operation 11 'icmp' 'icmp_ln578' <Predicate = true> <Delay = 0.78> <CoreInst = "Cmp">   --->   Core 9 'Cmp' <Latency = 0> <II = 1> <Delay = 0.78> <FuncUnit> <Opcode : 'seteq' 'setne' 'setle' 'setge' 'setlt' 'setgt'> <InPorts = 2> <OutPorts = 1>
ST_1 : Operation 12 [1/1] (0.78ns)   --->   "%add_ln578 = add i5 %t, i5 1" [/home/luka/Scripting/ELEC_498-Capstone-LiteLM/HLS-Verilog/Transformer_logic/src-hls/headed_compute_controller.cpp:578]   --->   Operation 12 'add' 'add_ln578' <Predicate = true> <Delay = 0.78> <CoreInst = "Adder">   --->   Core 1 'Adder' <Latency = 0> <II = 1> <Delay = 0.78> <FuncUnit> <Opcode : 'add' 'sub'> <InPorts = 2> <OutPorts = 1>
ST_1 : Operation 13 [1/1] (0.00ns)   --->   "%br_ln578 = br i1 %icmp_ln578, void %VITIS_LOOP_580_21.split, void %for.inc326.preheader.exitStub" [/home/luka/Scripting/ELEC_498-Capstone-LiteLM/HLS-Verilog/Transformer_logic/src-hls/headed_compute_controller.cpp:578]   --->   Operation 13 'br' 'br_ln578' <Predicate = true> <Delay = 0.00>
ST_1 : Operation 14 [1/1] (0.00ns)   --->   "%trunc_ln584 = trunc i5 %t" [/home/luka/Scripting/ELEC_498-Capstone-LiteLM/HLS-Verilog/Transformer_logic/src-hls/headed_compute_controller.cpp:584]   --->   Operation 14 'trunc' 'trunc_ln584' <Predicate = (!icmp_ln578)> <Delay = 0.00>
ST_1 : Operation 15 [1/1] (0.00ns)   --->   "%shl_ln1 = bitconcatenate i6 @_ssdm_op_BitConcatenate.i6.i4.i2, i4 %trunc_ln584, i2 0" [/home/luka/Scripting/ELEC_498-Capstone-LiteLM/HLS-Verilog/Transformer_logic/src-hls/headed_compute_controller.cpp:584]   --->   Operation 15 'bitconcatenate' 'shl_ln1' <Predicate = (!icmp_ln578)> <Delay = 0.00>
ST_1 : Operation 16 [1/1] (0.00ns)   --->   "%zext_ln584 = zext i6 %shl_ln1" [/home/luka/Scripting/ELEC_498-Capstone-LiteLM/HLS-Verilog/Transformer_logic/src-hls/headed_compute_controller.cpp:584]   --->   Operation 16 'zext' 'zext_ln584' <Predicate = (!icmp_ln578)> <Delay = 0.00>
ST_1 : Operation 17 [1/1] (0.78ns)   --->   "%add_ln584 = add i7 %zext_ln584, i7 4" [/home/luka/Scripting/ELEC_498-Capstone-LiteLM/HLS-Verilog/Transformer_logic/src-hls/headed_compute_controller.cpp:584]   --->   Operation 17 'add' 'add_ln584' <Predicate = (!icmp_ln578)> <Delay = 0.78> <CoreInst = "Adder">   --->   Core 1 'Adder' <Latency = 0> <II = 1> <Delay = 0.78> <FuncUnit> <Opcode : 'add' 'sub'> <InPorts = 2> <OutPorts = 1>
ST_1 : Operation 18 [1/1] (0.00ns)   --->   "%zext_ln561_3 = zext i7 %add_ln584" [/home/luka/Scripting/ELEC_498-Capstone-LiteLM/HLS-Verilog/Transformer_logic/src-hls/../../top_params.hpp:561->/home/luka/Scripting/ELEC_498-Capstone-LiteLM/HLS-Verilog/Transformer_logic/src-hls/headed_compute_controller.cpp:584]   --->   Operation 18 'zext' 'zext_ln561_3' <Predicate = (!icmp_ln578)> <Delay = 0.00>
ST_1 : Operation 19 [1/1] (0.00ns)   --->   "%in_buf_addr = getelementptr i8 %in_buf, i64 0, i64 %zext_ln561_3" [/home/luka/Scripting/ELEC_498-Capstone-LiteLM/HLS-Verilog/Transformer_logic/src-hls/../../top_params.hpp:561->/home/luka/Scripting/ELEC_498-Capstone-LiteLM/HLS-Verilog/Transformer_logic/src-hls/headed_compute_controller.cpp:584]   --->   Operation 19 'getelementptr' 'in_buf_addr' <Predicate = (!icmp_ln578)> <Delay = 0.00>
ST_1 : Operation 20 [2/2] (0.67ns)   --->   "%in_buf_load = load i7 %in_buf_addr" [/home/luka/Scripting/ELEC_498-Capstone-LiteLM/HLS-Verilog/Transformer_logic/src-hls/../../top_params.hpp:561->/home/luka/Scripting/ELEC_498-Capstone-LiteLM/HLS-Verilog/Transformer_logic/src-hls/headed_compute_controller.cpp:584]   --->   Operation 20 'load' 'in_buf_load' <Predicate = (!icmp_ln578)> <Delay = 0.67> <CoreInst = "RAM">   --->   Core 82 'RAM' <Latency = 1> <II = 1> <Delay = 0.67> <Storage> <Opcode : 'load' 'store'> <Ports = 2> <Width = 8> <Depth = 80> <RAM>
ST_1 : Operation 21 [1/1] (0.78ns)   --->   "%add_ln584_1 = add i7 %zext_ln584, i7 5" [/home/luka/Scripting/ELEC_498-Capstone-LiteLM/HLS-Verilog/Transformer_logic/src-hls/headed_compute_controller.cpp:584]   --->   Operation 21 'add' 'add_ln584_1' <Predicate = (!icmp_ln578)> <Delay = 0.78> <CoreInst = "Adder">   --->   Core 1 'Adder' <Latency = 0> <II = 1> <Delay = 0.78> <FuncUnit> <Opcode : 'add' 'sub'> <InPorts = 2> <OutPorts = 1>
ST_1 : Operation 22 [1/1] (0.00ns)   --->   "%zext_ln561_4 = zext i7 %add_ln584_1" [/home/luka/Scripting/ELEC_498-Capstone-LiteLM/HLS-Verilog/Transformer_logic/src-hls/../../top_params.hpp:561->/home/luka/Scripting/ELEC_498-Capstone-LiteLM/HLS-Verilog/Transformer_logic/src-hls/headed_compute_controller.cpp:584]   --->   Operation 22 'zext' 'zext_ln561_4' <Predicate = (!icmp_ln578)> <Delay = 0.00>
ST_1 : Operation 23 [1/1] (0.00ns)   --->   "%in_buf_addr_17 = getelementptr i8 %in_buf, i64 0, i64 %zext_ln561_4" [/home/luka/Scripting/ELEC_498-Capstone-LiteLM/HLS-Verilog/Transformer_logic/src-hls/../../top_params.hpp:561->/home/luka/Scripting/ELEC_498-Capstone-LiteLM/HLS-Verilog/Transformer_logic/src-hls/headed_compute_controller.cpp:584]   --->   Operation 23 'getelementptr' 'in_buf_addr_17' <Predicate = (!icmp_ln578)> <Delay = 0.00>
ST_1 : Operation 24 [2/2] (0.67ns)   --->   "%in_buf_load_17 = load i7 %in_buf_addr_17" [/home/luka/Scripting/ELEC_498-Capstone-LiteLM/HLS-Verilog/Transformer_logic/src-hls/../../top_params.hpp:561->/home/luka/Scripting/ELEC_498-Capstone-LiteLM/HLS-Verilog/Transformer_logic/src-hls/headed_compute_controller.cpp:584]   --->   Operation 24 'load' 'in_buf_load_17' <Predicate = (!icmp_ln578)> <Delay = 0.67> <CoreInst = "RAM">   --->   Core 82 'RAM' <Latency = 1> <II = 1> <Delay = 0.67> <Storage> <Opcode : 'load' 'store'> <Ports = 2> <Width = 8> <Depth = 80> <RAM>
ST_1 : Operation 25 [1/1] (0.42ns)   --->   "%store_ln578 = store i5 %add_ln578, i5 %t_5" [/home/luka/Scripting/ELEC_498-Capstone-LiteLM/HLS-Verilog/Transformer_logic/src-hls/headed_compute_controller.cpp:578]   --->   Operation 25 'store' 'store_ln578' <Predicate = (!icmp_ln578)> <Delay = 0.42>
ST_1 : Operation 51 [1/1] (0.42ns)   --->   "%ret_ln0 = ret"   --->   Operation 51 'ret' 'ret_ln0' <Predicate = (icmp_ln578)> <Delay = 0.42>

State 2 <SV = 1> <Delay = 1.45>
ST_2 : Operation 26 [1/1] (0.00ns)   --->   "%zext_ln578 = zext i5 %t" [/home/luka/Scripting/ELEC_498-Capstone-LiteLM/HLS-Verilog/Transformer_logic/src-hls/headed_compute_controller.cpp:578]   --->   Operation 26 'zext' 'zext_ln578' <Predicate = (!icmp_ln578)> <Delay = 0.00>
ST_2 : Operation 27 [1/2] ( I:0.67ns O:0.67ns )   --->   "%in_buf_load = load i7 %in_buf_addr" [/home/luka/Scripting/ELEC_498-Capstone-LiteLM/HLS-Verilog/Transformer_logic/src-hls/../../top_params.hpp:561->/home/luka/Scripting/ELEC_498-Capstone-LiteLM/HLS-Verilog/Transformer_logic/src-hls/headed_compute_controller.cpp:584]   --->   Operation 27 'load' 'in_buf_load' <Predicate = (!icmp_ln578)> <Delay = 0.67> <CoreInst = "RAM">   --->   Core 82 'RAM' <Latency = 1> <II = 1> <Delay = 0.67> <Storage> <Opcode : 'load' 'store'> <Ports = 2> <Width = 8> <Depth = 80> <RAM>
ST_2 : Operation 28 [1/1] (0.00ns)   --->   "%headed_compute_controller_bool_bool_unsigned_int_bool_bool_bool_bool_b_72 = getelementptr i8 %headed_compute_controller_bool_bool_unsigned_int_bool_bool_bool_bool_b_33, i64 0, i64 %zext_ln578" [/home/luka/Scripting/ELEC_498-Capstone-LiteLM/HLS-Verilog/Transformer_logic/src-hls/headed_compute_controller.cpp:583]   --->   Operation 28 'getelementptr' 'headed_compute_controller_bool_bool_unsigned_int_bool_bool_bool_bool_b_72' <Predicate = (!icmp_ln578)> <Delay = 0.00>
ST_2 : Operation 29 [1/2] ( I:0.67ns O:0.67ns )   --->   "%in_buf_load_17 = load i7 %in_buf_addr_17" [/home/luka/Scripting/ELEC_498-Capstone-LiteLM/HLS-Verilog/Transformer_logic/src-hls/../../top_params.hpp:561->/home/luka/Scripting/ELEC_498-Capstone-LiteLM/HLS-Verilog/Transformer_logic/src-hls/headed_compute_controller.cpp:584]   --->   Operation 29 'load' 'in_buf_load_17' <Predicate = (!icmp_ln578)> <Delay = 0.67> <CoreInst = "RAM">   --->   Core 82 'RAM' <Latency = 1> <II = 1> <Delay = 0.67> <Storage> <Opcode : 'load' 'store'> <Ports = 2> <Width = 8> <Depth = 80> <RAM>
ST_2 : Operation 30 [1/1] (0.00ns)   --->   "%headed_compute_controller_bool_bool_unsigned_int_bool_bool_bool_bool_b_73 = getelementptr i8 %headed_compute_controller_bool_bool_unsigned_int_bool_bool_bool_bool_b_32, i64 0, i64 %zext_ln578" [/home/luka/Scripting/ELEC_498-Capstone-LiteLM/HLS-Verilog/Transformer_logic/src-hls/headed_compute_controller.cpp:583]   --->   Operation 30 'getelementptr' 'headed_compute_controller_bool_bool_unsigned_int_bool_bool_bool_bool_b_73' <Predicate = (!icmp_ln578)> <Delay = 0.00>
ST_2 : Operation 31 [1/1] (0.78ns)   --->   "%add_ln584_2 = add i7 %zext_ln584, i7 6" [/home/luka/Scripting/ELEC_498-Capstone-LiteLM/HLS-Verilog/Transformer_logic/src-hls/headed_compute_controller.cpp:584]   --->   Operation 31 'add' 'add_ln584_2' <Predicate = (!icmp_ln578)> <Delay = 0.78> <CoreInst = "Adder">   --->   Core 1 'Adder' <Latency = 0> <II = 1> <Delay = 0.78> <FuncUnit> <Opcode : 'add' 'sub'> <InPorts = 2> <OutPorts = 1>
ST_2 : Operation 32 [1/1] (0.00ns)   --->   "%zext_ln561_5 = zext i7 %add_ln584_2" [/home/luka/Scripting/ELEC_498-Capstone-LiteLM/HLS-Verilog/Transformer_logic/src-hls/../../top_params.hpp:561->/home/luka/Scripting/ELEC_498-Capstone-LiteLM/HLS-Verilog/Transformer_logic/src-hls/headed_compute_controller.cpp:584]   --->   Operation 32 'zext' 'zext_ln561_5' <Predicate = (!icmp_ln578)> <Delay = 0.00>
ST_2 : Operation 33 [1/1] (0.00ns)   --->   "%in_buf_addr_18 = getelementptr i8 %in_buf, i64 0, i64 %zext_ln561_5" [/home/luka/Scripting/ELEC_498-Capstone-LiteLM/HLS-Verilog/Transformer_logic/src-hls/../../top_params.hpp:561->/home/luka/Scripting/ELEC_498-Capstone-LiteLM/HLS-Verilog/Transformer_logic/src-hls/headed_compute_controller.cpp:584]   --->   Operation 33 'getelementptr' 'in_buf_addr_18' <Predicate = (!icmp_ln578)> <Delay = 0.00>
ST_2 : Operation 34 [2/2] (0.67ns)   --->   "%in_buf_load_18 = load i7 %in_buf_addr_18" [/home/luka/Scripting/ELEC_498-Capstone-LiteLM/HLS-Verilog/Transformer_logic/src-hls/../../top_params.hpp:561->/home/luka/Scripting/ELEC_498-Capstone-LiteLM/HLS-Verilog/Transformer_logic/src-hls/headed_compute_controller.cpp:584]   --->   Operation 34 'load' 'in_buf_load_18' <Predicate = (!icmp_ln578)> <Delay = 0.67> <CoreInst = "RAM">   --->   Core 82 'RAM' <Latency = 1> <II = 1> <Delay = 0.67> <Storage> <Opcode : 'load' 'store'> <Ports = 2> <Width = 8> <Depth = 80> <RAM>
ST_2 : Operation 35 [1/1] (0.78ns)   --->   "%add_ln584_3 = add i7 %zext_ln584, i7 7" [/home/luka/Scripting/ELEC_498-Capstone-LiteLM/HLS-Verilog/Transformer_logic/src-hls/headed_compute_controller.cpp:584]   --->   Operation 35 'add' 'add_ln584_3' <Predicate = (!icmp_ln578)> <Delay = 0.78> <CoreInst = "Adder">   --->   Core 1 'Adder' <Latency = 0> <II = 1> <Delay = 0.78> <FuncUnit> <Opcode : 'add' 'sub'> <InPorts = 2> <OutPorts = 1>
ST_2 : Operation 36 [1/1] (0.00ns)   --->   "%zext_ln561_6 = zext i7 %add_ln584_3" [/home/luka/Scripting/ELEC_498-Capstone-LiteLM/HLS-Verilog/Transformer_logic/src-hls/../../top_params.hpp:561->/home/luka/Scripting/ELEC_498-Capstone-LiteLM/HLS-Verilog/Transformer_logic/src-hls/headed_compute_controller.cpp:584]   --->   Operation 36 'zext' 'zext_ln561_6' <Predicate = (!icmp_ln578)> <Delay = 0.00>
ST_2 : Operation 37 [1/1] (0.00ns)   --->   "%in_buf_addr_19 = getelementptr i8 %in_buf, i64 0, i64 %zext_ln561_6" [/home/luka/Scripting/ELEC_498-Capstone-LiteLM/HLS-Verilog/Transformer_logic/src-hls/../../top_params.hpp:561->/home/luka/Scripting/ELEC_498-Capstone-LiteLM/HLS-Verilog/Transformer_logic/src-hls/headed_compute_controller.cpp:584]   --->   Operation 37 'getelementptr' 'in_buf_addr_19' <Predicate = (!icmp_ln578)> <Delay = 0.00>
ST_2 : Operation 38 [2/2] (0.67ns)   --->   "%in_buf_load_19 = load i7 %in_buf_addr_19" [/home/luka/Scripting/ELEC_498-Capstone-LiteLM/HLS-Verilog/Transformer_logic/src-hls/../../top_params.hpp:561->/home/luka/Scripting/ELEC_498-Capstone-LiteLM/HLS-Verilog/Transformer_logic/src-hls/headed_compute_controller.cpp:584]   --->   Operation 38 'load' 'in_buf_load_19' <Predicate = (!icmp_ln578)> <Delay = 0.67> <CoreInst = "RAM">   --->   Core 82 'RAM' <Latency = 1> <II = 1> <Delay = 0.67> <Storage> <Opcode : 'load' 'store'> <Ports = 2> <Width = 8> <Depth = 80> <RAM>
ST_2 : Operation 39 [1/1] ( I:0.67ns O:0.67ns )   --->   "%store_ln583 = store i8 %in_buf_load, i4 %headed_compute_controller_bool_bool_unsigned_int_bool_bool_bool_bool_b_72" [/home/luka/Scripting/ELEC_498-Capstone-LiteLM/HLS-Verilog/Transformer_logic/src-hls/headed_compute_controller.cpp:583]   --->   Operation 39 'store' 'store_ln583' <Predicate = (!icmp_ln578)> <Delay = 0.67> <CoreInst = "RAM">   --->   Core 82 'RAM' <Latency = 1> <II = 1> <Delay = 0.67> <Storage> <Opcode : 'load' 'store'> <Ports = 2> <Width = 8> <Depth = 16> <RAM>
ST_2 : Operation 40 [1/1] ( I:0.67ns O:0.67ns )   --->   "%store_ln583 = store i8 %in_buf_load_17, i4 %headed_compute_controller_bool_bool_unsigned_int_bool_bool_bool_bool_b_73" [/home/luka/Scripting/ELEC_498-Capstone-LiteLM/HLS-Verilog/Transformer_logic/src-hls/headed_compute_controller.cpp:583]   --->   Operation 40 'store' 'store_ln583' <Predicate = (!icmp_ln578)> <Delay = 0.67> <CoreInst = "RAM">   --->   Core 82 'RAM' <Latency = 1> <II = 1> <Delay = 0.67> <Storage> <Opcode : 'load' 'store'> <Ports = 2> <Width = 8> <Depth = 16> <RAM>

State 3 <SV = 2> <Delay = 1.35>
ST_3 : Operation 41 [1/1] (0.00ns)   --->   "%specpipeline_ln579 = specpipeline void @_ssdm_op_SpecPipeline, i32 1, i32 0, i32 0, i32 0, void @empty_0" [/home/luka/Scripting/ELEC_498-Capstone-LiteLM/HLS-Verilog/Transformer_logic/src-hls/headed_compute_controller.cpp:579]   --->   Operation 41 'specpipeline' 'specpipeline_ln579' <Predicate = true> <Delay = 0.00>
ST_3 : Operation 42 [1/1] (0.00ns)   --->   "%speclooptripcount_ln578 = speclooptripcount void @_ssdm_op_SpecLoopTripCount, i64 16, i64 16, i64 16" [/home/luka/Scripting/ELEC_498-Capstone-LiteLM/HLS-Verilog/Transformer_logic/src-hls/headed_compute_controller.cpp:578]   --->   Operation 42 'speclooptripcount' 'speclooptripcount_ln578' <Predicate = true> <Delay = 0.00>
ST_3 : Operation 43 [1/1] (0.00ns)   --->   "%specloopname_ln578 = specloopname void @_ssdm_op_SpecLoopName, void @empty_18" [/home/luka/Scripting/ELEC_498-Capstone-LiteLM/HLS-Verilog/Transformer_logic/src-hls/headed_compute_controller.cpp:578]   --->   Operation 43 'specloopname' 'specloopname_ln578' <Predicate = true> <Delay = 0.00>
ST_3 : Operation 44 [1/2] ( I:0.67ns O:0.67ns )   --->   "%in_buf_load_18 = load i7 %in_buf_addr_18" [/home/luka/Scripting/ELEC_498-Capstone-LiteLM/HLS-Verilog/Transformer_logic/src-hls/../../top_params.hpp:561->/home/luka/Scripting/ELEC_498-Capstone-LiteLM/HLS-Verilog/Transformer_logic/src-hls/headed_compute_controller.cpp:584]   --->   Operation 44 'load' 'in_buf_load_18' <Predicate = true> <Delay = 0.67> <CoreInst = "RAM">   --->   Core 82 'RAM' <Latency = 1> <II = 1> <Delay = 0.67> <Storage> <Opcode : 'load' 'store'> <Ports = 2> <Width = 8> <Depth = 80> <RAM>
ST_3 : Operation 45 [1/1] (0.00ns)   --->   "%headed_compute_controller_bool_bool_unsigned_int_bool_bool_bool_bool_b_74 = getelementptr i8 %headed_compute_controller_bool_bool_unsigned_int_bool_bool_bool_bool_b_31, i64 0, i64 %zext_ln578" [/home/luka/Scripting/ELEC_498-Capstone-LiteLM/HLS-Verilog/Transformer_logic/src-hls/headed_compute_controller.cpp:583]   --->   Operation 45 'getelementptr' 'headed_compute_controller_bool_bool_unsigned_int_bool_bool_bool_bool_b_74' <Predicate = true> <Delay = 0.00>
ST_3 : Operation 46 [1/2] ( I:0.67ns O:0.67ns )   --->   "%in_buf_load_19 = load i7 %in_buf_addr_19" [/home/luka/Scripting/ELEC_498-Capstone-LiteLM/HLS-Verilog/Transformer_logic/src-hls/../../top_params.hpp:561->/home/luka/Scripting/ELEC_498-Capstone-LiteLM/HLS-Verilog/Transformer_logic/src-hls/headed_compute_controller.cpp:584]   --->   Operation 46 'load' 'in_buf_load_19' <Predicate = true> <Delay = 0.67> <CoreInst = "RAM">   --->   Core 82 'RAM' <Latency = 1> <II = 1> <Delay = 0.67> <Storage> <Opcode : 'load' 'store'> <Ports = 2> <Width = 8> <Depth = 80> <RAM>
ST_3 : Operation 47 [1/1] (0.00ns)   --->   "%headed_compute_controller_bool_bool_unsigned_int_bool_bool_bool_bool_b_75 = getelementptr i8 %headed_compute_controller_bool_bool_unsigned_int_bool_bool_bool_bool_b_30, i64 0, i64 %zext_ln578" [/home/luka/Scripting/ELEC_498-Capstone-LiteLM/HLS-Verilog/Transformer_logic/src-hls/headed_compute_controller.cpp:583]   --->   Operation 47 'getelementptr' 'headed_compute_controller_bool_bool_unsigned_int_bool_bool_bool_bool_b_75' <Predicate = true> <Delay = 0.00>
ST_3 : Operation 48 [1/1] ( I:0.67ns O:0.67ns )   --->   "%store_ln583 = store i8 %in_buf_load_18, i4 %headed_compute_controller_bool_bool_unsigned_int_bool_bool_bool_bool_b_74" [/home/luka/Scripting/ELEC_498-Capstone-LiteLM/HLS-Verilog/Transformer_logic/src-hls/headed_compute_controller.cpp:583]   --->   Operation 48 'store' 'store_ln583' <Predicate = true> <Delay = 0.67> <CoreInst = "RAM">   --->   Core 82 'RAM' <Latency = 1> <II = 1> <Delay = 0.67> <Storage> <Opcode : 'load' 'store'> <Ports = 2> <Width = 8> <Depth = 16> <RAM>
ST_3 : Operation 49 [1/1] ( I:0.67ns O:0.67ns )   --->   "%store_ln583 = store i8 %in_buf_load_19, i4 %headed_compute_controller_bool_bool_unsigned_int_bool_bool_bool_bool_b_75" [/home/luka/Scripting/ELEC_498-Capstone-LiteLM/HLS-Verilog/Transformer_logic/src-hls/headed_compute_controller.cpp:583]   --->   Operation 49 'store' 'store_ln583' <Predicate = true> <Delay = 0.67> <CoreInst = "RAM">   --->   Core 82 'RAM' <Latency = 1> <II = 1> <Delay = 0.67> <Storage> <Opcode : 'load' 'store'> <Ports = 2> <Width = 8> <Depth = 16> <RAM>
ST_3 : Operation 50 [1/1] (0.00ns)   --->   "%br_ln578 = br void %VITIS_LOOP_580_21" [/home/luka/Scripting/ELEC_498-Capstone-LiteLM/HLS-Verilog/Transformer_logic/src-hls/headed_compute_controller.cpp:578]   --->   Operation 50 'br' 'br_ln578' <Predicate = true> <Delay = 0.00>


============================================================
+ Verbose Summary: Timing violations
============================================================
Target clock period: 10.000ns, clock uncertainty: 2.700ns.

 <State 1>: 1.885ns
The critical path consists of the following:
	'store' operation 0 bit ('store_ln578', /home/luka/Scripting/ELEC_498-Capstone-LiteLM/HLS-Verilog/Transformer_logic/src-hls/headed_compute_controller.cpp:578) of constant 0 on local variable 't', /home/luka/Scripting/ELEC_498-Capstone-LiteLM/HLS-Verilog/Transformer_logic/src-hls/headed_compute_controller.cpp:578 [8]  (0.427 ns)
	'load' operation 5 bit ('t', /home/luka/Scripting/ELEC_498-Capstone-LiteLM/HLS-Verilog/Transformer_logic/src-hls/headed_compute_controller.cpp:578) on local variable 't', /home/luka/Scripting/ELEC_498-Capstone-LiteLM/HLS-Verilog/Transformer_logic/src-hls/headed_compute_controller.cpp:578 [11]  (0.000 ns)
	'add' operation 7 bit ('byte_addr', /home/luka/Scripting/ELEC_498-Capstone-LiteLM/HLS-Verilog/Transformer_logic/src-hls/headed_compute_controller.cpp:584) [23]  (0.781 ns)
	'getelementptr' operation 7 bit ('in_buf_addr', /home/luka/Scripting/ELEC_498-Capstone-LiteLM/HLS-Verilog/Transformer_logic/src-hls/../../top_params.hpp:561->/home/luka/Scripting/ELEC_498-Capstone-LiteLM/HLS-Verilog/Transformer_logic/src-hls/headed_compute_controller.cpp:584) [25]  (0.000 ns)
	'load' operation 8 bit ('in_buf_load', /home/luka/Scripting/ELEC_498-Capstone-LiteLM/HLS-Verilog/Transformer_logic/src-hls/../../top_params.hpp:561->/home/luka/Scripting/ELEC_498-Capstone-LiteLM/HLS-Verilog/Transformer_logic/src-hls/headed_compute_controller.cpp:584) on array 'in_buf' [26]  (0.677 ns)

 <State 2>: 1.458ns
The critical path consists of the following:
	'add' operation 7 bit ('byte_addr', /home/luka/Scripting/ELEC_498-Capstone-LiteLM/HLS-Verilog/Transformer_logic/src-hls/headed_compute_controller.cpp:584) [33]  (0.781 ns)
	'getelementptr' operation 7 bit ('in_buf_addr_18', /home/luka/Scripting/ELEC_498-Capstone-LiteLM/HLS-Verilog/Transformer_logic/src-hls/../../top_params.hpp:561->/home/luka/Scripting/ELEC_498-Capstone-LiteLM/HLS-Verilog/Transformer_logic/src-hls/headed_compute_controller.cpp:584) [35]  (0.000 ns)
	'load' operation 8 bit ('in_buf_load_18', /home/luka/Scripting/ELEC_498-Capstone-LiteLM/HLS-Verilog/Transformer_logic/src-hls/../../top_params.hpp:561->/home/luka/Scripting/ELEC_498-Capstone-LiteLM/HLS-Verilog/Transformer_logic/src-hls/headed_compute_controller.cpp:584) on array 'in_buf' [36]  (0.677 ns)

 <State 3>: 1.354ns
The critical path consists of the following:
	'load' operation 8 bit ('in_buf_load_18', /home/luka/Scripting/ELEC_498-Capstone-LiteLM/HLS-Verilog/Transformer_logic/src-hls/../../top_params.hpp:561->/home/luka/Scripting/ELEC_498-Capstone-LiteLM/HLS-Verilog/Transformer_logic/src-hls/headed_compute_controller.cpp:584) on array 'in_buf' [36]  (0.677 ns)
	'store' operation 0 bit ('store_ln583', /home/luka/Scripting/ELEC_498-Capstone-LiteLM/HLS-Verilog/Transformer_logic/src-hls/headed_compute_controller.cpp:583) of variable 'in_buf_load_18', /home/luka/Scripting/ELEC_498-Capstone-LiteLM/HLS-Verilog/Transformer_logic/src-hls/../../top_params.hpp:561->/home/luka/Scripting/ELEC_498-Capstone-LiteLM/HLS-Verilog/Transformer_logic/src-hls/headed_compute_controller.cpp:584 on array 'headed_compute_controller_bool_bool_unsigned_int_bool_bool_bool_bool_b_31' [45]  (0.677 ns)


============================================================
+ Verbose Summary: Binding
============================================================
N/A
* FSMD analyzer results:
  - Output states:
 - Input state : 
  - Chain level:
	State 1
	State 2
	State 3


============================================================
+ Verbose Summary: Datapath Resource usage 
============================================================
N/A
