

================================================================
== Vitis HLS Report for 'SOFTMAX'
================================================================
* Date:           Fri Jan 30 15:25:10 2026

* Version:        2025.1 (Build 6135595 on May 21 2025)
* Project:        headed_compute_controller
* Solution:       hls (Vivado IP Flow Target)
* Product family: zynquplus
* Target device:  xck26-sfvc784-2LV-c


================================================================
== Performance Estimates
================================================================
+ Timing: 
    * Summary: 
    +--------+----------+----------+------------+
    |  Clock |  Target  | Estimated| Uncertainty|
    +--------+----------+----------+------------+
    |ap_clk  |  10.00 ns|  6.730 ns|     2.70 ns|
    +--------+----------+----------+------------+

+ Latency: 
    * Summary: 
    +---------+---------+----------+----------+-----+-----+---------+
    |  Latency (cycles) |  Latency (absolute) |  Interval | Pipeline|
    |   min   |   max   |    min   |    max   | min | max |   Type  |
    +---------+---------+----------+----------+-----+-----+---------+
    |       62|       95|  0.620 us|  0.950 us|   62|   95|       no|
    +---------+---------+----------+----------+-----+-----+---------+

    + Detail: 
        * Instance: 
        +----------------------------------------------+-----------------------------------+---------+---------+----------+----------+-----+-----+------------------------------------------------+
        |                                              |                                   |  Latency (cycles) |  Latency (absolute) |  Interval |                    Pipeline                    |
        |                   Instance                   |               Module              |   min   |   max   |    min   |    max   | min | max |                      Type                      |
        +----------------------------------------------+-----------------------------------+---------+---------+----------+----------+-----+-----+------------------------------------------------+
        |grp_SOFTMAX_Pipeline_VITIS_LOOP_232_1_fu_120  |SOFTMAX_Pipeline_VITIS_LOOP_232_1  |       17|       17|  0.170 us|  0.170 us|   16|   16|  loop auto-rewind stp (delay=0 clock cycles(s))|
        |grp_SOFTMAX_Pipeline_VITIS_LOOP_245_2_fu_128  |SOFTMAX_Pipeline_VITIS_LOOP_245_2  |       19|       19|  0.190 us|  0.190 us|   17|   17|  loop auto-rewind stp (delay=0 clock cycles(s))|
        |grp_SOFTMAX_Pipeline_VITIS_LOOP_266_3_fu_154  |SOFTMAX_Pipeline_VITIS_LOOP_266_3  |       18|       18|  0.180 us|  0.180 us|   17|   17|  loop auto-rewind stp (delay=0 clock cycles(s))|
        +----------------------------------------------+-----------------------------------+---------+---------+----------+----------+-----+-----+------------------------------------------------+

        * Loop: 
        N/A

============================================================
+ Verbose Summary: Synthesis Manager
============================================================
InlineROM: 1
ExposeGlobal: 0
============================================================
+ Verbose Summary: CDFG Model
============================================================
IsTopModel: 0
ResetActiveHigh: 1
IsCombinational: 0
IsDatapathOnly: 0
HasWiredReturn: 1
HasMFsm: 0
HasVarLatency: 1
IsPipeline: 0
IsRtlPipelined: 0
IsInstanceOverlapped: 0
IsDontTouch: 0
HasImplIP: 0
IsGatedGlobalClock: 0


============================================================
+ Verbose Summary: Schedule
============================================================
* Number of FSM states : 42
* Pipeline : 0
* Dataflow Pipeline: 0

* FSM state transitions: 
1 --> 2 
2 --> 3 
3 --> 4 
4 --> 5 
5 --> 6 
6 --> 7 
7 --> 8 41 
8 --> 9 
9 --> 10 
10 --> 11 
11 --> 12 
12 --> 13 
13 --> 14 
14 --> 15 
15 --> 16 
16 --> 17 
17 --> 18 
18 --> 19 
19 --> 20 
20 --> 21 
21 --> 22 
22 --> 23 
23 --> 24 
24 --> 25 
25 --> 26 
26 --> 27 
27 --> 28 
28 --> 29 
29 --> 30 
30 --> 31 
31 --> 32 
32 --> 33 
33 --> 34 
34 --> 35 
35 --> 36 
36 --> 37 
37 --> 38 
38 --> 39 
39 --> 40 
40 --> 41 
41 --> 42 
42 --> 

* FSM state operations: 

State 1 <SV = 0> <Delay = 0.00>
ST_1 : Operation 43 [1/1] (0.00ns)   --->   "%sum_exp_loc = alloca i64 1"   --->   Operation 43 'alloca' 'sum_exp_loc' <Predicate = true> <Delay = 0.00>
ST_1 : Operation 44 [1/1] (0.00ns)   --->   "%exp_buf_loc = alloca i64 1"   --->   Operation 44 'alloca' 'exp_buf_loc' <Predicate = true> <Delay = 0.00>
ST_1 : Operation 45 [1/1] (0.00ns)   --->   "%exp_buf_1_loc = alloca i64 1"   --->   Operation 45 'alloca' 'exp_buf_1_loc' <Predicate = true> <Delay = 0.00>
ST_1 : Operation 46 [1/1] (0.00ns)   --->   "%exp_buf_2_loc = alloca i64 1"   --->   Operation 46 'alloca' 'exp_buf_2_loc' <Predicate = true> <Delay = 0.00>
ST_1 : Operation 47 [1/1] (0.00ns)   --->   "%exp_buf_3_loc = alloca i64 1"   --->   Operation 47 'alloca' 'exp_buf_3_loc' <Predicate = true> <Delay = 0.00>
ST_1 : Operation 48 [1/1] (0.00ns)   --->   "%exp_buf_4_loc = alloca i64 1"   --->   Operation 48 'alloca' 'exp_buf_4_loc' <Predicate = true> <Delay = 0.00>
ST_1 : Operation 49 [1/1] (0.00ns)   --->   "%exp_buf_5_loc = alloca i64 1"   --->   Operation 49 'alloca' 'exp_buf_5_loc' <Predicate = true> <Delay = 0.00>
ST_1 : Operation 50 [1/1] (0.00ns)   --->   "%exp_buf_6_loc = alloca i64 1"   --->   Operation 50 'alloca' 'exp_buf_6_loc' <Predicate = true> <Delay = 0.00>
ST_1 : Operation 51 [1/1] (0.00ns)   --->   "%exp_buf_7_loc = alloca i64 1"   --->   Operation 51 'alloca' 'exp_buf_7_loc' <Predicate = true> <Delay = 0.00>
ST_1 : Operation 52 [1/1] (0.00ns)   --->   "%exp_buf_8_loc = alloca i64 1"   --->   Operation 52 'alloca' 'exp_buf_8_loc' <Predicate = true> <Delay = 0.00>
ST_1 : Operation 53 [1/1] (0.00ns)   --->   "%exp_buf_9_loc = alloca i64 1"   --->   Operation 53 'alloca' 'exp_buf_9_loc' <Predicate = true> <Delay = 0.00>
ST_1 : Operation 54 [1/1] (0.00ns)   --->   "%exp_buf_10_loc = alloca i64 1"   --->   Operation 54 'alloca' 'exp_buf_10_loc' <Predicate = true> <Delay = 0.00>
ST_1 : Operation 55 [1/1] (0.00ns)   --->   "%exp_buf_11_loc = alloca i64 1"   --->   Operation 55 'alloca' 'exp_buf_11_loc' <Predicate = true> <Delay = 0.00>
ST_1 : Operation 56 [1/1] (0.00ns)   --->   "%exp_buf_12_loc = alloca i64 1"   --->   Operation 56 'alloca' 'exp_buf_12_loc' <Predicate = true> <Delay = 0.00>
ST_1 : Operation 57 [1/1] (0.00ns)   --->   "%exp_buf_13_loc = alloca i64 1"   --->   Operation 57 'alloca' 'exp_buf_13_loc' <Predicate = true> <Delay = 0.00>
ST_1 : Operation 58 [1/1] (0.00ns)   --->   "%exp_buf_14_loc = alloca i64 1"   --->   Operation 58 'alloca' 'exp_buf_14_loc' <Predicate = true> <Delay = 0.00>
ST_1 : Operation 59 [1/1] (0.00ns)   --->   "%exp_buf_15_loc = alloca i64 1"   --->   Operation 59 'alloca' 'exp_buf_15_loc' <Predicate = true> <Delay = 0.00>
ST_1 : Operation 60 [1/1] (0.00ns)   --->   "%max_val_1_loc = alloca i64 1"   --->   Operation 60 'alloca' 'max_val_1_loc' <Predicate = true> <Delay = 0.00>
ST_1 : Operation 61 [2/2] (0.67ns)   --->   "%max_val = load i16 0" [/home/luka/Scripting/ELEC_498-Capstone-LiteLM/HLS-Verilog/Transformer_logic/src-hls/headed_compute_controller.cpp:231]   --->   Operation 61 'load' 'max_val' <Predicate = true> <Delay = 0.67> <CoreInst = "RAM">   --->   Core 82 'RAM' <Latency = 1> <II = 1> <Delay = 0.67> <Storage> <Opcode : 'load' 'store'> <Ports = 2> <Width = 16> <Depth = 16> <RAM>

State 2 <SV = 1> <Delay = 0.67>
ST_2 : Operation 62 [1/2] ( I:0.67ns O:0.67ns )   --->   "%max_val = load i16 0" [/home/luka/Scripting/ELEC_498-Capstone-LiteLM/HLS-Verilog/Transformer_logic/src-hls/headed_compute_controller.cpp:231]   --->   Operation 62 'load' 'max_val' <Predicate = true> <Delay = 0.67> <CoreInst = "RAM">   --->   Core 82 'RAM' <Latency = 1> <II = 1> <Delay = 0.67> <Storage> <Opcode : 'load' 'store'> <Ports = 2> <Width = 16> <Depth = 16> <RAM>

State 3 <SV = 2> <Delay = 0.42>
ST_3 : Operation 63 [2/2] (0.42ns)   --->   "%call_ln231 = call void @SOFTMAX_Pipeline_VITIS_LOOP_232_1, i16 %max_val, i16 %max_val_1_loc, i16 %soft_in" [/home/luka/Scripting/ELEC_498-Capstone-LiteLM/HLS-Verilog/Transformer_logic/src-hls/headed_compute_controller.cpp:231]   --->   Operation 63 'call' 'call_ln231' <Predicate = true> <Delay = 0.42> <CoreType = "Generic">   --->   Generic Core

State 4 <SV = 3> <Delay = 1.64>
ST_4 : Operation 64 [1/2] (1.64ns)   --->   "%call_ln231 = call void @SOFTMAX_Pipeline_VITIS_LOOP_232_1, i16 %max_val, i16 %max_val_1_loc, i16 %soft_in" [/home/luka/Scripting/ELEC_498-Capstone-LiteLM/HLS-Verilog/Transformer_logic/src-hls/headed_compute_controller.cpp:231]   --->   Operation 64 'call' 'call_ln231' <Predicate = true> <Delay = 1.64> <CoreType = "Generic">   --->   Generic Core

State 5 <SV = 4> <Delay = 0.00>
ST_5 : Operation 65 [1/1] (0.00ns)   --->   "%max_val_1_loc_load = load i16 %max_val_1_loc"   --->   Operation 65 'load' 'max_val_1_loc_load' <Predicate = true> <Delay = 0.00>
ST_5 : Operation 66 [2/2] (0.00ns)   --->   "%call_ln0 = call void @SOFTMAX_Pipeline_VITIS_LOOP_245_2, i16 %max_val_1_loc_load, i16 %exp_buf_15_loc, i16 %exp_buf_14_loc, i16 %exp_buf_13_loc, i16 %exp_buf_12_loc, i16 %exp_buf_11_loc, i16 %exp_buf_10_loc, i16 %exp_buf_9_loc, i16 %exp_buf_8_loc, i16 %exp_buf_7_loc, i16 %exp_buf_6_loc, i16 %exp_buf_5_loc, i16 %exp_buf_4_loc, i16 %exp_buf_3_loc, i16 %exp_buf_2_loc, i16 %exp_buf_1_loc, i16 %exp_buf_loc, i19 %sum_exp_loc, i16 %soft_in, i15 %exp_lut_q15"   --->   Operation 66 'call' 'call_ln0' <Predicate = true> <Delay = 0.00> <CoreType = "Generic">   --->   Generic Core

State 6 <SV = 5> <Delay = 0.00>
ST_6 : Operation 67 [1/2] (0.00ns)   --->   "%call_ln0 = call void @SOFTMAX_Pipeline_VITIS_LOOP_245_2, i16 %max_val_1_loc_load, i16 %exp_buf_15_loc, i16 %exp_buf_14_loc, i16 %exp_buf_13_loc, i16 %exp_buf_12_loc, i16 %exp_buf_11_loc, i16 %exp_buf_10_loc, i16 %exp_buf_9_loc, i16 %exp_buf_8_loc, i16 %exp_buf_7_loc, i16 %exp_buf_6_loc, i16 %exp_buf_5_loc, i16 %exp_buf_4_loc, i16 %exp_buf_3_loc, i16 %exp_buf_2_loc, i16 %exp_buf_1_loc, i16 %exp_buf_loc, i19 %sum_exp_loc, i16 %soft_in, i15 %exp_lut_q15"   --->   Operation 67 'call' 'call_ln0' <Predicate = true> <Delay = 0.00> <CoreType = "Generic">   --->   Generic Core

State 7 <SV = 6> <Delay = 1.46>
ST_7 : Operation 68 [1/1] (0.00ns)   --->   "%exp_buf_15_loc_load = load i16 %exp_buf_15_loc"   --->   Operation 68 'load' 'exp_buf_15_loc_load' <Predicate = true> <Delay = 0.00>
ST_7 : Operation 69 [1/1] (0.00ns)   --->   "%exp_buf_14_loc_load = load i16 %exp_buf_14_loc"   --->   Operation 69 'load' 'exp_buf_14_loc_load' <Predicate = true> <Delay = 0.00>
ST_7 : Operation 70 [1/1] (0.00ns)   --->   "%exp_buf_13_loc_load = load i16 %exp_buf_13_loc"   --->   Operation 70 'load' 'exp_buf_13_loc_load' <Predicate = true> <Delay = 0.00>
ST_7 : Operation 71 [1/1] (0.00ns)   --->   "%exp_buf_12_loc_load = load i16 %exp_buf_12_loc"   --->   Operation 71 'load' 'exp_buf_12_loc_load' <Predicate = true> <Delay = 0.00>
ST_7 : Operation 72 [1/1] (0.00ns)   --->   "%exp_buf_11_loc_load = load i16 %exp_buf_11_loc"   --->   Operation 72 'load' 'exp_buf_11_loc_load' <Predicate = true> <Delay = 0.00>
ST_7 : Operation 73 [1/1] (0.00ns)   --->   "%exp_buf_10_loc_load = load i16 %exp_buf_10_loc"   --->   Operation 73 'load' 'exp_buf_10_loc_load' <Predicate = true> <Delay = 0.00>
ST_7 : Operation 74 [1/1] (0.00ns)   --->   "%exp_buf_9_loc_load = load i16 %exp_buf_9_loc"   --->   Operation 74 'load' 'exp_buf_9_loc_load' <Predicate = true> <Delay = 0.00>
ST_7 : Operation 75 [1/1] (0.00ns)   --->   "%exp_buf_8_loc_load = load i16 %exp_buf_8_loc"   --->   Operation 75 'load' 'exp_buf_8_loc_load' <Predicate = true> <Delay = 0.00>
ST_7 : Operation 76 [1/1] (0.00ns)   --->   "%exp_buf_7_loc_load = load i16 %exp_buf_7_loc"   --->   Operation 76 'load' 'exp_buf_7_loc_load' <Predicate = true> <Delay = 0.00>
ST_7 : Operation 77 [1/1] (0.00ns)   --->   "%exp_buf_6_loc_load = load i16 %exp_buf_6_loc"   --->   Operation 77 'load' 'exp_buf_6_loc_load' <Predicate = true> <Delay = 0.00>
ST_7 : Operation 78 [1/1] (0.00ns)   --->   "%exp_buf_5_loc_load = load i16 %exp_buf_5_loc"   --->   Operation 78 'load' 'exp_buf_5_loc_load' <Predicate = true> <Delay = 0.00>
ST_7 : Operation 79 [1/1] (0.00ns)   --->   "%exp_buf_4_loc_load = load i16 %exp_buf_4_loc"   --->   Operation 79 'load' 'exp_buf_4_loc_load' <Predicate = true> <Delay = 0.00>
ST_7 : Operation 80 [1/1] (0.00ns)   --->   "%exp_buf_3_loc_load = load i16 %exp_buf_3_loc"   --->   Operation 80 'load' 'exp_buf_3_loc_load' <Predicate = true> <Delay = 0.00>
ST_7 : Operation 81 [1/1] (0.00ns)   --->   "%exp_buf_2_loc_load = load i16 %exp_buf_2_loc"   --->   Operation 81 'load' 'exp_buf_2_loc_load' <Predicate = true> <Delay = 0.00>
ST_7 : Operation 82 [1/1] (0.00ns)   --->   "%exp_buf_1_loc_load = load i16 %exp_buf_1_loc"   --->   Operation 82 'load' 'exp_buf_1_loc_load' <Predicate = true> <Delay = 0.00>
ST_7 : Operation 83 [1/1] (0.00ns)   --->   "%exp_buf_loc_load = load i16 %exp_buf_loc"   --->   Operation 83 'load' 'exp_buf_loc_load' <Predicate = true> <Delay = 0.00>
ST_7 : Operation 84 [1/1] (0.00ns)   --->   "%sum_exp_loc_load = load i19 %sum_exp_loc"   --->   Operation 84 'load' 'sum_exp_loc_load' <Predicate = true> <Delay = 0.00>
ST_7 : Operation 85 [1/1] (0.00ns)   --->   "%zext_ln245 = zext i19 %sum_exp_loc_load" [/home/luka/Scripting/ELEC_498-Capstone-LiteLM/HLS-Verilog/Transformer_logic/src-hls/headed_compute_controller.cpp:245]   --->   Operation 85 'zext' 'zext_ln245' <Predicate = true> <Delay = 0.00>
ST_7 : Operation 86 [1/1] (0.88ns)   --->   "%icmp_ln258 = icmp_eq  i19 %sum_exp_loc_load, i19 0" [/home/luka/Scripting/ELEC_498-Capstone-LiteLM/HLS-Verilog/Transformer_logic/src-hls/headed_compute_controller.cpp:258]   --->   Operation 86 'icmp' 'icmp_ln258' <Predicate = true> <Delay = 0.88> <CoreInst = "Cmp">   --->   Core 9 'Cmp' <Latency = 0> <II = 1> <Delay = 0.88> <FuncUnit> <Opcode : 'seteq' 'setne' 'setle' 'setge' 'setlt' 'setgt'> <InPorts = 2> <OutPorts = 1>
ST_7 : Operation 87 [1/1] (0.42ns)   --->   "%br_ln258 = br i1 %icmp_ln258, void %if.then30, void %VITIS_LOOP_266_3" [/home/luka/Scripting/ELEC_498-Capstone-LiteLM/HLS-Verilog/Transformer_logic/src-hls/headed_compute_controller.cpp:258]   --->   Operation 87 'br' 'br_ln258' <Predicate = true> <Delay = 0.42>
ST_7 : Operation 88 [1/1] (0.00ns)   --->   "%lshr_ln = partselect i18 @_ssdm_op_PartSelect.i18.i19.i32.i32, i19 %sum_exp_loc_load, i32 1, i32 18" [/home/luka/Scripting/ELEC_498-Capstone-LiteLM/HLS-Verilog/Transformer_logic/src-hls/headed_compute_controller.cpp:260]   --->   Operation 88 'partselect' 'lshr_ln' <Predicate = (!icmp_ln258)> <Delay = 0.00>
ST_7 : Operation 89 [1/1] (0.00ns)   --->   "%zext_ln260 = zext i18 %lshr_ln" [/home/luka/Scripting/ELEC_498-Capstone-LiteLM/HLS-Verilog/Transformer_logic/src-hls/headed_compute_controller.cpp:260]   --->   Operation 89 'zext' 'zext_ln260' <Predicate = (!icmp_ln258)> <Delay = 0.00>
ST_7 : Operation 90 [1/1] (0.00ns)   --->   "%or_ln = bitconcatenate i31 @_ssdm_op_BitConcatenate.i31.i1.i30, i1 1, i30 %zext_ln260" [/home/luka/Scripting/ELEC_498-Capstone-LiteLM/HLS-Verilog/Transformer_logic/src-hls/headed_compute_controller.cpp:260]   --->   Operation 90 'bitconcatenate' 'or_ln' <Predicate = (!icmp_ln258)> <Delay = 0.00>
ST_7 : Operation 91 [35/35] (1.46ns)   --->   "%inv_sum_q15 = udiv i31 %or_ln, i31 %zext_ln245" [/home/luka/Scripting/ELEC_498-Capstone-LiteLM/HLS-Verilog/Transformer_logic/src-hls/headed_compute_controller.cpp:260]   --->   Operation 91 'udiv' 'inv_sum_q15' <Predicate = (!icmp_ln258)> <Delay = 1.46> <CoreInst = "DivnS_SEQ">   --->   Core 7 'DivnS_SEQ' <Latency = 34> <II = 31> <Delay = 1.46> <FuncUnit> <Opcode : 'udiv' 'sdiv' 'urem' 'srem'> <InPorts = 2> <OutPorts = 1>

State 8 <SV = 7> <Delay = 1.46>
ST_8 : Operation 92 [34/35] (1.46ns)   --->   "%inv_sum_q15 = udiv i31 %or_ln, i31 %zext_ln245" [/home/luka/Scripting/ELEC_498-Capstone-LiteLM/HLS-Verilog/Transformer_logic/src-hls/headed_compute_controller.cpp:260]   --->   Operation 92 'udiv' 'inv_sum_q15' <Predicate = true> <Delay = 1.46> <CoreInst = "DivnS_SEQ">   --->   Core 7 'DivnS_SEQ' <Latency = 34> <II = 31> <Delay = 1.46> <FuncUnit> <Opcode : 'udiv' 'sdiv' 'urem' 'srem'> <InPorts = 2> <OutPorts = 1>

State 9 <SV = 8> <Delay = 1.46>
ST_9 : Operation 93 [33/35] (1.46ns)   --->   "%inv_sum_q15 = udiv i31 %or_ln, i31 %zext_ln245" [/home/luka/Scripting/ELEC_498-Capstone-LiteLM/HLS-Verilog/Transformer_logic/src-hls/headed_compute_controller.cpp:260]   --->   Operation 93 'udiv' 'inv_sum_q15' <Predicate = true> <Delay = 1.46> <CoreInst = "DivnS_SEQ">   --->   Core 7 'DivnS_SEQ' <Latency = 34> <II = 31> <Delay = 1.46> <FuncUnit> <Opcode : 'udiv' 'sdiv' 'urem' 'srem'> <InPorts = 2> <OutPorts = 1>

State 10 <SV = 9> <Delay = 1.46>
ST_10 : Operation 94 [32/35] (1.46ns)   --->   "%inv_sum_q15 = udiv i31 %or_ln, i31 %zext_ln245" [/home/luka/Scripting/ELEC_498-Capstone-LiteLM/HLS-Verilog/Transformer_logic/src-hls/headed_compute_controller.cpp:260]   --->   Operation 94 'udiv' 'inv_sum_q15' <Predicate = true> <Delay = 1.46> <CoreInst = "DivnS_SEQ">   --->   Core 7 'DivnS_SEQ' <Latency = 34> <II = 31> <Delay = 1.46> <FuncUnit> <Opcode : 'udiv' 'sdiv' 'urem' 'srem'> <InPorts = 2> <OutPorts = 1>

State 11 <SV = 10> <Delay = 1.46>
ST_11 : Operation 95 [31/35] (1.46ns)   --->   "%inv_sum_q15 = udiv i31 %or_ln, i31 %zext_ln245" [/home/luka/Scripting/ELEC_498-Capstone-LiteLM/HLS-Verilog/Transformer_logic/src-hls/headed_compute_controller.cpp:260]   --->   Operation 95 'udiv' 'inv_sum_q15' <Predicate = true> <Delay = 1.46> <CoreInst = "DivnS_SEQ">   --->   Core 7 'DivnS_SEQ' <Latency = 34> <II = 31> <Delay = 1.46> <FuncUnit> <Opcode : 'udiv' 'sdiv' 'urem' 'srem'> <InPorts = 2> <OutPorts = 1>

State 12 <SV = 11> <Delay = 1.46>
ST_12 : Operation 96 [30/35] (1.46ns)   --->   "%inv_sum_q15 = udiv i31 %or_ln, i31 %zext_ln245" [/home/luka/Scripting/ELEC_498-Capstone-LiteLM/HLS-Verilog/Transformer_logic/src-hls/headed_compute_controller.cpp:260]   --->   Operation 96 'udiv' 'inv_sum_q15' <Predicate = true> <Delay = 1.46> <CoreInst = "DivnS_SEQ">   --->   Core 7 'DivnS_SEQ' <Latency = 34> <II = 31> <Delay = 1.46> <FuncUnit> <Opcode : 'udiv' 'sdiv' 'urem' 'srem'> <InPorts = 2> <OutPorts = 1>

State 13 <SV = 12> <Delay = 1.46>
ST_13 : Operation 97 [29/35] (1.46ns)   --->   "%inv_sum_q15 = udiv i31 %or_ln, i31 %zext_ln245" [/home/luka/Scripting/ELEC_498-Capstone-LiteLM/HLS-Verilog/Transformer_logic/src-hls/headed_compute_controller.cpp:260]   --->   Operation 97 'udiv' 'inv_sum_q15' <Predicate = true> <Delay = 1.46> <CoreInst = "DivnS_SEQ">   --->   Core 7 'DivnS_SEQ' <Latency = 34> <II = 31> <Delay = 1.46> <FuncUnit> <Opcode : 'udiv' 'sdiv' 'urem' 'srem'> <InPorts = 2> <OutPorts = 1>

State 14 <SV = 13> <Delay = 1.46>
ST_14 : Operation 98 [28/35] (1.46ns)   --->   "%inv_sum_q15 = udiv i31 %or_ln, i31 %zext_ln245" [/home/luka/Scripting/ELEC_498-Capstone-LiteLM/HLS-Verilog/Transformer_logic/src-hls/headed_compute_controller.cpp:260]   --->   Operation 98 'udiv' 'inv_sum_q15' <Predicate = true> <Delay = 1.46> <CoreInst = "DivnS_SEQ">   --->   Core 7 'DivnS_SEQ' <Latency = 34> <II = 31> <Delay = 1.46> <FuncUnit> <Opcode : 'udiv' 'sdiv' 'urem' 'srem'> <InPorts = 2> <OutPorts = 1>

State 15 <SV = 14> <Delay = 1.46>
ST_15 : Operation 99 [27/35] (1.46ns)   --->   "%inv_sum_q15 = udiv i31 %or_ln, i31 %zext_ln245" [/home/luka/Scripting/ELEC_498-Capstone-LiteLM/HLS-Verilog/Transformer_logic/src-hls/headed_compute_controller.cpp:260]   --->   Operation 99 'udiv' 'inv_sum_q15' <Predicate = true> <Delay = 1.46> <CoreInst = "DivnS_SEQ">   --->   Core 7 'DivnS_SEQ' <Latency = 34> <II = 31> <Delay = 1.46> <FuncUnit> <Opcode : 'udiv' 'sdiv' 'urem' 'srem'> <InPorts = 2> <OutPorts = 1>

State 16 <SV = 15> <Delay = 1.46>
ST_16 : Operation 100 [26/35] (1.46ns)   --->   "%inv_sum_q15 = udiv i31 %or_ln, i31 %zext_ln245" [/home/luka/Scripting/ELEC_498-Capstone-LiteLM/HLS-Verilog/Transformer_logic/src-hls/headed_compute_controller.cpp:260]   --->   Operation 100 'udiv' 'inv_sum_q15' <Predicate = true> <Delay = 1.46> <CoreInst = "DivnS_SEQ">   --->   Core 7 'DivnS_SEQ' <Latency = 34> <II = 31> <Delay = 1.46> <FuncUnit> <Opcode : 'udiv' 'sdiv' 'urem' 'srem'> <InPorts = 2> <OutPorts = 1>

State 17 <SV = 16> <Delay = 1.46>
ST_17 : Operation 101 [25/35] (1.46ns)   --->   "%inv_sum_q15 = udiv i31 %or_ln, i31 %zext_ln245" [/home/luka/Scripting/ELEC_498-Capstone-LiteLM/HLS-Verilog/Transformer_logic/src-hls/headed_compute_controller.cpp:260]   --->   Operation 101 'udiv' 'inv_sum_q15' <Predicate = true> <Delay = 1.46> <CoreInst = "DivnS_SEQ">   --->   Core 7 'DivnS_SEQ' <Latency = 34> <II = 31> <Delay = 1.46> <FuncUnit> <Opcode : 'udiv' 'sdiv' 'urem' 'srem'> <InPorts = 2> <OutPorts = 1>

State 18 <SV = 17> <Delay = 1.46>
ST_18 : Operation 102 [24/35] (1.46ns)   --->   "%inv_sum_q15 = udiv i31 %or_ln, i31 %zext_ln245" [/home/luka/Scripting/ELEC_498-Capstone-LiteLM/HLS-Verilog/Transformer_logic/src-hls/headed_compute_controller.cpp:260]   --->   Operation 102 'udiv' 'inv_sum_q15' <Predicate = true> <Delay = 1.46> <CoreInst = "DivnS_SEQ">   --->   Core 7 'DivnS_SEQ' <Latency = 34> <II = 31> <Delay = 1.46> <FuncUnit> <Opcode : 'udiv' 'sdiv' 'urem' 'srem'> <InPorts = 2> <OutPorts = 1>

State 19 <SV = 18> <Delay = 1.46>
ST_19 : Operation 103 [23/35] (1.46ns)   --->   "%inv_sum_q15 = udiv i31 %or_ln, i31 %zext_ln245" [/home/luka/Scripting/ELEC_498-Capstone-LiteLM/HLS-Verilog/Transformer_logic/src-hls/headed_compute_controller.cpp:260]   --->   Operation 103 'udiv' 'inv_sum_q15' <Predicate = true> <Delay = 1.46> <CoreInst = "DivnS_SEQ">   --->   Core 7 'DivnS_SEQ' <Latency = 34> <II = 31> <Delay = 1.46> <FuncUnit> <Opcode : 'udiv' 'sdiv' 'urem' 'srem'> <InPorts = 2> <OutPorts = 1>

State 20 <SV = 19> <Delay = 1.46>
ST_20 : Operation 104 [22/35] (1.46ns)   --->   "%inv_sum_q15 = udiv i31 %or_ln, i31 %zext_ln245" [/home/luka/Scripting/ELEC_498-Capstone-LiteLM/HLS-Verilog/Transformer_logic/src-hls/headed_compute_controller.cpp:260]   --->   Operation 104 'udiv' 'inv_sum_q15' <Predicate = true> <Delay = 1.46> <CoreInst = "DivnS_SEQ">   --->   Core 7 'DivnS_SEQ' <Latency = 34> <II = 31> <Delay = 1.46> <FuncUnit> <Opcode : 'udiv' 'sdiv' 'urem' 'srem'> <InPorts = 2> <OutPorts = 1>

State 21 <SV = 20> <Delay = 1.46>
ST_21 : Operation 105 [21/35] (1.46ns)   --->   "%inv_sum_q15 = udiv i31 %or_ln, i31 %zext_ln245" [/home/luka/Scripting/ELEC_498-Capstone-LiteLM/HLS-Verilog/Transformer_logic/src-hls/headed_compute_controller.cpp:260]   --->   Operation 105 'udiv' 'inv_sum_q15' <Predicate = true> <Delay = 1.46> <CoreInst = "DivnS_SEQ">   --->   Core 7 'DivnS_SEQ' <Latency = 34> <II = 31> <Delay = 1.46> <FuncUnit> <Opcode : 'udiv' 'sdiv' 'urem' 'srem'> <InPorts = 2> <OutPorts = 1>

State 22 <SV = 21> <Delay = 1.46>
ST_22 : Operation 106 [20/35] (1.46ns)   --->   "%inv_sum_q15 = udiv i31 %or_ln, i31 %zext_ln245" [/home/luka/Scripting/ELEC_498-Capstone-LiteLM/HLS-Verilog/Transformer_logic/src-hls/headed_compute_controller.cpp:260]   --->   Operation 106 'udiv' 'inv_sum_q15' <Predicate = true> <Delay = 1.46> <CoreInst = "DivnS_SEQ">   --->   Core 7 'DivnS_SEQ' <Latency = 34> <II = 31> <Delay = 1.46> <FuncUnit> <Opcode : 'udiv' 'sdiv' 'urem' 'srem'> <InPorts = 2> <OutPorts = 1>

State 23 <SV = 22> <Delay = 1.46>
ST_23 : Operation 107 [19/35] (1.46ns)   --->   "%inv_sum_q15 = udiv i31 %or_ln, i31 %zext_ln245" [/home/luka/Scripting/ELEC_498-Capstone-LiteLM/HLS-Verilog/Transformer_logic/src-hls/headed_compute_controller.cpp:260]   --->   Operation 107 'udiv' 'inv_sum_q15' <Predicate = true> <Delay = 1.46> <CoreInst = "DivnS_SEQ">   --->   Core 7 'DivnS_SEQ' <Latency = 34> <II = 31> <Delay = 1.46> <FuncUnit> <Opcode : 'udiv' 'sdiv' 'urem' 'srem'> <InPorts = 2> <OutPorts = 1>

State 24 <SV = 23> <Delay = 1.46>
ST_24 : Operation 108 [18/35] (1.46ns)   --->   "%inv_sum_q15 = udiv i31 %or_ln, i31 %zext_ln245" [/home/luka/Scripting/ELEC_498-Capstone-LiteLM/HLS-Verilog/Transformer_logic/src-hls/headed_compute_controller.cpp:260]   --->   Operation 108 'udiv' 'inv_sum_q15' <Predicate = true> <Delay = 1.46> <CoreInst = "DivnS_SEQ">   --->   Core 7 'DivnS_SEQ' <Latency = 34> <II = 31> <Delay = 1.46> <FuncUnit> <Opcode : 'udiv' 'sdiv' 'urem' 'srem'> <InPorts = 2> <OutPorts = 1>

State 25 <SV = 24> <Delay = 1.46>
ST_25 : Operation 109 [17/35] (1.46ns)   --->   "%inv_sum_q15 = udiv i31 %or_ln, i31 %zext_ln245" [/home/luka/Scripting/ELEC_498-Capstone-LiteLM/HLS-Verilog/Transformer_logic/src-hls/headed_compute_controller.cpp:260]   --->   Operation 109 'udiv' 'inv_sum_q15' <Predicate = true> <Delay = 1.46> <CoreInst = "DivnS_SEQ">   --->   Core 7 'DivnS_SEQ' <Latency = 34> <II = 31> <Delay = 1.46> <FuncUnit> <Opcode : 'udiv' 'sdiv' 'urem' 'srem'> <InPorts = 2> <OutPorts = 1>

State 26 <SV = 25> <Delay = 1.46>
ST_26 : Operation 110 [16/35] (1.46ns)   --->   "%inv_sum_q15 = udiv i31 %or_ln, i31 %zext_ln245" [/home/luka/Scripting/ELEC_498-Capstone-LiteLM/HLS-Verilog/Transformer_logic/src-hls/headed_compute_controller.cpp:260]   --->   Operation 110 'udiv' 'inv_sum_q15' <Predicate = true> <Delay = 1.46> <CoreInst = "DivnS_SEQ">   --->   Core 7 'DivnS_SEQ' <Latency = 34> <II = 31> <Delay = 1.46> <FuncUnit> <Opcode : 'udiv' 'sdiv' 'urem' 'srem'> <InPorts = 2> <OutPorts = 1>

State 27 <SV = 26> <Delay = 1.46>
ST_27 : Operation 111 [15/35] (1.46ns)   --->   "%inv_sum_q15 = udiv i31 %or_ln, i31 %zext_ln245" [/home/luka/Scripting/ELEC_498-Capstone-LiteLM/HLS-Verilog/Transformer_logic/src-hls/headed_compute_controller.cpp:260]   --->   Operation 111 'udiv' 'inv_sum_q15' <Predicate = true> <Delay = 1.46> <CoreInst = "DivnS_SEQ">   --->   Core 7 'DivnS_SEQ' <Latency = 34> <II = 31> <Delay = 1.46> <FuncUnit> <Opcode : 'udiv' 'sdiv' 'urem' 'srem'> <InPorts = 2> <OutPorts = 1>

State 28 <SV = 27> <Delay = 1.46>
ST_28 : Operation 112 [14/35] (1.46ns)   --->   "%inv_sum_q15 = udiv i31 %or_ln, i31 %zext_ln245" [/home/luka/Scripting/ELEC_498-Capstone-LiteLM/HLS-Verilog/Transformer_logic/src-hls/headed_compute_controller.cpp:260]   --->   Operation 112 'udiv' 'inv_sum_q15' <Predicate = true> <Delay = 1.46> <CoreInst = "DivnS_SEQ">   --->   Core 7 'DivnS_SEQ' <Latency = 34> <II = 31> <Delay = 1.46> <FuncUnit> <Opcode : 'udiv' 'sdiv' 'urem' 'srem'> <InPorts = 2> <OutPorts = 1>

State 29 <SV = 28> <Delay = 1.46>
ST_29 : Operation 113 [13/35] (1.46ns)   --->   "%inv_sum_q15 = udiv i31 %or_ln, i31 %zext_ln245" [/home/luka/Scripting/ELEC_498-Capstone-LiteLM/HLS-Verilog/Transformer_logic/src-hls/headed_compute_controller.cpp:260]   --->   Operation 113 'udiv' 'inv_sum_q15' <Predicate = true> <Delay = 1.46> <CoreInst = "DivnS_SEQ">   --->   Core 7 'DivnS_SEQ' <Latency = 34> <II = 31> <Delay = 1.46> <FuncUnit> <Opcode : 'udiv' 'sdiv' 'urem' 'srem'> <InPorts = 2> <OutPorts = 1>

State 30 <SV = 29> <Delay = 1.46>
ST_30 : Operation 114 [12/35] (1.46ns)   --->   "%inv_sum_q15 = udiv i31 %or_ln, i31 %zext_ln245" [/home/luka/Scripting/ELEC_498-Capstone-LiteLM/HLS-Verilog/Transformer_logic/src-hls/headed_compute_controller.cpp:260]   --->   Operation 114 'udiv' 'inv_sum_q15' <Predicate = true> <Delay = 1.46> <CoreInst = "DivnS_SEQ">   --->   Core 7 'DivnS_SEQ' <Latency = 34> <II = 31> <Delay = 1.46> <FuncUnit> <Opcode : 'udiv' 'sdiv' 'urem' 'srem'> <InPorts = 2> <OutPorts = 1>

State 31 <SV = 30> <Delay = 1.46>
ST_31 : Operation 115 [11/35] (1.46ns)   --->   "%inv_sum_q15 = udiv i31 %or_ln, i31 %zext_ln245" [/home/luka/Scripting/ELEC_498-Capstone-LiteLM/HLS-Verilog/Transformer_logic/src-hls/headed_compute_controller.cpp:260]   --->   Operation 115 'udiv' 'inv_sum_q15' <Predicate = true> <Delay = 1.46> <CoreInst = "DivnS_SEQ">   --->   Core 7 'DivnS_SEQ' <Latency = 34> <II = 31> <Delay = 1.46> <FuncUnit> <Opcode : 'udiv' 'sdiv' 'urem' 'srem'> <InPorts = 2> <OutPorts = 1>

State 32 <SV = 31> <Delay = 1.46>
ST_32 : Operation 116 [10/35] (1.46ns)   --->   "%inv_sum_q15 = udiv i31 %or_ln, i31 %zext_ln245" [/home/luka/Scripting/ELEC_498-Capstone-LiteLM/HLS-Verilog/Transformer_logic/src-hls/headed_compute_controller.cpp:260]   --->   Operation 116 'udiv' 'inv_sum_q15' <Predicate = true> <Delay = 1.46> <CoreInst = "DivnS_SEQ">   --->   Core 7 'DivnS_SEQ' <Latency = 34> <II = 31> <Delay = 1.46> <FuncUnit> <Opcode : 'udiv' 'sdiv' 'urem' 'srem'> <InPorts = 2> <OutPorts = 1>

State 33 <SV = 32> <Delay = 1.46>
ST_33 : Operation 117 [9/35] (1.46ns)   --->   "%inv_sum_q15 = udiv i31 %or_ln, i31 %zext_ln245" [/home/luka/Scripting/ELEC_498-Capstone-LiteLM/HLS-Verilog/Transformer_logic/src-hls/headed_compute_controller.cpp:260]   --->   Operation 117 'udiv' 'inv_sum_q15' <Predicate = true> <Delay = 1.46> <CoreInst = "DivnS_SEQ">   --->   Core 7 'DivnS_SEQ' <Latency = 34> <II = 31> <Delay = 1.46> <FuncUnit> <Opcode : 'udiv' 'sdiv' 'urem' 'srem'> <InPorts = 2> <OutPorts = 1>

State 34 <SV = 33> <Delay = 1.46>
ST_34 : Operation 118 [8/35] (1.46ns)   --->   "%inv_sum_q15 = udiv i31 %or_ln, i31 %zext_ln245" [/home/luka/Scripting/ELEC_498-Capstone-LiteLM/HLS-Verilog/Transformer_logic/src-hls/headed_compute_controller.cpp:260]   --->   Operation 118 'udiv' 'inv_sum_q15' <Predicate = true> <Delay = 1.46> <CoreInst = "DivnS_SEQ">   --->   Core 7 'DivnS_SEQ' <Latency = 34> <II = 31> <Delay = 1.46> <FuncUnit> <Opcode : 'udiv' 'sdiv' 'urem' 'srem'> <InPorts = 2> <OutPorts = 1>

State 35 <SV = 34> <Delay = 1.46>
ST_35 : Operation 119 [7/35] (1.46ns)   --->   "%inv_sum_q15 = udiv i31 %or_ln, i31 %zext_ln245" [/home/luka/Scripting/ELEC_498-Capstone-LiteLM/HLS-Verilog/Transformer_logic/src-hls/headed_compute_controller.cpp:260]   --->   Operation 119 'udiv' 'inv_sum_q15' <Predicate = true> <Delay = 1.46> <CoreInst = "DivnS_SEQ">   --->   Core 7 'DivnS_SEQ' <Latency = 34> <II = 31> <Delay = 1.46> <FuncUnit> <Opcode : 'udiv' 'sdiv' 'urem' 'srem'> <InPorts = 2> <OutPorts = 1>

State 36 <SV = 35> <Delay = 1.46>
ST_36 : Operation 120 [6/35] (1.46ns)   --->   "%inv_sum_q15 = udiv i31 %or_ln, i31 %zext_ln245" [/home/luka/Scripting/ELEC_498-Capstone-LiteLM/HLS-Verilog/Transformer_logic/src-hls/headed_compute_controller.cpp:260]   --->   Operation 120 'udiv' 'inv_sum_q15' <Predicate = true> <Delay = 1.46> <CoreInst = "DivnS_SEQ">   --->   Core 7 'DivnS_SEQ' <Latency = 34> <II = 31> <Delay = 1.46> <FuncUnit> <Opcode : 'udiv' 'sdiv' 'urem' 'srem'> <InPorts = 2> <OutPorts = 1>

State 37 <SV = 36> <Delay = 1.46>
ST_37 : Operation 121 [5/35] (1.46ns)   --->   "%inv_sum_q15 = udiv i31 %or_ln, i31 %zext_ln245" [/home/luka/Scripting/ELEC_498-Capstone-LiteLM/HLS-Verilog/Transformer_logic/src-hls/headed_compute_controller.cpp:260]   --->   Operation 121 'udiv' 'inv_sum_q15' <Predicate = true> <Delay = 1.46> <CoreInst = "DivnS_SEQ">   --->   Core 7 'DivnS_SEQ' <Latency = 34> <II = 31> <Delay = 1.46> <FuncUnit> <Opcode : 'udiv' 'sdiv' 'urem' 'srem'> <InPorts = 2> <OutPorts = 1>

State 38 <SV = 37> <Delay = 1.46>
ST_38 : Operation 122 [4/35] (1.46ns)   --->   "%inv_sum_q15 = udiv i31 %or_ln, i31 %zext_ln245" [/home/luka/Scripting/ELEC_498-Capstone-LiteLM/HLS-Verilog/Transformer_logic/src-hls/headed_compute_controller.cpp:260]   --->   Operation 122 'udiv' 'inv_sum_q15' <Predicate = true> <Delay = 1.46> <CoreInst = "DivnS_SEQ">   --->   Core 7 'DivnS_SEQ' <Latency = 34> <II = 31> <Delay = 1.46> <FuncUnit> <Opcode : 'udiv' 'sdiv' 'urem' 'srem'> <InPorts = 2> <OutPorts = 1>

State 39 <SV = 38> <Delay = 1.46>
ST_39 : Operation 123 [3/35] (1.46ns)   --->   "%inv_sum_q15 = udiv i31 %or_ln, i31 %zext_ln245" [/home/luka/Scripting/ELEC_498-Capstone-LiteLM/HLS-Verilog/Transformer_logic/src-hls/headed_compute_controller.cpp:260]   --->   Operation 123 'udiv' 'inv_sum_q15' <Predicate = true> <Delay = 1.46> <CoreInst = "DivnS_SEQ">   --->   Core 7 'DivnS_SEQ' <Latency = 34> <II = 31> <Delay = 1.46> <FuncUnit> <Opcode : 'udiv' 'sdiv' 'urem' 'srem'> <InPorts = 2> <OutPorts = 1>

State 40 <SV = 39> <Delay = 1.46>
ST_40 : Operation 124 [2/35] (1.46ns)   --->   "%inv_sum_q15 = udiv i31 %or_ln, i31 %zext_ln245" [/home/luka/Scripting/ELEC_498-Capstone-LiteLM/HLS-Verilog/Transformer_logic/src-hls/headed_compute_controller.cpp:260]   --->   Operation 124 'udiv' 'inv_sum_q15' <Predicate = true> <Delay = 1.46> <CoreInst = "DivnS_SEQ">   --->   Core 7 'DivnS_SEQ' <Latency = 34> <II = 31> <Delay = 1.46> <FuncUnit> <Opcode : 'udiv' 'sdiv' 'urem' 'srem'> <InPorts = 2> <OutPorts = 1>

State 41 <SV = 40> <Delay = 6.72>
ST_41 : Operation 125 [1/35] (1.46ns)   --->   "%inv_sum_q15 = udiv i31 %or_ln, i31 %zext_ln245" [/home/luka/Scripting/ELEC_498-Capstone-LiteLM/HLS-Verilog/Transformer_logic/src-hls/headed_compute_controller.cpp:260]   --->   Operation 125 'udiv' 'inv_sum_q15' <Predicate = (!icmp_ln258)> <Delay = 1.46> <CoreInst = "DivnS_SEQ">   --->   Core 7 'DivnS_SEQ' <Latency = 34> <II = 31> <Delay = 1.46> <FuncUnit> <Opcode : 'udiv' 'sdiv' 'urem' 'srem'> <InPorts = 2> <OutPorts = 1>
ST_41 : Operation 126 [1/1] (0.42ns)   --->   "%br_ln262 = br void %VITIS_LOOP_266_3" [/home/luka/Scripting/ELEC_498-Capstone-LiteLM/HLS-Verilog/Transformer_logic/src-hls/headed_compute_controller.cpp:262]   --->   Operation 126 'br' 'br_ln262' <Predicate = (!icmp_ln258)> <Delay = 0.42>
ST_41 : Operation 127 [1/1] (0.00ns)   --->   "%inv_sum_q15_1 = phi i31 %inv_sum_q15, void %if.then30, i31 0, void %entry"   --->   Operation 127 'phi' 'inv_sum_q15_1' <Predicate = true> <Delay = 0.00>
ST_41 : Operation 128 [2/2] (4.83ns)   --->   "%call_ln260 = call void @SOFTMAX_Pipeline_VITIS_LOOP_266_3, i16 %exp_buf_loc_load, i16 %exp_buf_1_loc_load, i16 %exp_buf_2_loc_load, i16 %exp_buf_3_loc_load, i16 %exp_buf_4_loc_load, i16 %exp_buf_5_loc_load, i16 %exp_buf_6_loc_load, i16 %exp_buf_7_loc_load, i16 %exp_buf_8_loc_load, i16 %exp_buf_9_loc_load, i16 %exp_buf_10_loc_load, i16 %exp_buf_11_loc_load, i16 %exp_buf_12_loc_load, i16 %exp_buf_13_loc_load, i16 %exp_buf_14_loc_load, i16 %exp_buf_15_loc_load, i31 %inv_sum_q15_1, i15 %soft_out" [/home/luka/Scripting/ELEC_498-Capstone-LiteLM/HLS-Verilog/Transformer_logic/src-hls/headed_compute_controller.cpp:260]   --->   Operation 128 'call' 'call_ln260' <Predicate = true> <Delay = 4.83> <CoreType = "Generic">   --->   Generic Core

State 42 <SV = 41> <Delay = 1.64>
ST_42 : Operation 129 [1/2] (1.64ns)   --->   "%call_ln260 = call void @SOFTMAX_Pipeline_VITIS_LOOP_266_3, i16 %exp_buf_loc_load, i16 %exp_buf_1_loc_load, i16 %exp_buf_2_loc_load, i16 %exp_buf_3_loc_load, i16 %exp_buf_4_loc_load, i16 %exp_buf_5_loc_load, i16 %exp_buf_6_loc_load, i16 %exp_buf_7_loc_load, i16 %exp_buf_8_loc_load, i16 %exp_buf_9_loc_load, i16 %exp_buf_10_loc_load, i16 %exp_buf_11_loc_load, i16 %exp_buf_12_loc_load, i16 %exp_buf_13_loc_load, i16 %exp_buf_14_loc_load, i16 %exp_buf_15_loc_load, i31 %inv_sum_q15_1, i15 %soft_out" [/home/luka/Scripting/ELEC_498-Capstone-LiteLM/HLS-Verilog/Transformer_logic/src-hls/headed_compute_controller.cpp:260]   --->   Operation 129 'call' 'call_ln260' <Predicate = true> <Delay = 1.64> <CoreType = "Generic">   --->   Generic Core
ST_42 : Operation 130 [1/1] (0.00ns)   --->   "%ret_ln274 = ret" [/home/luka/Scripting/ELEC_498-Capstone-LiteLM/HLS-Verilog/Transformer_logic/src-hls/headed_compute_controller.cpp:274]   --->   Operation 130 'ret' 'ret_ln274' <Predicate = true> <Delay = 0.00>


============================================================
+ Verbose Summary: Binding
============================================================
STG Binding: 
---------------- STG Properties BEGIN ----------------
- Is combinational: 0
- Is one-state seq: 0
- Is datapath-only: 0
- Is pipelined: 0
- Is top level: 0
Port [ Return ] is wired: 1; IO mode=ap_ctrl_hs:ce=0
Port [ soft_in]:  wired=1; compound=1; hidden=0; nouse=0; global=1; static=1; extern=0; dir=0; type=1; pingpong=0; private_global=0; MemPort=[13]; IO mode=ap_memory:ce=0
Port [ exp_lut_q15]:  wired=0; compound=1; hidden=1; nouse=1; global=1; static=1; extern=0; dir=0; type=1; pingpong=0; private_global=0; MemPort=[1]; IO mode=ap_memory:ce=0
Port [ soft_out]:  wired=1; compound=1; hidden=0; nouse=0; global=1; static=1; extern=0; dir=1; type=1; pingpong=0; private_global=0; MemPort=[03]; IO mode=ap_memory:ce=0
---------------- STG Properties END ------------------

---------------- Datapath Model BEGIN ----------------

<LifeTime>
<method=bitvector/>
sum_exp_loc         (alloca        ) [ 0011111100000000000000000000000000000000000]
exp_buf_loc         (alloca        ) [ 0011111100000000000000000000000000000000000]
exp_buf_1_loc       (alloca        ) [ 0011111100000000000000000000000000000000000]
exp_buf_2_loc       (alloca        ) [ 0011111100000000000000000000000000000000000]
exp_buf_3_loc       (alloca        ) [ 0011111100000000000000000000000000000000000]
exp_buf_4_loc       (alloca        ) [ 0011111100000000000000000000000000000000000]
exp_buf_5_loc       (alloca        ) [ 0011111100000000000000000000000000000000000]
exp_buf_6_loc       (alloca        ) [ 0011111100000000000000000000000000000000000]
exp_buf_7_loc       (alloca        ) [ 0011111100000000000000000000000000000000000]
exp_buf_8_loc       (alloca        ) [ 0011111100000000000000000000000000000000000]
exp_buf_9_loc       (alloca        ) [ 0011111100000000000000000000000000000000000]
exp_buf_10_loc      (alloca        ) [ 0011111100000000000000000000000000000000000]
exp_buf_11_loc      (alloca        ) [ 0011111100000000000000000000000000000000000]
exp_buf_12_loc      (alloca        ) [ 0011111100000000000000000000000000000000000]
exp_buf_13_loc      (alloca        ) [ 0011111100000000000000000000000000000000000]
exp_buf_14_loc      (alloca        ) [ 0011111100000000000000000000000000000000000]
exp_buf_15_loc      (alloca        ) [ 0011111100000000000000000000000000000000000]
max_val_1_loc       (alloca        ) [ 0011110000000000000000000000000000000000000]
max_val             (load          ) [ 0001100000000000000000000000000000000000000]
call_ln231          (call          ) [ 0000000000000000000000000000000000000000000]
max_val_1_loc_load  (load          ) [ 0000001000000000000000000000000000000000000]
call_ln0            (call          ) [ 0000000000000000000000000000000000000000000]
exp_buf_15_loc_load (load          ) [ 0000000011111111111111111111111111111111111]
exp_buf_14_loc_load (load          ) [ 0000000011111111111111111111111111111111111]
exp_buf_13_loc_load (load          ) [ 0000000011111111111111111111111111111111111]
exp_buf_12_loc_load (load          ) [ 0000000011111111111111111111111111111111111]
exp_buf_11_loc_load (load          ) [ 0000000011111111111111111111111111111111111]
exp_buf_10_loc_load (load          ) [ 0000000011111111111111111111111111111111111]
exp_buf_9_loc_load  (load          ) [ 0000000011111111111111111111111111111111111]
exp_buf_8_loc_load  (load          ) [ 0000000011111111111111111111111111111111111]
exp_buf_7_loc_load  (load          ) [ 0000000011111111111111111111111111111111111]
exp_buf_6_loc_load  (load          ) [ 0000000011111111111111111111111111111111111]
exp_buf_5_loc_load  (load          ) [ 0000000011111111111111111111111111111111111]
exp_buf_4_loc_load  (load          ) [ 0000000011111111111111111111111111111111111]
exp_buf_3_loc_load  (load          ) [ 0000000011111111111111111111111111111111111]
exp_buf_2_loc_load  (load          ) [ 0000000011111111111111111111111111111111111]
exp_buf_1_loc_load  (load          ) [ 0000000011111111111111111111111111111111111]
exp_buf_loc_load    (load          ) [ 0000000011111111111111111111111111111111111]
sum_exp_loc_load    (load          ) [ 0000000000000000000000000000000000000000000]
zext_ln245          (zext          ) [ 0000000011111111111111111111111111111111110]
icmp_ln258          (icmp          ) [ 0000000111111111111111111111111111111111110]
br_ln258            (br            ) [ 0000000111111111111111111111111111111111110]
lshr_ln             (partselect    ) [ 0000000000000000000000000000000000000000000]
zext_ln260          (zext          ) [ 0000000000000000000000000000000000000000000]
or_ln               (bitconcatenate) [ 0000000011111111111111111111111111111111110]
inv_sum_q15         (udiv          ) [ 0000000000000000000000000000000000000000000]
br_ln262            (br            ) [ 0000000000000000000000000000000000000000000]
inv_sum_q15_1       (phi           ) [ 0000000011111111111111111111111111111111111]
call_ln260          (call          ) [ 0000000000000000000000000000000000000000000]
ret_ln274           (ret           ) [ 0000000000000000000000000000000000000000000]
</LifeTime>

<model>

<comp_list>
<comp id="0" class="1000" name="soft_in">
<pin_list>
<pin id="1" dir="1" index="0" bw="1" slack="0"/>
</pin_list>
<bind>
<StgValue><ssdm name="soft_in"/><MemPortTyVec>1 3 </MemPortTyVec>
</StgValue>
</bind>
</comp>

<comp id="2" class="1000" name="exp_lut_q15">
<pin_list>
<pin id="3" dir="1" index="0" bw="1" slack="0"/>
</pin_list>
<bind>
<StgValue><ssdm name="exp_lut_q15"/><MemPortTyVec>1 </MemPortTyVec>
</StgValue>
</bind>
</comp>

<comp id="4" class="1000" name="soft_out">
<pin_list>
<pin id="5" dir="1" index="0" bw="1" slack="0"/>
</pin_list>
<bind>
<StgValue><ssdm name="soft_out"/><MemPortTyVec>0 3 </MemPortTyVec>
</StgValue>
</bind>
</comp>

<comp id="6" class="1001" name="const_6">
<pin_list>
<pin id="7" dir="1" index="0" bw="1" slack="0"/>
</pin_list>
<bind>
<StgValue><ssdm name=""/></StgValue>
</bind>
</comp>

<comp id="8" class="1001" name="const_8">
<pin_list>
<pin id="9" dir="1" index="0" bw="1" slack="0"/>
</pin_list>
<bind>
<StgValue><ssdm name=""/></StgValue>
</bind>
</comp>

<comp id="10" class="1001" name="const_10">
<pin_list>
<pin id="11" dir="1" index="0" bw="1" slack="0"/>
</pin_list>
<bind>
<StgValue><ssdm name="SOFTMAX_Pipeline_VITIS_LOOP_232_1"/></StgValue>
</bind>
</comp>

<comp id="12" class="1001" name="const_12">
<pin_list>
<pin id="13" dir="1" index="0" bw="1" slack="0"/>
</pin_list>
<bind>
<StgValue><ssdm name="SOFTMAX_Pipeline_VITIS_LOOP_245_2"/></StgValue>
</bind>
</comp>

<comp id="14" class="1001" name="const_14">
<pin_list>
<pin id="15" dir="1" index="0" bw="1" slack="0"/>
</pin_list>
<bind>
<StgValue><ssdm name=""/></StgValue>
</bind>
</comp>

<comp id="16" class="1001" name="const_16">
<pin_list>
<pin id="17" dir="1" index="0" bw="1" slack="0"/>
</pin_list>
<bind>
<StgValue><ssdm name="_ssdm_op_PartSelect.i18.i19.i32.i32"/></StgValue>
</bind>
</comp>

<comp id="18" class="1001" name="const_18">
<pin_list>
<pin id="19" dir="1" index="0" bw="1" slack="0"/>
</pin_list>
<bind>
<StgValue><ssdm name=""/></StgValue>
</bind>
</comp>

<comp id="20" class="1001" name="const_20">
<pin_list>
<pin id="21" dir="1" index="0" bw="1" slack="0"/>
</pin_list>
<bind>
<StgValue><ssdm name=""/></StgValue>
</bind>
</comp>

<comp id="22" class="1001" name="const_22">
<pin_list>
<pin id="23" dir="1" index="0" bw="1" slack="0"/>
</pin_list>
<bind>
<StgValue><ssdm name="_ssdm_op_BitConcatenate.i31.i1.i30"/></StgValue>
</bind>
</comp>

<comp id="24" class="1001" name="const_24">
<pin_list>
<pin id="25" dir="1" index="0" bw="1" slack="0"/>
</pin_list>
<bind>
<StgValue><ssdm name=""/></StgValue>
</bind>
</comp>

<comp id="26" class="1001" name="const_26">
<pin_list>
<pin id="27" dir="1" index="0" bw="1" slack="34"/>
</pin_list>
<bind>
<StgValue><ssdm name=""/></StgValue>
</bind>
</comp>

<comp id="28" class="1001" name="const_28">
<pin_list>
<pin id="29" dir="1" index="0" bw="1" slack="0"/>
</pin_list>
<bind>
<StgValue><ssdm name="SOFTMAX_Pipeline_VITIS_LOOP_266_3"/></StgValue>
</bind>
</comp>

<comp id="30" class="1004" name="sum_exp_loc_fu_30">
<pin_list>
<pin id="31" dir="0" index="0" bw="1" slack="0"/>
<pin id="32" dir="1" index="1" bw="19" slack="4"/>
</pin_list>
<bind>
<opcode="alloca(26) " fcode="alloca"/>
<opset="sum_exp_loc/1 "/>
</bind>
</comp>

<comp id="34" class="1004" name="exp_buf_loc_fu_34">
<pin_list>
<pin id="35" dir="0" index="0" bw="1" slack="0"/>
<pin id="36" dir="1" index="1" bw="16" slack="4"/>
</pin_list>
<bind>
<opcode="alloca(26) " fcode="alloca"/>
<opset="exp_buf_loc/1 "/>
</bind>
</comp>

<comp id="38" class="1004" name="exp_buf_1_loc_fu_38">
<pin_list>
<pin id="39" dir="0" index="0" bw="1" slack="0"/>
<pin id="40" dir="1" index="1" bw="16" slack="4"/>
</pin_list>
<bind>
<opcode="alloca(26) " fcode="alloca"/>
<opset="exp_buf_1_loc/1 "/>
</bind>
</comp>

<comp id="42" class="1004" name="exp_buf_2_loc_fu_42">
<pin_list>
<pin id="43" dir="0" index="0" bw="1" slack="0"/>
<pin id="44" dir="1" index="1" bw="16" slack="4"/>
</pin_list>
<bind>
<opcode="alloca(26) " fcode="alloca"/>
<opset="exp_buf_2_loc/1 "/>
</bind>
</comp>

<comp id="46" class="1004" name="exp_buf_3_loc_fu_46">
<pin_list>
<pin id="47" dir="0" index="0" bw="1" slack="0"/>
<pin id="48" dir="1" index="1" bw="16" slack="4"/>
</pin_list>
<bind>
<opcode="alloca(26) " fcode="alloca"/>
<opset="exp_buf_3_loc/1 "/>
</bind>
</comp>

<comp id="50" class="1004" name="exp_buf_4_loc_fu_50">
<pin_list>
<pin id="51" dir="0" index="0" bw="1" slack="0"/>
<pin id="52" dir="1" index="1" bw="16" slack="4"/>
</pin_list>
<bind>
<opcode="alloca(26) " fcode="alloca"/>
<opset="exp_buf_4_loc/1 "/>
</bind>
</comp>

<comp id="54" class="1004" name="exp_buf_5_loc_fu_54">
<pin_list>
<pin id="55" dir="0" index="0" bw="1" slack="0"/>
<pin id="56" dir="1" index="1" bw="16" slack="4"/>
</pin_list>
<bind>
<opcode="alloca(26) " fcode="alloca"/>
<opset="exp_buf_5_loc/1 "/>
</bind>
</comp>

<comp id="58" class="1004" name="exp_buf_6_loc_fu_58">
<pin_list>
<pin id="59" dir="0" index="0" bw="1" slack="0"/>
<pin id="60" dir="1" index="1" bw="16" slack="4"/>
</pin_list>
<bind>
<opcode="alloca(26) " fcode="alloca"/>
<opset="exp_buf_6_loc/1 "/>
</bind>
</comp>

<comp id="62" class="1004" name="exp_buf_7_loc_fu_62">
<pin_list>
<pin id="63" dir="0" index="0" bw="1" slack="0"/>
<pin id="64" dir="1" index="1" bw="16" slack="4"/>
</pin_list>
<bind>
<opcode="alloca(26) " fcode="alloca"/>
<opset="exp_buf_7_loc/1 "/>
</bind>
</comp>

<comp id="66" class="1004" name="exp_buf_8_loc_fu_66">
<pin_list>
<pin id="67" dir="0" index="0" bw="1" slack="0"/>
<pin id="68" dir="1" index="1" bw="16" slack="4"/>
</pin_list>
<bind>
<opcode="alloca(26) " fcode="alloca"/>
<opset="exp_buf_8_loc/1 "/>
</bind>
</comp>

<comp id="70" class="1004" name="exp_buf_9_loc_fu_70">
<pin_list>
<pin id="71" dir="0" index="0" bw="1" slack="0"/>
<pin id="72" dir="1" index="1" bw="16" slack="4"/>
</pin_list>
<bind>
<opcode="alloca(26) " fcode="alloca"/>
<opset="exp_buf_9_loc/1 "/>
</bind>
</comp>

<comp id="74" class="1004" name="exp_buf_10_loc_fu_74">
<pin_list>
<pin id="75" dir="0" index="0" bw="1" slack="0"/>
<pin id="76" dir="1" index="1" bw="16" slack="4"/>
</pin_list>
<bind>
<opcode="alloca(26) " fcode="alloca"/>
<opset="exp_buf_10_loc/1 "/>
</bind>
</comp>

<comp id="78" class="1004" name="exp_buf_11_loc_fu_78">
<pin_list>
<pin id="79" dir="0" index="0" bw="1" slack="0"/>
<pin id="80" dir="1" index="1" bw="16" slack="4"/>
</pin_list>
<bind>
<opcode="alloca(26) " fcode="alloca"/>
<opset="exp_buf_11_loc/1 "/>
</bind>
</comp>

<comp id="82" class="1004" name="exp_buf_12_loc_fu_82">
<pin_list>
<pin id="83" dir="0" index="0" bw="1" slack="0"/>
<pin id="84" dir="1" index="1" bw="16" slack="4"/>
</pin_list>
<bind>
<opcode="alloca(26) " fcode="alloca"/>
<opset="exp_buf_12_loc/1 "/>
</bind>
</comp>

<comp id="86" class="1004" name="exp_buf_13_loc_fu_86">
<pin_list>
<pin id="87" dir="0" index="0" bw="1" slack="0"/>
<pin id="88" dir="1" index="1" bw="16" slack="4"/>
</pin_list>
<bind>
<opcode="alloca(26) " fcode="alloca"/>
<opset="exp_buf_13_loc/1 "/>
</bind>
</comp>

<comp id="90" class="1004" name="exp_buf_14_loc_fu_90">
<pin_list>
<pin id="91" dir="0" index="0" bw="1" slack="0"/>
<pin id="92" dir="1" index="1" bw="16" slack="4"/>
</pin_list>
<bind>
<opcode="alloca(26) " fcode="alloca"/>
<opset="exp_buf_14_loc/1 "/>
</bind>
</comp>

<comp id="94" class="1004" name="exp_buf_15_loc_fu_94">
<pin_list>
<pin id="95" dir="0" index="0" bw="1" slack="0"/>
<pin id="96" dir="1" index="1" bw="16" slack="4"/>
</pin_list>
<bind>
<opcode="alloca(26) " fcode="alloca"/>
<opset="exp_buf_15_loc/1 "/>
</bind>
</comp>

<comp id="98" class="1004" name="max_val_1_loc_fu_98">
<pin_list>
<pin id="99" dir="0" index="0" bw="1" slack="0"/>
<pin id="100" dir="1" index="1" bw="16" slack="2"/>
</pin_list>
<bind>
<opcode="alloca(26) " fcode="alloca"/>
<opset="max_val_1_loc/1 "/>
</bind>
</comp>

<comp id="102" class="1004" name="grp_access_fu_102">
<pin_list>
<pin id="103" dir="0" index="0" bw="16" slack="0"/>
<pin id="104" dir="0" index="1" bw="16" slack="2147483647"/>
<pin id="105" dir="0" index="2" bw="0" slack="2147483647"/>
<pin id="106" dir="1" index="3" bw="16" slack="1"/>
</pin_list>
<bind>
<opcode="load(27) " fcode="load"/>
<opset="max_val/1 "/>
</bind>
</comp>

<comp id="108" class="1005" name="inv_sum_q15_1_reg_108">
<pin_list>
<pin id="109" dir="0" index="0" bw="31" slack="1"/>
<pin id="110" dir="1" index="1" bw="31" slack="34"/>
</pin_list>
<bind>
<opset="inv_sum_q15_1 (phireg) "/>
</bind>
</comp>

<comp id="112" class="1004" name="inv_sum_q15_1_phi_fu_112">
<pin_list>
<pin id="113" dir="0" index="0" bw="31" slack="0"/>
<pin id="114" dir="0" index="1" bw="0" slack="2147483647"/>
<pin id="115" dir="0" index="2" bw="1" slack="34"/>
<pin id="116" dir="0" index="3" bw="0" slack="2147483647"/>
<pin id="117" dir="1" index="4" bw="31" slack="0"/>
</pin_list>
<bind>
<opcode="phi(47) " fcode="phi"/>
<opset="inv_sum_q15_1/41 "/>
</bind>
</comp>

<comp id="120" class="1004" name="grp_SOFTMAX_Pipeline_VITIS_LOOP_232_1_fu_120">
<pin_list>
<pin id="121" dir="0" index="0" bw="0" slack="0"/>
<pin id="122" dir="0" index="1" bw="16" slack="1"/>
<pin id="123" dir="0" index="2" bw="16" slack="2"/>
<pin id="124" dir="0" index="3" bw="16" slack="0"/>
<pin id="125" dir="1" index="4" bw="0" slack="2147483647"/>
</pin_list>
<bind>
<opcode="call(48) " fcode="call"/>
<opset="call_ln231/3 "/>
</bind>
</comp>

<comp id="128" class="1004" name="grp_SOFTMAX_Pipeline_VITIS_LOOP_245_2_fu_128">
<pin_list>
<pin id="129" dir="0" index="0" bw="0" slack="0"/>
<pin id="130" dir="0" index="1" bw="16" slack="0"/>
<pin id="131" dir="0" index="2" bw="16" slack="4"/>
<pin id="132" dir="0" index="3" bw="16" slack="4"/>
<pin id="133" dir="0" index="4" bw="16" slack="4"/>
<pin id="134" dir="0" index="5" bw="16" slack="4"/>
<pin id="135" dir="0" index="6" bw="16" slack="4"/>
<pin id="136" dir="0" index="7" bw="16" slack="4"/>
<pin id="137" dir="0" index="8" bw="16" slack="4"/>
<pin id="138" dir="0" index="9" bw="16" slack="4"/>
<pin id="139" dir="0" index="10" bw="16" slack="4"/>
<pin id="140" dir="0" index="11" bw="16" slack="4"/>
<pin id="141" dir="0" index="12" bw="16" slack="4"/>
<pin id="142" dir="0" index="13" bw="16" slack="4"/>
<pin id="143" dir="0" index="14" bw="16" slack="4"/>
<pin id="144" dir="0" index="15" bw="16" slack="4"/>
<pin id="145" dir="0" index="16" bw="16" slack="4"/>
<pin id="146" dir="0" index="17" bw="16" slack="4"/>
<pin id="147" dir="0" index="18" bw="19" slack="4"/>
<pin id="148" dir="0" index="19" bw="16" slack="0"/>
<pin id="149" dir="0" index="20" bw="15" slack="0"/>
<pin id="150" dir="1" index="21" bw="0" slack="2147483647"/>
</pin_list>
<bind>
<opcode="call(48) " fcode="call"/>
<opset="call_ln0/5 "/>
</bind>
</comp>

<comp id="154" class="1004" name="grp_SOFTMAX_Pipeline_VITIS_LOOP_266_3_fu_154">
<pin_list>
<pin id="155" dir="0" index="0" bw="0" slack="0"/>
<pin id="156" dir="0" index="1" bw="16" slack="2147483647"/>
<pin id="157" dir="0" index="2" bw="16" slack="2147483647"/>
<pin id="158" dir="0" index="3" bw="16" slack="2147483647"/>
<pin id="159" dir="0" index="4" bw="16" slack="2147483647"/>
<pin id="160" dir="0" index="5" bw="16" slack="2147483647"/>
<pin id="161" dir="0" index="6" bw="16" slack="2147483647"/>
<pin id="162" dir="0" index="7" bw="16" slack="2147483647"/>
<pin id="163" dir="0" index="8" bw="16" slack="2147483647"/>
<pin id="164" dir="0" index="9" bw="16" slack="2147483647"/>
<pin id="165" dir="0" index="10" bw="16" slack="2147483647"/>
<pin id="166" dir="0" index="11" bw="16" slack="2147483647"/>
<pin id="167" dir="0" index="12" bw="16" slack="2147483647"/>
<pin id="168" dir="0" index="13" bw="16" slack="2147483647"/>
<pin id="169" dir="0" index="14" bw="16" slack="2147483647"/>
<pin id="170" dir="0" index="15" bw="16" slack="2147483647"/>
<pin id="171" dir="0" index="16" bw="16" slack="2147483647"/>
<pin id="172" dir="0" index="17" bw="31" slack="0"/>
<pin id="173" dir="0" index="18" bw="15" slack="0"/>
<pin id="174" dir="1" index="19" bw="0" slack="2147483647"/>
</pin_list>
<bind>
<opcode="call(48) " fcode="call"/>
<opset="call_ln260/41 "/>
</bind>
</comp>

<comp id="178" class="1004" name="max_val_1_loc_load_load_fu_178">
<pin_list>
<pin id="179" dir="0" index="0" bw="16" slack="4"/>
<pin id="180" dir="1" index="1" bw="16" slack="0"/>
</pin_list>
<bind>
<opcode="load(27) " fcode="load"/>
<opset="max_val_1_loc_load/5 "/>
</bind>
</comp>

<comp id="182" class="1004" name="exp_buf_15_loc_load_load_fu_182">
<pin_list>
<pin id="183" dir="0" index="0" bw="16" slack="6"/>
<pin id="184" dir="1" index="1" bw="16" slack="2147483647"/>
</pin_list>
<bind>
<opcode="load(27) " fcode="load"/>
<opset="exp_buf_15_loc_load/7 "/>
</bind>
</comp>

<comp id="185" class="1004" name="exp_buf_14_loc_load_load_fu_185">
<pin_list>
<pin id="186" dir="0" index="0" bw="16" slack="6"/>
<pin id="187" dir="1" index="1" bw="16" slack="2147483647"/>
</pin_list>
<bind>
<opcode="load(27) " fcode="load"/>
<opset="exp_buf_14_loc_load/7 "/>
</bind>
</comp>

<comp id="188" class="1004" name="exp_buf_13_loc_load_load_fu_188">
<pin_list>
<pin id="189" dir="0" index="0" bw="16" slack="6"/>
<pin id="190" dir="1" index="1" bw="16" slack="2147483647"/>
</pin_list>
<bind>
<opcode="load(27) " fcode="load"/>
<opset="exp_buf_13_loc_load/7 "/>
</bind>
</comp>

<comp id="191" class="1004" name="exp_buf_12_loc_load_load_fu_191">
<pin_list>
<pin id="192" dir="0" index="0" bw="16" slack="6"/>
<pin id="193" dir="1" index="1" bw="16" slack="2147483647"/>
</pin_list>
<bind>
<opcode="load(27) " fcode="load"/>
<opset="exp_buf_12_loc_load/7 "/>
</bind>
</comp>

<comp id="194" class="1004" name="exp_buf_11_loc_load_load_fu_194">
<pin_list>
<pin id="195" dir="0" index="0" bw="16" slack="6"/>
<pin id="196" dir="1" index="1" bw="16" slack="2147483647"/>
</pin_list>
<bind>
<opcode="load(27) " fcode="load"/>
<opset="exp_buf_11_loc_load/7 "/>
</bind>
</comp>

<comp id="197" class="1004" name="exp_buf_10_loc_load_load_fu_197">
<pin_list>
<pin id="198" dir="0" index="0" bw="16" slack="6"/>
<pin id="199" dir="1" index="1" bw="16" slack="2147483647"/>
</pin_list>
<bind>
<opcode="load(27) " fcode="load"/>
<opset="exp_buf_10_loc_load/7 "/>
</bind>
</comp>

<comp id="200" class="1004" name="exp_buf_9_loc_load_load_fu_200">
<pin_list>
<pin id="201" dir="0" index="0" bw="16" slack="6"/>
<pin id="202" dir="1" index="1" bw="16" slack="2147483647"/>
</pin_list>
<bind>
<opcode="load(27) " fcode="load"/>
<opset="exp_buf_9_loc_load/7 "/>
</bind>
</comp>

<comp id="203" class="1004" name="exp_buf_8_loc_load_load_fu_203">
<pin_list>
<pin id="204" dir="0" index="0" bw="16" slack="6"/>
<pin id="205" dir="1" index="1" bw="16" slack="2147483647"/>
</pin_list>
<bind>
<opcode="load(27) " fcode="load"/>
<opset="exp_buf_8_loc_load/7 "/>
</bind>
</comp>

<comp id="206" class="1004" name="exp_buf_7_loc_load_load_fu_206">
<pin_list>
<pin id="207" dir="0" index="0" bw="16" slack="6"/>
<pin id="208" dir="1" index="1" bw="16" slack="2147483647"/>
</pin_list>
<bind>
<opcode="load(27) " fcode="load"/>
<opset="exp_buf_7_loc_load/7 "/>
</bind>
</comp>

<comp id="209" class="1004" name="exp_buf_6_loc_load_load_fu_209">
<pin_list>
<pin id="210" dir="0" index="0" bw="16" slack="6"/>
<pin id="211" dir="1" index="1" bw="16" slack="2147483647"/>
</pin_list>
<bind>
<opcode="load(27) " fcode="load"/>
<opset="exp_buf_6_loc_load/7 "/>
</bind>
</comp>

<comp id="212" class="1004" name="exp_buf_5_loc_load_load_fu_212">
<pin_list>
<pin id="213" dir="0" index="0" bw="16" slack="6"/>
<pin id="214" dir="1" index="1" bw="16" slack="2147483647"/>
</pin_list>
<bind>
<opcode="load(27) " fcode="load"/>
<opset="exp_buf_5_loc_load/7 "/>
</bind>
</comp>

<comp id="215" class="1004" name="exp_buf_4_loc_load_load_fu_215">
<pin_list>
<pin id="216" dir="0" index="0" bw="16" slack="6"/>
<pin id="217" dir="1" index="1" bw="16" slack="2147483647"/>
</pin_list>
<bind>
<opcode="load(27) " fcode="load"/>
<opset="exp_buf_4_loc_load/7 "/>
</bind>
</comp>

<comp id="218" class="1004" name="exp_buf_3_loc_load_load_fu_218">
<pin_list>
<pin id="219" dir="0" index="0" bw="16" slack="6"/>
<pin id="220" dir="1" index="1" bw="16" slack="2147483647"/>
</pin_list>
<bind>
<opcode="load(27) " fcode="load"/>
<opset="exp_buf_3_loc_load/7 "/>
</bind>
</comp>

<comp id="221" class="1004" name="exp_buf_2_loc_load_load_fu_221">
<pin_list>
<pin id="222" dir="0" index="0" bw="16" slack="6"/>
<pin id="223" dir="1" index="1" bw="16" slack="2147483647"/>
</pin_list>
<bind>
<opcode="load(27) " fcode="load"/>
<opset="exp_buf_2_loc_load/7 "/>
</bind>
</comp>

<comp id="224" class="1004" name="exp_buf_1_loc_load_load_fu_224">
<pin_list>
<pin id="225" dir="0" index="0" bw="16" slack="6"/>
<pin id="226" dir="1" index="1" bw="16" slack="2147483647"/>
</pin_list>
<bind>
<opcode="load(27) " fcode="load"/>
<opset="exp_buf_1_loc_load/7 "/>
</bind>
</comp>

<comp id="227" class="1004" name="exp_buf_loc_load_load_fu_227">
<pin_list>
<pin id="228" dir="0" index="0" bw="16" slack="6"/>
<pin id="229" dir="1" index="1" bw="16" slack="2147483647"/>
</pin_list>
<bind>
<opcode="load(27) " fcode="load"/>
<opset="exp_buf_loc_load/7 "/>
</bind>
</comp>

<comp id="230" class="1004" name="sum_exp_loc_load_load_fu_230">
<pin_list>
<pin id="231" dir="0" index="0" bw="19" slack="6"/>
<pin id="232" dir="1" index="1" bw="19" slack="0"/>
</pin_list>
<bind>
<opcode="load(27) " fcode="load"/>
<opset="sum_exp_loc_load/7 "/>
</bind>
</comp>

<comp id="233" class="1004" name="zext_ln245_fu_233">
<pin_list>
<pin id="234" dir="0" index="0" bw="19" slack="0"/>
<pin id="235" dir="1" index="1" bw="31" slack="0"/>
</pin_list>
<bind>
<opcode="zext(34) " fcode="zext"/>
<opset="zext_ln245/7 "/>
</bind>
</comp>

<comp id="237" class="1004" name="icmp_ln258_fu_237">
<pin_list>
<pin id="238" dir="0" index="0" bw="19" slack="0"/>
<pin id="239" dir="0" index="1" bw="1" slack="0"/>
<pin id="240" dir="1" index="2" bw="1" slack="34"/>
</pin_list>
<bind>
<opcode="icmp(45) " fcode="icmp"/>
<opset="icmp_ln258/7 "/>
</bind>
</comp>

<comp id="243" class="1004" name="lshr_ln_fu_243">
<pin_list>
<pin id="244" dir="0" index="0" bw="18" slack="0"/>
<pin id="245" dir="0" index="1" bw="19" slack="0"/>
<pin id="246" dir="0" index="2" bw="1" slack="0"/>
<pin id="247" dir="0" index="3" bw="6" slack="0"/>
<pin id="248" dir="1" index="4" bw="18" slack="0"/>
</pin_list>
<bind>
<opcode="partselect(1002) " fcode="partselect"/>
<opset="lshr_ln/7 "/>
</bind>
</comp>

<comp id="253" class="1004" name="zext_ln260_fu_253">
<pin_list>
<pin id="254" dir="0" index="0" bw="18" slack="0"/>
<pin id="255" dir="1" index="1" bw="30" slack="0"/>
</pin_list>
<bind>
<opcode="zext(34) " fcode="zext"/>
<opset="zext_ln260/7 "/>
</bind>
</comp>

<comp id="257" class="1004" name="or_ln_fu_257">
<pin_list>
<pin id="258" dir="0" index="0" bw="31" slack="0"/>
<pin id="259" dir="0" index="1" bw="1" slack="0"/>
<pin id="260" dir="0" index="2" bw="18" slack="0"/>
<pin id="261" dir="1" index="3" bw="31" slack="0"/>
</pin_list>
<bind>
<opcode="bitconcatenate(1004) " fcode="bitconcatenate"/>
<opset="or_ln/7 "/>
</bind>
</comp>

<comp id="265" class="1004" name="grp_fu_265">
<pin_list>
<pin id="266" dir="0" index="0" bw="31" slack="0"/>
<pin id="267" dir="0" index="1" bw="19" slack="0"/>
<pin id="268" dir="1" index="2" bw="31" slack="0"/>
</pin_list>
<bind>
<opcode="udiv(14) " fcode="udiv"/>
<opset="inv_sum_q15/7 "/>
</bind>
</comp>

<comp id="272" class="1005" name="sum_exp_loc_reg_272">
<pin_list>
<pin id="273" dir="0" index="0" bw="19" slack="4"/>
<pin id="274" dir="1" index="1" bw="19" slack="4"/>
</pin_list>
<bind>
<opset="sum_exp_loc "/>
</bind>
</comp>

<comp id="278" class="1005" name="exp_buf_loc_reg_278">
<pin_list>
<pin id="279" dir="0" index="0" bw="16" slack="4"/>
<pin id="280" dir="1" index="1" bw="16" slack="4"/>
</pin_list>
<bind>
<opset="exp_buf_loc "/>
</bind>
</comp>

<comp id="284" class="1005" name="exp_buf_1_loc_reg_284">
<pin_list>
<pin id="285" dir="0" index="0" bw="16" slack="4"/>
<pin id="286" dir="1" index="1" bw="16" slack="4"/>
</pin_list>
<bind>
<opset="exp_buf_1_loc "/>
</bind>
</comp>

<comp id="290" class="1005" name="exp_buf_2_loc_reg_290">
<pin_list>
<pin id="291" dir="0" index="0" bw="16" slack="4"/>
<pin id="292" dir="1" index="1" bw="16" slack="4"/>
</pin_list>
<bind>
<opset="exp_buf_2_loc "/>
</bind>
</comp>

<comp id="296" class="1005" name="exp_buf_3_loc_reg_296">
<pin_list>
<pin id="297" dir="0" index="0" bw="16" slack="4"/>
<pin id="298" dir="1" index="1" bw="16" slack="4"/>
</pin_list>
<bind>
<opset="exp_buf_3_loc "/>
</bind>
</comp>

<comp id="302" class="1005" name="exp_buf_4_loc_reg_302">
<pin_list>
<pin id="303" dir="0" index="0" bw="16" slack="4"/>
<pin id="304" dir="1" index="1" bw="16" slack="4"/>
</pin_list>
<bind>
<opset="exp_buf_4_loc "/>
</bind>
</comp>

<comp id="308" class="1005" name="exp_buf_5_loc_reg_308">
<pin_list>
<pin id="309" dir="0" index="0" bw="16" slack="4"/>
<pin id="310" dir="1" index="1" bw="16" slack="4"/>
</pin_list>
<bind>
<opset="exp_buf_5_loc "/>
</bind>
</comp>

<comp id="314" class="1005" name="exp_buf_6_loc_reg_314">
<pin_list>
<pin id="315" dir="0" index="0" bw="16" slack="4"/>
<pin id="316" dir="1" index="1" bw="16" slack="4"/>
</pin_list>
<bind>
<opset="exp_buf_6_loc "/>
</bind>
</comp>

<comp id="320" class="1005" name="exp_buf_7_loc_reg_320">
<pin_list>
<pin id="321" dir="0" index="0" bw="16" slack="4"/>
<pin id="322" dir="1" index="1" bw="16" slack="4"/>
</pin_list>
<bind>
<opset="exp_buf_7_loc "/>
</bind>
</comp>

<comp id="326" class="1005" name="exp_buf_8_loc_reg_326">
<pin_list>
<pin id="327" dir="0" index="0" bw="16" slack="4"/>
<pin id="328" dir="1" index="1" bw="16" slack="4"/>
</pin_list>
<bind>
<opset="exp_buf_8_loc "/>
</bind>
</comp>

<comp id="332" class="1005" name="exp_buf_9_loc_reg_332">
<pin_list>
<pin id="333" dir="0" index="0" bw="16" slack="4"/>
<pin id="334" dir="1" index="1" bw="16" slack="4"/>
</pin_list>
<bind>
<opset="exp_buf_9_loc "/>
</bind>
</comp>

<comp id="338" class="1005" name="exp_buf_10_loc_reg_338">
<pin_list>
<pin id="339" dir="0" index="0" bw="16" slack="4"/>
<pin id="340" dir="1" index="1" bw="16" slack="4"/>
</pin_list>
<bind>
<opset="exp_buf_10_loc "/>
</bind>
</comp>

<comp id="344" class="1005" name="exp_buf_11_loc_reg_344">
<pin_list>
<pin id="345" dir="0" index="0" bw="16" slack="4"/>
<pin id="346" dir="1" index="1" bw="16" slack="4"/>
</pin_list>
<bind>
<opset="exp_buf_11_loc "/>
</bind>
</comp>

<comp id="350" class="1005" name="exp_buf_12_loc_reg_350">
<pin_list>
<pin id="351" dir="0" index="0" bw="16" slack="4"/>
<pin id="352" dir="1" index="1" bw="16" slack="4"/>
</pin_list>
<bind>
<opset="exp_buf_12_loc "/>
</bind>
</comp>

<comp id="356" class="1005" name="exp_buf_13_loc_reg_356">
<pin_list>
<pin id="357" dir="0" index="0" bw="16" slack="4"/>
<pin id="358" dir="1" index="1" bw="16" slack="4"/>
</pin_list>
<bind>
<opset="exp_buf_13_loc "/>
</bind>
</comp>

<comp id="362" class="1005" name="exp_buf_14_loc_reg_362">
<pin_list>
<pin id="363" dir="0" index="0" bw="16" slack="4"/>
<pin id="364" dir="1" index="1" bw="16" slack="4"/>
</pin_list>
<bind>
<opset="exp_buf_14_loc "/>
</bind>
</comp>

<comp id="368" class="1005" name="exp_buf_15_loc_reg_368">
<pin_list>
<pin id="369" dir="0" index="0" bw="16" slack="4"/>
<pin id="370" dir="1" index="1" bw="16" slack="4"/>
</pin_list>
<bind>
<opset="exp_buf_15_loc "/>
</bind>
</comp>

<comp id="374" class="1005" name="max_val_1_loc_reg_374">
<pin_list>
<pin id="375" dir="0" index="0" bw="16" slack="2"/>
<pin id="376" dir="1" index="1" bw="16" slack="2"/>
</pin_list>
<bind>
<opset="max_val_1_loc "/>
</bind>
</comp>

<comp id="380" class="1005" name="max_val_reg_380">
<pin_list>
<pin id="381" dir="0" index="0" bw="16" slack="1"/>
<pin id="382" dir="1" index="1" bw="16" slack="1"/>
</pin_list>
<bind>
<opset="max_val "/>
</bind>
</comp>

<comp id="436" class="1005" name="zext_ln245_reg_436">
<pin_list>
<pin id="437" dir="0" index="0" bw="31" slack="1"/>
<pin id="438" dir="1" index="1" bw="31" slack="1"/>
</pin_list>
<bind>
<opset="zext_ln245 "/>
</bind>
</comp>

<comp id="441" class="1005" name="icmp_ln258_reg_441">
<pin_list>
<pin id="442" dir="0" index="0" bw="1" slack="34"/>
<pin id="443" dir="1" index="1" bw="1" slack="2147483647"/>
</pin_list>
<bind>
<opset="icmp_ln258 "/>
</bind>
</comp>

<comp id="445" class="1005" name="or_ln_reg_445">
<pin_list>
<pin id="446" dir="0" index="0" bw="31" slack="1"/>
<pin id="447" dir="1" index="1" bw="31" slack="1"/>
</pin_list>
<bind>
<opset="or_ln "/>
</bind>
</comp>

</comp_list>

<net_list>
<net id="33"><net_src comp="6" pin="0"/><net_sink comp="30" pin=0"/></net>

<net id="37"><net_src comp="6" pin="0"/><net_sink comp="34" pin=0"/></net>

<net id="41"><net_src comp="6" pin="0"/><net_sink comp="38" pin=0"/></net>

<net id="45"><net_src comp="6" pin="0"/><net_sink comp="42" pin=0"/></net>

<net id="49"><net_src comp="6" pin="0"/><net_sink comp="46" pin=0"/></net>

<net id="53"><net_src comp="6" pin="0"/><net_sink comp="50" pin=0"/></net>

<net id="57"><net_src comp="6" pin="0"/><net_sink comp="54" pin=0"/></net>

<net id="61"><net_src comp="6" pin="0"/><net_sink comp="58" pin=0"/></net>

<net id="65"><net_src comp="6" pin="0"/><net_sink comp="62" pin=0"/></net>

<net id="69"><net_src comp="6" pin="0"/><net_sink comp="66" pin=0"/></net>

<net id="73"><net_src comp="6" pin="0"/><net_sink comp="70" pin=0"/></net>

<net id="77"><net_src comp="6" pin="0"/><net_sink comp="74" pin=0"/></net>

<net id="81"><net_src comp="6" pin="0"/><net_sink comp="78" pin=0"/></net>

<net id="85"><net_src comp="6" pin="0"/><net_sink comp="82" pin=0"/></net>

<net id="89"><net_src comp="6" pin="0"/><net_sink comp="86" pin=0"/></net>

<net id="93"><net_src comp="6" pin="0"/><net_sink comp="90" pin=0"/></net>

<net id="97"><net_src comp="6" pin="0"/><net_sink comp="94" pin=0"/></net>

<net id="101"><net_src comp="6" pin="0"/><net_sink comp="98" pin=0"/></net>

<net id="107"><net_src comp="8" pin="0"/><net_sink comp="102" pin=0"/></net>

<net id="111"><net_src comp="26" pin="0"/><net_sink comp="108" pin=0"/></net>

<net id="118"><net_src comp="108" pin="1"/><net_sink comp="112" pin=2"/></net>

<net id="119"><net_src comp="112" pin="4"/><net_sink comp="108" pin=0"/></net>

<net id="126"><net_src comp="10" pin="0"/><net_sink comp="120" pin=0"/></net>

<net id="127"><net_src comp="0" pin="0"/><net_sink comp="120" pin=3"/></net>

<net id="151"><net_src comp="12" pin="0"/><net_sink comp="128" pin=0"/></net>

<net id="152"><net_src comp="0" pin="0"/><net_sink comp="128" pin=19"/></net>

<net id="153"><net_src comp="2" pin="0"/><net_sink comp="128" pin=20"/></net>

<net id="175"><net_src comp="28" pin="0"/><net_sink comp="154" pin=0"/></net>

<net id="176"><net_src comp="112" pin="4"/><net_sink comp="154" pin=17"/></net>

<net id="177"><net_src comp="4" pin="0"/><net_sink comp="154" pin=18"/></net>

<net id="181"><net_src comp="178" pin="1"/><net_sink comp="128" pin=1"/></net>

<net id="236"><net_src comp="230" pin="1"/><net_sink comp="233" pin=0"/></net>

<net id="241"><net_src comp="230" pin="1"/><net_sink comp="237" pin=0"/></net>

<net id="242"><net_src comp="14" pin="0"/><net_sink comp="237" pin=1"/></net>

<net id="249"><net_src comp="16" pin="0"/><net_sink comp="243" pin=0"/></net>

<net id="250"><net_src comp="230" pin="1"/><net_sink comp="243" pin=1"/></net>

<net id="251"><net_src comp="18" pin="0"/><net_sink comp="243" pin=2"/></net>

<net id="252"><net_src comp="20" pin="0"/><net_sink comp="243" pin=3"/></net>

<net id="256"><net_src comp="243" pin="4"/><net_sink comp="253" pin=0"/></net>

<net id="262"><net_src comp="22" pin="0"/><net_sink comp="257" pin=0"/></net>

<net id="263"><net_src comp="24" pin="0"/><net_sink comp="257" pin=1"/></net>

<net id="264"><net_src comp="253" pin="1"/><net_sink comp="257" pin=2"/></net>

<net id="269"><net_src comp="265" pin="2"/><net_sink comp="112" pin=0"/></net>

<net id="270"><net_src comp="257" pin="3"/><net_sink comp="265" pin=0"/></net>

<net id="271"><net_src comp="233" pin="1"/><net_sink comp="265" pin=1"/></net>

<net id="275"><net_src comp="30" pin="1"/><net_sink comp="272" pin=0"/></net>

<net id="276"><net_src comp="272" pin="1"/><net_sink comp="128" pin=18"/></net>

<net id="277"><net_src comp="272" pin="1"/><net_sink comp="230" pin=0"/></net>

<net id="281"><net_src comp="34" pin="1"/><net_sink comp="278" pin=0"/></net>

<net id="282"><net_src comp="278" pin="1"/><net_sink comp="128" pin=17"/></net>

<net id="283"><net_src comp="278" pin="1"/><net_sink comp="227" pin=0"/></net>

<net id="287"><net_src comp="38" pin="1"/><net_sink comp="284" pin=0"/></net>

<net id="288"><net_src comp="284" pin="1"/><net_sink comp="128" pin=16"/></net>

<net id="289"><net_src comp="284" pin="1"/><net_sink comp="224" pin=0"/></net>

<net id="293"><net_src comp="42" pin="1"/><net_sink comp="290" pin=0"/></net>

<net id="294"><net_src comp="290" pin="1"/><net_sink comp="128" pin=15"/></net>

<net id="295"><net_src comp="290" pin="1"/><net_sink comp="221" pin=0"/></net>

<net id="299"><net_src comp="46" pin="1"/><net_sink comp="296" pin=0"/></net>

<net id="300"><net_src comp="296" pin="1"/><net_sink comp="128" pin=14"/></net>

<net id="301"><net_src comp="296" pin="1"/><net_sink comp="218" pin=0"/></net>

<net id="305"><net_src comp="50" pin="1"/><net_sink comp="302" pin=0"/></net>

<net id="306"><net_src comp="302" pin="1"/><net_sink comp="128" pin=13"/></net>

<net id="307"><net_src comp="302" pin="1"/><net_sink comp="215" pin=0"/></net>

<net id="311"><net_src comp="54" pin="1"/><net_sink comp="308" pin=0"/></net>

<net id="312"><net_src comp="308" pin="1"/><net_sink comp="128" pin=12"/></net>

<net id="313"><net_src comp="308" pin="1"/><net_sink comp="212" pin=0"/></net>

<net id="317"><net_src comp="58" pin="1"/><net_sink comp="314" pin=0"/></net>

<net id="318"><net_src comp="314" pin="1"/><net_sink comp="128" pin=11"/></net>

<net id="319"><net_src comp="314" pin="1"/><net_sink comp="209" pin=0"/></net>

<net id="323"><net_src comp="62" pin="1"/><net_sink comp="320" pin=0"/></net>

<net id="324"><net_src comp="320" pin="1"/><net_sink comp="128" pin=10"/></net>

<net id="325"><net_src comp="320" pin="1"/><net_sink comp="206" pin=0"/></net>

<net id="329"><net_src comp="66" pin="1"/><net_sink comp="326" pin=0"/></net>

<net id="330"><net_src comp="326" pin="1"/><net_sink comp="128" pin=9"/></net>

<net id="331"><net_src comp="326" pin="1"/><net_sink comp="203" pin=0"/></net>

<net id="335"><net_src comp="70" pin="1"/><net_sink comp="332" pin=0"/></net>

<net id="336"><net_src comp="332" pin="1"/><net_sink comp="128" pin=8"/></net>

<net id="337"><net_src comp="332" pin="1"/><net_sink comp="200" pin=0"/></net>

<net id="341"><net_src comp="74" pin="1"/><net_sink comp="338" pin=0"/></net>

<net id="342"><net_src comp="338" pin="1"/><net_sink comp="128" pin=7"/></net>

<net id="343"><net_src comp="338" pin="1"/><net_sink comp="197" pin=0"/></net>

<net id="347"><net_src comp="78" pin="1"/><net_sink comp="344" pin=0"/></net>

<net id="348"><net_src comp="344" pin="1"/><net_sink comp="128" pin=6"/></net>

<net id="349"><net_src comp="344" pin="1"/><net_sink comp="194" pin=0"/></net>

<net id="353"><net_src comp="82" pin="1"/><net_sink comp="350" pin=0"/></net>

<net id="354"><net_src comp="350" pin="1"/><net_sink comp="128" pin=5"/></net>

<net id="355"><net_src comp="350" pin="1"/><net_sink comp="191" pin=0"/></net>

<net id="359"><net_src comp="86" pin="1"/><net_sink comp="356" pin=0"/></net>

<net id="360"><net_src comp="356" pin="1"/><net_sink comp="128" pin=4"/></net>

<net id="361"><net_src comp="356" pin="1"/><net_sink comp="188" pin=0"/></net>

<net id="365"><net_src comp="90" pin="1"/><net_sink comp="362" pin=0"/></net>

<net id="366"><net_src comp="362" pin="1"/><net_sink comp="128" pin=3"/></net>

<net id="367"><net_src comp="362" pin="1"/><net_sink comp="185" pin=0"/></net>

<net id="371"><net_src comp="94" pin="1"/><net_sink comp="368" pin=0"/></net>

<net id="372"><net_src comp="368" pin="1"/><net_sink comp="128" pin=2"/></net>

<net id="373"><net_src comp="368" pin="1"/><net_sink comp="182" pin=0"/></net>

<net id="377"><net_src comp="98" pin="1"/><net_sink comp="374" pin=0"/></net>

<net id="378"><net_src comp="374" pin="1"/><net_sink comp="120" pin=2"/></net>

<net id="379"><net_src comp="374" pin="1"/><net_sink comp="178" pin=0"/></net>

<net id="383"><net_src comp="102" pin="3"/><net_sink comp="380" pin=0"/></net>

<net id="384"><net_src comp="380" pin="1"/><net_sink comp="120" pin=1"/></net>

<net id="439"><net_src comp="233" pin="1"/><net_sink comp="436" pin=0"/></net>

<net id="440"><net_src comp="436" pin="1"/><net_sink comp="265" pin=1"/></net>

<net id="444"><net_src comp="237" pin="2"/><net_sink comp="441" pin=0"/></net>

<net id="448"><net_src comp="257" pin="3"/><net_sink comp="445" pin=0"/></net>

<net id="449"><net_src comp="445" pin="1"/><net_sink comp="265" pin=0"/></net>

</net_list>

</model> 
---------------- Datapath Model END ------------------

* FSMD analyzer results:
  - Output states:
	Port: soft_out | {41 42 }
 - Input state : 
	Port: SOFTMAX : soft_in | {1 2 3 4 5 6 }
	Port: SOFTMAX : exp_lut_q15 | {5 6 }
  - Chain level:
	State 1
	State 2
	State 3
	State 4
	State 5
		call_ln0 : 1
	State 6
	State 7
		zext_ln245 : 1
		icmp_ln258 : 1
		br_ln258 : 2
		lshr_ln : 1
		zext_ln260 : 2
		or_ln : 3
		inv_sum_q15 : 4
	State 8
	State 9
	State 10
	State 11
	State 12
	State 13
	State 14
	State 15
	State 16
	State 17
	State 18
	State 19
	State 20
	State 21
	State 22
	State 23
	State 24
	State 25
	State 26
	State 27
	State 28
	State 29
	State 30
	State 31
	State 32
	State 33
	State 34
	State 35
	State 36
	State 37
	State 38
	State 39
	State 40
	State 41
		inv_sum_q15_1 : 1
		call_ln260 : 2
	State 42


============================================================
+ Verbose Summary: Datapath Resource usage 
============================================================

* Functional unit list:
|----------|----------------------------------------------|---------|---------|---------|---------|
| Operation|                Functional Unit               |   DSP   |  Delay  |    FF   |   LUT   |
|----------|----------------------------------------------|---------|---------|---------|---------|
|          | grp_SOFTMAX_Pipeline_VITIS_LOOP_232_1_fu_120 |    0    |  0.427  |    25   |    72   |
|   call   | grp_SOFTMAX_Pipeline_VITIS_LOOP_245_2_fu_128 |    0    |  0.854  |   316   |   127   |
|          | grp_SOFTMAX_Pipeline_VITIS_LOOP_266_3_fu_154 |    2    |    0    |    5    |   124   |
|----------|----------------------------------------------|---------|---------|---------|---------|
|   udiv   |                  grp_fu_265                  |    0    |    0    |   382   |   228   |
|----------|----------------------------------------------|---------|---------|---------|---------|
|   icmp   |               icmp_ln258_fu_237              |    0    |    0    |    0    |    26   |
|----------|----------------------------------------------|---------|---------|---------|---------|
|   zext   |               zext_ln245_fu_233              |    0    |    0    |    0    |    0    |
|          |               zext_ln260_fu_253              |    0    |    0    |    0    |    0    |
|----------|----------------------------------------------|---------|---------|---------|---------|
|partselect|                lshr_ln_fu_243                |    0    |    0    |    0    |    0    |
|----------|----------------------------------------------|---------|---------|---------|---------|
|bitconcatenate|                 or_ln_fu_257                 |    0    |    0    |    0    |    0    |
|----------|----------------------------------------------|---------|---------|---------|---------|
|   Total  |                                              |    2    |  1.281  |   728   |   577   |
|----------|----------------------------------------------|---------|---------|---------|---------|

Memories:
N/A

* Register list:
+----------------------+--------+
|                      |   FF   |
+----------------------+--------+
|exp_buf_10_loc_reg_338|   16   |
|exp_buf_11_loc_reg_344|   16   |
|exp_buf_12_loc_reg_350|   16   |
|exp_buf_13_loc_reg_356|   16   |
|exp_buf_14_loc_reg_362|   16   |
|exp_buf_15_loc_reg_368|   16   |
| exp_buf_1_loc_reg_284|   16   |
| exp_buf_2_loc_reg_290|   16   |
| exp_buf_3_loc_reg_296|   16   |
| exp_buf_4_loc_reg_302|   16   |
| exp_buf_5_loc_reg_308|   16   |
| exp_buf_6_loc_reg_314|   16   |
| exp_buf_7_loc_reg_320|   16   |
| exp_buf_8_loc_reg_326|   16   |
| exp_buf_9_loc_reg_332|   16   |
|  exp_buf_loc_reg_278 |   16   |
|  icmp_ln258_reg_441  |    1   |
| inv_sum_q15_1_reg_108|   31   |
| max_val_1_loc_reg_374|   16   |
|    max_val_reg_380   |   16   |
|     or_ln_reg_445    |   31   |
|  sum_exp_loc_reg_272 |   19   |
|  zext_ln245_reg_436  |   31   |
+----------------------+--------+
|         Total        |   401  |
+----------------------+--------+

* Multiplexer (MUX) list: 
|-----------------------|------|------|------|--------||---------||---------||---------|
|          Comp         |  Pin | Size |  BW  | S x BW ||  Delay  ||    FF   ||   LUT   |
|-----------------------|------|------|------|--------||---------||---------||---------|
| inv_sum_q15_1_reg_108 |  p0  |   2  |  31  |   62   ||    0    ||    9    |
|       grp_fu_265      |  p0  |   2  |  31  |   62   ||    0    ||    9    |
|       grp_fu_265      |  p1  |   2  |  19  |   38   ||    0    ||    9    |
|-----------------------|------|------|------|--------||---------||---------||---------|
|         Total         |      |      |      |   162  ||  1.281  ||    0    ||    27   |
|-----------------------|------|------|------|--------||---------||---------||---------|



* Summary:
+-----------+--------+--------+--------+--------+
|           |   DSP  |  Delay |   FF   |   LUT  |
+-----------+--------+--------+--------+--------+
|  Function |    2   |    1   |   728  |   577  |
|   Memory  |    -   |    -   |    -   |    -   |
|Multiplexer|    -   |    1   |    0   |   27   |
|  Register |    -   |    -   |   401  |    -   |
+-----------+--------+--------+--------+--------+
|   Total   |    2   |    2   |  1129  |   604  |
+-----------+--------+--------+--------+--------+
