

================================================================
== Vitis HLS Report for 'SOFTMAX_Pipeline_VITIS_LOOP_266_3'
================================================================
* Date:           Tue Feb  3 14:27:10 2026

* Version:        2025.1 (Build 6135595 on May 21 2025)
* Project:        headed_compute_controller
* Solution:       hls (Vivado IP Flow Target)
* Product family: zynquplus
* Target device:  xck26-sfvc784-2LV-c


================================================================
== Performance Estimates
================================================================
+ Timing: 
    * Summary: 
    +--------+----------+----------+------------+
    |  Clock |  Target  | Estimated| Uncertainty|
    +--------+----------+----------+------------+
    |ap_clk  |  10.00 ns|  5.261 ns|     2.70 ns|
    +--------+----------+----------+------------+

+ Latency: 
    * Summary: 
    +---------+---------+----------+----------+-----+-----+------------------------------------------------+
    |  Latency (cycles) |  Latency (absolute) |  Interval |                    Pipeline                    |
    |   min   |   max   |    min   |    max   | min | max |                      Type                      |
    +---------+---------+----------+----------+-----+-----+------------------------------------------------+
    |       18|       18|  0.180 us|  0.180 us|   17|   17|  loop auto-rewind stp (delay=0 clock cycles(s))|
    +---------+---------+----------+----------+-----+-----+------------------------------------------------+

    + Detail: 
        * Instance: 
        N/A

        * Loop: 
        +--------------------+---------+---------+----------+-----------+-----------+------+----------+
        |                    |  Latency (cycles) | Iteration|  Initiation Interval  | Trip |          |
        |      Loop Name     |   min   |   max   |  Latency |  achieved |   target  | Count| Pipelined|
        +--------------------+---------+---------+----------+-----------+-----------+------+----------+
        |- VITIS_LOOP_266_3  |       16|       16|         1|          1|          1|    16|       yes|
        +--------------------+---------+---------+----------+-----------+-----------+------+----------+

============================================================
+ Verbose Summary: Synthesis Manager
============================================================
InlineROM: 1
ExposeGlobal: 0
============================================================
+ Verbose Summary: CDFG Model
============================================================
IsTopModel: 0
ResetActiveHigh: 1
IsCombinational: 0
IsDatapathOnly: 0
HasWiredReturn: 1
HasMFsm: 2
HasVarLatency: 1
IsPipeline: 0
IsRtlPipelined: 0
IsInstanceOverlapped: 0
IsDontTouch: 0
HasImplIP: 0
IsGatedGlobalClock: 0

+ Individual pipeline summary: 
  * Pipeline-0: initiation interval (II) = 1, depth = 1


============================================================
+ Verbose Summary: Schedule
============================================================
* Number of FSM states : 1
* Pipeline : 1
  Pipeline-0 : II = 1, D = 1, States = { 1 }
* Dataflow Pipeline: 0

* FSM state transitions: 
1 --> 

* FSM state operations: 

State 1 <SV = 0> <Delay = 5.26>
ST_1 : Operation 4 [1/1] (0.00ns)   --->   "%i = alloca i32 1" [/home/luka/Scripting/ELEC_498-Capstone-LiteLM/HLS-Verilog/Transformer_logic/src-hls/headed_compute_controller.cpp:266]   --->   Operation 4 'alloca' 'i' <Predicate = true> <Delay = 0.00>
ST_1 : Operation 5 [1/1] (0.00ns)   --->   "%inv_sum_q15_1_read = read i31 @_ssdm_op_Read.ap_auto.i31, i31 %inv_sum_q15_1"   --->   Operation 5 'read' 'inv_sum_q15_1_read' <Predicate = true> <Delay = 0.00>
ST_1 : Operation 6 [1/1] (0.00ns)   --->   "%exp_buf_15_reload_read = read i16 @_ssdm_op_Read.ap_auto.i16, i16 %exp_buf_15_reload"   --->   Operation 6 'read' 'exp_buf_15_reload_read' <Predicate = true> <Delay = 0.00>
ST_1 : Operation 7 [1/1] (0.00ns)   --->   "%exp_buf_14_reload_read = read i16 @_ssdm_op_Read.ap_auto.i16, i16 %exp_buf_14_reload"   --->   Operation 7 'read' 'exp_buf_14_reload_read' <Predicate = true> <Delay = 0.00>
ST_1 : Operation 8 [1/1] (0.00ns)   --->   "%exp_buf_13_reload_read = read i16 @_ssdm_op_Read.ap_auto.i16, i16 %exp_buf_13_reload"   --->   Operation 8 'read' 'exp_buf_13_reload_read' <Predicate = true> <Delay = 0.00>
ST_1 : Operation 9 [1/1] (0.00ns)   --->   "%exp_buf_12_reload_read = read i16 @_ssdm_op_Read.ap_auto.i16, i16 %exp_buf_12_reload"   --->   Operation 9 'read' 'exp_buf_12_reload_read' <Predicate = true> <Delay = 0.00>
ST_1 : Operation 10 [1/1] (0.00ns)   --->   "%exp_buf_11_reload_read = read i16 @_ssdm_op_Read.ap_auto.i16, i16 %exp_buf_11_reload"   --->   Operation 10 'read' 'exp_buf_11_reload_read' <Predicate = true> <Delay = 0.00>
ST_1 : Operation 11 [1/1] (0.00ns)   --->   "%exp_buf_10_reload_read = read i16 @_ssdm_op_Read.ap_auto.i16, i16 %exp_buf_10_reload"   --->   Operation 11 'read' 'exp_buf_10_reload_read' <Predicate = true> <Delay = 0.00>
ST_1 : Operation 12 [1/1] (0.00ns)   --->   "%exp_buf_9_reload_read = read i16 @_ssdm_op_Read.ap_auto.i16, i16 %exp_buf_9_reload"   --->   Operation 12 'read' 'exp_buf_9_reload_read' <Predicate = true> <Delay = 0.00>
ST_1 : Operation 13 [1/1] (0.00ns)   --->   "%exp_buf_8_reload_read = read i16 @_ssdm_op_Read.ap_auto.i16, i16 %exp_buf_8_reload"   --->   Operation 13 'read' 'exp_buf_8_reload_read' <Predicate = true> <Delay = 0.00>
ST_1 : Operation 14 [1/1] (0.00ns)   --->   "%exp_buf_7_reload_read = read i16 @_ssdm_op_Read.ap_auto.i16, i16 %exp_buf_7_reload"   --->   Operation 14 'read' 'exp_buf_7_reload_read' <Predicate = true> <Delay = 0.00>
ST_1 : Operation 15 [1/1] (0.00ns)   --->   "%exp_buf_6_reload_read = read i16 @_ssdm_op_Read.ap_auto.i16, i16 %exp_buf_6_reload"   --->   Operation 15 'read' 'exp_buf_6_reload_read' <Predicate = true> <Delay = 0.00>
ST_1 : Operation 16 [1/1] (0.00ns)   --->   "%exp_buf_5_reload_read = read i16 @_ssdm_op_Read.ap_auto.i16, i16 %exp_buf_5_reload"   --->   Operation 16 'read' 'exp_buf_5_reload_read' <Predicate = true> <Delay = 0.00>
ST_1 : Operation 17 [1/1] (0.00ns)   --->   "%exp_buf_4_reload_read = read i16 @_ssdm_op_Read.ap_auto.i16, i16 %exp_buf_4_reload"   --->   Operation 17 'read' 'exp_buf_4_reload_read' <Predicate = true> <Delay = 0.00>
ST_1 : Operation 18 [1/1] (0.00ns)   --->   "%exp_buf_3_reload_read = read i16 @_ssdm_op_Read.ap_auto.i16, i16 %exp_buf_3_reload"   --->   Operation 18 'read' 'exp_buf_3_reload_read' <Predicate = true> <Delay = 0.00>
ST_1 : Operation 19 [1/1] (0.00ns)   --->   "%exp_buf_2_reload_read = read i16 @_ssdm_op_Read.ap_auto.i16, i16 %exp_buf_2_reload"   --->   Operation 19 'read' 'exp_buf_2_reload_read' <Predicate = true> <Delay = 0.00>
ST_1 : Operation 20 [1/1] (0.00ns)   --->   "%exp_buf_1_reload_read = read i16 @_ssdm_op_Read.ap_auto.i16, i16 %exp_buf_1_reload"   --->   Operation 20 'read' 'exp_buf_1_reload_read' <Predicate = true> <Delay = 0.00>
ST_1 : Operation 21 [1/1] (0.00ns)   --->   "%exp_buf_reload_read = read i16 @_ssdm_op_Read.ap_auto.i16, i16 %exp_buf_reload"   --->   Operation 21 'read' 'exp_buf_reload_read' <Predicate = true> <Delay = 0.00>
ST_1 : Operation 22 [1/1] (0.42ns)   --->   "%store_ln266 = store i5 0, i5 %i" [/home/luka/Scripting/ELEC_498-Capstone-LiteLM/HLS-Verilog/Transformer_logic/src-hls/headed_compute_controller.cpp:266]   --->   Operation 22 'store' 'store_ln266' <Predicate = true> <Delay = 0.42>
ST_1 : Operation 23 [1/1] (0.00ns)   --->   "%br_ln0 = br void %for.body42"   --->   Operation 23 'br' 'br_ln0' <Predicate = true> <Delay = 0.00>
ST_1 : Operation 24 [1/1] (0.00ns)   --->   "%i_6 = load i5 %i" [/home/luka/Scripting/ELEC_498-Capstone-LiteLM/HLS-Verilog/Transformer_logic/src-hls/headed_compute_controller.cpp:266]   --->   Operation 24 'load' 'i_6' <Predicate = true> <Delay = 0.00>
ST_1 : Operation 25 [1/1] (0.78ns)   --->   "%icmp_ln266 = icmp_eq  i5 %i_6, i5 16" [/home/luka/Scripting/ELEC_498-Capstone-LiteLM/HLS-Verilog/Transformer_logic/src-hls/headed_compute_controller.cpp:266]   --->   Operation 25 'icmp' 'icmp_ln266' <Predicate = true> <Delay = 0.78> <CoreInst = "Cmp">   --->   Core 9 'Cmp' <Latency = 0> <II = 1> <Delay = 0.78> <FuncUnit> <Opcode : 'seteq' 'setne' 'setle' 'setge' 'setlt' 'setgt'> <InPorts = 2> <OutPorts = 1>
ST_1 : Operation 26 [1/1] (0.78ns)   --->   "%add_ln266 = add i5 %i_6, i5 1" [/home/luka/Scripting/ELEC_498-Capstone-LiteLM/HLS-Verilog/Transformer_logic/src-hls/headed_compute_controller.cpp:266]   --->   Operation 26 'add' 'add_ln266' <Predicate = true> <Delay = 0.78> <CoreInst = "Adder">   --->   Core 1 'Adder' <Latency = 0> <II = 1> <Delay = 0.78> <FuncUnit> <Opcode : 'add' 'sub'> <InPorts = 2> <OutPorts = 1>
ST_1 : Operation 27 [1/1] (0.00ns)   --->   "%br_ln266 = br i1 %icmp_ln266, void %for.body42.split, void %for.end56.exitStub" [/home/luka/Scripting/ELEC_498-Capstone-LiteLM/HLS-Verilog/Transformer_logic/src-hls/headed_compute_controller.cpp:266]   --->   Operation 27 'br' 'br_ln266' <Predicate = true> <Delay = 0.00>
ST_1 : Operation 28 [1/1] (0.00ns)   --->   "%zext_ln266 = zext i5 %i_6" [/home/luka/Scripting/ELEC_498-Capstone-LiteLM/HLS-Verilog/Transformer_logic/src-hls/headed_compute_controller.cpp:266]   --->   Operation 28 'zext' 'zext_ln266' <Predicate = (!icmp_ln266)> <Delay = 0.00>
ST_1 : Operation 29 [1/1] (0.00ns)   --->   "%trunc_ln266 = trunc i5 %i_6" [/home/luka/Scripting/ELEC_498-Capstone-LiteLM/HLS-Verilog/Transformer_logic/src-hls/headed_compute_controller.cpp:266]   --->   Operation 29 'trunc' 'trunc_ln266' <Predicate = (!icmp_ln266)> <Delay = 0.00>
ST_1 : Operation 30 [1/1] (0.00ns)   --->   "%specpipeline_ln267 = specpipeline void @_ssdm_op_SpecPipeline, i32 1, i32 0, i32 0, i32 0, void @empty_0" [/home/luka/Scripting/ELEC_498-Capstone-LiteLM/HLS-Verilog/Transformer_logic/src-hls/headed_compute_controller.cpp:267]   --->   Operation 30 'specpipeline' 'specpipeline_ln267' <Predicate = (!icmp_ln266)> <Delay = 0.00>
ST_1 : Operation 31 [1/1] (0.00ns)   --->   "%speclooptripcount_ln266 = speclooptripcount void @_ssdm_op_SpecLoopTripCount, i64 16, i64 16, i64 16" [/home/luka/Scripting/ELEC_498-Capstone-LiteLM/HLS-Verilog/Transformer_logic/src-hls/headed_compute_controller.cpp:266]   --->   Operation 31 'speclooptripcount' 'speclooptripcount_ln266' <Predicate = (!icmp_ln266)> <Delay = 0.00>
ST_1 : Operation 32 [1/1] (0.00ns)   --->   "%specloopname_ln266 = specloopname void @_ssdm_op_SpecLoopName, void @empty_22" [/home/luka/Scripting/ELEC_498-Capstone-LiteLM/HLS-Verilog/Transformer_logic/src-hls/headed_compute_controller.cpp:266]   --->   Operation 32 'specloopname' 'specloopname_ln266' <Predicate = (!icmp_ln266)> <Delay = 0.00>
ST_1 : Operation 33 [1/1] (0.48ns)   --->   "%tmp = sparsemux i16 @_ssdm_op_SparseMux.ap_auto.16i16.i16.i4, i4 0, i16 %exp_buf_reload_read, i4 1, i16 %exp_buf_1_reload_read, i4 2, i16 %exp_buf_2_reload_read, i4 3, i16 %exp_buf_3_reload_read, i4 4, i16 %exp_buf_4_reload_read, i4 5, i16 %exp_buf_5_reload_read, i4 6, i16 %exp_buf_6_reload_read, i4 7, i16 %exp_buf_7_reload_read, i4 8, i16 %exp_buf_8_reload_read, i4 9, i16 %exp_buf_9_reload_read, i4 10, i16 %exp_buf_10_reload_read, i4 11, i16 %exp_buf_11_reload_read, i4 12, i16 %exp_buf_12_reload_read, i4 13, i16 %exp_buf_13_reload_read, i4 14, i16 %exp_buf_14_reload_read, i4 15, i16 %exp_buf_15_reload_read, i16 0, i4 %trunc_ln266" [/home/luka/Scripting/ELEC_498-Capstone-LiteLM/HLS-Verilog/Transformer_logic/src-hls/headed_compute_controller.cpp:268]   --->   Operation 33 'sparsemux' 'tmp' <Predicate = (!icmp_ln266)> <Delay = 0.48> <CoreInst = "BinarySparseMux_DontCare">   --->   Core 149 'BinarySparseMux_DontCare' <Latency = 0> <II = 1> <Delay = 0.48> <FuncUnit> <Opcode : 'sparsemux'> <InPorts = 2> <OutPorts = 1>
ST_1 : Operation 34 [1/1] (0.00ns)   --->   "%zext_ln268 = zext i16 %tmp" [/home/luka/Scripting/ELEC_498-Capstone-LiteLM/HLS-Verilog/Transformer_logic/src-hls/headed_compute_controller.cpp:268]   --->   Operation 34 'zext' 'zext_ln268' <Predicate = (!icmp_ln266)> <Delay = 0.00>
ST_1 : Operation 35 [1/1] (3.37ns)   --->   "%mul_ln268 = mul i31 %inv_sum_q15_1_read, i31 %zext_ln268" [/home/luka/Scripting/ELEC_498-Capstone-LiteLM/HLS-Verilog/Transformer_logic/src-hls/headed_compute_controller.cpp:268]   --->   Operation 35 'mul' 'mul_ln268' <Predicate = (!icmp_ln266)> <Delay = 3.37> <CoreInst = "Multiplier">   --->   Core 3 'Multiplier' <Latency = 0> <II = 1> <Delay = 3.37> <FuncUnit> <Opcode : 'mul'> <InPorts = 2> <OutPorts = 1>
ST_1 : Operation 36 [1/1] (0.00ns)   --->   "%trunc_ln269_1 = partselect i15 @_ssdm_op_PartSelect.i15.i31.i32.i32, i31 %mul_ln268, i32 15, i32 29" [/home/luka/Scripting/ELEC_498-Capstone-LiteLM/HLS-Verilog/Transformer_logic/src-hls/headed_compute_controller.cpp:269]   --->   Operation 36 'partselect' 'trunc_ln269_1' <Predicate = (!icmp_ln266)> <Delay = 0.00>
ST_1 : Operation 37 [1/1] (0.00ns)   --->   "%tmp_5 = bitselect i1 @_ssdm_op_BitSelect.i1.i31.i32, i31 %mul_ln268, i32 30" [/home/luka/Scripting/ELEC_498-Capstone-LiteLM/HLS-Verilog/Transformer_logic/src-hls/headed_compute_controller.cpp:271]   --->   Operation 37 'bitselect' 'tmp_5' <Predicate = (!icmp_ln266)> <Delay = 0.00>
ST_1 : Operation 38 [1/1] (0.29ns)   --->   "%prob_q15 = select i1 %tmp_5, i15 32767, i15 %trunc_ln269_1" [/home/luka/Scripting/ELEC_498-Capstone-LiteLM/HLS-Verilog/Transformer_logic/src-hls/headed_compute_controller.cpp:271]   --->   Operation 38 'select' 'prob_q15' <Predicate = (!icmp_ln266)> <Delay = 0.29> <CoreInst = "Sel">   --->   Core 73 'Sel' <Latency = 0> <II = 1> <Delay = 0.29> <FuncUnit> <Opcode : 'select'> <InPorts = 3> <OutPorts = 1>
ST_1 : Operation 39 [1/1] (0.00ns)   --->   "%soft_out_addr = getelementptr i15 %soft_out, i64 0, i64 %zext_ln266" [/home/luka/Scripting/ELEC_498-Capstone-LiteLM/HLS-Verilog/Transformer_logic/src-hls/headed_compute_controller.cpp:272]   --->   Operation 39 'getelementptr' 'soft_out_addr' <Predicate = (!icmp_ln266)> <Delay = 0.00>
ST_1 : Operation 40 [1/1] ( I:0.67ns O:0.67ns )   --->   "%store_ln272 = store i15 %prob_q15, i4 %soft_out_addr" [/home/luka/Scripting/ELEC_498-Capstone-LiteLM/HLS-Verilog/Transformer_logic/src-hls/headed_compute_controller.cpp:272]   --->   Operation 40 'store' 'store_ln272' <Predicate = (!icmp_ln266)> <Delay = 0.67> <CoreInst = "RAM">   --->   Core 82 'RAM' <Latency = 1> <II = 1> <Delay = 0.67> <Storage> <Opcode : 'load' 'store'> <Ports = 2> <Width = 15> <Depth = 16> <RAM>
ST_1 : Operation 41 [1/1] (0.42ns)   --->   "%store_ln266 = store i5 %add_ln266, i5 %i" [/home/luka/Scripting/ELEC_498-Capstone-LiteLM/HLS-Verilog/Transformer_logic/src-hls/headed_compute_controller.cpp:266]   --->   Operation 41 'store' 'store_ln266' <Predicate = (!icmp_ln266)> <Delay = 0.42>
ST_1 : Operation 42 [1/1] (0.00ns)   --->   "%br_ln266 = br void %for.body42" [/home/luka/Scripting/ELEC_498-Capstone-LiteLM/HLS-Verilog/Transformer_logic/src-hls/headed_compute_controller.cpp:266]   --->   Operation 42 'br' 'br_ln266' <Predicate = (!icmp_ln266)> <Delay = 0.00>
ST_1 : Operation 43 [1/1] (0.42ns)   --->   "%ret_ln0 = ret"   --->   Operation 43 'ret' 'ret_ln0' <Predicate = (icmp_ln266)> <Delay = 0.42>


============================================================
+ Verbose Summary: Binding
============================================================
STG Binding: 
---------------- STG Properties BEGIN ----------------
- Is combinational: 0
- Is one-state seq: 0
- Is datapath-only: 0
- Is pipelined: 0
- Is top level: 0
Port [ Return ] is wired: 1; IO mode=ap_ctrl_hs:ce=0
Port [ exp_buf_reload]:  wired=1; compound=0; hidden=0; nouse=0; global=0; static=0; extern=0; dir=0; type=0; pingpong=0; private_global=0; IO mode=ap_none:ce=0
Port [ exp_buf_1_reload]:  wired=1; compound=0; hidden=0; nouse=0; global=0; static=0; extern=0; dir=0; type=0; pingpong=0; private_global=0; IO mode=ap_none:ce=0
Port [ exp_buf_2_reload]:  wired=1; compound=0; hidden=0; nouse=0; global=0; static=0; extern=0; dir=0; type=0; pingpong=0; private_global=0; IO mode=ap_none:ce=0
Port [ exp_buf_3_reload]:  wired=1; compound=0; hidden=0; nouse=0; global=0; static=0; extern=0; dir=0; type=0; pingpong=0; private_global=0; IO mode=ap_none:ce=0
Port [ exp_buf_4_reload]:  wired=1; compound=0; hidden=0; nouse=0; global=0; static=0; extern=0; dir=0; type=0; pingpong=0; private_global=0; IO mode=ap_none:ce=0
Port [ exp_buf_5_reload]:  wired=1; compound=0; hidden=0; nouse=0; global=0; static=0; extern=0; dir=0; type=0; pingpong=0; private_global=0; IO mode=ap_none:ce=0
Port [ exp_buf_6_reload]:  wired=1; compound=0; hidden=0; nouse=0; global=0; static=0; extern=0; dir=0; type=0; pingpong=0; private_global=0; IO mode=ap_none:ce=0
Port [ exp_buf_7_reload]:  wired=1; compound=0; hidden=0; nouse=0; global=0; static=0; extern=0; dir=0; type=0; pingpong=0; private_global=0; IO mode=ap_none:ce=0
Port [ exp_buf_8_reload]:  wired=1; compound=0; hidden=0; nouse=0; global=0; static=0; extern=0; dir=0; type=0; pingpong=0; private_global=0; IO mode=ap_none:ce=0
Port [ exp_buf_9_reload]:  wired=1; compound=0; hidden=0; nouse=0; global=0; static=0; extern=0; dir=0; type=0; pingpong=0; private_global=0; IO mode=ap_none:ce=0
Port [ exp_buf_10_reload]:  wired=1; compound=0; hidden=0; nouse=0; global=0; static=0; extern=0; dir=0; type=0; pingpong=0; private_global=0; IO mode=ap_none:ce=0
Port [ exp_buf_11_reload]:  wired=1; compound=0; hidden=0; nouse=0; global=0; static=0; extern=0; dir=0; type=0; pingpong=0; private_global=0; IO mode=ap_none:ce=0
Port [ exp_buf_12_reload]:  wired=1; compound=0; hidden=0; nouse=0; global=0; static=0; extern=0; dir=0; type=0; pingpong=0; private_global=0; IO mode=ap_none:ce=0
Port [ exp_buf_13_reload]:  wired=1; compound=0; hidden=0; nouse=0; global=0; static=0; extern=0; dir=0; type=0; pingpong=0; private_global=0; IO mode=ap_none:ce=0
Port [ exp_buf_14_reload]:  wired=1; compound=0; hidden=0; nouse=0; global=0; static=0; extern=0; dir=0; type=0; pingpong=0; private_global=0; IO mode=ap_none:ce=0
Port [ exp_buf_15_reload]:  wired=1; compound=0; hidden=0; nouse=0; global=0; static=0; extern=0; dir=0; type=0; pingpong=0; private_global=0; IO mode=ap_none:ce=0
Port [ inv_sum_q15_1]:  wired=1; compound=0; hidden=0; nouse=0; global=0; static=0; extern=0; dir=0; type=0; pingpong=0; private_global=0; IO mode=ap_none:ce=0
Port [ soft_out]:  wired=1; compound=1; hidden=0; nouse=0; global=1; static=1; extern=0; dir=1; type=1; pingpong=0; private_global=0; MemPort=[03]; IO mode=ap_memory:ce=0
---------------- STG Properties END ------------------

---------------- Datapath Model BEGIN ----------------

<LifeTime>
<method=bitvector/>
i                       (alloca           ) [ 01]
inv_sum_q15_1_read      (read             ) [ 00]
exp_buf_15_reload_read  (read             ) [ 00]
exp_buf_14_reload_read  (read             ) [ 00]
exp_buf_13_reload_read  (read             ) [ 00]
exp_buf_12_reload_read  (read             ) [ 00]
exp_buf_11_reload_read  (read             ) [ 00]
exp_buf_10_reload_read  (read             ) [ 00]
exp_buf_9_reload_read   (read             ) [ 00]
exp_buf_8_reload_read   (read             ) [ 00]
exp_buf_7_reload_read   (read             ) [ 00]
exp_buf_6_reload_read   (read             ) [ 00]
exp_buf_5_reload_read   (read             ) [ 00]
exp_buf_4_reload_read   (read             ) [ 00]
exp_buf_3_reload_read   (read             ) [ 00]
exp_buf_2_reload_read   (read             ) [ 00]
exp_buf_1_reload_read   (read             ) [ 00]
exp_buf_reload_read     (read             ) [ 00]
store_ln266             (store            ) [ 00]
br_ln0                  (br               ) [ 00]
i_6                     (load             ) [ 00]
icmp_ln266              (icmp             ) [ 01]
add_ln266               (add              ) [ 00]
br_ln266                (br               ) [ 00]
zext_ln266              (zext             ) [ 00]
trunc_ln266             (trunc            ) [ 00]
specpipeline_ln267      (specpipeline     ) [ 00]
speclooptripcount_ln266 (speclooptripcount) [ 00]
specloopname_ln266      (specloopname     ) [ 00]
tmp                     (sparsemux        ) [ 00]
zext_ln268              (zext             ) [ 00]
mul_ln268               (mul              ) [ 00]
trunc_ln269_1           (partselect       ) [ 00]
tmp_5                   (bitselect        ) [ 00]
prob_q15                (select           ) [ 00]
soft_out_addr           (getelementptr    ) [ 00]
store_ln272             (store            ) [ 00]
store_ln266             (store            ) [ 00]
br_ln266                (br               ) [ 00]
ret_ln0                 (ret              ) [ 00]
</LifeTime>

<model>

<comp_list>
<comp id="0" class="1000" name="exp_buf_reload">
<pin_list>
<pin id="1" dir="1" index="0" bw="1" slack="0"/>
</pin_list>
<bind>
<StgValue><ssdm name="exp_buf_reload"/></StgValue>
</bind>
</comp>

<comp id="2" class="1000" name="exp_buf_1_reload">
<pin_list>
<pin id="3" dir="1" index="0" bw="1" slack="0"/>
</pin_list>
<bind>
<StgValue><ssdm name="exp_buf_1_reload"/></StgValue>
</bind>
</comp>

<comp id="4" class="1000" name="exp_buf_2_reload">
<pin_list>
<pin id="5" dir="1" index="0" bw="1" slack="0"/>
</pin_list>
<bind>
<StgValue><ssdm name="exp_buf_2_reload"/></StgValue>
</bind>
</comp>

<comp id="6" class="1000" name="exp_buf_3_reload">
<pin_list>
<pin id="7" dir="1" index="0" bw="1" slack="0"/>
</pin_list>
<bind>
<StgValue><ssdm name="exp_buf_3_reload"/></StgValue>
</bind>
</comp>

<comp id="8" class="1000" name="exp_buf_4_reload">
<pin_list>
<pin id="9" dir="1" index="0" bw="1" slack="0"/>
</pin_list>
<bind>
<StgValue><ssdm name="exp_buf_4_reload"/></StgValue>
</bind>
</comp>

<comp id="10" class="1000" name="exp_buf_5_reload">
<pin_list>
<pin id="11" dir="1" index="0" bw="1" slack="0"/>
</pin_list>
<bind>
<StgValue><ssdm name="exp_buf_5_reload"/></StgValue>
</bind>
</comp>

<comp id="12" class="1000" name="exp_buf_6_reload">
<pin_list>
<pin id="13" dir="1" index="0" bw="1" slack="0"/>
</pin_list>
<bind>
<StgValue><ssdm name="exp_buf_6_reload"/></StgValue>
</bind>
</comp>

<comp id="14" class="1000" name="exp_buf_7_reload">
<pin_list>
<pin id="15" dir="1" index="0" bw="1" slack="0"/>
</pin_list>
<bind>
<StgValue><ssdm name="exp_buf_7_reload"/></StgValue>
</bind>
</comp>

<comp id="16" class="1000" name="exp_buf_8_reload">
<pin_list>
<pin id="17" dir="1" index="0" bw="1" slack="0"/>
</pin_list>
<bind>
<StgValue><ssdm name="exp_buf_8_reload"/></StgValue>
</bind>
</comp>

<comp id="18" class="1000" name="exp_buf_9_reload">
<pin_list>
<pin id="19" dir="1" index="0" bw="1" slack="0"/>
</pin_list>
<bind>
<StgValue><ssdm name="exp_buf_9_reload"/></StgValue>
</bind>
</comp>

<comp id="20" class="1000" name="exp_buf_10_reload">
<pin_list>
<pin id="21" dir="1" index="0" bw="1" slack="0"/>
</pin_list>
<bind>
<StgValue><ssdm name="exp_buf_10_reload"/></StgValue>
</bind>
</comp>

<comp id="22" class="1000" name="exp_buf_11_reload">
<pin_list>
<pin id="23" dir="1" index="0" bw="1" slack="0"/>
</pin_list>
<bind>
<StgValue><ssdm name="exp_buf_11_reload"/></StgValue>
</bind>
</comp>

<comp id="24" class="1000" name="exp_buf_12_reload">
<pin_list>
<pin id="25" dir="1" index="0" bw="1" slack="0"/>
</pin_list>
<bind>
<StgValue><ssdm name="exp_buf_12_reload"/></StgValue>
</bind>
</comp>

<comp id="26" class="1000" name="exp_buf_13_reload">
<pin_list>
<pin id="27" dir="1" index="0" bw="1" slack="0"/>
</pin_list>
<bind>
<StgValue><ssdm name="exp_buf_13_reload"/></StgValue>
</bind>
</comp>

<comp id="28" class="1000" name="exp_buf_14_reload">
<pin_list>
<pin id="29" dir="1" index="0" bw="1" slack="0"/>
</pin_list>
<bind>
<StgValue><ssdm name="exp_buf_14_reload"/></StgValue>
</bind>
</comp>

<comp id="30" class="1000" name="exp_buf_15_reload">
<pin_list>
<pin id="31" dir="1" index="0" bw="1" slack="0"/>
</pin_list>
<bind>
<StgValue><ssdm name="exp_buf_15_reload"/></StgValue>
</bind>
</comp>

<comp id="32" class="1000" name="inv_sum_q15_1">
<pin_list>
<pin id="33" dir="1" index="0" bw="1" slack="0"/>
</pin_list>
<bind>
<StgValue><ssdm name="inv_sum_q15_1"/></StgValue>
</bind>
</comp>

<comp id="34" class="1000" name="soft_out">
<pin_list>
<pin id="35" dir="1" index="0" bw="1" slack="0"/>
</pin_list>
<bind>
<StgValue><ssdm name="soft_out"/><MemPortTyVec>0 3 </MemPortTyVec>
</StgValue>
</bind>
</comp>

<comp id="36" class="1001" name="const_36">
<pin_list>
<pin id="37" dir="1" index="0" bw="1" slack="0"/>
</pin_list>
<bind>
<StgValue><ssdm name=""/></StgValue>
</bind>
</comp>

<comp id="38" class="1001" name="const_38">
<pin_list>
<pin id="39" dir="1" index="0" bw="1" slack="0"/>
</pin_list>
<bind>
<StgValue><ssdm name="_ssdm_op_Read.ap_auto.i31"/></StgValue>
</bind>
</comp>

<comp id="40" class="1001" name="const_40">
<pin_list>
<pin id="41" dir="1" index="0" bw="1" slack="0"/>
</pin_list>
<bind>
<StgValue><ssdm name="_ssdm_op_Read.ap_auto.i16"/></StgValue>
</bind>
</comp>

<comp id="42" class="1001" name="const_42">
<pin_list>
<pin id="43" dir="1" index="0" bw="1" slack="0"/>
</pin_list>
<bind>
<StgValue><ssdm name=""/></StgValue>
</bind>
</comp>

<comp id="44" class="1001" name="const_44">
<pin_list>
<pin id="45" dir="1" index="0" bw="1" slack="0"/>
</pin_list>
<bind>
<StgValue><ssdm name=""/></StgValue>
</bind>
</comp>

<comp id="46" class="1001" name="const_46">
<pin_list>
<pin id="47" dir="1" index="0" bw="1" slack="0"/>
</pin_list>
<bind>
<StgValue><ssdm name=""/></StgValue>
</bind>
</comp>

<comp id="48" class="1001" name="const_48">
<pin_list>
<pin id="49" dir="1" index="0" bw="1" slack="2147483647"/>
</pin_list>
<bind>
<StgValue><ssdm name="_ssdm_op_SpecPipeline"/></StgValue>
</bind>
</comp>

<comp id="50" class="1001" name="const_50">
<pin_list>
<pin id="51" dir="1" index="0" bw="1" slack="2147483647"/>
</pin_list>
<bind>
<StgValue><ssdm name=""/></StgValue>
</bind>
</comp>

<comp id="52" class="1001" name="const_52">
<pin_list>
<pin id="53" dir="1" index="0" bw="1" slack="2147483647"/>
</pin_list>
<bind>
<StgValue><ssdm name="empty_0"/></StgValue>
</bind>
</comp>

<comp id="54" class="1001" name="const_54">
<pin_list>
<pin id="55" dir="1" index="0" bw="1" slack="2147483647"/>
</pin_list>
<bind>
<StgValue><ssdm name="_ssdm_op_SpecLoopTripCount"/></StgValue>
</bind>
</comp>

<comp id="56" class="1001" name="const_56">
<pin_list>
<pin id="57" dir="1" index="0" bw="1" slack="2147483647"/>
</pin_list>
<bind>
<StgValue><ssdm name=""/></StgValue>
</bind>
</comp>

<comp id="58" class="1001" name="const_58">
<pin_list>
<pin id="59" dir="1" index="0" bw="1" slack="2147483647"/>
</pin_list>
<bind>
<StgValue><ssdm name="_ssdm_op_SpecLoopName"/></StgValue>
</bind>
</comp>

<comp id="60" class="1001" name="const_60">
<pin_list>
<pin id="61" dir="1" index="0" bw="1" slack="2147483647"/>
</pin_list>
<bind>
<StgValue><ssdm name="empty_22"/></StgValue>
</bind>
</comp>

<comp id="62" class="1001" name="const_62">
<pin_list>
<pin id="63" dir="1" index="0" bw="1" slack="0"/>
</pin_list>
<bind>
<StgValue><ssdm name="_ssdm_op_SparseMux.ap_auto.16i16.i16.i4"/></StgValue>
</bind>
</comp>

<comp id="64" class="1001" name="const_64">
<pin_list>
<pin id="65" dir="1" index="0" bw="1" slack="0"/>
</pin_list>
<bind>
<StgValue><ssdm name=""/></StgValue>
</bind>
</comp>

<comp id="66" class="1001" name="const_66">
<pin_list>
<pin id="67" dir="1" index="0" bw="1" slack="0"/>
</pin_list>
<bind>
<StgValue><ssdm name=""/></StgValue>
</bind>
</comp>

<comp id="68" class="1001" name="const_68">
<pin_list>
<pin id="69" dir="1" index="0" bw="1" slack="0"/>
</pin_list>
<bind>
<StgValue><ssdm name=""/></StgValue>
</bind>
</comp>

<comp id="70" class="1001" name="const_70">
<pin_list>
<pin id="71" dir="1" index="0" bw="1" slack="0"/>
</pin_list>
<bind>
<StgValue><ssdm name=""/></StgValue>
</bind>
</comp>

<comp id="72" class="1001" name="const_72">
<pin_list>
<pin id="73" dir="1" index="0" bw="1" slack="0"/>
</pin_list>
<bind>
<StgValue><ssdm name=""/></StgValue>
</bind>
</comp>

<comp id="74" class="1001" name="const_74">
<pin_list>
<pin id="75" dir="1" index="0" bw="1" slack="0"/>
</pin_list>
<bind>
<StgValue><ssdm name=""/></StgValue>
</bind>
</comp>

<comp id="76" class="1001" name="const_76">
<pin_list>
<pin id="77" dir="1" index="0" bw="1" slack="0"/>
</pin_list>
<bind>
<StgValue><ssdm name=""/></StgValue>
</bind>
</comp>

<comp id="78" class="1001" name="const_78">
<pin_list>
<pin id="79" dir="1" index="0" bw="1" slack="0"/>
</pin_list>
<bind>
<StgValue><ssdm name=""/></StgValue>
</bind>
</comp>

<comp id="80" class="1001" name="const_80">
<pin_list>
<pin id="81" dir="1" index="0" bw="1" slack="0"/>
</pin_list>
<bind>
<StgValue><ssdm name=""/></StgValue>
</bind>
</comp>

<comp id="82" class="1001" name="const_82">
<pin_list>
<pin id="83" dir="1" index="0" bw="1" slack="0"/>
</pin_list>
<bind>
<StgValue><ssdm name=""/></StgValue>
</bind>
</comp>

<comp id="84" class="1001" name="const_84">
<pin_list>
<pin id="85" dir="1" index="0" bw="1" slack="0"/>
</pin_list>
<bind>
<StgValue><ssdm name=""/></StgValue>
</bind>
</comp>

<comp id="86" class="1001" name="const_86">
<pin_list>
<pin id="87" dir="1" index="0" bw="1" slack="0"/>
</pin_list>
<bind>
<StgValue><ssdm name=""/></StgValue>
</bind>
</comp>

<comp id="88" class="1001" name="const_88">
<pin_list>
<pin id="89" dir="1" index="0" bw="1" slack="0"/>
</pin_list>
<bind>
<StgValue><ssdm name=""/></StgValue>
</bind>
</comp>

<comp id="90" class="1001" name="const_90">
<pin_list>
<pin id="91" dir="1" index="0" bw="1" slack="0"/>
</pin_list>
<bind>
<StgValue><ssdm name=""/></StgValue>
</bind>
</comp>

<comp id="92" class="1001" name="const_92">
<pin_list>
<pin id="93" dir="1" index="0" bw="1" slack="0"/>
</pin_list>
<bind>
<StgValue><ssdm name=""/></StgValue>
</bind>
</comp>

<comp id="94" class="1001" name="const_94">
<pin_list>
<pin id="95" dir="1" index="0" bw="1" slack="0"/>
</pin_list>
<bind>
<StgValue><ssdm name=""/></StgValue>
</bind>
</comp>

<comp id="96" class="1001" name="const_96">
<pin_list>
<pin id="97" dir="1" index="0" bw="1" slack="0"/>
</pin_list>
<bind>
<StgValue><ssdm name=""/></StgValue>
</bind>
</comp>

<comp id="98" class="1001" name="const_98">
<pin_list>
<pin id="99" dir="1" index="0" bw="1" slack="0"/>
</pin_list>
<bind>
<StgValue><ssdm name="_ssdm_op_PartSelect.i15.i31.i32.i32"/></StgValue>
</bind>
</comp>

<comp id="100" class="1001" name="const_100">
<pin_list>
<pin id="101" dir="1" index="0" bw="1" slack="0"/>
</pin_list>
<bind>
<StgValue><ssdm name=""/></StgValue>
</bind>
</comp>

<comp id="102" class="1001" name="const_102">
<pin_list>
<pin id="103" dir="1" index="0" bw="1" slack="0"/>
</pin_list>
<bind>
<StgValue><ssdm name=""/></StgValue>
</bind>
</comp>

<comp id="104" class="1001" name="const_104">
<pin_list>
<pin id="105" dir="1" index="0" bw="1" slack="0"/>
</pin_list>
<bind>
<StgValue><ssdm name="_ssdm_op_BitSelect.i1.i31.i32"/></StgValue>
</bind>
</comp>

<comp id="106" class="1001" name="const_106">
<pin_list>
<pin id="107" dir="1" index="0" bw="1" slack="0"/>
</pin_list>
<bind>
<StgValue><ssdm name=""/></StgValue>
</bind>
</comp>

<comp id="108" class="1001" name="const_108">
<pin_list>
<pin id="109" dir="1" index="0" bw="1" slack="0"/>
</pin_list>
<bind>
<StgValue><ssdm name=""/></StgValue>
</bind>
</comp>

<comp id="110" class="1001" name="const_110">
<pin_list>
<pin id="111" dir="1" index="0" bw="1" slack="0"/>
</pin_list>
<bind>
<StgValue><ssdm name=""/></StgValue>
</bind>
</comp>

<comp id="112" class="1004" name="i_fu_112">
<pin_list>
<pin id="113" dir="0" index="0" bw="1" slack="0"/>
<pin id="114" dir="1" index="1" bw="5" slack="0"/>
</pin_list>
<bind>
<opcode="alloca(26) " fcode="alloca"/>
<opset="i/1 "/>
</bind>
</comp>

<comp id="116" class="1004" name="inv_sum_q15_1_read_read_fu_116">
<pin_list>
<pin id="117" dir="0" index="0" bw="31" slack="0"/>
<pin id="118" dir="0" index="1" bw="31" slack="0"/>
<pin id="119" dir="1" index="2" bw="31" slack="0"/>
</pin_list>
<bind>
<opcode="read(1150) " fcode="read"/>
<opset="inv_sum_q15_1_read/1 "/>
</bind>
</comp>

<comp id="122" class="1004" name="exp_buf_15_reload_read_read_fu_122">
<pin_list>
<pin id="123" dir="0" index="0" bw="16" slack="0"/>
<pin id="124" dir="0" index="1" bw="16" slack="0"/>
<pin id="125" dir="1" index="2" bw="16" slack="0"/>
</pin_list>
<bind>
<opcode="read(1150) " fcode="read"/>
<opset="exp_buf_15_reload_read/1 "/>
</bind>
</comp>

<comp id="128" class="1004" name="exp_buf_14_reload_read_read_fu_128">
<pin_list>
<pin id="129" dir="0" index="0" bw="16" slack="0"/>
<pin id="130" dir="0" index="1" bw="16" slack="0"/>
<pin id="131" dir="1" index="2" bw="16" slack="0"/>
</pin_list>
<bind>
<opcode="read(1150) " fcode="read"/>
<opset="exp_buf_14_reload_read/1 "/>
</bind>
</comp>

<comp id="134" class="1004" name="exp_buf_13_reload_read_read_fu_134">
<pin_list>
<pin id="135" dir="0" index="0" bw="16" slack="0"/>
<pin id="136" dir="0" index="1" bw="16" slack="0"/>
<pin id="137" dir="1" index="2" bw="16" slack="0"/>
</pin_list>
<bind>
<opcode="read(1150) " fcode="read"/>
<opset="exp_buf_13_reload_read/1 "/>
</bind>
</comp>

<comp id="140" class="1004" name="exp_buf_12_reload_read_read_fu_140">
<pin_list>
<pin id="141" dir="0" index="0" bw="16" slack="0"/>
<pin id="142" dir="0" index="1" bw="16" slack="0"/>
<pin id="143" dir="1" index="2" bw="16" slack="0"/>
</pin_list>
<bind>
<opcode="read(1150) " fcode="read"/>
<opset="exp_buf_12_reload_read/1 "/>
</bind>
</comp>

<comp id="146" class="1004" name="exp_buf_11_reload_read_read_fu_146">
<pin_list>
<pin id="147" dir="0" index="0" bw="16" slack="0"/>
<pin id="148" dir="0" index="1" bw="16" slack="0"/>
<pin id="149" dir="1" index="2" bw="16" slack="0"/>
</pin_list>
<bind>
<opcode="read(1150) " fcode="read"/>
<opset="exp_buf_11_reload_read/1 "/>
</bind>
</comp>

<comp id="152" class="1004" name="exp_buf_10_reload_read_read_fu_152">
<pin_list>
<pin id="153" dir="0" index="0" bw="16" slack="0"/>
<pin id="154" dir="0" index="1" bw="16" slack="0"/>
<pin id="155" dir="1" index="2" bw="16" slack="0"/>
</pin_list>
<bind>
<opcode="read(1150) " fcode="read"/>
<opset="exp_buf_10_reload_read/1 "/>
</bind>
</comp>

<comp id="158" class="1004" name="exp_buf_9_reload_read_read_fu_158">
<pin_list>
<pin id="159" dir="0" index="0" bw="16" slack="0"/>
<pin id="160" dir="0" index="1" bw="16" slack="0"/>
<pin id="161" dir="1" index="2" bw="16" slack="0"/>
</pin_list>
<bind>
<opcode="read(1150) " fcode="read"/>
<opset="exp_buf_9_reload_read/1 "/>
</bind>
</comp>

<comp id="164" class="1004" name="exp_buf_8_reload_read_read_fu_164">
<pin_list>
<pin id="165" dir="0" index="0" bw="16" slack="0"/>
<pin id="166" dir="0" index="1" bw="16" slack="0"/>
<pin id="167" dir="1" index="2" bw="16" slack="0"/>
</pin_list>
<bind>
<opcode="read(1150) " fcode="read"/>
<opset="exp_buf_8_reload_read/1 "/>
</bind>
</comp>

<comp id="170" class="1004" name="exp_buf_7_reload_read_read_fu_170">
<pin_list>
<pin id="171" dir="0" index="0" bw="16" slack="0"/>
<pin id="172" dir="0" index="1" bw="16" slack="0"/>
<pin id="173" dir="1" index="2" bw="16" slack="0"/>
</pin_list>
<bind>
<opcode="read(1150) " fcode="read"/>
<opset="exp_buf_7_reload_read/1 "/>
</bind>
</comp>

<comp id="176" class="1004" name="exp_buf_6_reload_read_read_fu_176">
<pin_list>
<pin id="177" dir="0" index="0" bw="16" slack="0"/>
<pin id="178" dir="0" index="1" bw="16" slack="0"/>
<pin id="179" dir="1" index="2" bw="16" slack="0"/>
</pin_list>
<bind>
<opcode="read(1150) " fcode="read"/>
<opset="exp_buf_6_reload_read/1 "/>
</bind>
</comp>

<comp id="182" class="1004" name="exp_buf_5_reload_read_read_fu_182">
<pin_list>
<pin id="183" dir="0" index="0" bw="16" slack="0"/>
<pin id="184" dir="0" index="1" bw="16" slack="0"/>
<pin id="185" dir="1" index="2" bw="16" slack="0"/>
</pin_list>
<bind>
<opcode="read(1150) " fcode="read"/>
<opset="exp_buf_5_reload_read/1 "/>
</bind>
</comp>

<comp id="188" class="1004" name="exp_buf_4_reload_read_read_fu_188">
<pin_list>
<pin id="189" dir="0" index="0" bw="16" slack="0"/>
<pin id="190" dir="0" index="1" bw="16" slack="0"/>
<pin id="191" dir="1" index="2" bw="16" slack="0"/>
</pin_list>
<bind>
<opcode="read(1150) " fcode="read"/>
<opset="exp_buf_4_reload_read/1 "/>
</bind>
</comp>

<comp id="194" class="1004" name="exp_buf_3_reload_read_read_fu_194">
<pin_list>
<pin id="195" dir="0" index="0" bw="16" slack="0"/>
<pin id="196" dir="0" index="1" bw="16" slack="0"/>
<pin id="197" dir="1" index="2" bw="16" slack="0"/>
</pin_list>
<bind>
<opcode="read(1150) " fcode="read"/>
<opset="exp_buf_3_reload_read/1 "/>
</bind>
</comp>

<comp id="200" class="1004" name="exp_buf_2_reload_read_read_fu_200">
<pin_list>
<pin id="201" dir="0" index="0" bw="16" slack="0"/>
<pin id="202" dir="0" index="1" bw="16" slack="0"/>
<pin id="203" dir="1" index="2" bw="16" slack="0"/>
</pin_list>
<bind>
<opcode="read(1150) " fcode="read"/>
<opset="exp_buf_2_reload_read/1 "/>
</bind>
</comp>

<comp id="206" class="1004" name="exp_buf_1_reload_read_read_fu_206">
<pin_list>
<pin id="207" dir="0" index="0" bw="16" slack="0"/>
<pin id="208" dir="0" index="1" bw="16" slack="0"/>
<pin id="209" dir="1" index="2" bw="16" slack="0"/>
</pin_list>
<bind>
<opcode="read(1150) " fcode="read"/>
<opset="exp_buf_1_reload_read/1 "/>
</bind>
</comp>

<comp id="212" class="1004" name="exp_buf_reload_read_read_fu_212">
<pin_list>
<pin id="213" dir="0" index="0" bw="16" slack="0"/>
<pin id="214" dir="0" index="1" bw="16" slack="0"/>
<pin id="215" dir="1" index="2" bw="16" slack="0"/>
</pin_list>
<bind>
<opcode="read(1150) " fcode="read"/>
<opset="exp_buf_reload_read/1 "/>
</bind>
</comp>

<comp id="218" class="1004" name="soft_out_addr_gep_fu_218">
<pin_list>
<pin id="219" dir="0" index="0" bw="15" slack="0"/>
<pin id="220" dir="0" index="1" bw="1" slack="0"/>
<pin id="221" dir="0" index="2" bw="5" slack="0"/>
<pin id="222" dir="1" index="3" bw="4" slack="0"/>
</pin_list>
<bind>
<opcode="getelementptr(29) " fcode="getelementptr"/>
<opset="soft_out_addr/1 "/>
</bind>
</comp>

<comp id="225" class="1004" name="store_ln272_access_fu_225">
<pin_list>
<pin id="226" dir="0" index="0" bw="4" slack="0"/>
<pin id="227" dir="0" index="1" bw="15" slack="0"/>
<pin id="228" dir="0" index="2" bw="0" slack="2147483647"/>
<pin id="229" dir="1" index="3" bw="15" slack="2147483647"/>
</pin_list>
<bind>
<opcode="store(28) " fcode="store"/>
<opset="store_ln272/1 "/>
</bind>
</comp>

<comp id="231" class="1004" name="mul_ln268_fu_231">
<pin_list>
<pin id="232" dir="0" index="0" bw="31" slack="0"/>
<pin id="233" dir="0" index="1" bw="16" slack="0"/>
<pin id="234" dir="1" index="2" bw="31" slack="0"/>
</pin_list>
<bind>
<opcode="mul(12) " fcode="mul"/>
<opset="mul_ln268/1 "/>
</bind>
</comp>

<comp id="236" class="1004" name="store_ln266_store_fu_236">
<pin_list>
<pin id="237" dir="0" index="0" bw="1" slack="0"/>
<pin id="238" dir="0" index="1" bw="5" slack="0"/>
<pin id="239" dir="1" index="2" bw="0" slack="2147483647"/>
</pin_list>
<bind>
<opcode="store(28) " fcode="store"/>
<opset="store_ln266/1 "/>
</bind>
</comp>

<comp id="241" class="1004" name="i_6_load_fu_241">
<pin_list>
<pin id="242" dir="0" index="0" bw="5" slack="0"/>
<pin id="243" dir="1" index="1" bw="5" slack="0"/>
</pin_list>
<bind>
<opcode="load(27) " fcode="load"/>
<opset="i_6/1 "/>
</bind>
</comp>

<comp id="244" class="1004" name="icmp_ln266_fu_244">
<pin_list>
<pin id="245" dir="0" index="0" bw="5" slack="0"/>
<pin id="246" dir="0" index="1" bw="5" slack="0"/>
<pin id="247" dir="1" index="2" bw="1" slack="2147483647"/>
</pin_list>
<bind>
<opcode="icmp(45) " fcode="icmp"/>
<opset="icmp_ln266/1 "/>
</bind>
</comp>

<comp id="250" class="1004" name="add_ln266_fu_250">
<pin_list>
<pin id="251" dir="0" index="0" bw="5" slack="0"/>
<pin id="252" dir="0" index="1" bw="1" slack="0"/>
<pin id="253" dir="1" index="2" bw="5" slack="0"/>
</pin_list>
<bind>
<opcode="add(8) " fcode="add"/>
<opset="add_ln266/1 "/>
</bind>
</comp>

<comp id="256" class="1004" name="zext_ln266_fu_256">
<pin_list>
<pin id="257" dir="0" index="0" bw="5" slack="0"/>
<pin id="258" dir="1" index="1" bw="64" slack="0"/>
</pin_list>
<bind>
<opcode="zext(34) " fcode="zext"/>
<opset="zext_ln266/1 "/>
</bind>
</comp>

<comp id="261" class="1004" name="trunc_ln266_fu_261">
<pin_list>
<pin id="262" dir="0" index="0" bw="5" slack="0"/>
<pin id="263" dir="1" index="1" bw="4" slack="0"/>
</pin_list>
<bind>
<opcode="trunc(33) " fcode="trunc"/>
<opset="trunc_ln266/1 "/>
</bind>
</comp>

<comp id="265" class="1004" name="tmp_fu_265">
<pin_list>
<pin id="266" dir="0" index="0" bw="16" slack="0"/>
<pin id="267" dir="0" index="1" bw="4" slack="0"/>
<pin id="268" dir="0" index="2" bw="16" slack="0"/>
<pin id="269" dir="0" index="3" bw="4" slack="0"/>
<pin id="270" dir="0" index="4" bw="16" slack="0"/>
<pin id="271" dir="0" index="5" bw="4" slack="0"/>
<pin id="272" dir="0" index="6" bw="16" slack="0"/>
<pin id="273" dir="0" index="7" bw="4" slack="0"/>
<pin id="274" dir="0" index="8" bw="16" slack="0"/>
<pin id="275" dir="0" index="9" bw="4" slack="0"/>
<pin id="276" dir="0" index="10" bw="16" slack="0"/>
<pin id="277" dir="0" index="11" bw="4" slack="0"/>
<pin id="278" dir="0" index="12" bw="16" slack="0"/>
<pin id="279" dir="0" index="13" bw="4" slack="0"/>
<pin id="280" dir="0" index="14" bw="16" slack="0"/>
<pin id="281" dir="0" index="15" bw="4" slack="0"/>
<pin id="282" dir="0" index="16" bw="16" slack="0"/>
<pin id="283" dir="0" index="17" bw="4" slack="0"/>
<pin id="284" dir="0" index="18" bw="16" slack="0"/>
<pin id="285" dir="0" index="19" bw="4" slack="0"/>
<pin id="286" dir="0" index="20" bw="16" slack="0"/>
<pin id="287" dir="0" index="21" bw="4" slack="0"/>
<pin id="288" dir="0" index="22" bw="16" slack="0"/>
<pin id="289" dir="0" index="23" bw="4" slack="0"/>
<pin id="290" dir="0" index="24" bw="16" slack="0"/>
<pin id="291" dir="0" index="25" bw="4" slack="0"/>
<pin id="292" dir="0" index="26" bw="16" slack="0"/>
<pin id="293" dir="0" index="27" bw="4" slack="0"/>
<pin id="294" dir="0" index="28" bw="16" slack="0"/>
<pin id="295" dir="0" index="29" bw="4" slack="0"/>
<pin id="296" dir="0" index="30" bw="16" slack="0"/>
<pin id="297" dir="0" index="31" bw="4" slack="0"/>
<pin id="298" dir="0" index="32" bw="16" slack="0"/>
<pin id="299" dir="0" index="33" bw="16" slack="0"/>
<pin id="300" dir="0" index="34" bw="4" slack="0"/>
<pin id="301" dir="1" index="35" bw="16" slack="0"/>
</pin_list>
<bind>
<opcode="sparsemux(1197) " fcode="sparsemux"/>
<opset="tmp/1 "/>
</bind>
</comp>

<comp id="337" class="1004" name="zext_ln268_fu_337">
<pin_list>
<pin id="338" dir="0" index="0" bw="16" slack="0"/>
<pin id="339" dir="1" index="1" bw="31" slack="0"/>
</pin_list>
<bind>
<opcode="zext(34) " fcode="zext"/>
<opset="zext_ln268/1 "/>
</bind>
</comp>

<comp id="342" class="1004" name="trunc_ln269_1_fu_342">
<pin_list>
<pin id="343" dir="0" index="0" bw="15" slack="0"/>
<pin id="344" dir="0" index="1" bw="31" slack="0"/>
<pin id="345" dir="0" index="2" bw="5" slack="0"/>
<pin id="346" dir="0" index="3" bw="6" slack="0"/>
<pin id="347" dir="1" index="4" bw="15" slack="0"/>
</pin_list>
<bind>
<opcode="partselect(1002) " fcode="partselect"/>
<opset="trunc_ln269_1/1 "/>
</bind>
</comp>

<comp id="352" class="1004" name="tmp_5_fu_352">
<pin_list>
<pin id="353" dir="0" index="0" bw="1" slack="0"/>
<pin id="354" dir="0" index="1" bw="31" slack="0"/>
<pin id="355" dir="0" index="2" bw="6" slack="0"/>
<pin id="356" dir="1" index="3" bw="1" slack="0"/>
</pin_list>
<bind>
<opcode="bitselect(1000) " fcode="bitselect"/>
<opset="tmp_5/1 "/>
</bind>
</comp>

<comp id="360" class="1004" name="prob_q15_fu_360">
<pin_list>
<pin id="361" dir="0" index="0" bw="1" slack="0"/>
<pin id="362" dir="0" index="1" bw="1" slack="0"/>
<pin id="363" dir="0" index="2" bw="15" slack="0"/>
<pin id="364" dir="1" index="3" bw="15" slack="0"/>
</pin_list>
<bind>
<opcode="select(49) " fcode="select"/>
<opset="prob_q15/1 "/>
</bind>
</comp>

<comp id="369" class="1004" name="store_ln266_store_fu_369">
<pin_list>
<pin id="370" dir="0" index="0" bw="5" slack="0"/>
<pin id="371" dir="0" index="1" bw="5" slack="0"/>
<pin id="372" dir="1" index="2" bw="0" slack="2147483647"/>
</pin_list>
<bind>
<opcode="store(28) " fcode="store"/>
<opset="store_ln266/1 "/>
</bind>
</comp>

<comp id="374" class="1005" name="i_reg_374">
<pin_list>
<pin id="375" dir="0" index="0" bw="5" slack="0"/>
<pin id="376" dir="1" index="1" bw="5" slack="0"/>
</pin_list>
<bind>
<opset="i "/>
</bind>
</comp>

</comp_list>

<net_list>
<net id="115"><net_src comp="36" pin="0"/><net_sink comp="112" pin=0"/></net>

<net id="120"><net_src comp="38" pin="0"/><net_sink comp="116" pin=0"/></net>

<net id="121"><net_src comp="32" pin="0"/><net_sink comp="116" pin=1"/></net>

<net id="126"><net_src comp="40" pin="0"/><net_sink comp="122" pin=0"/></net>

<net id="127"><net_src comp="30" pin="0"/><net_sink comp="122" pin=1"/></net>

<net id="132"><net_src comp="40" pin="0"/><net_sink comp="128" pin=0"/></net>

<net id="133"><net_src comp="28" pin="0"/><net_sink comp="128" pin=1"/></net>

<net id="138"><net_src comp="40" pin="0"/><net_sink comp="134" pin=0"/></net>

<net id="139"><net_src comp="26" pin="0"/><net_sink comp="134" pin=1"/></net>

<net id="144"><net_src comp="40" pin="0"/><net_sink comp="140" pin=0"/></net>

<net id="145"><net_src comp="24" pin="0"/><net_sink comp="140" pin=1"/></net>

<net id="150"><net_src comp="40" pin="0"/><net_sink comp="146" pin=0"/></net>

<net id="151"><net_src comp="22" pin="0"/><net_sink comp="146" pin=1"/></net>

<net id="156"><net_src comp="40" pin="0"/><net_sink comp="152" pin=0"/></net>

<net id="157"><net_src comp="20" pin="0"/><net_sink comp="152" pin=1"/></net>

<net id="162"><net_src comp="40" pin="0"/><net_sink comp="158" pin=0"/></net>

<net id="163"><net_src comp="18" pin="0"/><net_sink comp="158" pin=1"/></net>

<net id="168"><net_src comp="40" pin="0"/><net_sink comp="164" pin=0"/></net>

<net id="169"><net_src comp="16" pin="0"/><net_sink comp="164" pin=1"/></net>

<net id="174"><net_src comp="40" pin="0"/><net_sink comp="170" pin=0"/></net>

<net id="175"><net_src comp="14" pin="0"/><net_sink comp="170" pin=1"/></net>

<net id="180"><net_src comp="40" pin="0"/><net_sink comp="176" pin=0"/></net>

<net id="181"><net_src comp="12" pin="0"/><net_sink comp="176" pin=1"/></net>

<net id="186"><net_src comp="40" pin="0"/><net_sink comp="182" pin=0"/></net>

<net id="187"><net_src comp="10" pin="0"/><net_sink comp="182" pin=1"/></net>

<net id="192"><net_src comp="40" pin="0"/><net_sink comp="188" pin=0"/></net>

<net id="193"><net_src comp="8" pin="0"/><net_sink comp="188" pin=1"/></net>

<net id="198"><net_src comp="40" pin="0"/><net_sink comp="194" pin=0"/></net>

<net id="199"><net_src comp="6" pin="0"/><net_sink comp="194" pin=1"/></net>

<net id="204"><net_src comp="40" pin="0"/><net_sink comp="200" pin=0"/></net>

<net id="205"><net_src comp="4" pin="0"/><net_sink comp="200" pin=1"/></net>

<net id="210"><net_src comp="40" pin="0"/><net_sink comp="206" pin=0"/></net>

<net id="211"><net_src comp="2" pin="0"/><net_sink comp="206" pin=1"/></net>

<net id="216"><net_src comp="40" pin="0"/><net_sink comp="212" pin=0"/></net>

<net id="217"><net_src comp="0" pin="0"/><net_sink comp="212" pin=1"/></net>

<net id="223"><net_src comp="34" pin="0"/><net_sink comp="218" pin=0"/></net>

<net id="224"><net_src comp="110" pin="0"/><net_sink comp="218" pin=1"/></net>

<net id="230"><net_src comp="218" pin="3"/><net_sink comp="225" pin=0"/></net>

<net id="235"><net_src comp="116" pin="2"/><net_sink comp="231" pin=0"/></net>

<net id="240"><net_src comp="42" pin="0"/><net_sink comp="236" pin=0"/></net>

<net id="248"><net_src comp="241" pin="1"/><net_sink comp="244" pin=0"/></net>

<net id="249"><net_src comp="44" pin="0"/><net_sink comp="244" pin=1"/></net>

<net id="254"><net_src comp="241" pin="1"/><net_sink comp="250" pin=0"/></net>

<net id="255"><net_src comp="46" pin="0"/><net_sink comp="250" pin=1"/></net>

<net id="259"><net_src comp="241" pin="1"/><net_sink comp="256" pin=0"/></net>

<net id="260"><net_src comp="256" pin="1"/><net_sink comp="218" pin=2"/></net>

<net id="264"><net_src comp="241" pin="1"/><net_sink comp="261" pin=0"/></net>

<net id="302"><net_src comp="62" pin="0"/><net_sink comp="265" pin=0"/></net>

<net id="303"><net_src comp="64" pin="0"/><net_sink comp="265" pin=1"/></net>

<net id="304"><net_src comp="212" pin="2"/><net_sink comp="265" pin=2"/></net>

<net id="305"><net_src comp="66" pin="0"/><net_sink comp="265" pin=3"/></net>

<net id="306"><net_src comp="206" pin="2"/><net_sink comp="265" pin=4"/></net>

<net id="307"><net_src comp="68" pin="0"/><net_sink comp="265" pin=5"/></net>

<net id="308"><net_src comp="200" pin="2"/><net_sink comp="265" pin=6"/></net>

<net id="309"><net_src comp="70" pin="0"/><net_sink comp="265" pin=7"/></net>

<net id="310"><net_src comp="194" pin="2"/><net_sink comp="265" pin=8"/></net>

<net id="311"><net_src comp="72" pin="0"/><net_sink comp="265" pin=9"/></net>

<net id="312"><net_src comp="188" pin="2"/><net_sink comp="265" pin=10"/></net>

<net id="313"><net_src comp="74" pin="0"/><net_sink comp="265" pin=11"/></net>

<net id="314"><net_src comp="182" pin="2"/><net_sink comp="265" pin=12"/></net>

<net id="315"><net_src comp="76" pin="0"/><net_sink comp="265" pin=13"/></net>

<net id="316"><net_src comp="176" pin="2"/><net_sink comp="265" pin=14"/></net>

<net id="317"><net_src comp="78" pin="0"/><net_sink comp="265" pin=15"/></net>

<net id="318"><net_src comp="170" pin="2"/><net_sink comp="265" pin=16"/></net>

<net id="319"><net_src comp="80" pin="0"/><net_sink comp="265" pin=17"/></net>

<net id="320"><net_src comp="164" pin="2"/><net_sink comp="265" pin=18"/></net>

<net id="321"><net_src comp="82" pin="0"/><net_sink comp="265" pin=19"/></net>

<net id="322"><net_src comp="158" pin="2"/><net_sink comp="265" pin=20"/></net>

<net id="323"><net_src comp="84" pin="0"/><net_sink comp="265" pin=21"/></net>

<net id="324"><net_src comp="152" pin="2"/><net_sink comp="265" pin=22"/></net>

<net id="325"><net_src comp="86" pin="0"/><net_sink comp="265" pin=23"/></net>

<net id="326"><net_src comp="146" pin="2"/><net_sink comp="265" pin=24"/></net>

<net id="327"><net_src comp="88" pin="0"/><net_sink comp="265" pin=25"/></net>

<net id="328"><net_src comp="140" pin="2"/><net_sink comp="265" pin=26"/></net>

<net id="329"><net_src comp="90" pin="0"/><net_sink comp="265" pin=27"/></net>

<net id="330"><net_src comp="134" pin="2"/><net_sink comp="265" pin=28"/></net>

<net id="331"><net_src comp="92" pin="0"/><net_sink comp="265" pin=29"/></net>

<net id="332"><net_src comp="128" pin="2"/><net_sink comp="265" pin=30"/></net>

<net id="333"><net_src comp="94" pin="0"/><net_sink comp="265" pin=31"/></net>

<net id="334"><net_src comp="122" pin="2"/><net_sink comp="265" pin=32"/></net>

<net id="335"><net_src comp="96" pin="0"/><net_sink comp="265" pin=33"/></net>

<net id="336"><net_src comp="261" pin="1"/><net_sink comp="265" pin=34"/></net>

<net id="340"><net_src comp="265" pin="35"/><net_sink comp="337" pin=0"/></net>

<net id="341"><net_src comp="337" pin="1"/><net_sink comp="231" pin=1"/></net>

<net id="348"><net_src comp="98" pin="0"/><net_sink comp="342" pin=0"/></net>

<net id="349"><net_src comp="231" pin="2"/><net_sink comp="342" pin=1"/></net>

<net id="350"><net_src comp="100" pin="0"/><net_sink comp="342" pin=2"/></net>

<net id="351"><net_src comp="102" pin="0"/><net_sink comp="342" pin=3"/></net>

<net id="357"><net_src comp="104" pin="0"/><net_sink comp="352" pin=0"/></net>

<net id="358"><net_src comp="231" pin="2"/><net_sink comp="352" pin=1"/></net>

<net id="359"><net_src comp="106" pin="0"/><net_sink comp="352" pin=2"/></net>

<net id="365"><net_src comp="352" pin="3"/><net_sink comp="360" pin=0"/></net>

<net id="366"><net_src comp="108" pin="0"/><net_sink comp="360" pin=1"/></net>

<net id="367"><net_src comp="342" pin="4"/><net_sink comp="360" pin=2"/></net>

<net id="368"><net_src comp="360" pin="3"/><net_sink comp="225" pin=1"/></net>

<net id="373"><net_src comp="250" pin="2"/><net_sink comp="369" pin=0"/></net>

<net id="377"><net_src comp="112" pin="1"/><net_sink comp="374" pin=0"/></net>

<net id="378"><net_src comp="374" pin="1"/><net_sink comp="236" pin=1"/></net>

<net id="379"><net_src comp="374" pin="1"/><net_sink comp="241" pin=0"/></net>

<net id="380"><net_src comp="374" pin="1"/><net_sink comp="369" pin=1"/></net>

</net_list>

</model> 
---------------- Datapath Model END ------------------

* FSMD analyzer results:
  - Output states:
	Port: soft_out | {1 }
 - Input state : 
	Port: SOFTMAX_Pipeline_VITIS_LOOP_266_3 : exp_buf_reload | {1 }
	Port: SOFTMAX_Pipeline_VITIS_LOOP_266_3 : exp_buf_1_reload | {1 }
	Port: SOFTMAX_Pipeline_VITIS_LOOP_266_3 : exp_buf_2_reload | {1 }
	Port: SOFTMAX_Pipeline_VITIS_LOOP_266_3 : exp_buf_3_reload | {1 }
	Port: SOFTMAX_Pipeline_VITIS_LOOP_266_3 : exp_buf_4_reload | {1 }
	Port: SOFTMAX_Pipeline_VITIS_LOOP_266_3 : exp_buf_5_reload | {1 }
	Port: SOFTMAX_Pipeline_VITIS_LOOP_266_3 : exp_buf_6_reload | {1 }
	Port: SOFTMAX_Pipeline_VITIS_LOOP_266_3 : exp_buf_7_reload | {1 }
	Port: SOFTMAX_Pipeline_VITIS_LOOP_266_3 : exp_buf_8_reload | {1 }
	Port: SOFTMAX_Pipeline_VITIS_LOOP_266_3 : exp_buf_9_reload | {1 }
	Port: SOFTMAX_Pipeline_VITIS_LOOP_266_3 : exp_buf_10_reload | {1 }
	Port: SOFTMAX_Pipeline_VITIS_LOOP_266_3 : exp_buf_11_reload | {1 }
	Port: SOFTMAX_Pipeline_VITIS_LOOP_266_3 : exp_buf_12_reload | {1 }
	Port: SOFTMAX_Pipeline_VITIS_LOOP_266_3 : exp_buf_13_reload | {1 }
	Port: SOFTMAX_Pipeline_VITIS_LOOP_266_3 : exp_buf_14_reload | {1 }
	Port: SOFTMAX_Pipeline_VITIS_LOOP_266_3 : exp_buf_15_reload | {1 }
	Port: SOFTMAX_Pipeline_VITIS_LOOP_266_3 : inv_sum_q15_1 | {1 }
  - Chain level:
	State 1
		store_ln266 : 1
		i_6 : 1
		icmp_ln266 : 2
		add_ln266 : 2
		br_ln266 : 3
		zext_ln266 : 2
		trunc_ln266 : 2
		tmp : 3
		zext_ln268 : 4
		mul_ln268 : 5
		trunc_ln269_1 : 6
		tmp_5 : 6
		prob_q15 : 7
		soft_out_addr : 3
		store_ln272 : 8
		store_ln266 : 3


============================================================
+ Verbose Summary: Datapath Resource usage 
============================================================

* Functional unit list:
|----------|------------------------------------|---------|---------|---------|
| Operation|           Functional Unit          |   DSP   |    FF   |   LUT   |
|----------|------------------------------------|---------|---------|---------|
| sparsemux|             tmp_fu_265             |    0    |    0    |    65   |
|----------|------------------------------------|---------|---------|---------|
|    mul   |          mul_ln268_fu_231          |    2    |    0    |    20   |
|----------|------------------------------------|---------|---------|---------|
|  select  |           prob_q15_fu_360          |    0    |    0    |    15   |
|----------|------------------------------------|---------|---------|---------|
|   icmp   |          icmp_ln266_fu_244         |    0    |    0    |    12   |
|----------|------------------------------------|---------|---------|---------|
|    add   |          add_ln266_fu_250          |    0    |    0    |    12   |
|----------|------------------------------------|---------|---------|---------|
|          |   inv_sum_q15_1_read_read_fu_116   |    0    |    0    |    0    |
|          | exp_buf_15_reload_read_read_fu_122 |    0    |    0    |    0    |
|          | exp_buf_14_reload_read_read_fu_128 |    0    |    0    |    0    |
|          | exp_buf_13_reload_read_read_fu_134 |    0    |    0    |    0    |
|          | exp_buf_12_reload_read_read_fu_140 |    0    |    0    |    0    |
|          | exp_buf_11_reload_read_read_fu_146 |    0    |    0    |    0    |
|          | exp_buf_10_reload_read_read_fu_152 |    0    |    0    |    0    |
|          |  exp_buf_9_reload_read_read_fu_158 |    0    |    0    |    0    |
|   read   |  exp_buf_8_reload_read_read_fu_164 |    0    |    0    |    0    |
|          |  exp_buf_7_reload_read_read_fu_170 |    0    |    0    |    0    |
|          |  exp_buf_6_reload_read_read_fu_176 |    0    |    0    |    0    |
|          |  exp_buf_5_reload_read_read_fu_182 |    0    |    0    |    0    |
|          |  exp_buf_4_reload_read_read_fu_188 |    0    |    0    |    0    |
|          |  exp_buf_3_reload_read_read_fu_194 |    0    |    0    |    0    |
|          |  exp_buf_2_reload_read_read_fu_200 |    0    |    0    |    0    |
|          |  exp_buf_1_reload_read_read_fu_206 |    0    |    0    |    0    |
|          |   exp_buf_reload_read_read_fu_212  |    0    |    0    |    0    |
|----------|------------------------------------|---------|---------|---------|
|   zext   |          zext_ln266_fu_256         |    0    |    0    |    0    |
|          |          zext_ln268_fu_337         |    0    |    0    |    0    |
|----------|------------------------------------|---------|---------|---------|
|   trunc  |         trunc_ln266_fu_261         |    0    |    0    |    0    |
|----------|------------------------------------|---------|---------|---------|
|partselect|        trunc_ln269_1_fu_342        |    0    |    0    |    0    |
|----------|------------------------------------|---------|---------|---------|
| bitselect|            tmp_5_fu_352            |    0    |    0    |    0    |
|----------|------------------------------------|---------|---------|---------|
|   Total  |                                    |    2    |    0    |   124   |
|----------|------------------------------------|---------|---------|---------|

Memories:
N/A

* Register list:
+---------+--------+
|         |   FF   |
+---------+--------+
|i_reg_374|    5   |
+---------+--------+
|  Total  |    5   |
+---------+--------+

* Multiplexer (MUX) list: 
|--------|------|------|------|--------|
|  Comp  |  Pin | Size |  BW  | S x BW |
|--------|------|------|------|--------|
|  Total |      |      |      |    0   |
|--------|------|------|------|--------|



* Summary:
+-----------+--------+--------+--------+
|           |   DSP  |   FF   |   LUT  |
+-----------+--------+--------+--------+
|  Function |    2   |    0   |   124  |
|   Memory  |    -   |    -   |    -   |
|Multiplexer|    -   |    -   |    -   |
|  Register |    -   |    5   |    -   |
+-----------+--------+--------+--------+
|   Total   |    2   |    5   |   124  |
+-----------+--------+--------+--------+
